
Note: Compatibility modes selected: hs a


Circuit: * comparator-decision kickback disturbance -- variant=ideal rs=0ohm vindiff=50.0mv corner=tt temp=27.0c (issue #26)

option SCALE: Scale is set to 1e-06 for instance and model parameters
option SCALE: Scale is set to 1e-06 for instance and model parameters
option SCALE: Scale is set to 1e-06 for instance and model parameters
option SCALE: Scale is set to 1e-06 for instance and model parameters
Doing analysis at TEMP = 27.000000 and TNOM = 27.000000

Using KLU as Direct Linear Solver
 Reference value :  0.00000e+00
 Reference value :  2.64000e-11
 Reference value :  4.69640e-09
 Reference value :  6.94250e-09
 Reference value :  1.15325e-08
 Reference value :  1.63975e-08
 Reference value :  1.73225e-08
 Reference value :  2.04525e-08
 Reference value :  2.23175e-08
 Reference value :  2.70925e-08
 Reference value :  3.08375e-08
 Reference value :  3.41075e-08
 Reference value :  3.89475e-08
 Reference value :  4.04225e-08
 Reference value :  4.34025e-08
No. of Data Rows : 9034
Note: Simulation executed from .control section 
