
Note: Compatibility modes selected: hs a


Circuit: * comparator-decision kickback disturbance -- variant=loaded rs=1000ohm vindiff=50.0mv corner=tt temp=27.0c (issue #26)

option SCALE: Scale is set to 1e-06 for instance and model parameters
option SCALE: Scale is set to 1e-06 for instance and model parameters
option SCALE: Scale is set to 1e-06 for instance and model parameters
option SCALE: Scale is set to 1e-06 for instance and model parameters
Doing analysis at TEMP = 27.000000 and TNOM = 27.000000

Using KLU as Direct Linear Solver
 Reference value :  0.00000e+00
 Reference value :  1.20640e-09
 Reference value :  1.66640e-09
 Reference value :  1.69140e-09
 Reference value :  1.71140e-09
 Reference value :  1.89140e-09
 Reference value :  3.81140e-09
 Reference value :  6.07250e-09
 Reference value :  8.18250e-09
 Reference value :  9.62250e-09
 Reference value :  1.22625e-08
 Reference value :  1.38325e-08
 Reference value :  1.59025e-08
 Reference value :  1.90725e-08
 Reference value :  2.12025e-08
 Reference value :  2.35875e-08
 Reference value :  2.45125e-08
 Reference value :  2.63275e-08
 Reference value :  2.66275e-08
 Reference value :  2.66475e-08
 Reference value :  2.66675e-08
 Reference value :  2.66875e-08
 Reference value :  2.67025e-08
 Reference value :  2.67225e-08
 Reference value :  2.67425e-08
 Reference value :  2.70875e-08
 Reference value :  2.85975e-08
 Reference value :  3.23575e-08
 Reference value :  3.48775e-08
 Reference value :  3.96325e-08
 Reference value :  4.35175e-08
 Reference value :  4.46275e-08
No. of Data Rows : 9034
Note: Simulation executed from .control section 
