
Note: Compatibility modes selected: hs a


Circuit: * comparator-decision input-referred noise (reduced sub-model of the dr-004 static preamplifier: preamp tail (gate at vdd) + input pair + both poly loads + both out1 absorber mos caps, all re-emitted verbatim from the committed fragment; everything past the preamp outputs (steering pair, latch tail, cross-coupled pmos, reset pmos) omitted -- that is the loop break. unlike the pre-dr-004 integration-phase proxy (diode-connected stand-in loads on a dynamic input stage), this stage holds its own real continuous dc operating point; noise taken at v(outp1,outn1)) corner=tt temp=27.0c supply=1.8v (issue #9)

option SCALE: Scale is set to 1e-06 for instance and model parameters
option SCALE: Scale is set to 1e-06 for instance and model parameters
option SCALE: Scale is set to 1e-06 for instance and model parameters
option SCALE: Scale is set to 1e-06 for instance and model parameters
Doing analysis at TEMP = 27.000000 and TNOM = 27.000000

Using SPARSE 1.3 as Direct Linear Solver
 Reference value :  0.00000e+00
No. of Data Rows : 1
v(tailp) = 1.793542e-01
v(outp1) = 1.177189e+00
v(outn1) = 1.177189e+00
Doing analysis at TEMP = 27.000000 and TNOM = 27.000000

Using SPARSE 1.3 as Direct Linear Solver

No. of Data Rows : 7

No. of Data Rows : 1
inoise_total = 4.033674e-04
onoise_total = 1.202271e-03
Note: Simulation executed from .control section 
