
Note: Compatibility modes selected: hs a


Circuit: * comparator-decision reset-integrity check -- variant=as-drawn corner=tt temp=27.0c supply=1.8v (issue #24)

option SCALE: Scale is set to 1e-06 for instance and model parameters
option SCALE: Scale is set to 1e-06 for instance and model parameters
option SCALE: Scale is set to 1e-06 for instance and model parameters
option SCALE: Scale is set to 1e-06 for instance and model parameters
Doing analysis at TEMP = 27.000000 and TNOM = 27.000000

Using KLU as Direct Linear Solver
Operating point simulation skipped by 'uic',
  now using transient initial conditions.
 Reference value :  5.00000e-14
 Reference value :  5.98000e-14
 Reference value :  1.38200e-13
 Reference value :  7.65400e-13
 Reference value :  1.99653e-12
 Reference value :  4.01389e-12
 Reference value :  5.59167e-12
 Reference value :  1.11139e-11
 Reference value :  2.61139e-11
 Reference value :  4.11139e-11
 Reference value :  6.11139e-11
 Reference value :  8.11139e-11
 Reference value :  9.61139e-11
 Reference value :  1.16114e-10
 Reference value :  1.36114e-10
 Reference value :  1.56114e-10
 Reference value :  1.71114e-10
 Reference value :  1.91114e-10
 Reference value :  2.16114e-10
 Reference value :  2.41114e-10
 Reference value :  2.56114e-10
 Reference value :  2.71114e-10
 Reference value :  2.96114e-10
 Reference value :  3.21114e-10
 Reference value :  3.46114e-10
 Reference value :  3.76114e-10
 Reference value :  3.96114e-10
 Reference value :  4.16114e-10
 Reference value :  4.41114e-10
 Reference value :  4.66114e-10
 Reference value :  4.91114e-10
 Reference value :  5.11114e-10
 Reference value :  5.36114e-10
 Reference value :  5.61114e-10
 Reference value :  5.81114e-10
 Reference value :  6.06114e-10
 Reference value :  6.26114e-10
 Reference value :  6.51114e-10
 Reference value :  6.71114e-10
 Reference value :  6.91114e-10
 Reference value :  7.06114e-10
 Reference value :  7.26114e-10
 Reference value :  7.46114e-10
 Reference value :  7.66114e-10
 Reference value :  7.86114e-10
 Reference value :  8.06114e-10
 Reference value :  8.26114e-10
 Reference value :  8.46114e-10
 Reference value :  8.66114e-10
 Reference value :  8.91114e-10
 Reference value :  9.11114e-10
 Reference value :  9.36114e-10
 Reference value :  9.61114e-10
 Reference value :  9.86114e-10
 Reference value :  1.00611e-09
 Reference value :  1.02611e-09
 Reference value :  1.05111e-09
 Reference value :  1.07111e-09
 Reference value :  1.09111e-09
 Reference value :  1.11111e-09
 Reference value :  1.13111e-09
 Reference value :  1.15111e-09
 Reference value :  1.16611e-09
 Reference value :  1.18611e-09
 Reference value :  1.20611e-09
 Reference value :  1.22611e-09
 Reference value :  1.24111e-09
 Reference value :  1.26111e-09
 Reference value :  1.28111e-09
 Reference value :  1.30611e-09
 Reference value :  1.33111e-09
 Reference value :  1.34611e-09
 Reference value :  1.37111e-09
 Reference value :  1.39111e-09
 Reference value :  1.41111e-09
 Reference value :  1.43111e-09
 Reference value :  1.45111e-09
 Reference value :  1.47111e-09
 Reference value :  1.49611e-09
 Reference value :  1.52111e-09
 Reference value :  1.54111e-09
 Reference value :  1.56611e-09
 Reference value :  1.59111e-09
 Reference value :  1.61111e-09
 Reference value :  1.63611e-09
 Reference value :  1.65111e-09
 Reference value :  1.67111e-09
 Reference value :  1.69111e-09
 Reference value :  1.71111e-09
 Reference value :  1.72611e-09
 Reference value :  1.74111e-09
 Reference value :  1.75611e-09
 Reference value :  1.78111e-09
 Reference value :  1.80611e-09
 Reference value :  1.82611e-09
 Reference value :  1.85111e-09
 Reference value :  1.86611e-09
 Reference value :  1.88611e-09
 Reference value :  1.90611e-09
 Reference value :  1.93111e-09
 Reference value :  1.95611e-09
 Reference value :  1.97611e-09
 Reference value :  3.92611e-09
 Reference value :  3.94611e-09
 Reference value :  3.97111e-09
 Reference value :  3.99111e-09
 Reference value :  4.01611e-09
 Reference value :  4.03611e-09
 Reference value :  4.06111e-09
 Reference value :  4.08111e-09
 Reference value :  4.10611e-09
 Reference value :  4.13611e-09
 Reference value :  4.15611e-09
 Reference value :  4.17611e-09
 Reference value :  4.19611e-09
 Reference value :  4.21611e-09
 Reference value :  4.24111e-09
 Reference value :  4.26611e-09
 Reference value :  4.29111e-09
 Reference value :  4.31111e-09
 Reference value :  4.33111e-09
 Reference value :  4.35111e-09
 Reference value :  4.37611e-09
 Reference value :  4.39611e-09
 Reference value :  4.42111e-09
 Reference value :  4.44611e-09
 Reference value :  4.47111e-09
 Reference value :  4.49111e-09
 Reference value :  4.51111e-09
 Reference value :  4.53111e-09
 Reference value :  4.54611e-09
 Reference value :  4.56111e-09
 Reference value :  4.58111e-09
 Reference value :  4.60111e-09
 Reference value :  4.62111e-09
 Reference value :  4.64111e-09
 Reference value :  4.66111e-09
 Reference value :  4.68611e-09
 Reference value :  4.70611e-09
 Reference value :  4.72611e-09
 Reference value :  4.74611e-09
 Reference value :  4.77111e-09
 Reference value :  4.79611e-09
 Reference value :  4.81611e-09
 Reference value :  4.84111e-09
 Reference value :  4.86611e-09
 Reference value :  4.89111e-09
 Reference value :  4.91611e-09
 Reference value :  4.93611e-09
 Reference value :  4.96111e-09
 Reference value :  4.97611e-09
 Reference value :  4.99611e-09
 Reference value :  5.02111e-09
 Reference value :  5.04611e-09
 Reference value :  5.07111e-09
 Reference value :  5.08611e-09
 Reference value :  5.10611e-09
 Reference value :  5.13111e-09
 Reference value :  5.15111e-09
 Reference value :  5.17111e-09
 Reference value :  5.19111e-09
 Reference value :  5.21611e-09
 Reference value :  5.24111e-09
 Reference value :  5.26611e-09
 Reference value :  5.28611e-09
 Reference value :  5.30611e-09
 Reference value :  5.32611e-09
 Reference value :  5.34611e-09
 Reference value :  5.36611e-09
 Reference value :  5.38611e-09
 Reference value :  5.40611e-09
 Reference value :  5.42111e-09
 Reference value :  5.44611e-09
 Reference value :  5.47111e-09
 Reference value :  5.49611e-09
 Reference value :  5.52111e-09
 Reference value :  5.54111e-09
 Reference value :  5.56111e-09
 Reference value :  5.58111e-09
 Reference value :  5.60111e-09
 Reference value :  5.62111e-09
 Reference value :  5.64111e-09
 Reference value :  5.66111e-09
 Reference value :  5.68111e-09
 Reference value :  5.70111e-09
 Reference value :  5.71611e-09
 Reference value :  5.74111e-09
 Reference value :  5.75611e-09
 Reference value :  5.77611e-09
 Reference value :  5.79111e-09
 Reference value :  5.81611e-09
 Reference value :  5.84111e-09
 Reference value :  5.86111e-09
 Reference value :  5.88111e-09
 Reference value :  5.89611e-09
 Reference value :  5.91611e-09
 Reference value :  5.93611e-09
 Reference value :  5.95111e-09
 Reference value :  5.96611e-09
 Reference value :  5.98611e-09
 Reference value :  6.00611e-09
 Reference value :  6.03111e-09
 Reference value :  6.05611e-09
 Reference value :  6.08111e-09
 Reference value :  6.10611e-09
 Reference value :  6.12611e-09
 Reference value :  6.15111e-09
 Reference value :  6.17611e-09
 Reference value :  6.20111e-09
 Reference value :  6.22111e-09
 Reference value :  6.24111e-09
 Reference value :  6.26111e-09
 Reference value :  6.28111e-09
 Reference value :  6.30611e-09
 Reference value :  6.33111e-09
 Reference value :  6.35611e-09
 Reference value :  6.37611e-09
 Reference value :  6.40111e-09
 Reference value :  6.42611e-09
 Reference value :  6.45111e-09
 Reference value :  6.47611e-09
 Reference value :  6.49611e-09
 Reference value :  6.51611e-09
 Reference value :  6.53611e-09
 Reference value :  6.56111e-09
 Reference value :  6.58611e-09
 Reference value :  6.60611e-09
 Reference value :  6.63111e-09
 Reference value :  6.65111e-09
 Reference value :  6.67611e-09
 Reference value :  6.69611e-09
 Reference value :  6.71611e-09
 Reference value :  6.73611e-09
 Reference value :  6.75611e-09
 Reference value :  6.77111e-09
 Reference value :  6.79111e-09
 Reference value :  6.81111e-09
 Reference value :  6.83111e-09
 Reference value :  6.88111e-09
 Reference value :  6.90611e-09
 Reference value :  6.93111e-09
 Reference value :  6.95111e-09
 Reference value :  6.97111e-09
 Reference value :  6.99111e-09
 Reference value :  7.01611e-09
 Reference value :  7.03611e-09
 Reference value :  7.05611e-09
 Reference value :  7.07611e-09
 Reference value :  7.10111e-09
 Reference value :  7.12111e-09
 Reference value :  7.14611e-09
 Reference value :  7.17111e-09
 Reference value :  7.19611e-09
 Reference value :  7.22111e-09
 Reference value :  7.24611e-09
 Reference value :  7.27111e-09
 Reference value :  7.29111e-09
 Reference value :  7.31611e-09
 Reference value :  7.33611e-09
 Reference value :  7.35111e-09
 Reference value :  7.37111e-09
 Reference value :  7.39611e-09
 Reference value :  7.41611e-09
 Reference value :  7.43611e-09
 Reference value :  7.45611e-09
 Reference value :  7.47611e-09
 Reference value :  7.50111e-09
 Reference value :  7.52111e-09
 Reference value :  7.54611e-09
 Reference value :  7.56611e-09
 Reference value :  7.59111e-09
 Reference value :  7.61611e-09
 Reference value :  7.64111e-09
 Reference value :  7.66611e-09
 Reference value :  7.68611e-09
 Reference value :  7.70611e-09
 Reference value :  7.72611e-09
 Reference value :  7.75111e-09
 Reference value :  7.77111e-09
 Reference value :  7.79111e-09
 Reference value :  7.81611e-09
 Reference value :  7.83611e-09
 Reference value :  7.86111e-09
 Reference value :  7.88111e-09
 Reference value :  7.90111e-09
 Reference value :  7.92611e-09
 Reference value :  7.94611e-09
 Reference value :  7.96611e-09
 Reference value :  7.98111e-09
 Reference value :  8.00111e-09
 Reference value :  8.02111e-09
 Reference value :  8.04111e-09
 Reference value :  8.06611e-09
 Reference value :  8.08611e-09
 Reference value :  8.10611e-09
 Reference value :  8.13111e-09
 Reference value :  8.14611e-09
 Reference value :  8.16111e-09
 Reference value :  8.18111e-09
 Reference value :  8.20111e-09
 Reference value :  8.22111e-09
 Reference value :  8.24111e-09
 Reference value :  8.26111e-09
 Reference value :  8.28111e-09
 Reference value :  8.30111e-09
 Reference value :  8.31611e-09
 Reference value :  8.33611e-09
 Reference value :  8.35611e-09
 Reference value :  8.37611e-09
 Reference value :  8.39111e-09
 Reference value :  8.41111e-09
 Reference value :  8.43611e-09
 Reference value :  8.45611e-09
 Reference value :  8.47611e-09
 Reference value :  8.49111e-09
 Reference value :  8.50611e-09
 Reference value :  8.52611e-09
 Reference value :  8.54611e-09
 Reference value :  8.56611e-09
 Reference value :  8.58111e-09
 Reference value :  8.60111e-09
 Reference value :  8.61611e-09
 Reference value :  8.63611e-09
 Reference value :  8.65611e-09
 Reference value :  8.67111e-09
 Reference value :  8.68611e-09
 Reference value :  8.70611e-09
 Reference value :  8.72111e-09
 Reference value :  8.73611e-09
 Reference value :  8.75111e-09
 Reference value :  8.76611e-09
 Reference value :  8.79111e-09
 Reference value :  8.80611e-09
 Reference value :  8.82611e-09
 Reference value :  8.84611e-09
 Reference value :  8.86611e-09
 Reference value :  8.88111e-09
 Reference value :  8.90111e-09
 Reference value :  8.92111e-09
 Reference value :  8.94611e-09
 Reference value :  8.97111e-09
 Reference value :  8.99111e-09
 Reference value :  9.01111e-09
 Reference value :  9.03111e-09
 Reference value :  9.05111e-09
 Reference value :  9.07611e-09
 Reference value :  9.09611e-09
 Reference value :  9.12111e-09
 Reference value :  9.14611e-09
 Reference value :  9.16111e-09
 Reference value :  9.17611e-09
 Reference value :  9.19611e-09
 Reference value :  9.21611e-09
 Reference value :  9.23111e-09
 Reference value :  9.25111e-09
 Reference value :  9.27111e-09
 Reference value :  9.28611e-09
 Reference value :  9.30611e-09
 Reference value :  9.32611e-09
 Reference value :  9.34611e-09
 Reference value :  9.36611e-09
 Reference value :  9.38611e-09
 Reference value :  9.40611e-09
 Reference value :  9.42111e-09
 Reference value :  9.44111e-09
 Reference value :  9.46111e-09
 Reference value :  9.48111e-09
 Reference value :  9.49611e-09
 Reference value :  9.51611e-09
 Reference value :  9.53111e-09
 Reference value :  9.55111e-09
 Reference value :  9.56611e-09
 Reference value :  9.58611e-09
 Reference value :  9.60611e-09
 Reference value :  9.62611e-09
 Reference value :  9.64611e-09
 Reference value :  9.66111e-09
 Reference value :  9.68111e-09
 Reference value :  9.70111e-09
 Reference value :  9.72111e-09
 Reference value :  9.74111e-09
 Reference value :  9.76111e-09
 Reference value :  9.78111e-09
 Reference value :  9.80111e-09
 Reference value :  9.82111e-09
 Reference value :  9.84111e-09
 Reference value :  9.86111e-09
 Reference value :  9.88611e-09
 Reference value :  9.90611e-09
 Reference value :  9.92611e-09
 Reference value :  9.95111e-09
 Reference value :  9.96611e-09
 Reference value :  9.98611e-09
 Reference value :  1.00011e-08
 Reference value :  1.00211e-08
 Reference value :  1.00461e-08
 Reference value :  1.00711e-08
 Reference value :  1.00861e-08
 Reference value :  1.01061e-08
 Reference value :  1.01261e-08
 Reference value :  1.01461e-08
 Reference value :  1.01611e-08
 Reference value :  1.01811e-08
 Reference value :  1.02011e-08
 Reference value :  1.02211e-08
 Reference value :  1.02461e-08
 Reference value :  1.02661e-08
 Reference value :  1.02861e-08
 Reference value :  1.03061e-08
 Reference value :  1.03261e-08
 Reference value :  1.03461e-08
 Reference value :  1.03661e-08
 Reference value :  1.03861e-08
 Reference value :  1.04061e-08
 Reference value :  1.04261e-08
 Reference value :  1.04461e-08
 Reference value :  1.04661e-08
 Reference value :  1.04911e-08
 Reference value :  1.05111e-08
 Reference value :  1.05361e-08
 Reference value :  1.05561e-08
 Reference value :  1.05761e-08
 Reference value :  1.05961e-08
 Reference value :  1.06161e-08
 Reference value :  1.06311e-08
 Reference value :  1.06461e-08
 Reference value :  1.06661e-08
 Reference value :  1.06861e-08
 Reference value :  1.07011e-08
 Reference value :  1.07211e-08
 Reference value :  1.07411e-08
 Reference value :  1.07611e-08
 Reference value :  1.07811e-08
 Reference value :  1.08011e-08
 Reference value :  1.08161e-08
 Reference value :  1.08361e-08
 Reference value :  1.08561e-08
 Reference value :  1.08711e-08
 Reference value :  1.08911e-08
 Reference value :  1.09161e-08
 Reference value :  1.09311e-08
 Reference value :  1.09511e-08
 Reference value :  1.09661e-08
 Reference value :  1.09861e-08
 Reference value :  1.10061e-08
 Reference value :  1.10211e-08
 Reference value :  1.10411e-08
 Reference value :  1.10611e-08
 Reference value :  1.10811e-08
 Reference value :  1.10961e-08
 Reference value :  1.11111e-08
 Reference value :  1.11311e-08
 Reference value :  1.11511e-08
 Reference value :  1.11661e-08
 Reference value :  1.11861e-08
 Reference value :  1.12061e-08
 Reference value :  1.12261e-08
 Reference value :  1.12461e-08
 Reference value :  1.12661e-08
 Reference value :  1.12861e-08
 Reference value :  1.13111e-08
 Reference value :  1.13361e-08
 Reference value :  1.13561e-08
 Reference value :  1.13761e-08
 Reference value :  1.13961e-08
 Reference value :  1.14161e-08
 Reference value :  1.14361e-08
 Reference value :  1.14561e-08
 Reference value :  1.14761e-08
 Reference value :  1.15011e-08
 Reference value :  1.15211e-08
 Reference value :  1.15361e-08
 Reference value :  1.15561e-08
 Reference value :  1.15761e-08
 Reference value :  1.15961e-08
 Reference value :  1.16111e-08
 Reference value :  1.16311e-08
 Reference value :  1.16511e-08
 Reference value :  1.16661e-08
 Reference value :  1.16861e-08
 Reference value :  1.17061e-08
 Reference value :  1.17261e-08
 Reference value :  1.17461e-08
 Reference value :  1.17661e-08
 Reference value :  1.17861e-08
 Reference value :  1.18061e-08
 Reference value :  1.18311e-08
 Reference value :  1.18511e-08
 Reference value :  1.18711e-08
 Reference value :  1.18911e-08
 Reference value :  1.19061e-08
 Reference value :  1.19211e-08
 Reference value :  1.19411e-08
 Reference value :  1.19561e-08
 Reference value :  1.19761e-08
 Reference value :  1.19961e-08
 Reference value :  1.20211e-08
 Reference value :  1.20411e-08
 Reference value :  1.20661e-08
 Reference value :  1.20861e-08
 Reference value :  1.21111e-08
 Reference value :  1.21311e-08
 Reference value :  1.21511e-08
 Reference value :  1.21711e-08
 Reference value :  1.21861e-08
 Reference value :  1.22061e-08
 Reference value :  1.22261e-08
 Reference value :  1.22461e-08
 Reference value :  1.22661e-08
 Reference value :  1.22811e-08
 Reference value :  1.23011e-08
 Reference value :  1.23211e-08
 Reference value :  1.23411e-08
 Reference value :  1.23561e-08
 Reference value :  1.23761e-08
 Reference value :  1.23961e-08
 Reference value :  1.24161e-08
 Reference value :  1.24361e-08
 Reference value :  1.24561e-08
 Reference value :  1.24761e-08
 Reference value :  1.24911e-08
 Reference value :  1.25111e-08
 Reference value :  1.25311e-08
 Reference value :  1.25511e-08
 Reference value :  1.25711e-08
 Reference value :  1.25911e-08
 Reference value :  1.26111e-08
 Reference value :  1.26261e-08
 Reference value :  1.26461e-08
 Reference value :  1.26661e-08
 Reference value :  1.26811e-08
 Reference value :  1.27011e-08
 Reference value :  1.27261e-08
 Reference value :  1.27461e-08
 Reference value :  1.27711e-08
 Reference value :  1.27911e-08
 Reference value :  1.28111e-08
 Reference value :  1.28311e-08
 Reference value :  1.28511e-08
 Reference value :  1.28711e-08
 Reference value :  1.28911e-08
 Reference value :  1.29111e-08
 Reference value :  1.29261e-08
 Reference value :  1.29461e-08
 Reference value :  1.29661e-08
 Reference value :  1.29861e-08
 Reference value :  1.30061e-08
 Reference value :  1.30261e-08
 Reference value :  1.30411e-08
 Reference value :  1.30611e-08
 Reference value :  1.30811e-08
 Reference value :  1.31061e-08
 Reference value :  1.31211e-08
 Reference value :  1.31361e-08
 Reference value :  1.31561e-08
 Reference value :  1.31761e-08
 Reference value :  1.31961e-08
 Reference value :  1.32111e-08
 Reference value :  1.32261e-08
 Reference value :  1.32461e-08
 Reference value :  1.32661e-08
 Reference value :  1.32861e-08
 Reference value :  1.33061e-08
 Reference value :  1.33261e-08
 Reference value :  1.33411e-08
 Reference value :  1.33611e-08
 Reference value :  1.33861e-08
 Reference value :  1.34061e-08
 Reference value :  1.34261e-08
 Reference value :  1.34461e-08
 Reference value :  1.34661e-08
 Reference value :  1.34811e-08
 Reference value :  1.35011e-08
 Reference value :  1.35161e-08
 Reference value :  1.35361e-08
 Reference value :  1.35561e-08
 Reference value :  1.35761e-08
 Reference value :  1.35911e-08
 Reference value :  1.36111e-08
 Reference value :  1.36311e-08
 Reference value :  1.36461e-08
 Reference value :  1.36611e-08
 Reference value :  1.36811e-08
 Reference value :  1.37011e-08
 Reference value :  1.37211e-08
 Reference value :  1.37411e-08
 Reference value :  1.37561e-08
 Reference value :  1.37761e-08
 Reference value :  1.37911e-08
 Reference value :  1.38111e-08
 Reference value :  1.38311e-08
 Reference value :  1.38511e-08
 Reference value :  1.38661e-08
 Reference value :  1.38861e-08
 Reference value :  1.39011e-08
 Reference value :  1.39211e-08
 Reference value :  1.39411e-08
 Reference value :  1.39561e-08
 Reference value :  1.39711e-08
 Reference value :  1.39861e-08
 Reference value :  1.40011e-08
 Reference value :  1.40211e-08
 Reference value :  1.40411e-08
 Reference value :  1.40611e-08
 Reference value :  1.40761e-08
 Reference value :  1.40911e-08
 Reference value :  1.41061e-08
 Reference value :  1.41261e-08
 Reference value :  1.41411e-08
 Reference value :  1.41611e-08
 Reference value :  1.41811e-08
 Reference value :  1.42011e-08
 Reference value :  1.42211e-08
 Reference value :  1.42411e-08
 Reference value :  1.42661e-08
 Reference value :  1.42861e-08
 Reference value :  1.43061e-08
 Reference value :  1.43311e-08
 Reference value :  1.43561e-08
 Reference value :  1.43761e-08
 Reference value :  1.43911e-08
 Reference value :  1.44061e-08
 Reference value :  1.44261e-08
 Reference value :  1.44461e-08
 Reference value :  1.44661e-08
 Reference value :  1.44861e-08
 Reference value :  1.45061e-08
 Reference value :  1.45261e-08
 Reference value :  1.45461e-08
 Reference value :  1.45661e-08
 Reference value :  1.45861e-08
 Reference value :  1.46161e-08
 Reference value :  1.46411e-08
 Reference value :  1.46561e-08
 Reference value :  1.46761e-08
 Reference value :  1.46961e-08
 Reference value :  1.47111e-08
 Reference value :  1.47311e-08
 Reference value :  1.47511e-08
 Reference value :  1.47711e-08
 Reference value :  1.47911e-08
 Reference value :  1.48111e-08
 Reference value :  1.48261e-08
 Reference value :  1.48461e-08
 Reference value :  1.48661e-08
 Reference value :  1.48861e-08
 Reference value :  1.49061e-08
 Reference value :  1.49261e-08
 Reference value :  1.49461e-08
 Reference value :  1.49611e-08
 Reference value :  1.49761e-08
 Reference value :  1.49961e-08
 Reference value :  1.50161e-08
 Reference value :  1.50311e-08
 Reference value :  1.50461e-08
 Reference value :  1.50661e-08
 Reference value :  1.50811e-08
 Reference value :  1.51011e-08
 Reference value :  1.51211e-08
 Reference value :  1.51411e-08
 Reference value :  1.51611e-08
 Reference value :  1.51811e-08
 Reference value :  1.52011e-08
 Reference value :  1.52161e-08
 Reference value :  1.52361e-08
 Reference value :  1.52511e-08
 Reference value :  1.52711e-08
 Reference value :  1.52911e-08
 Reference value :  1.53111e-08
 Reference value :  1.53261e-08
 Reference value :  1.53461e-08
 Reference value :  1.53661e-08
 Reference value :  1.53811e-08
 Reference value :  1.54011e-08
 Reference value :  1.54211e-08
 Reference value :  1.54361e-08
 Reference value :  1.54561e-08
 Reference value :  1.54711e-08
 Reference value :  1.54911e-08
 Reference value :  1.55061e-08
 Reference value :  1.55211e-08
 Reference value :  1.55411e-08
 Reference value :  1.55611e-08
 Reference value :  1.55811e-08
 Reference value :  1.55961e-08
 Reference value :  1.56111e-08
 Reference value :  1.56311e-08
 Reference value :  1.56561e-08
 Reference value :  1.56761e-08
 Reference value :  1.56961e-08
 Reference value :  1.57161e-08
 Reference value :  1.57361e-08
 Reference value :  1.57511e-08
 Reference value :  1.57711e-08
 Reference value :  1.57911e-08
 Reference value :  1.58111e-08
 Reference value :  1.58261e-08
 Reference value :  1.58461e-08
 Reference value :  1.58661e-08
 Reference value :  1.58861e-08
 Reference value :  1.59061e-08
 Reference value :  1.59261e-08
 Reference value :  1.59461e-08
 Reference value :  1.59661e-08
 Reference value :  1.59811e-08
 Reference value :  1.60011e-08
 Reference value :  1.60161e-08
 Reference value :  1.60311e-08
 Reference value :  1.60511e-08
 Reference value :  1.60661e-08
 Reference value :  1.60811e-08
 Reference value :  1.60961e-08
 Reference value :  1.61211e-08
 Reference value :  1.61411e-08
 Reference value :  1.61611e-08
 Reference value :  1.61811e-08
 Reference value :  1.61961e-08
 Reference value :  1.62161e-08
 Reference value :  1.62361e-08
 Reference value :  1.62561e-08
 Reference value :  1.62761e-08
 Reference value :  1.62961e-08
 Reference value :  1.63111e-08
 Reference value :  1.63311e-08
 Reference value :  1.63511e-08
 Reference value :  1.63661e-08
 Reference value :  1.63861e-08
 Reference value :  1.64011e-08
 Reference value :  1.64161e-08
 Reference value :  1.64361e-08
 Reference value :  1.64511e-08
 Reference value :  1.64711e-08
 Reference value :  1.64861e-08
 Reference value :  1.65011e-08
 Reference value :  1.65261e-08
 Reference value :  1.65461e-08
 Reference value :  1.65711e-08
 Reference value :  1.65861e-08
 Reference value :  1.66061e-08
 Reference value :  1.66261e-08
 Reference value :  1.66461e-08
 Reference value :  1.66661e-08
 Reference value :  1.66911e-08
 Reference value :  1.67161e-08
 Reference value :  1.67361e-08
 Reference value :  1.67561e-08
 Reference value :  1.67761e-08
 Reference value :  1.67961e-08
 Reference value :  1.68161e-08
 Reference value :  1.68361e-08
 Reference value :  1.68611e-08
 Reference value :  1.68761e-08
 Reference value :  1.68961e-08
 Reference value :  1.69211e-08
 Reference value :  1.69411e-08
 Reference value :  1.69561e-08
 Reference value :  1.69761e-08
 Reference value :  1.69961e-08
 Reference value :  1.70111e-08
 Reference value :  1.70311e-08
 Reference value :  1.70561e-08
 Reference value :  1.70761e-08
 Reference value :  1.70911e-08
 Reference value :  1.71111e-08
 Reference value :  1.71311e-08
 Reference value :  1.71511e-08
 Reference value :  1.71711e-08
 Reference value :  1.71961e-08
 Reference value :  1.72161e-08
 Reference value :  1.72411e-08
 Reference value :  1.72611e-08
 Reference value :  1.72811e-08
 Reference value :  1.73011e-08
 Reference value :  1.73211e-08
 Reference value :  1.73411e-08
 Reference value :  1.73611e-08
 Reference value :  1.73811e-08
 Reference value :  1.73961e-08
 Reference value :  1.74211e-08
 Reference value :  1.74411e-08
 Reference value :  1.74611e-08
 Reference value :  1.74811e-08
 Reference value :  1.75011e-08
 Reference value :  1.75261e-08
 Reference value :  1.75411e-08
 Reference value :  1.75611e-08
 Reference value :  1.75761e-08
 Reference value :  1.75961e-08
 Reference value :  1.76161e-08
 Reference value :  1.76361e-08
 Reference value :  1.76561e-08
 Reference value :  1.76761e-08
 Reference value :  1.76961e-08
 Reference value :  1.77111e-08
 Reference value :  1.77261e-08
 Reference value :  1.77411e-08
 Reference value :  1.77561e-08
 Reference value :  1.77761e-08
 Reference value :  1.78011e-08
 Reference value :  1.78211e-08
 Reference value :  1.78461e-08
 Reference value :  1.78611e-08
 Reference value :  1.78811e-08
 Reference value :  1.79011e-08
 Reference value :  1.79261e-08
 Reference value :  1.79461e-08
 Reference value :  1.79611e-08
 Reference value :  1.79761e-08
 Reference value :  1.79961e-08
 Reference value :  1.80161e-08
 Reference value :  1.80311e-08
 Reference value :  1.80461e-08
 Reference value :  1.80611e-08
 Reference value :  1.80761e-08
 Reference value :  1.80911e-08
 Reference value :  1.81211e-08
 Reference value :  1.81361e-08
 Reference value :  1.81611e-08
 Reference value :  1.81811e-08
 Reference value :  1.82011e-08
 Reference value :  1.82211e-08
 Reference value :  1.82411e-08
 Reference value :  1.82611e-08
 Reference value :  1.82761e-08
 Reference value :  1.82911e-08
 Reference value :  1.83111e-08
 Reference value :  1.83311e-08
 Reference value :  1.83511e-08
 Reference value :  1.83711e-08
 Reference value :  1.83911e-08
 Reference value :  1.84111e-08
 Reference value :  1.84311e-08
 Reference value :  1.84511e-08
 Reference value :  1.84711e-08
 Reference value :  1.84911e-08
 Reference value :  1.85111e-08
 Reference value :  1.85311e-08
 Reference value :  1.85511e-08
 Reference value :  1.85761e-08
 Reference value :  1.85961e-08
 Reference value :  1.86161e-08
 Reference value :  1.86361e-08
 Reference value :  1.86561e-08
 Reference value :  1.86761e-08
 Reference value :  1.86911e-08
 Reference value :  1.87061e-08
 Reference value :  1.87261e-08
 Reference value :  1.87461e-08
 Reference value :  1.87711e-08
 Reference value :  1.87961e-08
 Reference value :  1.88161e-08
 Reference value :  1.88361e-08
 Reference value :  1.88611e-08
 Reference value :  1.88811e-08
 Reference value :  1.88961e-08
 Reference value :  1.89161e-08
 Reference value :  1.89411e-08
 Reference value :  1.89611e-08
 Reference value :  1.89761e-08
 Reference value :  1.90011e-08
 Reference value :  1.90211e-08
 Reference value :  1.90411e-08
 Reference value :  1.90661e-08
 Reference value :  1.90861e-08
 Reference value :  1.91111e-08
 Reference value :  1.91311e-08
 Reference value :  1.91461e-08
 Reference value :  1.91611e-08
 Reference value :  1.91761e-08
 Reference value :  1.91911e-08
 Reference value :  1.92111e-08
 Reference value :  1.92311e-08
 Reference value :  1.92511e-08
 Reference value :  1.92711e-08
 Reference value :  1.92911e-08
 Reference value :  1.93111e-08
 Reference value :  1.93311e-08
 Reference value :  1.93511e-08
 Reference value :  1.93711e-08
 Reference value :  1.93961e-08
 Reference value :  1.94111e-08
 Reference value :  1.94261e-08
 Reference value :  1.94461e-08
 Reference value :  1.94611e-08
 Reference value :  1.94811e-08
 Reference value :  1.94961e-08
 Reference value :  1.95161e-08
 Reference value :  1.95361e-08
 Reference value :  1.95561e-08
 Reference value :  1.95761e-08
 Reference value :  1.95961e-08
 Reference value :  1.96161e-08
 Reference value :  1.96311e-08
 Reference value :  1.96511e-08
 Reference value :  1.96711e-08
 Reference value :  1.96911e-08
 Reference value :  1.97161e-08
 Reference value :  1.97411e-08
 Reference value :  1.97611e-08
 Reference value :  1.97811e-08
 Reference value :  1.98061e-08
 Reference value :  1.98311e-08
 Reference value :  1.98511e-08
 Reference value :  1.98711e-08
 Reference value :  1.98911e-08
 Reference value :  1.99111e-08
 Reference value :  1.99311e-08
 Reference value :  1.99511e-08
 Reference value :  1.99761e-08
 Reference value :  1.99956e-08
No. of Data Rows : 4018
Note: Simulation executed from .control section 
