
Note: Compatibility modes selected: hs a


Circuit: * comparator-decision reset-integrity check -- variant=gnd-tied corner=tt temp=27.0c supply=1.8v (issue #24)

option SCALE: Scale is set to 1e-06 for instance and model parameters
option SCALE: Scale is set to 1e-06 for instance and model parameters
option SCALE: Scale is set to 1e-06 for instance and model parameters
option SCALE: Scale is set to 1e-06 for instance and model parameters
Doing analysis at TEMP = 27.000000 and TNOM = 27.000000

Using KLU as Direct Linear Solver
Operating point simulation skipped by 'uic',
  now using transient initial conditions.
 Reference value :  5.00000e-14
 Reference value :  5.42000e-14
 Reference value :  1.38200e-13
 Reference value :  4.07000e-13
 Reference value :  1.32709e-12
 Reference value :  4.01812e-12
 Reference value :  5.58913e-12
 Reference value :  7.94564e-12
 Reference value :  2.10877e-11
 Reference value :  3.60877e-11
 Reference value :  5.10877e-11
 Reference value :  7.10877e-11
 Reference value :  8.60877e-11
 Reference value :  1.06088e-10
 Reference value :  1.26088e-10
 Reference value :  1.41088e-10
 Reference value :  1.61088e-10
 Reference value :  1.81088e-10
 Reference value :  1.96088e-10
 Reference value :  2.11088e-10
 Reference value :  2.26088e-10
 Reference value :  2.41088e-10
 Reference value :  2.56088e-10
 Reference value :  2.71088e-10
 Reference value :  2.86088e-10
 Reference value :  3.06088e-10
 Reference value :  3.26088e-10
 Reference value :  3.51088e-10
 Reference value :  3.66088e-10
 Reference value :  3.86088e-10
 Reference value :  4.06088e-10
 Reference value :  4.26088e-10
 Reference value :  4.46088e-10
 Reference value :  4.66088e-10
 Reference value :  4.86088e-10
 Reference value :  5.26088e-10
 Reference value :  5.46088e-10
 Reference value :  5.66088e-10
 Reference value :  5.86088e-10
 Reference value :  6.11088e-10
 Reference value :  6.26088e-10
 Reference value :  6.46088e-10
 Reference value :  6.66088e-10
 Reference value :  6.81088e-10
 Reference value :  7.06088e-10
 Reference value :  7.26088e-10
 Reference value :  7.46088e-10
 Reference value :  7.66088e-10
 Reference value :  7.81088e-10
 Reference value :  8.01088e-10
 Reference value :  8.21088e-10
 Reference value :  8.41088e-10
 Reference value :  8.61088e-10
 Reference value :  8.81088e-10
 Reference value :  9.06088e-10
 Reference value :  9.26088e-10
 Reference value :  9.56088e-10
 Reference value :  9.86088e-10
 Reference value :  1.00109e-09
 Reference value :  1.02109e-09
 Reference value :  1.04109e-09
 Reference value :  1.06609e-09
 Reference value :  1.08609e-09
 Reference value :  1.10609e-09
 Reference value :  1.13109e-09
 Reference value :  1.14609e-09
 Reference value :  1.17109e-09
 Reference value :  1.19109e-09
 Reference value :  1.20609e-09
 Reference value :  1.22609e-09
 Reference value :  1.24609e-09
 Reference value :  1.26609e-09
 Reference value :  1.28609e-09
 Reference value :  1.30609e-09
 Reference value :  1.32109e-09
 Reference value :  1.33609e-09
 Reference value :  1.35109e-09
 Reference value :  1.37609e-09
 Reference value :  1.39109e-09
 Reference value :  1.41109e-09
 Reference value :  1.43109e-09
 Reference value :  1.44609e-09
 Reference value :  1.46609e-09
 Reference value :  1.48609e-09
 Reference value :  1.50609e-09
 Reference value :  1.52609e-09
 Reference value :  1.54109e-09
 Reference value :  1.55609e-09
 Reference value :  1.57609e-09
 Reference value :  1.59609e-09
 Reference value :  1.61609e-09
 Reference value :  1.63609e-09
 Reference value :  1.65109e-09
 Reference value :  1.67609e-09
 Reference value :  1.69609e-09
 Reference value :  1.71609e-09
 Reference value :  1.73109e-09
 Reference value :  1.75109e-09
 Reference value :  1.77109e-09
 Reference value :  1.79109e-09
 Reference value :  1.81109e-09
 Reference value :  1.83109e-09
 Reference value :  1.85609e-09
 Reference value :  1.87609e-09
 Reference value :  1.89609e-09
 Reference value :  1.91609e-09
 Reference value :  1.93609e-09
 Reference value :  1.95609e-09
 Reference value :  1.97609e-09
 Reference value :  1.99109e-09
 Reference value :  2.01109e-09
 Reference value :  2.02609e-09
 Reference value :  2.04609e-09
 Reference value :  2.06109e-09
 Reference value :  2.08109e-09
 Reference value :  2.10609e-09
 Reference value :  2.12109e-09
 Reference value :  2.14109e-09
 Reference value :  2.16109e-09
 Reference value :  2.18109e-09
 Reference value :  2.20109e-09
 Reference value :  2.22109e-09
 Reference value :  2.23609e-09
 Reference value :  2.25109e-09
 Reference value :  2.26609e-09
 Reference value :  2.28609e-09
 Reference value :  2.31109e-09
 Reference value :  2.33609e-09
 Reference value :  2.35109e-09
 Reference value :  2.37109e-09
 Reference value :  2.39109e-09
 Reference value :  2.41109e-09
 Reference value :  2.42609e-09
 Reference value :  2.44609e-09
 Reference value :  2.46609e-09
 Reference value :  2.48609e-09
 Reference value :  2.50609e-09
 Reference value :  2.52609e-09
 Reference value :  2.54609e-09
 Reference value :  2.56609e-09
 Reference value :  2.59109e-09
 Reference value :  2.61109e-09
 Reference value :  2.63109e-09
 Reference value :  2.65109e-09
 Reference value :  2.67609e-09
 Reference value :  2.69609e-09
 Reference value :  2.71609e-09
 Reference value :  2.73109e-09
 Reference value :  2.74609e-09
 Reference value :  2.76609e-09
 Reference value :  2.78609e-09
 Reference value :  2.80109e-09
 Reference value :  2.82109e-09
 Reference value :  2.84609e-09
 Reference value :  2.86109e-09
 Reference value :  2.88109e-09
 Reference value :  2.89609e-09
 Reference value :  2.91109e-09
 Reference value :  2.93109e-09
 Reference value :  2.94609e-09
 Reference value :  2.96609e-09
 Reference value :  2.98609e-09
 Reference value :  3.00609e-09
 Reference value :  3.03609e-09
 Reference value :  3.07109e-09
 Reference value :  3.09109e-09
 Reference value :  3.11109e-09
 Reference value :  3.13109e-09
 Reference value :  3.15609e-09
 Reference value :  3.17109e-09
 Reference value :  3.18609e-09
 Reference value :  3.20109e-09
 Reference value :  3.22609e-09
 Reference value :  3.24609e-09
 Reference value :  3.26609e-09
 Reference value :  3.28609e-09
 Reference value :  3.30609e-09
 Reference value :  3.32609e-09
 Reference value :  3.34109e-09
 Reference value :  3.35609e-09
 Reference value :  3.37609e-09
 Reference value :  3.40109e-09
 Reference value :  3.42109e-09
 Reference value :  3.43609e-09
 Reference value :  3.45609e-09
 Reference value :  3.47609e-09
 Reference value :  3.49609e-09
 Reference value :  3.51609e-09
 Reference value :  3.53609e-09
 Reference value :  3.56109e-09
 Reference value :  3.58109e-09
 Reference value :  3.60109e-09
 Reference value :  3.62109e-09
 Reference value :  3.64109e-09
 Reference value :  3.66109e-09
 Reference value :  3.68109e-09
 Reference value :  3.70109e-09
 Reference value :  3.72109e-09
 Reference value :  3.74109e-09
 Reference value :  3.76609e-09
 Reference value :  3.78609e-09
 Reference value :  3.80109e-09
 Reference value :  3.82109e-09
 Reference value :  3.84109e-09
 Reference value :  3.86109e-09
 Reference value :  3.87609e-09
 Reference value :  3.90109e-09
 Reference value :  3.92109e-09
 Reference value :  3.94109e-09
 Reference value :  3.96109e-09
 Reference value :  3.98609e-09
 Reference value :  4.00609e-09
 Reference value :  4.03109e-09
 Reference value :  4.05109e-09
 Reference value :  4.07109e-09
 Reference value :  4.09109e-09
 Reference value :  4.11109e-09
 Reference value :  4.13609e-09
 Reference value :  4.15609e-09
 Reference value :  4.18109e-09
 Reference value :  4.20109e-09
 Reference value :  4.21609e-09
 Reference value :  4.24109e-09
 Reference value :  4.26109e-09
 Reference value :  4.28109e-09
 Reference value :  4.30109e-09
 Reference value :  4.31609e-09
 Reference value :  4.34109e-09
 Reference value :  4.36109e-09
 Reference value :  4.38109e-09
 Reference value :  4.40109e-09
 Reference value :  4.42109e-09
 Reference value :  4.44109e-09
 Reference value :  4.45609e-09
 Reference value :  4.47109e-09
 Reference value :  4.49109e-09
 Reference value :  4.51109e-09
 Reference value :  4.53109e-09
 Reference value :  4.55109e-09
 Reference value :  4.56609e-09
 Reference value :  4.58109e-09
 Reference value :  4.60109e-09
 Reference value :  4.62109e-09
 Reference value :  4.64109e-09
 Reference value :  4.65609e-09
 Reference value :  4.67609e-09
 Reference value :  4.70109e-09
 Reference value :  4.72109e-09
 Reference value :  4.74109e-09
 Reference value :  4.75609e-09
 Reference value :  4.77609e-09
 Reference value :  4.79609e-09
 Reference value :  4.81609e-09
 Reference value :  4.83609e-09
 Reference value :  4.85609e-09
 Reference value :  4.87609e-09
 Reference value :  4.89609e-09
 Reference value :  4.91109e-09
 Reference value :  4.92609e-09
 Reference value :  4.94609e-09
 Reference value :  4.96609e-09
 Reference value :  4.98609e-09
 Reference value :  5.00609e-09
 Reference value :  5.02609e-09
 Reference value :  5.04609e-09
 Reference value :  5.06609e-09
 Reference value :  5.08609e-09
 Reference value :  5.10109e-09
 Reference value :  5.12109e-09
 Reference value :  5.14109e-09
 Reference value :  5.16109e-09
 Reference value :  5.17609e-09
 Reference value :  5.20109e-09
 Reference value :  5.21609e-09
 Reference value :  5.23609e-09
 Reference value :  5.25609e-09
 Reference value :  5.27609e-09
 Reference value :  5.29109e-09
 Reference value :  5.31109e-09
 Reference value :  5.32609e-09
 Reference value :  5.34609e-09
 Reference value :  5.36609e-09
 Reference value :  5.39109e-09
 Reference value :  5.41609e-09
 Reference value :  5.44109e-09
 Reference value :  5.46109e-09
 Reference value :  5.48609e-09
 Reference value :  5.50609e-09
 Reference value :  5.52609e-09
 Reference value :  5.54609e-09
 Reference value :  5.57109e-09
 Reference value :  5.59109e-09
 Reference value :  5.61109e-09
 Reference value :  5.63609e-09
 Reference value :  5.66109e-09
 Reference value :  5.68109e-09
 Reference value :  5.69609e-09
 Reference value :  5.71609e-09
 Reference value :  5.73609e-09
 Reference value :  5.75109e-09
 Reference value :  5.77609e-09
 Reference value :  5.79609e-09
 Reference value :  5.81609e-09
 Reference value :  5.83609e-09
 Reference value :  5.85109e-09
 Reference value :  5.87609e-09
 Reference value :  5.90109e-09
 Reference value :  5.92609e-09
 Reference value :  5.94609e-09
 Reference value :  5.96609e-09
 Reference value :  5.98609e-09
 Reference value :  6.00609e-09
 Reference value :  6.03109e-09
 Reference value :  6.05109e-09
 Reference value :  6.07109e-09
 Reference value :  6.09609e-09
 Reference value :  6.12109e-09
 Reference value :  6.14609e-09
 Reference value :  6.17109e-09
 Reference value :  6.19609e-09
 Reference value :  6.22109e-09
 Reference value :  6.24609e-09
 Reference value :  6.26609e-09
 Reference value :  6.28609e-09
 Reference value :  6.31109e-09
 Reference value :  6.34109e-09
 Reference value :  6.37109e-09
 Reference value :  6.39609e-09
 Reference value :  6.41609e-09
 Reference value :  6.44109e-09
 Reference value :  6.46609e-09
 Reference value :  6.48609e-09
 Reference value :  6.51109e-09
 Reference value :  6.53109e-09
 Reference value :  6.55609e-09
 Reference value :  6.58109e-09
 Reference value :  6.60109e-09
 Reference value :  6.62109e-09
 Reference value :  6.64609e-09
 Reference value :  6.67109e-09
 Reference value :  6.69609e-09
 Reference value :  6.71609e-09
 Reference value :  6.73609e-09
 Reference value :  6.76109e-09
 Reference value :  6.78109e-09
 Reference value :  6.79609e-09
 Reference value :  6.81609e-09
 Reference value :  6.83609e-09
 Reference value :  6.86109e-09
 Reference value :  6.88109e-09
 Reference value :  6.90609e-09
 Reference value :  6.92109e-09
 Reference value :  6.94109e-09
 Reference value :  6.95609e-09
 Reference value :  6.97609e-09
 Reference value :  6.99609e-09
 Reference value :  7.01609e-09
 Reference value :  7.04109e-09
 Reference value :  7.06109e-09
 Reference value :  7.08109e-09
 Reference value :  7.10109e-09
 Reference value :  7.12109e-09
 Reference value :  7.14609e-09
 Reference value :  7.16609e-09
 Reference value :  7.18609e-09
 Reference value :  7.20109e-09
 Reference value :  7.21609e-09
 Reference value :  7.23609e-09
 Reference value :  7.25609e-09
 Reference value :  7.27109e-09
 Reference value :  7.29109e-09
 Reference value :  7.31109e-09
 Reference value :  7.33109e-09
 Reference value :  7.35109e-09
 Reference value :  7.37109e-09
 Reference value :  7.39109e-09
 Reference value :  7.40609e-09
 Reference value :  7.43109e-09
 Reference value :  7.45609e-09
 Reference value :  7.47609e-09
 Reference value :  7.50109e-09
 Reference value :  7.52109e-09
 Reference value :  7.54609e-09
 Reference value :  7.56609e-09
 Reference value :  7.59109e-09
 Reference value :  7.61609e-09
 Reference value :  7.64609e-09
 Reference value :  7.67109e-09
 Reference value :  7.69109e-09
 Reference value :  7.71109e-09
 Reference value :  7.73109e-09
 Reference value :  7.75109e-09
 Reference value :  7.79609e-09
 Reference value :  7.82109e-09
 Reference value :  7.85109e-09
 Reference value :  7.87109e-09
 Reference value :  7.89109e-09
 Reference value :  7.91109e-09
 Reference value :  7.93109e-09
 Reference value :  7.94609e-09
 Reference value :  7.96109e-09
 Reference value :  7.98109e-09
 Reference value :  8.00109e-09
 Reference value :  8.02109e-09
 Reference value :  8.06109e-09
 Reference value :  8.08109e-09
 Reference value :  8.10109e-09
 Reference value :  8.12609e-09
 Reference value :  8.14609e-09
 Reference value :  8.16109e-09
 Reference value :  8.18109e-09
 Reference value :  8.20109e-09
 Reference value :  8.22109e-09
 Reference value :  8.24109e-09
 Reference value :  8.26109e-09
 Reference value :  8.28109e-09
 Reference value :  8.29609e-09
 Reference value :  8.31609e-09
 Reference value :  8.33609e-09
 Reference value :  8.35109e-09
 Reference value :  8.37109e-09
 Reference value :  8.38609e-09
 Reference value :  8.40609e-09
 Reference value :  8.42609e-09
 Reference value :  8.44609e-09
 Reference value :  8.46609e-09
 Reference value :  8.48109e-09
 Reference value :  8.50109e-09
 Reference value :  8.52109e-09
 Reference value :  8.53609e-09
 Reference value :  8.55609e-09
 Reference value :  8.57609e-09
 Reference value :  8.60109e-09
 Reference value :  8.62109e-09
 Reference value :  8.64609e-09
 Reference value :  8.66609e-09
 Reference value :  8.69109e-09
 Reference value :  8.71109e-09
 Reference value :  8.73109e-09
 Reference value :  8.75109e-09
 Reference value :  8.77609e-09
 Reference value :  8.79609e-09
 Reference value :  8.81609e-09
 Reference value :  8.83609e-09
 Reference value :  8.85109e-09
 Reference value :  8.87109e-09
 Reference value :  8.89109e-09
 Reference value :  8.91109e-09
 Reference value :  8.93109e-09
 Reference value :  8.94609e-09
 Reference value :  8.96609e-09
 Reference value :  8.98609e-09
 Reference value :  9.00109e-09
 Reference value :  9.02109e-09
 Reference value :  9.04609e-09
 Reference value :  9.07109e-09
 Reference value :  9.09109e-09
 Reference value :  9.11109e-09
 Reference value :  9.13109e-09
 Reference value :  9.15109e-09
 Reference value :  9.17609e-09
 Reference value :  9.20109e-09
 Reference value :  9.22609e-09
 Reference value :  9.24109e-09
 Reference value :  9.25609e-09
 Reference value :  9.27609e-09
 Reference value :  9.30109e-09
 Reference value :  9.32109e-09
 Reference value :  9.34109e-09
 Reference value :  9.36109e-09
 Reference value :  9.38109e-09
 Reference value :  9.40109e-09
 Reference value :  9.42109e-09
 Reference value :  9.44109e-09
 Reference value :  9.45609e-09
 Reference value :  9.47609e-09
 Reference value :  9.49609e-09
 Reference value :  9.51609e-09
 Reference value :  9.53609e-09
 Reference value :  9.55609e-09
 Reference value :  9.58109e-09
 Reference value :  9.60609e-09
 Reference value :  9.63109e-09
 Reference value :  9.65109e-09
 Reference value :  9.67109e-09
 Reference value :  9.69609e-09
 Reference value :  9.71109e-09
 Reference value :  9.73109e-09
 Reference value :  9.75609e-09
 Reference value :  9.78109e-09
 Reference value :  9.80109e-09
 Reference value :  9.82109e-09
 Reference value :  9.84109e-09
 Reference value :  9.86609e-09
 Reference value :  9.88609e-09
 Reference value :  9.90109e-09
 Reference value :  9.92609e-09
 Reference value :  9.94609e-09
 Reference value :  9.96609e-09
 Reference value :  9.98609e-09
 Reference value :  1.00061e-08
 Reference value :  1.00261e-08
 Reference value :  1.00411e-08
 Reference value :  1.00611e-08
 Reference value :  1.00811e-08
 Reference value :  1.01011e-08
 Reference value :  1.01211e-08
 Reference value :  1.01361e-08
 Reference value :  1.01561e-08
 Reference value :  1.01761e-08
 Reference value :  1.01911e-08
 Reference value :  1.02111e-08
 Reference value :  1.02361e-08
 Reference value :  1.02561e-08
 Reference value :  1.02861e-08
 Reference value :  1.03061e-08
 Reference value :  1.03261e-08
 Reference value :  1.03461e-08
 Reference value :  1.03661e-08
 Reference value :  1.03911e-08
 Reference value :  1.04111e-08
 Reference value :  1.04311e-08
 Reference value :  1.04561e-08
 Reference value :  1.04761e-08
 Reference value :  1.04961e-08
 Reference value :  1.05161e-08
 Reference value :  1.05361e-08
 Reference value :  1.05561e-08
 Reference value :  1.05761e-08
 Reference value :  1.06011e-08
 Reference value :  1.06311e-08
 Reference value :  1.06511e-08
 Reference value :  1.06761e-08
 Reference value :  1.06961e-08
 Reference value :  1.07161e-08
 Reference value :  1.07361e-08
 Reference value :  1.07511e-08
 Reference value :  1.07761e-08
 Reference value :  1.07961e-08
 Reference value :  1.08211e-08
 Reference value :  1.08461e-08
 Reference value :  1.08711e-08
 Reference value :  1.08911e-08
 Reference value :  1.09111e-08
 Reference value :  1.09311e-08
 Reference value :  1.09511e-08
 Reference value :  1.09711e-08
 Reference value :  1.09961e-08
 Reference value :  1.10161e-08
 Reference value :  1.10411e-08
 Reference value :  1.10611e-08
 Reference value :  1.10811e-08
 Reference value :  1.11061e-08
 Reference value :  1.11261e-08
 Reference value :  1.11511e-08
 Reference value :  1.11711e-08
 Reference value :  1.11911e-08
 Reference value :  1.12111e-08
 Reference value :  1.12311e-08
 Reference value :  1.12461e-08
 Reference value :  1.12711e-08
 Reference value :  1.12861e-08
 Reference value :  1.13061e-08
 Reference value :  1.13261e-08
 Reference value :  1.13511e-08
 Reference value :  1.13661e-08
 Reference value :  1.13861e-08
 Reference value :  1.14061e-08
 Reference value :  1.14261e-08
 Reference value :  1.14461e-08
 Reference value :  1.14661e-08
 Reference value :  1.14861e-08
 Reference value :  1.15111e-08
 Reference value :  1.15311e-08
 Reference value :  1.15511e-08
 Reference value :  1.15711e-08
 Reference value :  1.15861e-08
 Reference value :  1.16061e-08
 Reference value :  1.16311e-08
 Reference value :  1.16511e-08
 Reference value :  1.16711e-08
 Reference value :  1.16911e-08
 Reference value :  1.17111e-08
 Reference value :  1.17361e-08
 Reference value :  1.17561e-08
 Reference value :  1.17811e-08
 Reference value :  1.18011e-08
 Reference value :  1.18211e-08
 Reference value :  1.18411e-08
 Reference value :  1.18561e-08
 Reference value :  1.18761e-08
 Reference value :  1.18961e-08
 Reference value :  1.19161e-08
 Reference value :  1.19411e-08
 Reference value :  1.19611e-08
 Reference value :  1.19811e-08
 Reference value :  1.20011e-08
 Reference value :  1.20211e-08
 Reference value :  1.20361e-08
 Reference value :  1.20561e-08
 Reference value :  1.20761e-08
 Reference value :  1.21061e-08
 Reference value :  1.21261e-08
 Reference value :  1.21461e-08
 Reference value :  1.21661e-08
 Reference value :  1.21861e-08
 Reference value :  1.22111e-08
 Reference value :  1.22311e-08
 Reference value :  1.22511e-08
 Reference value :  1.22711e-08
 Reference value :  1.22911e-08
 Reference value :  1.23111e-08
 Reference value :  1.23311e-08
 Reference value :  1.23511e-08
 Reference value :  1.23761e-08
 Reference value :  1.24011e-08
 Reference value :  1.24211e-08
 Reference value :  1.24411e-08
 Reference value :  1.24561e-08
 Reference value :  1.24711e-08
 Reference value :  1.24911e-08
 Reference value :  1.25061e-08
 Reference value :  1.25311e-08
 Reference value :  1.25511e-08
 Reference value :  1.25711e-08
 Reference value :  1.25861e-08
 Reference value :  1.26061e-08
 Reference value :  1.26261e-08
 Reference value :  1.26461e-08
 Reference value :  1.26661e-08
 Reference value :  1.26861e-08
 Reference value :  1.27061e-08
 Reference value :  1.27261e-08
 Reference value :  1.27461e-08
 Reference value :  1.27661e-08
 Reference value :  1.27861e-08
 Reference value :  1.28061e-08
 Reference value :  1.28261e-08
 Reference value :  1.28411e-08
 Reference value :  1.28611e-08
 Reference value :  1.28811e-08
 Reference value :  1.29061e-08
 Reference value :  1.29311e-08
 Reference value :  1.29561e-08
 Reference value :  1.29711e-08
 Reference value :  1.29961e-08
 Reference value :  1.30161e-08
 Reference value :  1.30361e-08
 Reference value :  1.30561e-08
 Reference value :  1.30761e-08
 Reference value :  1.30911e-08
 Reference value :  1.31111e-08
 Reference value :  1.31411e-08
 Reference value :  1.31611e-08
 Reference value :  1.31811e-08
 Reference value :  1.31961e-08
 Reference value :  1.32161e-08
 Reference value :  1.32361e-08
 Reference value :  1.32561e-08
 Reference value :  1.32761e-08
 Reference value :  1.32961e-08
 Reference value :  1.33211e-08
 Reference value :  1.33411e-08
 Reference value :  1.33561e-08
 Reference value :  1.33761e-08
 Reference value :  1.33961e-08
 Reference value :  1.34161e-08
 Reference value :  1.34361e-08
 Reference value :  1.34511e-08
 Reference value :  1.34711e-08
 Reference value :  1.34911e-08
 Reference value :  1.35111e-08
 Reference value :  1.35361e-08
 Reference value :  1.35611e-08
 Reference value :  1.35811e-08
 Reference value :  1.36011e-08
 Reference value :  1.36211e-08
 Reference value :  1.36361e-08
 Reference value :  1.36561e-08
 Reference value :  1.36761e-08
 Reference value :  1.36961e-08
 Reference value :  1.37161e-08
 Reference value :  1.37361e-08
 Reference value :  1.37561e-08
 Reference value :  1.37761e-08
 Reference value :  1.37961e-08
 Reference value :  1.38161e-08
 Reference value :  1.38361e-08
 Reference value :  1.38561e-08
 Reference value :  1.38761e-08
 Reference value :  1.38961e-08
 Reference value :  1.39161e-08
 Reference value :  1.39361e-08
 Reference value :  1.39611e-08
 Reference value :  1.39811e-08
 Reference value :  1.40011e-08
 Reference value :  1.40261e-08
 Reference value :  1.40461e-08
 Reference value :  1.40661e-08
 Reference value :  1.40861e-08
 Reference value :  1.41061e-08
 Reference value :  1.41261e-08
 Reference value :  1.41511e-08
 Reference value :  1.41761e-08
 Reference value :  1.41961e-08
 Reference value :  1.42161e-08
 Reference value :  1.42361e-08
 Reference value :  1.42561e-08
 Reference value :  1.42761e-08
 Reference value :  1.42961e-08
 Reference value :  1.43161e-08
 Reference value :  1.43361e-08
 Reference value :  1.43561e-08
 Reference value :  1.43761e-08
 Reference value :  1.43961e-08
 Reference value :  1.44161e-08
 Reference value :  1.44411e-08
 Reference value :  1.44611e-08
 Reference value :  1.44811e-08
 Reference value :  1.45011e-08
 Reference value :  1.45211e-08
 Reference value :  1.45411e-08
 Reference value :  1.45611e-08
 Reference value :  1.45811e-08
 Reference value :  1.46011e-08
 Reference value :  1.46211e-08
 Reference value :  1.46361e-08
 Reference value :  1.46511e-08
 Reference value :  1.46711e-08
 Reference value :  1.46911e-08
 Reference value :  1.47111e-08
 Reference value :  1.47311e-08
 Reference value :  1.47561e-08
 Reference value :  1.47761e-08
 Reference value :  1.47961e-08
 Reference value :  1.48161e-08
 Reference value :  1.48361e-08
 Reference value :  1.48561e-08
 Reference value :  1.48761e-08
 Reference value :  1.48961e-08
 Reference value :  1.49161e-08
 Reference value :  1.49361e-08
 Reference value :  1.49511e-08
 Reference value :  1.49711e-08
 Reference value :  1.49911e-08
 Reference value :  1.50111e-08
 Reference value :  1.50311e-08
 Reference value :  1.50511e-08
 Reference value :  1.50711e-08
 Reference value :  1.50911e-08
 Reference value :  1.51111e-08
 Reference value :  1.51311e-08
 Reference value :  1.51511e-08
 Reference value :  1.51711e-08
 Reference value :  1.51911e-08
 Reference value :  1.52111e-08
 Reference value :  1.52311e-08
 Reference value :  1.52561e-08
 Reference value :  1.52761e-08
 Reference value :  1.52961e-08
 Reference value :  1.53111e-08
 Reference value :  1.53361e-08
 Reference value :  1.53611e-08
 Reference value :  1.53861e-08
 Reference value :  1.54061e-08
 Reference value :  1.54311e-08
 Reference value :  1.54461e-08
 Reference value :  1.54661e-08
 Reference value :  1.54861e-08
 Reference value :  1.55061e-08
 Reference value :  1.55261e-08
 Reference value :  1.55461e-08
 Reference value :  1.55661e-08
 Reference value :  1.55861e-08
 Reference value :  1.56061e-08
 Reference value :  1.56311e-08
 Reference value :  1.56561e-08
 Reference value :  1.56761e-08
 Reference value :  1.56961e-08
 Reference value :  1.57161e-08
 Reference value :  1.57361e-08
 Reference value :  1.57561e-08
 Reference value :  1.57761e-08
 Reference value :  1.57961e-08
 Reference value :  1.58161e-08
 Reference value :  1.58361e-08
 Reference value :  1.58561e-08
 Reference value :  1.58761e-08
 Reference value :  1.59011e-08
 Reference value :  1.59161e-08
 Reference value :  1.59311e-08
 Reference value :  1.59561e-08
 Reference value :  1.59711e-08
 Reference value :  1.59911e-08
 Reference value :  1.60111e-08
 Reference value :  1.60261e-08
 Reference value :  1.60511e-08
 Reference value :  1.60661e-08
 Reference value :  1.60811e-08
 Reference value :  1.61011e-08
 Reference value :  1.61211e-08
 Reference value :  1.61411e-08
 Reference value :  1.61611e-08
 Reference value :  1.61811e-08
 Reference value :  1.62061e-08
 Reference value :  1.62211e-08
 Reference value :  1.62411e-08
 Reference value :  1.62661e-08
 Reference value :  1.62811e-08
 Reference value :  1.63011e-08
 Reference value :  1.63211e-08
 Reference value :  1.63411e-08
 Reference value :  1.63611e-08
 Reference value :  1.63811e-08
 Reference value :  1.64011e-08
 Reference value :  1.64211e-08
 Reference value :  1.64361e-08
 Reference value :  1.64561e-08
 Reference value :  1.64761e-08
 Reference value :  1.64961e-08
 Reference value :  1.65161e-08
 Reference value :  1.65361e-08
 Reference value :  1.65561e-08
 Reference value :  1.65811e-08
 Reference value :  1.66011e-08
 Reference value :  1.66211e-08
 Reference value :  1.66411e-08
 Reference value :  1.66611e-08
 Reference value :  1.66811e-08
 Reference value :  1.67011e-08
 Reference value :  1.67211e-08
 Reference value :  1.67411e-08
 Reference value :  1.67611e-08
 Reference value :  1.67811e-08
 Reference value :  1.68011e-08
 Reference value :  1.68211e-08
 Reference value :  1.68411e-08
 Reference value :  1.68611e-08
 Reference value :  1.68811e-08
 Reference value :  1.69011e-08
 Reference value :  1.69211e-08
 Reference value :  1.69411e-08
 Reference value :  1.69611e-08
 Reference value :  1.69861e-08
 Reference value :  1.70061e-08
 Reference value :  1.70261e-08
 Reference value :  1.70461e-08
 Reference value :  1.70661e-08
 Reference value :  1.70811e-08
 Reference value :  1.71011e-08
 Reference value :  1.71211e-08
 Reference value :  1.71411e-08
 Reference value :  1.71611e-08
 Reference value :  1.71811e-08
 Reference value :  1.72011e-08
 Reference value :  1.72161e-08
 Reference value :  1.72411e-08
 Reference value :  1.72611e-08
 Reference value :  1.72811e-08
 Reference value :  1.73011e-08
 Reference value :  1.73261e-08
 Reference value :  1.73461e-08
 Reference value :  1.73661e-08
 Reference value :  1.73811e-08
 Reference value :  1.74011e-08
 Reference value :  1.74211e-08
 Reference value :  1.74461e-08
 Reference value :  1.74711e-08
 Reference value :  1.74911e-08
 Reference value :  1.75111e-08
 Reference value :  1.75361e-08
 Reference value :  1.75561e-08
 Reference value :  1.75861e-08
 Reference value :  1.76061e-08
 Reference value :  1.76261e-08
 Reference value :  1.76411e-08
 Reference value :  1.76611e-08
 Reference value :  1.76811e-08
 Reference value :  1.77111e-08
 Reference value :  1.77361e-08
 Reference value :  1.77561e-08
 Reference value :  1.77761e-08
 Reference value :  1.77961e-08
 Reference value :  1.78211e-08
 Reference value :  1.78461e-08
 Reference value :  1.78711e-08
 Reference value :  1.78961e-08
 Reference value :  1.79161e-08
 Reference value :  1.79411e-08
 Reference value :  1.79661e-08
 Reference value :  1.79861e-08
 Reference value :  1.80111e-08
 Reference value :  1.80261e-08
 Reference value :  1.80461e-08
 Reference value :  1.80661e-08
 Reference value :  1.80861e-08
 Reference value :  1.81061e-08
 Reference value :  1.81261e-08
 Reference value :  1.81461e-08
 Reference value :  1.81661e-08
 Reference value :  1.81911e-08
 Reference value :  1.82111e-08
 Reference value :  1.82311e-08
 Reference value :  1.82511e-08
 Reference value :  1.82711e-08
 Reference value :  1.82861e-08
 Reference value :  1.83061e-08
 Reference value :  1.83211e-08
 Reference value :  1.83361e-08
 Reference value :  1.83561e-08
 Reference value :  1.83711e-08
 Reference value :  1.83911e-08
 Reference value :  1.84111e-08
 Reference value :  1.84311e-08
 Reference value :  1.84511e-08
 Reference value :  1.84711e-08
 Reference value :  1.84911e-08
 Reference value :  1.85111e-08
 Reference value :  1.85311e-08
 Reference value :  1.85511e-08
 Reference value :  1.85711e-08
 Reference value :  1.85961e-08
 Reference value :  1.86161e-08
 Reference value :  1.86361e-08
 Reference value :  1.86511e-08
 Reference value :  1.86711e-08
 Reference value :  1.86961e-08
 Reference value :  1.87211e-08
 Reference value :  1.87411e-08
 Reference value :  1.87661e-08
 Reference value :  1.87911e-08
 Reference value :  1.88111e-08
 Reference value :  1.88311e-08
 Reference value :  1.88511e-08
 Reference value :  1.88711e-08
 Reference value :  1.88911e-08
 Reference value :  1.89111e-08
 Reference value :  1.89311e-08
 Reference value :  1.89561e-08
 Reference value :  1.98211e-08
No. of Data Rows : 4018
Note: Simulation executed from .control section 
