
Note: Compatibility modes selected: hs a


Circuit: * comparator-decision reset-integrity check -- variant=gnd-tied corner=ff temp=125.0c supply=1.8v (issue #24)

option SCALE: Scale is set to 1e-06 for instance and model parameters
option SCALE: Scale is set to 1e-06 for instance and model parameters
option SCALE: Scale is set to 1e-06 for instance and model parameters
option SCALE: Scale is set to 1e-06 for instance and model parameters
Doing analysis at TEMP = 125.000000 and TNOM = 27.000000

Using KLU as Direct Linear Solver
Operating point simulation skipped by 'uic',
  now using transient initial conditions.
 Reference value :  5.00000e-14
 Reference value :  5.42000e-14
 Reference value :  1.38200e-13
 Reference value :  7.65400e-13
 Reference value :  3.02964e-12
 Reference value :  5.19704e-12
 Reference value :  7.95555e-12
 Reference value :  2.61081e-11
 Reference value :  4.61081e-11
 Reference value :  7.11081e-11
 Reference value :  9.11081e-11
 Reference value :  1.11108e-10
 Reference value :  1.31108e-10
 Reference value :  1.51108e-10
 Reference value :  1.76108e-10
 Reference value :  2.01108e-10
 Reference value :  2.21108e-10
 Reference value :  2.41108e-10
 Reference value :  2.61108e-10
 Reference value :  2.81108e-10
 Reference value :  2.96108e-10
 Reference value :  3.16108e-10
 Reference value :  3.36108e-10
 Reference value :  3.61108e-10
 Reference value :  3.76108e-10
 Reference value :  3.96108e-10
 Reference value :  4.11108e-10
 Reference value :  4.31108e-10
 Reference value :  4.51108e-10
 Reference value :  4.76108e-10
 Reference value :  4.96108e-10
 Reference value :  5.16108e-10
 Reference value :  5.36108e-10
 Reference value :  5.56108e-10
 Reference value :  5.76108e-10
 Reference value :  5.96108e-10
 Reference value :  6.16108e-10
 Reference value :  6.31108e-10
 Reference value :  6.46108e-10
 Reference value :  6.66108e-10
 Reference value :  6.86108e-10
 Reference value :  7.06108e-10
 Reference value :  7.31108e-10
 Reference value :  7.46108e-10
 Reference value :  7.66108e-10
 Reference value :  7.81108e-10
 Reference value :  8.06108e-10
 Reference value :  8.31108e-10
 Reference value :  8.56108e-10
 Reference value :  8.76108e-10
 Reference value :  9.01108e-10
 Reference value :  9.26108e-10
 Reference value :  9.46108e-10
 Reference value :  9.66108e-10
 Reference value :  1.00111e-09
 Reference value :  1.02111e-09
 Reference value :  1.04611e-09
 Reference value :  1.06611e-09
 Reference value :  1.09111e-09
 Reference value :  1.10611e-09
 Reference value :  1.13611e-09
 Reference value :  1.15611e-09
 Reference value :  1.17611e-09
 Reference value :  1.19111e-09
 Reference value :  1.21111e-09
 Reference value :  1.23611e-09
 Reference value :  1.25611e-09
 Reference value :  1.28111e-09
 Reference value :  1.30611e-09
 Reference value :  1.33611e-09
 Reference value :  1.36111e-09
 Reference value :  1.38111e-09
 Reference value :  1.40611e-09
 Reference value :  1.42611e-09
 Reference value :  1.44611e-09
 Reference value :  1.46611e-09
 Reference value :  1.48611e-09
 Reference value :  1.50611e-09
 Reference value :  1.53111e-09
 Reference value :  1.55611e-09
 Reference value :  1.58111e-09
 Reference value :  1.60111e-09
 Reference value :  1.62111e-09
 Reference value :  1.64111e-09
 Reference value :  1.66111e-09
 Reference value :  1.68611e-09
 Reference value :  1.71111e-09
 Reference value :  1.72611e-09
 Reference value :  1.74611e-09
 Reference value :  1.76611e-09
 Reference value :  1.78611e-09
 Reference value :  1.80611e-09
 Reference value :  1.83611e-09
 Reference value :  1.86111e-09
 Reference value :  1.88611e-09
 Reference value :  1.90111e-09
 Reference value :  1.92111e-09
 Reference value :  1.93611e-09
 Reference value :  1.96111e-09
 Reference value :  1.98611e-09
 Reference value :  2.01111e-09
 Reference value :  2.03111e-09
 Reference value :  2.05111e-09
 Reference value :  2.06611e-09
 Reference value :  2.08111e-09
 Reference value :  2.10111e-09
 Reference value :  2.12611e-09
 Reference value :  2.14611e-09
 Reference value :  2.16611e-09
 Reference value :  2.18111e-09
 Reference value :  2.21111e-09
 Reference value :  2.23111e-09
 Reference value :  2.25111e-09
 Reference value :  2.27111e-09
 Reference value :  2.29611e-09
 Reference value :  2.31611e-09
 Reference value :  2.34611e-09
 Reference value :  2.36611e-09
 Reference value :  2.38611e-09
 Reference value :  2.40611e-09
 Reference value :  2.43611e-09
 Reference value :  2.46111e-09
 Reference value :  2.48111e-09
 Reference value :  2.49611e-09
 Reference value :  2.52111e-09
 Reference value :  2.54611e-09
 Reference value :  2.57111e-09
 Reference value :  2.59611e-09
 Reference value :  2.62111e-09
 Reference value :  2.64611e-09
 Reference value :  2.67111e-09
 Reference value :  2.68611e-09
 Reference value :  2.71111e-09
 Reference value :  2.74111e-09
 Reference value :  2.76111e-09
 Reference value :  2.78111e-09
 Reference value :  2.80611e-09
 Reference value :  2.82611e-09
 Reference value :  2.84611e-09
 Reference value :  2.87111e-09
 Reference value :  2.89111e-09
 Reference value :  2.91111e-09
 Reference value :  2.92611e-09
 Reference value :  2.94611e-09
 Reference value :  2.96111e-09
 Reference value :  2.98111e-09
 Reference value :  3.00111e-09
 Reference value :  3.02111e-09
 Reference value :  3.04111e-09
 Reference value :  3.06111e-09
 Reference value :  3.08111e-09
 Reference value :  3.10111e-09
 Reference value :  3.12611e-09
 Reference value :  3.14611e-09
 Reference value :  3.16111e-09
 Reference value :  3.18111e-09
 Reference value :  3.20111e-09
 Reference value :  3.22611e-09
 Reference value :  3.25111e-09
 Reference value :  3.27611e-09
 Reference value :  3.29611e-09
 Reference value :  3.31611e-09
 Reference value :  3.34111e-09
 Reference value :  3.36611e-09
 Reference value :  3.39111e-09
 Reference value :  3.41611e-09
 Reference value :  3.44111e-09
 Reference value :  3.46111e-09
 Reference value :  3.48111e-09
 Reference value :  3.50611e-09
 Reference value :  3.52611e-09
 Reference value :  3.55111e-09
 Reference value :  3.57611e-09
 Reference value :  3.60111e-09
 Reference value :  3.62111e-09
 Reference value :  3.64611e-09
 Reference value :  3.66611e-09
 Reference value :  3.68611e-09
 Reference value :  3.71111e-09
 Reference value :  3.72611e-09
 Reference value :  3.74611e-09
 Reference value :  3.77111e-09
 Reference value :  3.79111e-09
 Reference value :  3.81111e-09
 Reference value :  3.83111e-09
 Reference value :  3.85111e-09
 Reference value :  3.87111e-09
 Reference value :  3.89111e-09
 Reference value :  3.91611e-09
 Reference value :  3.93611e-09
 Reference value :  3.95611e-09
 Reference value :  3.97611e-09
 Reference value :  4.00111e-09
 Reference value :  4.02111e-09
 Reference value :  4.03611e-09
 Reference value :  4.05611e-09
 Reference value :  4.07611e-09
 Reference value :  4.10111e-09
 Reference value :  4.12611e-09
 Reference value :  4.14611e-09
 Reference value :  4.16611e-09
 Reference value :  4.18611e-09
 Reference value :  4.20611e-09
 Reference value :  4.22611e-09
 Reference value :  4.24611e-09
 Reference value :  4.26611e-09
 Reference value :  4.29111e-09
 Reference value :  4.31611e-09
 Reference value :  4.34111e-09
 Reference value :  4.36111e-09
 Reference value :  4.38111e-09
 Reference value :  4.40611e-09
 Reference value :  4.42111e-09
 Reference value :  4.44111e-09
 Reference value :  4.45611e-09
 Reference value :  4.47611e-09
 Reference value :  4.49611e-09
 Reference value :  4.52111e-09
 Reference value :  4.53611e-09
 Reference value :  4.55611e-09
 Reference value :  4.58111e-09
 Reference value :  4.60611e-09
 Reference value :  4.62111e-09
 Reference value :  4.64111e-09
 Reference value :  4.66111e-09
 Reference value :  4.68611e-09
 Reference value :  4.70111e-09
 Reference value :  4.72111e-09
 Reference value :  4.74111e-09
 Reference value :  4.75611e-09
 Reference value :  4.77611e-09
 Reference value :  4.79611e-09
 Reference value :  4.81611e-09
 Reference value :  4.83611e-09
 Reference value :  4.85611e-09
 Reference value :  4.87611e-09
 Reference value :  4.89611e-09
 Reference value :  4.91611e-09
 Reference value :  4.93611e-09
 Reference value :  4.95611e-09
 Reference value :  4.98111e-09
 Reference value :  5.00111e-09
 Reference value :  5.02611e-09
 Reference value :  5.04611e-09
 Reference value :  5.07111e-09
 Reference value :  5.09611e-09
 Reference value :  5.11111e-09
 Reference value :  5.13611e-09
 Reference value :  5.16611e-09
 Reference value :  5.18611e-09
 Reference value :  5.20611e-09
 Reference value :  5.22611e-09
 Reference value :  5.24611e-09
 Reference value :  5.27111e-09
 Reference value :  5.29611e-09
 Reference value :  5.31111e-09
 Reference value :  5.33611e-09
 Reference value :  5.35611e-09
 Reference value :  5.37611e-09
 Reference value :  5.39611e-09
 Reference value :  5.42111e-09
 Reference value :  5.44111e-09
 Reference value :  5.46111e-09
 Reference value :  5.48611e-09
 Reference value :  5.50111e-09
 Reference value :  5.52111e-09
 Reference value :  5.54611e-09
 Reference value :  5.57111e-09
 Reference value :  5.59111e-09
 Reference value :  5.61111e-09
 Reference value :  5.63111e-09
 Reference value :  5.65111e-09
 Reference value :  5.67111e-09
 Reference value :  5.68611e-09
 Reference value :  5.71111e-09
 Reference value :  5.73111e-09
 Reference value :  5.75111e-09
 Reference value :  5.77111e-09
 Reference value :  5.79111e-09
 Reference value :  5.81611e-09
 Reference value :  5.83611e-09
 Reference value :  5.87611e-09
 Reference value :  5.89111e-09
 Reference value :  5.91111e-09
 Reference value :  5.92611e-09
 Reference value :  5.94111e-09
 Reference value :  5.96111e-09
 Reference value :  5.98611e-09
 Reference value :  6.00611e-09
 Reference value :  6.02611e-09
 Reference value :  6.04611e-09
 Reference value :  6.07111e-09
 Reference value :  6.09111e-09
 Reference value :  6.11611e-09
 Reference value :  6.14111e-09
 Reference value :  6.16111e-09
 Reference value :  6.18111e-09
 Reference value :  6.20111e-09
 Reference value :  6.22111e-09
 Reference value :  6.24611e-09
 Reference value :  6.26611e-09
 Reference value :  6.28611e-09
 Reference value :  6.30611e-09
 Reference value :  6.32611e-09
 Reference value :  6.34611e-09
 Reference value :  6.36611e-09
 Reference value :  6.38611e-09
 Reference value :  6.41611e-09
 Reference value :  6.43611e-09
 Reference value :  6.45611e-09
 Reference value :  6.47611e-09
 Reference value :  6.50111e-09
 Reference value :  6.52111e-09
 Reference value :  6.54611e-09
 Reference value :  6.56111e-09
 Reference value :  6.59111e-09
 Reference value :  6.62111e-09
 Reference value :  6.64111e-09
 Reference value :  6.66111e-09
 Reference value :  6.68111e-09
 Reference value :  6.69611e-09
 Reference value :  6.71611e-09
 Reference value :  6.73611e-09
 Reference value :  6.75611e-09
 Reference value :  6.78111e-09
 Reference value :  6.81111e-09
 Reference value :  6.84111e-09
 Reference value :  6.86611e-09
 Reference value :  6.89111e-09
 Reference value :  6.91611e-09
 Reference value :  6.93611e-09
 Reference value :  6.95111e-09
 Reference value :  6.97611e-09
 Reference value :  6.99611e-09
 Reference value :  7.01611e-09
 Reference value :  7.03611e-09
 Reference value :  7.05111e-09
 Reference value :  7.06611e-09
 Reference value :  7.08111e-09
 Reference value :  7.10111e-09
 Reference value :  7.12111e-09
 Reference value :  7.14611e-09
 Reference value :  7.16611e-09
 Reference value :  7.18611e-09
 Reference value :  7.20611e-09
 Reference value :  7.23111e-09
 Reference value :  7.25611e-09
 Reference value :  7.27611e-09
 Reference value :  7.29611e-09
 Reference value :  7.32111e-09
 Reference value :  7.34111e-09
 Reference value :  7.36611e-09
 Reference value :  7.38611e-09
 Reference value :  7.41111e-09
 Reference value :  7.43611e-09
 Reference value :  7.45611e-09
 Reference value :  7.47611e-09
 Reference value :  7.50111e-09
 Reference value :  7.52111e-09
 Reference value :  7.54111e-09
 Reference value :  7.56111e-09
 Reference value :  7.58111e-09
 Reference value :  7.60611e-09
 Reference value :  7.63111e-09
 Reference value :  7.65611e-09
 Reference value :  7.67611e-09
 Reference value :  7.70111e-09
 Reference value :  7.72611e-09
 Reference value :  7.74111e-09
 Reference value :  7.75611e-09
 Reference value :  7.77111e-09
 Reference value :  7.79611e-09
 Reference value :  7.82111e-09
 Reference value :  7.84111e-09
 Reference value :  7.86111e-09
 Reference value :  7.87611e-09
 Reference value :  7.89611e-09
 Reference value :  7.91611e-09
 Reference value :  7.93611e-09
 Reference value :  7.96111e-09
 Reference value :  7.98111e-09
 Reference value :  8.00111e-09
 Reference value :  8.02111e-09
 Reference value :  8.04611e-09
 Reference value :  8.07111e-09
 Reference value :  8.09111e-09
 Reference value :  8.11111e-09
 Reference value :  8.13611e-09
 Reference value :  8.16111e-09
 Reference value :  8.18111e-09
 Reference value :  8.20611e-09
 Reference value :  8.23111e-09
 Reference value :  8.25111e-09
 Reference value :  8.27611e-09
 Reference value :  8.29611e-09
 Reference value :  8.32611e-09
 Reference value :  8.34611e-09
 Reference value :  8.36611e-09
 Reference value :  8.39111e-09
 Reference value :  8.41611e-09
 Reference value :  8.43611e-09
 Reference value :  8.46111e-09
 Reference value :  8.47611e-09
 Reference value :  8.49611e-09
 Reference value :  8.54111e-09
 Reference value :  8.55611e-09
 Reference value :  8.57111e-09
 Reference value :  8.59111e-09
 Reference value :  8.61111e-09
 Reference value :  8.63111e-09
 Reference value :  8.65111e-09
 Reference value :  8.66611e-09
 Reference value :  8.68111e-09
 Reference value :  8.69611e-09
 Reference value :  8.71111e-09
 Reference value :  8.73111e-09
 Reference value :  8.75111e-09
 Reference value :  8.77111e-09
 Reference value :  8.79611e-09
 Reference value :  8.82111e-09
 Reference value :  8.84111e-09
 Reference value :  8.86111e-09
 Reference value :  8.88111e-09
 Reference value :  8.90111e-09
 Reference value :  8.92111e-09
 Reference value :  8.94111e-09
 Reference value :  8.96111e-09
 Reference value :  8.98111e-09
 Reference value :  9.00111e-09
 Reference value :  9.01611e-09
 Reference value :  9.03611e-09
 Reference value :  9.06111e-09
 Reference value :  9.08111e-09
 Reference value :  9.10111e-09
 Reference value :  9.12111e-09
 Reference value :  9.14611e-09
 Reference value :  9.16611e-09
 Reference value :  9.18611e-09
 Reference value :  9.21111e-09
 Reference value :  9.23111e-09
 Reference value :  9.25111e-09
 Reference value :  9.27611e-09
 Reference value :  9.29611e-09
 Reference value :  9.31111e-09
 Reference value :  9.33111e-09
 Reference value :  9.34611e-09
 Reference value :  9.36611e-09
 Reference value :  9.39111e-09
 Reference value :  9.41611e-09
 Reference value :  9.43111e-09
 Reference value :  9.45611e-09
 Reference value :  9.47611e-09
 Reference value :  9.50611e-09
 Reference value :  9.52611e-09
 Reference value :  9.55111e-09
 Reference value :  9.57111e-09
 Reference value :  9.59611e-09
 Reference value :  9.62111e-09
 Reference value :  9.64111e-09
 Reference value :  9.66611e-09
 Reference value :  9.68111e-09
 Reference value :  9.70111e-09
 Reference value :  9.72111e-09
 Reference value :  9.74111e-09
 Reference value :  9.76611e-09
 Reference value :  9.78611e-09
 Reference value :  9.81111e-09
 Reference value :  9.83111e-09
 Reference value :  9.86111e-09
 Reference value :  9.87611e-09
 Reference value :  9.89611e-09
 Reference value :  9.92111e-09
 Reference value :  9.94111e-09
 Reference value :  9.96111e-09
 Reference value :  9.98611e-09
 Reference value :  1.00111e-08
 Reference value :  1.00311e-08
 Reference value :  1.00461e-08
 Reference value :  1.00661e-08
 Reference value :  1.00861e-08
 Reference value :  1.01111e-08
 Reference value :  1.01311e-08
 Reference value :  1.01511e-08
 Reference value :  1.01761e-08
 Reference value :  1.01961e-08
 Reference value :  1.02161e-08
 Reference value :  1.02361e-08
 Reference value :  1.02561e-08
 Reference value :  1.02811e-08
 Reference value :  1.03061e-08
 Reference value :  1.03311e-08
 Reference value :  1.03461e-08
 Reference value :  1.03711e-08
 Reference value :  1.03911e-08
 Reference value :  1.04111e-08
 Reference value :  1.04361e-08
 Reference value :  1.04561e-08
 Reference value :  1.04811e-08
 Reference value :  1.05011e-08
 Reference value :  1.05161e-08
 Reference value :  1.05311e-08
 Reference value :  1.05511e-08
 Reference value :  1.05761e-08
 Reference value :  1.05961e-08
 Reference value :  1.06211e-08
 Reference value :  1.06411e-08
 Reference value :  1.06611e-08
 Reference value :  1.06811e-08
 Reference value :  1.07011e-08
 Reference value :  1.07211e-08
 Reference value :  1.07411e-08
 Reference value :  1.07661e-08
 Reference value :  1.07861e-08
 Reference value :  1.08061e-08
 Reference value :  1.08311e-08
 Reference value :  1.08511e-08
 Reference value :  1.08711e-08
 Reference value :  1.08911e-08
 Reference value :  1.09161e-08
 Reference value :  1.09361e-08
 Reference value :  1.09611e-08
 Reference value :  1.09811e-08
 Reference value :  1.10011e-08
 Reference value :  1.10161e-08
 Reference value :  1.10361e-08
 Reference value :  1.10561e-08
 Reference value :  1.10761e-08
 Reference value :  1.10961e-08
 Reference value :  1.11161e-08
 Reference value :  1.11411e-08
 Reference value :  1.11611e-08
 Reference value :  1.11811e-08
 Reference value :  1.12061e-08
 Reference value :  1.12261e-08
 Reference value :  1.12411e-08
 Reference value :  1.12611e-08
 Reference value :  1.12861e-08
 Reference value :  1.13111e-08
 Reference value :  1.13311e-08
 Reference value :  1.13561e-08
 Reference value :  1.13761e-08
 Reference value :  1.13961e-08
 Reference value :  1.14111e-08
 Reference value :  1.14311e-08
 Reference value :  1.14461e-08
 Reference value :  1.14661e-08
 Reference value :  1.14861e-08
 Reference value :  1.15111e-08
 Reference value :  1.15311e-08
 Reference value :  1.15511e-08
 Reference value :  1.15761e-08
 Reference value :  1.15911e-08
 Reference value :  1.16161e-08
 Reference value :  1.16361e-08
 Reference value :  1.16611e-08
 Reference value :  1.16761e-08
 Reference value :  1.16961e-08
 Reference value :  1.17161e-08
 Reference value :  1.17361e-08
 Reference value :  1.17561e-08
 Reference value :  1.17761e-08
 Reference value :  1.17911e-08
 Reference value :  1.18161e-08
 Reference value :  1.18361e-08
 Reference value :  1.18611e-08
 Reference value :  1.18811e-08
 Reference value :  1.18961e-08
 Reference value :  1.19111e-08
 Reference value :  1.19261e-08
 Reference value :  1.19561e-08
 Reference value :  1.19761e-08
 Reference value :  1.19911e-08
 Reference value :  1.20111e-08
 Reference value :  1.20311e-08
 Reference value :  1.20561e-08
 Reference value :  1.20811e-08
 Reference value :  1.21011e-08
 Reference value :  1.21211e-08
 Reference value :  1.21461e-08
 Reference value :  1.21611e-08
 Reference value :  1.21811e-08
 Reference value :  1.21961e-08
 Reference value :  1.22161e-08
 Reference value :  1.22361e-08
 Reference value :  1.22511e-08
 Reference value :  1.22711e-08
 Reference value :  1.22911e-08
 Reference value :  1.23061e-08
 Reference value :  1.23211e-08
 Reference value :  1.23361e-08
 Reference value :  1.23561e-08
 Reference value :  1.23761e-08
 Reference value :  1.23961e-08
 Reference value :  1.24161e-08
 Reference value :  1.24361e-08
 Reference value :  1.24611e-08
 Reference value :  1.24861e-08
 Reference value :  1.25061e-08
 Reference value :  1.25261e-08
 Reference value :  1.25461e-08
 Reference value :  1.25661e-08
 Reference value :  1.25861e-08
 Reference value :  1.26111e-08
 Reference value :  1.26311e-08
 Reference value :  1.26561e-08
 Reference value :  1.26761e-08
 Reference value :  1.27011e-08
 Reference value :  1.27211e-08
 Reference value :  1.27411e-08
 Reference value :  1.27611e-08
 Reference value :  1.27861e-08
 Reference value :  1.28061e-08
 Reference value :  1.28311e-08
 Reference value :  1.28511e-08
 Reference value :  1.28761e-08
 Reference value :  1.29011e-08
 Reference value :  1.29211e-08
 Reference value :  1.29461e-08
 Reference value :  1.29661e-08
 Reference value :  1.29961e-08
 Reference value :  1.30211e-08
 Reference value :  1.30461e-08
 Reference value :  1.30661e-08
 Reference value :  1.30861e-08
 Reference value :  1.31061e-08
 Reference value :  1.31261e-08
 Reference value :  1.31511e-08
 Reference value :  1.31811e-08
 Reference value :  1.32011e-08
 Reference value :  1.32211e-08
 Reference value :  1.32411e-08
 Reference value :  1.32661e-08
 Reference value :  1.32861e-08
 Reference value :  1.33111e-08
 Reference value :  1.33361e-08
 Reference value :  1.33561e-08
 Reference value :  1.33811e-08
 Reference value :  1.34061e-08
 Reference value :  1.34261e-08
 Reference value :  1.34511e-08
 Reference value :  1.34661e-08
 Reference value :  1.34911e-08
 Reference value :  1.35061e-08
 Reference value :  1.35261e-08
 Reference value :  1.35411e-08
 Reference value :  1.35611e-08
 Reference value :  1.35811e-08
 Reference value :  1.36011e-08
 Reference value :  1.36161e-08
 Reference value :  1.36361e-08
 Reference value :  1.36561e-08
 Reference value :  1.36761e-08
 Reference value :  1.36961e-08
 Reference value :  1.37161e-08
 Reference value :  1.37361e-08
 Reference value :  1.37611e-08
 Reference value :  1.37861e-08
 Reference value :  1.38111e-08
 Reference value :  1.38311e-08
 Reference value :  1.38561e-08
 Reference value :  1.38761e-08
 Reference value :  1.38961e-08
 Reference value :  1.39161e-08
 Reference value :  1.39361e-08
 Reference value :  1.39511e-08
 Reference value :  1.39711e-08
 Reference value :  1.39961e-08
 Reference value :  1.40111e-08
 Reference value :  1.40361e-08
 Reference value :  1.40611e-08
 Reference value :  1.40861e-08
 Reference value :  1.41111e-08
 Reference value :  1.41361e-08
 Reference value :  1.41561e-08
 Reference value :  1.41811e-08
 Reference value :  1.42011e-08
 Reference value :  1.42261e-08
 Reference value :  1.42461e-08
 Reference value :  1.42661e-08
 Reference value :  1.42911e-08
 Reference value :  1.43111e-08
 Reference value :  1.43311e-08
 Reference value :  1.43661e-08
 Reference value :  1.43911e-08
 Reference value :  1.44111e-08
 Reference value :  1.44261e-08
 Reference value :  1.44461e-08
 Reference value :  1.44661e-08
 Reference value :  1.44861e-08
 Reference value :  1.45061e-08
 Reference value :  1.45311e-08
 Reference value :  1.45461e-08
 Reference value :  1.45661e-08
 Reference value :  1.45861e-08
 Reference value :  1.46061e-08
 Reference value :  1.46211e-08
 Reference value :  1.46411e-08
 Reference value :  1.46661e-08
 Reference value :  1.46811e-08
 Reference value :  1.47061e-08
 Reference value :  1.47261e-08
 Reference value :  1.47461e-08
 Reference value :  1.47761e-08
 Reference value :  1.47961e-08
 Reference value :  1.48161e-08
 Reference value :  1.48311e-08
 Reference value :  1.48461e-08
 Reference value :  1.48661e-08
 Reference value :  1.48811e-08
 Reference value :  1.49011e-08
 Reference value :  1.49211e-08
 Reference value :  1.49361e-08
 Reference value :  1.49561e-08
 Reference value :  1.49761e-08
 Reference value :  1.49961e-08
 Reference value :  1.50161e-08
 Reference value :  1.50361e-08
 Reference value :  1.50561e-08
 Reference value :  1.50761e-08
 Reference value :  1.50961e-08
 Reference value :  1.51211e-08
 Reference value :  1.51411e-08
 Reference value :  1.51611e-08
 Reference value :  1.51811e-08
 Reference value :  1.52011e-08
 Reference value :  1.52211e-08
 Reference value :  1.52411e-08
 Reference value :  1.52661e-08
 Reference value :  1.52861e-08
 Reference value :  1.53061e-08
 Reference value :  1.53261e-08
 Reference value :  1.53461e-08
 Reference value :  1.53661e-08
 Reference value :  1.53861e-08
 Reference value :  1.54061e-08
 Reference value :  1.54261e-08
 Reference value :  1.54511e-08
 Reference value :  1.54711e-08
 Reference value :  1.54911e-08
 Reference value :  1.55161e-08
 Reference value :  1.55411e-08
 Reference value :  1.55611e-08
 Reference value :  1.55811e-08
 Reference value :  1.56061e-08
 Reference value :  1.56311e-08
 Reference value :  1.56561e-08
 Reference value :  1.56811e-08
 Reference value :  1.57011e-08
 Reference value :  1.57211e-08
 Reference value :  1.57461e-08
 Reference value :  1.57661e-08
 Reference value :  1.57861e-08
 Reference value :  1.58061e-08
 Reference value :  1.58211e-08
 Reference value :  1.58411e-08
 Reference value :  1.58611e-08
 Reference value :  1.58811e-08
 Reference value :  1.59061e-08
 Reference value :  1.59311e-08
 Reference value :  1.59511e-08
 Reference value :  1.59761e-08
 Reference value :  1.59961e-08
 Reference value :  1.60161e-08
 Reference value :  1.60361e-08
 Reference value :  1.60611e-08
 Reference value :  1.60861e-08
 Reference value :  1.61061e-08
 Reference value :  1.61211e-08
 Reference value :  1.61461e-08
 Reference value :  1.61661e-08
 Reference value :  1.61861e-08
 Reference value :  1.62061e-08
 Reference value :  1.62261e-08
 Reference value :  1.62511e-08
 Reference value :  1.62711e-08
 Reference value :  1.62861e-08
 Reference value :  1.63011e-08
 Reference value :  1.63211e-08
 Reference value :  1.63411e-08
 Reference value :  1.63611e-08
 Reference value :  1.63861e-08
 Reference value :  1.64111e-08
 Reference value :  1.64311e-08
 Reference value :  1.64511e-08
 Reference value :  1.64711e-08
 Reference value :  1.64911e-08
 Reference value :  1.65111e-08
 Reference value :  1.65361e-08
 Reference value :  1.65561e-08
 Reference value :  1.65761e-08
 Reference value :  1.66011e-08
 Reference value :  1.66261e-08
 Reference value :  1.66511e-08
 Reference value :  1.66711e-08
 Reference value :  1.66861e-08
 Reference value :  1.67111e-08
 Reference value :  1.67311e-08
 Reference value :  1.67511e-08
 Reference value :  1.67711e-08
 Reference value :  1.67911e-08
 Reference value :  1.68161e-08
 Reference value :  1.68361e-08
 Reference value :  1.68611e-08
 Reference value :  1.68761e-08
 Reference value :  1.68961e-08
 Reference value :  1.69161e-08
 Reference value :  1.69361e-08
 Reference value :  1.69561e-08
 Reference value :  1.69811e-08
 Reference value :  1.70011e-08
 Reference value :  1.70211e-08
 Reference value :  1.70461e-08
 Reference value :  1.70711e-08
 Reference value :  1.71011e-08
 Reference value :  1.71311e-08
 Reference value :  1.71511e-08
 Reference value :  1.71761e-08
 Reference value :  1.71911e-08
 Reference value :  1.72111e-08
 Reference value :  1.72311e-08
 Reference value :  1.72561e-08
 Reference value :  1.72761e-08
 Reference value :  1.72961e-08
 Reference value :  1.73111e-08
 Reference value :  1.73261e-08
 Reference value :  1.73461e-08
 Reference value :  1.73711e-08
 Reference value :  1.73911e-08
 Reference value :  1.74111e-08
 Reference value :  1.74311e-08
 Reference value :  1.74511e-08
 Reference value :  1.74761e-08
 Reference value :  1.74961e-08
 Reference value :  1.75161e-08
 Reference value :  1.75361e-08
 Reference value :  1.75611e-08
 Reference value :  1.75811e-08
 Reference value :  1.75961e-08
 Reference value :  1.76211e-08
 Reference value :  1.76411e-08
 Reference value :  1.76611e-08
 Reference value :  1.76811e-08
 Reference value :  1.77011e-08
 Reference value :  1.77211e-08
 Reference value :  1.77361e-08
 Reference value :  1.77611e-08
 Reference value :  1.77861e-08
 Reference value :  1.78061e-08
 Reference value :  1.78311e-08
 Reference value :  1.78611e-08
 Reference value :  1.78761e-08
 Reference value :  1.79011e-08
 Reference value :  1.79211e-08
 Reference value :  1.79411e-08
 Reference value :  1.79661e-08
 Reference value :  1.79861e-08
 Reference value :  1.80061e-08
 Reference value :  1.80311e-08
 Reference value :  1.80511e-08
 Reference value :  1.80711e-08
 Reference value :  1.80911e-08
 Reference value :  1.81161e-08
 Reference value :  1.81361e-08
 Reference value :  1.81561e-08
 Reference value :  1.81761e-08
 Reference value :  1.81961e-08
 Reference value :  1.82161e-08
 Reference value :  1.82411e-08
 Reference value :  1.82561e-08
 Reference value :  1.82711e-08
 Reference value :  1.82861e-08
 Reference value :  1.83111e-08
 Reference value :  1.83311e-08
 Reference value :  1.83511e-08
 Reference value :  1.83661e-08
 Reference value :  1.83861e-08
 Reference value :  1.84061e-08
 Reference value :  1.84311e-08
 Reference value :  1.84511e-08
 Reference value :  1.84761e-08
 Reference value :  1.85011e-08
 Reference value :  1.85211e-08
 Reference value :  1.85461e-08
 Reference value :  1.85711e-08
 Reference value :  1.85911e-08
 Reference value :  1.86161e-08
 Reference value :  1.86361e-08
 Reference value :  1.86561e-08
 Reference value :  1.86761e-08
 Reference value :  1.86961e-08
 Reference value :  1.87161e-08
 Reference value :  1.87361e-08
 Reference value :  1.87561e-08
 Reference value :  1.87811e-08
 Reference value :  1.88011e-08
 Reference value :  1.88261e-08
 Reference value :  1.88561e-08
 Reference value :  1.88711e-08
 Reference value :  1.88911e-08
 Reference value :  1.89111e-08
 Reference value :  1.89311e-08
 Reference value :  1.89511e-08
 Reference value :  1.89711e-08
 Reference value :  1.89961e-08
 Reference value :  1.90161e-08
 Reference value :  1.90361e-08
 Reference value :  1.90561e-08
 Reference value :  1.90711e-08
 Reference value :  1.90911e-08
 Reference value :  1.91061e-08
 Reference value :  1.91311e-08
 Reference value :  1.91511e-08
 Reference value :  1.91711e-08
 Reference value :  1.91911e-08
 Reference value :  1.92161e-08
 Reference value :  1.92311e-08
 Reference value :  1.92511e-08
 Reference value :  1.92711e-08
 Reference value :  1.92911e-08
 Reference value :  1.93061e-08
 Reference value :  1.93261e-08
 Reference value :  1.93511e-08
 Reference value :  1.93761e-08
 Reference value :  1.94011e-08
 Reference value :  1.94261e-08
 Reference value :  1.94461e-08
 Reference value :  1.94611e-08
 Reference value :  1.94811e-08
 Reference value :  1.95011e-08
 Reference value :  1.95211e-08
 Reference value :  1.95411e-08
 Reference value :  1.95661e-08
 Reference value :  1.95911e-08
 Reference value :  1.96111e-08
 Reference value :  1.96311e-08
 Reference value :  1.96561e-08
No. of Data Rows : 4018
Note: Simulation executed from .control section 
