
Note: Compatibility modes selected: hs a


Circuit: * comparator-decision reset-integrity check -- variant=as-drawn corner=ss temp=-40.0c supply=1.8v (issue #24)

option SCALE: Scale is set to 1e-06 for instance and model parameters
option SCALE: Scale is set to 1e-06 for instance and model parameters
option SCALE: Scale is set to 1e-06 for instance and model parameters
option SCALE: Scale is set to 1e-06 for instance and model parameters
Doing analysis at TEMP = -40.000000 and TNOM = 27.000000

Using KLU as Direct Linear Solver
Operating point simulation skipped by 'uic',
  now using transient initial conditions.
 Reference value :  5.00000e-14
 Reference value :  5.42000e-14
 Reference value :  1.38200e-13
 Reference value :  4.07000e-13
 Reference value :  2.00155e-12
 Reference value :  5.00000e-12
 Reference value :  6.37669e-12
 Reference value :  1.60968e-11
 Reference value :  3.10968e-11
 Reference value :  4.60968e-11
 Reference value :  6.10968e-11
 Reference value :  8.10968e-11
 Reference value :  1.01097e-10
 Reference value :  1.21097e-10
 Reference value :  1.46097e-10
 Reference value :  1.66097e-10
 Reference value :  1.86097e-10
 Reference value :  2.11097e-10
 Reference value :  2.31097e-10
 Reference value :  2.51097e-10
 Reference value :  2.71097e-10
 Reference value :  2.91097e-10
 Reference value :  3.11097e-10
 Reference value :  3.31097e-10
 Reference value :  3.51097e-10
 Reference value :  3.71097e-10
 Reference value :  3.91097e-10
 Reference value :  4.11097e-10
 Reference value :  4.31097e-10
 Reference value :  4.56097e-10
 Reference value :  4.71097e-10
 Reference value :  4.96097e-10
 Reference value :  5.16097e-10
 Reference value :  5.31097e-10
 Reference value :  5.51097e-10
 Reference value :  5.71097e-10
 Reference value :  5.91097e-10
 Reference value :  6.11097e-10
 Reference value :  6.31097e-10
 Reference value :  6.56097e-10
 Reference value :  6.76097e-10
 Reference value :  6.96097e-10
 Reference value :  7.16097e-10
 Reference value :  7.41097e-10
 Reference value :  7.61097e-10
 Reference value :  7.81097e-10
 Reference value :  8.01097e-10
 Reference value :  8.21097e-10
 Reference value :  8.41097e-10
 Reference value :  8.61097e-10
 Reference value :  8.76097e-10
 Reference value :  8.91097e-10
 Reference value :  9.11097e-10
 Reference value :  9.36097e-10
 Reference value :  9.56097e-10
 Reference value :  9.81097e-10
 Reference value :  1.00110e-09
 Reference value :  1.02110e-09
 Reference value :  1.04110e-09
 Reference value :  1.05610e-09
 Reference value :  1.07610e-09
 Reference value :  1.09110e-09
 Reference value :  1.11610e-09
 Reference value :  1.13610e-09
 Reference value :  1.15610e-09
 Reference value :  1.17610e-09
 Reference value :  1.19610e-09
 Reference value :  1.21610e-09
 Reference value :  1.23610e-09
 Reference value :  1.25610e-09
 Reference value :  1.27610e-09
 Reference value :  1.29110e-09
 Reference value :  1.31610e-09
 Reference value :  1.33610e-09
 Reference value :  1.35610e-09
 Reference value :  1.37610e-09
 Reference value :  1.40110e-09
 Reference value :  1.42110e-09
 Reference value :  1.45610e-09
 Reference value :  1.47610e-09
 Reference value :  1.49110e-09
 Reference value :  1.51110e-09
 Reference value :  1.53110e-09
 Reference value :  1.55110e-09
 Reference value :  1.57110e-09
 Reference value :  1.59610e-09
 Reference value :  1.61610e-09
 Reference value :  1.63610e-09
 Reference value :  1.65610e-09
 Reference value :  1.67610e-09
 Reference value :  1.69610e-09
 Reference value :  1.71110e-09
 Reference value :  1.73110e-09
 Reference value :  1.75110e-09
 Reference value :  1.77610e-09
 Reference value :  1.79610e-09
 Reference value :  1.81110e-09
 Reference value :  1.83110e-09
 Reference value :  1.84610e-09
 Reference value :  1.86610e-09
 Reference value :  1.88110e-09
 Reference value :  1.90110e-09
 Reference value :  1.92110e-09
 Reference value :  1.93610e-09
 Reference value :  1.95610e-09
 Reference value :  1.97110e-09
 Reference value :  1.99110e-09
 Reference value :  2.01110e-09
 Reference value :  2.02610e-09
 Reference value :  2.04610e-09
 Reference value :  2.06610e-09
 Reference value :  2.08610e-09
 Reference value :  2.10610e-09
 Reference value :  2.12110e-09
 Reference value :  2.14610e-09
 Reference value :  2.16110e-09
 Reference value :  2.18110e-09
 Reference value :  2.20110e-09
 Reference value :  2.22110e-09
 Reference value :  2.24110e-09
 Reference value :  2.26110e-09
 Reference value :  2.28110e-09
 Reference value :  2.30110e-09
 Reference value :  2.32610e-09
 Reference value :  2.34610e-09
 Reference value :  2.37110e-09
 Reference value :  2.39110e-09
 Reference value :  2.41110e-09
 Reference value :  2.43110e-09
 Reference value :  2.45110e-09
 Reference value :  2.47610e-09
 Reference value :  2.50110e-09
 Reference value :  2.52110e-09
 Reference value :  2.53610e-09
 Reference value :  2.55610e-09
 Reference value :  2.57610e-09
 Reference value :  2.59610e-09
 Reference value :  2.85610e-09
 Reference value :  2.87610e-09
 Reference value :  2.89610e-09
 Reference value :  2.91610e-09
 Reference value :  2.93610e-09
 Reference value :  2.95610e-09
 Reference value :  2.97610e-09
 Reference value :  3.00110e-09
 Reference value :  3.02110e-09
 Reference value :  3.04110e-09
 Reference value :  3.06110e-09
 Reference value :  3.08110e-09
 Reference value :  3.10110e-09
 Reference value :  3.12110e-09
 Reference value :  3.14110e-09
 Reference value :  3.16110e-09
 Reference value :  3.18110e-09
 Reference value :  3.20110e-09
 Reference value :  3.22110e-09
 Reference value :  3.23610e-09
 Reference value :  3.25110e-09
 Reference value :  3.27110e-09
 Reference value :  3.29110e-09
 Reference value :  3.31110e-09
 Reference value :  3.33110e-09
 Reference value :  3.35110e-09
 Reference value :  3.37110e-09
 Reference value :  3.39110e-09
 Reference value :  3.41110e-09
 Reference value :  3.43110e-09
 Reference value :  3.45610e-09
 Reference value :  3.48110e-09
 Reference value :  3.50110e-09
 Reference value :  3.52110e-09
 Reference value :  3.56110e-09
 Reference value :  3.58110e-09
 Reference value :  3.60110e-09
 Reference value :  3.62110e-09
 Reference value :  3.64110e-09
 Reference value :  3.66110e-09
 Reference value :  3.68110e-09
 Reference value :  3.70110e-09
 Reference value :  3.71610e-09
 Reference value :  3.73610e-09
 Reference value :  3.75610e-09
 Reference value :  3.77610e-09
 Reference value :  3.79110e-09
 Reference value :  3.80610e-09
 Reference value :  3.82110e-09
 Reference value :  3.84110e-09
 Reference value :  3.85610e-09
 Reference value :  3.87610e-09
 Reference value :  3.89610e-09
 Reference value :  3.91610e-09
 Reference value :  3.93110e-09
 Reference value :  3.95110e-09
 Reference value :  3.96610e-09
 Reference value :  3.98610e-09
 Reference value :  4.01110e-09
 Reference value :  4.03610e-09
 Reference value :  4.05610e-09
 Reference value :  4.07610e-09
 Reference value :  4.10110e-09
 Reference value :  4.11610e-09
 Reference value :  4.13610e-09
 Reference value :  4.15110e-09
 Reference value :  4.17110e-09
 Reference value :  4.19110e-09
 Reference value :  4.20610e-09
 Reference value :  4.22610e-09
 Reference value :  4.24610e-09
 Reference value :  4.27110e-09
 Reference value :  4.29110e-09
 Reference value :  4.31610e-09
 Reference value :  4.33610e-09
 Reference value :  4.35610e-09
 Reference value :  4.37610e-09
 Reference value :  4.39610e-09
 Reference value :  4.41610e-09
 Reference value :  4.43610e-09
 Reference value :  4.45610e-09
 Reference value :  4.48110e-09
 Reference value :  4.49610e-09
 Reference value :  4.51110e-09
 Reference value :  4.53610e-09
 Reference value :  4.55610e-09
 Reference value :  4.57610e-09
 Reference value :  4.59610e-09
 Reference value :  4.62110e-09
 Reference value :  4.64110e-09
 Reference value :  4.66110e-09
 Reference value :  4.68110e-09
 Reference value :  4.69610e-09
 Reference value :  4.71610e-09
 Reference value :  4.73610e-09
 Reference value :  4.75610e-09
 Reference value :  4.78110e-09
 Reference value :  4.79610e-09
 Reference value :  4.81610e-09
 Reference value :  4.83610e-09
 Reference value :  4.85610e-09
 Reference value :  4.87110e-09
 Reference value :  4.89110e-09
 Reference value :  4.91110e-09
 Reference value :  4.93110e-09
 Reference value :  4.94610e-09
 Reference value :  4.96610e-09
 Reference value :  4.98610e-09
 Reference value :  5.00610e-09
 Reference value :  5.02110e-09
 Reference value :  5.03610e-09
 Reference value :  5.05610e-09
 Reference value :  5.07610e-09
 Reference value :  5.09110e-09
 Reference value :  5.11110e-09
 Reference value :  5.13610e-09
 Reference value :  5.15110e-09
 Reference value :  5.16610e-09
 Reference value :  5.18610e-09
 Reference value :  5.20610e-09
 Reference value :  5.22110e-09
 Reference value :  5.24110e-09
 Reference value :  5.26110e-09
 Reference value :  5.28110e-09
 Reference value :  5.30110e-09
 Reference value :  5.32110e-09
 Reference value :  5.34110e-09
 Reference value :  5.36110e-09
 Reference value :  5.38110e-09
 Reference value :  5.40110e-09
 Reference value :  5.41610e-09
 Reference value :  5.43610e-09
 Reference value :  5.45110e-09
 Reference value :  5.47110e-09
 Reference value :  5.49110e-09
 Reference value :  5.50610e-09
 Reference value :  5.52110e-09
 Reference value :  5.54110e-09
 Reference value :  5.57610e-09
 Reference value :  5.59110e-09
 Reference value :  5.60610e-09
 Reference value :  5.63110e-09
 Reference value :  5.65110e-09
 Reference value :  5.67610e-09
 Reference value :  5.69610e-09
 Reference value :  5.71610e-09
 Reference value :  5.73610e-09
 Reference value :  5.76110e-09
 Reference value :  5.78110e-09
 Reference value :  5.80110e-09
 Reference value :  5.82610e-09
 Reference value :  5.84610e-09
 Reference value :  5.86610e-09
 Reference value :  5.89110e-09
 Reference value :  5.91110e-09
 Reference value :  5.93110e-09
 Reference value :  5.95610e-09
 Reference value :  5.97610e-09
 Reference value :  5.99610e-09
 Reference value :  6.01610e-09
 Reference value :  6.03610e-09
 Reference value :  6.05610e-09
 Reference value :  6.07610e-09
 Reference value :  6.09610e-09
 Reference value :  6.12110e-09
 Reference value :  6.14610e-09
 Reference value :  6.16610e-09
 Reference value :  6.18610e-09
 Reference value :  6.21110e-09
 Reference value :  6.23110e-09
 Reference value :  6.25110e-09
 Reference value :  6.27110e-09
 Reference value :  6.29110e-09
 Reference value :  6.31110e-09
 Reference value :  6.33110e-09
 Reference value :  6.34610e-09
 Reference value :  6.36610e-09
 Reference value :  6.39110e-09
 Reference value :  6.40610e-09
 Reference value :  6.42610e-09
 Reference value :  6.45110e-09
 Reference value :  6.47110e-09
 Reference value :  6.49110e-09
 Reference value :  6.61110e-09
 Reference value :  6.63610e-09
 Reference value :  6.65610e-09
 Reference value :  6.67610e-09
 Reference value :  6.69610e-09
 Reference value :  6.72110e-09
 Reference value :  6.74110e-09
 Reference value :  6.76110e-09
 Reference value :  6.78610e-09
 Reference value :  6.81110e-09
 Reference value :  6.83610e-09
 Reference value :  6.85610e-09
 Reference value :  6.87110e-09
 Reference value :  6.89110e-09
 Reference value :  6.91110e-09
 Reference value :  6.93110e-09
 Reference value :  6.95110e-09
 Reference value :  6.97110e-09
 Reference value :  6.99110e-09
 Reference value :  7.01110e-09
 Reference value :  7.03110e-09
 Reference value :  7.05110e-09
 Reference value :  7.06610e-09
 Reference value :  7.08610e-09
 Reference value :  7.10610e-09
 Reference value :  7.12610e-09
 Reference value :  7.14610e-09
 Reference value :  7.16610e-09
 Reference value :  7.18610e-09
 Reference value :  7.20610e-09
 Reference value :  7.23110e-09
 Reference value :  7.25110e-09
 Reference value :  7.27110e-09
 Reference value :  7.29610e-09
 Reference value :  7.31110e-09
 Reference value :  7.33110e-09
 Reference value :  7.35110e-09
 Reference value :  7.37110e-09
 Reference value :  7.39110e-09
 Reference value :  7.41110e-09
 Reference value :  7.43110e-09
 Reference value :  7.45110e-09
 Reference value :  7.47110e-09
 Reference value :  7.49610e-09
 Reference value :  7.51610e-09
 Reference value :  7.53110e-09
 Reference value :  7.55110e-09
 Reference value :  7.57610e-09
 Reference value :  7.59610e-09
 Reference value :  7.61610e-09
 Reference value :  7.63610e-09
 Reference value :  7.65610e-09
 Reference value :  7.67610e-09
 Reference value :  7.70110e-09
 Reference value :  7.72110e-09
 Reference value :  7.74110e-09
 Reference value :  7.76110e-09
 Reference value :  7.78110e-09
 Reference value :  7.80110e-09
 Reference value :  7.82110e-09
 Reference value :  7.83610e-09
 Reference value :  7.85610e-09
 Reference value :  7.87610e-09
 Reference value :  7.89610e-09
 Reference value :  7.91610e-09
 Reference value :  7.93610e-09
 Reference value :  7.95610e-09
 Reference value :  7.97610e-09
 Reference value :  7.99610e-09
 Reference value :  8.01610e-09
 Reference value :  8.03610e-09
 Reference value :  8.05610e-09
 Reference value :  8.07610e-09
 Reference value :  8.09610e-09
 Reference value :  8.11610e-09
 Reference value :  8.13610e-09
 Reference value :  8.15610e-09
 Reference value :  8.17610e-09
 Reference value :  8.19610e-09
 Reference value :  8.21610e-09
 Reference value :  8.23110e-09
 Reference value :  8.24610e-09
 Reference value :  8.26610e-09
 Reference value :  8.28610e-09
 Reference value :  8.30110e-09
 Reference value :  8.32110e-09
 Reference value :  8.34110e-09
 Reference value :  8.35610e-09
 Reference value :  8.38110e-09
 Reference value :  8.39610e-09
 Reference value :  8.41610e-09
 Reference value :  8.43110e-09
 Reference value :  8.45110e-09
 Reference value :  8.47110e-09
 Reference value :  8.49110e-09
 Reference value :  8.51110e-09
 Reference value :  8.53110e-09
 Reference value :  8.54610e-09
 Reference value :  8.56610e-09
 Reference value :  8.59110e-09
 Reference value :  8.61610e-09
 Reference value :  8.64110e-09
 Reference value :  8.66110e-09
 Reference value :  8.68610e-09
 Reference value :  8.70610e-09
 Reference value :  8.73110e-09
 Reference value :  8.75110e-09
 Reference value :  8.76610e-09
 Reference value :  8.79110e-09
 Reference value :  8.81610e-09
 Reference value :  8.84110e-09
 Reference value :  8.86610e-09
 Reference value :  8.88610e-09
 Reference value :  8.90610e-09
 Reference value :  8.92610e-09
 Reference value :  8.94610e-09
 Reference value :  8.96610e-09
 Reference value :  8.98610e-09
 Reference value :  9.00610e-09
 Reference value :  9.02610e-09
 Reference value :  9.04610e-09
 Reference value :  9.06610e-09
 Reference value :  9.08610e-09
 Reference value :  9.11110e-09
 Reference value :  9.12610e-09
 Reference value :  9.14110e-09
 Reference value :  9.16110e-09
 Reference value :  9.18110e-09
 Reference value :  9.20110e-09
 Reference value :  9.22110e-09
 Reference value :  9.24110e-09
 Reference value :  9.26110e-09
 Reference value :  9.28610e-09
 Reference value :  9.32110e-09
 Reference value :  9.34110e-09
 Reference value :  9.36110e-09
 Reference value :  9.38110e-09
 Reference value :  9.40110e-09
 Reference value :  9.41610e-09
 Reference value :  9.43610e-09
 Reference value :  9.45610e-09
 Reference value :  9.47610e-09
 Reference value :  9.49610e-09
 Reference value :  9.52110e-09
 Reference value :  9.54110e-09
 Reference value :  9.56110e-09
 Reference value :  9.58110e-09
 Reference value :  9.60110e-09
 Reference value :  9.61610e-09
 Reference value :  9.63610e-09
 Reference value :  9.65110e-09
 Reference value :  9.67110e-09
 Reference value :  9.69110e-09
 Reference value :  9.71110e-09
 Reference value :  9.73110e-09
 Reference value :  9.75110e-09
 Reference value :  9.77110e-09
 Reference value :  9.79110e-09
 Reference value :  9.81110e-09
 Reference value :  9.84110e-09
 Reference value :  9.86610e-09
 Reference value :  9.88610e-09
 Reference value :  9.90610e-09
 Reference value :  9.92610e-09
 Reference value :  9.94610e-09
 Reference value :  9.96610e-09
 Reference value :  9.98110e-09
 Reference value :  1.00011e-08
 Reference value :  1.00211e-08
 Reference value :  1.00411e-08
 Reference value :  1.00561e-08
 Reference value :  1.00761e-08
 Reference value :  1.00961e-08
 Reference value :  1.01161e-08
 Reference value :  1.01361e-08
 Reference value :  1.01561e-08
 Reference value :  1.01761e-08
 Reference value :  1.01911e-08
 Reference value :  1.02061e-08
 Reference value :  1.02211e-08
 Reference value :  1.02411e-08
 Reference value :  1.02611e-08
 Reference value :  1.02761e-08
 Reference value :  1.02961e-08
 Reference value :  1.03161e-08
 Reference value :  1.03361e-08
 Reference value :  1.03511e-08
 Reference value :  1.03711e-08
 Reference value :  1.03911e-08
 Reference value :  1.04061e-08
 Reference value :  1.04261e-08
 Reference value :  1.04461e-08
 Reference value :  1.04661e-08
 Reference value :  1.04811e-08
 Reference value :  1.05011e-08
 Reference value :  1.05211e-08
 Reference value :  1.05411e-08
 Reference value :  1.05611e-08
 Reference value :  1.05811e-08
 Reference value :  1.06011e-08
 Reference value :  1.06211e-08
 Reference value :  1.06461e-08
 Reference value :  1.06661e-08
 Reference value :  1.06861e-08
 Reference value :  1.07061e-08
 Reference value :  1.07311e-08
 Reference value :  1.07511e-08
 Reference value :  1.07711e-08
 Reference value :  1.09661e-08
 Reference value :  1.09861e-08
 Reference value :  1.10061e-08
 Reference value :  1.10261e-08
 Reference value :  1.10411e-08
 Reference value :  1.10611e-08
 Reference value :  1.10811e-08
 Reference value :  1.11011e-08
 Reference value :  1.11211e-08
 Reference value :  1.11361e-08
 Reference value :  1.11561e-08
 Reference value :  1.11761e-08
 Reference value :  1.11961e-08
 Reference value :  1.12161e-08
 Reference value :  1.12361e-08
 Reference value :  1.12561e-08
 Reference value :  1.12811e-08
 Reference value :  1.13011e-08
 Reference value :  1.13161e-08
 Reference value :  1.13361e-08
 Reference value :  1.13561e-08
 Reference value :  1.13711e-08
 Reference value :  1.13861e-08
 Reference value :  1.14061e-08
 Reference value :  1.14261e-08
 Reference value :  1.14461e-08
 Reference value :  1.14661e-08
 Reference value :  1.14861e-08
 Reference value :  1.15061e-08
 Reference value :  1.15311e-08
 Reference value :  1.15511e-08
 Reference value :  1.15661e-08
 Reference value :  1.15861e-08
 Reference value :  1.16111e-08
 Reference value :  1.16361e-08
 Reference value :  1.16561e-08
 Reference value :  1.16811e-08
 Reference value :  1.16961e-08
 Reference value :  1.17211e-08
 Reference value :  1.17411e-08
 Reference value :  1.17611e-08
 Reference value :  1.17811e-08
 Reference value :  1.17961e-08
 Reference value :  1.18161e-08
 Reference value :  1.18361e-08
 Reference value :  1.18561e-08
 Reference value :  1.18811e-08
 Reference value :  1.19011e-08
 Reference value :  1.19211e-08
 Reference value :  1.19411e-08
 Reference value :  1.19611e-08
 Reference value :  1.19811e-08
 Reference value :  1.20061e-08
 Reference value :  1.20261e-08
 Reference value :  1.20511e-08
 Reference value :  1.20711e-08
 Reference value :  1.20911e-08
 Reference value :  1.21161e-08
 Reference value :  1.21361e-08
 Reference value :  1.21611e-08
 Reference value :  1.21761e-08
 Reference value :  1.21961e-08
 Reference value :  1.22161e-08
 Reference value :  1.22361e-08
 Reference value :  1.22561e-08
 Reference value :  1.22761e-08
 Reference value :  1.22961e-08
 Reference value :  1.23161e-08
 Reference value :  1.23411e-08
 Reference value :  1.23611e-08
 Reference value :  1.23811e-08
 Reference value :  1.24061e-08
 Reference value :  1.24261e-08
 Reference value :  1.24461e-08
 Reference value :  1.24661e-08
 Reference value :  1.24861e-08
 Reference value :  1.25061e-08
 Reference value :  1.25261e-08
 Reference value :  1.25511e-08
 Reference value :  1.25711e-08
 Reference value :  1.25911e-08
 Reference value :  1.26111e-08
 Reference value :  1.26261e-08
 Reference value :  1.26461e-08
 Reference value :  1.26661e-08
 Reference value :  1.26861e-08
 Reference value :  1.27061e-08
 Reference value :  1.27261e-08
 Reference value :  1.27461e-08
 Reference value :  1.27611e-08
 Reference value :  1.27811e-08
 Reference value :  1.28011e-08
 Reference value :  1.28211e-08
 Reference value :  1.28411e-08
 Reference value :  1.28611e-08
 Reference value :  1.28811e-08
 Reference value :  1.29061e-08
 Reference value :  1.29311e-08
 Reference value :  1.29561e-08
 Reference value :  1.29811e-08
 Reference value :  1.30011e-08
 Reference value :  1.30261e-08
 Reference value :  1.30461e-08
 Reference value :  1.30661e-08
 Reference value :  1.30861e-08
 Reference value :  1.31061e-08
 Reference value :  1.31261e-08
 Reference value :  1.31411e-08
 Reference value :  1.31611e-08
 Reference value :  1.31811e-08
 Reference value :  1.31961e-08
 Reference value :  1.32161e-08
 Reference value :  1.32411e-08
 Reference value :  1.32561e-08
 Reference value :  1.32761e-08
 Reference value :  1.32911e-08
 Reference value :  1.33111e-08
 Reference value :  1.33411e-08
 Reference value :  1.33611e-08
 Reference value :  1.33761e-08
 Reference value :  1.33961e-08
 Reference value :  1.34161e-08
 Reference value :  1.34361e-08
 Reference value :  1.34561e-08
 Reference value :  1.34711e-08
 Reference value :  1.34911e-08
 Reference value :  1.35111e-08
 Reference value :  1.35311e-08
 Reference value :  1.35511e-08
 Reference value :  1.35711e-08
 Reference value :  1.35911e-08
 Reference value :  1.36061e-08
 Reference value :  1.36311e-08
 Reference value :  1.36511e-08
 Reference value :  1.36711e-08
 Reference value :  1.36911e-08
 Reference value :  1.37061e-08
 Reference value :  1.37211e-08
 Reference value :  1.37361e-08
 Reference value :  1.37561e-08
 Reference value :  1.37761e-08
 Reference value :  1.37911e-08
 Reference value :  1.38111e-08
 Reference value :  1.38261e-08
 Reference value :  1.38461e-08
 Reference value :  1.38661e-08
 Reference value :  1.38911e-08
 Reference value :  1.39111e-08
 Reference value :  1.39311e-08
 Reference value :  1.39511e-08
 Reference value :  1.39661e-08
 Reference value :  1.39861e-08
 Reference value :  1.40061e-08
 Reference value :  1.40211e-08
 Reference value :  1.40411e-08
 Reference value :  1.40561e-08
 Reference value :  1.40761e-08
 Reference value :  1.40911e-08
 Reference value :  1.41161e-08
 Reference value :  1.41311e-08
 Reference value :  1.41511e-08
 Reference value :  1.41711e-08
 Reference value :  1.41961e-08
 Reference value :  1.42161e-08
 Reference value :  1.42411e-08
 Reference value :  1.42611e-08
 Reference value :  1.42811e-08
 Reference value :  1.43011e-08
 Reference value :  1.43211e-08
 Reference value :  1.43411e-08
 Reference value :  1.43561e-08
 Reference value :  1.43761e-08
 Reference value :  1.43961e-08
 Reference value :  1.44161e-08
 Reference value :  1.44411e-08
 Reference value :  1.44661e-08
 Reference value :  1.44911e-08
 Reference value :  1.45111e-08
 Reference value :  1.45261e-08
 Reference value :  1.45461e-08
 Reference value :  1.45661e-08
 Reference value :  1.45911e-08
 Reference value :  1.46111e-08
 Reference value :  1.46311e-08
 Reference value :  1.46511e-08
 Reference value :  1.46711e-08
 Reference value :  1.46911e-08
 Reference value :  1.47111e-08
 Reference value :  1.47311e-08
 Reference value :  1.47511e-08
 Reference value :  1.47661e-08
 Reference value :  1.47911e-08
 Reference value :  1.48111e-08
 Reference value :  1.48311e-08
 Reference value :  1.48561e-08
 Reference value :  1.48761e-08
 Reference value :  1.48961e-08
 Reference value :  1.49211e-08
 Reference value :  1.49411e-08
 Reference value :  1.49611e-08
 Reference value :  1.49811e-08
 Reference value :  1.50011e-08
 Reference value :  1.50211e-08
 Reference value :  1.50361e-08
 Reference value :  1.50561e-08
 Reference value :  1.50811e-08
 Reference value :  1.51011e-08
 Reference value :  1.51211e-08
 Reference value :  1.51411e-08
 Reference value :  1.51561e-08
 Reference value :  1.51761e-08
 Reference value :  1.51961e-08
 Reference value :  1.52161e-08
 Reference value :  1.52411e-08
 Reference value :  1.52561e-08
 Reference value :  1.52761e-08
 Reference value :  1.52961e-08
 Reference value :  1.53161e-08
 Reference value :  1.53361e-08
 Reference value :  1.53561e-08
 Reference value :  1.53761e-08
 Reference value :  1.53961e-08
 Reference value :  1.54211e-08
 Reference value :  1.54411e-08
 Reference value :  1.54611e-08
 Reference value :  1.54811e-08
 Reference value :  1.55011e-08
 Reference value :  1.55261e-08
 Reference value :  1.55411e-08
 Reference value :  1.55611e-08
 Reference value :  1.55811e-08
 Reference value :  1.56011e-08
 Reference value :  1.56211e-08
 Reference value :  1.56461e-08
 Reference value :  1.56711e-08
 Reference value :  1.56911e-08
 Reference value :  1.57111e-08
 Reference value :  1.57361e-08
 Reference value :  1.57611e-08
 Reference value :  1.57811e-08
 Reference value :  1.58011e-08
 Reference value :  1.58211e-08
 Reference value :  1.58411e-08
 Reference value :  1.58611e-08
 Reference value :  1.58861e-08
 Reference value :  1.59061e-08
 Reference value :  1.59311e-08
 Reference value :  1.59511e-08
 Reference value :  1.59711e-08
 Reference value :  1.59911e-08
 Reference value :  1.60111e-08
 Reference value :  1.60311e-08
 Reference value :  1.60511e-08
 Reference value :  1.60861e-08
 Reference value :  1.61161e-08
 Reference value :  1.61361e-08
 Reference value :  1.61561e-08
 Reference value :  1.61761e-08
 Reference value :  1.61911e-08
 Reference value :  1.62111e-08
 Reference value :  1.62311e-08
 Reference value :  1.62461e-08
 Reference value :  1.62661e-08
 Reference value :  1.62861e-08
 Reference value :  1.63011e-08
 Reference value :  1.63211e-08
 Reference value :  1.63411e-08
 Reference value :  1.63611e-08
 Reference value :  1.63861e-08
 Reference value :  1.64111e-08
 Reference value :  1.64361e-08
 Reference value :  1.64511e-08
 Reference value :  1.64711e-08
 Reference value :  1.64911e-08
 Reference value :  1.65111e-08
 Reference value :  1.65311e-08
 Reference value :  1.65461e-08
 Reference value :  1.65611e-08
 Reference value :  1.65761e-08
 Reference value :  1.65911e-08
 Reference value :  1.66061e-08
 Reference value :  1.66211e-08
 Reference value :  1.66411e-08
 Reference value :  1.66611e-08
 Reference value :  1.66811e-08
 Reference value :  1.67011e-08
 Reference value :  1.67211e-08
 Reference value :  1.67411e-08
 Reference value :  1.67611e-08
 Reference value :  1.67861e-08
 Reference value :  1.68061e-08
 Reference value :  1.68261e-08
 Reference value :  1.68461e-08
 Reference value :  1.68661e-08
 Reference value :  1.68861e-08
 Reference value :  1.69061e-08
 Reference value :  1.69211e-08
 Reference value :  1.69411e-08
 Reference value :  1.69661e-08
 Reference value :  1.69861e-08
 Reference value :  1.70011e-08
 Reference value :  1.70211e-08
 Reference value :  1.70411e-08
 Reference value :  1.70561e-08
 Reference value :  1.70711e-08
 Reference value :  1.70861e-08
 Reference value :  1.71061e-08
 Reference value :  1.71261e-08
 Reference value :  1.71411e-08
 Reference value :  1.71611e-08
 Reference value :  1.71811e-08
 Reference value :  1.72011e-08
 Reference value :  1.72211e-08
 Reference value :  1.72361e-08
 Reference value :  1.72561e-08
 Reference value :  1.75711e-08
 Reference value :  1.75911e-08
 Reference value :  1.76111e-08
 Reference value :  1.76311e-08
 Reference value :  1.76511e-08
 Reference value :  1.76661e-08
 Reference value :  1.76811e-08
 Reference value :  1.77011e-08
 Reference value :  1.77161e-08
 Reference value :  1.77361e-08
 Reference value :  1.77561e-08
 Reference value :  1.77761e-08
 Reference value :  1.77911e-08
 Reference value :  1.78111e-08
 Reference value :  1.78311e-08
 Reference value :  1.78511e-08
 Reference value :  1.78711e-08
 Reference value :  1.78911e-08
 Reference value :  1.79111e-08
 Reference value :  1.79311e-08
 Reference value :  1.79461e-08
 Reference value :  1.79661e-08
 Reference value :  1.79861e-08
 Reference value :  1.80011e-08
 Reference value :  1.80211e-08
 Reference value :  1.80411e-08
 Reference value :  1.80611e-08
 Reference value :  1.80761e-08
 Reference value :  1.81011e-08
 Reference value :  1.81211e-08
 Reference value :  1.81361e-08
 Reference value :  1.81561e-08
 Reference value :  1.81761e-08
 Reference value :  1.81961e-08
 Reference value :  1.82161e-08
 Reference value :  1.82361e-08
 Reference value :  1.82611e-08
 Reference value :  1.82861e-08
 Reference value :  1.83061e-08
 Reference value :  1.83311e-08
 Reference value :  1.83511e-08
 Reference value :  1.83711e-08
 Reference value :  1.83911e-08
 Reference value :  1.84111e-08
 Reference value :  1.84311e-08
 Reference value :  1.84511e-08
 Reference value :  1.84711e-08
 Reference value :  1.84861e-08
 Reference value :  1.85011e-08
 Reference value :  1.85161e-08
 Reference value :  1.85361e-08
 Reference value :  1.85511e-08
 Reference value :  1.85661e-08
 Reference value :  1.85811e-08
 Reference value :  1.86011e-08
 Reference value :  1.86211e-08
 Reference value :  1.86411e-08
 Reference value :  1.86611e-08
 Reference value :  1.86811e-08
 Reference value :  1.87011e-08
 Reference value :  1.87161e-08
 Reference value :  1.87361e-08
 Reference value :  1.87561e-08
 Reference value :  1.87761e-08
 Reference value :  1.87961e-08
 Reference value :  1.88161e-08
 Reference value :  1.88361e-08
 Reference value :  1.88561e-08
 Reference value :  1.88761e-08
 Reference value :  1.88961e-08
 Reference value :  1.89161e-08
 Reference value :  1.89361e-08
 Reference value :  1.89561e-08
 Reference value :  1.89761e-08
 Reference value :  1.89961e-08
 Reference value :  1.90161e-08
 Reference value :  1.90361e-08
 Reference value :  1.90561e-08
 Reference value :  1.90761e-08
 Reference value :  1.90961e-08
 Reference value :  1.91111e-08
 Reference value :  1.91361e-08
 Reference value :  1.91561e-08
 Reference value :  1.91761e-08
 Reference value :  1.91961e-08
 Reference value :  1.92111e-08
 Reference value :  1.92311e-08
 Reference value :  1.92511e-08
 Reference value :  1.92711e-08
 Reference value :  1.92911e-08
 Reference value :  1.93111e-08
 Reference value :  1.93311e-08
 Reference value :  1.93511e-08
 Reference value :  1.93711e-08
 Reference value :  1.93911e-08
 Reference value :  1.94111e-08
 Reference value :  1.94311e-08
 Reference value :  1.94511e-08
 Reference value :  1.94711e-08
 Reference value :  1.94861e-08
 Reference value :  1.95111e-08
 Reference value :  1.95361e-08
 Reference value :  1.95561e-08
 Reference value :  1.95761e-08
 Reference value :  1.95961e-08
 Reference value :  1.97361e-08
 Reference value :  1.97561e-08
 Reference value :  1.97761e-08
 Reference value :  1.97911e-08
 Reference value :  1.98111e-08
 Reference value :  1.98261e-08
 Reference value :  1.98411e-08
 Reference value :  1.98561e-08
 Reference value :  1.98711e-08
 Reference value :  1.98911e-08
 Reference value :  1.99161e-08
 Reference value :  1.99361e-08
 Reference value :  1.99561e-08
 Reference value :  1.99761e-08
 Reference value :  1.99955e-08
No. of Data Rows : 4018
Note: Simulation executed from .control section 
