
Note: Compatibility modes selected: hs a


Circuit: * comparator-decision reset-integrity check -- variant=as-drawn corner=ss temp=125.0c supply=1.8v (issue #24)

option SCALE: Scale is set to 1e-06 for instance and model parameters
option SCALE: Scale is set to 1e-06 for instance and model parameters
option SCALE: Scale is set to 1e-06 for instance and model parameters
option SCALE: Scale is set to 1e-06 for instance and model parameters
Doing analysis at TEMP = 125.000000 and TNOM = 27.000000

Using KLU as Direct Linear Solver
Operating point simulation skipped by 'uic',
  now using transient initial conditions.
 Reference value :  5.00000e-14
 Reference value :  5.42000e-14
 Reference value :  9.34000e-14
 Reference value :  4.07000e-13
 Reference value :  1.99974e-12
 Reference value :  5.00000e-12
 Reference value :  7.95905e-12
 Reference value :  1.61154e-11
 Reference value :  3.11154e-11
 Reference value :  4.61154e-11
 Reference value :  7.11154e-11
 Reference value :  9.11154e-11
 Reference value :  1.16115e-10
 Reference value :  1.36115e-10
 Reference value :  1.56115e-10
 Reference value :  1.76115e-10
 Reference value :  1.96115e-10
 Reference value :  2.11115e-10
 Reference value :  2.26115e-10
 Reference value :  2.41115e-10
 Reference value :  2.56115e-10
 Reference value :  2.76115e-10
 Reference value :  2.96115e-10
 Reference value :  3.16115e-10
 Reference value :  3.36115e-10
 Reference value :  3.56115e-10
 Reference value :  3.81115e-10
 Reference value :  4.06115e-10
 Reference value :  4.26115e-10
 Reference value :  4.46115e-10
 Reference value :  4.71115e-10
 Reference value :  4.91115e-10
 Reference value :  5.11115e-10
 Reference value :  5.36115e-10
 Reference value :  5.56115e-10
 Reference value :  5.76115e-10
 Reference value :  5.96115e-10
 Reference value :  6.16115e-10
 Reference value :  6.36115e-10
 Reference value :  6.61115e-10
 Reference value :  6.81115e-10
 Reference value :  7.06115e-10
 Reference value :  7.26115e-10
 Reference value :  7.46115e-10
 Reference value :  7.66115e-10
 Reference value :  7.91115e-10
 Reference value :  8.11115e-10
 Reference value :  8.31115e-10
 Reference value :  8.51115e-10
 Reference value :  8.71115e-10
 Reference value :  8.91115e-10
 Reference value :  9.11115e-10
 Reference value :  9.31115e-10
 Reference value :  9.56115e-10
 Reference value :  9.76115e-10
 Reference value :  9.96115e-10
 Reference value :  1.01612e-09
 Reference value :  1.03112e-09
 Reference value :  1.05112e-09
 Reference value :  1.07112e-09
 Reference value :  1.09112e-09
 Reference value :  1.11112e-09
 Reference value :  1.12612e-09
 Reference value :  1.14612e-09
 Reference value :  1.16612e-09
 Reference value :  1.18612e-09
 Reference value :  1.20612e-09
 Reference value :  1.22612e-09
 Reference value :  1.25112e-09
 Reference value :  1.27112e-09
 Reference value :  1.29612e-09
 Reference value :  1.31612e-09
 Reference value :  1.34112e-09
 Reference value :  1.35612e-09
 Reference value :  1.37612e-09
 Reference value :  1.39612e-09
 Reference value :  1.41112e-09
 Reference value :  1.43112e-09
 Reference value :  1.45112e-09
 Reference value :  1.46612e-09
 Reference value :  1.48612e-09
 Reference value :  1.50612e-09
 Reference value :  1.52612e-09
 Reference value :  1.54612e-09
 Reference value :  1.56612e-09
 Reference value :  1.58612e-09
 Reference value :  1.60612e-09
 Reference value :  1.63112e-09
 Reference value :  1.64612e-09
 Reference value :  1.66112e-09
 Reference value :  1.68112e-09
 Reference value :  1.70112e-09
 Reference value :  1.72112e-09
 Reference value :  1.74112e-09
 Reference value :  1.76612e-09
 Reference value :  1.78612e-09
 Reference value :  1.80612e-09
 Reference value :  1.82612e-09
 Reference value :  1.85112e-09
 Reference value :  1.86612e-09
 Reference value :  1.88112e-09
 Reference value :  1.90112e-09
 Reference value :  1.92112e-09
 Reference value :  1.94112e-09
 Reference value :  1.96112e-09
 Reference value :  1.98112e-09
 Reference value :  1.99612e-09
 Reference value :  2.01112e-09
 Reference value :  2.02612e-09
 Reference value :  2.04112e-09
 Reference value :  2.06112e-09
 Reference value :  2.08612e-09
 Reference value :  2.10112e-09
 Reference value :  2.12112e-09
 Reference value :  2.14112e-09
 Reference value :  2.15612e-09
 Reference value :  2.17112e-09
 Reference value :  2.18612e-09
 Reference value :  2.20112e-09
 Reference value :  2.22612e-09
 Reference value :  2.24112e-09
 Reference value :  2.26112e-09
 Reference value :  2.28112e-09
 Reference value :  2.30112e-09
 Reference value :  2.32612e-09
 Reference value :  2.34612e-09
 Reference value :  2.36612e-09
 Reference value :  2.38112e-09
 Reference value :  2.40112e-09
 Reference value :  2.41612e-09
 Reference value :  2.43612e-09
 Reference value :  2.45112e-09
 Reference value :  2.47612e-09
 Reference value :  2.49612e-09
 Reference value :  2.52112e-09
 Reference value :  2.54112e-09
 Reference value :  2.56112e-09
 Reference value :  2.58612e-09
 Reference value :  2.60612e-09
 Reference value :  2.63112e-09
 Reference value :  2.65112e-09
 Reference value :  2.67112e-09
 Reference value :  2.69112e-09
 Reference value :  2.71112e-09
 Reference value :  2.72612e-09
 Reference value :  2.75612e-09
 Reference value :  2.77612e-09
 Reference value :  2.79612e-09
 Reference value :  2.81612e-09
 Reference value :  2.84112e-09
 Reference value :  2.86112e-09
 Reference value :  2.88112e-09
 Reference value :  2.90112e-09
 Reference value :  2.92112e-09
 Reference value :  2.94112e-09
 Reference value :  2.95612e-09
 Reference value :  2.97612e-09
 Reference value :  2.99612e-09
 Reference value :  3.01612e-09
 Reference value :  3.03112e-09
 Reference value :  3.05112e-09
 Reference value :  3.07112e-09
 Reference value :  3.09112e-09
 Reference value :  3.10612e-09
 Reference value :  3.12112e-09
 Reference value :  3.14112e-09
 Reference value :  3.15612e-09
 Reference value :  3.17612e-09
 Reference value :  3.20112e-09
 Reference value :  3.22112e-09
 Reference value :  3.24112e-09
 Reference value :  3.26612e-09
 Reference value :  3.28112e-09
 Reference value :  3.29612e-09
 Reference value :  3.31612e-09
 Reference value :  3.33612e-09
 Reference value :  3.35112e-09
 Reference value :  3.37112e-09
 Reference value :  3.38612e-09
 Reference value :  3.40612e-09
 Reference value :  3.42112e-09
 Reference value :  3.43612e-09
 Reference value :  3.46612e-09
 Reference value :  3.48612e-09
 Reference value :  3.50612e-09
 Reference value :  3.52612e-09
 Reference value :  3.54612e-09
 Reference value :  3.56612e-09
 Reference value :  3.58612e-09
 Reference value :  3.60112e-09
 Reference value :  3.62612e-09
 Reference value :  3.64612e-09
 Reference value :  3.66612e-09
 Reference value :  3.68112e-09
 Reference value :  3.70112e-09
 Reference value :  3.71612e-09
 Reference value :  3.73612e-09
 Reference value :  3.75112e-09
 Reference value :  3.76612e-09
 Reference value :  3.78612e-09
 Reference value :  3.80612e-09
 Reference value :  3.82612e-09
 Reference value :  3.85112e-09
 Reference value :  3.87112e-09
 Reference value :  3.89112e-09
 Reference value :  3.91112e-09
 Reference value :  3.93112e-09
 Reference value :  3.95112e-09
 Reference value :  3.97112e-09
 Reference value :  3.99112e-09
 Reference value :  4.01112e-09
 Reference value :  4.02612e-09
 Reference value :  4.04612e-09
 Reference value :  4.06612e-09
 Reference value :  4.08612e-09
 Reference value :  4.11112e-09
 Reference value :  4.13112e-09
 Reference value :  4.14612e-09
 Reference value :  4.16612e-09
 Reference value :  4.18612e-09
 Reference value :  4.20612e-09
 Reference value :  4.22612e-09
 Reference value :  4.24612e-09
 Reference value :  4.26612e-09
 Reference value :  4.28612e-09
 Reference value :  4.30612e-09
 Reference value :  4.33112e-09
 Reference value :  4.35112e-09
 Reference value :  4.37112e-09
 Reference value :  4.39112e-09
 Reference value :  4.40612e-09
 Reference value :  4.42612e-09
 Reference value :  4.44612e-09
 Reference value :  4.46612e-09
 Reference value :  4.48612e-09
 Reference value :  4.50612e-09
 Reference value :  4.52112e-09
 Reference value :  4.54612e-09
 Reference value :  4.56612e-09
 Reference value :  4.58612e-09
 Reference value :  4.60612e-09
 Reference value :  4.62612e-09
 Reference value :  4.64612e-09
 Reference value :  4.66612e-09
 Reference value :  4.68612e-09
 Reference value :  4.72112e-09
 Reference value :  4.74612e-09
 Reference value :  4.77112e-09
 Reference value :  4.79112e-09
 Reference value :  4.81112e-09
 Reference value :  4.83112e-09
 Reference value :  4.84612e-09
 Reference value :  4.86612e-09
 Reference value :  4.88612e-09
 Reference value :  4.90612e-09
 Reference value :  4.92612e-09
 Reference value :  4.94612e-09
 Reference value :  4.96612e-09
 Reference value :  4.98112e-09
 Reference value :  5.00112e-09
 Reference value :  5.02112e-09
 Reference value :  5.04612e-09
 Reference value :  5.06612e-09
 Reference value :  5.08612e-09
 Reference value :  5.10612e-09
 Reference value :  5.12612e-09
 Reference value :  5.15112e-09
 Reference value :  5.17112e-09
 Reference value :  5.19112e-09
 Reference value :  5.21112e-09
 Reference value :  5.23112e-09
 Reference value :  5.24612e-09
 Reference value :  5.26612e-09
 Reference value :  5.28112e-09
 Reference value :  5.30112e-09
 Reference value :  5.32612e-09
 Reference value :  5.34612e-09
 Reference value :  5.36612e-09
 Reference value :  5.38612e-09
 Reference value :  5.41612e-09
 Reference value :  5.43612e-09
 Reference value :  5.45612e-09
 Reference value :  5.47612e-09
 Reference value :  5.50112e-09
 Reference value :  5.52112e-09
 Reference value :  5.54112e-09
 Reference value :  5.56112e-09
 Reference value :  5.58612e-09
 Reference value :  5.60612e-09
 Reference value :  5.62612e-09
 Reference value :  5.64612e-09
 Reference value :  5.66112e-09
 Reference value :  5.68112e-09
 Reference value :  5.70112e-09
 Reference value :  5.72612e-09
 Reference value :  5.74612e-09
 Reference value :  5.76612e-09
 Reference value :  5.78612e-09
 Reference value :  5.80612e-09
 Reference value :  5.83112e-09
 Reference value :  5.85112e-09
 Reference value :  5.87112e-09
 Reference value :  5.88612e-09
 Reference value :  5.90612e-09
 Reference value :  5.92612e-09
 Reference value :  5.94612e-09
 Reference value :  5.96612e-09
 Reference value :  5.98612e-09
 Reference value :  6.00612e-09
 Reference value :  6.02112e-09
 Reference value :  6.03612e-09
 Reference value :  6.05612e-09
 Reference value :  6.07112e-09
 Reference value :  6.08612e-09
 Reference value :  6.10612e-09
 Reference value :  6.12612e-09
 Reference value :  6.14112e-09
 Reference value :  6.16612e-09
 Reference value :  6.18612e-09
 Reference value :  6.20612e-09
 Reference value :  6.22612e-09
 Reference value :  6.24612e-09
 Reference value :  6.27112e-09
 Reference value :  6.29112e-09
 Reference value :  6.30612e-09
 Reference value :  6.32112e-09
 Reference value :  6.33612e-09
 Reference value :  6.35612e-09
 Reference value :  6.37112e-09
 Reference value :  6.39112e-09
 Reference value :  6.41112e-09
 Reference value :  6.42612e-09
 Reference value :  6.45112e-09
 Reference value :  6.47112e-09
 Reference value :  6.48612e-09
 Reference value :  6.50112e-09
 Reference value :  6.52112e-09
 Reference value :  6.54112e-09
 Reference value :  6.56112e-09
 Reference value :  6.57612e-09
 Reference value :  6.59612e-09
 Reference value :  6.61112e-09
 Reference value :  6.63112e-09
 Reference value :  6.65112e-09
 Reference value :  6.67112e-09
 Reference value :  6.69112e-09
 Reference value :  6.71612e-09
 Reference value :  6.73112e-09
 Reference value :  6.74612e-09
 Reference value :  6.76612e-09
 Reference value :  6.78112e-09
 Reference value :  6.86112e-09
 Reference value :  6.88112e-09
 Reference value :  6.90112e-09
 Reference value :  6.92112e-09
 Reference value :  6.94112e-09
 Reference value :  6.96112e-09
 Reference value :  6.98612e-09
 Reference value :  7.00612e-09
 Reference value :  7.03112e-09
 Reference value :  7.05112e-09
 Reference value :  7.07112e-09
 Reference value :  7.09112e-09
 Reference value :  7.11112e-09
 Reference value :  7.13112e-09
 Reference value :  7.14612e-09
 Reference value :  7.16612e-09
 Reference value :  7.18612e-09
 Reference value :  7.20612e-09
 Reference value :  7.22612e-09
 Reference value :  7.24612e-09
 Reference value :  7.27112e-09
 Reference value :  7.29612e-09
 Reference value :  7.32112e-09
 Reference value :  7.34112e-09
 Reference value :  7.35612e-09
 Reference value :  7.37112e-09
 Reference value :  7.39112e-09
 Reference value :  7.40612e-09
 Reference value :  7.42612e-09
 Reference value :  7.44612e-09
 Reference value :  7.46612e-09
 Reference value :  7.48612e-09
 Reference value :  7.50612e-09
 Reference value :  7.52112e-09
 Reference value :  7.54112e-09
 Reference value :  7.56112e-09
 Reference value :  7.58612e-09
 Reference value :  7.60112e-09
 Reference value :  7.62112e-09
 Reference value :  7.63612e-09
 Reference value :  7.65112e-09
 Reference value :  7.66612e-09
 Reference value :  7.68612e-09
 Reference value :  7.70612e-09
 Reference value :  7.72612e-09
 Reference value :  7.74612e-09
 Reference value :  7.76612e-09
 Reference value :  7.78612e-09
 Reference value :  7.80612e-09
 Reference value :  7.82112e-09
 Reference value :  7.84112e-09
 Reference value :  7.85612e-09
 Reference value :  7.87612e-09
 Reference value :  7.89112e-09
 Reference value :  7.91112e-09
 Reference value :  7.92612e-09
 Reference value :  7.95112e-09
 Reference value :  7.97112e-09
 Reference value :  7.99112e-09
 Reference value :  8.01112e-09
 Reference value :  8.02612e-09
 Reference value :  8.04612e-09
 Reference value :  8.06112e-09
 Reference value :  8.08112e-09
 Reference value :  8.10112e-09
 Reference value :  8.11612e-09
 Reference value :  8.13612e-09
 Reference value :  8.15612e-09
 Reference value :  8.17112e-09
 Reference value :  8.19112e-09
 Reference value :  8.21112e-09
 Reference value :  8.23112e-09
 Reference value :  8.25112e-09
 Reference value :  8.26612e-09
 Reference value :  8.28612e-09
 Reference value :  8.30112e-09
 Reference value :  8.32112e-09
 Reference value :  8.34112e-09
 Reference value :  8.36112e-09
 Reference value :  8.37612e-09
 Reference value :  8.39612e-09
 Reference value :  8.41612e-09
 Reference value :  8.43612e-09
 Reference value :  8.45612e-09
 Reference value :  8.47612e-09
 Reference value :  8.49612e-09
 Reference value :  8.51612e-09
 Reference value :  8.53612e-09
 Reference value :  8.55112e-09
 Reference value :  8.57112e-09
 Reference value :  8.59112e-09
 Reference value :  8.61112e-09
 Reference value :  8.62612e-09
 Reference value :  8.64612e-09
 Reference value :  8.66612e-09
 Reference value :  8.68612e-09
 Reference value :  8.70612e-09
 Reference value :  8.73112e-09
 Reference value :  8.74612e-09
 Reference value :  8.77612e-09
 Reference value :  8.79612e-09
 Reference value :  8.81612e-09
 Reference value :  8.83112e-09
 Reference value :  8.85112e-09
 Reference value :  8.87112e-09
 Reference value :  8.89112e-09
 Reference value :  8.90612e-09
 Reference value :  8.92612e-09
 Reference value :  8.94112e-09
 Reference value :  8.96112e-09
 Reference value :  8.99112e-09
 Reference value :  9.01112e-09
 Reference value :  9.03112e-09
 Reference value :  9.05112e-09
 Reference value :  9.07112e-09
 Reference value :  9.09112e-09
 Reference value :  9.11112e-09
 Reference value :  9.13112e-09
 Reference value :  9.15112e-09
 Reference value :  9.16612e-09
 Reference value :  9.18612e-09
 Reference value :  9.20112e-09
 Reference value :  9.22112e-09
 Reference value :  9.24112e-09
 Reference value :  9.25612e-09
 Reference value :  9.27612e-09
 Reference value :  9.29612e-09
 Reference value :  9.31612e-09
 Reference value :  9.33612e-09
 Reference value :  9.35112e-09
 Reference value :  9.36612e-09
 Reference value :  9.38112e-09
 Reference value :  9.40112e-09
 Reference value :  9.42112e-09
 Reference value :  9.44612e-09
 Reference value :  9.46612e-09
 Reference value :  9.48612e-09
 Reference value :  9.50612e-09
 Reference value :  9.52612e-09
 Reference value :  9.54612e-09
 Reference value :  9.56112e-09
 Reference value :  9.58112e-09
 Reference value :  9.59612e-09
 Reference value :  9.61612e-09
 Reference value :  9.63612e-09
 Reference value :  9.65612e-09
 Reference value :  9.67612e-09
 Reference value :  9.69112e-09
 Reference value :  9.71112e-09
 Reference value :  9.73112e-09
 Reference value :  9.75112e-09
 Reference value :  9.77112e-09
 Reference value :  9.78612e-09
 Reference value :  9.80612e-09
 Reference value :  9.82612e-09
 Reference value :  9.84612e-09
 Reference value :  9.86612e-09
 Reference value :  9.88612e-09
 Reference value :  9.90612e-09
 Reference value :  9.92612e-09
 Reference value :  9.94612e-09
 Reference value :  9.96112e-09
 Reference value :  9.97612e-09
 Reference value :  9.99612e-09
 Reference value :  1.00161e-08
 Reference value :  1.00361e-08
 Reference value :  1.00511e-08
 Reference value :  1.00711e-08
 Reference value :  1.00911e-08
 Reference value :  1.01111e-08
 Reference value :  1.01311e-08
 Reference value :  1.01511e-08
 Reference value :  1.01661e-08
 Reference value :  1.01861e-08
 Reference value :  1.02011e-08
 Reference value :  1.02211e-08
 Reference value :  1.02411e-08
 Reference value :  1.02611e-08
 Reference value :  1.02811e-08
 Reference value :  1.03011e-08
 Reference value :  1.03211e-08
 Reference value :  1.03411e-08
 Reference value :  1.03611e-08
 Reference value :  1.03861e-08
 Reference value :  1.04061e-08
 Reference value :  1.04261e-08
 Reference value :  1.04511e-08
 Reference value :  1.04761e-08
 Reference value :  1.04961e-08
 Reference value :  1.05211e-08
 Reference value :  1.05361e-08
 Reference value :  1.05561e-08
 Reference value :  1.05711e-08
 Reference value :  1.05911e-08
 Reference value :  1.06111e-08
 Reference value :  1.06261e-08
 Reference value :  1.06461e-08
 Reference value :  1.06661e-08
 Reference value :  1.06861e-08
 Reference value :  1.07061e-08
 Reference value :  1.07261e-08
 Reference value :  1.07561e-08
 Reference value :  1.07761e-08
 Reference value :  1.07961e-08
 Reference value :  1.08111e-08
 Reference value :  1.08261e-08
 Reference value :  1.08411e-08
 Reference value :  1.08561e-08
 Reference value :  1.08711e-08
 Reference value :  1.08911e-08
 Reference value :  1.09111e-08
 Reference value :  1.09311e-08
 Reference value :  1.09511e-08
 Reference value :  1.09711e-08
 Reference value :  1.09911e-08
 Reference value :  1.10061e-08
 Reference value :  1.10261e-08
 Reference value :  1.10461e-08
 Reference value :  1.10661e-08
 Reference value :  1.10861e-08
 Reference value :  1.11061e-08
 Reference value :  1.11311e-08
 Reference value :  1.11461e-08
 Reference value :  1.11611e-08
 Reference value :  1.11861e-08
 Reference value :  1.12061e-08
 Reference value :  1.12261e-08
 Reference value :  1.12461e-08
 Reference value :  1.12661e-08
 Reference value :  1.12911e-08
 Reference value :  1.13061e-08
 Reference value :  1.13311e-08
 Reference value :  1.13511e-08
 Reference value :  1.13711e-08
 Reference value :  1.13911e-08
 Reference value :  1.14111e-08
 Reference value :  1.14311e-08
 Reference value :  1.14511e-08
 Reference value :  1.14661e-08
 Reference value :  1.14811e-08
 Reference value :  1.15011e-08
 Reference value :  1.15161e-08
 Reference value :  1.15361e-08
 Reference value :  1.15561e-08
 Reference value :  1.15811e-08
 Reference value :  1.16011e-08
 Reference value :  1.16211e-08
 Reference value :  1.16411e-08
 Reference value :  1.16661e-08
 Reference value :  1.16861e-08
 Reference value :  1.17061e-08
 Reference value :  1.17211e-08
 Reference value :  1.17411e-08
 Reference value :  1.17611e-08
 Reference value :  1.17811e-08
 Reference value :  1.17961e-08
 Reference value :  1.18211e-08
 Reference value :  1.18361e-08
 Reference value :  1.18561e-08
 Reference value :  1.18761e-08
 Reference value :  1.18911e-08
 Reference value :  1.19061e-08
 Reference value :  1.19261e-08
 Reference value :  1.19511e-08
 Reference value :  1.19711e-08
 Reference value :  1.19911e-08
 Reference value :  1.20111e-08
 Reference value :  1.20311e-08
 Reference value :  1.20511e-08
 Reference value :  1.20711e-08
 Reference value :  1.20961e-08
 Reference value :  1.21211e-08
 Reference value :  1.21411e-08
 Reference value :  1.21611e-08
 Reference value :  1.21811e-08
 Reference value :  1.21961e-08
 Reference value :  1.22161e-08
 Reference value :  1.22361e-08
 Reference value :  1.22561e-08
 Reference value :  1.22711e-08
 Reference value :  1.22911e-08
 Reference value :  1.23111e-08
 Reference value :  1.23311e-08
 Reference value :  1.23511e-08
 Reference value :  1.23761e-08
 Reference value :  1.23911e-08
 Reference value :  1.24111e-08
 Reference value :  1.24311e-08
 Reference value :  1.24461e-08
 Reference value :  1.24661e-08
 Reference value :  1.24861e-08
 Reference value :  1.25011e-08
 Reference value :  1.25211e-08
 Reference value :  1.25411e-08
 Reference value :  1.25561e-08
 Reference value :  1.25761e-08
 Reference value :  1.25961e-08
 Reference value :  1.26161e-08
 Reference value :  1.26361e-08
 Reference value :  1.26611e-08
 Reference value :  1.26811e-08
 Reference value :  1.27011e-08
 Reference value :  1.27211e-08
 Reference value :  1.27361e-08
 Reference value :  1.27561e-08
 Reference value :  1.27711e-08
 Reference value :  1.27911e-08
 Reference value :  1.28061e-08
 Reference value :  1.28211e-08
 Reference value :  1.28361e-08
 Reference value :  1.28561e-08
 Reference value :  1.28761e-08
 Reference value :  1.28961e-08
 Reference value :  1.29161e-08
 Reference value :  1.29361e-08
 Reference value :  1.29511e-08
 Reference value :  1.29661e-08
 Reference value :  1.29861e-08
 Reference value :  1.30011e-08
 Reference value :  1.30211e-08
 Reference value :  1.30411e-08
 Reference value :  1.30561e-08
 Reference value :  1.30711e-08
 Reference value :  1.30911e-08
 Reference value :  1.31061e-08
 Reference value :  1.31261e-08
 Reference value :  1.31461e-08
 Reference value :  1.31611e-08
 Reference value :  1.31761e-08
 Reference value :  1.32011e-08
 Reference value :  1.32211e-08
 Reference value :  1.32411e-08
 Reference value :  1.32611e-08
 Reference value :  1.32861e-08
 Reference value :  1.33061e-08
 Reference value :  1.33311e-08
 Reference value :  1.33461e-08
 Reference value :  1.33661e-08
 Reference value :  1.33861e-08
 Reference value :  1.34011e-08
 Reference value :  1.34211e-08
 Reference value :  1.34411e-08
 Reference value :  1.34611e-08
 Reference value :  1.34811e-08
 Reference value :  1.35011e-08
 Reference value :  1.35161e-08
 Reference value :  1.35411e-08
 Reference value :  1.35611e-08
 Reference value :  1.35811e-08
 Reference value :  1.36011e-08
 Reference value :  1.36161e-08
 Reference value :  1.36411e-08
 Reference value :  1.36611e-08
 Reference value :  1.36811e-08
 Reference value :  1.37011e-08
 Reference value :  1.37161e-08
 Reference value :  1.37361e-08
 Reference value :  1.37561e-08
 Reference value :  1.37761e-08
 Reference value :  1.37961e-08
 Reference value :  1.38211e-08
 Reference value :  1.38411e-08
 Reference value :  1.38561e-08
 Reference value :  1.38861e-08
 Reference value :  1.39061e-08
 Reference value :  1.39211e-08
 Reference value :  1.39411e-08
 Reference value :  1.39561e-08
 Reference value :  1.39761e-08
 Reference value :  1.39961e-08
 Reference value :  1.40111e-08
 Reference value :  1.40261e-08
 Reference value :  1.40461e-08
 Reference value :  1.40711e-08
 Reference value :  1.41111e-08
 Reference value :  1.41311e-08
 Reference value :  1.41561e-08
 Reference value :  1.41761e-08
 Reference value :  1.41961e-08
 Reference value :  1.42161e-08
 Reference value :  1.42361e-08
 Reference value :  1.42561e-08
 Reference value :  1.42811e-08
 Reference value :  1.43011e-08
 Reference value :  1.43211e-08
 Reference value :  1.43411e-08
 Reference value :  1.43611e-08
 Reference value :  1.43811e-08
 Reference value :  1.44011e-08
 Reference value :  1.44261e-08
 Reference value :  1.44461e-08
 Reference value :  1.44661e-08
 Reference value :  1.44861e-08
 Reference value :  1.45061e-08
 Reference value :  1.45261e-08
 Reference value :  1.45461e-08
 Reference value :  1.45661e-08
 Reference value :  1.45861e-08
 Reference value :  1.46111e-08
 Reference value :  1.46311e-08
 Reference value :  1.46511e-08
 Reference value :  1.46761e-08
 Reference value :  1.46961e-08
 Reference value :  1.47161e-08
 Reference value :  1.47311e-08
 Reference value :  1.47511e-08
 Reference value :  1.47711e-08
 Reference value :  1.47911e-08
 Reference value :  1.48111e-08
 Reference value :  1.48311e-08
 Reference value :  1.48511e-08
 Reference value :  1.48761e-08
 Reference value :  1.48961e-08
 Reference value :  1.49211e-08
 Reference value :  1.49411e-08
 Reference value :  1.49661e-08
 Reference value :  1.49861e-08
 Reference value :  1.50111e-08
 Reference value :  1.50311e-08
 Reference value :  1.50511e-08
 Reference value :  1.50711e-08
 Reference value :  1.50911e-08
 Reference value :  1.51111e-08
 Reference value :  1.51311e-08
 Reference value :  1.51511e-08
 Reference value :  1.51711e-08
 Reference value :  1.51911e-08
 Reference value :  1.52111e-08
 Reference value :  1.52311e-08
 Reference value :  1.52461e-08
 Reference value :  1.52661e-08
 Reference value :  1.52861e-08
 Reference value :  1.53061e-08
 Reference value :  1.53311e-08
 Reference value :  1.53511e-08
 Reference value :  1.53711e-08
 Reference value :  1.53911e-08
 Reference value :  1.54111e-08
 Reference value :  1.54311e-08
 Reference value :  1.54511e-08
 Reference value :  1.54711e-08
 Reference value :  1.54911e-08
 Reference value :  1.55111e-08
 Reference value :  1.55311e-08
 Reference value :  1.55511e-08
 Reference value :  1.55661e-08
 Reference value :  1.55861e-08
 Reference value :  1.56061e-08
 Reference value :  1.56261e-08
 Reference value :  1.56461e-08
 Reference value :  1.56711e-08
 Reference value :  1.56911e-08
 Reference value :  1.57111e-08
 Reference value :  1.57311e-08
 Reference value :  1.57511e-08
 Reference value :  1.57761e-08
 Reference value :  1.57961e-08
 Reference value :  1.58161e-08
 Reference value :  1.58311e-08
 Reference value :  1.58511e-08
 Reference value :  1.58711e-08
 Reference value :  1.58911e-08
 Reference value :  1.59111e-08
 Reference value :  1.59311e-08
 Reference value :  1.59511e-08
 Reference value :  1.59711e-08
 Reference value :  1.59911e-08
 Reference value :  1.60111e-08
 Reference value :  1.60311e-08
 Reference value :  1.60511e-08
 Reference value :  1.60711e-08
 Reference value :  1.60911e-08
 Reference value :  1.61111e-08
 Reference value :  1.61311e-08
 Reference value :  1.61511e-08
 Reference value :  1.61711e-08
 Reference value :  1.61911e-08
 Reference value :  1.62161e-08
 Reference value :  1.62311e-08
 Reference value :  1.62511e-08
 Reference value :  1.62711e-08
 Reference value :  1.62911e-08
 Reference value :  1.63111e-08
 Reference value :  1.63311e-08
 Reference value :  1.63511e-08
 Reference value :  1.63711e-08
 Reference value :  1.63911e-08
 Reference value :  1.64111e-08
 Reference value :  1.64311e-08
 Reference value :  1.64511e-08
 Reference value :  1.64711e-08
 Reference value :  1.64911e-08
 Reference value :  1.65111e-08
 Reference value :  1.65311e-08
 Reference value :  1.65511e-08
 Reference value :  1.65711e-08
 Reference value :  1.65911e-08
 Reference value :  1.66111e-08
 Reference value :  1.66311e-08
 Reference value :  1.66511e-08
 Reference value :  1.66711e-08
 Reference value :  1.66911e-08
 Reference value :  1.67111e-08
 Reference value :  1.67311e-08
 Reference value :  1.67511e-08
 Reference value :  1.67711e-08
 Reference value :  1.67911e-08
 Reference value :  1.68111e-08
 Reference value :  1.68311e-08
 Reference value :  1.68511e-08
 Reference value :  1.68711e-08
 Reference value :  1.68911e-08
 Reference value :  1.69111e-08
 Reference value :  1.69311e-08
 Reference value :  1.69511e-08
 Reference value :  1.69711e-08
 Reference value :  1.69961e-08
 Reference value :  1.70111e-08
 Reference value :  1.70311e-08
 Reference value :  1.70561e-08
 Reference value :  1.70761e-08
 Reference value :  1.70961e-08
 Reference value :  1.71161e-08
 Reference value :  1.71361e-08
 Reference value :  1.71561e-08
 Reference value :  1.71761e-08
 Reference value :  1.71961e-08
 Reference value :  1.72161e-08
 Reference value :  1.72411e-08
 Reference value :  1.72611e-08
 Reference value :  1.72811e-08
 Reference value :  1.73011e-08
 Reference value :  1.73211e-08
 Reference value :  1.73411e-08
 Reference value :  1.73561e-08
 Reference value :  1.73761e-08
 Reference value :  1.73961e-08
 Reference value :  1.74161e-08
 Reference value :  1.74361e-08
 Reference value :  1.74561e-08
 Reference value :  1.74761e-08
 Reference value :  1.74961e-08
 Reference value :  1.75161e-08
 Reference value :  1.75411e-08
 Reference value :  1.75611e-08
 Reference value :  1.75811e-08
 Reference value :  1.76011e-08
 Reference value :  1.76211e-08
 Reference value :  1.76411e-08
 Reference value :  1.76611e-08
 Reference value :  1.76811e-08
 Reference value :  1.77061e-08
 Reference value :  1.77261e-08
 Reference value :  1.77461e-08
 Reference value :  1.77661e-08
 Reference value :  1.77861e-08
 Reference value :  1.78061e-08
 Reference value :  1.78261e-08
 Reference value :  1.78461e-08
 Reference value :  1.78661e-08
 Reference value :  1.78861e-08
 Reference value :  1.79061e-08
 Reference value :  1.79261e-08
 Reference value :  1.79461e-08
 Reference value :  1.79661e-08
 Reference value :  1.79861e-08
 Reference value :  1.80111e-08
 Reference value :  1.80361e-08
 Reference value :  1.80561e-08
 Reference value :  1.80761e-08
 Reference value :  1.80961e-08
 Reference value :  1.81161e-08
 Reference value :  1.81361e-08
 Reference value :  1.81561e-08
 Reference value :  1.81761e-08
 Reference value :  1.81961e-08
 Reference value :  1.82161e-08
 Reference value :  1.82361e-08
 Reference value :  1.82561e-08
 Reference value :  1.82711e-08
 Reference value :  1.82911e-08
 Reference value :  1.83111e-08
 Reference value :  1.83311e-08
 Reference value :  1.83511e-08
 Reference value :  1.83711e-08
 Reference value :  1.83911e-08
 Reference value :  1.84111e-08
 Reference value :  1.84311e-08
 Reference value :  1.84511e-08
 Reference value :  1.84711e-08
 Reference value :  1.84911e-08
 Reference value :  1.85111e-08
 Reference value :  1.85311e-08
 Reference value :  1.85561e-08
 Reference value :  1.85761e-08
 Reference value :  1.85961e-08
 Reference value :  1.86161e-08
 Reference value :  1.86411e-08
 Reference value :  1.86661e-08
 Reference value :  1.86911e-08
 Reference value :  1.87111e-08
 Reference value :  1.87311e-08
 Reference value :  1.87511e-08
 Reference value :  1.87711e-08
 Reference value :  1.87911e-08
 Reference value :  1.88111e-08
 Reference value :  1.88311e-08
 Reference value :  1.88511e-08
 Reference value :  1.88711e-08
 Reference value :  1.88911e-08
 Reference value :  1.89111e-08
 Reference value :  1.89261e-08
 Reference value :  1.89461e-08
 Reference value :  1.89661e-08
 Reference value :  1.89861e-08
 Reference value :  1.90061e-08
 Reference value :  1.90311e-08
 Reference value :  1.90561e-08
 Reference value :  1.90761e-08
 Reference value :  1.90961e-08
 Reference value :  1.91161e-08
 Reference value :  1.91361e-08
 Reference value :  1.91561e-08
 Reference value :  1.91761e-08
 Reference value :  1.91911e-08
 Reference value :  1.92111e-08
 Reference value :  1.92261e-08
 Reference value :  1.92461e-08
 Reference value :  1.92661e-08
 Reference value :  1.92861e-08
 Reference value :  1.93061e-08
 Reference value :  1.93261e-08
 Reference value :  1.93461e-08
 Reference value :  1.93611e-08
 Reference value :  1.93811e-08
 Reference value :  1.94011e-08
 Reference value :  1.94161e-08
 Reference value :  1.94361e-08
 Reference value :  1.94561e-08
 Reference value :  1.94761e-08
 Reference value :  1.94961e-08
 Reference value :  1.95161e-08
 Reference value :  1.95361e-08
 Reference value :  1.95561e-08
 Reference value :  1.95761e-08
 Reference value :  1.95961e-08
 Reference value :  1.96161e-08
 Reference value :  1.96361e-08
 Reference value :  1.96561e-08
 Reference value :  1.96761e-08
 Reference value :  1.96961e-08
 Reference value :  1.97161e-08
 Reference value :  1.97361e-08
 Reference value :  1.97561e-08
 Reference value :  1.97761e-08
 Reference value :  1.97961e-08
 Reference value :  1.98211e-08
 Reference value :  1.98411e-08
 Reference value :  1.98611e-08
 Reference value :  1.98811e-08
 Reference value :  1.99011e-08
 Reference value :  1.99211e-08
 Reference value :  1.99411e-08
 Reference value :  1.99611e-08
 Reference value :  1.99811e-08
 Reference value :  2.00000e-08
No. of Data Rows : 4018
Note: Simulation executed from .control section 
