
Note: Compatibility modes selected: hs a


Circuit: * comparator-decision reset-integrity check -- variant=gnd-tied corner=ss temp=-40.0c supply=1.8v (issue #24)

option SCALE: Scale is set to 1e-06 for instance and model parameters
option SCALE: Scale is set to 1e-06 for instance and model parameters
option SCALE: Scale is set to 1e-06 for instance and model parameters
option SCALE: Scale is set to 1e-06 for instance and model parameters
Doing analysis at TEMP = -40.000000 and TNOM = 27.000000

Using KLU as Direct Linear Solver
Operating point simulation skipped by 'uic',
  now using transient initial conditions.
 Reference value :  5.00000e-14
 Reference value :  5.42000e-14
 Reference value :  1.38200e-13
 Reference value :  7.65400e-13
 Reference value :  2.01029e-12
 Reference value :  5.00000e-12
 Reference value :  6.37266e-12
 Reference value :  1.60789e-11
 Reference value :  3.10789e-11
 Reference value :  5.10789e-11
 Reference value :  6.60789e-11
 Reference value :  8.60789e-11
 Reference value :  1.11079e-10
 Reference value :  1.31079e-10
 Reference value :  1.51079e-10
 Reference value :  1.71079e-10
 Reference value :  1.91079e-10
 Reference value :  2.11079e-10
 Reference value :  2.36079e-10
 Reference value :  2.56079e-10
 Reference value :  2.76079e-10
 Reference value :  2.96079e-10
 Reference value :  3.21079e-10
 Reference value :  3.41079e-10
 Reference value :  3.66079e-10
 Reference value :  3.86079e-10
 Reference value :  4.11079e-10
 Reference value :  4.31079e-10
 Reference value :  4.51079e-10
 Reference value :  4.76079e-10
 Reference value :  4.96079e-10
 Reference value :  5.16079e-10
 Reference value :  5.36079e-10
 Reference value :  5.56079e-10
 Reference value :  5.76079e-10
 Reference value :  6.16079e-10
 Reference value :  6.36079e-10
 Reference value :  6.56079e-10
 Reference value :  6.76079e-10
 Reference value :  6.96079e-10
 Reference value :  7.21079e-10
 Reference value :  7.46079e-10
 Reference value :  7.71079e-10
 Reference value :  7.91079e-10
 Reference value :  8.11079e-10
 Reference value :  8.36079e-10
 Reference value :  8.61079e-10
 Reference value :  8.86079e-10
 Reference value :  9.06079e-10
 Reference value :  9.26079e-10
 Reference value :  9.51079e-10
 Reference value :  9.71079e-10
 Reference value :  9.91079e-10
 Reference value :  1.01608e-09
 Reference value :  1.03608e-09
 Reference value :  1.05608e-09
 Reference value :  1.07608e-09
 Reference value :  1.09608e-09
 Reference value :  1.11608e-09
 Reference value :  1.13608e-09
 Reference value :  1.15108e-09
 Reference value :  1.17608e-09
 Reference value :  1.19608e-09
 Reference value :  1.22608e-09
 Reference value :  1.24608e-09
 Reference value :  1.26608e-09
 Reference value :  1.29108e-09
 Reference value :  1.31608e-09
 Reference value :  1.33608e-09
 Reference value :  1.36108e-09
 Reference value :  1.38108e-09
 Reference value :  1.40108e-09
 Reference value :  1.42108e-09
 Reference value :  1.44608e-09
 Reference value :  1.47108e-09
 Reference value :  1.49108e-09
 Reference value :  1.51108e-09
 Reference value :  1.53108e-09
 Reference value :  1.55108e-09
 Reference value :  1.57108e-09
 Reference value :  1.59108e-09
 Reference value :  1.61108e-09
 Reference value :  1.63608e-09
 Reference value :  1.65608e-09
 Reference value :  1.67608e-09
 Reference value :  1.70108e-09
 Reference value :  1.72108e-09
 Reference value :  1.74108e-09
 Reference value :  1.76608e-09
 Reference value :  1.79108e-09
 Reference value :  1.81608e-09
 Reference value :  1.83608e-09
 Reference value :  1.86608e-09
 Reference value :  1.88608e-09
 Reference value :  1.90608e-09
 Reference value :  1.93108e-09
 Reference value :  1.95108e-09
 Reference value :  1.97108e-09
 Reference value :  1.99108e-09
 Reference value :  2.01108e-09
 Reference value :  2.03108e-09
 Reference value :  2.05108e-09
 Reference value :  2.07108e-09
 Reference value :  2.09108e-09
 Reference value :  2.11108e-09
 Reference value :  2.13108e-09
 Reference value :  2.15108e-09
 Reference value :  2.17108e-09
 Reference value :  2.20108e-09
 Reference value :  2.22108e-09
 Reference value :  2.24608e-09
 Reference value :  2.27108e-09
 Reference value :  2.29108e-09
 Reference value :  2.31108e-09
 Reference value :  2.33108e-09
 Reference value :  2.35108e-09
 Reference value :  2.37108e-09
 Reference value :  2.39108e-09
 Reference value :  2.41108e-09
 Reference value :  2.43108e-09
 Reference value :  2.45108e-09
 Reference value :  2.47108e-09
 Reference value :  2.49608e-09
 Reference value :  2.52108e-09
 Reference value :  2.54108e-09
 Reference value :  2.56108e-09
 Reference value :  2.58108e-09
 Reference value :  2.60108e-09
 Reference value :  2.62108e-09
 Reference value :  2.64108e-09
 Reference value :  2.66108e-09
 Reference value :  2.68108e-09
 Reference value :  2.70608e-09
 Reference value :  2.72608e-09
 Reference value :  2.74608e-09
 Reference value :  2.77108e-09
 Reference value :  2.79108e-09
 Reference value :  2.81108e-09
 Reference value :  2.83608e-09
 Reference value :  2.85608e-09
 Reference value :  2.87608e-09
 Reference value :  2.89608e-09
 Reference value :  2.92108e-09
 Reference value :  2.94608e-09
 Reference value :  2.98108e-09
 Reference value :  3.00108e-09
 Reference value :  3.01608e-09
 Reference value :  3.03608e-09
 Reference value :  3.05608e-09
 Reference value :  3.08108e-09
 Reference value :  3.10108e-09
 Reference value :  3.12608e-09
 Reference value :  3.14608e-09
 Reference value :  3.17608e-09
 Reference value :  3.19608e-09
 Reference value :  3.21608e-09
 Reference value :  3.23608e-09
 Reference value :  3.25608e-09
 Reference value :  3.27608e-09
 Reference value :  3.29608e-09
 Reference value :  3.32108e-09
 Reference value :  3.34108e-09
 Reference value :  3.36108e-09
 Reference value :  3.38108e-09
 Reference value :  3.40108e-09
 Reference value :  3.42108e-09
 Reference value :  3.43608e-09
 Reference value :  3.45608e-09
 Reference value :  3.47608e-09
 Reference value :  3.49608e-09
 Reference value :  3.51608e-09
 Reference value :  3.53608e-09
 Reference value :  3.55608e-09
 Reference value :  3.57608e-09
 Reference value :  3.59608e-09
 Reference value :  3.61608e-09
 Reference value :  3.63608e-09
 Reference value :  3.65608e-09
 Reference value :  3.67608e-09
 Reference value :  3.69608e-09
 Reference value :  3.71608e-09
 Reference value :  3.74108e-09
 Reference value :  3.76608e-09
 Reference value :  3.78608e-09
 Reference value :  3.80608e-09
 Reference value :  3.83108e-09
 Reference value :  3.85608e-09
 Reference value :  3.87608e-09
 Reference value :  3.90108e-09
 Reference value :  3.92608e-09
 Reference value :  3.94608e-09
 Reference value :  3.96608e-09
 Reference value :  3.98608e-09
 Reference value :  4.00608e-09
 Reference value :  4.03108e-09
 Reference value :  4.05108e-09
 Reference value :  4.07608e-09
 Reference value :  4.09608e-09
 Reference value :  4.11608e-09
 Reference value :  4.14108e-09
 Reference value :  4.16108e-09
 Reference value :  4.18108e-09
 Reference value :  4.19608e-09
 Reference value :  4.21608e-09
 Reference value :  4.23608e-09
 Reference value :  4.25608e-09
 Reference value :  4.28108e-09
 Reference value :  4.30608e-09
 Reference value :  4.32608e-09
 Reference value :  4.34608e-09
 Reference value :  4.36608e-09
 Reference value :  4.38608e-09
 Reference value :  4.40108e-09
 Reference value :  4.42608e-09
 Reference value :  4.44608e-09
 Reference value :  4.46108e-09
 Reference value :  4.48108e-09
 Reference value :  4.50608e-09
 Reference value :  4.52608e-09
 Reference value :  4.54608e-09
 Reference value :  4.56608e-09
 Reference value :  4.58608e-09
 Reference value :  4.60608e-09
 Reference value :  4.62608e-09
 Reference value :  4.65108e-09
 Reference value :  4.67108e-09
 Reference value :  4.69108e-09
 Reference value :  4.71608e-09
 Reference value :  4.74108e-09
 Reference value :  4.75608e-09
 Reference value :  4.77608e-09
 Reference value :  4.79608e-09
 Reference value :  4.81108e-09
 Reference value :  4.83108e-09
 Reference value :  4.85608e-09
 Reference value :  4.87608e-09
 Reference value :  4.89608e-09
 Reference value :  4.91608e-09
 Reference value :  4.93108e-09
 Reference value :  4.94608e-09
 Reference value :  4.97108e-09
 Reference value :  4.99608e-09
 Reference value :  5.01608e-09
 Reference value :  5.03608e-09
 Reference value :  5.05608e-09
 Reference value :  5.07108e-09
 Reference value :  5.08608e-09
 Reference value :  5.10608e-09
 Reference value :  5.12608e-09
 Reference value :  5.15108e-09
 Reference value :  5.16608e-09
 Reference value :  5.18608e-09
 Reference value :  5.20608e-09
 Reference value :  5.22608e-09
 Reference value :  5.25108e-09
 Reference value :  5.27608e-09
 Reference value :  5.30108e-09
 Reference value :  5.32108e-09
 Reference value :  5.34108e-09
 Reference value :  5.36108e-09
 Reference value :  5.38108e-09
 Reference value :  5.40108e-09
 Reference value :  5.42108e-09
 Reference value :  5.44608e-09
 Reference value :  5.47108e-09
 Reference value :  5.49108e-09
 Reference value :  5.50608e-09
 Reference value :  5.52108e-09
 Reference value :  5.54108e-09
 Reference value :  5.56608e-09
 Reference value :  5.59108e-09
 Reference value :  5.61108e-09
 Reference value :  5.63108e-09
 Reference value :  5.65108e-09
 Reference value :  5.67608e-09
 Reference value :  5.70108e-09
 Reference value :  5.72108e-09
 Reference value :  5.74608e-09
 Reference value :  5.76608e-09
 Reference value :  5.78608e-09
 Reference value :  5.80608e-09
 Reference value :  5.82608e-09
 Reference value :  5.84608e-09
 Reference value :  5.86608e-09
 Reference value :  5.88608e-09
 Reference value :  5.90608e-09
 Reference value :  5.92608e-09
 Reference value :  5.94608e-09
 Reference value :  5.96608e-09
 Reference value :  5.98608e-09
 Reference value :  6.00608e-09
 Reference value :  6.02108e-09
 Reference value :  6.04108e-09
 Reference value :  6.06108e-09
 Reference value :  6.07608e-09
 Reference value :  6.10108e-09
 Reference value :  6.12108e-09
 Reference value :  6.14108e-09
 Reference value :  6.16108e-09
 Reference value :  6.18108e-09
 Reference value :  6.20108e-09
 Reference value :  6.22108e-09
 Reference value :  6.24108e-09
 Reference value :  6.26608e-09
 Reference value :  6.28108e-09
 Reference value :  6.30608e-09
 Reference value :  6.33108e-09
 Reference value :  6.35108e-09
 Reference value :  6.37608e-09
 Reference value :  6.39608e-09
 Reference value :  6.41608e-09
 Reference value :  6.43608e-09
 Reference value :  6.45608e-09
 Reference value :  6.47108e-09
 Reference value :  6.49108e-09
 Reference value :  6.51108e-09
 Reference value :  6.53108e-09
 Reference value :  6.54608e-09
 Reference value :  6.57108e-09
 Reference value :  6.59108e-09
 Reference value :  6.61108e-09
 Reference value :  6.63108e-09
 Reference value :  6.65108e-09
 Reference value :  6.67108e-09
 Reference value :  6.69108e-09
 Reference value :  6.70608e-09
 Reference value :  6.72608e-09
 Reference value :  6.74608e-09
 Reference value :  6.76608e-09
 Reference value :  6.78608e-09
 Reference value :  6.81108e-09
 Reference value :  6.83108e-09
 Reference value :  6.85108e-09
 Reference value :  6.87108e-09
 Reference value :  6.89108e-09
 Reference value :  6.91108e-09
 Reference value :  6.93108e-09
 Reference value :  6.95108e-09
 Reference value :  6.97108e-09
 Reference value :  6.99108e-09
 Reference value :  7.01108e-09
 Reference value :  7.02608e-09
 Reference value :  7.04108e-09
 Reference value :  7.06108e-09
 Reference value :  7.08108e-09
 Reference value :  7.09608e-09
 Reference value :  7.11108e-09
 Reference value :  7.13608e-09
 Reference value :  7.15608e-09
 Reference value :  7.17608e-09
 Reference value :  7.20108e-09
 Reference value :  7.22108e-09
 Reference value :  7.23608e-09
 Reference value :  7.25608e-09
 Reference value :  7.27608e-09
 Reference value :  7.29608e-09
 Reference value :  7.32108e-09
 Reference value :  7.34608e-09
 Reference value :  7.36608e-09
 Reference value :  7.38608e-09
 Reference value :  7.40608e-09
 Reference value :  7.42608e-09
 Reference value :  7.45108e-09
 Reference value :  7.47108e-09
 Reference value :  7.49108e-09
 Reference value :  7.51108e-09
 Reference value :  7.54108e-09
 Reference value :  7.56108e-09
 Reference value :  7.58108e-09
 Reference value :  7.60108e-09
 Reference value :  7.62608e-09
 Reference value :  7.64608e-09
 Reference value :  7.66108e-09
 Reference value :  7.68108e-09
 Reference value :  7.69608e-09
 Reference value :  7.71608e-09
 Reference value :  7.73108e-09
 Reference value :  7.74608e-09
 Reference value :  7.76108e-09
 Reference value :  7.78108e-09
 Reference value :  7.80108e-09
 Reference value :  7.82108e-09
 Reference value :  7.84108e-09
 Reference value :  7.86108e-09
 Reference value :  7.88608e-09
 Reference value :  7.90108e-09
 Reference value :  7.92108e-09
 Reference value :  7.94108e-09
 Reference value :  7.96108e-09
 Reference value :  7.98108e-09
 Reference value :  8.00108e-09
 Reference value :  8.02608e-09
 Reference value :  8.04608e-09
 Reference value :  8.07108e-09
 Reference value :  8.09108e-09
 Reference value :  8.11108e-09
 Reference value :  8.13108e-09
 Reference value :  8.15108e-09
 Reference value :  8.17608e-09
 Reference value :  8.19608e-09
 Reference value :  8.21608e-09
 Reference value :  8.23608e-09
 Reference value :  8.25608e-09
 Reference value :  8.27608e-09
 Reference value :  8.29608e-09
 Reference value :  8.31608e-09
 Reference value :  8.34608e-09
 Reference value :  8.37108e-09
 Reference value :  8.39108e-09
 Reference value :  8.40608e-09
 Reference value :  8.43108e-09
 Reference value :  8.45108e-09
 Reference value :  8.47608e-09
 Reference value :  8.49608e-09
 Reference value :  8.52108e-09
 Reference value :  8.54108e-09
 Reference value :  8.56108e-09
 Reference value :  8.58608e-09
 Reference value :  8.60608e-09
 Reference value :  8.62608e-09
 Reference value :  8.64608e-09
 Reference value :  8.66608e-09
 Reference value :  8.69108e-09
 Reference value :  8.71608e-09
 Reference value :  8.73608e-09
 Reference value :  8.75608e-09
 Reference value :  8.77108e-09
 Reference value :  8.79108e-09
 Reference value :  8.81608e-09
 Reference value :  8.83608e-09
 Reference value :  8.85608e-09
 Reference value :  8.87608e-09
 Reference value :  8.89608e-09
 Reference value :  8.91608e-09
 Reference value :  8.93608e-09
 Reference value :  8.95108e-09
 Reference value :  8.97108e-09
 Reference value :  8.99108e-09
 Reference value :  9.00608e-09
 Reference value :  9.02608e-09
 Reference value :  9.04608e-09
 Reference value :  9.06608e-09
 Reference value :  9.09108e-09
 Reference value :  9.11608e-09
 Reference value :  9.14108e-09
 Reference value :  9.16108e-09
 Reference value :  9.18108e-09
 Reference value :  9.20108e-09
 Reference value :  9.22108e-09
 Reference value :  9.23608e-09
 Reference value :  9.25608e-09
 Reference value :  9.27608e-09
 Reference value :  9.29608e-09
 Reference value :  9.31608e-09
 Reference value :  9.33608e-09
 Reference value :  9.35608e-09
 Reference value :  9.37608e-09
 Reference value :  9.39108e-09
 Reference value :  9.41108e-09
 Reference value :  9.42608e-09
 Reference value :  9.44608e-09
 Reference value :  9.46608e-09
 Reference value :  9.48108e-09
 Reference value :  9.50108e-09
 Reference value :  9.52108e-09
 Reference value :  9.54108e-09
 Reference value :  9.56108e-09
 Reference value :  9.58108e-09
 Reference value :  9.60108e-09
 Reference value :  9.62108e-09
 Reference value :  9.64108e-09
 Reference value :  9.66108e-09
 Reference value :  9.68108e-09
 Reference value :  9.70108e-09
 Reference value :  9.72608e-09
 Reference value :  9.74608e-09
 Reference value :  9.76608e-09
 Reference value :  9.78608e-09
 Reference value :  9.81108e-09
 Reference value :  9.83108e-09
 Reference value :  9.85608e-09
 Reference value :  9.88108e-09
 Reference value :  9.91108e-09
 Reference value :  9.93108e-09
 Reference value :  9.96108e-09
 Reference value :  9.98108e-09
 Reference value :  1.00011e-08
 Reference value :  1.00211e-08
 Reference value :  1.00361e-08
 Reference value :  1.00561e-08
 Reference value :  1.00761e-08
 Reference value :  1.00961e-08
 Reference value :  1.01161e-08
 Reference value :  1.01361e-08
 Reference value :  1.01561e-08
 Reference value :  1.01811e-08
 Reference value :  1.02061e-08
 Reference value :  1.02211e-08
 Reference value :  1.02461e-08
 Reference value :  1.02711e-08
 Reference value :  1.02911e-08
 Reference value :  1.03061e-08
 Reference value :  1.03311e-08
 Reference value :  1.03561e-08
 Reference value :  1.03811e-08
 Reference value :  1.04061e-08
 Reference value :  1.04311e-08
 Reference value :  1.04561e-08
 Reference value :  1.04811e-08
 Reference value :  1.05011e-08
 Reference value :  1.05311e-08
 Reference value :  1.05511e-08
 Reference value :  1.05661e-08
 Reference value :  1.05861e-08
 Reference value :  1.06061e-08
 Reference value :  1.06261e-08
 Reference value :  1.06411e-08
 Reference value :  1.06611e-08
 Reference value :  1.06811e-08
 Reference value :  1.07011e-08
 Reference value :  1.07261e-08
 Reference value :  1.07411e-08
 Reference value :  1.07661e-08
 Reference value :  1.07861e-08
 Reference value :  1.08061e-08
 Reference value :  1.08261e-08
 Reference value :  1.08461e-08
 Reference value :  1.08661e-08
 Reference value :  1.08861e-08
 Reference value :  1.09111e-08
 Reference value :  1.09311e-08
 Reference value :  1.09511e-08
 Reference value :  1.09661e-08
 Reference value :  1.09911e-08
 Reference value :  1.10161e-08
 Reference value :  1.10311e-08
 Reference value :  1.10511e-08
 Reference value :  1.10761e-08
 Reference value :  1.11011e-08
 Reference value :  1.11261e-08
 Reference value :  1.11411e-08
 Reference value :  1.11611e-08
 Reference value :  1.11811e-08
 Reference value :  1.12011e-08
 Reference value :  1.12161e-08
 Reference value :  1.12411e-08
 Reference value :  1.12711e-08
 Reference value :  1.12961e-08
 Reference value :  1.13111e-08
 Reference value :  1.13361e-08
 Reference value :  1.13561e-08
 Reference value :  1.13811e-08
 Reference value :  1.14011e-08
 Reference value :  1.14211e-08
 Reference value :  1.14461e-08
 Reference value :  1.14661e-08
 Reference value :  1.14861e-08
 Reference value :  1.15161e-08
 Reference value :  1.15361e-08
 Reference value :  1.15561e-08
 Reference value :  1.15761e-08
 Reference value :  1.16011e-08
 Reference value :  1.16161e-08
 Reference value :  1.16361e-08
 Reference value :  1.16561e-08
 Reference value :  1.16811e-08
 Reference value :  1.17011e-08
 Reference value :  1.17261e-08
 Reference value :  1.17461e-08
 Reference value :  1.17711e-08
 Reference value :  1.17911e-08
 Reference value :  1.18111e-08
 Reference value :  1.18261e-08
 Reference value :  1.18461e-08
 Reference value :  1.18611e-08
 Reference value :  1.18761e-08
 Reference value :  1.18961e-08
 Reference value :  1.19111e-08
 Reference value :  1.19361e-08
 Reference value :  1.19561e-08
 Reference value :  1.19761e-08
 Reference value :  1.19911e-08
 Reference value :  1.20111e-08
 Reference value :  1.20311e-08
 Reference value :  1.20511e-08
 Reference value :  1.20711e-08
 Reference value :  1.20911e-08
 Reference value :  1.21211e-08
 Reference value :  1.21411e-08
 Reference value :  1.21611e-08
 Reference value :  1.21811e-08
 Reference value :  1.22011e-08
 Reference value :  1.22211e-08
 Reference value :  1.22411e-08
 Reference value :  1.22661e-08
 Reference value :  1.22861e-08
 Reference value :  1.23061e-08
 Reference value :  1.23361e-08
 Reference value :  1.23661e-08
 Reference value :  1.23861e-08
 Reference value :  1.24011e-08
 Reference value :  1.24261e-08
 Reference value :  1.24461e-08
 Reference value :  1.24711e-08
 Reference value :  1.24961e-08
 Reference value :  1.25211e-08
 Reference value :  1.25411e-08
 Reference value :  1.25661e-08
 Reference value :  1.25811e-08
 Reference value :  1.25961e-08
 Reference value :  1.26161e-08
 Reference value :  1.26361e-08
 Reference value :  1.26561e-08
 Reference value :  1.26711e-08
 Reference value :  1.26911e-08
 Reference value :  1.27111e-08
 Reference value :  1.27311e-08
 Reference value :  1.27511e-08
 Reference value :  1.27711e-08
 Reference value :  1.27961e-08
 Reference value :  1.28161e-08
 Reference value :  1.28311e-08
 Reference value :  1.28511e-08
 Reference value :  1.28761e-08
 Reference value :  1.28911e-08
 Reference value :  1.29311e-08
 Reference value :  1.29561e-08
 Reference value :  1.29711e-08
 Reference value :  1.29911e-08
 Reference value :  1.30111e-08
 Reference value :  1.30311e-08
 Reference value :  1.30561e-08
 Reference value :  1.30761e-08
 Reference value :  1.30961e-08
 Reference value :  1.31211e-08
 Reference value :  1.31361e-08
 Reference value :  1.31561e-08
 Reference value :  1.31711e-08
 Reference value :  1.31911e-08
 Reference value :  1.32111e-08
 Reference value :  1.32261e-08
 Reference value :  1.32461e-08
 Reference value :  1.32611e-08
 Reference value :  1.32761e-08
 Reference value :  1.33111e-08
 Reference value :  1.33311e-08
 Reference value :  1.33561e-08
 Reference value :  1.33761e-08
 Reference value :  1.33961e-08
 Reference value :  1.34211e-08
 Reference value :  1.34411e-08
 Reference value :  1.34611e-08
 Reference value :  1.34811e-08
 Reference value :  1.35011e-08
 Reference value :  1.35261e-08
 Reference value :  1.35461e-08
 Reference value :  1.35661e-08
 Reference value :  1.35861e-08
 Reference value :  1.36061e-08
 Reference value :  1.36261e-08
 Reference value :  1.36461e-08
 Reference value :  1.36661e-08
 Reference value :  1.36861e-08
 Reference value :  1.37061e-08
 Reference value :  1.37261e-08
 Reference value :  1.37461e-08
 Reference value :  1.37661e-08
 Reference value :  1.37911e-08
 Reference value :  1.38111e-08
 Reference value :  1.38311e-08
 Reference value :  1.38511e-08
 Reference value :  1.38711e-08
 Reference value :  1.38961e-08
 Reference value :  1.39211e-08
 Reference value :  1.39461e-08
 Reference value :  1.39661e-08
 Reference value :  1.39861e-08
 Reference value :  1.40111e-08
 Reference value :  1.40311e-08
 Reference value :  1.40561e-08
 Reference value :  1.40811e-08
 Reference value :  1.41011e-08
 Reference value :  1.41211e-08
 Reference value :  1.41461e-08
 Reference value :  1.41661e-08
 Reference value :  1.41911e-08
 Reference value :  1.42111e-08
 Reference value :  1.42361e-08
 Reference value :  1.42611e-08
 Reference value :  1.42861e-08
 Reference value :  1.43061e-08
 Reference value :  1.43261e-08
 Reference value :  1.43461e-08
 Reference value :  1.43661e-08
 Reference value :  1.43861e-08
 Reference value :  1.44111e-08
 Reference value :  1.44311e-08
 Reference value :  1.44511e-08
 Reference value :  1.44811e-08
 Reference value :  1.45111e-08
 Reference value :  1.45261e-08
 Reference value :  1.45511e-08
 Reference value :  1.45761e-08
 Reference value :  1.45961e-08
 Reference value :  1.46211e-08
 Reference value :  1.46461e-08
 Reference value :  1.46711e-08
 Reference value :  1.46961e-08
 Reference value :  1.47161e-08
 Reference value :  1.47411e-08
 Reference value :  1.47661e-08
 Reference value :  1.47961e-08
 Reference value :  1.48161e-08
 Reference value :  1.48361e-08
 Reference value :  1.48561e-08
 Reference value :  1.48761e-08
 Reference value :  1.48961e-08
 Reference value :  1.49161e-08
 Reference value :  1.49361e-08
 Reference value :  1.49561e-08
 Reference value :  1.49761e-08
 Reference value :  1.50011e-08
 Reference value :  1.50261e-08
 Reference value :  1.50461e-08
 Reference value :  1.50611e-08
 Reference value :  1.50861e-08
 Reference value :  1.51061e-08
 Reference value :  1.51261e-08
 Reference value :  1.51511e-08
 Reference value :  1.51761e-08
 Reference value :  1.51961e-08
 Reference value :  1.52161e-08
 Reference value :  1.52361e-08
 Reference value :  1.52561e-08
 Reference value :  1.52761e-08
 Reference value :  1.52961e-08
 Reference value :  1.53161e-08
 Reference value :  1.53461e-08
 Reference value :  1.53661e-08
 Reference value :  1.53861e-08
 Reference value :  1.54011e-08
 Reference value :  1.54361e-08
 Reference value :  1.54661e-08
 Reference value :  1.54911e-08
 Reference value :  1.55111e-08
 Reference value :  1.55311e-08
 Reference value :  1.55461e-08
 Reference value :  1.55711e-08
 Reference value :  1.56011e-08
 Reference value :  1.56161e-08
 Reference value :  1.56361e-08
 Reference value :  1.56561e-08
 Reference value :  1.56861e-08
 Reference value :  1.57161e-08
 Reference value :  1.57461e-08
 Reference value :  1.57661e-08
 Reference value :  1.57911e-08
 Reference value :  1.58111e-08
 Reference value :  1.58361e-08
 Reference value :  1.58611e-08
 Reference value :  1.58861e-08
 Reference value :  1.59111e-08
 Reference value :  1.59361e-08
 Reference value :  1.59561e-08
 Reference value :  1.59811e-08
 Reference value :  1.60011e-08
 Reference value :  1.60311e-08
 Reference value :  1.60561e-08
 Reference value :  1.60811e-08
 Reference value :  1.61011e-08
 Reference value :  1.61211e-08
 Reference value :  1.61411e-08
 Reference value :  1.61611e-08
 Reference value :  1.61861e-08
 Reference value :  1.62111e-08
 Reference value :  1.62411e-08
 Reference value :  1.62711e-08
 Reference value :  1.62911e-08
 Reference value :  1.63161e-08
 Reference value :  1.63411e-08
 Reference value :  1.63661e-08
 Reference value :  1.63861e-08
 Reference value :  1.64061e-08
 Reference value :  1.64261e-08
 Reference value :  1.64511e-08
 Reference value :  1.64711e-08
 Reference value :  1.64911e-08
 Reference value :  1.65111e-08
 Reference value :  1.65311e-08
 Reference value :  1.65511e-08
 Reference value :  1.65711e-08
 Reference value :  1.65911e-08
 Reference value :  1.66111e-08
 Reference value :  1.66311e-08
 Reference value :  1.66511e-08
 Reference value :  1.66711e-08
 Reference value :  1.66961e-08
 Reference value :  1.67161e-08
 Reference value :  1.67411e-08
 Reference value :  1.67611e-08
 Reference value :  1.67811e-08
 Reference value :  1.68011e-08
 Reference value :  1.68211e-08
 Reference value :  1.68411e-08
 Reference value :  1.68661e-08
 Reference value :  1.68911e-08
 Reference value :  1.69161e-08
 Reference value :  1.69361e-08
 Reference value :  1.69561e-08
 Reference value :  1.69811e-08
 Reference value :  1.70061e-08
 Reference value :  1.70261e-08
 Reference value :  1.70411e-08
 Reference value :  1.70611e-08
 Reference value :  1.70861e-08
 Reference value :  1.71061e-08
 Reference value :  1.71311e-08
 Reference value :  1.71511e-08
 Reference value :  1.71711e-08
 Reference value :  1.71961e-08
 Reference value :  1.72161e-08
 Reference value :  1.72361e-08
 Reference value :  1.72561e-08
 Reference value :  1.72761e-08
 Reference value :  1.73011e-08
 Reference value :  1.73211e-08
 Reference value :  1.73411e-08
 Reference value :  1.73611e-08
 Reference value :  1.73861e-08
 Reference value :  1.74111e-08
 Reference value :  1.74361e-08
 Reference value :  1.74561e-08
 Reference value :  1.74711e-08
 Reference value :  1.74961e-08
 Reference value :  1.75161e-08
 Reference value :  1.75311e-08
 Reference value :  1.75511e-08
 Reference value :  1.75711e-08
 Reference value :  1.75911e-08
 Reference value :  1.76111e-08
 Reference value :  1.76311e-08
 Reference value :  1.76561e-08
 Reference value :  1.76761e-08
 Reference value :  1.77011e-08
 Reference value :  1.77211e-08
 Reference value :  1.77361e-08
 Reference value :  1.77561e-08
 Reference value :  1.77761e-08
 Reference value :  1.78011e-08
 Reference value :  1.78211e-08
 Reference value :  1.78461e-08
 Reference value :  1.78661e-08
 Reference value :  1.78911e-08
 Reference value :  1.79061e-08
 Reference value :  1.79261e-08
 Reference value :  1.79511e-08
 Reference value :  1.79711e-08
 Reference value :  1.79911e-08
 Reference value :  1.80161e-08
 Reference value :  1.80361e-08
 Reference value :  1.80611e-08
 Reference value :  1.80861e-08
 Reference value :  1.81061e-08
 Reference value :  1.81261e-08
 Reference value :  1.81511e-08
 Reference value :  1.81711e-08
 Reference value :  1.81911e-08
 Reference value :  1.82111e-08
 Reference value :  1.82361e-08
 Reference value :  1.82561e-08
 Reference value :  1.82761e-08
 Reference value :  1.82911e-08
 Reference value :  1.83161e-08
 Reference value :  1.83411e-08
 Reference value :  1.83611e-08
 Reference value :  1.83811e-08
 Reference value :  1.83961e-08
 Reference value :  1.84211e-08
 Reference value :  1.84461e-08
 Reference value :  1.84711e-08
 Reference value :  1.84911e-08
 Reference value :  1.85111e-08
 Reference value :  1.85311e-08
 Reference value :  1.85561e-08
 Reference value :  1.85811e-08
 Reference value :  1.86011e-08
 Reference value :  1.86161e-08
 Reference value :  1.86411e-08
 Reference value :  1.86611e-08
 Reference value :  1.86811e-08
 Reference value :  1.87011e-08
 Reference value :  1.87211e-08
 Reference value :  1.87361e-08
 Reference value :  1.87561e-08
 Reference value :  1.87811e-08
 Reference value :  1.88011e-08
 Reference value :  1.88261e-08
 Reference value :  1.88511e-08
 Reference value :  1.88761e-08
 Reference value :  1.88961e-08
 Reference value :  1.89161e-08
 Reference value :  1.89361e-08
 Reference value :  1.89611e-08
 Reference value :  1.89811e-08
 Reference value :  1.90061e-08
 Reference value :  1.90261e-08
 Reference value :  1.90511e-08
 Reference value :  1.90711e-08
 Reference value :  1.90911e-08
 Reference value :  1.91111e-08
 Reference value :  1.91361e-08
 Reference value :  1.91611e-08
 Reference value :  1.91811e-08
 Reference value :  1.92011e-08
 Reference value :  1.92211e-08
 Reference value :  1.92411e-08
 Reference value :  1.92561e-08
 Reference value :  1.92761e-08
 Reference value :  1.92961e-08
 Reference value :  1.93161e-08
 Reference value :  1.93361e-08
 Reference value :  1.93661e-08
 Reference value :  1.93911e-08
 Reference value :  1.94111e-08
 Reference value :  1.94311e-08
 Reference value :  1.94511e-08
 Reference value :  1.94761e-08
 Reference value :  1.94961e-08
 Reference value :  1.95161e-08
 Reference value :  1.95361e-08
 Reference value :  1.95511e-08
 Reference value :  1.95661e-08
 Reference value :  1.95861e-08
 Reference value :  1.96061e-08
 Reference value :  1.96261e-08
 Reference value :  1.96461e-08
 Reference value :  1.96711e-08
 Reference value :  1.96911e-08
 Reference value :  1.97111e-08
 Reference value :  1.97311e-08
 Reference value :  1.97511e-08
 Reference value :  1.97711e-08
 Reference value :  1.97911e-08
 Reference value :  1.98161e-08
 Reference value :  1.98411e-08
 Reference value :  1.98611e-08
 Reference value :  1.98861e-08
 Reference value :  1.99261e-08
 Reference value :  1.99511e-08
 Reference value :  1.99761e-08
 Reference value :  1.99911e-08
No. of Data Rows : 4018
Note: Simulation executed from .control section 
