
Note: Compatibility modes selected: hs a


Circuit: * comparator-decision reset-integrity check -- variant=as-drawn corner=ff temp=-40.0c supply=1.8v (issue #24)

option SCALE: Scale is set to 1e-06 for instance and model parameters
option SCALE: Scale is set to 1e-06 for instance and model parameters
option SCALE: Scale is set to 1e-06 for instance and model parameters
option SCALE: Scale is set to 1e-06 for instance and model parameters
Doing analysis at TEMP = -40.000000 and TNOM = 27.000000

Using KLU as Direct Linear Solver
Operating point simulation skipped by 'uic',
  now using transient initial conditions.
 Reference value :  5.00000e-14
 Reference value :  5.98000e-14
 Reference value :  2.27800e-13
 Reference value :  7.65400e-13
 Reference value :  1.99182e-12
 Reference value :  5.00000e-12
 Reference value :  7.96273e-12
 Reference value :  2.11230e-11
 Reference value :  3.61230e-11
 Reference value :  5.11230e-11
 Reference value :  6.61230e-11
 Reference value :  8.61230e-11
 Reference value :  1.11123e-10
 Reference value :  1.31123e-10
 Reference value :  1.51123e-10
 Reference value :  1.66123e-10
 Reference value :  1.86123e-10
 Reference value :  2.06123e-10
 Reference value :  2.21123e-10
 Reference value :  2.36123e-10
 Reference value :  2.56123e-10
 Reference value :  2.71123e-10
 Reference value :  2.91123e-10
 Reference value :  3.11123e-10
 Reference value :  3.31123e-10
 Reference value :  3.46123e-10
 Reference value :  3.66123e-10
 Reference value :  3.86123e-10
 Reference value :  4.11123e-10
 Reference value :  4.31123e-10
 Reference value :  4.56123e-10
 Reference value :  4.76123e-10
 Reference value :  4.96123e-10
 Reference value :  5.16123e-10
 Reference value :  5.36123e-10
 Reference value :  5.56123e-10
 Reference value :  5.76123e-10
 Reference value :  5.96123e-10
 Reference value :  6.16123e-10
 Reference value :  6.31123e-10
 Reference value :  6.51123e-10
 Reference value :  6.71123e-10
 Reference value :  6.91123e-10
 Reference value :  7.06123e-10
 Reference value :  7.26123e-10
 Reference value :  7.46123e-10
 Reference value :  7.71123e-10
 Reference value :  7.91123e-10
 Reference value :  8.11123e-10
 Reference value :  8.31123e-10
 Reference value :  8.51123e-10
 Reference value :  8.71123e-10
 Reference value :  8.91123e-10
 Reference value :  9.11123e-10
 Reference value :  9.31123e-10
 Reference value :  9.56123e-10
 Reference value :  9.81123e-10
 Reference value :  1.00612e-09
 Reference value :  1.02612e-09
 Reference value :  1.04612e-09
 Reference value :  1.07112e-09
 Reference value :  1.08612e-09
 Reference value :  1.10612e-09
 Reference value :  1.12112e-09
 Reference value :  1.14612e-09
 Reference value :  1.17112e-09
 Reference value :  1.19112e-09
 Reference value :  1.21112e-09
 Reference value :  1.23112e-09
 Reference value :  1.25112e-09
 Reference value :  1.27112e-09
 Reference value :  1.29112e-09
 Reference value :  1.31112e-09
 Reference value :  1.33112e-09
 Reference value :  1.35112e-09
 Reference value :  1.37112e-09
 Reference value :  1.39112e-09
 Reference value :  1.41112e-09
 Reference value :  1.43112e-09
 Reference value :  1.45112e-09
 Reference value :  1.47112e-09
 Reference value :  1.49112e-09
 Reference value :  1.51612e-09
 Reference value :  1.53612e-09
 Reference value :  1.56112e-09
 Reference value :  1.58112e-09
 Reference value :  1.60112e-09
 Reference value :  1.62612e-09
 Reference value :  1.65112e-09
 Reference value :  1.67112e-09
 Reference value :  1.69112e-09
 Reference value :  1.71612e-09
 Reference value :  1.74112e-09
 Reference value :  1.76112e-09
 Reference value :  1.77612e-09
 Reference value :  1.79612e-09
 Reference value :  1.81612e-09
 Reference value :  1.83112e-09
 Reference value :  1.84612e-09
 Reference value :  1.86612e-09
 Reference value :  1.88612e-09
 Reference value :  1.90112e-09
 Reference value :  1.92112e-09
 Reference value :  1.94112e-09
 Reference value :  1.96112e-09
 Reference value :  1.98112e-09
 Reference value :  2.00112e-09
 Reference value :  2.02112e-09
 Reference value :  2.04112e-09
 Reference value :  2.05612e-09
 Reference value :  2.07112e-09
 Reference value :  2.09112e-09
 Reference value :  2.11112e-09
 Reference value :  2.12612e-09
 Reference value :  2.14612e-09
 Reference value :  2.16612e-09
 Reference value :  2.18612e-09
 Reference value :  2.20112e-09
 Reference value :  2.22612e-09
 Reference value :  2.24612e-09
 Reference value :  2.27112e-09
 Reference value :  2.29112e-09
 Reference value :  2.31112e-09
 Reference value :  2.33612e-09
 Reference value :  2.35612e-09
 Reference value :  2.37612e-09
 Reference value :  2.39612e-09
 Reference value :  2.41612e-09
 Reference value :  2.43612e-09
 Reference value :  2.45612e-09
 Reference value :  2.47112e-09
 Reference value :  2.49112e-09
 Reference value :  2.51612e-09
 Reference value :  2.53612e-09
 Reference value :  2.56112e-09
 Reference value :  2.58112e-09
 Reference value :  2.60112e-09
 Reference value :  2.61612e-09
 Reference value :  2.63612e-09
 Reference value :  2.65612e-09
 Reference value :  2.68112e-09
 Reference value :  2.70112e-09
 Reference value :  2.72112e-09
 Reference value :  2.74112e-09
 Reference value :  2.76112e-09
 Reference value :  2.77612e-09
 Reference value :  2.79612e-09
 Reference value :  2.81612e-09
 Reference value :  2.84112e-09
 Reference value :  2.86112e-09
 Reference value :  2.87612e-09
 Reference value :  2.89112e-09
 Reference value :  2.91612e-09
 Reference value :  2.93112e-09
 Reference value :  2.95112e-09
 Reference value :  2.97112e-09
 Reference value :  2.99112e-09
 Reference value :  3.01612e-09
 Reference value :  3.04112e-09
 Reference value :  3.06112e-09
 Reference value :  3.08112e-09
 Reference value :  3.09612e-09
 Reference value :  3.11112e-09
 Reference value :  3.12612e-09
 Reference value :  3.14612e-09
 Reference value :  3.16612e-09
 Reference value :  3.18112e-09
 Reference value :  3.20112e-09
 Reference value :  3.22112e-09
 Reference value :  3.24112e-09
 Reference value :  3.26112e-09
 Reference value :  3.28612e-09
 Reference value :  3.30612e-09
 Reference value :  3.32612e-09
 Reference value :  3.34612e-09
 Reference value :  3.36612e-09
 Reference value :  3.38612e-09
 Reference value :  3.40612e-09
 Reference value :  3.42612e-09
 Reference value :  3.45112e-09
 Reference value :  3.47112e-09
 Reference value :  3.49112e-09
 Reference value :  3.51112e-09
 Reference value :  3.53112e-09
 Reference value :  3.55112e-09
 Reference value :  3.57112e-09
 Reference value :  3.59112e-09
 Reference value :  3.61112e-09
 Reference value :  3.63112e-09
 Reference value :  3.64612e-09
 Reference value :  3.67112e-09
 Reference value :  3.69612e-09
 Reference value :  3.72112e-09
 Reference value :  3.74112e-09
 Reference value :  3.76112e-09
 Reference value :  3.78112e-09
 Reference value :  3.80612e-09
 Reference value :  3.83112e-09
 Reference value :  3.85112e-09
 Reference value :  3.88112e-09
 Reference value :  3.91112e-09
 Reference value :  3.93112e-09
 Reference value :  3.94612e-09
 Reference value :  3.96612e-09
 Reference value :  3.98612e-09
 Reference value :  4.00612e-09
 Reference value :  4.03112e-09
 Reference value :  4.05612e-09
 Reference value :  4.08112e-09
 Reference value :  4.10112e-09
 Reference value :  4.12112e-09
 Reference value :  4.14612e-09
 Reference value :  4.16612e-09
 Reference value :  4.18612e-09
 Reference value :  4.20612e-09
 Reference value :  4.22612e-09
 Reference value :  4.25112e-09
 Reference value :  4.27112e-09
 Reference value :  4.29112e-09
 Reference value :  4.31112e-09
 Reference value :  4.34112e-09
 Reference value :  4.36112e-09
 Reference value :  4.37612e-09
 Reference value :  4.39112e-09
 Reference value :  4.40612e-09
 Reference value :  4.42612e-09
 Reference value :  4.44612e-09
 Reference value :  4.46612e-09
 Reference value :  4.48112e-09
 Reference value :  4.50112e-09
 Reference value :  4.52112e-09
 Reference value :  4.54112e-09
 Reference value :  4.56112e-09
 Reference value :  4.57612e-09
 Reference value :  4.59612e-09
 Reference value :  4.61612e-09
 Reference value :  4.63612e-09
 Reference value :  4.66112e-09
 Reference value :  4.68112e-09
 Reference value :  4.70112e-09
 Reference value :  4.71612e-09
 Reference value :  4.73612e-09
 Reference value :  4.75612e-09
 Reference value :  4.77612e-09
 Reference value :  4.79612e-09
 Reference value :  4.82112e-09
 Reference value :  4.84112e-09
 Reference value :  4.86112e-09
 Reference value :  4.88112e-09
 Reference value :  4.90112e-09
 Reference value :  4.92112e-09
 Reference value :  4.93612e-09
 Reference value :  4.96112e-09
 Reference value :  4.98112e-09
 Reference value :  5.00112e-09
 Reference value :  5.02112e-09
 Reference value :  5.04112e-09
 Reference value :  5.06112e-09
 Reference value :  5.07612e-09
 Reference value :  5.09612e-09
 Reference value :  5.11612e-09
 Reference value :  5.13612e-09
 Reference value :  5.15612e-09
 Reference value :  5.17612e-09
 Reference value :  5.19612e-09
 Reference value :  5.21112e-09
 Reference value :  5.23112e-09
 Reference value :  5.25112e-09
 Reference value :  5.27612e-09
 Reference value :  5.30112e-09
 Reference value :  5.32112e-09
 Reference value :  5.34112e-09
 Reference value :  5.36112e-09
 Reference value :  5.38112e-09
 Reference value :  5.40112e-09
 Reference value :  5.42112e-09
 Reference value :  5.44112e-09
 Reference value :  5.45612e-09
 Reference value :  5.48112e-09
 Reference value :  5.50612e-09
 Reference value :  5.52112e-09
 Reference value :  5.54612e-09
 Reference value :  5.56612e-09
 Reference value :  5.59112e-09
 Reference value :  5.60612e-09
 Reference value :  5.62612e-09
 Reference value :  5.64112e-09
 Reference value :  5.65612e-09
 Reference value :  5.67112e-09
 Reference value :  5.69112e-09
 Reference value :  5.71112e-09
 Reference value :  5.73112e-09
 Reference value :  5.75612e-09
 Reference value :  5.78112e-09
 Reference value :  5.80112e-09
 Reference value :  5.82112e-09
 Reference value :  5.84112e-09
 Reference value :  5.87612e-09
 Reference value :  5.89612e-09
 Reference value :  5.91612e-09
 Reference value :  5.94112e-09
 Reference value :  5.96112e-09
 Reference value :  5.98112e-09
 Reference value :  5.99612e-09
 Reference value :  6.01112e-09
 Reference value :  6.03112e-09
 Reference value :  6.06112e-09
 Reference value :  6.07612e-09
 Reference value :  6.09112e-09
 Reference value :  6.10612e-09
 Reference value :  6.12112e-09
 Reference value :  6.13612e-09
 Reference value :  6.15112e-09
 Reference value :  6.17612e-09
 Reference value :  6.19612e-09
 Reference value :  6.21112e-09
 Reference value :  6.23112e-09
 Reference value :  6.25112e-09
 Reference value :  6.27112e-09
 Reference value :  6.29112e-09
 Reference value :  6.31112e-09
 Reference value :  6.33112e-09
 Reference value :  6.35112e-09
 Reference value :  6.37112e-09
 Reference value :  6.39112e-09
 Reference value :  6.40612e-09
 Reference value :  6.42112e-09
 Reference value :  6.43612e-09
 Reference value :  6.45112e-09
 Reference value :  6.47112e-09
 Reference value :  6.49112e-09
 Reference value :  6.52112e-09
 Reference value :  6.54112e-09
 Reference value :  6.55612e-09
 Reference value :  6.58112e-09
 Reference value :  6.60112e-09
 Reference value :  6.62112e-09
 Reference value :  6.64112e-09
 Reference value :  6.66112e-09
 Reference value :  6.68112e-09
 Reference value :  6.70612e-09
 Reference value :  6.72112e-09
 Reference value :  6.74612e-09
 Reference value :  6.76612e-09
 Reference value :  6.78612e-09
 Reference value :  6.80112e-09
 Reference value :  6.82612e-09
 Reference value :  6.84612e-09
 Reference value :  6.86612e-09
 Reference value :  6.88612e-09
 Reference value :  6.90612e-09
 Reference value :  6.92612e-09
 Reference value :  6.94612e-09
 Reference value :  6.96612e-09
 Reference value :  6.98612e-09
 Reference value :  7.00612e-09
 Reference value :  7.02112e-09
 Reference value :  7.04612e-09
 Reference value :  7.06612e-09
 Reference value :  7.08612e-09
 Reference value :  7.11112e-09
 Reference value :  7.13112e-09
 Reference value :  7.15612e-09
 Reference value :  7.17612e-09
 Reference value :  7.19612e-09
 Reference value :  7.21612e-09
 Reference value :  7.23612e-09
 Reference value :  7.25612e-09
 Reference value :  7.27112e-09
 Reference value :  7.29112e-09
 Reference value :  7.30612e-09
 Reference value :  7.33112e-09
 Reference value :  7.35112e-09
 Reference value :  7.37112e-09
 Reference value :  7.39112e-09
 Reference value :  7.40612e-09
 Reference value :  7.42112e-09
 Reference value :  7.44112e-09
 Reference value :  7.46112e-09
 Reference value :  7.48112e-09
 Reference value :  7.50112e-09
 Reference value :  7.52112e-09
 Reference value :  7.54112e-09
 Reference value :  7.56112e-09
 Reference value :  7.58112e-09
 Reference value :  7.60112e-09
 Reference value :  7.62112e-09
 Reference value :  7.64112e-09
 Reference value :  7.66112e-09
 Reference value :  7.68112e-09
 Reference value :  7.70112e-09
 Reference value :  7.72112e-09
 Reference value :  7.74612e-09
 Reference value :  7.76612e-09
 Reference value :  7.78612e-09
 Reference value :  7.80612e-09
 Reference value :  7.82612e-09
 Reference value :  7.85112e-09
 Reference value :  7.87112e-09
 Reference value :  7.89612e-09
 Reference value :  7.91612e-09
 Reference value :  7.93612e-09
 Reference value :  7.95612e-09
 Reference value :  7.97612e-09
 Reference value :  7.99612e-09
 Reference value :  8.03112e-09
 Reference value :  8.05612e-09
 Reference value :  8.07612e-09
 Reference value :  8.09612e-09
 Reference value :  8.11612e-09
 Reference value :  8.13612e-09
 Reference value :  8.15112e-09
 Reference value :  8.17112e-09
 Reference value :  8.19112e-09
 Reference value :  8.21112e-09
 Reference value :  8.23112e-09
 Reference value :  8.25112e-09
 Reference value :  8.28112e-09
 Reference value :  8.30112e-09
 Reference value :  8.32112e-09
 Reference value :  8.34612e-09
 Reference value :  8.36612e-09
 Reference value :  8.38112e-09
 Reference value :  8.40112e-09
 Reference value :  8.42112e-09
 Reference value :  8.44112e-09
 Reference value :  8.46112e-09
 Reference value :  8.48112e-09
 Reference value :  8.50112e-09
 Reference value :  8.51612e-09
 Reference value :  8.53612e-09
 Reference value :  8.55612e-09
 Reference value :  8.57612e-09
 Reference value :  8.60612e-09
 Reference value :  8.62612e-09
 Reference value :  8.64112e-09
 Reference value :  8.65612e-09
 Reference value :  8.67612e-09
 Reference value :  8.69612e-09
 Reference value :  8.72112e-09
 Reference value :  8.74112e-09
 Reference value :  8.76112e-09
 Reference value :  8.78112e-09
 Reference value :  8.80112e-09
 Reference value :  8.82112e-09
 Reference value :  8.84612e-09
 Reference value :  8.86612e-09
 Reference value :  8.88112e-09
 Reference value :  8.90112e-09
 Reference value :  8.92112e-09
 Reference value :  8.94112e-09
 Reference value :  8.96112e-09
 Reference value :  8.98112e-09
 Reference value :  8.99612e-09
 Reference value :  9.01612e-09
 Reference value :  9.03612e-09
 Reference value :  9.05612e-09
 Reference value :  9.07112e-09
 Reference value :  9.08612e-09
 Reference value :  9.10612e-09
 Reference value :  9.12612e-09
 Reference value :  9.14112e-09
 Reference value :  9.16112e-09
 Reference value :  9.17612e-09
 Reference value :  9.19612e-09
 Reference value :  9.21612e-09
 Reference value :  9.23612e-09
 Reference value :  9.25612e-09
 Reference value :  9.27612e-09
 Reference value :  9.29112e-09
 Reference value :  9.31112e-09
 Reference value :  9.33112e-09
 Reference value :  9.35112e-09
 Reference value :  9.37112e-09
 Reference value :  9.39112e-09
 Reference value :  9.41112e-09
 Reference value :  9.42612e-09
 Reference value :  9.44112e-09
 Reference value :  9.46112e-09
 Reference value :  9.47612e-09
 Reference value :  9.49612e-09
 Reference value :  9.51612e-09
 Reference value :  9.53612e-09
 Reference value :  9.55612e-09
 Reference value :  9.57612e-09
 Reference value :  9.59612e-09
 Reference value :  9.62112e-09
 Reference value :  9.64612e-09
 Reference value :  9.66612e-09
 Reference value :  9.69112e-09
 Reference value :  9.70612e-09
 Reference value :  9.72612e-09
 Reference value :  9.74612e-09
 Reference value :  9.76612e-09
 Reference value :  9.79612e-09
 Reference value :  9.81612e-09
 Reference value :  9.84112e-09
 Reference value :  9.86112e-09
 Reference value :  9.88112e-09
 Reference value :  9.90112e-09
 Reference value :  9.91612e-09
 Reference value :  9.93612e-09
 Reference value :  9.95612e-09
 Reference value :  9.97612e-09
 Reference value :  9.99612e-09
 Reference value :  1.00161e-08
 Reference value :  1.00361e-08
 Reference value :  1.00561e-08
 Reference value :  1.00761e-08
 Reference value :  1.01011e-08
 Reference value :  1.01211e-08
 Reference value :  1.01411e-08
 Reference value :  1.01611e-08
 Reference value :  1.01811e-08
 Reference value :  1.02011e-08
 Reference value :  1.02211e-08
 Reference value :  1.02411e-08
 Reference value :  1.02611e-08
 Reference value :  1.02861e-08
 Reference value :  1.03061e-08
 Reference value :  1.03311e-08
 Reference value :  1.03461e-08
 Reference value :  1.03661e-08
 Reference value :  1.03861e-08
 Reference value :  1.04061e-08
 Reference value :  1.04261e-08
 Reference value :  1.04461e-08
 Reference value :  1.04661e-08
 Reference value :  1.04861e-08
 Reference value :  1.05011e-08
 Reference value :  1.05211e-08
 Reference value :  1.05411e-08
 Reference value :  1.05661e-08
 Reference value :  1.05861e-08
 Reference value :  1.06061e-08
 Reference value :  1.06261e-08
 Reference value :  1.06461e-08
 Reference value :  1.06611e-08
 Reference value :  1.06761e-08
 Reference value :  1.06961e-08
 Reference value :  1.07161e-08
 Reference value :  1.07361e-08
 Reference value :  1.07561e-08
 Reference value :  1.07761e-08
 Reference value :  1.07961e-08
 Reference value :  1.08161e-08
 Reference value :  1.08361e-08
 Reference value :  1.08561e-08
 Reference value :  1.08811e-08
 Reference value :  1.08961e-08
 Reference value :  1.09161e-08
 Reference value :  1.09361e-08
 Reference value :  1.09561e-08
 Reference value :  1.09761e-08
 Reference value :  1.09961e-08
 Reference value :  1.10161e-08
 Reference value :  1.10311e-08
 Reference value :  1.10511e-08
 Reference value :  1.10661e-08
 Reference value :  1.10911e-08
 Reference value :  1.11111e-08
 Reference value :  1.11311e-08
 Reference value :  1.11561e-08
 Reference value :  1.11761e-08
 Reference value :  1.11961e-08
 Reference value :  1.12111e-08
 Reference value :  1.12261e-08
 Reference value :  1.12561e-08
 Reference value :  1.12761e-08
 Reference value :  1.12961e-08
 Reference value :  1.13161e-08
 Reference value :  1.13311e-08
 Reference value :  1.13461e-08
 Reference value :  1.13761e-08
 Reference value :  1.13961e-08
 Reference value :  1.14161e-08
 Reference value :  1.14361e-08
 Reference value :  1.14561e-08
 Reference value :  1.14761e-08
 Reference value :  1.14961e-08
 Reference value :  1.15111e-08
 Reference value :  1.15261e-08
 Reference value :  1.15411e-08
 Reference value :  1.15611e-08
 Reference value :  1.15811e-08
 Reference value :  1.16011e-08
 Reference value :  1.16211e-08
 Reference value :  1.16361e-08
 Reference value :  1.16561e-08
 Reference value :  1.16811e-08
 Reference value :  1.17011e-08
 Reference value :  1.17211e-08
 Reference value :  1.17411e-08
 Reference value :  1.17611e-08
 Reference value :  1.17861e-08
 Reference value :  1.18061e-08
 Reference value :  1.18261e-08
 Reference value :  1.18411e-08
 Reference value :  1.18611e-08
 Reference value :  1.18761e-08
 Reference value :  1.18961e-08
 Reference value :  1.19161e-08
 Reference value :  1.19311e-08
 Reference value :  1.19461e-08
 Reference value :  1.19661e-08
 Reference value :  1.19861e-08
 Reference value :  1.20061e-08
 Reference value :  1.20211e-08
 Reference value :  1.20411e-08
 Reference value :  1.20611e-08
 Reference value :  1.20811e-08
 Reference value :  1.21061e-08
 Reference value :  1.21361e-08
 Reference value :  1.21561e-08
 Reference value :  1.21711e-08
 Reference value :  1.21911e-08
 Reference value :  1.22111e-08
 Reference value :  1.22311e-08
 Reference value :  1.22511e-08
 Reference value :  1.22661e-08
 Reference value :  1.22861e-08
 Reference value :  1.23061e-08
 Reference value :  1.23311e-08
 Reference value :  1.23561e-08
 Reference value :  1.23761e-08
 Reference value :  1.24011e-08
 Reference value :  1.24161e-08
 Reference value :  1.24361e-08
 Reference value :  1.24561e-08
 Reference value :  1.24761e-08
 Reference value :  1.24961e-08
 Reference value :  1.25111e-08
 Reference value :  1.25311e-08
 Reference value :  1.25511e-08
 Reference value :  1.25661e-08
 Reference value :  1.25861e-08
 Reference value :  1.26061e-08
 Reference value :  1.26261e-08
 Reference value :  1.26461e-08
 Reference value :  1.26661e-08
 Reference value :  1.26861e-08
 Reference value :  1.27061e-08
 Reference value :  1.27261e-08
 Reference value :  1.27461e-08
 Reference value :  1.27611e-08
 Reference value :  1.27861e-08
 Reference value :  1.28111e-08
 Reference value :  1.28361e-08
 Reference value :  1.28561e-08
 Reference value :  1.28761e-08
 Reference value :  1.29011e-08
 Reference value :  1.29261e-08
 Reference value :  1.29461e-08
 Reference value :  1.29661e-08
 Reference value :  1.29811e-08
 Reference value :  1.30061e-08
 Reference value :  1.30261e-08
 Reference value :  1.30461e-08
 Reference value :  1.30611e-08
 Reference value :  1.30811e-08
 Reference value :  1.31011e-08
 Reference value :  1.31211e-08
 Reference value :  1.31411e-08
 Reference value :  1.31611e-08
 Reference value :  1.31811e-08
 Reference value :  1.32061e-08
 Reference value :  1.32261e-08
 Reference value :  1.32461e-08
 Reference value :  1.32661e-08
 Reference value :  1.32861e-08
 Reference value :  1.33061e-08
 Reference value :  1.33261e-08
 Reference value :  1.33461e-08
 Reference value :  1.33661e-08
 Reference value :  1.33861e-08
 Reference value :  1.34061e-08
 Reference value :  1.34261e-08
 Reference value :  1.34511e-08
 Reference value :  1.34711e-08
 Reference value :  1.34861e-08
 Reference value :  1.35011e-08
 Reference value :  1.35261e-08
 Reference value :  1.35461e-08
 Reference value :  1.35711e-08
 Reference value :  1.35861e-08
 Reference value :  1.36061e-08
 Reference value :  1.36211e-08
 Reference value :  1.36361e-08
 Reference value :  1.36561e-08
 Reference value :  1.36761e-08
 Reference value :  1.37011e-08
 Reference value :  1.37261e-08
 Reference value :  1.37461e-08
 Reference value :  1.37711e-08
 Reference value :  1.38011e-08
 Reference value :  1.38211e-08
 Reference value :  1.38411e-08
 Reference value :  1.38611e-08
 Reference value :  1.38811e-08
 Reference value :  1.39011e-08
 Reference value :  1.39261e-08
 Reference value :  1.39461e-08
 Reference value :  1.39711e-08
 Reference value :  1.39911e-08
 Reference value :  1.40161e-08
 Reference value :  1.40361e-08
 Reference value :  1.40511e-08
 Reference value :  1.40711e-08
 Reference value :  1.40961e-08
 Reference value :  1.41161e-08
 Reference value :  1.41361e-08
 Reference value :  1.41511e-08
 Reference value :  1.41711e-08
 Reference value :  1.41961e-08
 Reference value :  1.42161e-08
 Reference value :  1.42361e-08
 Reference value :  1.42561e-08
 Reference value :  1.42761e-08
 Reference value :  1.42961e-08
 Reference value :  1.43111e-08
 Reference value :  1.43261e-08
 Reference value :  1.43461e-08
 Reference value :  1.43661e-08
 Reference value :  1.43861e-08
 Reference value :  1.44011e-08
 Reference value :  1.44161e-08
 Reference value :  1.44361e-08
 Reference value :  1.44561e-08
 Reference value :  1.44761e-08
 Reference value :  1.45011e-08
 Reference value :  1.45161e-08
 Reference value :  1.45411e-08
 Reference value :  1.45611e-08
 Reference value :  1.45811e-08
 Reference value :  1.45961e-08
 Reference value :  1.46161e-08
 Reference value :  1.46311e-08
 Reference value :  1.46511e-08
 Reference value :  1.46661e-08
 Reference value :  1.46911e-08
 Reference value :  1.47111e-08
 Reference value :  1.47311e-08
 Reference value :  1.47511e-08
 Reference value :  1.47711e-08
 Reference value :  1.47861e-08
 Reference value :  1.48011e-08
 Reference value :  1.48161e-08
 Reference value :  1.48361e-08
 Reference value :  1.48561e-08
 Reference value :  1.48711e-08
 Reference value :  1.48911e-08
 Reference value :  1.49111e-08
 Reference value :  1.49311e-08
 Reference value :  1.49511e-08
 Reference value :  1.49761e-08
 Reference value :  1.49961e-08
 Reference value :  1.50161e-08
 Reference value :  1.50311e-08
 Reference value :  1.50561e-08
 Reference value :  1.50761e-08
 Reference value :  1.50961e-08
 Reference value :  1.51161e-08
 Reference value :  1.51411e-08
 Reference value :  1.51561e-08
 Reference value :  1.51711e-08
 Reference value :  1.51861e-08
 Reference value :  1.52011e-08
 Reference value :  1.52211e-08
 Reference value :  1.52411e-08
 Reference value :  1.52611e-08
 Reference value :  1.52811e-08
 Reference value :  1.53011e-08
 Reference value :  1.53161e-08
 Reference value :  1.53311e-08
 Reference value :  1.53511e-08
 Reference value :  1.53711e-08
 Reference value :  1.53961e-08
 Reference value :  1.54211e-08
 Reference value :  1.54411e-08
 Reference value :  1.54661e-08
 Reference value :  1.54911e-08
 Reference value :  1.55111e-08
 Reference value :  1.55261e-08
 Reference value :  1.55411e-08
 Reference value :  1.55661e-08
 Reference value :  1.55861e-08
 Reference value :  1.56111e-08
 Reference value :  1.56361e-08
 Reference value :  1.56511e-08
 Reference value :  1.56711e-08
 Reference value :  1.56911e-08
 Reference value :  1.57111e-08
 Reference value :  1.57261e-08
 Reference value :  1.57461e-08
 Reference value :  1.57661e-08
 Reference value :  1.57811e-08
 Reference value :  1.58011e-08
 Reference value :  1.58211e-08
 Reference value :  1.58411e-08
 Reference value :  1.58561e-08
 Reference value :  1.58711e-08
 Reference value :  1.58911e-08
 Reference value :  1.59111e-08
 Reference value :  1.59311e-08
 Reference value :  1.59461e-08
 Reference value :  1.59611e-08
 Reference value :  1.59761e-08
 Reference value :  1.59961e-08
 Reference value :  1.60161e-08
 Reference value :  1.60361e-08
 Reference value :  1.60561e-08
 Reference value :  1.60711e-08
 Reference value :  1.60911e-08
 Reference value :  1.61111e-08
 Reference value :  1.61311e-08
 Reference value :  1.61511e-08
 Reference value :  1.61711e-08
 Reference value :  1.61861e-08
 Reference value :  1.62011e-08
 Reference value :  1.62211e-08
 Reference value :  1.62411e-08
 Reference value :  1.62611e-08
 Reference value :  1.62811e-08
 Reference value :  1.63011e-08
 Reference value :  1.63211e-08
 Reference value :  1.63411e-08
 Reference value :  1.63561e-08
 Reference value :  1.63761e-08
 Reference value :  1.64011e-08
 Reference value :  1.64161e-08
 Reference value :  1.64361e-08
 Reference value :  1.64611e-08
 Reference value :  1.64811e-08
 Reference value :  1.65011e-08
 Reference value :  1.65211e-08
 Reference value :  1.65411e-08
 Reference value :  1.65611e-08
 Reference value :  1.65811e-08
 Reference value :  1.66011e-08
 Reference value :  1.66211e-08
 Reference value :  1.66411e-08
 Reference value :  1.66611e-08
 Reference value :  1.66811e-08
 Reference value :  1.67061e-08
 Reference value :  1.67261e-08
 Reference value :  1.67461e-08
 Reference value :  1.67661e-08
 Reference value :  1.67861e-08
 Reference value :  1.68111e-08
 Reference value :  1.68311e-08
 Reference value :  1.68511e-08
 Reference value :  1.68761e-08
 Reference value :  1.68961e-08
 Reference value :  1.69161e-08
 Reference value :  1.69361e-08
 Reference value :  1.69561e-08
 Reference value :  1.69761e-08
 Reference value :  1.69961e-08
 Reference value :  1.70111e-08
 Reference value :  1.70311e-08
 Reference value :  1.70511e-08
 Reference value :  1.70661e-08
 Reference value :  1.70861e-08
 Reference value :  1.71061e-08
 Reference value :  1.71261e-08
 Reference value :  1.71461e-08
 Reference value :  1.71611e-08
 Reference value :  1.71811e-08
 Reference value :  1.71961e-08
 Reference value :  1.72161e-08
 Reference value :  1.72361e-08
 Reference value :  1.72561e-08
 Reference value :  1.72761e-08
 Reference value :  1.72961e-08
 Reference value :  1.73161e-08
 Reference value :  1.73361e-08
 Reference value :  1.73561e-08
 Reference value :  1.73761e-08
 Reference value :  1.74011e-08
 Reference value :  1.74211e-08
 Reference value :  1.74411e-08
 Reference value :  1.74611e-08
 Reference value :  1.74761e-08
 Reference value :  1.74911e-08
 Reference value :  1.75061e-08
 Reference value :  1.75211e-08
 Reference value :  1.75361e-08
 Reference value :  1.75561e-08
 Reference value :  1.75761e-08
 Reference value :  1.75961e-08
 Reference value :  1.76161e-08
 Reference value :  1.76361e-08
 Reference value :  1.76561e-08
 Reference value :  1.76761e-08
 Reference value :  1.76911e-08
 Reference value :  1.77161e-08
 Reference value :  1.77361e-08
 Reference value :  1.77561e-08
 Reference value :  1.77761e-08
 Reference value :  1.78011e-08
 Reference value :  1.78211e-08
 Reference value :  1.78411e-08
 Reference value :  1.78611e-08
 Reference value :  1.78811e-08
 Reference value :  1.79011e-08
 Reference value :  1.79211e-08
 Reference value :  1.79411e-08
 Reference value :  1.79611e-08
 Reference value :  1.79811e-08
 Reference value :  1.80011e-08
 Reference value :  1.80211e-08
 Reference value :  1.80461e-08
 Reference value :  1.80661e-08
 Reference value :  1.80911e-08
 Reference value :  1.81161e-08
 Reference value :  1.81361e-08
 Reference value :  1.81561e-08
 Reference value :  1.81761e-08
 Reference value :  1.81961e-08
 Reference value :  1.82111e-08
 Reference value :  1.82261e-08
 Reference value :  1.82461e-08
 Reference value :  1.82661e-08
 Reference value :  1.82911e-08
 Reference value :  1.83061e-08
 Reference value :  1.83211e-08
 Reference value :  1.83411e-08
 Reference value :  1.83611e-08
 Reference value :  1.83761e-08
 Reference value :  1.83911e-08
 Reference value :  1.84111e-08
 Reference value :  1.84311e-08
 Reference value :  1.84561e-08
 Reference value :  1.84761e-08
 Reference value :  1.85011e-08
 Reference value :  1.85161e-08
 Reference value :  1.85361e-08
 Reference value :  1.85511e-08
 Reference value :  1.85661e-08
 Reference value :  1.85811e-08
 Reference value :  1.86011e-08
 Reference value :  1.86161e-08
 Reference value :  1.86361e-08
 Reference value :  1.86511e-08
 Reference value :  1.86711e-08
 Reference value :  1.86911e-08
 Reference value :  1.87111e-08
 Reference value :  1.87311e-08
 Reference value :  1.87561e-08
 Reference value :  1.87811e-08
 Reference value :  1.88061e-08
 Reference value :  1.88211e-08
 Reference value :  1.88411e-08
 Reference value :  1.88611e-08
 Reference value :  1.88861e-08
 Reference value :  1.89111e-08
 Reference value :  1.89311e-08
 Reference value :  1.89511e-08
 Reference value :  1.89711e-08
 Reference value :  1.89911e-08
 Reference value :  1.90111e-08
 Reference value :  1.90311e-08
 Reference value :  1.90561e-08
 Reference value :  1.90761e-08
 Reference value :  1.90961e-08
 Reference value :  1.91111e-08
 Reference value :  1.91311e-08
 Reference value :  1.91511e-08
 Reference value :  1.91711e-08
 Reference value :  1.91911e-08
 Reference value :  1.92111e-08
 Reference value :  1.92311e-08
 Reference value :  1.92511e-08
 Reference value :  1.92711e-08
 Reference value :  1.92861e-08
 Reference value :  1.93111e-08
 Reference value :  1.93311e-08
 Reference value :  1.93511e-08
 Reference value :  1.93711e-08
 Reference value :  1.93911e-08
 Reference value :  1.94111e-08
 Reference value :  1.94311e-08
 Reference value :  1.94511e-08
 Reference value :  1.94661e-08
 Reference value :  1.94911e-08
 Reference value :  1.95111e-08
 Reference value :  1.95311e-08
 Reference value :  1.95511e-08
 Reference value :  1.95661e-08
 Reference value :  1.95811e-08
 Reference value :  1.96061e-08
 Reference value :  1.96261e-08
 Reference value :  1.96411e-08
 Reference value :  1.96611e-08
 Reference value :  1.96811e-08
 Reference value :  1.97011e-08
 Reference value :  1.97211e-08
 Reference value :  1.97411e-08
 Reference value :  1.97611e-08
 Reference value :  1.97811e-08
 Reference value :  1.98011e-08
 Reference value :  1.98211e-08
 Reference value :  1.98411e-08
 Reference value :  1.98611e-08
 Reference value :  1.98761e-08
 Reference value :  1.98961e-08
 Reference value :  1.99111e-08
 Reference value :  1.99311e-08
 Reference value :  1.99461e-08
 Reference value :  1.99611e-08
 Reference value :  1.99811e-08
 Reference value :  1.99956e-08
No. of Data Rows : 4018
Note: Simulation executed from .control section 
