
Note: Compatibility modes selected: hs a


Circuit: * comparator-decision kickback disturbance -- variant=ideal rs=0ohm vindiff=50.0mv corner=tt temp=27.0c (issue #26)

option SCALE: Scale is set to 1e-06 for instance and model parameters
option SCALE: Scale is set to 1e-06 for instance and model parameters
option SCALE: Scale is set to 1e-06 for instance and model parameters
option SCALE: Scale is set to 1e-06 for instance and model parameters
Doing analysis at TEMP = 27.000000 and TNOM = 27.000000

Using KLU as Direct Linear Solver
 Reference value :  0.00000e+00
 Reference value :  4.75640e-09
 Reference value :  9.50750e-09
 Reference value :  1.41525e-08
 Reference value :  1.86975e-08
 Reference value :  2.26975e-08
 Reference value :  2.41375e-08
 Reference value :  2.86225e-08
 Reference value :  3.35625e-08
 Reference value :  3.82675e-08
 Reference value :  4.30425e-08
No. of Data Rows : 9034
Note: Simulation executed from .control section 
