
Note: Compatibility modes selected: hs a


Circuit: * comparator-decision decision-flip offset bisection -- vindiff=-1.25mv corner=tt temp=27.0c (issue #66)

option SCALE: Scale is set to 1e-06 for instance and model parameters
option SCALE: Scale is set to 1e-06 for instance and model parameters
option SCALE: Scale is set to 1e-06 for instance and model parameters
option SCALE: Scale is set to 1e-06 for instance and model parameters
Doing analysis at TEMP = 27.000000 and TNOM = 27.000000

Using KLU as Direct Linear Solver
 Reference value :  0.00000e+00
 Reference value :  2.09875e-08
 Reference value :  4.24475e-08
 Reference value :  6.45425e-08
 Reference value :  8.32875e-08
 Reference value :  1.02918e-07
 Reference value :  1.22053e-07
 Reference value :  1.41998e-07
 Reference value :  1.64708e-07
 Reference value :  1.82178e-07
 Reference value :  2.00743e-07
No. of Data Rows : 41034
Note: Simulation executed from .control section 
