
Note: Compatibility modes selected: hs a


Circuit: * comparator-decision decision-flip offset bisection -- vindiff=-0.15625mv corner=tt temp=27.0c (issue #66)

option SCALE: Scale is set to 1e-06 for instance and model parameters
option SCALE: Scale is set to 1e-06 for instance and model parameters
option SCALE: Scale is set to 1e-06 for instance and model parameters
option SCALE: Scale is set to 1e-06 for instance and model parameters
Doing analysis at TEMP = 27.000000 and TNOM = 27.000000

Using KLU as Direct Linear Solver
 Reference value :  0.00000e+00
 Reference value :  1.95325e-08
 Reference value :  3.70925e-08
 Reference value :  5.68725e-08
 Reference value :  7.60575e-08
 Reference value :  9.53125e-08
 Reference value :  1.14768e-07
 Reference value :  1.33143e-07
 Reference value :  1.47318e-07
 Reference value :  1.62368e-07
 Reference value :  1.75208e-07
 Reference value :  1.89133e-07
 Reference value :  2.02823e-07
No. of Data Rows : 41034
Note: Simulation executed from .control section 
