
Note: Compatibility modes selected: hs a


Circuit: * comparator-decision decision-flip offset bisection -- vindiff=-10.0mv corner=tt temp=27.0c (issue #66)

option SCALE: Scale is set to 1e-06 for instance and model parameters
option SCALE: Scale is set to 1e-06 for instance and model parameters
option SCALE: Scale is set to 1e-06 for instance and model parameters
option SCALE: Scale is set to 1e-06 for instance and model parameters
Doing analysis at TEMP = 27.000000 and TNOM = 27.000000

Using KLU as Direct Linear Solver
 Reference value :  0.00000e+00
 Reference value :  1.66675e-08
 Reference value :  3.08825e-08
 Reference value :  4.42225e-08
 Reference value :  6.46025e-08
 Reference value :  8.36725e-08
 Reference value :  9.98525e-08
 Reference value :  1.16868e-07
 Reference value :  1.32778e-07
 Reference value :  1.47663e-07
 Reference value :  1.62308e-07
 Reference value :  1.74558e-07
 Reference value :  1.92268e-07
No. of Data Rows : 41034
Note: Simulation executed from .control section 
