
Note: Compatibility modes selected: hs a


Circuit: * comparator-decision offset pick-off -- vindiff=0.0mv corner=fs_mm temp=27.0c seed=16 (issue #9)

option SCALE: Scale is set to 1e-06 for instance and model parameters
option SCALE: Scale is set to 1e-06 for instance and model parameters
option SCALE: Scale is set to 1e-06 for instance and model parameters
option SCALE: Scale is set to 1e-06 for instance and model parameters
Doing analysis at TEMP = 27.000000 and TNOM = 27.000000

Using KLU as Direct Linear Solver
 Reference value :  0.00000e+00
 Reference value :  8.10560e-10
 Reference value :  1.58656e-09
 Reference value :  1.61456e-09
 Reference value :  1.62256e-09
 Reference value :  1.62856e-09
 Reference value :  1.63456e-09
 Reference value :  1.64256e-09
 Reference value :  1.64856e-09
 Reference value :  1.65656e-09
 Reference value :  2.02256e-09
 Reference value :  2.96256e-09
 Reference value :  2.97056e-09
 Reference value :  3.89056e-09
 Reference value :  4.79056e-09
 Reference value :  5.46500e-09
 Reference value :  5.67100e-09
 Reference value :  6.38700e-09
 Reference value :  7.40100e-09
No. of Data Rows : 3814
Note: Simulation executed from .control section 
