
Note: Compatibility modes selected: hs a


Circuit: * comparator-decision offset pick-off -- vindiff=0.0mv corner=fs_mm temp=27.0c seed=3 (issue #9)

option SCALE: Scale is set to 1e-06 for instance and model parameters
option SCALE: Scale is set to 1e-06 for instance and model parameters
option SCALE: Scale is set to 1e-06 for instance and model parameters
option SCALE: Scale is set to 1e-06 for instance and model parameters
Doing analysis at TEMP = 27.000000 and TNOM = 27.000000

Using KLU as Direct Linear Solver
 Reference value :  0.00000e+00
 Reference value :  8.00000e-14
 Reference value :  6.40000e-13
 Reference value :  4.56000e-12
 Reference value :  1.25600e-11
 Reference value :  2.05600e-11
 Reference value :  2.65600e-11
 Reference value :  3.45600e-11
 Reference value :  4.25600e-11
 Reference value :  5.05600e-11
 Reference value :  5.65600e-11
 Reference value :  6.45600e-11
 Reference value :  7.05600e-11
 Reference value :  7.65600e-11
 Reference value :  8.45600e-11
 Reference value :  9.05600e-11
 Reference value :  9.85600e-11
 Reference value :  1.04560e-10
 Reference value :  1.12560e-10
 Reference value :  1.18560e-10
 Reference value :  1.24560e-10
 Reference value :  1.34560e-10
 Reference value :  1.40560e-10
 Reference value :  1.46560e-10
 Reference value :  1.54560e-10
 Reference value :  1.62560e-10
 Reference value :  1.68560e-10
 Reference value :  1.76560e-10
 Reference value :  1.82560e-10
 Reference value :  1.90560e-10
 Reference value :  1.96560e-10
 Reference value :  2.02560e-10
 Reference value :  2.08560e-10
 Reference value :  2.16560e-10
 Reference value :  2.24560e-10
 Reference value :  2.32560e-10
 Reference value :  2.40560e-10
 Reference value :  2.46560e-10
 Reference value :  2.56560e-10
 Reference value :  2.62560e-10
 Reference value :  2.70560e-10
 Reference value :  2.76560e-10
 Reference value :  2.82560e-10
 Reference value :  2.90560e-10
 Reference value :  4.10560e-10
 Reference value :  4.16560e-10
 Reference value :  4.24560e-10
 Reference value :  4.32560e-10
 Reference value :  4.38560e-10
 Reference value :  4.44560e-10
 Reference value :  4.52560e-10
 Reference value :  4.58560e-10
 Reference value :  4.66560e-10
 Reference value :  4.74560e-10
 Reference value :  4.80560e-10
 Reference value :  4.88560e-10
 Reference value :  4.94560e-10
 Reference value :  5.02560e-10
 Reference value :  5.08560e-10
 Reference value :  5.16560e-10
 Reference value :  5.22560e-10
 Reference value :  5.28560e-10
 Reference value :  5.34560e-10
 Reference value :  5.42560e-10
 Reference value :  5.48560e-10
 Reference value :  5.54560e-10
 Reference value :  5.62560e-10
 Reference value :  5.68560e-10
 Reference value :  5.76560e-10
 Reference value :  5.88560e-10
 Reference value :  5.96560e-10
 Reference value :  6.04560e-10
 Reference value :  6.10560e-10
 Reference value :  6.16560e-10
 Reference value :  6.24560e-10
 Reference value :  6.30560e-10
 Reference value :  6.38560e-10
 Reference value :  6.46560e-10
 Reference value :  6.54560e-10
 Reference value :  6.60560e-10
 Reference value :  6.68560e-10
 Reference value :  6.76560e-10
 Reference value :  6.82560e-10
 Reference value :  6.88560e-10
 Reference value :  6.96560e-10
 Reference value :  7.02560e-10
 Reference value :  7.08560e-10
 Reference value :  7.16560e-10
 Reference value :  7.22560e-10
 Reference value :  7.30560e-10
 Reference value :  7.38560e-10
 Reference value :  7.46560e-10
 Reference value :  7.54560e-10
 Reference value :  7.62560e-10
 Reference value :  7.70560e-10
 Reference value :  7.76560e-10
 Reference value :  7.82560e-10
 Reference value :  7.90560e-10
 Reference value :  7.96560e-10
 Reference value :  8.02560e-10
 Reference value :  8.10560e-10
 Reference value :  8.16560e-10
 Reference value :  8.24560e-10
 Reference value :  8.32560e-10
 Reference value :  8.40560e-10
 Reference value :  8.46560e-10
 Reference value :  8.54560e-10
 Reference value :  8.62560e-10
 Reference value :  8.70560e-10
 Reference value :  8.78560e-10
 Reference value :  8.84560e-10
 Reference value :  8.92560e-10
 Reference value :  9.00560e-10
 Reference value :  9.06560e-10
 Reference value :  9.12560e-10
 Reference value :  9.18560e-10
 Reference value :  9.26560e-10
 Reference value :  9.34560e-10
 Reference value :  9.42560e-10
 Reference value :  9.50560e-10
 Reference value :  9.58560e-10
 Reference value :  9.66560e-10
 Reference value :  9.72560e-10
 Reference value :  9.80560e-10
 Reference value :  9.88560e-10
 Reference value :  9.94560e-10
 Reference value :  1.00056e-09
 Reference value :  1.00856e-09
 Reference value :  1.01656e-09
 Reference value :  1.02256e-09
 Reference value :  1.03056e-09
 Reference value :  1.03856e-09
 Reference value :  1.15856e-09
 Reference value :  1.16656e-09
 Reference value :  1.17256e-09
 Reference value :  1.18056e-09
 Reference value :  1.18856e-09
 Reference value :  1.19456e-09
 Reference value :  1.20056e-09
 Reference value :  1.20656e-09
 Reference value :  1.21256e-09
 Reference value :  1.22056e-09
 Reference value :  1.22656e-09
 Reference value :  1.23456e-09
 Reference value :  1.24056e-09
 Reference value :  1.24656e-09
 Reference value :  1.25256e-09
 Reference value :  1.25856e-09
 Reference value :  1.26456e-09
 Reference value :  1.27256e-09
 Reference value :  1.27856e-09
 Reference value :  1.28656e-09
 Reference value :  1.29256e-09
 Reference value :  1.29856e-09
 Reference value :  1.30656e-09
 Reference value :  1.46056e-09
 Reference value :  1.54456e-09
 Reference value :  1.66456e-09
 Reference value :  1.67056e-09
 Reference value :  1.67856e-09
 Reference value :  1.68656e-09
 Reference value :  1.69456e-09
 Reference value :  1.70056e-09
 Reference value :  1.70656e-09
 Reference value :  1.71256e-09
 Reference value :  1.71856e-09
 Reference value :  1.72656e-09
 Reference value :  1.73456e-09
 Reference value :  1.74256e-09
 Reference value :  1.75056e-09
 Reference value :  1.75856e-09
 Reference value :  1.76656e-09
 Reference value :  1.77256e-09
 Reference value :  1.78056e-09
 Reference value :  1.78856e-09
 Reference value :  1.79456e-09
 Reference value :  1.80056e-09
 Reference value :  1.80856e-09
 Reference value :  1.81656e-09
 Reference value :  1.93056e-09
 Reference value :  1.93856e-09
 Reference value :  2.05256e-09
 Reference value :  2.05856e-09
 Reference value :  2.06456e-09
 Reference value :  2.07256e-09
 Reference value :  2.08056e-09
 Reference value :  2.08656e-09
 Reference value :  2.09456e-09
 Reference value :  2.10056e-09
 Reference value :  2.10656e-09
 Reference value :  2.11456e-09
 Reference value :  2.12256e-09
 Reference value :  2.12856e-09
 Reference value :  2.13456e-09
 Reference value :  2.14256e-09
 Reference value :  2.14856e-09
 Reference value :  2.19456e-09
 Reference value :  2.20056e-09
 Reference value :  2.20856e-09
 Reference value :  2.21656e-09
 Reference value :  2.22456e-09
 Reference value :  2.23056e-09
 Reference value :  2.23656e-09
 Reference value :  2.24256e-09
 Reference value :  2.25056e-09
 Reference value :  2.25656e-09
 Reference value :  2.26256e-09
 Reference value :  2.26856e-09
 Reference value :  2.27656e-09
 Reference value :  2.28456e-09
 Reference value :  2.29056e-09
 Reference value :  2.29856e-09
 Reference value :  2.30456e-09
 Reference value :  2.31256e-09
 Reference value :  2.32056e-09
 Reference value :  2.32856e-09
 Reference value :  2.33656e-09
 Reference value :  2.34456e-09
 Reference value :  2.35256e-09
 Reference value :  2.35856e-09
 Reference value :  2.36656e-09
 Reference value :  2.37256e-09
 Reference value :  2.37856e-09
 Reference value :  2.38656e-09
 Reference value :  2.39256e-09
 Reference value :  2.39856e-09
 Reference value :  2.40456e-09
 Reference value :  2.41056e-09
 Reference value :  2.41656e-09
 Reference value :  2.42456e-09
 Reference value :  2.43056e-09
 Reference value :  2.43656e-09
 Reference value :  2.44256e-09
 Reference value :  2.45056e-09
 Reference value :  2.45656e-09
 Reference value :  2.46256e-09
 Reference value :  2.46856e-09
 Reference value :  2.47656e-09
 Reference value :  2.48456e-09
 Reference value :  2.49256e-09
 Reference value :  2.49856e-09
 Reference value :  2.50656e-09
 Reference value :  2.51256e-09
 Reference value :  2.52056e-09
 Reference value :  2.52856e-09
 Reference value :  2.53656e-09
 Reference value :  2.54456e-09
 Reference value :  2.55256e-09
 Reference value :  2.55856e-09
 Reference value :  2.56456e-09
 Reference value :  2.57256e-09
 Reference value :  2.57856e-09
 Reference value :  2.58456e-09
 Reference value :  2.59056e-09
 Reference value :  2.59856e-09
 Reference value :  2.60456e-09
 Reference value :  2.61056e-09
 Reference value :  2.61656e-09
 Reference value :  2.62256e-09
 Reference value :  2.62856e-09
 Reference value :  2.63656e-09
 Reference value :  2.64456e-09
 Reference value :  2.65056e-09
 Reference value :  2.65856e-09
 Reference value :  2.66456e-09
 Reference value :  2.67256e-09
 Reference value :  2.68056e-09
 Reference value :  2.68656e-09
 Reference value :  2.69456e-09
 Reference value :  2.70256e-09
 Reference value :  2.70856e-09
 Reference value :  2.71656e-09
 Reference value :  2.72456e-09
 Reference value :  2.73056e-09
 Reference value :  2.73856e-09
 Reference value :  2.74456e-09
 Reference value :  2.75056e-09
 Reference value :  2.86656e-09
 Reference value :  2.87456e-09
 Reference value :  2.88056e-09
 Reference value :  2.88856e-09
 Reference value :  2.89656e-09
 Reference value :  2.91056e-09
 Reference value :  2.91656e-09
 Reference value :  2.96056e-09
 Reference value :  2.96856e-09
 Reference value :  2.97656e-09
 Reference value :  2.98456e-09
 Reference value :  2.99056e-09
 Reference value :  2.99656e-09
 Reference value :  3.00256e-09
 Reference value :  3.00856e-09
 Reference value :  3.01656e-09
 Reference value :  3.02456e-09
 Reference value :  3.03256e-09
 Reference value :  3.14656e-09
 Reference value :  3.15456e-09
 Reference value :  3.16256e-09
 Reference value :  3.17056e-09
 Reference value :  3.17656e-09
 Reference value :  3.18456e-09
 Reference value :  3.19256e-09
 Reference value :  3.19856e-09
 Reference value :  3.20456e-09
 Reference value :  3.32656e-09
 Reference value :  3.33456e-09
 Reference value :  3.34056e-09
 Reference value :  3.34856e-09
 Reference value :  3.35656e-09
 Reference value :  3.36256e-09
 Reference value :  3.37056e-09
 Reference value :  3.37656e-09
 Reference value :  3.38256e-09
 Reference value :  3.39056e-09
 Reference value :  3.39656e-09
 Reference value :  3.40456e-09
 Reference value :  3.41256e-09
 Reference value :  3.42056e-09
 Reference value :  3.42856e-09
 Reference value :  3.43656e-09
 Reference value :  3.44456e-09
 Reference value :  3.45256e-09
 Reference value :  3.45856e-09
 Reference value :  3.46656e-09
 Reference value :  3.47256e-09
 Reference value :  3.47856e-09
 Reference value :  3.48456e-09
 Reference value :  3.49056e-09
 Reference value :  3.49856e-09
 Reference value :  3.50656e-09
 Reference value :  3.51456e-09
 Reference value :  3.52256e-09
 Reference value :  3.53056e-09
 Reference value :  3.53856e-09
 Reference value :  3.54656e-09
 Reference value :  3.55256e-09
 Reference value :  3.56056e-09
 Reference value :  3.56656e-09
 Reference value :  3.57456e-09
 Reference value :  3.58256e-09
 Reference value :  3.59056e-09
 Reference value :  3.59856e-09
 Reference value :  3.60456e-09
 Reference value :  3.61256e-09
 Reference value :  3.62056e-09
 Reference value :  3.62856e-09
 Reference value :  3.63456e-09
 Reference value :  3.64056e-09
 Reference value :  3.64656e-09
 Reference value :  3.65456e-09
 Reference value :  3.66056e-09
 Reference value :  3.66856e-09
 Reference value :  3.67656e-09
 Reference value :  3.68256e-09
 Reference value :  3.69056e-09
 Reference value :  3.69656e-09
 Reference value :  3.70456e-09
 Reference value :  3.71056e-09
 Reference value :  3.71656e-09
 Reference value :  3.72456e-09
 Reference value :  3.73256e-09
 Reference value :  3.73856e-09
 Reference value :  3.74456e-09
 Reference value :  3.75056e-09
 Reference value :  3.75656e-09
 Reference value :  3.76456e-09
 Reference value :  3.77056e-09
 Reference value :  3.77856e-09
 Reference value :  3.78656e-09
 Reference value :  3.79456e-09
 Reference value :  3.80256e-09
 Reference value :  3.81056e-09
 Reference value :  3.81856e-09
 Reference value :  3.82456e-09
 Reference value :  3.83256e-09
 Reference value :  3.84056e-09
 Reference value :  3.84656e-09
 Reference value :  3.85256e-09
 Reference value :  3.85856e-09
 Reference value :  3.86656e-09
 Reference value :  3.87456e-09
 Reference value :  3.94256e-09
 Reference value :  3.95056e-09
 Reference value :  3.95856e-09
 Reference value :  3.96456e-09
 Reference value :  3.97056e-09
 Reference value :  3.97856e-09
 Reference value :  4.20656e-09
 Reference value :  4.21456e-09
 Reference value :  4.22256e-09
 Reference value :  4.22856e-09
 Reference value :  4.23656e-09
 Reference value :  4.24256e-09
 Reference value :  4.25056e-09
 Reference value :  4.25656e-09
 Reference value :  4.26456e-09
 Reference value :  4.27256e-09
 Reference value :  4.28056e-09
 Reference value :  4.28856e-09
 Reference value :  5.06700e-09
 Reference value :  5.07500e-09
 Reference value :  5.19100e-09
 Reference value :  5.19900e-09
 Reference value :  5.20700e-09
 Reference value :  5.21500e-09
 Reference value :  5.22300e-09
 Reference value :  5.23100e-09
 Reference value :  5.23900e-09
 Reference value :  5.24700e-09
 Reference value :  5.55300e-09
 Reference value :  5.55900e-09
 Reference value :  5.56700e-09
 Reference value :  5.57300e-09
 Reference value :  5.57900e-09
 Reference value :  5.58700e-09
 Reference value :  5.59300e-09
 Reference value :  5.60100e-09
 Reference value :  5.60700e-09
 Reference value :  5.61500e-09
 Reference value :  5.62100e-09
 Reference value :  5.63100e-09
 Reference value :  5.63700e-09
 Reference value :  5.64500e-09
 Reference value :  5.65300e-09
 Reference value :  5.66100e-09
 Reference value :  5.66900e-09
 Reference value :  5.77900e-09
 Reference value :  5.78500e-09
 Reference value :  6.43100e-09
 Reference value :  7.38900e-09
No. of Data Rows : 3814
Note: Simulation executed from .control section 
