
Note: Compatibility modes selected: hs a


Circuit: * comparator-decision offset pick-off -- vindiff=0.0mv corner=fs_mm temp=27.0c seed=11 (issue #9)

option SCALE: Scale is set to 1e-06 for instance and model parameters
option SCALE: Scale is set to 1e-06 for instance and model parameters
option SCALE: Scale is set to 1e-06 for instance and model parameters
option SCALE: Scale is set to 1e-06 for instance and model parameters
Doing analysis at TEMP = 27.000000 and TNOM = 27.000000

Using KLU as Direct Linear Solver
 Reference value :  0.00000e+00
 Reference value :  8.25600e-11
 Reference value :  9.05600e-11
 Reference value :  2.04560e-10
 Reference value :  3.28560e-10
 Reference value :  3.34560e-10
 Reference value :  3.40560e-10
 Reference value :  3.46560e-10
 Reference value :  3.54560e-10
 Reference value :  3.62560e-10
 Reference value :  3.68560e-10
 Reference value :  3.76560e-10
 Reference value :  3.84560e-10
 Reference value :  3.92560e-10
 Reference value :  4.00560e-10
 Reference value :  4.08560e-10
 Reference value :  4.16560e-10
 Reference value :  4.24560e-10
 Reference value :  4.30560e-10
 Reference value :  4.38560e-10
 Reference value :  4.44560e-10
 Reference value :  4.50560e-10
 Reference value :  4.56560e-10
 Reference value :  4.62560e-10
 Reference value :  4.70560e-10
 Reference value :  4.76560e-10
 Reference value :  4.82560e-10
 Reference value :  4.90560e-10
 Reference value :  8.12560e-10
 Reference value :  8.20560e-10
 Reference value :  8.28560e-10
 Reference value :  8.34560e-10
 Reference value :  8.40560e-10
 Reference value :  8.46560e-10
 Reference value :  8.54560e-10
 Reference value :  8.62560e-10
 Reference value :  8.68560e-10
 Reference value :  8.76560e-10
 Reference value :  8.84560e-10
 Reference value :  8.90560e-10
 Reference value :  8.98560e-10
 Reference value :  1.13656e-09
 Reference value :  1.14456e-09
 Reference value :  1.15056e-09
 Reference value :  1.15656e-09
 Reference value :  1.16256e-09
 Reference value :  1.17056e-09
 Reference value :  1.17856e-09
 Reference value :  1.18656e-09
 Reference value :  1.19256e-09
 Reference value :  1.19856e-09
 Reference value :  1.20656e-09
 Reference value :  1.21456e-09
 Reference value :  1.22056e-09
 Reference value :  1.22856e-09
 Reference value :  1.23456e-09
 Reference value :  1.24056e-09
 Reference value :  1.24856e-09
 Reference value :  1.25656e-09
 Reference value :  1.26256e-09
 Reference value :  1.27056e-09
 Reference value :  1.27656e-09
 Reference value :  1.40256e-09
 Reference value :  1.41056e-09
 Reference value :  1.41856e-09
 Reference value :  1.42456e-09
 Reference value :  1.43256e-09
 Reference value :  1.43856e-09
 Reference value :  1.44656e-09
 Reference value :  1.45456e-09
 Reference value :  1.46056e-09
 Reference value :  1.46656e-09
 Reference value :  1.47256e-09
 Reference value :  1.48056e-09
 Reference value :  1.48856e-09
 Reference value :  1.49656e-09
 Reference value :  1.61656e-09
 Reference value :  1.62456e-09
 Reference value :  1.63256e-09
 Reference value :  1.64056e-09
 Reference value :  1.64856e-09
 Reference value :  1.65456e-09
 Reference value :  1.66256e-09
 Reference value :  1.67056e-09
 Reference value :  1.67856e-09
 Reference value :  1.68456e-09
 Reference value :  1.69256e-09
 Reference value :  1.69856e-09
 Reference value :  1.70656e-09
 Reference value :  1.71456e-09
 Reference value :  1.72056e-09
 Reference value :  1.72856e-09
 Reference value :  1.73456e-09
 Reference value :  1.74256e-09
 Reference value :  1.75056e-09
 Reference value :  1.75656e-09
 Reference value :  1.76456e-09
 Reference value :  1.77256e-09
 Reference value :  1.77856e-09
 Reference value :  1.78456e-09
 Reference value :  1.79256e-09
 Reference value :  1.79856e-09
 Reference value :  1.80656e-09
 Reference value :  1.81256e-09
 Reference value :  1.81856e-09
 Reference value :  1.82656e-09
 Reference value :  1.83456e-09
 Reference value :  1.84056e-09
 Reference value :  1.84856e-09
 Reference value :  1.85456e-09
 Reference value :  1.86056e-09
 Reference value :  1.86856e-09
 Reference value :  1.87656e-09
 Reference value :  1.88256e-09
 Reference value :  1.89056e-09
 Reference value :  1.89856e-09
 Reference value :  2.27056e-09
 Reference value :  2.27656e-09
 Reference value :  2.28256e-09
 Reference value :  2.28856e-09
 Reference value :  2.29656e-09
 Reference value :  2.30256e-09
 Reference value :  2.31056e-09
 Reference value :  2.31656e-09
 Reference value :  2.32456e-09
 Reference value :  2.33056e-09
 Reference value :  2.45256e-09
 Reference value :  2.45856e-09
 Reference value :  2.55056e-09
 Reference value :  2.63456e-09
 Reference value :  2.64056e-09
 Reference value :  2.64856e-09
 Reference value :  2.65456e-09
 Reference value :  2.66056e-09
 Reference value :  2.66656e-09
 Reference value :  2.67456e-09
 Reference value :  2.79256e-09
 Reference value :  2.80056e-09
 Reference value :  2.80656e-09
 Reference value :  2.81456e-09
 Reference value :  2.82256e-09
 Reference value :  2.82856e-09
 Reference value :  2.83656e-09
 Reference value :  2.84456e-09
 Reference value :  2.85056e-09
 Reference value :  2.85856e-09
 Reference value :  2.86456e-09
 Reference value :  2.87256e-09
 Reference value :  2.88056e-09
 Reference value :  2.88856e-09
 Reference value :  2.89456e-09
 Reference value :  2.90056e-09
 Reference value :  2.90856e-09
 Reference value :  2.91456e-09
 Reference value :  2.92256e-09
 Reference value :  2.93056e-09
 Reference value :  2.93856e-09
 Reference value :  2.94656e-09
 Reference value :  2.95456e-09
 Reference value :  2.96056e-09
 Reference value :  2.96656e-09
 Reference value :  2.97256e-09
 Reference value :  2.98056e-09
 Reference value :  2.98656e-09
 Reference value :  2.99256e-09
 Reference value :  3.00056e-09
 Reference value :  3.00856e-09
 Reference value :  3.01656e-09
 Reference value :  3.02456e-09
 Reference value :  3.03056e-09
 Reference value :  3.03656e-09
 Reference value :  3.04256e-09
 Reference value :  3.05056e-09
 Reference value :  3.05856e-09
 Reference value :  3.06456e-09
 Reference value :  3.07256e-09
 Reference value :  3.08056e-09
 Reference value :  3.08656e-09
 Reference value :  3.09256e-09
 Reference value :  3.10056e-09
 Reference value :  3.10656e-09
 Reference value :  3.11456e-09
 Reference value :  3.12056e-09
 Reference value :  3.12656e-09
 Reference value :  3.13456e-09
 Reference value :  3.14056e-09
 Reference value :  3.14856e-09
 Reference value :  3.15456e-09
 Reference value :  3.16256e-09
 Reference value :  3.17056e-09
 Reference value :  3.17856e-09
 Reference value :  3.18456e-09
 Reference value :  3.19256e-09
 Reference value :  3.19856e-09
 Reference value :  3.20456e-09
 Reference value :  3.39656e-09
 Reference value :  3.87856e-09
 Reference value :  3.88456e-09
 Reference value :  3.89056e-09
 Reference value :  3.89656e-09
 Reference value :  3.90256e-09
 Reference value :  3.90856e-09
 Reference value :  3.91456e-09
 Reference value :  3.92256e-09
 Reference value :  3.93056e-09
 Reference value :  3.93856e-09
 Reference value :  3.94656e-09
 Reference value :  3.95456e-09
 Reference value :  3.96056e-09
 Reference value :  3.96856e-09
 Reference value :  3.97656e-09
 Reference value :  3.98456e-09
 Reference value :  3.99056e-09
 Reference value :  3.99656e-09
 Reference value :  4.00256e-09
 Reference value :  4.00856e-09
 Reference value :  4.05056e-09
 Reference value :  4.05856e-09
 Reference value :  4.06656e-09
 Reference value :  4.07256e-09
 Reference value :  4.16056e-09
 Reference value :  4.16656e-09
 Reference value :  4.17456e-09
 Reference value :  4.18256e-09
 Reference value :  4.18856e-09
 Reference value :  4.19656e-09
 Reference value :  4.20256e-09
 Reference value :  4.20856e-09
 Reference value :  4.21656e-09
 Reference value :  4.22456e-09
 Reference value :  4.23256e-09
 Reference value :  4.24056e-09
 Reference value :  4.24856e-09
 Reference value :  4.25456e-09
 Reference value :  4.26056e-09
 Reference value :  4.26856e-09
 Reference value :  4.27656e-09
 Reference value :  4.28456e-09
 Reference value :  4.29256e-09
 Reference value :  4.30056e-09
 Reference value :  4.30856e-09
 Reference value :  4.31656e-09
 Reference value :  4.32256e-09
 Reference value :  4.33056e-09
 Reference value :  4.33856e-09
 Reference value :  4.34656e-09
 Reference value :  4.35456e-09
 Reference value :  4.36256e-09
 Reference value :  4.37056e-09
 Reference value :  4.37656e-09
 Reference value :  4.38256e-09
 Reference value :  4.38856e-09
 Reference value :  4.54056e-09
 Reference value :  4.54856e-09
 Reference value :  4.55456e-09
 Reference value :  4.56056e-09
 Reference value :  4.56856e-09
 Reference value :  4.57656e-09
 Reference value :  4.58456e-09
 Reference value :  4.59056e-09
 Reference value :  4.59656e-09
 Reference value :  4.60456e-09
 Reference value :  4.61056e-09
 Reference value :  4.61856e-09
 Reference value :  4.62656e-09
 Reference value :  4.63256e-09
 Reference value :  4.64056e-09
 Reference value :  4.64856e-09
 Reference value :  4.65656e-09
 Reference value :  4.66456e-09
 Reference value :  4.67056e-09
 Reference value :  4.67856e-09
 Reference value :  4.68656e-09
 Reference value :  4.69256e-09
 Reference value :  4.70056e-09
 Reference value :  4.71056e-09
 Reference value :  4.71856e-09
 Reference value :  4.72656e-09
 Reference value :  4.73256e-09
 Reference value :  4.74056e-09
 Reference value :  4.85656e-09
 Reference value :  4.86456e-09
 Reference value :  4.87256e-09
 Reference value :  4.87856e-09
 Reference value :  4.88456e-09
 Reference value :  4.89256e-09
 Reference value :  4.89856e-09
 Reference value :  4.90656e-09
 Reference value :  4.91456e-09
 Reference value :  4.92256e-09
 Reference value :  4.93056e-09
 Reference value :  4.93856e-09
 Reference value :  4.94656e-09
 Reference value :  4.95456e-09
 Reference value :  4.96056e-09
 Reference value :  4.96856e-09
 Reference value :  4.97656e-09
 Reference value :  4.98256e-09
 Reference value :  4.99056e-09
 Reference value :  4.99656e-09
 Reference value :  5.00020e-09
 Reference value :  5.00300e-09
 Reference value :  5.00900e-09
 Reference value :  5.01700e-09
 Reference value :  5.05900e-09
 Reference value :  5.06700e-09
 Reference value :  5.07500e-09
 Reference value :  5.08300e-09
 Reference value :  5.09100e-09
 Reference value :  5.09850e-09
 Reference value :  5.10060e-09
 Reference value :  5.10500e-09
 Reference value :  5.11300e-09
 Reference value :  5.24100e-09
 Reference value :  5.24700e-09
 Reference value :  5.51900e-09
 Reference value :  6.57700e-09
 Reference value :  7.33500e-09
 Reference value :  7.34100e-09
 Reference value :  7.34900e-09
 Reference value :  7.35500e-09
 Reference value :  7.36300e-09
 Reference value :  7.37100e-09
 Reference value :  7.37700e-09
 Reference value :  7.38500e-09
 Reference value :  7.49300e-09
 Reference value :  7.50100e-09
 Reference value :  7.50700e-09
 Reference value :  7.51300e-09
 Reference value :  7.52100e-09
 Reference value :  7.52700e-09
 Reference value :  7.53500e-09
 Reference value :  7.54100e-09
 Reference value :  7.54700e-09
 Reference value :  7.55300e-09
 Reference value :  7.56100e-09
 Reference value :  7.56700e-09
 Reference value :  7.57300e-09
 Reference value :  7.58100e-09
 Reference value :  7.58900e-09
 Reference value :  7.59500e-09
 Reference value :  7.60000e-09
No. of Data Rows : 3814
Note: Simulation executed from .control section 
