
Note: Compatibility modes selected: hs a


Circuit: * comparator-decision offset pick-off -- vindiff=0.0mv corner=fs_mm temp=27.0c seed=15 (issue #9)

option SCALE: Scale is set to 1e-06 for instance and model parameters
option SCALE: Scale is set to 1e-06 for instance and model parameters
option SCALE: Scale is set to 1e-06 for instance and model parameters
option SCALE: Scale is set to 1e-06 for instance and model parameters
Doing analysis at TEMP = 27.000000 and TNOM = 27.000000

Using KLU as Direct Linear Solver
 Reference value :  0.00000e+00
 Reference value :  8.00000e-14
 Reference value :  6.40000e-13
 Reference value :  6.56000e-12
 Reference value :  1.25600e-11
 Reference value :  2.05600e-11
 Reference value :  2.65600e-11
 Reference value :  3.25600e-11
 Reference value :  3.85600e-11
 Reference value :  4.65600e-11
 Reference value :  5.25600e-11
 Reference value :  5.85600e-11
 Reference value :  6.65600e-11
 Reference value :  7.45600e-11
 Reference value :  8.25600e-11
 Reference value :  9.05600e-11
 Reference value :  2.16560e-10
 Reference value :  2.24560e-10
 Reference value :  2.32560e-10
 Reference value :  2.40560e-10
 Reference value :  2.48560e-10
 Reference value :  2.56560e-10
 Reference value :  2.64560e-10
 Reference value :  2.72560e-10
 Reference value :  2.80560e-10
 Reference value :  2.88560e-10
 Reference value :  2.96560e-10
 Reference value :  3.04560e-10
 Reference value :  3.12560e-10
 Reference value :  3.20560e-10
 Reference value :  3.28560e-10
 Reference value :  3.36560e-10
 Reference value :  3.44560e-10
 Reference value :  3.52560e-10
 Reference value :  3.60560e-10
 Reference value :  3.68560e-10
 Reference value :  3.76560e-10
 Reference value :  3.86560e-10
 Reference value :  3.94560e-10
 Reference value :  4.02560e-10
 Reference value :  4.10560e-10
 Reference value :  4.18560e-10
 Reference value :  4.26560e-10
 Reference value :  4.34560e-10
 Reference value :  4.44560e-10
 Reference value :  4.52560e-10
 Reference value :  4.60560e-10
 Reference value :  4.68560e-10
 Reference value :  4.76560e-10
 Reference value :  4.86560e-10
 Reference value :  4.96560e-10
 Reference value :  5.04560e-10
 Reference value :  5.12560e-10
 Reference value :  5.22560e-10
 Reference value :  5.30560e-10
 Reference value :  5.38560e-10
 Reference value :  5.46560e-10
 Reference value :  5.54560e-10
 Reference value :  5.62560e-10
 Reference value :  5.70560e-10
 Reference value :  5.78560e-10
 Reference value :  5.86560e-10
 Reference value :  5.94560e-10
 Reference value :  6.02560e-10
 Reference value :  6.10560e-10
 Reference value :  6.18560e-10
 Reference value :  6.26560e-10
 Reference value :  6.36560e-10
 Reference value :  6.44560e-10
 Reference value :  6.52560e-10
 Reference value :  6.60560e-10
 Reference value :  6.66560e-10
 Reference value :  6.74560e-10
 Reference value :  6.82560e-10
 Reference value :  6.90560e-10
 Reference value :  6.98560e-10
 Reference value :  7.06560e-10
 Reference value :  7.14560e-10
 Reference value :  7.22560e-10
 Reference value :  7.30560e-10
 Reference value :  7.36560e-10
 Reference value :  7.44560e-10
 Reference value :  7.52560e-10
 Reference value :  7.60560e-10
 Reference value :  7.68560e-10
 Reference value :  7.76560e-10
 Reference value :  7.84560e-10
 Reference value :  7.92560e-10
 Reference value :  8.00560e-10
 Reference value :  8.10560e-10
 Reference value :  8.18560e-10
 Reference value :  8.26560e-10
 Reference value :  8.34560e-10
 Reference value :  8.42560e-10
 Reference value :  8.50560e-10
 Reference value :  8.58560e-10
 Reference value :  8.66560e-10
 Reference value :  8.74560e-10
 Reference value :  8.82560e-10
 Reference value :  8.90560e-10
 Reference value :  8.98560e-10
 Reference value :  9.04560e-10
 Reference value :  9.10560e-10
 Reference value :  9.18560e-10
 Reference value :  9.26560e-10
 Reference value :  9.34560e-10
 Reference value :  9.42560e-10
 Reference value :  9.50560e-10
 Reference value :  9.58560e-10
 Reference value :  9.66560e-10
 Reference value :  9.74560e-10
 Reference value :  9.82560e-10
 Reference value :  9.90560e-10
 Reference value :  9.98560e-10
 Reference value :  1.00656e-09
 Reference value :  1.01456e-09
 Reference value :  1.02256e-09
 Reference value :  1.03056e-09
 Reference value :  1.03856e-09
 Reference value :  1.04656e-09
 Reference value :  1.05456e-09
 Reference value :  1.06256e-09
 Reference value :  1.07056e-09
 Reference value :  1.07856e-09
 Reference value :  1.08656e-09
 Reference value :  1.91656e-09
 Reference value :  2.33856e-09
 Reference value :  3.45256e-09
 Reference value :  4.29256e-09
 Reference value :  5.03500e-09
 Reference value :  6.04500e-09
 Reference value :  6.99500e-09
No. of Data Rows : 3814
Note: Simulation executed from .control section 
