
Note: Compatibility modes selected: hs a


Circuit: * comparator-decision offset pick-off -- vindiff=0.0mv corner=fs_mm temp=27.0c seed=9 (issue #9)

option SCALE: Scale is set to 1e-06 for instance and model parameters
option SCALE: Scale is set to 1e-06 for instance and model parameters
option SCALE: Scale is set to 1e-06 for instance and model parameters
option SCALE: Scale is set to 1e-06 for instance and model parameters
Doing analysis at TEMP = 27.000000 and TNOM = 27.000000

Using KLU as Direct Linear Solver
 Reference value :  0.00000e+00
 Reference value :  4.20560e-10
 Reference value :  1.26056e-09
 Reference value :  2.07056e-09
 Reference value :  2.78256e-09
 Reference value :  3.49456e-09
 Reference value :  4.11256e-09
 Reference value :  4.11856e-09
 Reference value :  4.12456e-09
 Reference value :  4.13656e-09
 Reference value :  4.14256e-09
 Reference value :  4.15056e-09
 Reference value :  4.15656e-09
 Reference value :  4.16456e-09
 Reference value :  4.25656e-09
 Reference value :  4.26456e-09
 Reference value :  5.07100e-09
 Reference value :  5.07700e-09
 Reference value :  5.08500e-09
 Reference value :  5.09300e-09
 Reference value :  5.10000e-09
 Reference value :  5.13900e-09
 Reference value :  5.71500e-09
 Reference value :  6.17900e-09
 Reference value :  6.18700e-09
 Reference value :  6.19500e-09
 Reference value :  6.20300e-09
 Reference value :  6.21100e-09
 Reference value :  6.21900e-09
 Reference value :  6.22700e-09
 Reference value :  6.23300e-09
 Reference value :  6.24100e-09
 Reference value :  6.24700e-09
 Reference value :  6.25300e-09
 Reference value :  6.26100e-09
 Reference value :  6.26700e-09
 Reference value :  6.27500e-09
 Reference value :  6.29700e-09
 Reference value :  6.30300e-09
 Reference value :  6.31100e-09
 Reference value :  6.31700e-09
 Reference value :  6.32500e-09
 Reference value :  6.33300e-09
 Reference value :  6.34100e-09
 Reference value :  6.34900e-09
 Reference value :  6.35700e-09
 Reference value :  6.36500e-09
 Reference value :  6.37300e-09
 Reference value :  6.37900e-09
 Reference value :  6.38500e-09
 Reference value :  6.39100e-09
 Reference value :  6.39700e-09
 Reference value :  6.40300e-09
 Reference value :  6.40900e-09
 Reference value :  6.41700e-09
 Reference value :  6.42300e-09
 Reference value :  6.52500e-09
 Reference value :  6.53100e-09
 Reference value :  6.53900e-09
 Reference value :  6.54700e-09
 Reference value :  6.66300e-09
 Reference value :  6.66900e-09
 Reference value :  6.67500e-09
 Reference value :  6.68300e-09
 Reference value :  6.68900e-09
 Reference value :  6.69500e-09
 Reference value :  6.70300e-09
 Reference value :  6.70900e-09
 Reference value :  6.71700e-09
 Reference value :  6.72500e-09
 Reference value :  7.28100e-09
No. of Data Rows : 3814
Note: Simulation executed from .control section 
