
Note: Compatibility modes selected: hs a


Circuit: * comparator-decision offset pick-off -- vindiff=0.0mv corner=fs_mm temp=27.0c seed=8 (issue #9)

option SCALE: Scale is set to 1e-06 for instance and model parameters
option SCALE: Scale is set to 1e-06 for instance and model parameters
option SCALE: Scale is set to 1e-06 for instance and model parameters
option SCALE: Scale is set to 1e-06 for instance and model parameters
Doing analysis at TEMP = 27.000000 and TNOM = 27.000000

Using KLU as Direct Linear Solver
 Reference value :  0.00000e+00
 Reference value :  1.60000e-13
 Reference value :  2.56000e-12
 Reference value :  1.05600e-11
 Reference value :  1.65600e-11
 Reference value :  2.45600e-11
 Reference value :  3.25600e-11
 Reference value :  4.05600e-11
 Reference value :  4.85600e-11
 Reference value :  5.65600e-11
 Reference value :  6.25600e-11
 Reference value :  6.85600e-11
 Reference value :  7.45600e-11
 Reference value :  8.05600e-11
 Reference value :  8.85600e-11
 Reference value :  9.45600e-11
 Reference value :  1.02560e-10
 Reference value :  1.64560e-10
 Reference value :  1.72560e-10
 Reference value :  1.80560e-10
 Reference value :  1.88560e-10
 Reference value :  1.96560e-10
 Reference value :  2.04560e-10
 Reference value :  2.12560e-10
 Reference value :  2.20560e-10
 Reference value :  2.28560e-10
 Reference value :  2.36560e-10
 Reference value :  2.44560e-10
 Reference value :  2.52560e-10
 Reference value :  2.60560e-10
 Reference value :  3.80560e-10
 Reference value :  3.88560e-10
 Reference value :  3.94560e-10
 Reference value :  4.00560e-10
 Reference value :  4.08560e-10
 Reference value :  4.16560e-10
 Reference value :  4.24560e-10
 Reference value :  4.32560e-10
 Reference value :  4.40560e-10
 Reference value :  4.48560e-10
 Reference value :  4.56560e-10
 Reference value :  4.64560e-10
 Reference value :  4.70560e-10
 Reference value :  4.78560e-10
 Reference value :  4.86560e-10
 Reference value :  4.94560e-10
 Reference value :  5.02560e-10
 Reference value :  5.10560e-10
 Reference value :  5.18560e-10
 Reference value :  5.26560e-10
 Reference value :  5.32560e-10
 Reference value :  5.40560e-10
 Reference value :  5.48560e-10
 Reference value :  5.54560e-10
 Reference value :  5.62560e-10
 Reference value :  5.70560e-10
 Reference value :  5.78560e-10
 Reference value :  5.86560e-10
 Reference value :  5.94560e-10
 Reference value :  6.02560e-10
 Reference value :  6.10560e-10
 Reference value :  6.32560e-10
 Reference value :  6.38560e-10
 Reference value :  6.44560e-10
 Reference value :  6.52560e-10
 Reference value :  6.60560e-10
 Reference value :  6.68560e-10
 Reference value :  6.76560e-10
 Reference value :  6.84560e-10
 Reference value :  8.02560e-10
 Reference value :  8.10560e-10
 Reference value :  8.18560e-10
 Reference value :  8.26560e-10
 Reference value :  8.34560e-10
 Reference value :  8.40560e-10
 Reference value :  8.48560e-10
 Reference value :  8.56560e-10
 Reference value :  8.64560e-10
 Reference value :  8.72560e-10
 Reference value :  8.80560e-10
 Reference value :  8.86560e-10
 Reference value :  8.94560e-10
 Reference value :  9.00560e-10
 Reference value :  9.08560e-10
 Reference value :  9.16560e-10
 Reference value :  9.24560e-10
 Reference value :  9.32560e-10
 Reference value :  9.42560e-10
 Reference value :  9.50560e-10
 Reference value :  9.58560e-10
 Reference value :  9.66560e-10
 Reference value :  9.72560e-10
 Reference value :  9.80560e-10
 Reference value :  9.88560e-10
 Reference value :  9.96560e-10
 Reference value :  1.00256e-09
 Reference value :  1.01056e-09
 Reference value :  1.01856e-09
 Reference value :  1.02456e-09
 Reference value :  1.03256e-09
 Reference value :  1.04056e-09
 Reference value :  1.04856e-09
 Reference value :  1.13456e-09
 Reference value :  1.21856e-09
 Reference value :  1.22656e-09
 Reference value :  1.23456e-09
 Reference value :  1.24256e-09
 Reference value :  1.24856e-09
 Reference value :  1.25656e-09
 Reference value :  1.26456e-09
 Reference value :  1.27256e-09
 Reference value :  1.27856e-09
 Reference value :  1.28656e-09
 Reference value :  1.29256e-09
 Reference value :  1.30056e-09
 Reference value :  1.30856e-09
 Reference value :  1.31656e-09
 Reference value :  1.32456e-09
 Reference value :  1.33256e-09
 Reference value :  1.33856e-09
 Reference value :  1.34656e-09
 Reference value :  1.35456e-09
 Reference value :  1.36256e-09
 Reference value :  1.37056e-09
 Reference value :  1.42856e-09
 Reference value :  1.43656e-09
 Reference value :  1.44256e-09
 Reference value :  1.44856e-09
 Reference value :  1.45456e-09
 Reference value :  1.46056e-09
 Reference value :  1.46856e-09
 Reference value :  1.47656e-09
 Reference value :  1.48256e-09
 Reference value :  1.49456e-09
 Reference value :  1.50256e-09
 Reference value :  1.51056e-09
 Reference value :  1.51656e-09
 Reference value :  1.52456e-09
 Reference value :  1.53256e-09
 Reference value :  1.54056e-09
 Reference value :  1.54656e-09
 Reference value :  1.55256e-09
 Reference value :  1.56056e-09
 Reference value :  1.56656e-09
 Reference value :  1.57456e-09
 Reference value :  1.58256e-09
 Reference value :  1.59056e-09
 Reference value :  1.59856e-09
 Reference value :  1.60456e-09
 Reference value :  1.61256e-09
 Reference value :  1.62056e-09
 Reference value :  1.62856e-09
 Reference value :  1.63456e-09
 Reference value :  1.64056e-09
 Reference value :  1.64856e-09
 Reference value :  1.65456e-09
 Reference value :  1.66256e-09
 Reference value :  1.66856e-09
 Reference value :  1.67656e-09
 Reference value :  1.68456e-09
 Reference value :  1.69256e-09
 Reference value :  1.70056e-09
 Reference value :  1.70856e-09
 Reference value :  1.71656e-09
 Reference value :  1.72456e-09
 Reference value :  1.73256e-09
 Reference value :  1.74056e-09
 Reference value :  1.74856e-09
 Reference value :  1.75656e-09
 Reference value :  2.09456e-09
 Reference value :  2.15056e-09
 Reference value :  2.15656e-09
 Reference value :  2.16256e-09
 Reference value :  2.16856e-09
 Reference value :  2.17656e-09
 Reference value :  2.18256e-09
 Reference value :  2.19056e-09
 Reference value :  2.19656e-09
 Reference value :  2.20256e-09
 Reference value :  2.21256e-09
 Reference value :  2.21856e-09
 Reference value :  2.22656e-09
 Reference value :  2.23456e-09
 Reference value :  2.24056e-09
 Reference value :  2.24856e-09
 Reference value :  2.25456e-09
 Reference value :  2.26256e-09
 Reference value :  2.26856e-09
 Reference value :  2.27656e-09
 Reference value :  2.28456e-09
 Reference value :  2.29056e-09
 Reference value :  2.29856e-09
 Reference value :  2.30456e-09
 Reference value :  2.31256e-09
 Reference value :  2.32056e-09
 Reference value :  2.32656e-09
 Reference value :  2.33456e-09
 Reference value :  2.34056e-09
 Reference value :  2.34656e-09
 Reference value :  2.35456e-09
 Reference value :  2.36256e-09
 Reference value :  2.48456e-09
 Reference value :  2.49056e-09
 Reference value :  2.69056e-09
 Reference value :  2.69656e-09
 Reference value :  2.70456e-09
 Reference value :  2.71256e-09
 Reference value :  2.72056e-09
 Reference value :  2.72856e-09
 Reference value :  2.73456e-09
 Reference value :  2.74256e-09
 Reference value :  2.75056e-09
 Reference value :  2.75856e-09
 Reference value :  2.77256e-09
 Reference value :  2.77856e-09
 Reference value :  2.78456e-09
 Reference value :  2.79056e-09
 Reference value :  2.79656e-09
 Reference value :  2.80456e-09
 Reference value :  2.81256e-09
 Reference value :  2.82056e-09
 Reference value :  2.82656e-09
 Reference value :  2.83456e-09
 Reference value :  2.84256e-09
 Reference value :  2.84856e-09
 Reference value :  2.85656e-09
 Reference value :  2.86256e-09
 Reference value :  2.86856e-09
 Reference value :  2.87456e-09
 Reference value :  2.88256e-09
 Reference value :  2.89056e-09
 Reference value :  2.89856e-09
 Reference value :  2.90456e-09
 Reference value :  2.91256e-09
 Reference value :  2.91856e-09
 Reference value :  2.92656e-09
 Reference value :  2.93456e-09
 Reference value :  2.94056e-09
 Reference value :  2.94656e-09
 Reference value :  2.95456e-09
 Reference value :  2.96056e-09
 Reference value :  2.96856e-09
 Reference value :  2.97656e-09
 Reference value :  2.98256e-09
 Reference value :  2.99056e-09
 Reference value :  2.99856e-09
 Reference value :  3.00656e-09
 Reference value :  3.01256e-09
 Reference value :  3.02056e-09
 Reference value :  3.02856e-09
 Reference value :  3.03656e-09
 Reference value :  3.04256e-09
 Reference value :  3.05056e-09
 Reference value :  3.05856e-09
 Reference value :  3.06456e-09
 Reference value :  3.07256e-09
 Reference value :  3.08056e-09
 Reference value :  3.08656e-09
 Reference value :  3.09456e-09
 Reference value :  3.10256e-09
 Reference value :  3.11056e-09
 Reference value :  3.11656e-09
 Reference value :  3.12456e-09
 Reference value :  3.13056e-09
 Reference value :  3.13656e-09
 Reference value :  3.14456e-09
 Reference value :  3.15256e-09
 Reference value :  3.16056e-09
 Reference value :  3.16856e-09
 Reference value :  3.19056e-09
 Reference value :  3.19656e-09
 Reference value :  3.20256e-09
 Reference value :  3.21056e-09
 Reference value :  3.21856e-09
 Reference value :  3.22656e-09
 Reference value :  3.23456e-09
 Reference value :  3.24256e-09
 Reference value :  3.25056e-09
 Reference value :  3.25656e-09
 Reference value :  3.26256e-09
 Reference value :  3.26856e-09
 Reference value :  3.27456e-09
 Reference value :  3.28256e-09
 Reference value :  3.29056e-09
 Reference value :  3.29856e-09
 Reference value :  3.30656e-09
 Reference value :  3.31456e-09
 Reference value :  3.32056e-09
 Reference value :  3.32856e-09
 Reference value :  3.33656e-09
 Reference value :  3.34256e-09
 Reference value :  3.35056e-09
 Reference value :  3.35656e-09
 Reference value :  3.36456e-09
 Reference value :  3.37256e-09
 Reference value :  4.07856e-09
 Reference value :  5.19900e-09
 Reference value :  5.60500e-09
 Reference value :  5.61100e-09
 Reference value :  5.61900e-09
 Reference value :  5.62500e-09
 Reference value :  5.63300e-09
 Reference value :  5.64100e-09
 Reference value :  5.64900e-09
 Reference value :  5.75500e-09
 Reference value :  5.76300e-09
 Reference value :  5.76900e-09
 Reference value :  5.77700e-09
 Reference value :  5.78500e-09
 Reference value :  5.79100e-09
 Reference value :  5.79700e-09
 Reference value :  5.80300e-09
 Reference value :  5.80900e-09
 Reference value :  5.81500e-09
 Reference value :  5.82100e-09
 Reference value :  5.82900e-09
 Reference value :  5.83700e-09
 Reference value :  5.84500e-09
 Reference value :  5.85100e-09
 Reference value :  5.98100e-09
 Reference value :  5.98700e-09
 Reference value :  5.99300e-09
 Reference value :  5.99900e-09
 Reference value :  6.00700e-09
 Reference value :  6.01500e-09
 Reference value :  6.02300e-09
 Reference value :  6.03100e-09
 Reference value :  6.03900e-09
 Reference value :  6.04500e-09
 Reference value :  6.05100e-09
 Reference value :  6.14700e-09
 Reference value :  6.15300e-09
 Reference value :  6.15900e-09
 Reference value :  6.16500e-09
 Reference value :  6.17100e-09
 Reference value :  6.17900e-09
 Reference value :  6.18500e-09
 Reference value :  6.19300e-09
 Reference value :  6.19900e-09
 Reference value :  6.20500e-09
 Reference value :  6.21100e-09
 Reference value :  6.21700e-09
 Reference value :  6.22500e-09
 Reference value :  6.23300e-09
 Reference value :  6.24100e-09
 Reference value :  6.36500e-09
 Reference value :  6.37100e-09
 Reference value :  6.37700e-09
 Reference value :  6.38500e-09
 Reference value :  6.39100e-09
 Reference value :  6.39900e-09
 Reference value :  6.40500e-09
 Reference value :  6.41300e-09
 Reference value :  6.41900e-09
 Reference value :  6.42500e-09
 Reference value :  6.43300e-09
 Reference value :  6.44100e-09
 Reference value :  6.44700e-09
 Reference value :  6.45300e-09
 Reference value :  6.46100e-09
 Reference value :  6.46900e-09
 Reference value :  6.47700e-09
 Reference value :  6.48300e-09
 Reference value :  6.48900e-09
 Reference value :  6.49700e-09
 Reference value :  6.50500e-09
 Reference value :  6.51300e-09
 Reference value :  6.52100e-09
 Reference value :  6.52700e-09
 Reference value :  6.53500e-09
 Reference value :  6.54300e-09
 Reference value :  7.49700e-09
No. of Data Rows : 3814
Note: Simulation executed from .control section 
