
Note: Compatibility modes selected: hs a


Circuit: * comparator-decision offset pick-off -- vindiff=0.0mv corner=fs_mm temp=27.0c seed=14 (issue #9)

option SCALE: Scale is set to 1e-06 for instance and model parameters
option SCALE: Scale is set to 1e-06 for instance and model parameters
option SCALE: Scale is set to 1e-06 for instance and model parameters
option SCALE: Scale is set to 1e-06 for instance and model parameters
Doing analysis at TEMP = 27.000000 and TNOM = 27.000000

Using KLU as Direct Linear Solver
 Reference value :  0.00000e+00
 Reference value :  1.60000e-13
 Reference value :  2.56000e-12
 Reference value :  8.56000e-12
 Reference value :  1.45600e-11
 Reference value :  2.25600e-11
 Reference value :  3.05600e-11
 Reference value :  3.85600e-11
 Reference value :  4.65600e-11
 Reference value :  5.45600e-11
 Reference value :  6.05600e-11
 Reference value :  6.85600e-11
 Reference value :  7.65600e-11
 Reference value :  8.45600e-11
 Reference value :  9.25600e-11
 Reference value :  1.00560e-10
 Reference value :  1.06560e-10
 Reference value :  1.22560e-10
 Reference value :  2.36560e-10
 Reference value :  2.44560e-10
 Reference value :  2.50560e-10
 Reference value :  2.58560e-10
 Reference value :  2.64560e-10
 Reference value :  2.72560e-10
 Reference value :  2.78560e-10
 Reference value :  2.86560e-10
 Reference value :  4.14560e-10
 Reference value :  4.20560e-10
 Reference value :  4.28560e-10
 Reference value :  4.36560e-10
 Reference value :  4.44560e-10
 Reference value :  4.50560e-10
 Reference value :  4.58560e-10
 Reference value :  4.66560e-10
 Reference value :  4.74560e-10
 Reference value :  4.82560e-10
 Reference value :  4.88560e-10
 Reference value :  4.94560e-10
 Reference value :  5.02560e-10
 Reference value :  5.08560e-10
 Reference value :  5.16560e-10
 Reference value :  5.22560e-10
 Reference value :  5.30560e-10
 Reference value :  5.38560e-10
 Reference value :  5.46560e-10
 Reference value :  5.52560e-10
 Reference value :  5.60560e-10
 Reference value :  5.68560e-10
 Reference value :  5.76560e-10
 Reference value :  5.84560e-10
 Reference value :  5.90560e-10
 Reference value :  5.98560e-10
 Reference value :  6.06560e-10
 Reference value :  6.14560e-10
 Reference value :  6.22560e-10
 Reference value :  6.30560e-10
 Reference value :  6.36560e-10
 Reference value :  6.42560e-10
 Reference value :  6.48560e-10
 Reference value :  6.56560e-10
 Reference value :  6.62560e-10
 Reference value :  6.70560e-10
 Reference value :  6.76560e-10
 Reference value :  6.84560e-10
 Reference value :  6.92560e-10
 Reference value :  7.00560e-10
 Reference value :  7.08560e-10
 Reference value :  7.16560e-10
 Reference value :  7.24560e-10
 Reference value :  7.32560e-10
 Reference value :  7.38560e-10
 Reference value :  7.46560e-10
 Reference value :  7.76560e-10
 Reference value :  7.84560e-10
 Reference value :  8.10560e-10
 Reference value :  8.18560e-10
 Reference value :  8.26560e-10
 Reference value :  8.34560e-10
 Reference value :  8.42560e-10
 Reference value :  8.50560e-10
 Reference value :  8.58560e-10
 Reference value :  8.66560e-10
 Reference value :  8.74560e-10
 Reference value :  8.80560e-10
 Reference value :  8.88560e-10
 Reference value :  9.94560e-10
 Reference value :  1.00056e-09
 Reference value :  1.00856e-09
 Reference value :  1.01656e-09
 Reference value :  1.02256e-09
 Reference value :  1.03056e-09
 Reference value :  1.03656e-09
 Reference value :  1.04256e-09
 Reference value :  1.04856e-09
 Reference value :  1.05656e-09
 Reference value :  1.06256e-09
 Reference value :  1.07056e-09
 Reference value :  1.07656e-09
 Reference value :  1.32056e-09
 Reference value :  1.43656e-09
 Reference value :  1.45456e-09
 Reference value :  1.58856e-09
 Reference value :  1.59456e-09
 Reference value :  1.60256e-09
 Reference value :  1.61056e-09
 Reference value :  1.61856e-09
 Reference value :  1.62656e-09
 Reference value :  1.63456e-09
 Reference value :  1.64056e-09
 Reference value :  1.64856e-09
 Reference value :  1.65456e-09
 Reference value :  1.66256e-09
 Reference value :  1.67056e-09
 Reference value :  1.67856e-09
 Reference value :  1.68456e-09
 Reference value :  1.69056e-09
 Reference value :  1.84856e-09
 Reference value :  1.85856e-09
 Reference value :  1.86656e-09
 Reference value :  1.87456e-09
 Reference value :  1.88056e-09
 Reference value :  1.88856e-09
 Reference value :  1.89656e-09
 Reference value :  1.90456e-09
 Reference value :  1.91056e-09
 Reference value :  1.91656e-09
 Reference value :  1.92456e-09
 Reference value :  1.93256e-09
 Reference value :  1.97256e-09
 Reference value :  1.98056e-09
 Reference value :  1.98856e-09
 Reference value :  1.99456e-09
 Reference value :  2.00056e-09
 Reference value :  2.00856e-09
 Reference value :  2.01456e-09
 Reference value :  2.02056e-09
 Reference value :  2.02856e-09
 Reference value :  2.03456e-09
 Reference value :  2.04056e-09
 Reference value :  2.04856e-09
 Reference value :  2.05656e-09
 Reference value :  2.06256e-09
 Reference value :  2.06856e-09
 Reference value :  2.07456e-09
 Reference value :  2.08256e-09
 Reference value :  2.08856e-09
 Reference value :  2.09456e-09
 Reference value :  2.10256e-09
 Reference value :  2.11056e-09
 Reference value :  2.11656e-09
 Reference value :  2.12456e-09
 Reference value :  2.13056e-09
 Reference value :  2.25456e-09
 Reference value :  2.26256e-09
 Reference value :  2.26856e-09
 Reference value :  2.27656e-09
 Reference value :  2.28256e-09
 Reference value :  2.29056e-09
 Reference value :  2.29856e-09
 Reference value :  2.30456e-09
 Reference value :  2.31256e-09
 Reference value :  2.32056e-09
 Reference value :  2.32656e-09
 Reference value :  2.33256e-09
 Reference value :  2.34056e-09
 Reference value :  2.34656e-09
 Reference value :  2.35256e-09
 Reference value :  2.36056e-09
 Reference value :  2.36856e-09
 Reference value :  2.37456e-09
 Reference value :  2.38256e-09
 Reference value :  2.38856e-09
 Reference value :  2.39656e-09
 Reference value :  2.40256e-09
 Reference value :  2.40856e-09
 Reference value :  2.41656e-09
 Reference value :  2.42256e-09
 Reference value :  2.42856e-09
 Reference value :  2.43656e-09
 Reference value :  2.56056e-09
 Reference value :  2.56856e-09
 Reference value :  2.57456e-09
 Reference value :  2.58056e-09
 Reference value :  2.58656e-09
 Reference value :  2.59256e-09
 Reference value :  2.59856e-09
 Reference value :  2.60656e-09
 Reference value :  2.61256e-09
 Reference value :  2.62056e-09
 Reference value :  2.62656e-09
 Reference value :  2.63256e-09
 Reference value :  2.63856e-09
 Reference value :  2.64656e-09
 Reference value :  2.65456e-09
 Reference value :  2.66256e-09
 Reference value :  2.67056e-09
 Reference value :  2.76256e-09
 Reference value :  2.77056e-09
 Reference value :  2.77856e-09
 Reference value :  2.82856e-09
 Reference value :  2.83456e-09
 Reference value :  2.84256e-09
 Reference value :  2.85056e-09
 Reference value :  2.85856e-09
 Reference value :  2.86456e-09
 Reference value :  2.87256e-09
 Reference value :  2.88056e-09
 Reference value :  2.88856e-09
 Reference value :  2.89656e-09
 Reference value :  2.90256e-09
 Reference value :  2.91056e-09
 Reference value :  2.91656e-09
 Reference value :  2.92256e-09
 Reference value :  2.93256e-09
 Reference value :  2.94056e-09
 Reference value :  2.94856e-09
 Reference value :  2.95456e-09
 Reference value :  2.98256e-09
 Reference value :  2.98856e-09
 Reference value :  2.99456e-09
 Reference value :  3.00256e-09
 Reference value :  3.00856e-09
 Reference value :  3.13456e-09
 Reference value :  3.14056e-09
 Reference value :  3.14856e-09
 Reference value :  3.15656e-09
 Reference value :  3.16256e-09
 Reference value :  3.17056e-09
 Reference value :  3.17856e-09
 Reference value :  3.18656e-09
 Reference value :  3.19456e-09
 Reference value :  3.20256e-09
 Reference value :  3.21056e-09
 Reference value :  3.21856e-09
 Reference value :  3.22656e-09
 Reference value :  3.23456e-09
 Reference value :  3.24056e-09
 Reference value :  3.24856e-09
 Reference value :  3.25656e-09
 Reference value :  3.26456e-09
 Reference value :  3.27056e-09
 Reference value :  3.27856e-09
 Reference value :  3.28456e-09
 Reference value :  3.29056e-09
 Reference value :  3.29856e-09
 Reference value :  3.30456e-09
 Reference value :  3.31256e-09
 Reference value :  3.32056e-09
 Reference value :  3.32856e-09
 Reference value :  3.33456e-09
 Reference value :  3.34256e-09
 Reference value :  3.34856e-09
 Reference value :  3.35656e-09
 Reference value :  3.36456e-09
 Reference value :  3.37256e-09
 Reference value :  3.37856e-09
 Reference value :  3.38456e-09
 Reference value :  3.39256e-09
 Reference value :  3.40056e-09
 Reference value :  3.40856e-09
 Reference value :  3.41456e-09
 Reference value :  3.42456e-09
 Reference value :  3.43056e-09
 Reference value :  3.43656e-09
 Reference value :  3.44256e-09
 Reference value :  3.44856e-09
 Reference value :  3.45656e-09
 Reference value :  3.46256e-09
 Reference value :  3.47056e-09
 Reference value :  3.47656e-09
 Reference value :  3.48456e-09
 Reference value :  3.49256e-09
 Reference value :  3.50056e-09
 Reference value :  3.50856e-09
 Reference value :  3.51656e-09
 Reference value :  3.52256e-09
 Reference value :  3.53056e-09
 Reference value :  3.53856e-09
 Reference value :  3.54456e-09
 Reference value :  3.55056e-09
 Reference value :  3.55856e-09
 Reference value :  3.56656e-09
 Reference value :  3.68656e-09
 Reference value :  3.69256e-09
 Reference value :  3.70056e-09
 Reference value :  3.70856e-09
 Reference value :  3.71656e-09
 Reference value :  3.72456e-09
 Reference value :  3.73056e-09
 Reference value :  3.73856e-09
 Reference value :  3.74656e-09
 Reference value :  3.75456e-09
 Reference value :  3.76056e-09
 Reference value :  3.76856e-09
 Reference value :  3.77656e-09
 Reference value :  3.78256e-09
 Reference value :  3.86856e-09
 Reference value :  3.87656e-09
 Reference value :  3.88456e-09
 Reference value :  3.89256e-09
 Reference value :  3.90056e-09
 Reference value :  3.90856e-09
 Reference value :  3.91656e-09
 Reference value :  3.92256e-09
 Reference value :  3.93056e-09
 Reference value :  4.04456e-09
 Reference value :  4.05256e-09
 Reference value :  4.05856e-09
 Reference value :  4.06656e-09
 Reference value :  4.07456e-09
 Reference value :  4.08256e-09
 Reference value :  4.09056e-09
 Reference value :  4.09856e-09
 Reference value :  4.10656e-09
 Reference value :  4.33056e-09
 Reference value :  4.45856e-09
 Reference value :  4.46456e-09
 Reference value :  4.47256e-09
 Reference value :  4.47856e-09
 Reference value :  4.48456e-09
 Reference value :  4.49056e-09
 Reference value :  4.49856e-09
 Reference value :  4.50456e-09
 Reference value :  4.51256e-09
 Reference value :  4.52056e-09
 Reference value :  4.52656e-09
 Reference value :  5.31500e-09
 Reference value :  6.22900e-09
 Reference value :  6.61900e-09
 Reference value :  6.62500e-09
 Reference value :  6.63100e-09
 Reference value :  6.63900e-09
 Reference value :  6.64700e-09
 Reference value :  6.65500e-09
 Reference value :  6.66300e-09
 Reference value :  6.66900e-09
 Reference value :  6.67700e-09
 Reference value :  6.68300e-09
 Reference value :  6.68900e-09
 Reference value :  6.69500e-09
 Reference value :  6.70300e-09
 Reference value :  6.71100e-09
 Reference value :  6.71900e-09
 Reference value :  6.72500e-09
 Reference value :  6.73100e-09
 Reference value :  6.73700e-09
 Reference value :  6.74300e-09
 Reference value :  6.75100e-09
 Reference value :  6.75900e-09
 Reference value :  6.76500e-09
 Reference value :  6.77100e-09
 Reference value :  6.77700e-09
 Reference value :  6.78300e-09
 Reference value :  6.79100e-09
 Reference value :  6.79700e-09
 Reference value :  6.80300e-09
 Reference value :  6.81100e-09
 Reference value :  6.81700e-09
 Reference value :  6.82300e-09
 Reference value :  6.83100e-09
 Reference value :  6.83900e-09
 Reference value :  6.96100e-09
 Reference value :  6.96900e-09
 Reference value :  6.97500e-09
 Reference value :  6.98300e-09
 Reference value :  6.98900e-09
 Reference value :  7.02300e-09
 Reference value :  7.14300e-09
 Reference value :  7.14900e-09
 Reference value :  7.15700e-09
 Reference value :  7.16500e-09
 Reference value :  7.17300e-09
 Reference value :  7.17900e-09
 Reference value :  7.18500e-09
 Reference value :  7.19300e-09
 Reference value :  7.20100e-09
 Reference value :  7.20900e-09
 Reference value :  7.21700e-09
 Reference value :  7.22500e-09
 Reference value :  7.23300e-09
 Reference value :  7.24100e-09
 Reference value :  7.24700e-09
 Reference value :  7.25300e-09
 Reference value :  7.25900e-09
 Reference value :  7.26500e-09
 Reference value :  7.27100e-09
 Reference value :  7.27900e-09
 Reference value :  7.28500e-09
 Reference value :  7.29300e-09
 Reference value :  7.29900e-09
 Reference value :  7.30500e-09
 Reference value :  7.31300e-09
 Reference value :  7.32100e-09
 Reference value :  7.32900e-09
 Reference value :  7.33500e-09
 Reference value :  7.43300e-09
 Reference value :  7.43900e-09
 Reference value :  7.44700e-09
 Reference value :  7.45300e-09
 Reference value :  7.46100e-09
 Reference value :  7.46700e-09
 Reference value :  7.47300e-09
 Reference value :  7.47900e-09
 Reference value :  7.48500e-09
 Reference value :  7.49300e-09
 Reference value :  7.49900e-09
 Reference value :  7.50700e-09
 Reference value :  7.51500e-09
 Reference value :  7.52300e-09
 Reference value :  7.52900e-09
 Reference value :  7.53700e-09
 Reference value :  7.54500e-09
 Reference value :  7.55300e-09
 Reference value :  7.56100e-09
 Reference value :  7.56700e-09
 Reference value :  7.57300e-09
 Reference value :  7.58100e-09
 Reference value :  7.58700e-09
 Reference value :  7.59500e-09
No. of Data Rows : 3814
Note: Simulation executed from .control section 
