
Note: Compatibility modes selected: hs a


Circuit: * comparator-decision offset pick-off -- vindiff=0.0mv corner=fs_mm temp=27.0c seed=7 (issue #9)

option SCALE: Scale is set to 1e-06 for instance and model parameters
option SCALE: Scale is set to 1e-06 for instance and model parameters
option SCALE: Scale is set to 1e-06 for instance and model parameters
option SCALE: Scale is set to 1e-06 for instance and model parameters
Doing analysis at TEMP = 27.000000 and TNOM = 27.000000

Using KLU as Direct Linear Solver
 Reference value :  0.00000e+00
 Reference value :  1.60000e-13
 Reference value :  1.28000e-12
 Reference value :  8.56000e-12
 Reference value :  6.18560e-10
 Reference value :  1.55056e-09
 Reference value :  2.28856e-09
 Reference value :  2.29456e-09
 Reference value :  2.30256e-09
 Reference value :  2.41656e-09
 Reference value :  2.42256e-09
 Reference value :  2.43056e-09
 Reference value :  2.43856e-09
 Reference value :  2.44656e-09
 Reference value :  2.45456e-09
 Reference value :  2.46856e-09
 Reference value :  2.47656e-09
 Reference value :  2.48256e-09
 Reference value :  2.49056e-09
 Reference value :  2.49856e-09
 Reference value :  2.50656e-09
 Reference value :  2.51256e-09
 Reference value :  2.52056e-09
 Reference value :  2.52856e-09
 Reference value :  2.53656e-09
 Reference value :  2.54456e-09
 Reference value :  2.55256e-09
 Reference value :  2.56056e-09
 Reference value :  2.56856e-09
 Reference value :  2.57656e-09
 Reference value :  2.58456e-09
 Reference value :  2.59256e-09
 Reference value :  2.59856e-09
 Reference value :  2.60656e-09
 Reference value :  2.61456e-09
 Reference value :  2.62256e-09
 Reference value :  2.62856e-09
 Reference value :  2.63656e-09
 Reference value :  2.64256e-09
 Reference value :  2.65056e-09
 Reference value :  2.65656e-09
 Reference value :  2.66256e-09
 Reference value :  2.67056e-09
 Reference value :  2.67856e-09
 Reference value :  2.68456e-09
 Reference value :  2.69256e-09
 Reference value :  2.69856e-09
 Reference value :  2.70656e-09
 Reference value :  2.71256e-09
 Reference value :  2.72056e-09
 Reference value :  2.72856e-09
 Reference value :  2.73656e-09
 Reference value :  2.74256e-09
 Reference value :  2.75056e-09
 Reference value :  2.75856e-09
 Reference value :  2.76656e-09
 Reference value :  2.77456e-09
 Reference value :  2.78256e-09
 Reference value :  2.79056e-09
 Reference value :  2.79856e-09
 Reference value :  2.80656e-09
 Reference value :  2.81456e-09
 Reference value :  2.82256e-09
 Reference value :  2.82856e-09
 Reference value :  2.85056e-09
 Reference value :  2.85856e-09
 Reference value :  2.86656e-09
 Reference value :  2.87456e-09
 Reference value :  2.88256e-09
 Reference value :  2.89056e-09
 Reference value :  2.89656e-09
 Reference value :  2.90456e-09
 Reference value :  2.91056e-09
 Reference value :  2.91856e-09
 Reference value :  2.92456e-09
 Reference value :  2.93256e-09
 Reference value :  2.94056e-09
 Reference value :  2.94656e-09
 Reference value :  2.95456e-09
 Reference value :  2.96256e-09
 Reference value :  2.97056e-09
 Reference value :  2.97856e-09
 Reference value :  2.98656e-09
 Reference value :  2.99456e-09
 Reference value :  3.00056e-09
 Reference value :  3.00856e-09
 Reference value :  3.01456e-09
 Reference value :  3.02256e-09
 Reference value :  3.03056e-09
 Reference value :  3.03656e-09
 Reference value :  3.04456e-09
 Reference value :  3.05256e-09
 Reference value :  3.06056e-09
 Reference value :  3.06656e-09
 Reference value :  3.07256e-09
 Reference value :  3.08056e-09
 Reference value :  3.08656e-09
 Reference value :  3.09456e-09
 Reference value :  3.10256e-09
 Reference value :  3.11056e-09
 Reference value :  3.11856e-09
 Reference value :  3.12656e-09
 Reference value :  3.13456e-09
 Reference value :  3.14256e-09
 Reference value :  3.14856e-09
 Reference value :  3.15656e-09
 Reference value :  3.16456e-09
 Reference value :  3.17256e-09
 Reference value :  3.18056e-09
 Reference value :  3.18656e-09
 Reference value :  3.19456e-09
 Reference value :  3.20256e-09
 Reference value :  3.21056e-09
 Reference value :  3.21856e-09
 Reference value :  3.22656e-09
 Reference value :  3.23256e-09
 Reference value :  3.24056e-09
 Reference value :  3.24656e-09
 Reference value :  3.25456e-09
 Reference value :  3.26256e-09
 Reference value :  3.27056e-09
 Reference value :  3.27856e-09
 Reference value :  3.28656e-09
 Reference value :  3.29456e-09
 Reference value :  3.30256e-09
 Reference value :  3.31056e-09
 Reference value :  3.31856e-09
 Reference value :  3.32456e-09
 Reference value :  3.33056e-09
 Reference value :  3.33856e-09
 Reference value :  3.34656e-09
 Reference value :  3.35256e-09
 Reference value :  3.36056e-09
 Reference value :  3.36856e-09
 Reference value :  3.37656e-09
 Reference value :  3.38456e-09
 Reference value :  3.39256e-09
 Reference value :  3.40056e-09
 Reference value :  3.40856e-09
 Reference value :  3.41456e-09
 Reference value :  3.42256e-09
 Reference value :  3.42856e-09
 Reference value :  3.43456e-09
 Reference value :  3.44256e-09
 Reference value :  3.45056e-09
 Reference value :  3.45856e-09
 Reference value :  3.46456e-09
 Reference value :  3.47256e-09
 Reference value :  3.48056e-09
 Reference value :  3.48856e-09
 Reference value :  3.49656e-09
 Reference value :  3.50456e-09
 Reference value :  3.51256e-09
 Reference value :  3.52056e-09
 Reference value :  3.52656e-09
 Reference value :  3.53256e-09
 Reference value :  3.54056e-09
 Reference value :  3.54856e-09
 Reference value :  3.55656e-09
 Reference value :  3.56456e-09
 Reference value :  3.57056e-09
 Reference value :  3.57656e-09
 Reference value :  3.58456e-09
 Reference value :  3.59256e-09
 Reference value :  3.59856e-09
 Reference value :  3.60656e-09
 Reference value :  3.61256e-09
 Reference value :  3.61856e-09
 Reference value :  3.62656e-09
 Reference value :  3.63456e-09
 Reference value :  3.64256e-09
 Reference value :  3.65056e-09
 Reference value :  3.65856e-09
 Reference value :  3.66656e-09
 Reference value :  3.67256e-09
 Reference value :  3.68056e-09
 Reference value :  3.68856e-09
 Reference value :  3.69656e-09
 Reference value :  3.70456e-09
 Reference value :  3.71256e-09
 Reference value :  3.72056e-09
 Reference value :  3.72856e-09
 Reference value :  3.73656e-09
 Reference value :  3.74456e-09
 Reference value :  3.75456e-09
 Reference value :  3.76256e-09
 Reference value :  3.76856e-09
 Reference value :  3.77456e-09
 Reference value :  3.78056e-09
 Reference value :  3.78856e-09
 Reference value :  3.79656e-09
 Reference value :  3.80456e-09
 Reference value :  3.81056e-09
 Reference value :  3.81856e-09
 Reference value :  3.82656e-09
 Reference value :  3.83456e-09
 Reference value :  3.84256e-09
 Reference value :  3.85056e-09
 Reference value :  3.85856e-09
 Reference value :  3.86456e-09
 Reference value :  3.87256e-09
 Reference value :  3.87856e-09
 Reference value :  3.88656e-09
 Reference value :  3.89256e-09
 Reference value :  3.90056e-09
 Reference value :  3.90856e-09
 Reference value :  3.91656e-09
 Reference value :  3.92456e-09
 Reference value :  3.93056e-09
 Reference value :  3.93856e-09
 Reference value :  3.94656e-09
 Reference value :  3.95456e-09
 Reference value :  3.96256e-09
 Reference value :  3.97056e-09
 Reference value :  3.97856e-09
 Reference value :  3.98656e-09
 Reference value :  3.99456e-09
 Reference value :  4.00056e-09
 Reference value :  4.00856e-09
 Reference value :  4.01456e-09
 Reference value :  4.02256e-09
 Reference value :  4.02856e-09
 Reference value :  4.03656e-09
 Reference value :  4.04456e-09
 Reference value :  4.05256e-09
 Reference value :  4.06056e-09
 Reference value :  4.06856e-09
 Reference value :  4.07656e-09
 Reference value :  4.08456e-09
 Reference value :  4.09256e-09
 Reference value :  4.09856e-09
 Reference value :  4.10656e-09
 Reference value :  4.11456e-09
 Reference value :  4.12256e-09
 Reference value :  4.13256e-09
 Reference value :  4.14056e-09
 Reference value :  4.14656e-09
 Reference value :  4.15256e-09
 Reference value :  4.16056e-09
 Reference value :  4.16856e-09
 Reference value :  4.17456e-09
 Reference value :  4.18256e-09
 Reference value :  4.18856e-09
 Reference value :  4.19456e-09
 Reference value :  4.20256e-09
 Reference value :  4.20856e-09
 Reference value :  4.21656e-09
 Reference value :  4.22456e-09
 Reference value :  4.23056e-09
 Reference value :  4.23856e-09
 Reference value :  4.24656e-09
 Reference value :  4.25456e-09
 Reference value :  4.26056e-09
 Reference value :  4.26856e-09
 Reference value :  4.27656e-09
 Reference value :  4.28256e-09
 Reference value :  4.29056e-09
 Reference value :  4.29856e-09
 Reference value :  4.30656e-09
 Reference value :  4.31456e-09
 Reference value :  4.32056e-09
 Reference value :  4.32856e-09
 Reference value :  4.33656e-09
 Reference value :  4.34456e-09
 Reference value :  4.35056e-09
 Reference value :  4.35856e-09
 Reference value :  4.36456e-09
 Reference value :  4.37056e-09
 Reference value :  4.37856e-09
 Reference value :  4.38656e-09
 Reference value :  4.39456e-09
 Reference value :  4.40256e-09
 Reference value :  4.40856e-09
 Reference value :  4.41456e-09
 Reference value :  4.42256e-09
 Reference value :  4.42856e-09
 Reference value :  4.43456e-09
 Reference value :  4.44256e-09
 Reference value :  4.45056e-09
 Reference value :  4.45856e-09
 Reference value :  4.46656e-09
 Reference value :  4.47456e-09
 Reference value :  4.48256e-09
 Reference value :  4.49056e-09
 Reference value :  4.49856e-09
 Reference value :  4.50456e-09
 Reference value :  4.51256e-09
 Reference value :  4.52056e-09
 Reference value :  4.52656e-09
 Reference value :  4.53456e-09
 Reference value :  4.54256e-09
 Reference value :  4.54856e-09
 Reference value :  4.55656e-09
 Reference value :  4.56256e-09
 Reference value :  4.57056e-09
 Reference value :  4.57856e-09
 Reference value :  4.58656e-09
 Reference value :  4.59456e-09
 Reference value :  4.60256e-09
 Reference value :  4.61056e-09
 Reference value :  4.61856e-09
 Reference value :  4.62456e-09
 Reference value :  4.63256e-09
 Reference value :  4.64056e-09
 Reference value :  4.64856e-09
 Reference value :  4.65656e-09
 Reference value :  4.66456e-09
 Reference value :  4.68256e-09
 Reference value :  4.69056e-09
 Reference value :  4.69856e-09
 Reference value :  4.70656e-09
 Reference value :  4.71456e-09
 Reference value :  4.72056e-09
 Reference value :  4.72856e-09
 Reference value :  4.73656e-09
 Reference value :  4.74456e-09
 Reference value :  4.75056e-09
 Reference value :  4.75856e-09
 Reference value :  4.76656e-09
 Reference value :  4.77456e-09
 Reference value :  4.78056e-09
 Reference value :  4.78656e-09
 Reference value :  4.79456e-09
 Reference value :  4.80256e-09
 Reference value :  4.81056e-09
 Reference value :  4.81856e-09
 Reference value :  4.82656e-09
 Reference value :  4.83456e-09
 Reference value :  4.84256e-09
 Reference value :  4.84856e-09
 Reference value :  4.85456e-09
 Reference value :  4.86256e-09
 Reference value :  4.87456e-09
 Reference value :  4.88056e-09
 Reference value :  4.88856e-09
 Reference value :  4.89656e-09
 Reference value :  4.90456e-09
 Reference value :  4.91256e-09
 Reference value :  4.92056e-09
 Reference value :  4.92856e-09
 Reference value :  4.93656e-09
 Reference value :  5.01100e-09
 Reference value :  5.01700e-09
 Reference value :  5.02300e-09
 Reference value :  5.03100e-09
 Reference value :  5.03900e-09
 Reference value :  5.04700e-09
 Reference value :  5.05300e-09
 Reference value :  5.06100e-09
 Reference value :  5.06900e-09
 Reference value :  5.42900e-09
 Reference value :  6.07500e-09
 Reference value :  7.01700e-09
 Reference value :  7.14700e-09
 Reference value :  7.15500e-09
 Reference value :  7.16300e-09
 Reference value :  7.16900e-09
 Reference value :  7.17500e-09
 Reference value :  7.18300e-09
 Reference value :  7.19100e-09
 Reference value :  7.19900e-09
 Reference value :  7.20500e-09
 Reference value :  7.33300e-09
 Reference value :  7.34100e-09
No. of Data Rows : 3814
Note: Simulation executed from .control section 
