
Note: Compatibility modes selected: hs a


Circuit: * comparator-decision offset pick-off -- vindiff=0.0mv corner=fs_mm temp=27.0c seed=6 (issue #9)

option SCALE: Scale is set to 1e-06 for instance and model parameters
option SCALE: Scale is set to 1e-06 for instance and model parameters
option SCALE: Scale is set to 1e-06 for instance and model parameters
option SCALE: Scale is set to 1e-06 for instance and model parameters
Doing analysis at TEMP = 27.000000 and TNOM = 27.000000

Using KLU as Direct Linear Solver
 Reference value :  0.00000e+00
 Reference value :  1.60000e-13
 Reference value :  2.56000e-12
 Reference value :  8.56000e-12
 Reference value :  1.45600e-11
 Reference value :  2.05600e-11
 Reference value :  2.65600e-11
 Reference value :  3.25600e-11
 Reference value :  3.85600e-11
 Reference value :  4.45600e-11
 Reference value :  5.25600e-11
 Reference value :  5.85600e-11
 Reference value :  6.45600e-11
 Reference value :  7.25600e-11
 Reference value :  8.05600e-11
 Reference value :  8.65600e-11
 Reference value :  9.45600e-11
 Reference value :  1.00560e-10
 Reference value :  1.08560e-10
 Reference value :  1.16560e-10
 Reference value :  1.24560e-10
 Reference value :  1.30560e-10
 Reference value :  1.38560e-10
 Reference value :  1.46560e-10
 Reference value :  1.54560e-10
 Reference value :  1.60560e-10
 Reference value :  1.66560e-10
 Reference value :  1.74560e-10
 Reference value :  1.80560e-10
 Reference value :  1.88560e-10
 Reference value :  1.96560e-10
 Reference value :  2.04560e-10
 Reference value :  2.12560e-10
 Reference value :  2.18560e-10
 Reference value :  2.26560e-10
 Reference value :  2.34560e-10
 Reference value :  2.42560e-10
 Reference value :  2.50560e-10
 Reference value :  2.58560e-10
 Reference value :  2.64560e-10
 Reference value :  2.72560e-10
 Reference value :  2.78560e-10
 Reference value :  2.86560e-10
 Reference value :  2.94560e-10
 Reference value :  3.02560e-10
 Reference value :  3.10560e-10
 Reference value :  3.16560e-10
 Reference value :  3.22560e-10
 Reference value :  3.28560e-10
 Reference value :  3.34560e-10
 Reference value :  3.40560e-10
 Reference value :  3.46560e-10
 Reference value :  3.52560e-10
 Reference value :  3.58560e-10
 Reference value :  3.66560e-10
 Reference value :  3.72560e-10
 Reference value :  3.78560e-10
 Reference value :  3.86560e-10
 Reference value :  3.94560e-10
 Reference value :  4.02560e-10
 Reference value :  4.10560e-10
 Reference value :  4.16560e-10
 Reference value :  4.22560e-10
 Reference value :  4.30560e-10
 Reference value :  4.36560e-10
 Reference value :  4.44560e-10
 Reference value :  4.52560e-10
 Reference value :  4.60560e-10
 Reference value :  4.68560e-10
 Reference value :  4.74560e-10
 Reference value :  4.82560e-10
 Reference value :  4.90560e-10
 Reference value :  4.98560e-10
 Reference value :  5.04560e-10
 Reference value :  5.12560e-10
 Reference value :  5.18560e-10
 Reference value :  5.24560e-10
 Reference value :  5.32560e-10
 Reference value :  5.38560e-10
 Reference value :  5.44560e-10
 Reference value :  5.50560e-10
 Reference value :  5.56560e-10
 Reference value :  5.62560e-10
 Reference value :  6.86560e-10
 Reference value :  6.92560e-10
 Reference value :  7.00560e-10
 Reference value :  7.06560e-10
 Reference value :  8.56560e-10
 Reference value :  8.62560e-10
 Reference value :  8.68560e-10
 Reference value :  8.74560e-10
 Reference value :  8.80560e-10
 Reference value :  8.88560e-10
 Reference value :  8.94560e-10
 Reference value :  9.02560e-10
 Reference value :  9.08560e-10
 Reference value :  9.14560e-10
 Reference value :  9.22560e-10
 Reference value :  9.30560e-10
 Reference value :  9.38560e-10
 Reference value :  9.44560e-10
 Reference value :  9.52560e-10
 Reference value :  9.58560e-10
 Reference value :  9.66560e-10
 Reference value :  9.74560e-10
 Reference value :  9.82560e-10
 Reference value :  9.88560e-10
 Reference value :  9.96560e-10
 Reference value :  1.00456e-09
 Reference value :  1.01256e-09
 Reference value :  1.01856e-09
 Reference value :  1.02456e-09
 Reference value :  1.03256e-09
 Reference value :  1.03856e-09
 Reference value :  1.04656e-09
 Reference value :  1.05256e-09
 Reference value :  1.05856e-09
 Reference value :  1.06456e-09
 Reference value :  1.07256e-09
 Reference value :  1.07856e-09
 Reference value :  1.08656e-09
 Reference value :  1.09256e-09
 Reference value :  1.10056e-09
 Reference value :  1.10856e-09
 Reference value :  1.11456e-09
 Reference value :  1.12256e-09
 Reference value :  1.13056e-09
 Reference value :  1.13656e-09
 Reference value :  1.14456e-09
 Reference value :  1.15256e-09
 Reference value :  1.16056e-09
 Reference value :  1.16656e-09
 Reference value :  1.17456e-09
 Reference value :  1.18056e-09
 Reference value :  1.18656e-09
 Reference value :  1.19256e-09
 Reference value :  1.20056e-09
 Reference value :  1.20856e-09
 Reference value :  1.21456e-09
 Reference value :  1.22256e-09
 Reference value :  1.23056e-09
 Reference value :  1.23856e-09
 Reference value :  1.24656e-09
 Reference value :  1.25456e-09
 Reference value :  1.26256e-09
 Reference value :  1.38456e-09
 Reference value :  1.39056e-09
 Reference value :  1.39856e-09
 Reference value :  1.40656e-09
 Reference value :  1.41456e-09
 Reference value :  1.42256e-09
 Reference value :  1.42856e-09
 Reference value :  1.43456e-09
 Reference value :  1.44256e-09
 Reference value :  1.45056e-09
 Reference value :  1.45856e-09
 Reference value :  1.57456e-09
 Reference value :  1.58056e-09
 Reference value :  1.58856e-09
 Reference value :  1.59456e-09
 Reference value :  1.60056e-09
 Reference value :  1.60656e-09
 Reference value :  1.61256e-09
 Reference value :  1.61856e-09
 Reference value :  1.62456e-09
 Reference value :  1.63256e-09
 Reference value :  1.63856e-09
 Reference value :  1.64656e-09
 Reference value :  1.65456e-09
 Reference value :  1.66256e-09
 Reference value :  1.67056e-09
 Reference value :  1.67856e-09
 Reference value :  1.68656e-09
 Reference value :  1.69456e-09
 Reference value :  1.70256e-09
 Reference value :  1.82256e-09
 Reference value :  1.82856e-09
 Reference value :  1.83456e-09
 Reference value :  1.84056e-09
 Reference value :  1.85456e-09
 Reference value :  1.86256e-09
 Reference value :  1.86856e-09
 Reference value :  1.87656e-09
 Reference value :  1.88256e-09
 Reference value :  1.88856e-09
 Reference value :  1.89456e-09
 Reference value :  1.90256e-09
 Reference value :  1.90856e-09
 Reference value :  1.91456e-09
 Reference value :  1.92256e-09
 Reference value :  1.92856e-09
 Reference value :  1.93656e-09
 Reference value :  1.94256e-09
 Reference value :  1.94856e-09
 Reference value :  1.95456e-09
 Reference value :  1.96256e-09
 Reference value :  1.96856e-09
 Reference value :  1.97656e-09
 Reference value :  1.98456e-09
 Reference value :  1.99056e-09
 Reference value :  1.99656e-09
 Reference value :  2.00456e-09
 Reference value :  2.01056e-09
 Reference value :  2.01856e-09
 Reference value :  2.02456e-09
 Reference value :  2.03256e-09
 Reference value :  2.03856e-09
 Reference value :  2.04456e-09
 Reference value :  2.05256e-09
 Reference value :  2.06056e-09
 Reference value :  2.06856e-09
 Reference value :  2.07456e-09
 Reference value :  2.08056e-09
 Reference value :  2.08856e-09
 Reference value :  2.09656e-09
 Reference value :  2.10256e-09
 Reference value :  2.11056e-09
 Reference value :  2.11656e-09
 Reference value :  2.12256e-09
 Reference value :  2.13056e-09
 Reference value :  2.13856e-09
 Reference value :  2.14456e-09
 Reference value :  2.15056e-09
 Reference value :  2.15656e-09
 Reference value :  2.16256e-09
 Reference value :  2.16856e-09
 Reference value :  2.17456e-09
 Reference value :  2.18056e-09
 Reference value :  2.18656e-09
 Reference value :  2.19456e-09
 Reference value :  2.20056e-09
 Reference value :  2.20656e-09
 Reference value :  2.27056e-09
 Reference value :  2.27656e-09
 Reference value :  2.28256e-09
 Reference value :  2.29056e-09
 Reference value :  2.29656e-09
 Reference value :  2.30256e-09
 Reference value :  2.31056e-09
 Reference value :  2.31856e-09
 Reference value :  2.32456e-09
 Reference value :  2.33056e-09
 Reference value :  2.33856e-09
 Reference value :  2.34456e-09
 Reference value :  2.35256e-09
 Reference value :  2.35856e-09
 Reference value :  2.36656e-09
 Reference value :  2.37456e-09
 Reference value :  2.38056e-09
 Reference value :  2.38856e-09
 Reference value :  2.39656e-09
 Reference value :  2.40456e-09
 Reference value :  2.41056e-09
 Reference value :  2.41656e-09
 Reference value :  2.42256e-09
 Reference value :  2.42856e-09
 Reference value :  2.43656e-09
 Reference value :  2.44256e-09
 Reference value :  2.45056e-09
 Reference value :  2.53856e-09
 Reference value :  2.54456e-09
 Reference value :  2.55256e-09
 Reference value :  2.57256e-09
 Reference value :  2.66256e-09
 Reference value :  2.67056e-09
 Reference value :  2.79656e-09
 Reference value :  2.80456e-09
 Reference value :  2.81256e-09
 Reference value :  2.81856e-09
 Reference value :  2.82456e-09
 Reference value :  2.90856e-09
 Reference value :  2.91456e-09
 Reference value :  2.92256e-09
 Reference value :  2.92856e-09
 Reference value :  2.93656e-09
 Reference value :  2.94256e-09
 Reference value :  2.95056e-09
 Reference value :  2.95856e-09
 Reference value :  2.96456e-09
 Reference value :  2.97056e-09
 Reference value :  2.97856e-09
 Reference value :  2.98456e-09
 Reference value :  2.99456e-09
 Reference value :  3.00056e-09
 Reference value :  3.00856e-09
 Reference value :  3.01456e-09
 Reference value :  3.02056e-09
 Reference value :  3.02856e-09
 Reference value :  3.09456e-09
 Reference value :  3.10056e-09
 Reference value :  3.10856e-09
 Reference value :  3.11456e-09
 Reference value :  3.12056e-09
 Reference value :  3.12856e-09
 Reference value :  3.13456e-09
 Reference value :  3.14256e-09
 Reference value :  3.15056e-09
 Reference value :  3.27856e-09
 Reference value :  3.28456e-09
 Reference value :  3.29056e-09
 Reference value :  3.29656e-09
 Reference value :  3.30456e-09
 Reference value :  3.31256e-09
 Reference value :  3.32056e-09
 Reference value :  3.32856e-09
 Reference value :  3.39056e-09
 Reference value :  3.39856e-09
 Reference value :  3.40656e-09
 Reference value :  3.41256e-09
 Reference value :  3.41856e-09
 Reference value :  3.42456e-09
 Reference value :  3.43056e-09
 Reference value :  3.43656e-09
 Reference value :  3.44456e-09
 Reference value :  3.45056e-09
 Reference value :  3.45656e-09
 Reference value :  3.46256e-09
 Reference value :  3.47056e-09
 Reference value :  3.47856e-09
 Reference value :  3.48456e-09
 Reference value :  3.49056e-09
 Reference value :  3.49856e-09
 Reference value :  3.50656e-09
 Reference value :  3.51456e-09
 Reference value :  3.52056e-09
 Reference value :  3.52856e-09
 Reference value :  3.54056e-09
 Reference value :  3.54656e-09
 Reference value :  3.55456e-09
 Reference value :  3.56256e-09
 Reference value :  3.57056e-09
 Reference value :  3.57856e-09
 Reference value :  3.58656e-09
 Reference value :  3.59256e-09
 Reference value :  3.60056e-09
 Reference value :  3.60656e-09
 Reference value :  3.61456e-09
 Reference value :  3.62256e-09
 Reference value :  3.62856e-09
 Reference value :  3.63456e-09
 Reference value :  3.64256e-09
 Reference value :  4.00056e-09
 Reference value :  4.48456e-09
 Reference value :  4.79056e-09
 Reference value :  4.79656e-09
 Reference value :  4.80256e-09
 Reference value :  4.81056e-09
 Reference value :  4.81656e-09
 Reference value :  4.82456e-09
 Reference value :  4.83056e-09
 Reference value :  4.83856e-09
 Reference value :  4.84656e-09
 Reference value :  4.85256e-09
 Reference value :  4.98056e-09
 Reference value :  4.98856e-09
 Reference value :  4.99656e-09
 Reference value :  5.01300e-09
 Reference value :  5.02100e-09
 Reference value :  5.13500e-09
 Reference value :  5.14300e-09
 Reference value :  5.15100e-09
 Reference value :  5.15900e-09
 Reference value :  5.16500e-09
 Reference value :  5.17300e-09
 Reference value :  5.18100e-09
 Reference value :  5.18700e-09
 Reference value :  5.30900e-09
 Reference value :  5.31500e-09
 Reference value :  5.32300e-09
 Reference value :  5.32900e-09
 Reference value :  5.33500e-09
 Reference value :  5.34100e-09
 Reference value :  5.34700e-09
 Reference value :  5.35500e-09
 Reference value :  5.36300e-09
 Reference value :  5.37100e-09
 Reference value :  5.37900e-09
 Reference value :  5.38500e-09
 Reference value :  5.39100e-09
 Reference value :  5.39900e-09
 Reference value :  5.40500e-09
 Reference value :  5.41300e-09
 Reference value :  5.41900e-09
 Reference value :  5.54500e-09
 Reference value :  5.55300e-09
 Reference value :  5.56100e-09
 Reference value :  5.56900e-09
 Reference value :  5.57500e-09
 Reference value :  5.58300e-09
 Reference value :  5.58900e-09
 Reference value :  5.59500e-09
 Reference value :  5.60300e-09
 Reference value :  5.61100e-09
 Reference value :  5.61900e-09
 Reference value :  5.62500e-09
 Reference value :  5.63100e-09
 Reference value :  5.63700e-09
 Reference value :  5.64500e-09
 Reference value :  5.65300e-09
 Reference value :  5.66100e-09
 Reference value :  5.66700e-09
 Reference value :  5.67300e-09
 Reference value :  5.68100e-09
 Reference value :  5.68700e-09
 Reference value :  5.69300e-09
 Reference value :  5.69900e-09
 Reference value :  5.70500e-09
 Reference value :  5.71300e-09
 Reference value :  5.71900e-09
 Reference value :  5.72700e-09
 Reference value :  5.73500e-09
 Reference value :  5.74100e-09
 Reference value :  5.74700e-09
 Reference value :  5.75500e-09
 Reference value :  5.76300e-09
 Reference value :  5.76900e-09
 Reference value :  5.77700e-09
 Reference value :  5.78500e-09
 Reference value :  5.79100e-09
 Reference value :  5.79700e-09
 Reference value :  5.80500e-09
 Reference value :  5.81300e-09
 Reference value :  5.82100e-09
 Reference value :  5.82700e-09
 Reference value :  5.83300e-09
 Reference value :  5.83900e-09
 Reference value :  5.84700e-09
 Reference value :  5.85500e-09
 Reference value :  5.86300e-09
 Reference value :  5.86900e-09
 Reference value :  5.87700e-09
 Reference value :  5.88500e-09
 Reference value :  5.89300e-09
 Reference value :  5.89900e-09
 Reference value :  5.90700e-09
 Reference value :  5.91500e-09
 Reference value :  5.92300e-09
 Reference value :  5.92900e-09
 Reference value :  5.93500e-09
 Reference value :  5.94300e-09
 Reference value :  5.95100e-09
 Reference value :  5.95900e-09
 Reference value :  5.96700e-09
 Reference value :  5.97500e-09
 Reference value :  5.98300e-09
 Reference value :  5.99100e-09
 Reference value :  5.99900e-09
 Reference value :  6.00700e-09
 Reference value :  6.01500e-09
 Reference value :  6.02300e-09
 Reference value :  6.03100e-09
 Reference value :  6.03900e-09
 Reference value :  6.04700e-09
 Reference value :  6.05500e-09
 Reference value :  6.06300e-09
 Reference value :  6.07100e-09
 Reference value :  6.07700e-09
 Reference value :  6.08500e-09
 Reference value :  6.09300e-09
 Reference value :  6.10100e-09
 Reference value :  6.10900e-09
 Reference value :  6.11700e-09
 Reference value :  6.12500e-09
 Reference value :  6.13300e-09
 Reference value :  6.14100e-09
 Reference value :  6.14900e-09
 Reference value :  6.15900e-09
 Reference value :  6.16900e-09
 Reference value :  6.17700e-09
 Reference value :  6.18500e-09
 Reference value :  6.19300e-09
 Reference value :  6.20100e-09
 Reference value :  6.20900e-09
 Reference value :  6.21700e-09
 Reference value :  6.22500e-09
 Reference value :  6.23300e-09
 Reference value :  6.24100e-09
 Reference value :  6.24900e-09
 Reference value :  6.25700e-09
 Reference value :  6.26500e-09
 Reference value :  6.27300e-09
 Reference value :  6.28100e-09
 Reference value :  6.28900e-09
 Reference value :  6.29700e-09
 Reference value :  6.30500e-09
 Reference value :  6.31300e-09
 Reference value :  6.32100e-09
 Reference value :  6.32700e-09
 Reference value :  6.33500e-09
 Reference value :  6.34300e-09
 Reference value :  6.35100e-09
 Reference value :  6.35700e-09
 Reference value :  6.36300e-09
 Reference value :  6.37100e-09
 Reference value :  6.37900e-09
 Reference value :  6.38700e-09
 Reference value :  6.39500e-09
 Reference value :  6.40300e-09
 Reference value :  6.41100e-09
 Reference value :  6.41900e-09
 Reference value :  6.42700e-09
 Reference value :  6.43500e-09
 Reference value :  6.44300e-09
 Reference value :  6.45100e-09
 Reference value :  6.45900e-09
 Reference value :  6.46700e-09
 Reference value :  6.47500e-09
 Reference value :  6.48300e-09
 Reference value :  6.49100e-09
 Reference value :  6.49900e-09
 Reference value :  6.50700e-09
 Reference value :  6.51500e-09
 Reference value :  6.52300e-09
 Reference value :  6.53100e-09
 Reference value :  6.53900e-09
 Reference value :  6.54700e-09
 Reference value :  6.55500e-09
 Reference value :  6.56300e-09
 Reference value :  6.57100e-09
 Reference value :  6.57900e-09
 Reference value :  6.58700e-09
 Reference value :  6.59500e-09
 Reference value :  6.60300e-09
 Reference value :  6.61100e-09
 Reference value :  6.61900e-09
 Reference value :  6.62700e-09
 Reference value :  6.63500e-09
 Reference value :  6.64500e-09
 Reference value :  6.65300e-09
 Reference value :  6.66300e-09
 Reference value :  6.67100e-09
 Reference value :  6.67900e-09
 Reference value :  6.68700e-09
 Reference value :  6.69500e-09
 Reference value :  6.70300e-09
 Reference value :  6.71100e-09
 Reference value :  6.71900e-09
 Reference value :  6.72700e-09
 Reference value :  6.73500e-09
 Reference value :  6.74500e-09
 Reference value :  6.75300e-09
 Reference value :  6.76100e-09
 Reference value :  6.76900e-09
 Reference value :  6.77700e-09
 Reference value :  6.78700e-09
 Reference value :  6.79500e-09
 Reference value :  6.80300e-09
 Reference value :  6.81100e-09
 Reference value :  6.81900e-09
 Reference value :  6.82700e-09
 Reference value :  6.83700e-09
 Reference value :  6.84500e-09
 Reference value :  6.85300e-09
 Reference value :  6.86100e-09
 Reference value :  6.86900e-09
 Reference value :  6.87700e-09
 Reference value :  6.88300e-09
 Reference value :  6.89100e-09
 Reference value :  6.89900e-09
 Reference value :  6.90700e-09
 Reference value :  6.91500e-09
 Reference value :  6.92300e-09
 Reference value :  6.93100e-09
 Reference value :  6.93900e-09
 Reference value :  6.94900e-09
 Reference value :  6.95700e-09
 Reference value :  6.96300e-09
 Reference value :  6.97100e-09
 Reference value :  6.97900e-09
 Reference value :  6.98700e-09
 Reference value :  6.99500e-09
 Reference value :  7.00100e-09
 Reference value :  7.00700e-09
 Reference value :  7.01500e-09
 Reference value :  7.02300e-09
 Reference value :  7.03100e-09
 Reference value :  7.03900e-09
 Reference value :  7.04900e-09
 Reference value :  7.05500e-09
 Reference value :  7.06100e-09
 Reference value :  7.06900e-09
 Reference value :  7.07700e-09
 Reference value :  7.08300e-09
 Reference value :  7.09100e-09
 Reference value :  7.09900e-09
 Reference value :  7.10500e-09
 Reference value :  7.11100e-09
 Reference value :  7.11700e-09
 Reference value :  7.12500e-09
 Reference value :  7.13300e-09
 Reference value :  7.14100e-09
 Reference value :  7.14700e-09
 Reference value :  7.15500e-09
 Reference value :  7.16100e-09
 Reference value :  7.16700e-09
 Reference value :  7.17500e-09
 Reference value :  7.18100e-09
 Reference value :  7.18900e-09
 Reference value :  7.19700e-09
 Reference value :  7.20300e-09
 Reference value :  7.21100e-09
 Reference value :  7.21900e-09
 Reference value :  7.22500e-09
 Reference value :  7.23300e-09
 Reference value :  7.24100e-09
 Reference value :  7.24900e-09
 Reference value :  7.25500e-09
 Reference value :  7.26300e-09
 Reference value :  7.27100e-09
 Reference value :  7.27700e-09
 Reference value :  7.28500e-09
 Reference value :  7.29300e-09
 Reference value :  7.29900e-09
 Reference value :  7.30700e-09
 Reference value :  7.31300e-09
 Reference value :  7.31900e-09
 Reference value :  7.32700e-09
 Reference value :  7.33500e-09
 Reference value :  7.34300e-09
 Reference value :  7.34900e-09
 Reference value :  7.35700e-09
 Reference value :  7.36500e-09
 Reference value :  7.37100e-09
 Reference value :  7.37700e-09
 Reference value :  7.38300e-09
 Reference value :  7.38900e-09
 Reference value :  7.39700e-09
 Reference value :  7.40300e-09
 Reference value :  7.40900e-09
 Reference value :  7.41500e-09
 Reference value :  7.42100e-09
 Reference value :  7.42700e-09
 Reference value :  7.55100e-09
 Reference value :  7.55900e-09
 Reference value :  7.56700e-09
 Reference value :  7.57300e-09
 Reference value :  7.58100e-09
 Reference value :  7.58700e-09
 Reference value :  7.59500e-09
 Reference value :  7.60000e-09
No. of Data Rows : 3814
Note: Simulation executed from .control section 
