
Note: Compatibility modes selected: hs a


Circuit: * comparator-decision offset pick-off -- vindiff=2mv corner=fs temp=27.0c seed=none (issue #9)

option SCALE: Scale is set to 1e-06 for instance and model parameters
option SCALE: Scale is set to 1e-06 for instance and model parameters
option SCALE: Scale is set to 1e-06 for instance and model parameters
option SCALE: Scale is set to 1e-06 for instance and model parameters
Doing analysis at TEMP = 27.000000 and TNOM = 27.000000

Using KLU as Direct Linear Solver
 Reference value :  0.00000e+00
 Reference value :  7.96560e-10
 Reference value :  1.58856e-09
 Reference value :  2.38256e-09
 Reference value :  3.37256e-09
 Reference value :  4.31056e-09
 Reference value :  4.96256e-09
 Reference value :  5.87900e-09
 Reference value :  6.60100e-09
 Reference value :  7.59850e-09
No. of Data Rows : 3814
Note: Simulation executed from .control section 
