
Note: Compatibility modes selected: hs a


Circuit: * comparator-decision offset pick-off -- vindiff=1mv corner=fs temp=27.0c seed=none (issue #9)

option SCALE: Scale is set to 1e-06 for instance and model parameters
option SCALE: Scale is set to 1e-06 for instance and model parameters
option SCALE: Scale is set to 1e-06 for instance and model parameters
option SCALE: Scale is set to 1e-06 for instance and model parameters
Doing analysis at TEMP = 27.000000 and TNOM = 27.000000

Using KLU as Direct Linear Solver
 Reference value :  0.00000e+00
 Reference value :  3.50560e-10
 Reference value :  1.39856e-09
 Reference value :  2.26856e-09
 Reference value :  2.92056e-09
 Reference value :  2.92856e-09
 Reference value :  3.33656e-09
 Reference value :  4.29056e-09
 Reference value :  4.95656e-09
 Reference value :  5.89300e-09
 Reference value :  6.95900e-09
No. of Data Rows : 3814
Note: Simulation executed from .control section 
