
Note: Compatibility modes selected: hs a


Circuit: * comparator-decision offset pick-off -- vindiff=0.0mv corner=fs temp=27.0c seed=15 (issue #9)

option SCALE: Scale is set to 1e-06 for instance and model parameters
option SCALE: Scale is set to 1e-06 for instance and model parameters
option SCALE: Scale is set to 1e-06 for instance and model parameters
option SCALE: Scale is set to 1e-06 for instance and model parameters
Doing analysis at TEMP = 27.000000 and TNOM = 27.000000

Using KLU as Direct Linear Solver
 Reference value :  0.00000e+00
 Reference value :  2.66560e-10
 Reference value :  7.52560e-10
 Reference value :  7.60560e-10
 Reference value :  7.66560e-10
 Reference value :  8.76560e-10
 Reference value :  1.33456e-09
 Reference value :  1.34456e-09
 Reference value :  1.55456e-09
 Reference value :  1.81056e-09
 Reference value :  2.27856e-09
 Reference value :  2.28656e-09
 Reference value :  3.13256e-09
 Reference value :  3.13856e-09
 Reference value :  3.77256e-09
 Reference value :  3.88256e-09
 Reference value :  4.00656e-09
 Reference value :  4.01256e-09
 Reference value :  4.10056e-09
 Reference value :  4.21256e-09
 Reference value :  4.22056e-09
 Reference value :  4.36656e-09
 Reference value :  4.92456e-09
 Reference value :  5.02900e-09
 Reference value :  5.06900e-09
 Reference value :  5.07700e-09
 Reference value :  5.08300e-09
 Reference value :  5.42700e-09
 Reference value :  5.56900e-09
 Reference value :  6.41500e-09
 Reference value :  6.42300e-09
 Reference value :  6.86100e-09
 Reference value :  6.86900e-09
 Reference value :  7.23300e-09
No. of Data Rows : 3814
Note: Simulation executed from .control section 
