
Note: Compatibility modes selected: hs a


Circuit: * comparator-decision offset pick-off -- vindiff=0.0mv corner=fs temp=27.0c seed=13 (issue #9)

option SCALE: Scale is set to 1e-06 for instance and model parameters
option SCALE: Scale is set to 1e-06 for instance and model parameters
option SCALE: Scale is set to 1e-06 for instance and model parameters
option SCALE: Scale is set to 1e-06 for instance and model parameters
Doing analysis at TEMP = 27.000000 and TNOM = 27.000000

Using KLU as Direct Linear Solver
 Reference value :  0.00000e+00
 Reference value :  1.60000e-13
 Reference value :  5.20560e-10
 Reference value :  1.35456e-09
 Reference value :  2.17256e-09
 Reference value :  2.27856e-09
 Reference value :  2.28656e-09
 Reference value :  2.86256e-09
 Reference value :  2.87056e-09
 Reference value :  3.49456e-09
 Reference value :  3.50256e-09
 Reference value :  3.50856e-09
 Reference value :  3.51456e-09
 Reference value :  3.59456e-09
 Reference value :  3.64056e-09
 Reference value :  4.02056e-09
 Reference value :  4.13656e-09
 Reference value :  4.60456e-09
 Reference value :  4.96256e-09
 Reference value :  5.41100e-09
 Reference value :  5.99900e-09
 Reference value :  6.00700e-09
 Reference value :  6.85700e-09
 Reference value :  7.34500e-09
 Reference value :  7.35300e-09
 Reference value :  7.50100e-09
 Reference value :  7.50700e-09
No. of Data Rows : 3814
Note: Simulation executed from .control section 
