
Note: Compatibility modes selected: hs a


Circuit: * comparator-decision offset pick-off -- vindiff=0.0mv corner=fs temp=27.0c seed=7 (issue #9)

option SCALE: Scale is set to 1e-06 for instance and model parameters
option SCALE: Scale is set to 1e-06 for instance and model parameters
option SCALE: Scale is set to 1e-06 for instance and model parameters
option SCALE: Scale is set to 1e-06 for instance and model parameters
Doing analysis at TEMP = 27.000000 and TNOM = 27.000000

Using KLU as Direct Linear Solver
 Reference value :  0.00000e+00
 Reference value :  7.12560e-10
 Reference value :  1.34856e-09
 Reference value :  1.58256e-09
 Reference value :  1.94056e-09
 Reference value :  2.08656e-09
 Reference value :  2.56256e-09
 Reference value :  2.97656e-09
 Reference value :  3.23656e-09
 Reference value :  4.01456e-09
 Reference value :  4.57656e-09
 Reference value :  5.05300e-09
 Reference value :  5.67300e-09
 Reference value :  6.20100e-09
 Reference value :  6.98300e-09
 Reference value :  7.23700e-09
No. of Data Rows : 3814
Note: Simulation executed from .control section 
