
Note: Compatibility modes selected: hs a


Circuit: * comparator-decision offset pick-off -- vindiff=0.0mv corner=fs temp=27.0c seed=16 (issue #9)

option SCALE: Scale is set to 1e-06 for instance and model parameters
option SCALE: Scale is set to 1e-06 for instance and model parameters
option SCALE: Scale is set to 1e-06 for instance and model parameters
option SCALE: Scale is set to 1e-06 for instance and model parameters
Doing analysis at TEMP = 27.000000 and TNOM = 27.000000

Using KLU as Direct Linear Solver
 Reference value :  0.00000e+00
 Reference value :  4.06560e-10
 Reference value :  4.14560e-10
 Reference value :  1.12656e-09
 Reference value :  1.33456e-09
 Reference value :  1.88656e-09
 Reference value :  2.17056e-09
 Reference value :  2.50056e-09
 Reference value :  2.92856e-09
 Reference value :  2.99856e-09
 Reference value :  3.52656e-09
 Reference value :  3.53256e-09
 Reference value :  3.93456e-09
 Reference value :  4.10656e-09
 Reference value :  4.14456e-09
 Reference value :  4.15256e-09
 Reference value :  4.36656e-09
 Reference value :  4.83456e-09
 Reference value :  5.03500e-09
 Reference value :  5.04300e-09
 Reference value :  6.12700e-09
 Reference value :  6.39500e-09
 Reference value :  6.83500e-09
 Reference value :  7.48900e-09
 Reference value :  7.49500e-09
 Reference value :  7.50300e-09
 Reference value :  7.51100e-09
No. of Data Rows : 3814
Note: Simulation executed from .control section 
