
Note: Compatibility modes selected: hs a


Circuit: * comparator-decision offset pick-off -- vindiff=0.0mv corner=fs temp=27.0c seed=11 (issue #9)

option SCALE: Scale is set to 1e-06 for instance and model parameters
option SCALE: Scale is set to 1e-06 for instance and model parameters
option SCALE: Scale is set to 1e-06 for instance and model parameters
option SCALE: Scale is set to 1e-06 for instance and model parameters
Doing analysis at TEMP = 27.000000 and TNOM = 27.000000

Using KLU as Direct Linear Solver
 Reference value :  0.00000e+00
 Reference value :  9.56560e-10
 Reference value :  2.02456e-09
 Reference value :  2.66256e-09
 Reference value :  2.97056e-09
 Reference value :  3.90056e-09
 Reference value :  4.46656e-09
 Reference value :  4.83256e-09
 Reference value :  5.79300e-09
 Reference value :  6.59100e-09
 Reference value :  7.59500e-09
No. of Data Rows : 3814
Note: Simulation executed from .control section 
