
Note: Compatibility modes selected: hs a


Circuit: * comparator-decision kickback disturbance -- variant=loaded rs=1000ohm vindiff=50.0mv corner=sf temp=-40.0c (issue #26)

option SCALE: Scale is set to 1e-06 for instance and model parameters
option SCALE: Scale is set to 1e-06 for instance and model parameters
option SCALE: Scale is set to 1e-06 for instance and model parameters
option SCALE: Scale is set to 1e-06 for instance and model parameters
Doing analysis at TEMP = -40.000000 and TNOM = 27.000000

Using KLU as Direct Linear Solver
 Reference value :  0.00000e+00
 Reference value :  8.00000e-13
 Reference value :  1.14000e-11
 Reference value :  3.14000e-11
 Reference value :  5.14000e-11
 Reference value :  7.64000e-11
 Reference value :  1.01400e-10
 Reference value :  1.21400e-10
 Reference value :  1.41400e-10
 Reference value :  1.66400e-10
 Reference value :  1.86400e-10
 Reference value :  2.01400e-10
 Reference value :  2.21400e-10
 Reference value :  2.41400e-10
 Reference value :  2.61400e-10
 Reference value :  2.81400e-10
 Reference value :  3.01400e-10
 Reference value :  3.21400e-10
 Reference value :  3.46400e-10
 Reference value :  3.66400e-10
 Reference value :  3.91400e-10
 Reference value :  4.16400e-10
 Reference value :  4.36400e-10
 Reference value :  4.56400e-10
 Reference value :  4.81400e-10
 Reference value :  5.06400e-10
 Reference value :  5.26400e-10
 Reference value :  5.46400e-10
 Reference value :  5.71400e-10
 Reference value :  5.91400e-10
 Reference value :  6.11400e-10
 Reference value :  6.31400e-10
 Reference value :  6.56400e-10
 Reference value :  6.71400e-10
 Reference value :  6.91400e-10
 Reference value :  7.16400e-10
 Reference value :  7.41400e-10
 Reference value :  7.56400e-10
 Reference value :  7.76400e-10
 Reference value :  7.96400e-10
 Reference value :  8.16400e-10
 Reference value :  8.36400e-10
 Reference value :  8.56400e-10
 Reference value :  8.76400e-10
 Reference value :  8.96400e-10
 Reference value :  9.21400e-10
 Reference value :  9.41400e-10
 Reference value :  9.66400e-10
 Reference value :  9.86400e-10
 Reference value :  1.00640e-09
 Reference value :  1.02640e-09
 Reference value :  1.05640e-09
 Reference value :  1.07640e-09
 Reference value :  1.09140e-09
 Reference value :  1.11140e-09
 Reference value :  1.13640e-09
 Reference value :  1.16140e-09
 Reference value :  1.18140e-09
 Reference value :  1.20640e-09
 Reference value :  1.22640e-09
 Reference value :  1.24140e-09
 Reference value :  1.26140e-09
 Reference value :  1.28640e-09
 Reference value :  1.31140e-09
 Reference value :  1.33140e-09
 Reference value :  1.35140e-09
 Reference value :  1.37140e-09
 Reference value :  1.39640e-09
 Reference value :  1.42140e-09
 Reference value :  1.44140e-09
 Reference value :  1.46640e-09
 Reference value :  1.48640e-09
 Reference value :  1.50640e-09
 Reference value :  1.52640e-09
 Reference value :  1.54640e-09
 Reference value :  1.56140e-09
 Reference value :  1.58140e-09
 Reference value :  1.60140e-09
 Reference value :  1.61640e-09
 Reference value :  1.63640e-09
 Reference value :  1.65640e-09
 Reference value :  1.67640e-09
 Reference value :  1.69640e-09
 Reference value :  1.72140e-09
 Reference value :  1.74140e-09
 Reference value :  1.76140e-09
 Reference value :  1.78140e-09
 Reference value :  1.80140e-09
 Reference value :  1.82140e-09
 Reference value :  1.84140e-09
 Reference value :  1.86140e-09
 Reference value :  1.88140e-09
 Reference value :  1.90140e-09
 Reference value :  1.92140e-09
 Reference value :  1.94140e-09
 Reference value :  1.96140e-09
 Reference value :  1.98140e-09
 Reference value :  1.99640e-09
 Reference value :  2.01640e-09
 Reference value :  2.03640e-09
 Reference value :  2.05640e-09
 Reference value :  2.07140e-09
 Reference value :  2.09140e-09
 Reference value :  2.11140e-09
 Reference value :  2.13140e-09
 Reference value :  2.15640e-09
 Reference value :  2.17640e-09
 Reference value :  2.20140e-09
 Reference value :  2.22640e-09
 Reference value :  2.24640e-09
 Reference value :  2.26140e-09
 Reference value :  2.28140e-09
 Reference value :  2.30140e-09
 Reference value :  2.32140e-09
 Reference value :  2.34640e-09
 Reference value :  2.37140e-09
 Reference value :  2.39640e-09
 Reference value :  2.41640e-09
 Reference value :  2.44640e-09
 Reference value :  2.46640e-09
 Reference value :  2.48640e-09
 Reference value :  2.50640e-09
 Reference value :  2.52640e-09
 Reference value :  2.55140e-09
 Reference value :  2.57140e-09
 Reference value :  2.59140e-09
 Reference value :  2.61140e-09
 Reference value :  2.63140e-09
 Reference value :  2.65640e-09
 Reference value :  2.68140e-09
 Reference value :  2.70140e-09
 Reference value :  2.72140e-09
 Reference value :  2.74140e-09
 Reference value :  2.76140e-09
 Reference value :  2.78140e-09
 Reference value :  2.80140e-09
 Reference value :  2.81640e-09
 Reference value :  2.83640e-09
 Reference value :  2.85640e-09
 Reference value :  2.87640e-09
 Reference value :  2.90140e-09
 Reference value :  2.92640e-09
 Reference value :  2.94640e-09
 Reference value :  2.97140e-09
 Reference value :  2.99140e-09
 Reference value :  3.00640e-09
 Reference value :  3.02140e-09
 Reference value :  3.03640e-09
 Reference value :  3.05640e-09
 Reference value :  3.07640e-09
 Reference value :  3.09140e-09
 Reference value :  3.10640e-09
 Reference value :  3.12640e-09
 Reference value :  3.14140e-09
 Reference value :  3.16140e-09
 Reference value :  3.18140e-09
 Reference value :  3.20140e-09
 Reference value :  3.22140e-09
 Reference value :  3.24140e-09
 Reference value :  3.26140e-09
 Reference value :  3.28140e-09
 Reference value :  3.29640e-09
 Reference value :  3.31640e-09
 Reference value :  3.33140e-09
 Reference value :  3.35140e-09
 Reference value :  3.37140e-09
 Reference value :  3.38640e-09
 Reference value :  3.40640e-09
 Reference value :  3.42640e-09
 Reference value :  3.45140e-09
 Reference value :  3.47640e-09
 Reference value :  3.50140e-09
 Reference value :  3.52140e-09
 Reference value :  3.54140e-09
 Reference value :  3.55640e-09
 Reference value :  3.58140e-09
 Reference value :  3.60640e-09
 Reference value :  3.62640e-09
 Reference value :  3.64640e-09
 Reference value :  3.66640e-09
 Reference value :  3.69140e-09
 Reference value :  3.71140e-09
 Reference value :  3.73140e-09
 Reference value :  3.75140e-09
 Reference value :  3.77140e-09
 Reference value :  3.79140e-09
 Reference value :  3.81140e-09
 Reference value :  3.82640e-09
 Reference value :  3.84640e-09
 Reference value :  3.87140e-09
 Reference value :  3.89640e-09
 Reference value :  3.91140e-09
 Reference value :  3.92640e-09
 Reference value :  3.94640e-09
 Reference value :  3.96640e-09
 Reference value :  3.98640e-09
 Reference value :  4.00640e-09
 Reference value :  4.02640e-09
 Reference value :  4.04140e-09
 Reference value :  4.06140e-09
 Reference value :  4.08140e-09
 Reference value :  4.09640e-09
 Reference value :  4.11640e-09
 Reference value :  4.14140e-09
 Reference value :  4.16140e-09
 Reference value :  4.18140e-09
 Reference value :  4.20140e-09
 Reference value :  4.22140e-09
 Reference value :  4.24140e-09
 Reference value :  4.26140e-09
 Reference value :  4.28140e-09
 Reference value :  4.30140e-09
 Reference value :  4.32140e-09
 Reference value :  4.34140e-09
 Reference value :  4.36140e-09
 Reference value :  4.38140e-09
 Reference value :  4.40140e-09
 Reference value :  4.42140e-09
 Reference value :  4.44140e-09
 Reference value :  4.46140e-09
 Reference value :  4.48140e-09
 Reference value :  4.50140e-09
 Reference value :  4.52140e-09
 Reference value :  4.54140e-09
 Reference value :  4.56140e-09
 Reference value :  4.58140e-09
 Reference value :  4.60140e-09
 Reference value :  4.62140e-09
 Reference value :  4.64640e-09
 Reference value :  4.66640e-09
 Reference value :  4.68140e-09
 Reference value :  4.70140e-09
 Reference value :  4.72140e-09
 Reference value :  4.74140e-09
 Reference value :  4.76140e-09
 Reference value :  4.78140e-09
 Reference value :  4.80140e-09
 Reference value :  4.82140e-09
 Reference value :  4.84140e-09
 Reference value :  4.86140e-09
 Reference value :  4.88140e-09
 Reference value :  4.90140e-09
 Reference value :  4.92640e-09
 Reference value :  4.94640e-09
 Reference value :  4.96640e-09
 Reference value :  4.98640e-09
 Reference value :  5.00050e-09
 Reference value :  5.00750e-09
 Reference value :  5.02750e-09
 Reference value :  5.04750e-09
 Reference value :  5.06750e-09
 Reference value :  5.08750e-09
 Reference value :  5.10050e-09
 Reference value :  5.10750e-09
 Reference value :  5.12750e-09
 Reference value :  5.14750e-09
 Reference value :  5.16750e-09
 Reference value :  5.18750e-09
 Reference value :  5.20750e-09
 Reference value :  5.22750e-09
 Reference value :  5.24750e-09
 Reference value :  5.26250e-09
 Reference value :  5.27750e-09
 Reference value :  5.29750e-09
 Reference value :  5.31750e-09
 Reference value :  5.33750e-09
 Reference value :  5.35750e-09
 Reference value :  5.37750e-09
 Reference value :  5.39750e-09
 Reference value :  5.41250e-09
 Reference value :  5.42750e-09
 Reference value :  5.44250e-09
 Reference value :  5.46250e-09
 Reference value :  5.47750e-09
 Reference value :  5.49750e-09
 Reference value :  5.51250e-09
 Reference value :  5.53250e-09
 Reference value :  5.55250e-09
 Reference value :  5.57250e-09
 Reference value :  5.59250e-09
 Reference value :  5.60750e-09
 Reference value :  5.62750e-09
 Reference value :  5.64750e-09
 Reference value :  5.66250e-09
 Reference value :  5.67750e-09
 Reference value :  5.69750e-09
 Reference value :  5.71750e-09
 Reference value :  5.73750e-09
 Reference value :  5.75750e-09
 Reference value :  5.77750e-09
 Reference value :  5.79750e-09
 Reference value :  5.81750e-09
 Reference value :  5.83750e-09
 Reference value :  5.85750e-09
 Reference value :  5.87750e-09
 Reference value :  5.89750e-09
 Reference value :  5.91250e-09
 Reference value :  5.93750e-09
 Reference value :  5.96250e-09
 Reference value :  5.97750e-09
 Reference value :  5.99250e-09
 Reference value :  6.00750e-09
 Reference value :  6.02750e-09
 Reference value :  6.04750e-09
 Reference value :  6.06750e-09
 Reference value :  6.08750e-09
 Reference value :  6.10250e-09
 Reference value :  6.12250e-09
 Reference value :  6.14750e-09
 Reference value :  6.16250e-09
 Reference value :  6.18250e-09
 Reference value :  6.20250e-09
 Reference value :  6.22750e-09
 Reference value :  6.25250e-09
 Reference value :  6.26750e-09
 Reference value :  6.28750e-09
 Reference value :  6.30750e-09
 Reference value :  6.32250e-09
 Reference value :  6.34250e-09
 Reference value :  6.36750e-09
 Reference value :  6.38750e-09
 Reference value :  6.41250e-09
 Reference value :  6.43250e-09
 Reference value :  6.45250e-09
 Reference value :  6.47250e-09
 Reference value :  6.49750e-09
 Reference value :  6.51750e-09
 Reference value :  6.53750e-09
 Reference value :  6.55750e-09
 Reference value :  6.57750e-09
 Reference value :  6.59250e-09
 Reference value :  6.60750e-09
 Reference value :  6.62750e-09
 Reference value :  6.64750e-09
 Reference value :  6.66750e-09
 Reference value :  6.68750e-09
 Reference value :  6.70750e-09
 Reference value :  6.72750e-09
 Reference value :  6.74750e-09
 Reference value :  6.77250e-09
 Reference value :  6.78750e-09
 Reference value :  6.80750e-09
 Reference value :  6.82750e-09
 Reference value :  6.84750e-09
 Reference value :  6.86750e-09
 Reference value :  6.89250e-09
 Reference value :  6.91250e-09
 Reference value :  6.93750e-09
 Reference value :  6.95750e-09
 Reference value :  6.97250e-09
 Reference value :  6.98750e-09
 Reference value :  7.00750e-09
 Reference value :  7.02750e-09
 Reference value :  7.05250e-09
 Reference value :  7.07250e-09
 Reference value :  7.09250e-09
 Reference value :  7.11250e-09
 Reference value :  7.13250e-09
 Reference value :  7.15250e-09
 Reference value :  7.17250e-09
 Reference value :  7.19750e-09
 Reference value :  7.21750e-09
 Reference value :  7.23750e-09
 Reference value :  7.25750e-09
 Reference value :  7.27750e-09
 Reference value :  7.29250e-09
 Reference value :  7.30750e-09
 Reference value :  7.32250e-09
 Reference value :  7.34250e-09
 Reference value :  7.36250e-09
 Reference value :  7.38250e-09
 Reference value :  7.40250e-09
 Reference value :  7.42250e-09
 Reference value :  7.44250e-09
 Reference value :  7.46250e-09
 Reference value :  7.48750e-09
 Reference value :  7.50750e-09
 Reference value :  7.52750e-09
 Reference value :  7.54250e-09
 Reference value :  7.56250e-09
 Reference value :  7.58250e-09
 Reference value :  7.59750e-09
 Reference value :  7.61750e-09
 Reference value :  7.63250e-09
 Reference value :  7.64750e-09
 Reference value :  7.66250e-09
 Reference value :  7.68250e-09
 Reference value :  7.70250e-09
 Reference value :  7.72250e-09
 Reference value :  7.74250e-09
 Reference value :  7.76250e-09
 Reference value :  7.78250e-09
 Reference value :  7.80250e-09
 Reference value :  7.82250e-09
 Reference value :  7.83750e-09
 Reference value :  7.85250e-09
 Reference value :  7.86750e-09
 Reference value :  7.88250e-09
 Reference value :  7.90250e-09
 Reference value :  7.92250e-09
 Reference value :  7.94250e-09
 Reference value :  7.96250e-09
 Reference value :  7.98250e-09
 Reference value :  8.00250e-09
 Reference value :  8.02250e-09
 Reference value :  8.04250e-09
 Reference value :  8.06250e-09
 Reference value :  8.08250e-09
 Reference value :  8.10250e-09
 Reference value :  8.12250e-09
 Reference value :  8.14250e-09
 Reference value :  8.16250e-09
 Reference value :  8.18250e-09
 Reference value :  8.20250e-09
 Reference value :  8.22250e-09
 Reference value :  8.23750e-09
 Reference value :  8.25750e-09
 Reference value :  8.27750e-09
 Reference value :  8.29750e-09
 Reference value :  8.31750e-09
 Reference value :  8.34250e-09
 Reference value :  8.35750e-09
 Reference value :  8.37250e-09
 Reference value :  8.38750e-09
 Reference value :  8.40250e-09
 Reference value :  8.41750e-09
 Reference value :  8.43250e-09
 Reference value :  8.44750e-09
 Reference value :  8.46250e-09
 Reference value :  8.48250e-09
 Reference value :  8.49750e-09
 Reference value :  8.51250e-09
 Reference value :  8.52750e-09
 Reference value :  8.54250e-09
 Reference value :  8.56250e-09
 Reference value :  8.57750e-09
 Reference value :  8.59750e-09
 Reference value :  8.61250e-09
 Reference value :  8.63250e-09
 Reference value :  8.64750e-09
 Reference value :  8.66750e-09
 Reference value :  8.68750e-09
 Reference value :  8.70750e-09
 Reference value :  8.72250e-09
 Reference value :  8.73750e-09
 Reference value :  8.75750e-09
 Reference value :  8.77750e-09
 Reference value :  8.79750e-09
 Reference value :  8.81250e-09
 Reference value :  8.82750e-09
 Reference value :  8.84750e-09
 Reference value :  8.86750e-09
 Reference value :  8.88750e-09
 Reference value :  8.90750e-09
 Reference value :  8.92750e-09
 Reference value :  8.94250e-09
 Reference value :  8.96250e-09
 Reference value :  8.98250e-09
 Reference value :  8.99750e-09
 Reference value :  9.01250e-09
 Reference value :  9.02750e-09
 Reference value :  9.04750e-09
 Reference value :  9.06250e-09
 Reference value :  9.08250e-09
 Reference value :  9.09750e-09
 Reference value :  9.11250e-09
 Reference value :  9.12750e-09
 Reference value :  9.14750e-09
 Reference value :  9.16750e-09
 Reference value :  9.18750e-09
 Reference value :  9.20750e-09
 Reference value :  9.22750e-09
 Reference value :  9.24250e-09
 Reference value :  9.25750e-09
 Reference value :  9.27750e-09
 Reference value :  9.29750e-09
 Reference value :  9.31750e-09
 Reference value :  9.33750e-09
 Reference value :  9.35250e-09
 Reference value :  9.37250e-09
 Reference value :  9.39250e-09
 Reference value :  9.40750e-09
 Reference value :  9.42750e-09
 Reference value :  9.45250e-09
 Reference value :  9.46750e-09
 Reference value :  9.48250e-09
 Reference value :  9.50250e-09
 Reference value :  9.51750e-09
 Reference value :  9.53250e-09
 Reference value :  9.54750e-09
 Reference value :  9.56250e-09
 Reference value :  9.58250e-09
 Reference value :  9.59750e-09
 Reference value :  9.61750e-09
 Reference value :  9.63250e-09
 Reference value :  9.64750e-09
 Reference value :  9.66250e-09
 Reference value :  9.68250e-09
 Reference value :  9.69750e-09
 Reference value :  9.71750e-09
 Reference value :  9.73250e-09
 Reference value :  9.75250e-09
 Reference value :  9.77250e-09
 Reference value :  9.78750e-09
 Reference value :  9.80750e-09
 Reference value :  9.82250e-09
 Reference value :  9.84250e-09
 Reference value :  9.86250e-09
 Reference value :  9.87750e-09
 Reference value :  9.89750e-09
 Reference value :  9.91750e-09
 Reference value :  9.93750e-09
 Reference value :  9.95250e-09
 Reference value :  9.97250e-09
 Reference value :  9.98750e-09
 Reference value :  1.00025e-08
 Reference value :  1.00225e-08
 Reference value :  1.00425e-08
 Reference value :  1.00625e-08
 Reference value :  1.00825e-08
 Reference value :  1.01025e-08
 Reference value :  1.01175e-08
 Reference value :  1.01325e-08
 Reference value :  1.01475e-08
 Reference value :  1.01675e-08
 Reference value :  1.01875e-08
 Reference value :  1.02075e-08
 Reference value :  1.02275e-08
 Reference value :  1.02475e-08
 Reference value :  1.02625e-08
 Reference value :  1.02825e-08
 Reference value :  1.02975e-08
 Reference value :  1.03125e-08
 Reference value :  1.03325e-08
 Reference value :  1.03525e-08
 Reference value :  1.03725e-08
 Reference value :  1.03925e-08
 Reference value :  1.04125e-08
 Reference value :  1.04325e-08
 Reference value :  1.04475e-08
 Reference value :  1.04675e-08
 Reference value :  1.04825e-08
 Reference value :  1.04975e-08
 Reference value :  1.05175e-08
 Reference value :  1.05375e-08
 Reference value :  1.05525e-08
 Reference value :  1.05725e-08
 Reference value :  1.05925e-08
 Reference value :  1.06125e-08
 Reference value :  1.06275e-08
 Reference value :  1.06525e-08
 Reference value :  1.06675e-08
 Reference value :  1.06875e-08
 Reference value :  1.07025e-08
 Reference value :  1.07225e-08
 Reference value :  1.07425e-08
 Reference value :  1.07575e-08
 Reference value :  1.07775e-08
 Reference value :  1.07925e-08
 Reference value :  1.08075e-08
 Reference value :  1.08275e-08
 Reference value :  1.08475e-08
 Reference value :  1.08625e-08
 Reference value :  1.08825e-08
 Reference value :  1.08975e-08
 Reference value :  1.09125e-08
 Reference value :  1.09325e-08
 Reference value :  1.09475e-08
 Reference value :  1.09675e-08
 Reference value :  1.09825e-08
 Reference value :  1.10025e-08
 Reference value :  1.10175e-08
 Reference value :  1.10375e-08
 Reference value :  1.10575e-08
 Reference value :  1.10775e-08
 Reference value :  1.10975e-08
 Reference value :  1.11175e-08
 Reference value :  1.11325e-08
 Reference value :  1.11525e-08
 Reference value :  1.11675e-08
 Reference value :  1.11875e-08
 Reference value :  1.12025e-08
 Reference value :  1.12175e-08
 Reference value :  1.12325e-08
 Reference value :  1.12475e-08
 Reference value :  1.12725e-08
 Reference value :  1.12875e-08
 Reference value :  1.13025e-08
 Reference value :  1.13175e-08
 Reference value :  1.13325e-08
 Reference value :  1.13475e-08
 Reference value :  1.13675e-08
 Reference value :  1.13875e-08
 Reference value :  1.14075e-08
 Reference value :  1.14225e-08
 Reference value :  1.14425e-08
 Reference value :  1.14675e-08
 Reference value :  1.14875e-08
 Reference value :  1.15075e-08
 Reference value :  1.15225e-08
 Reference value :  1.15425e-08
 Reference value :  1.15625e-08
 Reference value :  1.15775e-08
 Reference value :  1.15925e-08
 Reference value :  1.16075e-08
 Reference value :  1.16225e-08
 Reference value :  1.16375e-08
 Reference value :  1.16525e-08
 Reference value :  1.16675e-08
 Reference value :  1.16875e-08
 Reference value :  1.17075e-08
 Reference value :  1.17275e-08
 Reference value :  1.17425e-08
 Reference value :  1.17575e-08
 Reference value :  1.17775e-08
 Reference value :  1.17925e-08
 Reference value :  1.18125e-08
 Reference value :  1.18275e-08
 Reference value :  1.18475e-08
 Reference value :  1.18625e-08
 Reference value :  1.18825e-08
 Reference value :  1.19025e-08
 Reference value :  1.19225e-08
 Reference value :  1.19425e-08
 Reference value :  1.19625e-08
 Reference value :  1.19775e-08
 Reference value :  1.19975e-08
 Reference value :  1.20125e-08
 Reference value :  1.20325e-08
 Reference value :  1.20475e-08
 Reference value :  1.20625e-08
 Reference value :  1.20775e-08
 Reference value :  1.20925e-08
 Reference value :  1.21125e-08
 Reference value :  1.21325e-08
 Reference value :  1.21525e-08
 Reference value :  1.21675e-08
 Reference value :  1.21875e-08
 Reference value :  1.22025e-08
 Reference value :  1.22225e-08
 Reference value :  1.22375e-08
 Reference value :  1.22575e-08
 Reference value :  1.22775e-08
 Reference value :  1.22975e-08
 Reference value :  1.23175e-08
 Reference value :  1.23325e-08
 Reference value :  1.23475e-08
 Reference value :  1.23675e-08
 Reference value :  1.23825e-08
 Reference value :  1.23975e-08
 Reference value :  1.24125e-08
 Reference value :  1.24275e-08
 Reference value :  1.24475e-08
 Reference value :  1.24675e-08
 Reference value :  1.24875e-08
 Reference value :  1.25075e-08
 Reference value :  1.25275e-08
 Reference value :  1.25425e-08
 Reference value :  1.25625e-08
 Reference value :  1.25825e-08
 Reference value :  1.25975e-08
 Reference value :  1.26175e-08
 Reference value :  1.26375e-08
 Reference value :  1.26575e-08
 Reference value :  1.26725e-08
 Reference value :  1.26875e-08
 Reference value :  1.27025e-08
 Reference value :  1.27175e-08
 Reference value :  1.27325e-08
 Reference value :  1.27475e-08
 Reference value :  1.27625e-08
 Reference value :  1.27825e-08
 Reference value :  1.27975e-08
 Reference value :  1.28125e-08
 Reference value :  1.28275e-08
 Reference value :  1.28425e-08
 Reference value :  1.28625e-08
 Reference value :  1.28825e-08
 Reference value :  1.28975e-08
 Reference value :  1.29125e-08
 Reference value :  1.29325e-08
 Reference value :  1.29475e-08
 Reference value :  1.29675e-08
 Reference value :  1.29875e-08
 Reference value :  1.30075e-08
 Reference value :  1.30225e-08
 Reference value :  1.30375e-08
 Reference value :  1.30575e-08
 Reference value :  1.30775e-08
 Reference value :  1.30975e-08
 Reference value :  1.31125e-08
 Reference value :  1.31275e-08
 Reference value :  1.31475e-08
 Reference value :  1.31675e-08
 Reference value :  1.31925e-08
 Reference value :  1.32125e-08
 Reference value :  1.32275e-08
 Reference value :  1.32475e-08
 Reference value :  1.32625e-08
 Reference value :  1.32825e-08
 Reference value :  1.32975e-08
 Reference value :  1.33175e-08
 Reference value :  1.33375e-08
 Reference value :  1.33575e-08
 Reference value :  1.33725e-08
 Reference value :  1.33875e-08
 Reference value :  1.34025e-08
 Reference value :  1.34225e-08
 Reference value :  1.34375e-08
 Reference value :  1.34575e-08
 Reference value :  1.34725e-08
 Reference value :  1.34925e-08
 Reference value :  1.35075e-08
 Reference value :  1.35225e-08
 Reference value :  1.35375e-08
 Reference value :  1.35525e-08
 Reference value :  1.35725e-08
 Reference value :  1.35875e-08
 Reference value :  1.36075e-08
 Reference value :  1.36225e-08
 Reference value :  1.36375e-08
 Reference value :  1.36575e-08
 Reference value :  1.36725e-08
 Reference value :  1.36875e-08
 Reference value :  1.37025e-08
 Reference value :  1.37225e-08
 Reference value :  1.37375e-08
 Reference value :  1.37575e-08
 Reference value :  1.37775e-08
 Reference value :  1.37975e-08
 Reference value :  1.38175e-08
 Reference value :  1.38375e-08
 Reference value :  1.38575e-08
 Reference value :  1.38775e-08
 Reference value :  1.38975e-08
 Reference value :  1.39125e-08
 Reference value :  1.39325e-08
 Reference value :  1.39525e-08
 Reference value :  1.39725e-08
 Reference value :  1.39875e-08
 Reference value :  1.40025e-08
 Reference value :  1.40225e-08
 Reference value :  1.40375e-08
 Reference value :  1.40575e-08
 Reference value :  1.40775e-08
 Reference value :  1.40975e-08
 Reference value :  1.41175e-08
 Reference value :  1.41375e-08
 Reference value :  1.41575e-08
 Reference value :  1.41775e-08
 Reference value :  1.41975e-08
 Reference value :  1.42125e-08
 Reference value :  1.42325e-08
 Reference value :  1.42475e-08
 Reference value :  1.42675e-08
 Reference value :  1.42875e-08
 Reference value :  1.43075e-08
 Reference value :  1.43225e-08
 Reference value :  1.43425e-08
 Reference value :  1.43575e-08
 Reference value :  1.43725e-08
 Reference value :  1.43925e-08
 Reference value :  1.44125e-08
 Reference value :  1.44275e-08
 Reference value :  1.44475e-08
 Reference value :  1.44725e-08
 Reference value :  1.44925e-08
 Reference value :  1.45075e-08
 Reference value :  1.45275e-08
 Reference value :  1.45475e-08
 Reference value :  1.45625e-08
 Reference value :  1.45825e-08
 Reference value :  1.46025e-08
 Reference value :  1.46175e-08
 Reference value :  1.46375e-08
 Reference value :  1.46575e-08
 Reference value :  1.46775e-08
 Reference value :  1.46975e-08
 Reference value :  1.47175e-08
 Reference value :  1.47375e-08
 Reference value :  1.47575e-08
 Reference value :  1.47725e-08
 Reference value :  1.47925e-08
 Reference value :  1.48125e-08
 Reference value :  1.48275e-08
 Reference value :  1.48475e-08
 Reference value :  1.48625e-08
 Reference value :  1.48825e-08
 Reference value :  1.48975e-08
 Reference value :  1.49175e-08
 Reference value :  1.49325e-08
 Reference value :  1.49475e-08
 Reference value :  1.49675e-08
 Reference value :  1.49875e-08
 Reference value :  1.50025e-08
 Reference value :  1.50225e-08
 Reference value :  1.50425e-08
 Reference value :  1.50625e-08
 Reference value :  1.50775e-08
 Reference value :  1.50975e-08
 Reference value :  1.51175e-08
 Reference value :  1.51375e-08
 Reference value :  1.51525e-08
 Reference value :  1.51675e-08
 Reference value :  1.51825e-08
 Reference value :  1.51975e-08
 Reference value :  1.52175e-08
 Reference value :  1.52375e-08
 Reference value :  1.52525e-08
 Reference value :  1.52725e-08
 Reference value :  1.52925e-08
 Reference value :  1.53075e-08
 Reference value :  1.53325e-08
 Reference value :  1.53475e-08
 Reference value :  1.53675e-08
 Reference value :  1.53875e-08
 Reference value :  1.54075e-08
 Reference value :  1.54225e-08
 Reference value :  1.54375e-08
 Reference value :  1.54575e-08
 Reference value :  1.54775e-08
 Reference value :  1.55025e-08
 Reference value :  1.55175e-08
 Reference value :  1.55375e-08
 Reference value :  1.55575e-08
 Reference value :  1.55725e-08
 Reference value :  1.55925e-08
 Reference value :  1.56125e-08
 Reference value :  1.56275e-08
 Reference value :  1.56425e-08
 Reference value :  1.56575e-08
 Reference value :  1.56775e-08
 Reference value :  1.56975e-08
 Reference value :  1.57125e-08
 Reference value :  1.57275e-08
 Reference value :  1.57475e-08
 Reference value :  1.57625e-08
 Reference value :  1.57775e-08
 Reference value :  1.57975e-08
 Reference value :  1.58175e-08
 Reference value :  1.58375e-08
 Reference value :  1.58525e-08
 Reference value :  1.58675e-08
 Reference value :  1.58825e-08
 Reference value :  1.58975e-08
 Reference value :  1.59125e-08
 Reference value :  1.59325e-08
 Reference value :  1.59525e-08
 Reference value :  1.59675e-08
 Reference value :  1.59825e-08
 Reference value :  1.60025e-08
 Reference value :  1.60175e-08
 Reference value :  1.60325e-08
 Reference value :  1.60525e-08
 Reference value :  1.60675e-08
 Reference value :  1.60875e-08
 Reference value :  1.61025e-08
 Reference value :  1.61225e-08
 Reference value :  1.61375e-08
 Reference value :  1.61575e-08
 Reference value :  1.61825e-08
 Reference value :  1.61975e-08
 Reference value :  1.62175e-08
 Reference value :  1.62325e-08
 Reference value :  1.62525e-08
 Reference value :  1.62725e-08
 Reference value :  1.62875e-08
 Reference value :  1.63075e-08
 Reference value :  1.63275e-08
 Reference value :  1.63425e-08
 Reference value :  1.63625e-08
 Reference value :  1.63825e-08
 Reference value :  1.63975e-08
 Reference value :  1.64125e-08
 Reference value :  1.64275e-08
 Reference value :  1.64425e-08
 Reference value :  1.64575e-08
 Reference value :  1.64775e-08
 Reference value :  1.64975e-08
 Reference value :  1.65125e-08
 Reference value :  1.65275e-08
 Reference value :  1.65475e-08
 Reference value :  1.65675e-08
 Reference value :  1.65875e-08
 Reference value :  1.66075e-08
 Reference value :  1.66275e-08
 Reference value :  1.66425e-08
 Reference value :  1.66625e-08
 Reference value :  1.66825e-08
 Reference value :  1.67025e-08
 Reference value :  1.67175e-08
 Reference value :  1.67375e-08
 Reference value :  1.67575e-08
 Reference value :  1.67775e-08
 Reference value :  1.67975e-08
 Reference value :  1.68175e-08
 Reference value :  1.68375e-08
 Reference value :  1.68575e-08
 Reference value :  1.68725e-08
 Reference value :  1.68925e-08
 Reference value :  1.69075e-08
 Reference value :  1.69225e-08
 Reference value :  1.69425e-08
 Reference value :  1.69625e-08
 Reference value :  1.69825e-08
 Reference value :  1.70025e-08
 Reference value :  1.70225e-08
 Reference value :  1.70375e-08
 Reference value :  1.70525e-08
 Reference value :  1.70725e-08
 Reference value :  1.70875e-08
 Reference value :  1.71075e-08
 Reference value :  1.71275e-08
 Reference value :  1.71475e-08
 Reference value :  1.71675e-08
 Reference value :  1.71875e-08
 Reference value :  1.72125e-08
 Reference value :  1.72275e-08
 Reference value :  1.72475e-08
 Reference value :  1.72675e-08
 Reference value :  1.72875e-08
 Reference value :  1.73075e-08
 Reference value :  1.73275e-08
 Reference value :  1.73475e-08
 Reference value :  1.73625e-08
 Reference value :  1.73825e-08
 Reference value :  1.74025e-08
 Reference value :  1.74225e-08
 Reference value :  1.74475e-08
 Reference value :  1.74675e-08
 Reference value :  1.74825e-08
 Reference value :  1.75025e-08
 Reference value :  1.75225e-08
 Reference value :  1.75375e-08
 Reference value :  1.75525e-08
 Reference value :  1.75725e-08
 Reference value :  1.75875e-08
 Reference value :  1.76025e-08
 Reference value :  1.76225e-08
 Reference value :  1.76425e-08
 Reference value :  1.76575e-08
 Reference value :  1.76725e-08
 Reference value :  1.76925e-08
 Reference value :  1.77125e-08
 Reference value :  1.77275e-08
 Reference value :  1.77475e-08
 Reference value :  1.77625e-08
 Reference value :  1.77775e-08
 Reference value :  1.77925e-08
 Reference value :  1.78175e-08
 Reference value :  1.78375e-08
 Reference value :  1.78525e-08
 Reference value :  1.78725e-08
 Reference value :  1.78925e-08
 Reference value :  1.79125e-08
 Reference value :  1.79275e-08
 Reference value :  1.79425e-08
 Reference value :  1.79625e-08
 Reference value :  1.79825e-08
 Reference value :  1.80025e-08
 Reference value :  1.80225e-08
 Reference value :  1.80425e-08
 Reference value :  1.80625e-08
 Reference value :  1.80825e-08
 Reference value :  1.81025e-08
 Reference value :  1.81175e-08
 Reference value :  1.81375e-08
 Reference value :  1.81525e-08
 Reference value :  1.81725e-08
 Reference value :  1.81925e-08
 Reference value :  1.82125e-08
 Reference value :  1.82375e-08
 Reference value :  1.82625e-08
 Reference value :  1.82825e-08
 Reference value :  1.83075e-08
 Reference value :  1.83225e-08
 Reference value :  1.83425e-08
 Reference value :  1.83625e-08
 Reference value :  1.83825e-08
 Reference value :  1.84025e-08
 Reference value :  1.84275e-08
 Reference value :  1.84425e-08
 Reference value :  1.84625e-08
 Reference value :  1.84775e-08
 Reference value :  1.84975e-08
 Reference value :  1.85125e-08
 Reference value :  1.85275e-08
 Reference value :  1.85475e-08
 Reference value :  1.85725e-08
 Reference value :  1.85875e-08
 Reference value :  1.86025e-08
 Reference value :  1.86175e-08
 Reference value :  1.86375e-08
 Reference value :  1.86525e-08
 Reference value :  1.86675e-08
 Reference value :  1.86875e-08
 Reference value :  1.87075e-08
 Reference value :  1.87225e-08
 Reference value :  1.87425e-08
 Reference value :  1.87575e-08
 Reference value :  1.87775e-08
 Reference value :  1.87975e-08
 Reference value :  1.88125e-08
 Reference value :  1.88275e-08
 Reference value :  1.88425e-08
 Reference value :  1.88625e-08
 Reference value :  1.88825e-08
 Reference value :  1.88975e-08
 Reference value :  1.89175e-08
 Reference value :  1.89325e-08
 Reference value :  1.89525e-08
 Reference value :  1.89725e-08
 Reference value :  1.89875e-08
 Reference value :  1.90075e-08
 Reference value :  1.90225e-08
 Reference value :  1.90425e-08
 Reference value :  1.90625e-08
 Reference value :  1.90775e-08
 Reference value :  1.90975e-08
 Reference value :  1.91175e-08
 Reference value :  1.91375e-08
 Reference value :  1.91575e-08
 Reference value :  1.91775e-08
 Reference value :  1.92025e-08
 Reference value :  1.92225e-08
 Reference value :  1.92425e-08
 Reference value :  1.92625e-08
 Reference value :  1.92825e-08
 Reference value :  1.93025e-08
 Reference value :  1.93225e-08
 Reference value :  1.93425e-08
 Reference value :  1.93625e-08
 Reference value :  1.93825e-08
 Reference value :  1.94025e-08
 Reference value :  1.94225e-08
 Reference value :  1.94425e-08
 Reference value :  1.94625e-08
 Reference value :  1.94825e-08
 Reference value :  1.95025e-08
 Reference value :  1.95175e-08
 Reference value :  1.95325e-08
 Reference value :  1.95525e-08
 Reference value :  1.95675e-08
 Reference value :  1.95875e-08
 Reference value :  1.96075e-08
 Reference value :  1.96225e-08
 Reference value :  1.96375e-08
 Reference value :  1.96525e-08
 Reference value :  1.96725e-08
 Reference value :  1.96875e-08
 Reference value :  1.97025e-08
 Reference value :  1.97225e-08
 Reference value :  1.97425e-08
 Reference value :  1.97575e-08
 Reference value :  1.97725e-08
 Reference value :  1.97875e-08
 Reference value :  1.98025e-08
 Reference value :  1.98175e-08
 Reference value :  1.98325e-08
 Reference value :  1.98525e-08
 Reference value :  1.98725e-08
 Reference value :  1.98925e-08
 Reference value :  1.99125e-08
 Reference value :  1.99325e-08
 Reference value :  1.99525e-08
 Reference value :  1.99725e-08
 Reference value :  1.99925e-08
 Reference value :  2.00125e-08
 Reference value :  2.00275e-08
 Reference value :  2.00425e-08
 Reference value :  2.00625e-08
 Reference value :  2.00775e-08
 Reference value :  2.00975e-08
 Reference value :  2.01175e-08
 Reference value :  2.01375e-08
 Reference value :  2.01575e-08
 Reference value :  2.01775e-08
 Reference value :  2.01925e-08
 Reference value :  2.02175e-08
 Reference value :  2.02375e-08
 Reference value :  2.02525e-08
 Reference value :  2.02725e-08
 Reference value :  2.02925e-08
 Reference value :  2.03125e-08
 Reference value :  2.03325e-08
 Reference value :  2.03525e-08
 Reference value :  2.03725e-08
 Reference value :  2.03875e-08
 Reference value :  2.04075e-08
 Reference value :  2.04225e-08
 Reference value :  2.04425e-08
 Reference value :  2.04625e-08
 Reference value :  2.04775e-08
 Reference value :  2.04925e-08
 Reference value :  2.05125e-08
 Reference value :  2.05325e-08
 Reference value :  2.05525e-08
 Reference value :  2.05725e-08
 Reference value :  2.05975e-08
 Reference value :  2.06175e-08
 Reference value :  2.06375e-08
 Reference value :  2.06625e-08
 Reference value :  2.06775e-08
 Reference value :  2.06925e-08
 Reference value :  2.07125e-08
 Reference value :  2.07325e-08
 Reference value :  2.07525e-08
 Reference value :  2.07675e-08
 Reference value :  2.07825e-08
 Reference value :  2.07975e-08
 Reference value :  2.08175e-08
 Reference value :  2.08375e-08
 Reference value :  2.08575e-08
 Reference value :  2.08725e-08
 Reference value :  2.08925e-08
 Reference value :  2.09125e-08
 Reference value :  2.09325e-08
 Reference value :  2.09475e-08
 Reference value :  2.09675e-08
 Reference value :  2.09875e-08
 Reference value :  2.10025e-08
 Reference value :  2.10225e-08
 Reference value :  2.10375e-08
 Reference value :  2.10525e-08
 Reference value :  2.10675e-08
 Reference value :  2.10875e-08
 Reference value :  2.11075e-08
 Reference value :  2.11225e-08
 Reference value :  2.11425e-08
 Reference value :  2.11575e-08
 Reference value :  2.11725e-08
 Reference value :  2.11875e-08
 Reference value :  2.12075e-08
 Reference value :  2.12225e-08
 Reference value :  2.12425e-08
 Reference value :  2.12625e-08
 Reference value :  2.12825e-08
 Reference value :  2.13025e-08
 Reference value :  2.13175e-08
 Reference value :  2.13325e-08
 Reference value :  2.13525e-08
 Reference value :  2.13675e-08
 Reference value :  2.13875e-08
 Reference value :  2.14075e-08
 Reference value :  2.14225e-08
 Reference value :  2.14425e-08
 Reference value :  2.14625e-08
 Reference value :  2.14825e-08
 Reference value :  2.15025e-08
 Reference value :  2.15175e-08
 Reference value :  2.15375e-08
 Reference value :  2.15525e-08
 Reference value :  2.15725e-08
 Reference value :  2.15875e-08
 Reference value :  2.16025e-08
 Reference value :  2.16225e-08
 Reference value :  2.16425e-08
 Reference value :  2.16625e-08
 Reference value :  2.16825e-08
 Reference value :  2.17025e-08
 Reference value :  2.17225e-08
 Reference value :  2.17375e-08
 Reference value :  2.17575e-08
 Reference value :  2.17775e-08
 Reference value :  2.17925e-08
 Reference value :  2.18075e-08
 Reference value :  2.18225e-08
 Reference value :  2.18425e-08
 Reference value :  2.18625e-08
 Reference value :  2.18825e-08
 Reference value :  2.18975e-08
 Reference value :  2.19175e-08
 Reference value :  2.19375e-08
 Reference value :  2.19525e-08
 Reference value :  2.19725e-08
 Reference value :  2.19925e-08
 Reference value :  2.20125e-08
 Reference value :  2.20325e-08
 Reference value :  2.20475e-08
 Reference value :  2.20675e-08
 Reference value :  2.20875e-08
 Reference value :  2.21075e-08
 Reference value :  2.21275e-08
 Reference value :  2.21475e-08
 Reference value :  2.21675e-08
 Reference value :  2.21925e-08
 Reference value :  2.22125e-08
 Reference value :  2.22275e-08
 Reference value :  2.22475e-08
 Reference value :  2.22675e-08
 Reference value :  2.22825e-08
 Reference value :  2.22975e-08
 Reference value :  2.23175e-08
 Reference value :  2.23325e-08
 Reference value :  2.23525e-08
 Reference value :  2.23725e-08
 Reference value :  2.23925e-08
 Reference value :  2.24125e-08
 Reference value :  2.24275e-08
 Reference value :  2.24475e-08
 Reference value :  2.24675e-08
 Reference value :  2.24825e-08
 Reference value :  2.25025e-08
 Reference value :  2.25225e-08
 Reference value :  2.25425e-08
 Reference value :  2.25625e-08
 Reference value :  2.25825e-08
 Reference value :  2.25975e-08
 Reference value :  2.26125e-08
 Reference value :  2.26325e-08
 Reference value :  2.26475e-08
 Reference value :  2.26625e-08
 Reference value :  2.26825e-08
 Reference value :  2.27025e-08
 Reference value :  2.27225e-08
 Reference value :  2.27425e-08
 Reference value :  2.27625e-08
 Reference value :  2.27825e-08
 Reference value :  2.28025e-08
 Reference value :  2.28175e-08
 Reference value :  2.28325e-08
 Reference value :  2.28525e-08
 Reference value :  2.28725e-08
 Reference value :  2.28875e-08
 Reference value :  2.29075e-08
 Reference value :  2.29275e-08
 Reference value :  2.29475e-08
 Reference value :  2.29675e-08
 Reference value :  2.29825e-08
 Reference value :  2.30025e-08
 Reference value :  2.30225e-08
 Reference value :  2.30425e-08
 Reference value :  2.30625e-08
 Reference value :  2.30825e-08
 Reference value :  2.31025e-08
 Reference value :  2.31225e-08
 Reference value :  2.31375e-08
 Reference value :  2.31525e-08
 Reference value :  2.31675e-08
 Reference value :  2.31875e-08
 Reference value :  2.32075e-08
 Reference value :  2.32225e-08
 Reference value :  2.32425e-08
 Reference value :  2.32575e-08
 Reference value :  2.32725e-08
 Reference value :  2.32875e-08
 Reference value :  2.33075e-08
 Reference value :  2.33225e-08
 Reference value :  2.33425e-08
 Reference value :  2.33625e-08
 Reference value :  2.33775e-08
 Reference value :  2.33975e-08
 Reference value :  2.34125e-08
 Reference value :  2.34325e-08
 Reference value :  2.34525e-08
 Reference value :  2.34675e-08
 Reference value :  2.34825e-08
 Reference value :  2.35025e-08
 Reference value :  2.35175e-08
 Reference value :  2.35375e-08
 Reference value :  2.35575e-08
 Reference value :  2.35775e-08
 Reference value :  2.35975e-08
 Reference value :  2.36125e-08
 Reference value :  2.36325e-08
 Reference value :  2.36475e-08
 Reference value :  2.36625e-08
 Reference value :  2.36875e-08
 Reference value :  2.37025e-08
 Reference value :  2.37175e-08
 Reference value :  2.37375e-08
 Reference value :  2.37575e-08
 Reference value :  2.37775e-08
 Reference value :  2.37975e-08
 Reference value :  2.38175e-08
 Reference value :  2.38375e-08
 Reference value :  2.38575e-08
 Reference value :  2.38725e-08
 Reference value :  2.38875e-08
 Reference value :  2.39075e-08
 Reference value :  2.39275e-08
 Reference value :  2.39425e-08
 Reference value :  2.39625e-08
 Reference value :  2.39775e-08
 Reference value :  2.39975e-08
 Reference value :  2.40125e-08
 Reference value :  2.40275e-08
 Reference value :  2.40425e-08
 Reference value :  2.40575e-08
 Reference value :  2.40725e-08
 Reference value :  2.40925e-08
 Reference value :  2.41125e-08
 Reference value :  2.41275e-08
 Reference value :  2.41475e-08
 Reference value :  2.41675e-08
 Reference value :  2.41825e-08
 Reference value :  2.42075e-08
 Reference value :  2.42275e-08
 Reference value :  2.42425e-08
 Reference value :  2.42575e-08
 Reference value :  2.42775e-08
 Reference value :  2.42975e-08
 Reference value :  2.43175e-08
 Reference value :  2.43375e-08
 Reference value :  2.43575e-08
 Reference value :  2.43825e-08
 Reference value :  2.44025e-08
 Reference value :  2.44175e-08
 Reference value :  2.44325e-08
 Reference value :  2.44525e-08
 Reference value :  2.44725e-08
 Reference value :  2.44875e-08
 Reference value :  2.45075e-08
 Reference value :  2.45275e-08
 Reference value :  2.45475e-08
 Reference value :  2.45625e-08
 Reference value :  2.45825e-08
 Reference value :  2.46025e-08
 Reference value :  2.46175e-08
 Reference value :  2.46325e-08
 Reference value :  2.46475e-08
 Reference value :  2.46675e-08
 Reference value :  2.46875e-08
 Reference value :  2.47025e-08
 Reference value :  2.47175e-08
 Reference value :  2.47375e-08
 Reference value :  2.47525e-08
 Reference value :  2.47675e-08
 Reference value :  2.47875e-08
 Reference value :  2.48025e-08
 Reference value :  2.48175e-08
 Reference value :  2.48375e-08
 Reference value :  2.48525e-08
 Reference value :  2.48725e-08
 Reference value :  2.48925e-08
 Reference value :  2.49125e-08
 Reference value :  2.49325e-08
 Reference value :  2.49525e-08
 Reference value :  2.49725e-08
 Reference value :  2.49925e-08
 Reference value :  2.50125e-08
 Reference value :  2.50325e-08
 Reference value :  2.50525e-08
 Reference value :  2.50675e-08
 Reference value :  2.50825e-08
 Reference value :  2.50975e-08
 Reference value :  2.51225e-08
 Reference value :  2.51375e-08
 Reference value :  2.51575e-08
 Reference value :  2.51775e-08
 Reference value :  2.51975e-08
 Reference value :  2.52125e-08
 Reference value :  2.52325e-08
 Reference value :  2.52525e-08
 Reference value :  2.52725e-08
 Reference value :  2.52925e-08
 Reference value :  2.53075e-08
 Reference value :  2.53275e-08
 Reference value :  2.53475e-08
 Reference value :  2.53675e-08
 Reference value :  2.53825e-08
 Reference value :  2.53975e-08
 Reference value :  2.54175e-08
 Reference value :  2.54375e-08
 Reference value :  2.54525e-08
 Reference value :  2.54675e-08
 Reference value :  2.54825e-08
 Reference value :  2.55025e-08
 Reference value :  2.55175e-08
 Reference value :  2.55375e-08
 Reference value :  2.55575e-08
 Reference value :  2.55725e-08
 Reference value :  2.55875e-08
 Reference value :  2.56075e-08
 Reference value :  2.56225e-08
 Reference value :  2.56375e-08
 Reference value :  2.56525e-08
 Reference value :  2.56725e-08
 Reference value :  2.56925e-08
 Reference value :  2.57075e-08
 Reference value :  2.57275e-08
 Reference value :  2.57425e-08
 Reference value :  2.57575e-08
 Reference value :  2.57725e-08
 Reference value :  2.57875e-08
 Reference value :  2.58025e-08
 Reference value :  2.58225e-08
 Reference value :  2.58425e-08
 Reference value :  2.58625e-08
 Reference value :  2.58775e-08
 Reference value :  2.58975e-08
 Reference value :  2.59175e-08
 Reference value :  2.59375e-08
 Reference value :  2.59575e-08
 Reference value :  2.59725e-08
 Reference value :  2.59875e-08
 Reference value :  2.60075e-08
 Reference value :  2.60225e-08
 Reference value :  2.60425e-08
 Reference value :  2.60575e-08
 Reference value :  2.60775e-08
 Reference value :  2.60925e-08
 Reference value :  2.61075e-08
 Reference value :  2.61225e-08
 Reference value :  2.61375e-08
 Reference value :  2.61525e-08
 Reference value :  2.61725e-08
 Reference value :  2.61925e-08
 Reference value :  2.62125e-08
 Reference value :  2.62325e-08
 Reference value :  2.62525e-08
 Reference value :  2.62675e-08
 Reference value :  2.62875e-08
 Reference value :  2.63075e-08
 Reference value :  2.63275e-08
 Reference value :  2.63475e-08
 Reference value :  2.63625e-08
 Reference value :  2.63825e-08
 Reference value :  2.64025e-08
 Reference value :  2.64175e-08
 Reference value :  2.64375e-08
 Reference value :  2.64575e-08
 Reference value :  2.64725e-08
 Reference value :  2.64925e-08
 Reference value :  2.65125e-08
 Reference value :  2.65275e-08
 Reference value :  2.65425e-08
 Reference value :  2.65575e-08
 Reference value :  2.65775e-08
 Reference value :  2.65925e-08
 Reference value :  2.66075e-08
 Reference value :  2.66275e-08
 Reference value :  2.66425e-08
 Reference value :  2.66625e-08
 Reference value :  2.66775e-08
 Reference value :  2.67025e-08
 Reference value :  2.67175e-08
 Reference value :  2.67375e-08
 Reference value :  2.67525e-08
 Reference value :  2.67725e-08
 Reference value :  2.67925e-08
 Reference value :  2.68175e-08
 Reference value :  2.68375e-08
 Reference value :  2.68575e-08
 Reference value :  2.68725e-08
 Reference value :  2.68875e-08
 Reference value :  2.69025e-08
 Reference value :  2.69175e-08
 Reference value :  2.69325e-08
 Reference value :  2.69525e-08
 Reference value :  2.69675e-08
 Reference value :  2.69875e-08
 Reference value :  2.70075e-08
 Reference value :  2.70275e-08
 Reference value :  2.70475e-08
 Reference value :  2.70725e-08
 Reference value :  2.70875e-08
 Reference value :  2.71075e-08
 Reference value :  2.71225e-08
 Reference value :  2.71425e-08
 Reference value :  2.71625e-08
 Reference value :  2.71825e-08
 Reference value :  2.71975e-08
 Reference value :  2.72175e-08
 Reference value :  2.72325e-08
 Reference value :  2.72475e-08
 Reference value :  2.72675e-08
 Reference value :  2.72825e-08
 Reference value :  2.73025e-08
 Reference value :  2.73175e-08
 Reference value :  2.73325e-08
 Reference value :  2.73525e-08
 Reference value :  2.73675e-08
 Reference value :  2.73825e-08
 Reference value :  2.74025e-08
 Reference value :  2.74225e-08
 Reference value :  2.74375e-08
 Reference value :  2.74575e-08
 Reference value :  2.74775e-08
 Reference value :  2.74975e-08
 Reference value :  2.75175e-08
 Reference value :  2.75325e-08
 Reference value :  2.75575e-08
 Reference value :  2.75775e-08
 Reference value :  2.75975e-08
 Reference value :  2.76125e-08
 Reference value :  2.76275e-08
 Reference value :  2.76425e-08
 Reference value :  2.76575e-08
 Reference value :  2.76725e-08
 Reference value :  2.76875e-08
 Reference value :  2.77075e-08
 Reference value :  2.77275e-08
 Reference value :  2.77475e-08
 Reference value :  2.77625e-08
 Reference value :  2.77825e-08
 Reference value :  2.78025e-08
 Reference value :  2.78175e-08
 Reference value :  2.78325e-08
 Reference value :  2.78525e-08
 Reference value :  2.78725e-08
 Reference value :  2.78925e-08
 Reference value :  2.79125e-08
 Reference value :  2.79375e-08
 Reference value :  2.79575e-08
 Reference value :  2.79775e-08
 Reference value :  2.79975e-08
 Reference value :  2.80175e-08
 Reference value :  2.80375e-08
 Reference value :  2.80525e-08
 Reference value :  2.80725e-08
 Reference value :  2.80875e-08
 Reference value :  2.81025e-08
 Reference value :  2.81225e-08
 Reference value :  2.81425e-08
 Reference value :  2.81575e-08
 Reference value :  2.81775e-08
 Reference value :  2.81975e-08
 Reference value :  2.82125e-08
 Reference value :  2.82325e-08
 Reference value :  2.82525e-08
 Reference value :  2.82675e-08
 Reference value :  2.82875e-08
 Reference value :  2.83075e-08
 Reference value :  2.83225e-08
 Reference value :  2.83425e-08
 Reference value :  2.83625e-08
 Reference value :  2.83825e-08
 Reference value :  2.84025e-08
 Reference value :  2.84175e-08
 Reference value :  2.84325e-08
 Reference value :  2.84525e-08
 Reference value :  2.84725e-08
 Reference value :  2.84925e-08
 Reference value :  2.85125e-08
 Reference value :  2.85325e-08
 Reference value :  2.85525e-08
 Reference value :  2.85675e-08
 Reference value :  2.85875e-08
 Reference value :  2.86075e-08
 Reference value :  2.86275e-08
 Reference value :  2.86475e-08
 Reference value :  2.86675e-08
 Reference value :  2.86825e-08
 Reference value :  2.86975e-08
 Reference value :  2.87125e-08
 Reference value :  2.87325e-08
 Reference value :  2.87525e-08
 Reference value :  2.87675e-08
 Reference value :  2.87875e-08
 Reference value :  2.88075e-08
 Reference value :  2.88275e-08
 Reference value :  2.88425e-08
 Reference value :  2.88575e-08
 Reference value :  2.88725e-08
 Reference value :  2.88875e-08
 Reference value :  2.89025e-08
 Reference value :  2.89175e-08
 Reference value :  2.89325e-08
 Reference value :  2.89525e-08
 Reference value :  2.89675e-08
 Reference value :  2.89875e-08
 Reference value :  2.90075e-08
 Reference value :  2.90225e-08
 Reference value :  2.90425e-08
 Reference value :  2.90625e-08
 Reference value :  2.90825e-08
 Reference value :  2.91025e-08
 Reference value :  2.91225e-08
 Reference value :  2.91475e-08
 Reference value :  2.91675e-08
 Reference value :  2.91875e-08
 Reference value :  2.92025e-08
 Reference value :  2.92175e-08
 Reference value :  2.92375e-08
 Reference value :  2.92525e-08
 Reference value :  2.92675e-08
 Reference value :  2.92825e-08
 Reference value :  2.92975e-08
 Reference value :  2.93125e-08
 Reference value :  2.93275e-08
 Reference value :  2.93475e-08
 Reference value :  2.93625e-08
 Reference value :  2.93825e-08
 Reference value :  2.94025e-08
 Reference value :  2.94225e-08
 Reference value :  2.94375e-08
 Reference value :  2.94575e-08
 Reference value :  2.94775e-08
 Reference value :  2.94975e-08
 Reference value :  2.95125e-08
 Reference value :  2.95375e-08
 Reference value :  2.95575e-08
 Reference value :  2.95775e-08
 Reference value :  2.95925e-08
 Reference value :  2.96075e-08
 Reference value :  2.96275e-08
 Reference value :  2.96425e-08
 Reference value :  2.96575e-08
 Reference value :  2.96725e-08
 Reference value :  2.96925e-08
 Reference value :  2.97075e-08
 Reference value :  2.97275e-08
 Reference value :  2.97475e-08
 Reference value :  2.97625e-08
 Reference value :  2.97775e-08
 Reference value :  2.97975e-08
 Reference value :  2.98175e-08
 Reference value :  2.98325e-08
 Reference value :  2.98475e-08
 Reference value :  2.98625e-08
 Reference value :  2.98775e-08
 Reference value :  2.98925e-08
 Reference value :  2.99075e-08
 Reference value :  2.99275e-08
 Reference value :  2.99475e-08
 Reference value :  2.99675e-08
 Reference value :  2.99875e-08
 Reference value :  3.00075e-08
 Reference value :  3.00275e-08
 Reference value :  3.00475e-08
 Reference value :  3.00675e-08
 Reference value :  3.00875e-08
 Reference value :  3.01025e-08
 Reference value :  3.01175e-08
 Reference value :  3.01325e-08
 Reference value :  3.01475e-08
 Reference value :  3.01625e-08
 Reference value :  3.01775e-08
 Reference value :  3.01925e-08
 Reference value :  3.02125e-08
 Reference value :  3.02275e-08
 Reference value :  3.02475e-08
 Reference value :  3.02625e-08
 Reference value :  3.02775e-08
 Reference value :  3.02975e-08
 Reference value :  3.03175e-08
 Reference value :  3.03325e-08
 Reference value :  3.03525e-08
 Reference value :  3.03675e-08
 Reference value :  3.03825e-08
 Reference value :  3.03975e-08
 Reference value :  3.04175e-08
 Reference value :  3.04325e-08
 Reference value :  3.04525e-08
 Reference value :  3.04725e-08
 Reference value :  3.04925e-08
 Reference value :  3.05075e-08
 Reference value :  3.05225e-08
 Reference value :  3.05375e-08
 Reference value :  3.05525e-08
 Reference value :  3.05725e-08
 Reference value :  3.05875e-08
 Reference value :  3.06075e-08
 Reference value :  3.06275e-08
 Reference value :  3.06475e-08
 Reference value :  3.06625e-08
 Reference value :  3.06775e-08
 Reference value :  3.06975e-08
 Reference value :  3.07175e-08
 Reference value :  3.07325e-08
 Reference value :  3.07475e-08
 Reference value :  3.07675e-08
 Reference value :  3.07825e-08
 Reference value :  3.07975e-08
 Reference value :  3.08175e-08
 Reference value :  3.08325e-08
 Reference value :  3.08525e-08
 Reference value :  3.08675e-08
 Reference value :  3.08825e-08
 Reference value :  3.09025e-08
 Reference value :  3.09225e-08
 Reference value :  3.09425e-08
 Reference value :  3.09625e-08
 Reference value :  3.09775e-08
 Reference value :  3.09975e-08
 Reference value :  3.10175e-08
 Reference value :  3.10325e-08
 Reference value :  3.10475e-08
 Reference value :  3.10725e-08
 Reference value :  3.10975e-08
 Reference value :  3.11175e-08
 Reference value :  3.11325e-08
 Reference value :  3.11525e-08
 Reference value :  3.11675e-08
 Reference value :  3.11875e-08
 Reference value :  3.12075e-08
 Reference value :  3.12275e-08
 Reference value :  3.12425e-08
 Reference value :  3.12575e-08
 Reference value :  3.12725e-08
 Reference value :  3.12925e-08
 Reference value :  3.13125e-08
 Reference value :  3.13325e-08
 Reference value :  3.13475e-08
 Reference value :  3.13675e-08
 Reference value :  3.13825e-08
 Reference value :  3.14025e-08
 Reference value :  3.14175e-08
 Reference value :  3.14375e-08
 Reference value :  3.14525e-08
 Reference value :  3.14725e-08
 Reference value :  3.14925e-08
 Reference value :  3.15125e-08
 Reference value :  3.15325e-08
 Reference value :  3.15525e-08
 Reference value :  3.15725e-08
 Reference value :  3.15925e-08
 Reference value :  3.16125e-08
 Reference value :  3.16325e-08
 Reference value :  3.16575e-08
 Reference value :  3.16775e-08
 Reference value :  3.17025e-08
 Reference value :  3.17225e-08
 Reference value :  3.17425e-08
 Reference value :  3.17575e-08
 Reference value :  3.17775e-08
 Reference value :  3.17975e-08
 Reference value :  3.18175e-08
 Reference value :  3.18375e-08
 Reference value :  3.18525e-08
 Reference value :  3.18675e-08
 Reference value :  3.18825e-08
 Reference value :  3.19025e-08
 Reference value :  3.19225e-08
 Reference value :  3.19375e-08
 Reference value :  3.19525e-08
 Reference value :  3.19675e-08
 Reference value :  3.19875e-08
 Reference value :  3.20075e-08
 Reference value :  3.20275e-08
 Reference value :  3.20425e-08
 Reference value :  3.20625e-08
 Reference value :  3.20825e-08
 Reference value :  3.21075e-08
 Reference value :  3.21275e-08
 Reference value :  3.21425e-08
 Reference value :  3.21575e-08
 Reference value :  3.21775e-08
 Reference value :  3.21975e-08
 Reference value :  3.22125e-08
 Reference value :  3.22325e-08
 Reference value :  3.22525e-08
 Reference value :  3.22725e-08
 Reference value :  3.22925e-08
 Reference value :  3.23125e-08
 Reference value :  3.23325e-08
 Reference value :  3.23525e-08
 Reference value :  3.23675e-08
 Reference value :  3.23825e-08
 Reference value :  3.24025e-08
 Reference value :  3.24275e-08
 Reference value :  3.24475e-08
 Reference value :  3.24675e-08
 Reference value :  3.24875e-08
 Reference value :  3.25075e-08
 Reference value :  3.25275e-08
 Reference value :  3.25425e-08
 Reference value :  3.25625e-08
 Reference value :  3.25825e-08
 Reference value :  3.25975e-08
 Reference value :  3.26175e-08
 Reference value :  3.26325e-08
 Reference value :  3.26525e-08
 Reference value :  3.26675e-08
 Reference value :  3.26825e-08
 Reference value :  3.27025e-08
 Reference value :  3.27225e-08
 Reference value :  3.27425e-08
 Reference value :  3.27575e-08
 Reference value :  3.27775e-08
 Reference value :  3.27975e-08
 Reference value :  3.28225e-08
 Reference value :  3.28425e-08
 Reference value :  3.28625e-08
 Reference value :  3.28825e-08
 Reference value :  3.29025e-08
 Reference value :  3.29225e-08
 Reference value :  3.29475e-08
 Reference value :  3.29725e-08
 Reference value :  3.29925e-08
 Reference value :  3.30175e-08
 Reference value :  3.30375e-08
 Reference value :  3.30575e-08
 Reference value :  3.30775e-08
 Reference value :  3.30975e-08
 Reference value :  3.31175e-08
 Reference value :  3.31375e-08
 Reference value :  3.31575e-08
 Reference value :  3.31775e-08
 Reference value :  3.31975e-08
 Reference value :  3.32175e-08
 Reference value :  3.32375e-08
 Reference value :  3.32575e-08
 Reference value :  3.32725e-08
 Reference value :  3.32875e-08
 Reference value :  3.33075e-08
 Reference value :  3.33275e-08
 Reference value :  3.33475e-08
 Reference value :  3.33675e-08
 Reference value :  3.33875e-08
 Reference value :  3.34025e-08
 Reference value :  3.34175e-08
 Reference value :  3.34425e-08
 Reference value :  3.34575e-08
 Reference value :  3.34775e-08
 Reference value :  3.34975e-08
 Reference value :  3.35175e-08
 Reference value :  3.35375e-08
 Reference value :  3.35525e-08
 Reference value :  3.35675e-08
 Reference value :  3.35875e-08
 Reference value :  3.36075e-08
 Reference value :  3.36225e-08
 Reference value :  3.36375e-08
 Reference value :  3.36575e-08
 Reference value :  3.36775e-08
 Reference value :  3.36975e-08
 Reference value :  3.37125e-08
 Reference value :  3.37325e-08
 Reference value :  3.37525e-08
 Reference value :  3.37725e-08
 Reference value :  3.37925e-08
 Reference value :  3.38125e-08
 Reference value :  3.38375e-08
 Reference value :  3.38575e-08
 Reference value :  3.38775e-08
 Reference value :  3.38975e-08
 Reference value :  3.39175e-08
 Reference value :  3.39375e-08
 Reference value :  3.39575e-08
 Reference value :  3.39775e-08
 Reference value :  3.39975e-08
 Reference value :  3.40175e-08
 Reference value :  3.40375e-08
 Reference value :  3.40575e-08
 Reference value :  3.40775e-08
 Reference value :  3.40975e-08
 Reference value :  3.41175e-08
 Reference value :  3.41325e-08
 Reference value :  3.41525e-08
 Reference value :  3.41675e-08
 Reference value :  3.41825e-08
 Reference value :  3.41975e-08
 Reference value :  3.42175e-08
 Reference value :  3.42325e-08
 Reference value :  3.42475e-08
 Reference value :  3.42675e-08
 Reference value :  3.42875e-08
 Reference value :  3.43075e-08
 Reference value :  3.43225e-08
 Reference value :  3.43375e-08
 Reference value :  3.43525e-08
 Reference value :  3.43675e-08
 Reference value :  3.43825e-08
 Reference value :  3.44025e-08
 Reference value :  3.44225e-08
 Reference value :  3.44425e-08
 Reference value :  3.44575e-08
 Reference value :  3.44725e-08
 Reference value :  3.44925e-08
 Reference value :  3.45075e-08
 Reference value :  3.45225e-08
 Reference value :  3.45425e-08
 Reference value :  3.45575e-08
 Reference value :  3.45775e-08
 Reference value :  3.45925e-08
 Reference value :  3.46125e-08
 Reference value :  3.46325e-08
 Reference value :  3.46475e-08
 Reference value :  3.46625e-08
 Reference value :  3.46825e-08
 Reference value :  3.46975e-08
 Reference value :  3.47175e-08
 Reference value :  3.47375e-08
 Reference value :  3.47575e-08
 Reference value :  3.47775e-08
 Reference value :  3.48025e-08
 Reference value :  3.48225e-08
 Reference value :  3.48375e-08
 Reference value :  3.48575e-08
 Reference value :  3.48775e-08
 Reference value :  3.48925e-08
 Reference value :  3.49075e-08
 Reference value :  3.49275e-08
 Reference value :  3.49475e-08
 Reference value :  3.49725e-08
 Reference value :  3.49875e-08
 Reference value :  3.50075e-08
 Reference value :  3.50275e-08
 Reference value :  3.50475e-08
 Reference value :  3.50675e-08
 Reference value :  3.50825e-08
 Reference value :  3.50975e-08
 Reference value :  3.51175e-08
 Reference value :  3.51375e-08
 Reference value :  3.51525e-08
 Reference value :  3.51675e-08
 Reference value :  3.51875e-08
 Reference value :  3.52025e-08
 Reference value :  3.52175e-08
 Reference value :  3.52375e-08
 Reference value :  3.52525e-08
 Reference value :  3.52725e-08
 Reference value :  3.52875e-08
 Reference value :  3.53075e-08
 Reference value :  3.53275e-08
 Reference value :  3.53525e-08
 Reference value :  3.53725e-08
 Reference value :  3.53875e-08
 Reference value :  3.54075e-08
 Reference value :  3.54225e-08
 Reference value :  3.54425e-08
 Reference value :  3.54575e-08
 Reference value :  3.54775e-08
 Reference value :  3.54975e-08
 Reference value :  3.55125e-08
 Reference value :  3.55275e-08
 Reference value :  3.55475e-08
 Reference value :  3.55675e-08
 Reference value :  3.55825e-08
 Reference value :  3.56025e-08
 Reference value :  3.56225e-08
 Reference value :  3.56425e-08
 Reference value :  3.56625e-08
 Reference value :  3.56825e-08
 Reference value :  3.57025e-08
 Reference value :  3.57225e-08
 Reference value :  3.57375e-08
 Reference value :  3.57575e-08
 Reference value :  3.57725e-08
 Reference value :  3.57875e-08
 Reference value :  3.58075e-08
 Reference value :  3.58275e-08
 Reference value :  3.58475e-08
 Reference value :  3.58625e-08
 Reference value :  3.58775e-08
 Reference value :  3.58975e-08
 Reference value :  3.59175e-08
 Reference value :  3.59325e-08
 Reference value :  3.59525e-08
 Reference value :  3.59725e-08
 Reference value :  3.59875e-08
 Reference value :  3.60075e-08
 Reference value :  3.60275e-08
 Reference value :  3.60525e-08
 Reference value :  3.60675e-08
 Reference value :  3.60875e-08
 Reference value :  3.61075e-08
 Reference value :  3.61275e-08
 Reference value :  3.61475e-08
 Reference value :  3.61625e-08
 Reference value :  3.61825e-08
 Reference value :  3.62075e-08
 Reference value :  3.62275e-08
 Reference value :  3.62425e-08
 Reference value :  3.62575e-08
 Reference value :  3.62775e-08
 Reference value :  3.62975e-08
 Reference value :  3.63175e-08
 Reference value :  3.63375e-08
 Reference value :  3.63525e-08
 Reference value :  3.63675e-08
 Reference value :  3.63825e-08
 Reference value :  3.64025e-08
 Reference value :  3.64225e-08
 Reference value :  3.64425e-08
 Reference value :  3.64575e-08
 Reference value :  3.64775e-08
 Reference value :  3.64975e-08
 Reference value :  3.65125e-08
 Reference value :  3.65275e-08
 Reference value :  3.65475e-08
 Reference value :  3.65625e-08
 Reference value :  3.65775e-08
 Reference value :  3.65975e-08
 Reference value :  3.66175e-08
 Reference value :  3.66375e-08
 Reference value :  3.66575e-08
 Reference value :  3.66775e-08
 Reference value :  3.66975e-08
 Reference value :  3.67125e-08
 Reference value :  3.67325e-08
 Reference value :  3.67525e-08
 Reference value :  3.67725e-08
 Reference value :  3.67875e-08
 Reference value :  3.68025e-08
 Reference value :  3.68175e-08
 Reference value :  3.68325e-08
 Reference value :  3.68525e-08
 Reference value :  3.68725e-08
 Reference value :  3.68925e-08
 Reference value :  3.69125e-08
 Reference value :  3.69275e-08
 Reference value :  3.69425e-08
 Reference value :  3.69575e-08
 Reference value :  3.69725e-08
 Reference value :  3.69925e-08
 Reference value :  3.70075e-08
 Reference value :  3.70225e-08
 Reference value :  3.70375e-08
 Reference value :  3.70525e-08
 Reference value :  3.70675e-08
 Reference value :  3.70875e-08
 Reference value :  3.71025e-08
 Reference value :  3.71225e-08
 Reference value :  3.71425e-08
 Reference value :  3.71625e-08
 Reference value :  3.71825e-08
 Reference value :  3.72025e-08
 Reference value :  3.72175e-08
 Reference value :  3.72325e-08
 Reference value :  3.72525e-08
 Reference value :  3.72675e-08
 Reference value :  3.72875e-08
 Reference value :  3.73075e-08
 Reference value :  3.73275e-08
 Reference value :  3.73475e-08
 Reference value :  3.73675e-08
 Reference value :  3.73875e-08
 Reference value :  3.74075e-08
 Reference value :  3.74225e-08
 Reference value :  3.74375e-08
 Reference value :  3.74525e-08
 Reference value :  3.74725e-08
 Reference value :  3.74875e-08
 Reference value :  3.75075e-08
 Reference value :  3.75225e-08
 Reference value :  3.75375e-08
 Reference value :  3.75575e-08
 Reference value :  3.75775e-08
 Reference value :  3.75925e-08
 Reference value :  3.76075e-08
 Reference value :  3.76275e-08
 Reference value :  3.76475e-08
 Reference value :  3.76625e-08
 Reference value :  3.76825e-08
 Reference value :  3.77025e-08
 Reference value :  3.77225e-08
 Reference value :  3.77425e-08
 Reference value :  3.77575e-08
 Reference value :  3.77725e-08
 Reference value :  3.77925e-08
 Reference value :  3.78075e-08
 Reference value :  3.78225e-08
 Reference value :  3.78425e-08
 Reference value :  3.78625e-08
 Reference value :  3.78825e-08
 Reference value :  3.79025e-08
 Reference value :  3.79175e-08
 Reference value :  3.79325e-08
 Reference value :  3.79525e-08
 Reference value :  3.79675e-08
 Reference value :  3.79875e-08
 Reference value :  3.80075e-08
 Reference value :  3.80225e-08
 Reference value :  3.80425e-08
 Reference value :  3.80575e-08
 Reference value :  3.80725e-08
 Reference value :  3.80875e-08
 Reference value :  3.81075e-08
 Reference value :  3.81225e-08
 Reference value :  3.81375e-08
 Reference value :  3.81575e-08
 Reference value :  3.81775e-08
 Reference value :  3.81975e-08
 Reference value :  3.82125e-08
 Reference value :  3.82325e-08
 Reference value :  3.82525e-08
 Reference value :  3.82725e-08
 Reference value :  3.82875e-08
 Reference value :  3.83025e-08
 Reference value :  3.83175e-08
 Reference value :  3.83325e-08
 Reference value :  3.83475e-08
 Reference value :  3.83625e-08
 Reference value :  3.83875e-08
 Reference value :  3.84075e-08
 Reference value :  3.84275e-08
 Reference value :  3.84475e-08
 Reference value :  3.84725e-08
 Reference value :  3.84925e-08
 Reference value :  3.85125e-08
 Reference value :  3.85275e-08
 Reference value :  3.85475e-08
 Reference value :  3.85675e-08
 Reference value :  3.85875e-08
 Reference value :  3.86025e-08
 Reference value :  3.86175e-08
 Reference value :  3.86375e-08
 Reference value :  3.86525e-08
 Reference value :  3.86725e-08
 Reference value :  3.86875e-08
 Reference value :  3.87075e-08
 Reference value :  3.87225e-08
 Reference value :  3.87375e-08
 Reference value :  3.87575e-08
 Reference value :  3.87725e-08
 Reference value :  3.87925e-08
 Reference value :  3.88125e-08
 Reference value :  3.88325e-08
 Reference value :  3.88525e-08
 Reference value :  3.88675e-08
 Reference value :  3.88875e-08
 Reference value :  3.89075e-08
 Reference value :  3.89275e-08
 Reference value :  3.89475e-08
 Reference value :  3.89675e-08
 Reference value :  3.89875e-08
 Reference value :  3.90075e-08
 Reference value :  3.90275e-08
 Reference value :  3.90475e-08
 Reference value :  3.90625e-08
 Reference value :  3.90775e-08
 Reference value :  3.90925e-08
 Reference value :  3.91125e-08
 Reference value :  3.91325e-08
 Reference value :  3.91475e-08
 Reference value :  3.91675e-08
 Reference value :  3.91825e-08
 Reference value :  3.92025e-08
 Reference value :  3.92225e-08
 Reference value :  3.92425e-08
 Reference value :  3.92625e-08
 Reference value :  3.92825e-08
 Reference value :  3.92975e-08
 Reference value :  3.93125e-08
 Reference value :  3.93325e-08
 Reference value :  3.93525e-08
 Reference value :  3.93725e-08
 Reference value :  3.93925e-08
 Reference value :  3.94125e-08
 Reference value :  3.94375e-08
 Reference value :  3.94575e-08
 Reference value :  3.94775e-08
 Reference value :  3.94975e-08
 Reference value :  3.95125e-08
 Reference value :  3.95325e-08
 Reference value :  3.95525e-08
 Reference value :  3.95725e-08
 Reference value :  3.95925e-08
 Reference value :  3.96075e-08
 Reference value :  3.96275e-08
 Reference value :  3.96425e-08
 Reference value :  3.96575e-08
 Reference value :  3.96725e-08
 Reference value :  3.96875e-08
 Reference value :  3.97025e-08
 Reference value :  3.97225e-08
 Reference value :  3.97375e-08
 Reference value :  3.97575e-08
 Reference value :  3.97725e-08
 Reference value :  3.97925e-08
 Reference value :  3.98125e-08
 Reference value :  3.98325e-08
 Reference value :  3.98525e-08
 Reference value :  3.98725e-08
 Reference value :  3.98875e-08
 Reference value :  3.99075e-08
 Reference value :  3.99275e-08
 Reference value :  3.99475e-08
 Reference value :  3.99675e-08
 Reference value :  3.99825e-08
 Reference value :  3.99975e-08
 Reference value :  4.00175e-08
 Reference value :  4.00375e-08
 Reference value :  4.00575e-08
 Reference value :  4.00725e-08
 Reference value :  4.00925e-08
 Reference value :  4.01075e-08
 Reference value :  4.01275e-08
 Reference value :  4.01425e-08
 Reference value :  4.01625e-08
 Reference value :  4.01825e-08
 Reference value :  4.02025e-08
 Reference value :  4.02225e-08
 Reference value :  4.02475e-08
 Reference value :  4.02675e-08
 Reference value :  4.02825e-08
 Reference value :  4.03075e-08
 Reference value :  4.03225e-08
 Reference value :  4.03425e-08
 Reference value :  4.03625e-08
 Reference value :  4.03825e-08
 Reference value :  4.03975e-08
 Reference value :  4.04125e-08
 Reference value :  4.04325e-08
 Reference value :  4.04525e-08
 Reference value :  4.04725e-08
 Reference value :  4.04875e-08
 Reference value :  4.05075e-08
 Reference value :  4.05325e-08
 Reference value :  4.05525e-08
 Reference value :  4.05725e-08
 Reference value :  4.05925e-08
 Reference value :  4.06125e-08
 Reference value :  4.06325e-08
 Reference value :  4.06525e-08
 Reference value :  4.06725e-08
 Reference value :  4.06875e-08
 Reference value :  4.07125e-08
 Reference value :  4.07275e-08
 Reference value :  4.07475e-08
 Reference value :  4.07625e-08
 Reference value :  4.07825e-08
 Reference value :  4.08025e-08
 Reference value :  4.08225e-08
 Reference value :  4.08425e-08
 Reference value :  4.08575e-08
 Reference value :  4.08725e-08
 Reference value :  4.08925e-08
 Reference value :  4.09125e-08
 Reference value :  4.09325e-08
 Reference value :  4.09475e-08
 Reference value :  4.09625e-08
 Reference value :  4.09825e-08
 Reference value :  4.10025e-08
 Reference value :  4.10175e-08
 Reference value :  4.10375e-08
 Reference value :  4.10575e-08
 Reference value :  4.10775e-08
 Reference value :  4.10975e-08
 Reference value :  4.11175e-08
 Reference value :  4.11375e-08
 Reference value :  4.11575e-08
 Reference value :  4.11725e-08
 Reference value :  4.11925e-08
 Reference value :  4.12075e-08
 Reference value :  4.12275e-08
 Reference value :  4.12475e-08
 Reference value :  4.12675e-08
 Reference value :  4.12825e-08
 Reference value :  4.13025e-08
 Reference value :  4.13175e-08
 Reference value :  4.13375e-08
 Reference value :  4.13575e-08
 Reference value :  4.13725e-08
 Reference value :  4.13875e-08
 Reference value :  4.14025e-08
 Reference value :  4.14175e-08
 Reference value :  4.14375e-08
 Reference value :  4.14575e-08
 Reference value :  4.14725e-08
 Reference value :  4.14925e-08
 Reference value :  4.15125e-08
 Reference value :  4.15325e-08
 Reference value :  4.15575e-08
 Reference value :  4.15775e-08
 Reference value :  4.15975e-08
 Reference value :  4.16175e-08
 Reference value :  4.16325e-08
 Reference value :  4.16525e-08
 Reference value :  4.16725e-08
 Reference value :  4.16925e-08
 Reference value :  4.17075e-08
 Reference value :  4.17225e-08
 Reference value :  4.17375e-08
 Reference value :  4.17525e-08
 Reference value :  4.17725e-08
 Reference value :  4.17875e-08
 Reference value :  4.18075e-08
 Reference value :  4.18225e-08
 Reference value :  4.18425e-08
 Reference value :  4.18575e-08
 Reference value :  4.18775e-08
 Reference value :  4.18925e-08
 Reference value :  4.19075e-08
 Reference value :  4.19275e-08
 Reference value :  4.19425e-08
 Reference value :  4.19625e-08
 Reference value :  4.19825e-08
 Reference value :  4.19975e-08
 Reference value :  4.20175e-08
 Reference value :  4.20325e-08
 Reference value :  4.20475e-08
 Reference value :  4.20625e-08
 Reference value :  4.20775e-08
 Reference value :  4.20975e-08
 Reference value :  4.21125e-08
 Reference value :  4.21325e-08
 Reference value :  4.21525e-08
 Reference value :  4.21675e-08
 Reference value :  4.21825e-08
 Reference value :  4.21975e-08
 Reference value :  4.22125e-08
 Reference value :  4.22275e-08
 Reference value :  4.22475e-08
 Reference value :  4.22625e-08
 Reference value :  4.22825e-08
 Reference value :  4.23025e-08
 Reference value :  4.23175e-08
 Reference value :  4.23325e-08
 Reference value :  4.23525e-08
 Reference value :  4.23675e-08
 Reference value :  4.23825e-08
 Reference value :  4.24025e-08
 Reference value :  4.24175e-08
 Reference value :  4.24325e-08
 Reference value :  4.24475e-08
 Reference value :  4.24675e-08
 Reference value :  4.24875e-08
 Reference value :  4.25025e-08
 Reference value :  4.25225e-08
 Reference value :  4.25375e-08
 Reference value :  4.25525e-08
 Reference value :  4.25725e-08
 Reference value :  4.25925e-08
 Reference value :  4.26125e-08
 Reference value :  4.26325e-08
 Reference value :  4.26475e-08
 Reference value :  4.26625e-08
 Reference value :  4.26775e-08
 Reference value :  4.26975e-08
 Reference value :  4.27175e-08
 Reference value :  4.27375e-08
 Reference value :  4.27575e-08
 Reference value :  4.27725e-08
 Reference value :  4.27875e-08
 Reference value :  4.28025e-08
 Reference value :  4.28225e-08
 Reference value :  4.28375e-08
 Reference value :  4.28525e-08
 Reference value :  4.28725e-08
 Reference value :  4.28925e-08
 Reference value :  4.29125e-08
 Reference value :  4.29325e-08
 Reference value :  4.29525e-08
 Reference value :  4.29725e-08
 Reference value :  4.29875e-08
 Reference value :  4.30075e-08
 Reference value :  4.30225e-08
 Reference value :  4.30375e-08
 Reference value :  4.30575e-08
 Reference value :  4.30725e-08
 Reference value :  4.30875e-08
 Reference value :  4.31025e-08
 Reference value :  4.31225e-08
 Reference value :  4.31425e-08
 Reference value :  4.31575e-08
 Reference value :  4.31775e-08
 Reference value :  4.31975e-08
 Reference value :  4.32175e-08
 Reference value :  4.32375e-08
 Reference value :  4.32575e-08
 Reference value :  4.32725e-08
 Reference value :  4.32925e-08
 Reference value :  4.33125e-08
 Reference value :  4.33325e-08
 Reference value :  4.33475e-08
 Reference value :  4.33675e-08
 Reference value :  4.33825e-08
 Reference value :  4.33975e-08
 Reference value :  4.34175e-08
 Reference value :  4.34375e-08
 Reference value :  4.34575e-08
 Reference value :  4.34775e-08
 Reference value :  4.34975e-08
 Reference value :  4.35175e-08
 Reference value :  4.35375e-08
 Reference value :  4.35575e-08
 Reference value :  4.35725e-08
 Reference value :  4.35875e-08
 Reference value :  4.36025e-08
 Reference value :  4.36225e-08
 Reference value :  4.36425e-08
 Reference value :  4.36575e-08
 Reference value :  4.36725e-08
 Reference value :  4.36875e-08
 Reference value :  4.37025e-08
 Reference value :  4.37175e-08
 Reference value :  4.37325e-08
 Reference value :  4.37475e-08
 Reference value :  4.37625e-08
 Reference value :  4.37775e-08
 Reference value :  4.37925e-08
 Reference value :  4.38125e-08
 Reference value :  4.38275e-08
 Reference value :  4.38475e-08
 Reference value :  4.38675e-08
 Reference value :  4.38875e-08
 Reference value :  4.39075e-08
 Reference value :  4.39225e-08
 Reference value :  4.39425e-08
 Reference value :  4.39575e-08
 Reference value :  4.39725e-08
 Reference value :  4.39925e-08
 Reference value :  4.40125e-08
 Reference value :  4.40325e-08
 Reference value :  4.40475e-08
 Reference value :  4.40625e-08
 Reference value :  4.40775e-08
 Reference value :  4.40925e-08
 Reference value :  4.41125e-08
 Reference value :  4.41325e-08
 Reference value :  4.41475e-08
 Reference value :  4.41675e-08
 Reference value :  4.41825e-08
 Reference value :  4.41975e-08
 Reference value :  4.42125e-08
 Reference value :  4.42325e-08
 Reference value :  4.42475e-08
 Reference value :  4.42675e-08
 Reference value :  4.42875e-08
 Reference value :  4.43075e-08
 Reference value :  4.43275e-08
 Reference value :  4.43425e-08
 Reference value :  4.43625e-08
 Reference value :  4.43775e-08
 Reference value :  4.43975e-08
 Reference value :  4.44175e-08
 Reference value :  4.44375e-08
 Reference value :  4.44525e-08
 Reference value :  4.44725e-08
 Reference value :  4.44925e-08
 Reference value :  4.45075e-08
 Reference value :  4.45275e-08
 Reference value :  4.45475e-08
 Reference value :  4.45675e-08
 Reference value :  4.45925e-08
 Reference value :  4.46125e-08
 Reference value :  4.46275e-08
 Reference value :  4.46425e-08
 Reference value :  4.46625e-08
 Reference value :  4.46875e-08
 Reference value :  4.47075e-08
 Reference value :  4.47275e-08
 Reference value :  4.47475e-08
 Reference value :  4.47675e-08
 Reference value :  4.47825e-08
 Reference value :  4.48075e-08
 Reference value :  4.48225e-08
 Reference value :  4.48425e-08
 Reference value :  4.48675e-08
 Reference value :  4.48925e-08
 Reference value :  4.49125e-08
 Reference value :  4.49325e-08
 Reference value :  4.49525e-08
 Reference value :  4.49725e-08
 Reference value :  4.49925e-08
 Reference value :  4.50175e-08
 Reference value :  4.50425e-08
 Reference value :  4.50675e-08
 Reference value :  4.50875e-08
 Reference value :  4.51000e-08
No. of Data Rows : 9034
Note: Simulation executed from .control section 
