
Note: Compatibility modes selected: hs a


Circuit: * comparator-decision regen-time sweep -- vindiff=-10mv corner=sf temp=125.0c (issue #9)

option SCALE: Scale is set to 1e-06 for instance and model parameters
option SCALE: Scale is set to 1e-06 for instance and model parameters
option SCALE: Scale is set to 1e-06 for instance and model parameters
option SCALE: Scale is set to 1e-06 for instance and model parameters
Doing analysis at TEMP = 125.000000 and TNOM = 27.000000

Using KLU as Direct Linear Solver
 Reference value :  0.00000e+00
 Reference value :  8.00000e-13
 Reference value :  1.14000e-11
 Reference value :  3.14000e-11
 Reference value :  5.14000e-11
 Reference value :  7.14000e-11
 Reference value :  9.64000e-11
 Reference value :  1.16400e-10
 Reference value :  1.36400e-10
 Reference value :  1.56400e-10
 Reference value :  1.76400e-10
 Reference value :  1.96400e-10
 Reference value :  2.16400e-10
 Reference value :  2.36400e-10
 Reference value :  2.56400e-10
 Reference value :  2.76400e-10
 Reference value :  2.96400e-10
 Reference value :  3.16400e-10
 Reference value :  3.36400e-10
 Reference value :  3.56400e-10
 Reference value :  3.71400e-10
 Reference value :  3.91400e-10
 Reference value :  4.11400e-10
 Reference value :  4.31400e-10
 Reference value :  4.51400e-10
 Reference value :  4.71400e-10
 Reference value :  4.91400e-10
 Reference value :  5.11400e-10
 Reference value :  5.31400e-10
 Reference value :  5.51400e-10
 Reference value :  5.71400e-10
 Reference value :  5.91400e-10
 Reference value :  6.11400e-10
 Reference value :  6.31400e-10
 Reference value :  6.51400e-10
 Reference value :  6.71400e-10
 Reference value :  6.91400e-10
 Reference value :  7.06400e-10
 Reference value :  7.26400e-10
 Reference value :  7.46400e-10
 Reference value :  7.66400e-10
 Reference value :  7.86400e-10
 Reference value :  8.06400e-10
 Reference value :  8.26400e-10
 Reference value :  8.46400e-10
 Reference value :  8.66400e-10
 Reference value :  8.86400e-10
 Reference value :  9.11400e-10
 Reference value :  9.31400e-10
 Reference value :  9.51400e-10
 Reference value :  9.71400e-10
 Reference value :  9.91400e-10
 Reference value :  1.01640e-09
 Reference value :  1.03640e-09
 Reference value :  1.05640e-09
 Reference value :  1.07640e-09
 Reference value :  1.09640e-09
 Reference value :  1.11140e-09
 Reference value :  1.13140e-09
 Reference value :  1.15140e-09
 Reference value :  1.17140e-09
 Reference value :  1.19140e-09
 Reference value :  1.21640e-09
 Reference value :  1.23640e-09
 Reference value :  1.25640e-09
 Reference value :  1.27640e-09
 Reference value :  1.30140e-09
 Reference value :  1.31640e-09
 Reference value :  1.33640e-09
 Reference value :  1.35640e-09
 Reference value :  1.37140e-09
 Reference value :  1.39140e-09
 Reference value :  1.41640e-09
 Reference value :  1.43640e-09
 Reference value :  1.45640e-09
 Reference value :  1.47640e-09
 Reference value :  1.49640e-09
 Reference value :  1.51140e-09
 Reference value :  1.53140e-09
 Reference value :  1.55140e-09
 Reference value :  1.57140e-09
 Reference value :  1.59140e-09
 Reference value :  1.61140e-09
 Reference value :  1.63140e-09
 Reference value :  1.65140e-09
 Reference value :  1.67140e-09
 Reference value :  1.69140e-09
 Reference value :  1.71140e-09
 Reference value :  1.73140e-09
 Reference value :  1.75140e-09
 Reference value :  1.77640e-09
 Reference value :  1.79640e-09
 Reference value :  1.81640e-09
 Reference value :  1.83640e-09
 Reference value :  1.85640e-09
 Reference value :  1.87640e-09
 Reference value :  1.89640e-09
 Reference value :  1.91640e-09
 Reference value :  1.93640e-09
 Reference value :  2.04140e-09
 Reference value :  2.06140e-09
 Reference value :  2.08140e-09
 Reference value :  2.10140e-09
 Reference value :  2.12640e-09
 Reference value :  2.15140e-09
 Reference value :  2.17640e-09
 Reference value :  2.19640e-09
 Reference value :  2.21640e-09
 Reference value :  2.23640e-09
 Reference value :  2.26140e-09
 Reference value :  2.28140e-09
 Reference value :  2.30140e-09
 Reference value :  2.32140e-09
 Reference value :  2.34140e-09
 Reference value :  2.36640e-09
 Reference value :  2.38140e-09
 Reference value :  2.40640e-09
 Reference value :  2.42640e-09
 Reference value :  2.44640e-09
 Reference value :  2.46140e-09
 Reference value :  2.48140e-09
 Reference value :  2.50140e-09
 Reference value :  2.51640e-09
 Reference value :  2.54140e-09
 Reference value :  2.56140e-09
 Reference value :  2.58140e-09
 Reference value :  2.60140e-09
 Reference value :  2.62140e-09
 Reference value :  2.64140e-09
 Reference value :  2.66140e-09
 Reference value :  2.68140e-09
 Reference value :  2.70140e-09
 Reference value :  2.72140e-09
 Reference value :  2.74640e-09
 Reference value :  2.76640e-09
 Reference value :  2.79140e-09
 Reference value :  2.81140e-09
 Reference value :  2.83140e-09
 Reference value :  2.84640e-09
 Reference value :  2.86640e-09
 Reference value :  2.88140e-09
 Reference value :  2.90140e-09
 Reference value :  2.92140e-09
 Reference value :  2.94140e-09
 Reference value :  2.96140e-09
 Reference value :  2.98140e-09
 Reference value :  3.00140e-09
 Reference value :  3.02140e-09
 Reference value :  3.04140e-09
 Reference value :  3.06140e-09
 Reference value :  3.08140e-09
 Reference value :  3.10140e-09
 Reference value :  3.12140e-09
 Reference value :  3.14140e-09
 Reference value :  3.16140e-09
 Reference value :  3.18140e-09
 Reference value :  3.20140e-09
 Reference value :  3.22640e-09
 Reference value :  3.24640e-09
 Reference value :  3.26640e-09
 Reference value :  3.28640e-09
 Reference value :  3.30640e-09
 Reference value :  3.32640e-09
 Reference value :  3.35140e-09
 Reference value :  3.36640e-09
 Reference value :  3.38640e-09
 Reference value :  3.40640e-09
 Reference value :  3.43140e-09
 Reference value :  3.45140e-09
 Reference value :  3.47140e-09
 Reference value :  3.49140e-09
 Reference value :  3.51140e-09
 Reference value :  3.53140e-09
 Reference value :  3.55140e-09
 Reference value :  3.57640e-09
 Reference value :  3.60140e-09
 Reference value :  3.63140e-09
 Reference value :  3.64640e-09
 Reference value :  3.66640e-09
 Reference value :  3.68140e-09
 Reference value :  3.70140e-09
 Reference value :  3.71640e-09
 Reference value :  3.73140e-09
 Reference value :  3.74640e-09
 Reference value :  3.76640e-09
 Reference value :  3.78140e-09
 Reference value :  3.80140e-09
 Reference value :  3.82140e-09
 Reference value :  3.84140e-09
 Reference value :  3.86140e-09
 Reference value :  3.88140e-09
 Reference value :  3.90140e-09
 Reference value :  3.92140e-09
 Reference value :  3.94140e-09
 Reference value :  3.96140e-09
 Reference value :  3.98640e-09
 Reference value :  4.00640e-09
 Reference value :  4.03140e-09
 Reference value :  4.04640e-09
 Reference value :  4.06640e-09
 Reference value :  4.08640e-09
 Reference value :  4.10640e-09
 Reference value :  4.13140e-09
 Reference value :  4.14640e-09
 Reference value :  4.16640e-09
 Reference value :  4.18640e-09
 Reference value :  4.20640e-09
 Reference value :  4.23140e-09
 Reference value :  4.24640e-09
 Reference value :  4.26640e-09
 Reference value :  4.28640e-09
 Reference value :  4.31640e-09
 Reference value :  4.33640e-09
 Reference value :  4.35140e-09
 Reference value :  4.36640e-09
 Reference value :  4.38140e-09
 Reference value :  4.40140e-09
 Reference value :  4.42140e-09
 Reference value :  4.44140e-09
 Reference value :  4.46140e-09
 Reference value :  4.47640e-09
 Reference value :  4.49640e-09
 Reference value :  4.51640e-09
 Reference value :  4.54140e-09
 Reference value :  4.57140e-09
 Reference value :  4.58640e-09
 Reference value :  4.60140e-09
 Reference value :  4.62140e-09
 Reference value :  4.64140e-09
 Reference value :  4.66640e-09
 Reference value :  4.68640e-09
 Reference value :  4.70140e-09
 Reference value :  4.72140e-09
 Reference value :  4.74140e-09
 Reference value :  4.76640e-09
 Reference value :  4.78640e-09
 Reference value :  4.80640e-09
 Reference value :  4.82640e-09
 Reference value :  4.84640e-09
 Reference value :  4.87140e-09
 Reference value :  4.88640e-09
 Reference value :  4.90640e-09
 Reference value :  4.92640e-09
 Reference value :  4.95140e-09
 Reference value :  4.97140e-09
 Reference value :  4.99140e-09
 Reference value :  5.00150e-09
 Reference value :  5.01750e-09
 Reference value :  5.03750e-09
 Reference value :  5.05250e-09
 Reference value :  5.07250e-09
 Reference value :  5.09250e-09
 Reference value :  5.10150e-09
 Reference value :  5.11750e-09
 Reference value :  5.13750e-09
 Reference value :  5.15750e-09
 Reference value :  5.17250e-09
 Reference value :  5.19250e-09
 Reference value :  5.21250e-09
 Reference value :  5.23250e-09
 Reference value :  5.25250e-09
 Reference value :  5.26750e-09
 Reference value :  5.28750e-09
 Reference value :  5.30750e-09
 Reference value :  5.32750e-09
 Reference value :  5.34750e-09
 Reference value :  5.36750e-09
 Reference value :  5.38750e-09
 Reference value :  5.40250e-09
 Reference value :  5.42250e-09
 Reference value :  5.44750e-09
 Reference value :  5.47250e-09
 Reference value :  5.49250e-09
 Reference value :  5.50750e-09
 Reference value :  5.52250e-09
 Reference value :  5.54250e-09
 Reference value :  5.55750e-09
 Reference value :  5.57750e-09
 Reference value :  5.59750e-09
 Reference value :  5.62250e-09
 Reference value :  5.64250e-09
 Reference value :  5.65750e-09
 Reference value :  5.67750e-09
 Reference value :  5.69750e-09
 Reference value :  5.71750e-09
 Reference value :  5.73250e-09
 Reference value :  5.75250e-09
 Reference value :  5.77250e-09
 Reference value :  5.79750e-09
 Reference value :  5.82250e-09
 Reference value :  5.84250e-09
 Reference value :  5.86250e-09
 Reference value :  5.88250e-09
 Reference value :  5.90250e-09
 Reference value :  5.92250e-09
 Reference value :  5.93750e-09
 Reference value :  5.95250e-09
 Reference value :  5.97250e-09
 Reference value :  5.98750e-09
 Reference value :  6.00750e-09
 Reference value :  6.02750e-09
 Reference value :  6.04250e-09
 Reference value :  6.07250e-09
 Reference value :  6.09750e-09
 Reference value :  6.11750e-09
 Reference value :  6.13750e-09
 Reference value :  6.15750e-09
 Reference value :  6.26250e-09
 Reference value :  6.28250e-09
 Reference value :  6.30750e-09
 Reference value :  6.32750e-09
 Reference value :  6.34250e-09
 Reference value :  6.36750e-09
 Reference value :  6.38750e-09
 Reference value :  6.40750e-09
 Reference value :  6.42750e-09
 Reference value :  6.45250e-09
 Reference value :  6.47750e-09
 Reference value :  6.49750e-09
 Reference value :  6.51250e-09
 Reference value :  6.53750e-09
 Reference value :  6.56250e-09
 Reference value :  6.58250e-09
 Reference value :  6.60750e-09
 Reference value :  6.62750e-09
 Reference value :  6.65250e-09
 Reference value :  6.67750e-09
 Reference value :  6.70250e-09
 Reference value :  6.72250e-09
 Reference value :  6.74250e-09
 Reference value :  6.76750e-09
 Reference value :  6.78250e-09
 Reference value :  6.80250e-09
 Reference value :  6.82250e-09
 Reference value :  6.84250e-09
 Reference value :  6.86750e-09
 Reference value :  6.89250e-09
 Reference value :  6.91750e-09
 Reference value :  6.93750e-09
 Reference value :  6.95750e-09
 Reference value :  6.97750e-09
 Reference value :  6.99750e-09
 Reference value :  7.01750e-09
 Reference value :  7.03750e-09
 Reference value :  7.05750e-09
 Reference value :  7.08250e-09
 Reference value :  7.10250e-09
 Reference value :  7.12250e-09
 Reference value :  7.14750e-09
 Reference value :  7.16750e-09
 Reference value :  7.19250e-09
 Reference value :  7.22750e-09
 Reference value :  7.24750e-09
 Reference value :  7.26750e-09
 Reference value :  7.28750e-09
 Reference value :  7.30750e-09
 Reference value :  7.32250e-09
 Reference value :  7.34750e-09
 Reference value :  7.37250e-09
 Reference value :  7.39250e-09
 Reference value :  7.41250e-09
 Reference value :  7.43250e-09
 Reference value :  7.45750e-09
 Reference value :  7.48250e-09
 Reference value :  7.50750e-09
 Reference value :  7.52750e-09
 Reference value :  7.55250e-09
 Reference value :  7.57250e-09
 Reference value :  7.59250e-09
 Reference value :  7.61250e-09
 Reference value :  7.63250e-09
 Reference value :  7.65250e-09
 Reference value :  7.67750e-09
 Reference value :  7.70750e-09
 Reference value :  7.72750e-09
 Reference value :  7.75250e-09
 Reference value :  7.77250e-09
 Reference value :  7.79750e-09
 Reference value :  7.81750e-09
 Reference value :  7.83750e-09
 Reference value :  7.85750e-09
 Reference value :  7.87750e-09
 Reference value :  7.89750e-09
 Reference value :  7.91750e-09
 Reference value :  7.93750e-09
 Reference value :  7.96750e-09
 Reference value :  7.98750e-09
 Reference value :  8.00750e-09
 Reference value :  8.03250e-09
 Reference value :  8.04750e-09
 Reference value :  8.06750e-09
 Reference value :  8.08750e-09
 Reference value :  8.10750e-09
 Reference value :  8.12750e-09
 Reference value :  8.14750e-09
 Reference value :  8.16750e-09
 Reference value :  8.18750e-09
 Reference value :  8.20750e-09
 Reference value :  8.22750e-09
 Reference value :  8.24750e-09
 Reference value :  8.26750e-09
 Reference value :  8.28250e-09
 Reference value :  8.30250e-09
 Reference value :  8.32250e-09
 Reference value :  8.33750e-09
 Reference value :  8.35750e-09
 Reference value :  8.38250e-09
 Reference value :  8.39750e-09
 Reference value :  8.41750e-09
 Reference value :  8.44250e-09
 Reference value :  8.45750e-09
 Reference value :  8.47750e-09
 Reference value :  8.50250e-09
 Reference value :  8.52750e-09
 Reference value :  8.55250e-09
 Reference value :  8.57250e-09
 Reference value :  8.59250e-09
 Reference value :  8.60750e-09
 Reference value :  8.62750e-09
 Reference value :  8.65250e-09
 Reference value :  8.67250e-09
 Reference value :  8.69250e-09
 Reference value :  8.71750e-09
 Reference value :  8.73750e-09
 Reference value :  8.75750e-09
 Reference value :  8.78250e-09
 Reference value :  8.80250e-09
 Reference value :  8.82750e-09
 Reference value :  8.84750e-09
 Reference value :  8.86750e-09
 Reference value :  8.89250e-09
 Reference value :  8.90750e-09
 Reference value :  8.92250e-09
 Reference value :  8.94250e-09
 Reference value :  8.96250e-09
 Reference value :  8.98250e-09
 Reference value :  9.00750e-09
 Reference value :  9.03250e-09
 Reference value :  9.05750e-09
 Reference value :  9.07750e-09
 Reference value :  9.09750e-09
 Reference value :  9.11750e-09
 Reference value :  9.14250e-09
 Reference value :  9.16250e-09
 Reference value :  9.18250e-09
 Reference value :  9.20250e-09
 Reference value :  9.22250e-09
 Reference value :  9.24750e-09
 Reference value :  9.26750e-09
 Reference value :  9.28750e-09
 Reference value :  9.30750e-09
 Reference value :  9.32750e-09
 Reference value :  9.34750e-09
 Reference value :  9.37250e-09
 Reference value :  9.39250e-09
 Reference value :  9.41250e-09
 Reference value :  9.43250e-09
 Reference value :  9.45750e-09
 Reference value :  9.48250e-09
 Reference value :  9.51250e-09
 Reference value :  9.53250e-09
 Reference value :  9.55750e-09
 Reference value :  9.57750e-09
 Reference value :  9.59250e-09
 Reference value :  9.61250e-09
 Reference value :  9.63250e-09
 Reference value :  9.65250e-09
 Reference value :  9.68250e-09
 Reference value :  9.71250e-09
 Reference value :  9.73250e-09
 Reference value :  9.75750e-09
 Reference value :  9.78250e-09
 Reference value :  9.81250e-09
 Reference value :  9.83250e-09
 Reference value :  9.85250e-09
 Reference value :  9.86750e-09
 Reference value :  9.88250e-09
 Reference value :  9.90250e-09
 Reference value :  9.92750e-09
 Reference value :  9.94750e-09
 Reference value :  9.97250e-09
 Reference value :  9.99250e-09
 Reference value :  1.00075e-08
 Reference value :  1.00275e-08
 Reference value :  1.00425e-08
 Reference value :  1.00825e-08
 Reference value :  1.01025e-08
 Reference value :  1.01225e-08
 Reference value :  1.01475e-08
 Reference value :  1.01625e-08
 Reference value :  1.01825e-08
 Reference value :  1.02025e-08
 Reference value :  1.02275e-08
 Reference value :  1.02475e-08
 Reference value :  1.02675e-08
 Reference value :  1.02875e-08
 Reference value :  1.03025e-08
 Reference value :  1.03225e-08
 Reference value :  1.03425e-08
 Reference value :  1.03625e-08
 Reference value :  1.03825e-08
 Reference value :  1.04025e-08
 Reference value :  1.04225e-08
 Reference value :  1.04475e-08
 Reference value :  1.04675e-08
 Reference value :  1.04875e-08
 Reference value :  1.05075e-08
 Reference value :  1.05275e-08
 Reference value :  1.05475e-08
 Reference value :  1.05675e-08
 Reference value :  1.05875e-08
 Reference value :  1.06075e-08
 Reference value :  1.06275e-08
 Reference value :  1.06475e-08
 Reference value :  1.06675e-08
 Reference value :  1.06925e-08
 Reference value :  1.07125e-08
 Reference value :  1.07475e-08
 Reference value :  1.07725e-08
 Reference value :  1.07925e-08
 Reference value :  1.08175e-08
 Reference value :  1.08375e-08
 Reference value :  1.08575e-08
 Reference value :  1.08825e-08
 Reference value :  1.09075e-08
 Reference value :  1.09275e-08
 Reference value :  1.09525e-08
 Reference value :  1.09775e-08
 Reference value :  1.10175e-08
 Reference value :  1.10475e-08
 Reference value :  1.10675e-08
 Reference value :  1.10875e-08
 Reference value :  1.11075e-08
 Reference value :  1.11325e-08
 Reference value :  1.11525e-08
 Reference value :  1.11775e-08
 Reference value :  1.11925e-08
 Reference value :  1.12125e-08
 Reference value :  1.12375e-08
 Reference value :  1.12675e-08
 Reference value :  1.12875e-08
 Reference value :  1.13075e-08
 Reference value :  1.13275e-08
 Reference value :  1.13475e-08
 Reference value :  1.13625e-08
 Reference value :  1.13825e-08
 Reference value :  1.14025e-08
 Reference value :  1.14225e-08
 Reference value :  1.14425e-08
 Reference value :  1.14675e-08
 Reference value :  1.14875e-08
 Reference value :  1.15075e-08
 Reference value :  1.15275e-08
 Reference value :  1.15475e-08
 Reference value :  1.15675e-08
 Reference value :  1.15875e-08
 Reference value :  1.16075e-08
 Reference value :  1.16325e-08
 Reference value :  1.16575e-08
 Reference value :  1.16775e-08
 Reference value :  1.17025e-08
 Reference value :  1.17275e-08
 Reference value :  1.17475e-08
 Reference value :  1.17675e-08
 Reference value :  1.17875e-08
 Reference value :  1.18075e-08
 Reference value :  1.18275e-08
 Reference value :  1.18475e-08
 Reference value :  1.18675e-08
 Reference value :  1.18825e-08
 Reference value :  1.19075e-08
 Reference value :  1.19275e-08
 Reference value :  1.19475e-08
 Reference value :  1.19725e-08
 Reference value :  1.19925e-08
 Reference value :  1.20125e-08
 Reference value :  1.20375e-08
 Reference value :  1.20625e-08
 Reference value :  1.20875e-08
 Reference value :  1.21075e-08
 Reference value :  1.21275e-08
 Reference value :  1.21475e-08
 Reference value :  1.21675e-08
 Reference value :  1.21875e-08
 Reference value :  1.22025e-08
 Reference value :  1.22275e-08
 Reference value :  1.22475e-08
 Reference value :  1.22675e-08
 Reference value :  1.22825e-08
 Reference value :  1.22975e-08
 Reference value :  1.23225e-08
 Reference value :  1.23425e-08
 Reference value :  1.23625e-08
 Reference value :  1.23875e-08
 Reference value :  1.24075e-08
 Reference value :  1.24275e-08
 Reference value :  1.24525e-08
 Reference value :  1.24775e-08
 Reference value :  1.25025e-08
 Reference value :  1.25225e-08
 Reference value :  1.25475e-08
 Reference value :  1.25675e-08
 Reference value :  1.25875e-08
 Reference value :  1.26075e-08
 Reference value :  1.26225e-08
 Reference value :  1.26475e-08
 Reference value :  1.26725e-08
 Reference value :  1.26875e-08
 Reference value :  1.27075e-08
 Reference value :  1.27275e-08
 Reference value :  1.27475e-08
 Reference value :  1.27675e-08
 Reference value :  1.27825e-08
 Reference value :  1.28025e-08
 Reference value :  1.28225e-08
 Reference value :  1.28425e-08
 Reference value :  1.28625e-08
 Reference value :  1.28825e-08
 Reference value :  1.29025e-08
 Reference value :  1.29225e-08
 Reference value :  1.29425e-08
 Reference value :  1.29625e-08
 Reference value :  1.29825e-08
 Reference value :  1.30025e-08
 Reference value :  1.30225e-08
 Reference value :  1.30425e-08
 Reference value :  1.30625e-08
 Reference value :  1.30875e-08
 Reference value :  1.31025e-08
 Reference value :  1.31225e-08
 Reference value :  1.31425e-08
 Reference value :  1.31625e-08
 Reference value :  1.31775e-08
 Reference value :  1.31975e-08
 Reference value :  1.32175e-08
 Reference value :  1.32375e-08
 Reference value :  1.32575e-08
 Reference value :  1.32825e-08
 Reference value :  1.33025e-08
 Reference value :  1.33225e-08
 Reference value :  1.33525e-08
 Reference value :  1.33825e-08
 Reference value :  1.34025e-08
 Reference value :  1.34225e-08
 Reference value :  1.34425e-08
 Reference value :  1.34625e-08
 Reference value :  1.34875e-08
 Reference value :  1.35125e-08
 Reference value :  1.35325e-08
 Reference value :  1.35525e-08
 Reference value :  1.35725e-08
 Reference value :  1.35975e-08
 Reference value :  1.36175e-08
 Reference value :  1.36325e-08
 Reference value :  1.36575e-08
 Reference value :  1.36775e-08
 Reference value :  1.37025e-08
 Reference value :  1.37225e-08
 Reference value :  1.37475e-08
 Reference value :  1.37675e-08
 Reference value :  1.37875e-08
 Reference value :  1.38075e-08
 Reference value :  1.38275e-08
 Reference value :  1.38475e-08
 Reference value :  1.38675e-08
 Reference value :  1.38825e-08
 Reference value :  1.39025e-08
 Reference value :  1.39275e-08
 Reference value :  1.39475e-08
 Reference value :  1.39725e-08
 Reference value :  1.39975e-08
 Reference value :  1.40175e-08
 Reference value :  1.40375e-08
 Reference value :  1.40625e-08
 Reference value :  1.40875e-08
 Reference value :  1.41075e-08
 Reference value :  1.41275e-08
 Reference value :  1.41525e-08
 Reference value :  1.41725e-08
 Reference value :  1.41925e-08
 Reference value :  1.42125e-08
 Reference value :  1.42325e-08
 Reference value :  1.42525e-08
 Reference value :  1.42775e-08
 Reference value :  1.43025e-08
 Reference value :  1.43275e-08
 Reference value :  1.43525e-08
 Reference value :  1.43725e-08
 Reference value :  1.43975e-08
 Reference value :  1.44125e-08
 Reference value :  1.44325e-08
 Reference value :  1.44475e-08
 Reference value :  1.44725e-08
 Reference value :  1.44925e-08
 Reference value :  1.45125e-08
 Reference value :  1.45275e-08
 Reference value :  1.45475e-08
 Reference value :  1.45675e-08
 Reference value :  1.45925e-08
 Reference value :  1.46125e-08
 Reference value :  1.46325e-08
 Reference value :  1.46575e-08
 Reference value :  1.46775e-08
 Reference value :  1.46975e-08
 Reference value :  1.47175e-08
 Reference value :  1.47375e-08
 Reference value :  1.47625e-08
 Reference value :  1.47825e-08
 Reference value :  1.48025e-08
 Reference value :  1.48275e-08
 Reference value :  1.48525e-08
 Reference value :  1.48725e-08
 Reference value :  1.48925e-08
 Reference value :  1.49225e-08
 Reference value :  1.49475e-08
 Reference value :  1.49725e-08
 Reference value :  1.49975e-08
 Reference value :  1.50175e-08
 Reference value :  1.50375e-08
 Reference value :  1.50575e-08
 Reference value :  1.50775e-08
 Reference value :  1.50975e-08
 Reference value :  1.51175e-08
 Reference value :  1.51375e-08
 Reference value :  1.51625e-08
 Reference value :  1.51825e-08
 Reference value :  1.52025e-08
 Reference value :  1.52275e-08
 Reference value :  1.52475e-08
 Reference value :  1.52725e-08
 Reference value :  1.52925e-08
 Reference value :  1.53125e-08
 Reference value :  1.53325e-08
 Reference value :  1.53475e-08
 Reference value :  1.53675e-08
 Reference value :  1.53875e-08
 Reference value :  1.54075e-08
 Reference value :  1.54275e-08
 Reference value :  1.54425e-08
 Reference value :  1.54625e-08
 Reference value :  1.54875e-08
 Reference value :  1.55125e-08
 Reference value :  1.55375e-08
 Reference value :  1.55575e-08
 Reference value :  1.55775e-08
 Reference value :  1.55925e-08
 Reference value :  1.56125e-08
 Reference value :  1.56325e-08
 Reference value :  1.56575e-08
 Reference value :  1.57025e-08
 Reference value :  1.57225e-08
 Reference value :  1.57375e-08
 Reference value :  1.57625e-08
 Reference value :  1.57825e-08
 Reference value :  1.58025e-08
 Reference value :  1.58225e-08
 Reference value :  1.58425e-08
 Reference value :  1.58625e-08
 Reference value :  1.58825e-08
 Reference value :  1.59075e-08
 Reference value :  1.59275e-08
 Reference value :  1.59525e-08
 Reference value :  1.59775e-08
 Reference value :  1.59975e-08
 Reference value :  1.60175e-08
 Reference value :  1.60375e-08
 Reference value :  1.60575e-08
 Reference value :  1.60775e-08
 Reference value :  1.61025e-08
 Reference value :  1.61225e-08
 Reference value :  1.61425e-08
 Reference value :  1.61675e-08
 Reference value :  1.61875e-08
 Reference value :  1.62075e-08
 Reference value :  1.62275e-08
 Reference value :  1.62475e-08
 Reference value :  1.62675e-08
 Reference value :  1.62825e-08
 Reference value :  1.63075e-08
 Reference value :  1.63275e-08
 Reference value :  1.63475e-08
 Reference value :  1.63675e-08
 Reference value :  1.63875e-08
 Reference value :  1.64125e-08
 Reference value :  1.64375e-08
 Reference value :  1.64625e-08
 Reference value :  1.64825e-08
 Reference value :  1.65025e-08
 Reference value :  1.65225e-08
 Reference value :  1.65425e-08
 Reference value :  1.65575e-08
 Reference value :  1.65825e-08
 Reference value :  1.66025e-08
 Reference value :  1.66175e-08
 Reference value :  1.66425e-08
 Reference value :  1.66625e-08
 Reference value :  1.66825e-08
 Reference value :  1.67025e-08
 Reference value :  1.67325e-08
 Reference value :  1.67575e-08
 Reference value :  1.67775e-08
 Reference value :  1.68025e-08
 Reference value :  1.68225e-08
 Reference value :  1.68475e-08
 Reference value :  1.68675e-08
 Reference value :  1.68875e-08
 Reference value :  1.69075e-08
 Reference value :  1.69325e-08
 Reference value :  1.69525e-08
 Reference value :  1.69725e-08
 Reference value :  1.69975e-08
 Reference value :  1.70175e-08
 Reference value :  1.70425e-08
 Reference value :  1.70675e-08
 Reference value :  1.70925e-08
 Reference value :  1.71125e-08
 Reference value :  1.71375e-08
 Reference value :  1.71575e-08
 Reference value :  1.71775e-08
 Reference value :  1.71925e-08
 Reference value :  1.72125e-08
 Reference value :  1.72375e-08
 Reference value :  1.72575e-08
 Reference value :  1.72775e-08
 Reference value :  1.73025e-08
 Reference value :  1.73275e-08
 Reference value :  1.73475e-08
 Reference value :  1.73675e-08
 Reference value :  1.73825e-08
 Reference value :  1.74025e-08
 Reference value :  1.74225e-08
 Reference value :  1.74425e-08
 Reference value :  1.74675e-08
 Reference value :  1.74825e-08
 Reference value :  1.75025e-08
 Reference value :  1.75275e-08
 Reference value :  1.75525e-08
 Reference value :  1.75725e-08
 Reference value :  1.75925e-08
 Reference value :  1.76175e-08
 Reference value :  1.76375e-08
 Reference value :  1.76575e-08
 Reference value :  1.76775e-08
 Reference value :  1.76975e-08
 Reference value :  1.77125e-08
 Reference value :  1.77375e-08
 Reference value :  1.77575e-08
 Reference value :  1.77775e-08
 Reference value :  1.78025e-08
 Reference value :  1.78225e-08
 Reference value :  1.78425e-08
 Reference value :  1.78625e-08
 Reference value :  1.78825e-08
 Reference value :  1.79025e-08
 Reference value :  1.79225e-08
 Reference value :  1.79425e-08
 Reference value :  1.79625e-08
 Reference value :  1.79825e-08
 Reference value :  1.79975e-08
 Reference value :  1.80175e-08
 Reference value :  1.80375e-08
 Reference value :  1.80625e-08
 Reference value :  1.80925e-08
 Reference value :  1.81175e-08
 Reference value :  1.81325e-08
 Reference value :  1.81525e-08
 Reference value :  1.81775e-08
 Reference value :  1.81975e-08
 Reference value :  1.82175e-08
 Reference value :  1.82375e-08
 Reference value :  1.82575e-08
 Reference value :  1.82775e-08
 Reference value :  1.82975e-08
 Reference value :  1.83175e-08
 Reference value :  1.83375e-08
 Reference value :  1.83575e-08
 Reference value :  1.83825e-08
 Reference value :  1.84075e-08
 Reference value :  1.84275e-08
 Reference value :  1.84475e-08
 Reference value :  1.84625e-08
 Reference value :  1.84825e-08
 Reference value :  1.85075e-08
 Reference value :  1.85275e-08
 Reference value :  1.85575e-08
 Reference value :  1.85775e-08
 Reference value :  1.86025e-08
 Reference value :  1.86275e-08
 Reference value :  1.86525e-08
 Reference value :  1.86725e-08
 Reference value :  1.86925e-08
 Reference value :  1.87125e-08
 Reference value :  1.87325e-08
 Reference value :  1.87525e-08
 Reference value :  1.87725e-08
 Reference value :  1.87925e-08
 Reference value :  1.88125e-08
 Reference value :  1.88325e-08
 Reference value :  1.88475e-08
 Reference value :  1.88675e-08
 Reference value :  1.88875e-08
 Reference value :  1.89125e-08
 Reference value :  1.89325e-08
 Reference value :  1.89525e-08
 Reference value :  1.89775e-08
 Reference value :  1.89975e-08
 Reference value :  1.90175e-08
 Reference value :  1.90425e-08
 Reference value :  1.90625e-08
 Reference value :  1.90825e-08
 Reference value :  1.90975e-08
 Reference value :  1.91175e-08
 Reference value :  1.91375e-08
 Reference value :  1.91575e-08
 Reference value :  1.91775e-08
 Reference value :  1.92025e-08
 Reference value :  1.92175e-08
 Reference value :  1.92325e-08
 Reference value :  1.92525e-08
 Reference value :  1.92775e-08
 Reference value :  1.93075e-08
 Reference value :  1.93325e-08
 Reference value :  1.93525e-08
 Reference value :  1.93675e-08
 Reference value :  1.93925e-08
 Reference value :  1.94125e-08
 Reference value :  1.94325e-08
 Reference value :  1.94525e-08
 Reference value :  1.94675e-08
 Reference value :  1.94825e-08
 Reference value :  1.94975e-08
 Reference value :  1.95175e-08
 Reference value :  1.95425e-08
 Reference value :  1.95675e-08
 Reference value :  1.95875e-08
 Reference value :  1.96075e-08
 Reference value :  1.96275e-08
 Reference value :  1.96425e-08
 Reference value :  1.96625e-08
 Reference value :  1.96775e-08
 Reference value :  1.96975e-08
 Reference value :  1.97175e-08
 Reference value :  1.97425e-08
 Reference value :  1.97625e-08
 Reference value :  1.97825e-08
 Reference value :  1.98025e-08
 Reference value :  1.98225e-08
 Reference value :  1.98425e-08
 Reference value :  1.98625e-08
 Reference value :  1.98875e-08
 Reference value :  1.99125e-08
 Reference value :  1.99325e-08
 Reference value :  1.99575e-08
 Reference value :  1.99775e-08
 Reference value :  1.99975e-08
 Reference value :  2.00225e-08
 Reference value :  2.00475e-08
 Reference value :  2.00675e-08
 Reference value :  2.00875e-08
 Reference value :  2.01075e-08
 Reference value :  2.01275e-08
 Reference value :  2.01475e-08
 Reference value :  2.01675e-08
 Reference value :  2.01875e-08
 Reference value :  2.02125e-08
 Reference value :  2.02275e-08
 Reference value :  2.02425e-08
 Reference value :  2.02575e-08
 Reference value :  2.02775e-08
 Reference value :  2.02975e-08
 Reference value :  2.03175e-08
 Reference value :  2.03375e-08
 Reference value :  2.03525e-08
 Reference value :  2.03775e-08
 Reference value :  2.03975e-08
 Reference value :  2.04125e-08
 Reference value :  2.04325e-08
 Reference value :  2.04575e-08
 Reference value :  2.04775e-08
 Reference value :  2.04975e-08
 Reference value :  2.05125e-08
 Reference value :  2.05325e-08
 Reference value :  2.05525e-08
 Reference value :  2.05725e-08
 Reference value :  2.05925e-08
 Reference value :  2.06125e-08
 Reference value :  2.06325e-08
 Reference value :  2.06525e-08
 Reference value :  2.06725e-08
 Reference value :  2.06975e-08
 Reference value :  2.07225e-08
 Reference value :  2.07375e-08
 Reference value :  2.07625e-08
 Reference value :  2.07875e-08
 Reference value :  2.08075e-08
 Reference value :  2.08325e-08
 Reference value :  2.08525e-08
 Reference value :  2.08675e-08
 Reference value :  2.08925e-08
 Reference value :  2.09125e-08
 Reference value :  2.09325e-08
 Reference value :  2.09525e-08
 Reference value :  2.09675e-08
 Reference value :  2.09925e-08
 Reference value :  2.10175e-08
 Reference value :  2.10375e-08
 Reference value :  2.10575e-08
 Reference value :  2.10825e-08
 Reference value :  2.11075e-08
 Reference value :  2.11275e-08
 Reference value :  2.11475e-08
 Reference value :  2.11725e-08
 Reference value :  2.11925e-08
 Reference value :  2.12125e-08
 Reference value :  2.12375e-08
 Reference value :  2.12575e-08
 Reference value :  2.12825e-08
 Reference value :  2.13075e-08
 Reference value :  2.13275e-08
 Reference value :  2.13525e-08
 Reference value :  2.13725e-08
 Reference value :  2.13925e-08
 Reference value :  2.14125e-08
 Reference value :  2.14425e-08
 Reference value :  2.14625e-08
 Reference value :  2.14825e-08
 Reference value :  2.15025e-08
 Reference value :  2.15225e-08
 Reference value :  2.15425e-08
 Reference value :  2.15625e-08
 Reference value :  2.15825e-08
 Reference value :  2.16025e-08
 Reference value :  2.16225e-08
 Reference value :  2.16425e-08
 Reference value :  2.16575e-08
 Reference value :  2.16725e-08
 Reference value :  2.16925e-08
 Reference value :  2.17125e-08
 Reference value :  2.17375e-08
 Reference value :  2.17575e-08
 Reference value :  2.17825e-08
 Reference value :  2.18025e-08
 Reference value :  2.18225e-08
 Reference value :  2.18425e-08
 Reference value :  2.18625e-08
 Reference value :  2.18825e-08
 Reference value :  2.19025e-08
 Reference value :  2.19175e-08
 Reference value :  2.19375e-08
 Reference value :  2.19575e-08
 Reference value :  2.19775e-08
 Reference value :  2.19975e-08
 Reference value :  2.20175e-08
 Reference value :  2.20425e-08
 Reference value :  2.20625e-08
 Reference value :  2.20825e-08
 Reference value :  2.21025e-08
 Reference value :  2.21275e-08
 Reference value :  2.21475e-08
 Reference value :  2.21675e-08
 Reference value :  2.21875e-08
 Reference value :  2.22075e-08
 Reference value :  2.22325e-08
 Reference value :  2.22525e-08
 Reference value :  2.22775e-08
 Reference value :  2.23025e-08
 Reference value :  2.23275e-08
 Reference value :  2.23475e-08
 Reference value :  2.23675e-08
 Reference value :  2.23875e-08
 Reference value :  2.24075e-08
 Reference value :  2.24325e-08
 Reference value :  2.24525e-08
 Reference value :  2.24775e-08
 Reference value :  2.25075e-08
 Reference value :  2.25375e-08
 Reference value :  2.25675e-08
 Reference value :  2.25875e-08
 Reference value :  2.26125e-08
 Reference value :  2.26325e-08
 Reference value :  2.26525e-08
 Reference value :  2.26725e-08
 Reference value :  2.26975e-08
 Reference value :  2.27175e-08
 Reference value :  2.27375e-08
 Reference value :  2.27575e-08
 Reference value :  2.27775e-08
 Reference value :  2.27975e-08
 Reference value :  2.28175e-08
 Reference value :  2.28375e-08
 Reference value :  2.28575e-08
 Reference value :  2.28775e-08
 Reference value :  2.28975e-08
 Reference value :  2.29175e-08
 Reference value :  2.29325e-08
 Reference value :  2.29525e-08
 Reference value :  2.29725e-08
 Reference value :  2.29925e-08
 Reference value :  2.30175e-08
 Reference value :  2.30425e-08
 Reference value :  2.30625e-08
 Reference value :  2.30775e-08
 Reference value :  2.31025e-08
 Reference value :  2.31275e-08
 Reference value :  2.31425e-08
 Reference value :  2.31575e-08
 Reference value :  2.31725e-08
 Reference value :  2.31925e-08
 Reference value :  2.32175e-08
 Reference value :  2.32325e-08
 Reference value :  2.32525e-08
 Reference value :  2.32725e-08
 Reference value :  2.32925e-08
 Reference value :  2.33175e-08
 Reference value :  2.33375e-08
 Reference value :  2.33575e-08
 Reference value :  2.33775e-08
 Reference value :  2.33975e-08
 Reference value :  2.34225e-08
 Reference value :  2.34575e-08
 Reference value :  2.34825e-08
 Reference value :  2.35125e-08
 Reference value :  2.35425e-08
 Reference value :  2.35625e-08
 Reference value :  2.35825e-08
 Reference value :  2.36075e-08
 Reference value :  2.36325e-08
 Reference value :  2.36575e-08
 Reference value :  2.36825e-08
 Reference value :  2.37075e-08
 Reference value :  2.37275e-08
 Reference value :  2.37525e-08
 Reference value :  2.37725e-08
 Reference value :  2.37925e-08
 Reference value :  2.38125e-08
 Reference value :  2.38325e-08
 Reference value :  2.38625e-08
 Reference value :  2.38775e-08
 Reference value :  2.38925e-08
 Reference value :  2.39075e-08
 Reference value :  2.39225e-08
 Reference value :  2.39425e-08
 Reference value :  2.39625e-08
 Reference value :  2.39775e-08
 Reference value :  2.39925e-08
 Reference value :  2.40175e-08
 Reference value :  2.40375e-08
 Reference value :  2.40575e-08
 Reference value :  2.40775e-08
 Reference value :  2.41025e-08
 Reference value :  2.41225e-08
 Reference value :  2.41425e-08
 Reference value :  2.41675e-08
 Reference value :  2.41875e-08
 Reference value :  2.42125e-08
 Reference value :  2.42375e-08
 Reference value :  2.42675e-08
 Reference value :  2.42875e-08
 Reference value :  2.43125e-08
 Reference value :  2.43325e-08
 Reference value :  2.43625e-08
 Reference value :  2.43875e-08
 Reference value :  2.44175e-08
 Reference value :  2.44425e-08
 Reference value :  2.44625e-08
 Reference value :  2.44875e-08
 Reference value :  2.45075e-08
 Reference value :  2.45425e-08
 Reference value :  2.45675e-08
 Reference value :  2.45975e-08
 Reference value :  2.46175e-08
 Reference value :  2.46425e-08
 Reference value :  2.46675e-08
 Reference value :  2.46875e-08
 Reference value :  2.47075e-08
 Reference value :  2.47225e-08
 Reference value :  2.47425e-08
 Reference value :  2.47625e-08
 Reference value :  2.47825e-08
 Reference value :  2.48075e-08
 Reference value :  2.48225e-08
 Reference value :  2.48475e-08
 Reference value :  2.48725e-08
 Reference value :  2.49025e-08
 Reference value :  2.49275e-08
 Reference value :  2.49475e-08
 Reference value :  2.49675e-08
 Reference value :  2.49875e-08
 Reference value :  2.50075e-08
 Reference value :  2.50275e-08
 Reference value :  2.50525e-08
 Reference value :  2.50825e-08
 Reference value :  2.51075e-08
 Reference value :  2.51325e-08
 Reference value :  2.51575e-08
 Reference value :  2.51775e-08
 Reference value :  2.51925e-08
 Reference value :  2.52125e-08
 Reference value :  2.52375e-08
 Reference value :  2.52625e-08
 Reference value :  2.52875e-08
 Reference value :  2.53075e-08
 Reference value :  2.53275e-08
 Reference value :  2.53475e-08
 Reference value :  2.53675e-08
 Reference value :  2.53875e-08
 Reference value :  2.54075e-08
 Reference value :  2.54325e-08
 Reference value :  2.54575e-08
 Reference value :  2.54825e-08
 Reference value :  2.55075e-08
 Reference value :  2.55275e-08
 Reference value :  2.55475e-08
 Reference value :  2.55675e-08
 Reference value :  2.55875e-08
 Reference value :  2.56075e-08
 Reference value :  2.56275e-08
 Reference value :  2.56475e-08
 Reference value :  2.56675e-08
 Reference value :  2.56875e-08
 Reference value :  2.57075e-08
 Reference value :  2.57275e-08
 Reference value :  2.57675e-08
 Reference value :  2.57875e-08
 Reference value :  2.58075e-08
 Reference value :  2.58325e-08
 Reference value :  2.61675e-08
 Reference value :  2.61875e-08
 Reference value :  2.62125e-08
 Reference value :  2.62375e-08
 Reference value :  2.62575e-08
 Reference value :  2.62825e-08
 Reference value :  2.63175e-08
 Reference value :  2.63425e-08
 Reference value :  2.63625e-08
 Reference value :  2.63825e-08
 Reference value :  2.63975e-08
 Reference value :  2.64225e-08
 Reference value :  2.64425e-08
 Reference value :  2.64625e-08
 Reference value :  2.64775e-08
 Reference value :  2.65025e-08
 Reference value :  2.65225e-08
 Reference value :  2.65475e-08
 Reference value :  2.65675e-08
 Reference value :  2.65875e-08
 Reference value :  2.66075e-08
 Reference value :  2.66275e-08
 Reference value :  2.66475e-08
 Reference value :  2.66625e-08
 Reference value :  2.66825e-08
 Reference value :  2.67025e-08
 Reference value :  2.67325e-08
 Reference value :  2.67575e-08
 Reference value :  2.67775e-08
 Reference value :  2.67975e-08
 Reference value :  2.68225e-08
 Reference value :  2.68475e-08
 Reference value :  2.68725e-08
 Reference value :  2.68925e-08
 Reference value :  2.69125e-08
 Reference value :  2.69275e-08
 Reference value :  2.69475e-08
 Reference value :  2.69625e-08
 Reference value :  2.69825e-08
 Reference value :  2.70175e-08
 Reference value :  2.70325e-08
 Reference value :  2.70525e-08
 Reference value :  2.70725e-08
 Reference value :  2.70925e-08
 Reference value :  2.71175e-08
 Reference value :  2.71425e-08
 Reference value :  2.71625e-08
 Reference value :  2.71825e-08
 Reference value :  2.72025e-08
 Reference value :  2.72175e-08
 Reference value :  2.72325e-08
 Reference value :  2.72525e-08
 Reference value :  2.72775e-08
 Reference value :  2.72975e-08
 Reference value :  2.73175e-08
 Reference value :  2.73375e-08
 Reference value :  2.73575e-08
 Reference value :  2.73775e-08
 Reference value :  2.73975e-08
 Reference value :  2.74175e-08
 Reference value :  2.74425e-08
 Reference value :  2.74625e-08
 Reference value :  2.74825e-08
 Reference value :  2.74975e-08
 Reference value :  2.75175e-08
 Reference value :  2.75375e-08
 Reference value :  2.75575e-08
 Reference value :  2.75725e-08
 Reference value :  2.75925e-08
 Reference value :  2.76175e-08
 Reference value :  2.76375e-08
 Reference value :  2.76575e-08
 Reference value :  2.76725e-08
 Reference value :  2.76925e-08
 Reference value :  2.77175e-08
 Reference value :  2.77425e-08
 Reference value :  2.77625e-08
 Reference value :  2.77875e-08
 Reference value :  2.78075e-08
 Reference value :  2.78275e-08
 Reference value :  2.78475e-08
 Reference value :  2.78675e-08
 Reference value :  2.78925e-08
 Reference value :  2.79125e-08
 Reference value :  2.79325e-08
 Reference value :  2.79575e-08
 Reference value :  2.79725e-08
 Reference value :  2.79925e-08
 Reference value :  2.80175e-08
 Reference value :  2.80375e-08
 Reference value :  2.80525e-08
 Reference value :  2.80775e-08
 Reference value :  2.80975e-08
 Reference value :  2.81225e-08
 Reference value :  2.81425e-08
 Reference value :  2.81575e-08
 Reference value :  2.81725e-08
 Reference value :  2.81925e-08
 Reference value :  2.82125e-08
 Reference value :  2.82375e-08
 Reference value :  2.82575e-08
 Reference value :  2.82725e-08
 Reference value :  2.82925e-08
 Reference value :  2.83125e-08
 Reference value :  2.83325e-08
 Reference value :  2.83525e-08
 Reference value :  2.83725e-08
 Reference value :  2.83925e-08
 Reference value :  2.84125e-08
 Reference value :  2.84375e-08
 Reference value :  2.84575e-08
 Reference value :  2.84775e-08
 Reference value :  2.84975e-08
 Reference value :  2.85175e-08
 Reference value :  2.85325e-08
 Reference value :  2.85525e-08
 Reference value :  2.85675e-08
 Reference value :  2.85825e-08
 Reference value :  2.86025e-08
 Reference value :  2.86225e-08
 Reference value :  2.86475e-08
 Reference value :  2.86675e-08
 Reference value :  2.86925e-08
 Reference value :  2.87075e-08
 Reference value :  2.87275e-08
 Reference value :  2.87475e-08
 Reference value :  2.87675e-08
 Reference value :  2.87875e-08
 Reference value :  2.88025e-08
 Reference value :  2.88225e-08
 Reference value :  2.88475e-08
 Reference value :  2.88625e-08
 Reference value :  2.88775e-08
 Reference value :  2.88925e-08
 Reference value :  2.89125e-08
 Reference value :  2.89325e-08
 Reference value :  2.89475e-08
 Reference value :  2.89675e-08
 Reference value :  2.89875e-08
 Reference value :  2.90075e-08
 Reference value :  2.90275e-08
 Reference value :  2.90425e-08
 Reference value :  2.90625e-08
 Reference value :  2.90825e-08
 Reference value :  2.90975e-08
 Reference value :  2.91125e-08
 Reference value :  2.91325e-08
 Reference value :  2.91525e-08
 Reference value :  2.91725e-08
 Reference value :  2.91925e-08
 Reference value :  2.92125e-08
 Reference value :  2.92325e-08
 Reference value :  2.92575e-08
 Reference value :  2.92825e-08
 Reference value :  2.93025e-08
 Reference value :  2.93225e-08
 Reference value :  2.93425e-08
 Reference value :  2.93625e-08
 Reference value :  2.93925e-08
 Reference value :  2.94125e-08
 Reference value :  2.94325e-08
 Reference value :  2.94575e-08
 Reference value :  2.94775e-08
 Reference value :  2.94975e-08
 Reference value :  2.95125e-08
 Reference value :  2.95325e-08
 Reference value :  2.95525e-08
 Reference value :  2.95725e-08
 Reference value :  2.95925e-08
 Reference value :  2.96175e-08
 Reference value :  2.96325e-08
 Reference value :  2.98425e-08
 Reference value :  2.98575e-08
 Reference value :  2.98725e-08
 Reference value :  2.98875e-08
 Reference value :  2.99075e-08
 Reference value :  2.99275e-08
 Reference value :  2.99475e-08
 Reference value :  2.99675e-08
 Reference value :  2.99875e-08
 Reference value :  3.00125e-08
 Reference value :  3.00325e-08
 Reference value :  3.00475e-08
 Reference value :  3.00725e-08
 Reference value :  3.00925e-08
 Reference value :  3.01125e-08
 Reference value :  3.01325e-08
 Reference value :  3.01525e-08
 Reference value :  3.01725e-08
 Reference value :  3.01925e-08
 Reference value :  3.02125e-08
 Reference value :  3.02275e-08
 Reference value :  3.02475e-08
 Reference value :  3.02675e-08
 Reference value :  3.02875e-08
 Reference value :  3.03075e-08
 Reference value :  3.03275e-08
 Reference value :  3.03475e-08
 Reference value :  3.03675e-08
 Reference value :  3.03875e-08
 Reference value :  3.04025e-08
 Reference value :  3.04175e-08
 Reference value :  3.04375e-08
 Reference value :  3.04575e-08
 Reference value :  3.04775e-08
 Reference value :  3.04975e-08
 Reference value :  3.05125e-08
 Reference value :  3.05375e-08
 Reference value :  3.05575e-08
 Reference value :  3.05775e-08
 Reference value :  3.05925e-08
 Reference value :  3.06125e-08
 Reference value :  3.06325e-08
 Reference value :  3.06525e-08
 Reference value :  3.06725e-08
 Reference value :  3.06925e-08
 Reference value :  3.07175e-08
 Reference value :  3.07325e-08
 Reference value :  3.07525e-08
 Reference value :  3.07725e-08
 Reference value :  3.07925e-08
 Reference value :  3.08125e-08
 Reference value :  3.08275e-08
 Reference value :  3.08425e-08
 Reference value :  3.08575e-08
 Reference value :  3.08725e-08
 Reference value :  3.08925e-08
 Reference value :  3.09125e-08
 Reference value :  3.09325e-08
 Reference value :  3.09525e-08
 Reference value :  3.09675e-08
 Reference value :  3.09875e-08
 Reference value :  3.10075e-08
 Reference value :  3.10275e-08
 Reference value :  3.10425e-08
 Reference value :  3.10575e-08
 Reference value :  3.10775e-08
 Reference value :  3.10975e-08
 Reference value :  3.11175e-08
 Reference value :  3.11375e-08
 Reference value :  3.11575e-08
 Reference value :  3.11725e-08
 Reference value :  3.11925e-08
 Reference value :  3.12125e-08
 Reference value :  3.12325e-08
 Reference value :  3.12525e-08
 Reference value :  3.12725e-08
 Reference value :  3.12975e-08
 Reference value :  3.13175e-08
 Reference value :  3.13375e-08
 Reference value :  3.13575e-08
 Reference value :  3.13775e-08
 Reference value :  3.14025e-08
 Reference value :  3.14225e-08
 Reference value :  3.14525e-08
 Reference value :  3.14775e-08
 Reference value :  3.14925e-08
 Reference value :  3.15075e-08
 Reference value :  3.15275e-08
 Reference value :  3.15475e-08
 Reference value :  3.15675e-08
 Reference value :  3.15875e-08
 Reference value :  3.16125e-08
 Reference value :  3.16325e-08
 Reference value :  3.16525e-08
 Reference value :  3.16725e-08
 Reference value :  3.16925e-08
 Reference value :  3.17125e-08
 Reference value :  3.17275e-08
 Reference value :  3.17425e-08
 Reference value :  3.17675e-08
 Reference value :  3.17825e-08
 Reference value :  3.18025e-08
 Reference value :  3.18225e-08
 Reference value :  3.18425e-08
 Reference value :  3.18625e-08
 Reference value :  3.18825e-08
 Reference value :  3.19025e-08
 Reference value :  3.19225e-08
 Reference value :  3.19375e-08
 Reference value :  3.19575e-08
 Reference value :  3.19775e-08
 Reference value :  3.19975e-08
 Reference value :  3.20225e-08
 Reference value :  3.20375e-08
 Reference value :  3.20575e-08
 Reference value :  3.20775e-08
 Reference value :  3.20925e-08
 Reference value :  3.21125e-08
 Reference value :  3.21275e-08
 Reference value :  3.21525e-08
 Reference value :  3.21725e-08
 Reference value :  3.21925e-08
 Reference value :  3.22125e-08
 Reference value :  3.22325e-08
 Reference value :  3.22475e-08
 Reference value :  3.22725e-08
 Reference value :  3.22875e-08
 Reference value :  3.23025e-08
 Reference value :  3.23225e-08
 Reference value :  3.23375e-08
 Reference value :  3.23575e-08
 Reference value :  3.23775e-08
 Reference value :  3.23925e-08
 Reference value :  3.24125e-08
 Reference value :  3.24325e-08
 Reference value :  3.24525e-08
 Reference value :  3.24675e-08
 Reference value :  3.24875e-08
 Reference value :  3.25075e-08
 Reference value :  3.25325e-08
 Reference value :  3.25525e-08
 Reference value :  3.25725e-08
 Reference value :  3.25925e-08
 Reference value :  3.26125e-08
 Reference value :  3.26325e-08
 Reference value :  3.26575e-08
 Reference value :  3.26825e-08
 Reference value :  3.27075e-08
 Reference value :  3.27275e-08
 Reference value :  3.27475e-08
 Reference value :  3.27675e-08
 Reference value :  3.27925e-08
 Reference value :  3.28125e-08
 Reference value :  3.28325e-08
 Reference value :  3.28475e-08
 Reference value :  3.28675e-08
 Reference value :  3.28875e-08
 Reference value :  3.29075e-08
 Reference value :  3.29275e-08
 Reference value :  3.29425e-08
 Reference value :  3.29575e-08
 Reference value :  3.29725e-08
 Reference value :  3.29875e-08
 Reference value :  3.30025e-08
 Reference value :  3.30175e-08
 Reference value :  3.30375e-08
 Reference value :  3.30625e-08
 Reference value :  3.30825e-08
 Reference value :  3.31025e-08
 Reference value :  3.31275e-08
 Reference value :  3.31475e-08
 Reference value :  3.31675e-08
 Reference value :  3.31875e-08
 Reference value :  3.32075e-08
 Reference value :  3.32275e-08
 Reference value :  3.32475e-08
 Reference value :  3.32675e-08
 Reference value :  3.32875e-08
 Reference value :  3.33125e-08
 Reference value :  3.33375e-08
 Reference value :  3.33575e-08
 Reference value :  3.33875e-08
 Reference value :  3.34025e-08
 Reference value :  3.34225e-08
 Reference value :  3.34425e-08
 Reference value :  3.34625e-08
 Reference value :  3.34825e-08
 Reference value :  3.35025e-08
 Reference value :  3.35225e-08
 Reference value :  3.35425e-08
 Reference value :  3.35625e-08
 Reference value :  3.35825e-08
 Reference value :  3.36025e-08
 Reference value :  3.36225e-08
 Reference value :  3.36375e-08
 Reference value :  3.36575e-08
 Reference value :  3.36825e-08
 Reference value :  3.37025e-08
 Reference value :  3.37275e-08
 Reference value :  3.37525e-08
 Reference value :  3.37675e-08
 Reference value :  3.37875e-08
 Reference value :  3.38075e-08
 Reference value :  3.38275e-08
 Reference value :  3.38525e-08
 Reference value :  3.38825e-08
 Reference value :  3.39075e-08
 Reference value :  3.39375e-08
 Reference value :  3.39575e-08
 Reference value :  3.39775e-08
 Reference value :  3.39975e-08
 Reference value :  3.40175e-08
 Reference value :  3.40375e-08
 Reference value :  3.40575e-08
 Reference value :  3.40775e-08
 Reference value :  3.40925e-08
 Reference value :  3.41125e-08
 Reference value :  3.41275e-08
 Reference value :  3.41475e-08
 Reference value :  3.41675e-08
 Reference value :  3.41925e-08
 Reference value :  3.42075e-08
 Reference value :  3.42275e-08
 Reference value :  3.42475e-08
 Reference value :  3.42675e-08
 Reference value :  3.42875e-08
 Reference value :  3.43075e-08
 Reference value :  3.43225e-08
 Reference value :  3.43425e-08
 Reference value :  3.43625e-08
 Reference value :  3.43825e-08
 Reference value :  3.43975e-08
 Reference value :  3.44175e-08
 Reference value :  3.44375e-08
 Reference value :  3.44575e-08
 Reference value :  3.44775e-08
 Reference value :  3.44925e-08
 Reference value :  3.45125e-08
 Reference value :  3.45275e-08
 Reference value :  3.45475e-08
 Reference value :  3.45625e-08
 Reference value :  3.45825e-08
 Reference value :  3.46075e-08
 Reference value :  3.46275e-08
 Reference value :  3.46425e-08
 Reference value :  3.46575e-08
 Reference value :  3.46775e-08
 Reference value :  3.46975e-08
 Reference value :  3.47225e-08
 Reference value :  3.47425e-08
 Reference value :  3.47575e-08
 Reference value :  3.47825e-08
 Reference value :  3.48025e-08
 Reference value :  3.48275e-08
 Reference value :  3.48475e-08
 Reference value :  3.48675e-08
 Reference value :  3.48875e-08
 Reference value :  3.49075e-08
 Reference value :  3.49225e-08
 Reference value :  3.49425e-08
 Reference value :  3.49575e-08
 Reference value :  3.49775e-08
 Reference value :  3.49975e-08
 Reference value :  3.50175e-08
 Reference value :  3.50375e-08
 Reference value :  3.50625e-08
 Reference value :  3.50825e-08
 Reference value :  3.51025e-08
 Reference value :  3.51275e-08
 Reference value :  3.51475e-08
 Reference value :  3.51625e-08
 Reference value :  3.51775e-08
 Reference value :  3.51975e-08
 Reference value :  3.52175e-08
 Reference value :  3.52375e-08
 Reference value :  3.52575e-08
 Reference value :  3.52775e-08
 Reference value :  3.52925e-08
 Reference value :  3.53125e-08
 Reference value :  3.53325e-08
 Reference value :  3.53525e-08
 Reference value :  3.53725e-08
 Reference value :  3.54025e-08
 Reference value :  3.54175e-08
 Reference value :  3.54375e-08
 Reference value :  3.54575e-08
 Reference value :  3.54775e-08
 Reference value :  3.54925e-08
 Reference value :  3.55075e-08
 Reference value :  3.55225e-08
 Reference value :  3.55375e-08
 Reference value :  3.55575e-08
 Reference value :  3.55775e-08
 Reference value :  3.55975e-08
 Reference value :  3.56175e-08
 Reference value :  3.56375e-08
 Reference value :  3.56575e-08
 Reference value :  3.56775e-08
 Reference value :  3.56975e-08
 Reference value :  3.57125e-08
 Reference value :  3.57275e-08
 Reference value :  3.57475e-08
 Reference value :  3.57675e-08
 Reference value :  3.57875e-08
 Reference value :  3.58075e-08
 Reference value :  3.58275e-08
 Reference value :  3.58425e-08
 Reference value :  3.58575e-08
 Reference value :  3.58775e-08
 Reference value :  3.58975e-08
 Reference value :  3.59125e-08
 Reference value :  3.59275e-08
 Reference value :  3.59425e-08
 Reference value :  3.59625e-08
 Reference value :  3.59825e-08
 Reference value :  3.60025e-08
 Reference value :  3.60225e-08
 Reference value :  3.60425e-08
 Reference value :  3.60675e-08
 Reference value :  3.60875e-08
 Reference value :  3.61075e-08
 Reference value :  3.61225e-08
 Reference value :  3.61475e-08
 Reference value :  3.61625e-08
 Reference value :  3.61825e-08
 Reference value :  3.61975e-08
 Reference value :  3.62125e-08
 Reference value :  3.62275e-08
 Reference value :  3.62425e-08
 Reference value :  3.62625e-08
 Reference value :  3.62825e-08
 Reference value :  3.63025e-08
 Reference value :  3.63225e-08
 Reference value :  3.63425e-08
 Reference value :  3.63625e-08
 Reference value :  3.63775e-08
 Reference value :  3.63975e-08
 Reference value :  3.64175e-08
 Reference value :  3.64325e-08
 Reference value :  3.64475e-08
 Reference value :  3.64625e-08
 Reference value :  3.64825e-08
 Reference value :  3.65025e-08
 Reference value :  3.65225e-08
 Reference value :  3.65425e-08
 Reference value :  3.65625e-08
 Reference value :  3.65825e-08
 Reference value :  3.66025e-08
 Reference value :  3.66225e-08
 Reference value :  3.66425e-08
 Reference value :  3.66625e-08
 Reference value :  3.66825e-08
 Reference value :  3.67075e-08
 Reference value :  3.67275e-08
 Reference value :  3.67425e-08
 Reference value :  3.67625e-08
 Reference value :  3.67825e-08
 Reference value :  3.68025e-08
 Reference value :  3.68225e-08
 Reference value :  3.68425e-08
 Reference value :  3.68625e-08
 Reference value :  3.68825e-08
 Reference value :  3.68975e-08
 Reference value :  3.69175e-08
 Reference value :  3.69425e-08
 Reference value :  3.69575e-08
 Reference value :  3.69775e-08
 Reference value :  3.69975e-08
 Reference value :  3.70175e-08
 Reference value :  3.70375e-08
 Reference value :  3.70525e-08
 Reference value :  3.70725e-08
 Reference value :  3.70875e-08
 Reference value :  3.71025e-08
 Reference value :  3.71225e-08
 Reference value :  3.71425e-08
 Reference value :  3.71625e-08
 Reference value :  3.71825e-08
 Reference value :  3.71975e-08
 Reference value :  3.72175e-08
 Reference value :  3.72325e-08
 Reference value :  3.72525e-08
 Reference value :  3.72725e-08
 Reference value :  3.72975e-08
 Reference value :  3.73225e-08
 Reference value :  3.73425e-08
 Reference value :  3.73575e-08
 Reference value :  3.73775e-08
 Reference value :  3.74025e-08
 Reference value :  3.74275e-08
 Reference value :  3.74425e-08
 Reference value :  3.74625e-08
 Reference value :  3.74775e-08
 Reference value :  3.74975e-08
 Reference value :  3.75175e-08
 Reference value :  3.75375e-08
 Reference value :  3.75525e-08
 Reference value :  3.75725e-08
 Reference value :  3.75925e-08
 Reference value :  3.76125e-08
 Reference value :  3.76275e-08
 Reference value :  3.76475e-08
 Reference value :  3.76675e-08
 Reference value :  3.76875e-08
 Reference value :  3.77125e-08
 Reference value :  3.77275e-08
 Reference value :  3.77425e-08
 Reference value :  3.77625e-08
 Reference value :  3.77825e-08
 Reference value :  3.78025e-08
 Reference value :  3.78225e-08
 Reference value :  3.78425e-08
 Reference value :  3.78575e-08
 Reference value :  3.78775e-08
 Reference value :  3.78975e-08
 Reference value :  3.79125e-08
 Reference value :  3.79325e-08
 Reference value :  3.79525e-08
 Reference value :  3.79725e-08
 Reference value :  3.79925e-08
 Reference value :  3.80125e-08
 Reference value :  3.80275e-08
 Reference value :  3.80425e-08
 Reference value :  3.80625e-08
 Reference value :  3.80875e-08
 Reference value :  3.81075e-08
 Reference value :  3.81275e-08
 Reference value :  3.81475e-08
 Reference value :  3.81675e-08
 Reference value :  3.81875e-08
 Reference value :  3.82075e-08
 Reference value :  3.82275e-08
 Reference value :  3.82475e-08
 Reference value :  3.82675e-08
 Reference value :  3.82875e-08
 Reference value :  3.83075e-08
 Reference value :  3.83275e-08
 Reference value :  3.83475e-08
 Reference value :  3.83675e-08
 Reference value :  3.83875e-08
 Reference value :  3.84025e-08
 Reference value :  3.84225e-08
 Reference value :  3.84425e-08
 Reference value :  3.84675e-08
 Reference value :  3.84875e-08
 Reference value :  3.85075e-08
 Reference value :  3.85275e-08
 Reference value :  3.85475e-08
 Reference value :  3.85675e-08
 Reference value :  3.85825e-08
 Reference value :  3.86025e-08
 Reference value :  3.86225e-08
 Reference value :  3.86425e-08
 Reference value :  3.86575e-08
 Reference value :  3.86775e-08
 Reference value :  3.86975e-08
 Reference value :  3.87175e-08
 Reference value :  3.87325e-08
 Reference value :  3.87525e-08
 Reference value :  3.87725e-08
 Reference value :  3.87925e-08
 Reference value :  3.88075e-08
 Reference value :  3.88275e-08
 Reference value :  3.88525e-08
 Reference value :  3.88725e-08
 Reference value :  3.88975e-08
 Reference value :  3.89175e-08
 Reference value :  3.89375e-08
 Reference value :  3.89525e-08
 Reference value :  3.89725e-08
 Reference value :  3.89875e-08
 Reference value :  3.90025e-08
 Reference value :  3.90225e-08
 Reference value :  3.90375e-08
 Reference value :  3.90575e-08
 Reference value :  3.90825e-08
 Reference value :  3.91075e-08
 Reference value :  3.91275e-08
 Reference value :  3.91425e-08
 Reference value :  3.91675e-08
 Reference value :  3.91875e-08
 Reference value :  3.92075e-08
 Reference value :  3.92275e-08
 Reference value :  3.92425e-08
 Reference value :  3.92625e-08
 Reference value :  3.92775e-08
 Reference value :  3.92925e-08
 Reference value :  3.93125e-08
 Reference value :  3.93325e-08
 Reference value :  3.93475e-08
 Reference value :  3.93625e-08
 Reference value :  3.93825e-08
 Reference value :  3.93975e-08
 Reference value :  3.94125e-08
 Reference value :  3.94325e-08
 Reference value :  3.94525e-08
 Reference value :  3.94725e-08
 Reference value :  3.94975e-08
 Reference value :  3.95175e-08
 Reference value :  3.95375e-08
 Reference value :  3.95575e-08
 Reference value :  3.95775e-08
 Reference value :  3.95975e-08
 Reference value :  3.96175e-08
 Reference value :  3.96475e-08
 Reference value :  3.96725e-08
 Reference value :  3.96925e-08
 Reference value :  3.97125e-08
 Reference value :  3.97325e-08
 Reference value :  3.97575e-08
 Reference value :  3.97775e-08
 Reference value :  3.97975e-08
 Reference value :  3.98125e-08
 Reference value :  3.98325e-08
 Reference value :  3.98475e-08
 Reference value :  3.98625e-08
 Reference value :  3.98825e-08
 Reference value :  3.99025e-08
 Reference value :  3.99175e-08
 Reference value :  3.99375e-08
 Reference value :  3.99575e-08
 Reference value :  3.99775e-08
 Reference value :  3.99975e-08
 Reference value :  4.00175e-08
 Reference value :  4.00375e-08
 Reference value :  4.00575e-08
 Reference value :  4.00775e-08
 Reference value :  4.00925e-08
 Reference value :  4.01125e-08
 Reference value :  4.01325e-08
 Reference value :  4.01475e-08
 Reference value :  4.01675e-08
 Reference value :  4.01925e-08
 Reference value :  4.02125e-08
 Reference value :  4.02325e-08
 Reference value :  4.02475e-08
 Reference value :  4.02675e-08
 Reference value :  4.02875e-08
 Reference value :  4.03125e-08
 Reference value :  4.03275e-08
 Reference value :  4.03475e-08
 Reference value :  4.03675e-08
 Reference value :  4.03875e-08
 Reference value :  4.04075e-08
 Reference value :  4.04325e-08
 Reference value :  4.04525e-08
 Reference value :  4.04675e-08
 Reference value :  4.04925e-08
 Reference value :  4.05175e-08
 Reference value :  4.05375e-08
 Reference value :  4.05525e-08
 Reference value :  4.05675e-08
 Reference value :  4.05825e-08
 Reference value :  4.05975e-08
 Reference value :  4.06175e-08
 Reference value :  4.06375e-08
 Reference value :  4.06575e-08
 Reference value :  4.06725e-08
 Reference value :  4.06925e-08
 Reference value :  4.07075e-08
 Reference value :  4.07225e-08
 Reference value :  4.07425e-08
 Reference value :  4.07575e-08
 Reference value :  4.07825e-08
 Reference value :  4.08075e-08
 Reference value :  4.08275e-08
 Reference value :  4.08475e-08
 Reference value :  4.08675e-08
 Reference value :  4.08825e-08
 Reference value :  4.08975e-08
 Reference value :  4.09175e-08
 Reference value :  4.09375e-08
 Reference value :  4.09575e-08
 Reference value :  4.09775e-08
 Reference value :  4.09975e-08
 Reference value :  4.10175e-08
 Reference value :  4.10325e-08
 Reference value :  4.10525e-08
 Reference value :  4.10675e-08
 Reference value :  4.10825e-08
 Reference value :  4.10975e-08
 Reference value :  4.11175e-08
 Reference value :  4.11425e-08
 Reference value :  4.11625e-08
 Reference value :  4.11875e-08
 Reference value :  4.12075e-08
 Reference value :  4.12275e-08
 Reference value :  4.12425e-08
 Reference value :  4.12625e-08
 Reference value :  4.12775e-08
 Reference value :  4.12925e-08
 Reference value :  4.13175e-08
 Reference value :  4.13425e-08
 Reference value :  4.13625e-08
 Reference value :  4.13875e-08
 Reference value :  4.14125e-08
 Reference value :  4.14275e-08
 Reference value :  4.14475e-08
 Reference value :  4.14675e-08
 Reference value :  4.14925e-08
 Reference value :  4.15125e-08
 Reference value :  4.15325e-08
 Reference value :  4.15525e-08
 Reference value :  4.15775e-08
 Reference value :  4.15975e-08
 Reference value :  4.16175e-08
 Reference value :  4.16375e-08
 Reference value :  4.16575e-08
 Reference value :  4.16775e-08
 Reference value :  4.16975e-08
 Reference value :  4.17175e-08
 Reference value :  4.17375e-08
 Reference value :  4.17575e-08
 Reference value :  4.17775e-08
 Reference value :  4.17975e-08
 Reference value :  4.18175e-08
 Reference value :  4.18375e-08
 Reference value :  4.18575e-08
 Reference value :  4.18775e-08
 Reference value :  4.18975e-08
 Reference value :  4.19175e-08
 Reference value :  4.19375e-08
 Reference value :  4.19575e-08
 Reference value :  4.19775e-08
 Reference value :  4.20025e-08
 Reference value :  4.20275e-08
 Reference value :  4.20475e-08
 Reference value :  4.20675e-08
 Reference value :  4.20825e-08
 Reference value :  4.21025e-08
 Reference value :  4.21225e-08
 Reference value :  4.21425e-08
 Reference value :  4.21675e-08
 Reference value :  4.21875e-08
 Reference value :  4.22075e-08
 Reference value :  4.22275e-08
 Reference value :  4.22425e-08
 Reference value :  4.22575e-08
 Reference value :  4.22825e-08
 Reference value :  4.23025e-08
 Reference value :  4.23225e-08
 Reference value :  4.23375e-08
 Reference value :  4.23575e-08
 Reference value :  4.23775e-08
 Reference value :  4.23975e-08
 Reference value :  4.24175e-08
 Reference value :  4.24375e-08
 Reference value :  4.24625e-08
 Reference value :  4.24825e-08
 Reference value :  4.25025e-08
 Reference value :  4.25225e-08
 Reference value :  4.25425e-08
 Reference value :  4.25625e-08
 Reference value :  4.25825e-08
 Reference value :  4.25975e-08
 Reference value :  4.26175e-08
 Reference value :  4.26375e-08
 Reference value :  4.26575e-08
 Reference value :  4.26775e-08
 Reference value :  4.26975e-08
 Reference value :  4.27175e-08
 Reference value :  4.27375e-08
 Reference value :  4.27575e-08
 Reference value :  4.27775e-08
 Reference value :  4.27975e-08
 Reference value :  4.28175e-08
 Reference value :  4.28375e-08
 Reference value :  4.28575e-08
 Reference value :  4.28775e-08
 Reference value :  4.28975e-08
 Reference value :  4.29175e-08
 Reference value :  4.29325e-08
 Reference value :  4.29575e-08
 Reference value :  4.29775e-08
 Reference value :  4.30025e-08
 Reference value :  4.30175e-08
 Reference value :  4.30375e-08
 Reference value :  4.30575e-08
 Reference value :  4.30825e-08
 Reference value :  4.31025e-08
 Reference value :  4.31175e-08
 Reference value :  4.31375e-08
 Reference value :  4.31575e-08
 Reference value :  4.31775e-08
 Reference value :  4.31975e-08
 Reference value :  4.32175e-08
 Reference value :  4.32375e-08
 Reference value :  4.32575e-08
 Reference value :  4.32775e-08
 Reference value :  4.33025e-08
 Reference value :  4.33175e-08
 Reference value :  4.33375e-08
 Reference value :  4.33575e-08
 Reference value :  4.33825e-08
 Reference value :  4.34025e-08
 Reference value :  4.34225e-08
 Reference value :  4.34425e-08
 Reference value :  4.34625e-08
 Reference value :  4.34775e-08
 Reference value :  4.34925e-08
 Reference value :  4.35075e-08
 Reference value :  4.35225e-08
 Reference value :  4.35475e-08
 Reference value :  4.35625e-08
 Reference value :  4.35825e-08
 Reference value :  4.36025e-08
 Reference value :  4.36175e-08
 Reference value :  4.36375e-08
 Reference value :  4.36575e-08
 Reference value :  4.36775e-08
 Reference value :  4.36975e-08
 Reference value :  4.37175e-08
 Reference value :  4.37325e-08
 Reference value :  4.37525e-08
 Reference value :  4.37725e-08
 Reference value :  4.37925e-08
 Reference value :  4.38125e-08
 Reference value :  4.38325e-08
 Reference value :  4.38525e-08
 Reference value :  4.38725e-08
 Reference value :  4.38925e-08
 Reference value :  4.39075e-08
 Reference value :  4.39225e-08
 Reference value :  4.39425e-08
 Reference value :  4.39575e-08
 Reference value :  4.39725e-08
 Reference value :  4.39875e-08
 Reference value :  4.40025e-08
 Reference value :  4.40175e-08
 Reference value :  4.40375e-08
 Reference value :  4.40575e-08
 Reference value :  4.40725e-08
 Reference value :  4.40875e-08
 Reference value :  4.41075e-08
 Reference value :  4.41275e-08
 Reference value :  4.41525e-08
 Reference value :  4.41725e-08
 Reference value :  4.41875e-08
 Reference value :  4.42075e-08
 Reference value :  4.42275e-08
 Reference value :  4.42475e-08
 Reference value :  4.42625e-08
 Reference value :  4.42825e-08
 Reference value :  4.43025e-08
 Reference value :  4.43225e-08
 Reference value :  4.43425e-08
 Reference value :  4.43625e-08
 Reference value :  4.43875e-08
 Reference value :  4.44075e-08
 Reference value :  4.44275e-08
 Reference value :  4.44475e-08
 Reference value :  4.44675e-08
 Reference value :  4.44875e-08
 Reference value :  4.45075e-08
 Reference value :  4.45275e-08
 Reference value :  4.45475e-08
 Reference value :  4.45675e-08
 Reference value :  4.45875e-08
 Reference value :  4.46025e-08
 Reference value :  4.46225e-08
 Reference value :  4.46425e-08
 Reference value :  4.46625e-08
 Reference value :  4.46775e-08
 Reference value :  4.46925e-08
 Reference value :  4.47125e-08
 Reference value :  4.47375e-08
 Reference value :  4.47575e-08
 Reference value :  4.47775e-08
 Reference value :  4.47975e-08
 Reference value :  4.48175e-08
 Reference value :  4.48375e-08
 Reference value :  4.48575e-08
 Reference value :  4.48725e-08
 Reference value :  4.48875e-08
 Reference value :  4.49025e-08
 Reference value :  4.49225e-08
 Reference value :  4.49425e-08
 Reference value :  4.49575e-08
 Reference value :  4.49775e-08
 Reference value :  4.49975e-08
 Reference value :  4.50125e-08
 Reference value :  4.50275e-08
 Reference value :  4.50475e-08
 Reference value :  4.50625e-08
 Reference value :  4.50825e-08
 Reference value :  4.51000e-08
No. of Data Rows : 9034
Note: Simulation executed from .control section 
