
Note: Compatibility modes selected: hs a


Circuit: * comparator-decision regen-time sweep -- vindiff=5mv corner=sf temp=125.0c (issue #9)

option SCALE: Scale is set to 1e-06 for instance and model parameters
option SCALE: Scale is set to 1e-06 for instance and model parameters
option SCALE: Scale is set to 1e-06 for instance and model parameters
option SCALE: Scale is set to 1e-06 for instance and model parameters
Doing analysis at TEMP = 125.000000 and TNOM = 27.000000

Using KLU as Direct Linear Solver
 Reference value :  0.00000e+00
 Reference value :  4.00000e-13
 Reference value :  6.40000e-12
 Reference value :  2.64000e-11
 Reference value :  4.64000e-11
 Reference value :  6.64000e-11
 Reference value :  8.64000e-11
 Reference value :  1.06400e-10
 Reference value :  1.26400e-10
 Reference value :  1.46400e-10
 Reference value :  1.66400e-10
 Reference value :  1.86400e-10
 Reference value :  2.06400e-10
 Reference value :  2.26400e-10
 Reference value :  2.51400e-10
 Reference value :  2.71400e-10
 Reference value :  2.91400e-10
 Reference value :  3.11400e-10
 Reference value :  3.31400e-10
 Reference value :  3.56400e-10
 Reference value :  3.76400e-10
 Reference value :  3.96400e-10
 Reference value :  4.16400e-10
 Reference value :  4.31400e-10
 Reference value :  4.51400e-10
 Reference value :  4.71400e-10
 Reference value :  4.91400e-10
 Reference value :  5.11400e-10
 Reference value :  5.31400e-10
 Reference value :  5.51400e-10
 Reference value :  5.71400e-10
 Reference value :  5.91400e-10
 Reference value :  6.06400e-10
 Reference value :  6.26400e-10
 Reference value :  6.46400e-10
 Reference value :  6.66400e-10
 Reference value :  6.81400e-10
 Reference value :  7.01400e-10
 Reference value :  7.16400e-10
 Reference value :  7.31400e-10
 Reference value :  7.56400e-10
 Reference value :  7.71400e-10
 Reference value :  7.91400e-10
 Reference value :  8.11400e-10
 Reference value :  8.31400e-10
 Reference value :  8.56400e-10
 Reference value :  8.76400e-10
 Reference value :  8.96400e-10
 Reference value :  9.16400e-10
 Reference value :  9.36400e-10
 Reference value :  9.56400e-10
 Reference value :  9.76400e-10
 Reference value :  9.91400e-10
 Reference value :  1.00640e-09
 Reference value :  1.02640e-09
 Reference value :  1.04640e-09
 Reference value :  1.06640e-09
 Reference value :  1.08640e-09
 Reference value :  1.10640e-09
 Reference value :  1.12140e-09
 Reference value :  1.13640e-09
 Reference value :  1.15640e-09
 Reference value :  1.17640e-09
 Reference value :  1.19140e-09
 Reference value :  1.21140e-09
 Reference value :  1.23140e-09
 Reference value :  1.25140e-09
 Reference value :  1.27140e-09
 Reference value :  1.28640e-09
 Reference value :  1.30640e-09
 Reference value :  1.32640e-09
 Reference value :  1.34640e-09
 Reference value :  1.36140e-09
 Reference value :  1.38140e-09
 Reference value :  1.40140e-09
 Reference value :  1.42640e-09
 Reference value :  1.44640e-09
 Reference value :  1.46640e-09
 Reference value :  1.48640e-09
 Reference value :  1.50640e-09
 Reference value :  1.53140e-09
 Reference value :  1.55140e-09
 Reference value :  1.57140e-09
 Reference value :  1.59140e-09
 Reference value :  1.61140e-09
 Reference value :  1.62640e-09
 Reference value :  1.64140e-09
 Reference value :  1.66140e-09
 Reference value :  1.68140e-09
 Reference value :  1.70640e-09
 Reference value :  1.72140e-09
 Reference value :  1.74140e-09
 Reference value :  1.76140e-09
 Reference value :  1.78140e-09
 Reference value :  1.80140e-09
 Reference value :  1.82140e-09
 Reference value :  1.84140e-09
 Reference value :  1.86140e-09
 Reference value :  1.88640e-09
 Reference value :  1.90640e-09
 Reference value :  1.92640e-09
 Reference value :  1.94140e-09
 Reference value :  1.96140e-09
 Reference value :  1.98140e-09
 Reference value :  2.00140e-09
 Reference value :  2.01640e-09
 Reference value :  2.03140e-09
 Reference value :  2.05140e-09
 Reference value :  2.07140e-09
 Reference value :  2.09640e-09
 Reference value :  2.12140e-09
 Reference value :  2.13640e-09
 Reference value :  2.15640e-09
 Reference value :  2.17640e-09
 Reference value :  2.19640e-09
 Reference value :  2.21640e-09
 Reference value :  2.23140e-09
 Reference value :  2.25140e-09
 Reference value :  2.27140e-09
 Reference value :  2.29140e-09
 Reference value :  2.31140e-09
 Reference value :  2.33140e-09
 Reference value :  2.35140e-09
 Reference value :  2.37140e-09
 Reference value :  2.38640e-09
 Reference value :  2.40640e-09
 Reference value :  2.42640e-09
 Reference value :  2.44140e-09
 Reference value :  2.45640e-09
 Reference value :  2.47640e-09
 Reference value :  2.49640e-09
 Reference value :  2.51640e-09
 Reference value :  2.53140e-09
 Reference value :  2.55140e-09
 Reference value :  2.57140e-09
 Reference value :  2.59140e-09
 Reference value :  2.61140e-09
 Reference value :  2.63140e-09
 Reference value :  2.65140e-09
 Reference value :  2.67140e-09
 Reference value :  2.69640e-09
 Reference value :  2.71640e-09
 Reference value :  2.73140e-09
 Reference value :  2.75140e-09
 Reference value :  2.76640e-09
 Reference value :  2.78640e-09
 Reference value :  2.80140e-09
 Reference value :  2.82140e-09
 Reference value :  2.83640e-09
 Reference value :  2.85640e-09
 Reference value :  2.87640e-09
 Reference value :  2.89640e-09
 Reference value :  2.92140e-09
 Reference value :  2.94140e-09
 Reference value :  2.96640e-09
 Reference value :  2.98640e-09
 Reference value :  3.00640e-09
 Reference value :  3.03140e-09
 Reference value :  3.05640e-09
 Reference value :  3.08640e-09
 Reference value :  3.10640e-09
 Reference value :  3.12640e-09
 Reference value :  3.15140e-09
 Reference value :  3.17140e-09
 Reference value :  3.19640e-09
 Reference value :  3.22140e-09
 Reference value :  3.23640e-09
 Reference value :  3.25640e-09
 Reference value :  3.27640e-09
 Reference value :  3.29640e-09
 Reference value :  3.31640e-09
 Reference value :  3.34140e-09
 Reference value :  3.36140e-09
 Reference value :  3.38140e-09
 Reference value :  3.40140e-09
 Reference value :  3.42140e-09
 Reference value :  3.44140e-09
 Reference value :  3.46140e-09
 Reference value :  3.48140e-09
 Reference value :  3.49640e-09
 Reference value :  3.51640e-09
 Reference value :  3.53140e-09
 Reference value :  3.55140e-09
 Reference value :  3.57140e-09
 Reference value :  3.59140e-09
 Reference value :  3.61140e-09
 Reference value :  3.63140e-09
 Reference value :  3.65140e-09
 Reference value :  3.67140e-09
 Reference value :  3.69140e-09
 Reference value :  3.71140e-09
 Reference value :  3.73140e-09
 Reference value :  3.75140e-09
 Reference value :  3.77140e-09
 Reference value :  3.79140e-09
 Reference value :  3.81640e-09
 Reference value :  3.83640e-09
 Reference value :  3.85640e-09
 Reference value :  3.87640e-09
 Reference value :  3.90140e-09
 Reference value :  3.92140e-09
 Reference value :  3.94140e-09
 Reference value :  3.96140e-09
 Reference value :  3.98140e-09
 Reference value :  4.00140e-09
 Reference value :  4.02140e-09
 Reference value :  4.04140e-09
 Reference value :  4.05640e-09
 Reference value :  4.07640e-09
 Reference value :  4.09640e-09
 Reference value :  4.11140e-09
 Reference value :  4.13140e-09
 Reference value :  4.15140e-09
 Reference value :  4.17140e-09
 Reference value :  4.19140e-09
 Reference value :  4.21140e-09
 Reference value :  4.22640e-09
 Reference value :  4.24640e-09
 Reference value :  4.26640e-09
 Reference value :  4.28140e-09
 Reference value :  4.30140e-09
 Reference value :  4.31640e-09
 Reference value :  4.33640e-09
 Reference value :  4.35640e-09
 Reference value :  4.37640e-09
 Reference value :  4.40140e-09
 Reference value :  4.41640e-09
 Reference value :  4.43640e-09
 Reference value :  4.45640e-09
 Reference value :  4.47640e-09
 Reference value :  4.49640e-09
 Reference value :  4.52140e-09
 Reference value :  4.54140e-09
 Reference value :  4.55640e-09
 Reference value :  4.57640e-09
 Reference value :  4.59640e-09
 Reference value :  4.61140e-09
 Reference value :  4.62640e-09
 Reference value :  4.64640e-09
 Reference value :  4.66640e-09
 Reference value :  4.68140e-09
 Reference value :  4.70140e-09
 Reference value :  4.71640e-09
 Reference value :  4.73640e-09
 Reference value :  4.75140e-09
 Reference value :  4.77140e-09
 Reference value :  4.79140e-09
 Reference value :  4.81140e-09
 Reference value :  4.83140e-09
 Reference value :  4.85140e-09
 Reference value :  4.87140e-09
 Reference value :  4.89140e-09
 Reference value :  4.91140e-09
 Reference value :  4.93140e-09
 Reference value :  4.95140e-09
 Reference value :  4.97140e-09
 Reference value :  4.98640e-09
 Reference value :  5.00050e-09
 Reference value :  5.01250e-09
 Reference value :  5.03250e-09
 Reference value :  5.05250e-09
 Reference value :  5.06750e-09
 Reference value :  5.08750e-09
 Reference value :  5.10050e-09
 Reference value :  5.11250e-09
 Reference value :  5.13250e-09
 Reference value :  5.14750e-09
 Reference value :  5.16250e-09
 Reference value :  5.17750e-09
 Reference value :  5.19750e-09
 Reference value :  5.21750e-09
 Reference value :  5.23750e-09
 Reference value :  5.25750e-09
 Reference value :  5.27750e-09
 Reference value :  5.29750e-09
 Reference value :  5.31250e-09
 Reference value :  5.32750e-09
 Reference value :  5.34750e-09
 Reference value :  5.36750e-09
 Reference value :  5.38750e-09
 Reference value :  5.40250e-09
 Reference value :  5.41750e-09
 Reference value :  5.43750e-09
 Reference value :  5.45750e-09
 Reference value :  5.48250e-09
 Reference value :  5.50250e-09
 Reference value :  5.51750e-09
 Reference value :  5.53250e-09
 Reference value :  5.55250e-09
 Reference value :  5.56750e-09
 Reference value :  5.58750e-09
 Reference value :  5.60750e-09
 Reference value :  5.62250e-09
 Reference value :  5.64250e-09
 Reference value :  5.65750e-09
 Reference value :  5.67250e-09
 Reference value :  5.68750e-09
 Reference value :  5.70750e-09
 Reference value :  5.72250e-09
 Reference value :  5.74250e-09
 Reference value :  5.75750e-09
 Reference value :  5.77750e-09
 Reference value :  5.79750e-09
 Reference value :  5.81250e-09
 Reference value :  5.82750e-09
 Reference value :  5.84250e-09
 Reference value :  5.86250e-09
 Reference value :  5.88750e-09
 Reference value :  5.90750e-09
 Reference value :  5.92750e-09
 Reference value :  5.95250e-09
 Reference value :  5.97250e-09
 Reference value :  5.99250e-09
 Reference value :  6.00250e-09
 Reference value :  6.01750e-09
 Reference value :  6.04250e-09
 Reference value :  6.06250e-09
 Reference value :  6.07750e-09
 Reference value :  6.09250e-09
 Reference value :  6.11250e-09
 Reference value :  6.13250e-09
 Reference value :  6.15250e-09
 Reference value :  6.17250e-09
 Reference value :  6.19750e-09
 Reference value :  6.22250e-09
 Reference value :  6.23750e-09
 Reference value :  6.25750e-09
 Reference value :  6.27250e-09
 Reference value :  6.29250e-09
 Reference value :  6.31250e-09
 Reference value :  6.32750e-09
 Reference value :  6.34250e-09
 Reference value :  6.35750e-09
 Reference value :  6.37250e-09
 Reference value :  6.39250e-09
 Reference value :  6.41250e-09
 Reference value :  6.43250e-09
 Reference value :  6.44750e-09
 Reference value :  6.46750e-09
 Reference value :  6.48750e-09
 Reference value :  6.51250e-09
 Reference value :  6.53750e-09
 Reference value :  6.56250e-09
 Reference value :  6.58250e-09
 Reference value :  6.60250e-09
 Reference value :  6.61750e-09
 Reference value :  6.63250e-09
 Reference value :  6.65250e-09
 Reference value :  6.67250e-09
 Reference value :  6.69750e-09
 Reference value :  6.71750e-09
 Reference value :  6.74250e-09
 Reference value :  6.76250e-09
 Reference value :  6.78250e-09
 Reference value :  6.80250e-09
 Reference value :  6.81750e-09
 Reference value :  6.83750e-09
 Reference value :  6.85750e-09
 Reference value :  6.88250e-09
 Reference value :  6.90250e-09
 Reference value :  6.91750e-09
 Reference value :  6.93750e-09
 Reference value :  6.95750e-09
 Reference value :  6.97750e-09
 Reference value :  6.99250e-09
 Reference value :  7.01250e-09
 Reference value :  7.03250e-09
 Reference value :  7.04750e-09
 Reference value :  7.06250e-09
 Reference value :  7.08750e-09
 Reference value :  7.10750e-09
 Reference value :  7.12250e-09
 Reference value :  7.14750e-09
 Reference value :  7.16250e-09
 Reference value :  7.17750e-09
 Reference value :  7.19750e-09
 Reference value :  7.21250e-09
 Reference value :  7.23250e-09
 Reference value :  7.25250e-09
 Reference value :  7.27250e-09
 Reference value :  7.29250e-09
 Reference value :  7.31250e-09
 Reference value :  7.33250e-09
 Reference value :  7.35250e-09
 Reference value :  7.37250e-09
 Reference value :  7.38750e-09
 Reference value :  7.40750e-09
 Reference value :  7.42750e-09
 Reference value :  7.44250e-09
 Reference value :  7.45750e-09
 Reference value :  7.47750e-09
 Reference value :  7.49250e-09
 Reference value :  7.51250e-09
 Reference value :  7.52750e-09
 Reference value :  7.54750e-09
 Reference value :  7.56750e-09
 Reference value :  7.58750e-09
 Reference value :  7.60750e-09
 Reference value :  7.63250e-09
 Reference value :  7.65750e-09
 Reference value :  7.67750e-09
 Reference value :  7.70250e-09
 Reference value :  7.72750e-09
 Reference value :  7.75250e-09
 Reference value :  7.77750e-09
 Reference value :  7.79750e-09
 Reference value :  7.81750e-09
 Reference value :  7.83750e-09
 Reference value :  7.85750e-09
 Reference value :  7.88250e-09
 Reference value :  7.89750e-09
 Reference value :  7.92250e-09
 Reference value :  7.94750e-09
 Reference value :  7.97250e-09
 Reference value :  7.99250e-09
 Reference value :  8.01250e-09
 Reference value :  8.03250e-09
 Reference value :  8.05250e-09
 Reference value :  8.07750e-09
 Reference value :  8.09750e-09
 Reference value :  8.11750e-09
 Reference value :  8.14250e-09
 Reference value :  8.16250e-09
 Reference value :  8.18750e-09
 Reference value :  8.21250e-09
 Reference value :  8.23250e-09
 Reference value :  8.25250e-09
 Reference value :  8.27250e-09
 Reference value :  8.29250e-09
 Reference value :  8.31750e-09
 Reference value :  8.33750e-09
 Reference value :  8.35750e-09
 Reference value :  8.37750e-09
 Reference value :  8.39750e-09
 Reference value :  8.41750e-09
 Reference value :  8.43750e-09
 Reference value :  8.45750e-09
 Reference value :  8.48250e-09
 Reference value :  8.50250e-09
 Reference value :  8.51750e-09
 Reference value :  8.53750e-09
 Reference value :  8.55750e-09
 Reference value :  8.57750e-09
 Reference value :  8.60750e-09
 Reference value :  8.62750e-09
 Reference value :  8.64750e-09
 Reference value :  8.66750e-09
 Reference value :  8.68750e-09
 Reference value :  8.70750e-09
 Reference value :  8.72750e-09
 Reference value :  8.74750e-09
 Reference value :  8.76750e-09
 Reference value :  8.78750e-09
 Reference value :  8.80750e-09
 Reference value :  8.82750e-09
 Reference value :  8.84250e-09
 Reference value :  8.86250e-09
 Reference value :  8.87750e-09
 Reference value :  8.89250e-09
 Reference value :  8.91250e-09
 Reference value :  8.93750e-09
 Reference value :  8.95750e-09
 Reference value :  8.98250e-09
 Reference value :  9.00750e-09
 Reference value :  9.03250e-09
 Reference value :  9.05250e-09
 Reference value :  9.07250e-09
 Reference value :  9.09250e-09
 Reference value :  9.11250e-09
 Reference value :  9.13750e-09
 Reference value :  9.15750e-09
 Reference value :  9.17750e-09
 Reference value :  9.19750e-09
 Reference value :  9.21750e-09
 Reference value :  9.23750e-09
 Reference value :  9.25750e-09
 Reference value :  9.27250e-09
 Reference value :  9.29750e-09
 Reference value :  9.31750e-09
 Reference value :  9.33250e-09
 Reference value :  9.35250e-09
 Reference value :  9.37750e-09
 Reference value :  9.40250e-09
 Reference value :  9.42750e-09
 Reference value :  9.44250e-09
 Reference value :  9.46250e-09
 Reference value :  9.48250e-09
 Reference value :  9.50750e-09
 Reference value :  9.52750e-09
 Reference value :  9.54750e-09
 Reference value :  9.56750e-09
 Reference value :  9.58750e-09
 Reference value :  9.60750e-09
 Reference value :  9.62750e-09
 Reference value :  9.64750e-09
 Reference value :  9.66750e-09
 Reference value :  9.68250e-09
 Reference value :  9.70750e-09
 Reference value :  9.72750e-09
 Reference value :  9.75250e-09
 Reference value :  9.77250e-09
 Reference value :  9.79250e-09
 Reference value :  9.81250e-09
 Reference value :  9.82750e-09
 Reference value :  9.84750e-09
 Reference value :  9.87250e-09
 Reference value :  9.89250e-09
 Reference value :  9.91250e-09
 Reference value :  9.93250e-09
 Reference value :  9.95250e-09
 Reference value :  9.97250e-09
 Reference value :  9.99750e-09
 Reference value :  1.00175e-08
 Reference value :  1.00325e-08
 Reference value :  1.00575e-08
 Reference value :  1.00825e-08
 Reference value :  1.01075e-08
 Reference value :  1.01275e-08
 Reference value :  1.01525e-08
 Reference value :  1.01775e-08
 Reference value :  1.01975e-08
 Reference value :  1.02175e-08
 Reference value :  1.02375e-08
 Reference value :  1.02625e-08
 Reference value :  1.02825e-08
 Reference value :  1.03075e-08
 Reference value :  1.03275e-08
 Reference value :  1.03425e-08
 Reference value :  1.03625e-08
 Reference value :  1.03825e-08
 Reference value :  1.04025e-08
 Reference value :  1.04225e-08
 Reference value :  1.04375e-08
 Reference value :  1.04575e-08
 Reference value :  1.04775e-08
 Reference value :  1.04975e-08
 Reference value :  1.05225e-08
 Reference value :  1.05375e-08
 Reference value :  1.05575e-08
 Reference value :  1.05775e-08
 Reference value :  1.05975e-08
 Reference value :  1.06175e-08
 Reference value :  1.06375e-08
 Reference value :  1.06575e-08
 Reference value :  1.06775e-08
 Reference value :  1.06975e-08
 Reference value :  1.07125e-08
 Reference value :  1.07325e-08
 Reference value :  1.07575e-08
 Reference value :  1.07725e-08
 Reference value :  1.07925e-08
 Reference value :  1.08125e-08
 Reference value :  1.08325e-08
 Reference value :  1.08475e-08
 Reference value :  1.08675e-08
 Reference value :  1.08875e-08
 Reference value :  1.09025e-08
 Reference value :  1.09225e-08
 Reference value :  1.09425e-08
 Reference value :  1.09625e-08
 Reference value :  1.09825e-08
 Reference value :  1.10075e-08
 Reference value :  1.10275e-08
 Reference value :  1.10475e-08
 Reference value :  1.10625e-08
 Reference value :  1.10825e-08
 Reference value :  1.11025e-08
 Reference value :  1.11225e-08
 Reference value :  1.11375e-08
 Reference value :  1.11575e-08
 Reference value :  1.11775e-08
 Reference value :  1.11975e-08
 Reference value :  1.12175e-08
 Reference value :  1.12375e-08
 Reference value :  1.12525e-08
 Reference value :  1.12725e-08
 Reference value :  1.12925e-08
 Reference value :  1.13175e-08
 Reference value :  1.13375e-08
 Reference value :  1.13575e-08
 Reference value :  1.13725e-08
 Reference value :  1.13925e-08
 Reference value :  1.14175e-08
 Reference value :  1.14375e-08
 Reference value :  1.14525e-08
 Reference value :  1.14725e-08
 Reference value :  1.14875e-08
 Reference value :  1.15025e-08
 Reference value :  1.15225e-08
 Reference value :  1.15375e-08
 Reference value :  1.15525e-08
 Reference value :  1.15725e-08
 Reference value :  1.15875e-08
 Reference value :  1.16075e-08
 Reference value :  1.16225e-08
 Reference value :  1.16375e-08
 Reference value :  1.16575e-08
 Reference value :  1.16775e-08
 Reference value :  1.16975e-08
 Reference value :  1.17175e-08
 Reference value :  1.17375e-08
 Reference value :  1.17575e-08
 Reference value :  1.17725e-08
 Reference value :  1.17875e-08
 Reference value :  1.18075e-08
 Reference value :  1.18225e-08
 Reference value :  1.18425e-08
 Reference value :  1.18675e-08
 Reference value :  1.18875e-08
 Reference value :  1.19075e-08
 Reference value :  1.19275e-08
 Reference value :  1.19475e-08
 Reference value :  1.19625e-08
 Reference value :  1.19825e-08
 Reference value :  1.19975e-08
 Reference value :  1.20175e-08
 Reference value :  1.20425e-08
 Reference value :  1.20775e-08
 Reference value :  1.21125e-08
 Reference value :  1.21325e-08
 Reference value :  1.21475e-08
 Reference value :  1.21675e-08
 Reference value :  1.21875e-08
 Reference value :  1.22125e-08
 Reference value :  1.22325e-08
 Reference value :  1.22525e-08
 Reference value :  1.22675e-08
 Reference value :  1.22875e-08
 Reference value :  1.23025e-08
 Reference value :  1.23225e-08
 Reference value :  1.23425e-08
 Reference value :  1.23625e-08
 Reference value :  1.23825e-08
 Reference value :  1.23975e-08
 Reference value :  1.24125e-08
 Reference value :  1.24275e-08
 Reference value :  1.24475e-08
 Reference value :  1.24675e-08
 Reference value :  1.24825e-08
 Reference value :  1.25075e-08
 Reference value :  1.25225e-08
 Reference value :  1.25375e-08
 Reference value :  1.25625e-08
 Reference value :  1.25825e-08
 Reference value :  1.26025e-08
 Reference value :  1.26225e-08
 Reference value :  1.26375e-08
 Reference value :  1.26575e-08
 Reference value :  1.26725e-08
 Reference value :  1.26975e-08
 Reference value :  1.27225e-08
 Reference value :  1.27425e-08
 Reference value :  1.27575e-08
 Reference value :  1.27725e-08
 Reference value :  1.27925e-08
 Reference value :  1.28075e-08
 Reference value :  1.28275e-08
 Reference value :  1.28525e-08
 Reference value :  1.28725e-08
 Reference value :  1.28925e-08
 Reference value :  1.29125e-08
 Reference value :  1.29325e-08
 Reference value :  1.29475e-08
 Reference value :  1.29675e-08
 Reference value :  1.29875e-08
 Reference value :  1.30025e-08
 Reference value :  1.30225e-08
 Reference value :  1.30425e-08
 Reference value :  1.30625e-08
 Reference value :  1.30825e-08
 Reference value :  1.31025e-08
 Reference value :  1.31175e-08
 Reference value :  1.31375e-08
 Reference value :  1.31575e-08
 Reference value :  1.31775e-08
 Reference value :  1.31975e-08
 Reference value :  1.32125e-08
 Reference value :  1.32325e-08
 Reference value :  1.32525e-08
 Reference value :  1.32725e-08
 Reference value :  1.32925e-08
 Reference value :  1.33125e-08
 Reference value :  1.33325e-08
 Reference value :  1.33525e-08
 Reference value :  1.33675e-08
 Reference value :  1.33825e-08
 Reference value :  1.34025e-08
 Reference value :  1.34225e-08
 Reference value :  1.34425e-08
 Reference value :  1.34625e-08
 Reference value :  1.34825e-08
 Reference value :  1.35025e-08
 Reference value :  1.35225e-08
 Reference value :  1.35425e-08
 Reference value :  1.35625e-08
 Reference value :  1.35825e-08
 Reference value :  1.36025e-08
 Reference value :  1.36225e-08
 Reference value :  1.36425e-08
 Reference value :  1.36575e-08
 Reference value :  1.36775e-08
 Reference value :  1.36975e-08
 Reference value :  1.37175e-08
 Reference value :  1.37425e-08
 Reference value :  1.37575e-08
 Reference value :  1.37725e-08
 Reference value :  1.37975e-08
 Reference value :  1.38175e-08
 Reference value :  1.38325e-08
 Reference value :  1.38525e-08
 Reference value :  1.38725e-08
 Reference value :  1.38925e-08
 Reference value :  1.39125e-08
 Reference value :  1.39275e-08
 Reference value :  1.39475e-08
 Reference value :  1.39675e-08
 Reference value :  1.39825e-08
 Reference value :  1.40025e-08
 Reference value :  1.40175e-08
 Reference value :  1.40375e-08
 Reference value :  1.40575e-08
 Reference value :  1.40825e-08
 Reference value :  1.41025e-08
 Reference value :  1.41175e-08
 Reference value :  1.41375e-08
 Reference value :  1.41525e-08
 Reference value :  1.41725e-08
 Reference value :  1.41875e-08
 Reference value :  1.42075e-08
 Reference value :  1.42275e-08
 Reference value :  1.42425e-08
 Reference value :  1.42625e-08
 Reference value :  1.42775e-08
 Reference value :  1.42925e-08
 Reference value :  1.43125e-08
 Reference value :  1.43325e-08
 Reference value :  1.43475e-08
 Reference value :  1.43675e-08
 Reference value :  1.43825e-08
 Reference value :  1.44025e-08
 Reference value :  1.44225e-08
 Reference value :  1.44375e-08
 Reference value :  1.44575e-08
 Reference value :  1.44775e-08
 Reference value :  1.45025e-08
 Reference value :  1.45175e-08
 Reference value :  1.45425e-08
 Reference value :  1.45625e-08
 Reference value :  1.45825e-08
 Reference value :  1.46025e-08
 Reference value :  1.46175e-08
 Reference value :  1.46425e-08
 Reference value :  1.46625e-08
 Reference value :  1.46775e-08
 Reference value :  1.46975e-08
 Reference value :  1.47125e-08
 Reference value :  1.47325e-08
 Reference value :  1.47525e-08
 Reference value :  1.47675e-08
 Reference value :  1.47825e-08
 Reference value :  1.48025e-08
 Reference value :  1.48225e-08
 Reference value :  1.48425e-08
 Reference value :  1.48625e-08
 Reference value :  1.48825e-08
 Reference value :  1.48975e-08
 Reference value :  1.49125e-08
 Reference value :  1.49325e-08
 Reference value :  1.49525e-08
 Reference value :  1.49725e-08
 Reference value :  1.49925e-08
 Reference value :  1.50125e-08
 Reference value :  1.50275e-08
 Reference value :  1.50475e-08
 Reference value :  1.50675e-08
 Reference value :  1.50875e-08
 Reference value :  1.51125e-08
 Reference value :  1.51325e-08
 Reference value :  1.51525e-08
 Reference value :  1.51725e-08
 Reference value :  1.51925e-08
 Reference value :  1.52175e-08
 Reference value :  1.52375e-08
 Reference value :  1.52575e-08
 Reference value :  1.52775e-08
 Reference value :  1.52975e-08
 Reference value :  1.53175e-08
 Reference value :  1.53425e-08
 Reference value :  1.53625e-08
 Reference value :  1.53825e-08
 Reference value :  1.54025e-08
 Reference value :  1.54225e-08
 Reference value :  1.54375e-08
 Reference value :  1.54575e-08
 Reference value :  1.54775e-08
 Reference value :  1.54975e-08
 Reference value :  1.55175e-08
 Reference value :  1.55425e-08
 Reference value :  1.55625e-08
 Reference value :  1.55825e-08
 Reference value :  1.55975e-08
 Reference value :  1.56175e-08
 Reference value :  1.56425e-08
 Reference value :  1.56625e-08
 Reference value :  1.56875e-08
 Reference value :  1.57075e-08
 Reference value :  1.57275e-08
 Reference value :  1.57425e-08
 Reference value :  1.57675e-08
 Reference value :  1.57875e-08
 Reference value :  1.58025e-08
 Reference value :  1.58175e-08
 Reference value :  1.58375e-08
 Reference value :  1.58575e-08
 Reference value :  1.58825e-08
 Reference value :  1.59025e-08
 Reference value :  1.59225e-08
 Reference value :  1.59375e-08
 Reference value :  1.59625e-08
 Reference value :  1.59825e-08
 Reference value :  1.59975e-08
 Reference value :  1.60175e-08
 Reference value :  1.60375e-08
 Reference value :  1.60575e-08
 Reference value :  1.60775e-08
 Reference value :  1.60975e-08
 Reference value :  1.61125e-08
 Reference value :  1.61325e-08
 Reference value :  1.61525e-08
 Reference value :  1.61725e-08
 Reference value :  1.61925e-08
 Reference value :  1.62125e-08
 Reference value :  1.62325e-08
 Reference value :  1.62525e-08
 Reference value :  1.62725e-08
 Reference value :  1.62875e-08
 Reference value :  1.63025e-08
 Reference value :  1.63225e-08
 Reference value :  1.63475e-08
 Reference value :  1.63675e-08
 Reference value :  1.63875e-08
 Reference value :  1.64075e-08
 Reference value :  1.64275e-08
 Reference value :  1.64475e-08
 Reference value :  1.64675e-08
 Reference value :  1.64875e-08
 Reference value :  1.65075e-08
 Reference value :  1.65325e-08
 Reference value :  1.65525e-08
 Reference value :  1.65775e-08
 Reference value :  1.65975e-08
 Reference value :  1.66175e-08
 Reference value :  1.66375e-08
 Reference value :  1.66625e-08
 Reference value :  1.66775e-08
 Reference value :  1.67025e-08
 Reference value :  1.67225e-08
 Reference value :  1.67375e-08
 Reference value :  1.67575e-08
 Reference value :  1.67725e-08
 Reference value :  1.67925e-08
 Reference value :  1.68075e-08
 Reference value :  1.68225e-08
 Reference value :  1.68425e-08
 Reference value :  1.68625e-08
 Reference value :  1.68775e-08
 Reference value :  1.68975e-08
 Reference value :  1.69125e-08
 Reference value :  1.69275e-08
 Reference value :  1.69475e-08
 Reference value :  1.69675e-08
 Reference value :  1.69875e-08
 Reference value :  1.70075e-08
 Reference value :  1.70275e-08
 Reference value :  1.70475e-08
 Reference value :  1.70675e-08
 Reference value :  1.70875e-08
 Reference value :  1.71075e-08
 Reference value :  1.71275e-08
 Reference value :  1.71475e-08
 Reference value :  1.71625e-08
 Reference value :  1.71825e-08
 Reference value :  1.72025e-08
 Reference value :  1.72225e-08
 Reference value :  1.72425e-08
 Reference value :  1.72625e-08
 Reference value :  1.72775e-08
 Reference value :  1.72975e-08
 Reference value :  1.73175e-08
 Reference value :  1.73375e-08
 Reference value :  1.73575e-08
 Reference value :  1.73725e-08
 Reference value :  1.73975e-08
 Reference value :  1.74175e-08
 Reference value :  1.74375e-08
 Reference value :  1.74625e-08
 Reference value :  1.74775e-08
 Reference value :  1.74975e-08
 Reference value :  1.75175e-08
 Reference value :  1.75375e-08
 Reference value :  1.75575e-08
 Reference value :  1.75775e-08
 Reference value :  1.76025e-08
 Reference value :  1.76225e-08
 Reference value :  1.76475e-08
 Reference value :  1.76625e-08
 Reference value :  1.76825e-08
 Reference value :  1.76975e-08
 Reference value :  1.77175e-08
 Reference value :  1.77375e-08
 Reference value :  1.77575e-08
 Reference value :  1.77725e-08
 Reference value :  1.77925e-08
 Reference value :  1.78125e-08
 Reference value :  1.78325e-08
 Reference value :  1.78525e-08
 Reference value :  1.78725e-08
 Reference value :  1.78875e-08
 Reference value :  1.79075e-08
 Reference value :  1.79275e-08
 Reference value :  1.79475e-08
 Reference value :  1.79675e-08
 Reference value :  1.79925e-08
 Reference value :  1.80125e-08
 Reference value :  1.80275e-08
 Reference value :  1.80475e-08
 Reference value :  1.80725e-08
 Reference value :  1.80925e-08
 Reference value :  1.81325e-08
 Reference value :  1.81475e-08
 Reference value :  1.81675e-08
 Reference value :  1.81825e-08
 Reference value :  1.82025e-08
 Reference value :  1.82175e-08
 Reference value :  1.82375e-08
 Reference value :  1.82625e-08
 Reference value :  1.82825e-08
 Reference value :  1.83025e-08
 Reference value :  1.83225e-08
 Reference value :  1.83375e-08
 Reference value :  1.83575e-08
 Reference value :  1.83775e-08
 Reference value :  1.83975e-08
 Reference value :  1.84125e-08
 Reference value :  1.84275e-08
 Reference value :  1.84425e-08
 Reference value :  1.84625e-08
 Reference value :  1.84825e-08
 Reference value :  1.84975e-08
 Reference value :  1.85125e-08
 Reference value :  1.85275e-08
 Reference value :  1.85475e-08
 Reference value :  1.85675e-08
 Reference value :  1.85925e-08
 Reference value :  1.86125e-08
 Reference value :  1.86325e-08
 Reference value :  1.86525e-08
 Reference value :  1.86725e-08
 Reference value :  1.86925e-08
 Reference value :  1.87125e-08
 Reference value :  1.87325e-08
 Reference value :  1.87575e-08
 Reference value :  1.87775e-08
 Reference value :  1.88025e-08
 Reference value :  1.88275e-08
 Reference value :  1.88475e-08
 Reference value :  1.88675e-08
 Reference value :  1.88875e-08
 Reference value :  1.89125e-08
 Reference value :  1.89325e-08
 Reference value :  1.89525e-08
 Reference value :  1.89675e-08
 Reference value :  1.89875e-08
 Reference value :  1.90075e-08
 Reference value :  1.90225e-08
 Reference value :  1.90475e-08
 Reference value :  1.90675e-08
 Reference value :  1.90875e-08
 Reference value :  1.91075e-08
 Reference value :  1.91275e-08
 Reference value :  1.91475e-08
 Reference value :  1.91675e-08
 Reference value :  1.91875e-08
 Reference value :  1.92025e-08
 Reference value :  1.92225e-08
 Reference value :  1.92425e-08
 Reference value :  1.92625e-08
 Reference value :  1.92825e-08
 Reference value :  1.93025e-08
 Reference value :  1.93275e-08
 Reference value :  1.93475e-08
 Reference value :  1.93625e-08
 Reference value :  1.93825e-08
 Reference value :  1.94025e-08
 Reference value :  1.94225e-08
 Reference value :  1.94425e-08
 Reference value :  1.94625e-08
 Reference value :  1.94775e-08
 Reference value :  1.94925e-08
 Reference value :  1.95125e-08
 Reference value :  1.95325e-08
 Reference value :  1.95525e-08
 Reference value :  1.95725e-08
 Reference value :  1.95925e-08
 Reference value :  1.96125e-08
 Reference value :  1.96375e-08
 Reference value :  1.96675e-08
 Reference value :  1.96875e-08
 Reference value :  1.97075e-08
 Reference value :  1.97325e-08
 Reference value :  1.97525e-08
 Reference value :  1.97675e-08
 Reference value :  1.97825e-08
 Reference value :  1.98025e-08
 Reference value :  1.98175e-08
 Reference value :  1.98375e-08
 Reference value :  1.98575e-08
 Reference value :  1.98725e-08
 Reference value :  1.98925e-08
 Reference value :  1.99125e-08
 Reference value :  1.99325e-08
 Reference value :  1.99525e-08
 Reference value :  1.99725e-08
 Reference value :  1.99925e-08
 Reference value :  2.00175e-08
 Reference value :  2.00375e-08
 Reference value :  2.00575e-08
 Reference value :  2.00725e-08
 Reference value :  2.00925e-08
 Reference value :  2.01125e-08
 Reference value :  2.01325e-08
 Reference value :  2.01475e-08
 Reference value :  2.01725e-08
 Reference value :  2.01925e-08
 Reference value :  2.02125e-08
 Reference value :  2.02325e-08
 Reference value :  2.02525e-08
 Reference value :  2.02725e-08
 Reference value :  2.02875e-08
 Reference value :  2.03025e-08
 Reference value :  2.03225e-08
 Reference value :  2.03425e-08
 Reference value :  2.03625e-08
 Reference value :  2.03825e-08
 Reference value :  2.04025e-08
 Reference value :  2.04225e-08
 Reference value :  2.04475e-08
 Reference value :  2.04675e-08
 Reference value :  2.04875e-08
 Reference value :  2.05125e-08
 Reference value :  2.05275e-08
 Reference value :  2.05475e-08
 Reference value :  2.05625e-08
 Reference value :  2.05825e-08
 Reference value :  2.06025e-08
 Reference value :  2.06225e-08
 Reference value :  2.06375e-08
 Reference value :  2.06525e-08
 Reference value :  2.06675e-08
 Reference value :  2.06825e-08
 Reference value :  2.07025e-08
 Reference value :  2.07175e-08
 Reference value :  2.07375e-08
 Reference value :  2.07575e-08
 Reference value :  2.07725e-08
 Reference value :  2.07925e-08
 Reference value :  2.08125e-08
 Reference value :  2.08275e-08
 Reference value :  2.08425e-08
 Reference value :  2.08625e-08
 Reference value :  2.08775e-08
 Reference value :  2.08975e-08
 Reference value :  2.09175e-08
 Reference value :  2.09425e-08
 Reference value :  2.09725e-08
 Reference value :  2.09875e-08
 Reference value :  2.10075e-08
 Reference value :  2.10325e-08
 Reference value :  2.10525e-08
 Reference value :  2.10775e-08
 Reference value :  2.10975e-08
 Reference value :  2.11125e-08
 Reference value :  2.11275e-08
 Reference value :  2.11425e-08
 Reference value :  2.11625e-08
 Reference value :  2.11825e-08
 Reference value :  2.12025e-08
 Reference value :  2.12225e-08
 Reference value :  2.12375e-08
 Reference value :  2.12675e-08
 Reference value :  2.12925e-08
 Reference value :  2.13175e-08
 Reference value :  2.13375e-08
 Reference value :  2.13525e-08
 Reference value :  2.13725e-08
 Reference value :  2.13875e-08
 Reference value :  2.14075e-08
 Reference value :  2.14275e-08
 Reference value :  2.14475e-08
 Reference value :  2.14675e-08
 Reference value :  2.14875e-08
 Reference value :  2.15075e-08
 Reference value :  2.15275e-08
 Reference value :  2.15475e-08
 Reference value :  2.15675e-08
 Reference value :  2.15875e-08
 Reference value :  2.16125e-08
 Reference value :  2.16325e-08
 Reference value :  2.16525e-08
 Reference value :  2.16775e-08
 Reference value :  2.16975e-08
 Reference value :  2.17125e-08
 Reference value :  2.17325e-08
 Reference value :  2.17525e-08
 Reference value :  2.17725e-08
 Reference value :  2.17925e-08
 Reference value :  2.18125e-08
 Reference value :  2.18325e-08
 Reference value :  2.18575e-08
 Reference value :  2.18775e-08
 Reference value :  2.18975e-08
 Reference value :  2.19125e-08
 Reference value :  2.19275e-08
 Reference value :  2.19425e-08
 Reference value :  2.19625e-08
 Reference value :  2.19775e-08
 Reference value :  2.20025e-08
 Reference value :  2.20225e-08
 Reference value :  2.20425e-08
 Reference value :  2.20625e-08
 Reference value :  2.20825e-08
 Reference value :  2.21025e-08
 Reference value :  2.21225e-08
 Reference value :  2.21425e-08
 Reference value :  2.21625e-08
 Reference value :  2.21775e-08
 Reference value :  2.21975e-08
 Reference value :  2.22225e-08
 Reference value :  2.22425e-08
 Reference value :  2.22625e-08
 Reference value :  2.22875e-08
 Reference value :  2.23075e-08
 Reference value :  2.23325e-08
 Reference value :  2.23525e-08
 Reference value :  2.23725e-08
 Reference value :  2.23975e-08
 Reference value :  2.24175e-08
 Reference value :  2.24375e-08
 Reference value :  2.24625e-08
 Reference value :  2.24825e-08
 Reference value :  2.24975e-08
 Reference value :  2.25175e-08
 Reference value :  2.25325e-08
 Reference value :  2.25575e-08
 Reference value :  2.25825e-08
 Reference value :  2.26025e-08
 Reference value :  2.26225e-08
 Reference value :  2.26425e-08
 Reference value :  2.26675e-08
 Reference value :  2.26925e-08
 Reference value :  2.27125e-08
 Reference value :  2.27275e-08
 Reference value :  2.27475e-08
 Reference value :  2.27775e-08
 Reference value :  2.27975e-08
 Reference value :  2.28125e-08
 Reference value :  2.28375e-08
 Reference value :  2.28625e-08
 Reference value :  2.28875e-08
 Reference value :  2.29025e-08
 Reference value :  2.29225e-08
 Reference value :  2.29425e-08
 Reference value :  2.29625e-08
 Reference value :  2.29775e-08
 Reference value :  2.29975e-08
 Reference value :  2.30175e-08
 Reference value :  2.30375e-08
 Reference value :  2.30575e-08
 Reference value :  2.30775e-08
 Reference value :  2.30925e-08
 Reference value :  2.31125e-08
 Reference value :  2.31325e-08
 Reference value :  2.31525e-08
 Reference value :  2.31725e-08
 Reference value :  2.31925e-08
 Reference value :  2.32125e-08
 Reference value :  2.32275e-08
 Reference value :  2.32475e-08
 Reference value :  2.32675e-08
 Reference value :  2.32875e-08
 Reference value :  2.33025e-08
 Reference value :  2.33275e-08
 Reference value :  2.33475e-08
 Reference value :  2.33625e-08
 Reference value :  2.33775e-08
 Reference value :  2.33975e-08
 Reference value :  2.34175e-08
 Reference value :  2.34425e-08
 Reference value :  2.34625e-08
 Reference value :  2.34825e-08
 Reference value :  2.35025e-08
 Reference value :  2.35225e-08
 Reference value :  2.35425e-08
 Reference value :  2.35675e-08
 Reference value :  2.35825e-08
 Reference value :  2.36025e-08
 Reference value :  2.36175e-08
 Reference value :  2.36375e-08
 Reference value :  2.36525e-08
 Reference value :  2.36675e-08
 Reference value :  2.36875e-08
 Reference value :  2.37075e-08
 Reference value :  2.37275e-08
 Reference value :  2.37475e-08
 Reference value :  2.37675e-08
 Reference value :  2.37825e-08
 Reference value :  2.37975e-08
 Reference value :  2.38175e-08
 Reference value :  2.38325e-08
 Reference value :  2.38525e-08
 Reference value :  2.38725e-08
 Reference value :  2.38975e-08
 Reference value :  2.39175e-08
 Reference value :  2.39375e-08
 Reference value :  2.39575e-08
 Reference value :  2.39775e-08
 Reference value :  2.39925e-08
 Reference value :  2.40075e-08
 Reference value :  2.40275e-08
 Reference value :  2.40425e-08
 Reference value :  2.40625e-08
 Reference value :  2.40825e-08
 Reference value :  2.40975e-08
 Reference value :  2.41225e-08
 Reference value :  2.41425e-08
 Reference value :  2.41675e-08
 Reference value :  2.41925e-08
 Reference value :  2.42125e-08
 Reference value :  2.42325e-08
 Reference value :  2.42525e-08
 Reference value :  2.42725e-08
 Reference value :  2.42875e-08
 Reference value :  2.43075e-08
 Reference value :  2.43225e-08
 Reference value :  2.43425e-08
 Reference value :  2.43575e-08
 Reference value :  2.43825e-08
 Reference value :  2.44025e-08
 Reference value :  2.44275e-08
 Reference value :  2.44475e-08
 Reference value :  2.44675e-08
 Reference value :  2.44875e-08
 Reference value :  2.45025e-08
 Reference value :  2.45225e-08
 Reference value :  2.45425e-08
 Reference value :  2.45625e-08
 Reference value :  2.45775e-08
 Reference value :  2.45975e-08
 Reference value :  2.46175e-08
 Reference value :  2.46425e-08
 Reference value :  2.46675e-08
 Reference value :  2.46825e-08
 Reference value :  2.47075e-08
 Reference value :  2.47375e-08
 Reference value :  2.47675e-08
 Reference value :  2.47925e-08
 Reference value :  2.48125e-08
 Reference value :  2.48325e-08
 Reference value :  2.48575e-08
 Reference value :  2.48775e-08
 Reference value :  2.48925e-08
 Reference value :  2.49075e-08
 Reference value :  2.49275e-08
 Reference value :  2.49425e-08
 Reference value :  2.49625e-08
 Reference value :  2.49775e-08
 Reference value :  2.49975e-08
 Reference value :  2.50175e-08
 Reference value :  2.50375e-08
 Reference value :  2.50575e-08
 Reference value :  2.50775e-08
 Reference value :  2.50925e-08
 Reference value :  2.51175e-08
 Reference value :  2.51325e-08
 Reference value :  2.51575e-08
 Reference value :  2.51825e-08
 Reference value :  2.52025e-08
 Reference value :  2.52225e-08
 Reference value :  2.52475e-08
 Reference value :  2.52625e-08
 Reference value :  2.52775e-08
 Reference value :  2.52975e-08
 Reference value :  2.53175e-08
 Reference value :  2.53425e-08
 Reference value :  2.53625e-08
 Reference value :  2.53875e-08
 Reference value :  2.54075e-08
 Reference value :  2.54275e-08
 Reference value :  2.54475e-08
 Reference value :  2.54625e-08
 Reference value :  2.54825e-08
 Reference value :  2.55025e-08
 Reference value :  2.55225e-08
 Reference value :  2.55425e-08
 Reference value :  2.55675e-08
 Reference value :  2.55875e-08
 Reference value :  2.56075e-08
 Reference value :  2.56225e-08
 Reference value :  2.56425e-08
 Reference value :  2.56575e-08
 Reference value :  2.56725e-08
 Reference value :  2.56875e-08
 Reference value :  2.57075e-08
 Reference value :  2.57375e-08
 Reference value :  2.57625e-08
 Reference value :  2.57825e-08
 Reference value :  2.58025e-08
 Reference value :  2.58225e-08
 Reference value :  2.58475e-08
 Reference value :  2.58675e-08
 Reference value :  2.58875e-08
 Reference value :  2.59075e-08
 Reference value :  2.59325e-08
 Reference value :  2.59525e-08
 Reference value :  2.59725e-08
 Reference value :  2.59975e-08
 Reference value :  2.60175e-08
 Reference value :  2.60325e-08
 Reference value :  2.60575e-08
 Reference value :  2.60725e-08
 Reference value :  2.60925e-08
 Reference value :  2.61125e-08
 Reference value :  2.61325e-08
 Reference value :  2.61525e-08
 Reference value :  2.61775e-08
 Reference value :  2.61925e-08
 Reference value :  2.62125e-08
 Reference value :  2.62325e-08
 Reference value :  2.62475e-08
 Reference value :  2.62625e-08
 Reference value :  2.62775e-08
 Reference value :  2.63025e-08
 Reference value :  2.63275e-08
 Reference value :  2.63475e-08
 Reference value :  2.63725e-08
 Reference value :  2.63975e-08
 Reference value :  2.64175e-08
 Reference value :  2.64375e-08
 Reference value :  2.64525e-08
 Reference value :  2.64725e-08
 Reference value :  2.64875e-08
 Reference value :  2.65075e-08
 Reference value :  2.65275e-08
 Reference value :  2.65475e-08
 Reference value :  2.65625e-08
 Reference value :  2.65775e-08
 Reference value :  2.65925e-08
 Reference value :  2.66125e-08
 Reference value :  2.66275e-08
 Reference value :  2.66475e-08
 Reference value :  2.66625e-08
 Reference value :  2.66825e-08
 Reference value :  2.66975e-08
 Reference value :  2.67175e-08
 Reference value :  2.67425e-08
 Reference value :  2.67625e-08
 Reference value :  2.67825e-08
 Reference value :  2.67975e-08
 Reference value :  2.68175e-08
 Reference value :  2.68425e-08
 Reference value :  2.68725e-08
 Reference value :  2.68875e-08
 Reference value :  2.69075e-08
 Reference value :  2.69275e-08
 Reference value :  2.69475e-08
 Reference value :  2.69675e-08
 Reference value :  2.69975e-08
 Reference value :  2.70175e-08
 Reference value :  2.70375e-08
 Reference value :  2.70575e-08
 Reference value :  2.70775e-08
 Reference value :  2.70975e-08
 Reference value :  2.71275e-08
 Reference value :  2.71525e-08
 Reference value :  2.71725e-08
 Reference value :  2.71875e-08
 Reference value :  2.72075e-08
 Reference value :  2.72275e-08
 Reference value :  2.72525e-08
 Reference value :  2.72775e-08
 Reference value :  2.73025e-08
 Reference value :  2.73225e-08
 Reference value :  2.73425e-08
 Reference value :  2.73625e-08
 Reference value :  2.73825e-08
 Reference value :  2.74025e-08
 Reference value :  2.74175e-08
 Reference value :  2.74425e-08
 Reference value :  2.74625e-08
 Reference value :  2.74825e-08
 Reference value :  2.75075e-08
 Reference value :  2.75225e-08
 Reference value :  2.75425e-08
 Reference value :  2.75625e-08
 Reference value :  2.75825e-08
 Reference value :  2.76025e-08
 Reference value :  2.76225e-08
 Reference value :  2.76425e-08
 Reference value :  2.76575e-08
 Reference value :  2.76725e-08
 Reference value :  2.76925e-08
 Reference value :  2.77175e-08
 Reference value :  2.77325e-08
 Reference value :  2.77525e-08
 Reference value :  2.77775e-08
 Reference value :  2.77975e-08
 Reference value :  2.78175e-08
 Reference value :  2.78375e-08
 Reference value :  2.78575e-08
 Reference value :  2.78725e-08
 Reference value :  2.78925e-08
 Reference value :  2.79175e-08
 Reference value :  2.79375e-08
 Reference value :  2.79575e-08
 Reference value :  2.79725e-08
 Reference value :  2.79925e-08
 Reference value :  2.80175e-08
 Reference value :  2.80375e-08
 Reference value :  2.80575e-08
 Reference value :  2.80825e-08
 Reference value :  2.81025e-08
 Reference value :  2.81275e-08
 Reference value :  2.81425e-08
 Reference value :  2.81675e-08
 Reference value :  2.81825e-08
 Reference value :  2.82025e-08
 Reference value :  2.82225e-08
 Reference value :  2.82375e-08
 Reference value :  2.82525e-08
 Reference value :  2.82775e-08
 Reference value :  2.82975e-08
 Reference value :  2.83175e-08
 Reference value :  2.83375e-08
 Reference value :  2.83575e-08
 Reference value :  2.83775e-08
 Reference value :  2.84025e-08
 Reference value :  2.84225e-08
 Reference value :  2.84375e-08
 Reference value :  2.84525e-08
 Reference value :  2.84725e-08
 Reference value :  2.84925e-08
 Reference value :  2.85125e-08
 Reference value :  2.85275e-08
 Reference value :  2.85475e-08
 Reference value :  2.85675e-08
 Reference value :  2.85825e-08
 Reference value :  2.86025e-08
 Reference value :  2.86225e-08
 Reference value :  2.86475e-08
 Reference value :  2.86675e-08
 Reference value :  2.86925e-08
 Reference value :  2.87075e-08
 Reference value :  2.87275e-08
 Reference value :  2.87475e-08
 Reference value :  2.87675e-08
 Reference value :  2.87825e-08
 Reference value :  2.88075e-08
 Reference value :  2.88325e-08
 Reference value :  2.88475e-08
 Reference value :  2.88625e-08
 Reference value :  2.88825e-08
 Reference value :  2.89025e-08
 Reference value :  2.89175e-08
 Reference value :  2.89325e-08
 Reference value :  2.89525e-08
 Reference value :  2.89725e-08
 Reference value :  2.89875e-08
 Reference value :  2.90075e-08
 Reference value :  2.90225e-08
 Reference value :  2.90425e-08
 Reference value :  2.90625e-08
 Reference value :  2.90825e-08
 Reference value :  2.91025e-08
 Reference value :  2.91225e-08
 Reference value :  2.91375e-08
 Reference value :  2.91575e-08
 Reference value :  2.91725e-08
 Reference value :  2.91875e-08
 Reference value :  2.92075e-08
 Reference value :  2.92275e-08
 Reference value :  2.92425e-08
 Reference value :  2.92675e-08
 Reference value :  2.92875e-08
 Reference value :  2.93175e-08
 Reference value :  2.93375e-08
 Reference value :  2.93575e-08
 Reference value :  2.93725e-08
 Reference value :  2.93975e-08
 Reference value :  2.94175e-08
 Reference value :  2.94375e-08
 Reference value :  2.94575e-08
 Reference value :  2.94775e-08
 Reference value :  2.94975e-08
 Reference value :  2.95175e-08
 Reference value :  2.95325e-08
 Reference value :  2.95525e-08
 Reference value :  2.95725e-08
 Reference value :  2.95925e-08
 Reference value :  2.96125e-08
 Reference value :  2.96275e-08
 Reference value :  2.96475e-08
 Reference value :  2.96675e-08
 Reference value :  2.96925e-08
 Reference value :  2.97175e-08
 Reference value :  2.97425e-08
 Reference value :  2.97625e-08
 Reference value :  2.97775e-08
 Reference value :  2.97925e-08
 Reference value :  2.98125e-08
 Reference value :  2.98325e-08
 Reference value :  2.98475e-08
 Reference value :  2.98675e-08
 Reference value :  2.98925e-08
 Reference value :  2.99125e-08
 Reference value :  2.99325e-08
 Reference value :  2.99525e-08
 Reference value :  2.99725e-08
 Reference value :  2.99925e-08
 Reference value :  3.00075e-08
 Reference value :  3.00275e-08
 Reference value :  3.00525e-08
 Reference value :  3.00675e-08
 Reference value :  3.00825e-08
 Reference value :  3.01025e-08
 Reference value :  3.01225e-08
 Reference value :  3.01425e-08
 Reference value :  3.01625e-08
 Reference value :  3.01875e-08
 Reference value :  3.02175e-08
 Reference value :  3.02375e-08
 Reference value :  3.02575e-08
 Reference value :  3.02775e-08
 Reference value :  3.02975e-08
 Reference value :  3.03175e-08
 Reference value :  3.03425e-08
 Reference value :  3.03675e-08
 Reference value :  3.03925e-08
 Reference value :  3.04125e-08
 Reference value :  3.04325e-08
 Reference value :  3.04525e-08
 Reference value :  3.04725e-08
 Reference value :  3.04925e-08
 Reference value :  3.05125e-08
 Reference value :  3.05275e-08
 Reference value :  3.05475e-08
 Reference value :  3.05675e-08
 Reference value :  3.05925e-08
 Reference value :  3.06125e-08
 Reference value :  3.06275e-08
 Reference value :  3.06475e-08
 Reference value :  3.06625e-08
 Reference value :  3.06825e-08
 Reference value :  3.07025e-08
 Reference value :  3.07225e-08
 Reference value :  3.07425e-08
 Reference value :  3.07625e-08
 Reference value :  3.07775e-08
 Reference value :  3.07975e-08
 Reference value :  3.08175e-08
 Reference value :  3.08425e-08
 Reference value :  3.08625e-08
 Reference value :  3.08825e-08
 Reference value :  3.09025e-08
 Reference value :  3.09275e-08
 Reference value :  3.09475e-08
 Reference value :  3.09725e-08
 Reference value :  3.09875e-08
 Reference value :  3.10125e-08
 Reference value :  3.10325e-08
 Reference value :  3.10475e-08
 Reference value :  3.10625e-08
 Reference value :  3.10825e-08
 Reference value :  3.11025e-08
 Reference value :  3.11225e-08
 Reference value :  3.11475e-08
 Reference value :  3.11725e-08
 Reference value :  3.11975e-08
 Reference value :  3.12225e-08
 Reference value :  3.12625e-08
 Reference value :  3.12825e-08
 Reference value :  3.13025e-08
 Reference value :  3.13325e-08
 Reference value :  3.13525e-08
 Reference value :  3.13825e-08
 Reference value :  3.14025e-08
 Reference value :  3.14225e-08
 Reference value :  3.14425e-08
 Reference value :  3.14625e-08
 Reference value :  3.14825e-08
 Reference value :  3.15025e-08
 Reference value :  3.15175e-08
 Reference value :  3.15325e-08
 Reference value :  3.15525e-08
 Reference value :  3.15725e-08
 Reference value :  3.15875e-08
 Reference value :  3.16075e-08
 Reference value :  3.16275e-08
 Reference value :  3.16425e-08
 Reference value :  3.16625e-08
 Reference value :  3.16825e-08
 Reference value :  3.17075e-08
 Reference value :  3.17275e-08
 Reference value :  3.17475e-08
 Reference value :  3.17675e-08
 Reference value :  3.17875e-08
 Reference value :  3.18025e-08
 Reference value :  3.18225e-08
 Reference value :  3.18375e-08
 Reference value :  3.18525e-08
 Reference value :  3.18775e-08
 Reference value :  3.18975e-08
 Reference value :  3.19125e-08
 Reference value :  3.19325e-08
 Reference value :  3.19525e-08
 Reference value :  3.19725e-08
 Reference value :  3.19975e-08
 Reference value :  3.20225e-08
 Reference value :  3.20425e-08
 Reference value :  3.20625e-08
 Reference value :  3.20825e-08
 Reference value :  3.20975e-08
 Reference value :  3.21125e-08
 Reference value :  3.21325e-08
 Reference value :  3.21525e-08
 Reference value :  3.21725e-08
 Reference value :  3.21925e-08
 Reference value :  3.22125e-08
 Reference value :  3.22275e-08
 Reference value :  3.22525e-08
 Reference value :  3.22775e-08
 Reference value :  3.22975e-08
 Reference value :  3.23225e-08
 Reference value :  3.23425e-08
 Reference value :  3.23625e-08
 Reference value :  3.23825e-08
 Reference value :  3.24075e-08
 Reference value :  3.24275e-08
 Reference value :  3.24475e-08
 Reference value :  3.24725e-08
 Reference value :  3.24925e-08
 Reference value :  3.25125e-08
 Reference value :  3.25325e-08
 Reference value :  3.25525e-08
 Reference value :  3.25725e-08
 Reference value :  3.25875e-08
 Reference value :  3.26075e-08
 Reference value :  3.26275e-08
 Reference value :  3.26475e-08
 Reference value :  3.26675e-08
 Reference value :  3.26925e-08
 Reference value :  3.27125e-08
 Reference value :  3.27325e-08
 Reference value :  3.27525e-08
 Reference value :  3.27775e-08
 Reference value :  3.27975e-08
 Reference value :  3.28175e-08
 Reference value :  3.28375e-08
 Reference value :  3.28625e-08
 Reference value :  3.28875e-08
 Reference value :  3.29075e-08
 Reference value :  3.29275e-08
 Reference value :  3.29475e-08
 Reference value :  3.29675e-08
 Reference value :  3.29925e-08
 Reference value :  3.30125e-08
 Reference value :  3.30375e-08
 Reference value :  3.30575e-08
 Reference value :  3.30825e-08
 Reference value :  3.31025e-08
 Reference value :  3.31225e-08
 Reference value :  3.31375e-08
 Reference value :  3.31575e-08
 Reference value :  3.31775e-08
 Reference value :  3.31975e-08
 Reference value :  3.32175e-08
 Reference value :  3.32375e-08
 Reference value :  3.32575e-08
 Reference value :  3.32775e-08
 Reference value :  3.32975e-08
 Reference value :  3.33175e-08
 Reference value :  3.33375e-08
 Reference value :  3.33525e-08
 Reference value :  3.33725e-08
 Reference value :  3.33925e-08
 Reference value :  3.34125e-08
 Reference value :  3.34325e-08
 Reference value :  3.34475e-08
 Reference value :  3.34675e-08
 Reference value :  3.34825e-08
 Reference value :  3.35075e-08
 Reference value :  3.35275e-08
 Reference value :  3.35425e-08
 Reference value :  3.35625e-08
 Reference value :  3.35825e-08
 Reference value :  3.36025e-08
 Reference value :  3.36275e-08
 Reference value :  3.36475e-08
 Reference value :  3.36675e-08
 Reference value :  3.36875e-08
 Reference value :  3.37025e-08
 Reference value :  3.37225e-08
 Reference value :  3.37425e-08
 Reference value :  3.37625e-08
 Reference value :  3.37875e-08
 Reference value :  3.38125e-08
 Reference value :  3.38375e-08
 Reference value :  3.38625e-08
 Reference value :  3.38825e-08
 Reference value :  3.39025e-08
 Reference value :  3.39275e-08
 Reference value :  3.39475e-08
 Reference value :  3.39725e-08
 Reference value :  3.39975e-08
 Reference value :  3.40225e-08
 Reference value :  3.40425e-08
 Reference value :  3.40625e-08
 Reference value :  3.40825e-08
 Reference value :  3.41025e-08
 Reference value :  3.41275e-08
 Reference value :  3.41525e-08
 Reference value :  3.41775e-08
 Reference value :  3.42025e-08
 Reference value :  3.42225e-08
 Reference value :  3.42425e-08
 Reference value :  3.42625e-08
 Reference value :  3.42825e-08
 Reference value :  3.42975e-08
 Reference value :  3.43175e-08
 Reference value :  3.43375e-08
 Reference value :  3.43525e-08
 Reference value :  3.43725e-08
 Reference value :  3.43925e-08
 Reference value :  3.44125e-08
 Reference value :  3.44325e-08
 Reference value :  3.44525e-08
 Reference value :  3.44675e-08
 Reference value :  3.44875e-08
 Reference value :  3.45075e-08
 Reference value :  3.45275e-08
 Reference value :  3.45475e-08
 Reference value :  3.45675e-08
 Reference value :  3.45875e-08
 Reference value :  3.46175e-08
 Reference value :  3.46375e-08
 Reference value :  3.46525e-08
 Reference value :  3.46775e-08
 Reference value :  3.46925e-08
 Reference value :  3.47125e-08
 Reference value :  3.47325e-08
 Reference value :  3.47475e-08
 Reference value :  3.47675e-08
 Reference value :  3.47875e-08
 Reference value :  3.48075e-08
 Reference value :  3.48275e-08
 Reference value :  3.48475e-08
 Reference value :  3.48675e-08
 Reference value :  3.48875e-08
 Reference value :  3.49075e-08
 Reference value :  3.49275e-08
 Reference value :  3.49475e-08
 Reference value :  3.49675e-08
 Reference value :  3.49975e-08
 Reference value :  3.50175e-08
 Reference value :  3.50325e-08
 Reference value :  3.50525e-08
 Reference value :  3.50725e-08
 Reference value :  3.50925e-08
 Reference value :  3.51125e-08
 Reference value :  3.51325e-08
 Reference value :  3.51525e-08
 Reference value :  3.51675e-08
 Reference value :  3.51875e-08
 Reference value :  3.52075e-08
 Reference value :  3.52275e-08
 Reference value :  3.52475e-08
 Reference value :  3.52675e-08
 Reference value :  3.52825e-08
 Reference value :  3.52975e-08
 Reference value :  3.53125e-08
 Reference value :  3.53325e-08
 Reference value :  3.53525e-08
 Reference value :  3.53725e-08
 Reference value :  3.53875e-08
 Reference value :  3.54075e-08
 Reference value :  3.54225e-08
 Reference value :  3.54425e-08
 Reference value :  3.54625e-08
 Reference value :  3.54875e-08
 Reference value :  3.55125e-08
 Reference value :  3.55325e-08
 Reference value :  3.55525e-08
 Reference value :  3.55725e-08
 Reference value :  3.55925e-08
 Reference value :  3.56075e-08
 Reference value :  3.56225e-08
 Reference value :  3.56425e-08
 Reference value :  3.56625e-08
 Reference value :  3.56875e-08
 Reference value :  3.57075e-08
 Reference value :  3.57275e-08
 Reference value :  3.57475e-08
 Reference value :  3.57675e-08
 Reference value :  3.57925e-08
 Reference value :  3.58175e-08
 Reference value :  3.58375e-08
 Reference value :  3.58625e-08
 Reference value :  3.58825e-08
 Reference value :  3.59075e-08
 Reference value :  3.59275e-08
 Reference value :  3.59475e-08
 Reference value :  3.59675e-08
 Reference value :  3.59925e-08
 Reference value :  3.60125e-08
 Reference value :  3.60325e-08
 Reference value :  3.60525e-08
 Reference value :  3.60725e-08
 Reference value :  3.60975e-08
 Reference value :  3.61175e-08
 Reference value :  3.61425e-08
 Reference value :  3.61625e-08
 Reference value :  3.61925e-08
 Reference value :  3.62125e-08
 Reference value :  3.62325e-08
 Reference value :  3.62575e-08
 Reference value :  3.62775e-08
 Reference value :  3.62975e-08
 Reference value :  3.63175e-08
 Reference value :  3.63425e-08
 Reference value :  3.63625e-08
 Reference value :  3.63825e-08
 Reference value :  3.63975e-08
 Reference value :  3.64175e-08
 Reference value :  3.64375e-08
 Reference value :  3.64525e-08
 Reference value :  3.64725e-08
 Reference value :  3.64875e-08
 Reference value :  3.65075e-08
 Reference value :  3.65275e-08
 Reference value :  3.65525e-08
 Reference value :  3.65725e-08
 Reference value :  3.65875e-08
 Reference value :  3.66025e-08
 Reference value :  3.66225e-08
 Reference value :  3.66475e-08
 Reference value :  3.66675e-08
 Reference value :  3.66875e-08
 Reference value :  3.67125e-08
 Reference value :  3.67325e-08
 Reference value :  3.67575e-08
 Reference value :  3.67725e-08
 Reference value :  3.67925e-08
 Reference value :  3.68175e-08
 Reference value :  3.68425e-08
 Reference value :  3.68675e-08
 Reference value :  3.68875e-08
 Reference value :  3.69075e-08
 Reference value :  3.69275e-08
 Reference value :  3.69475e-08
 Reference value :  3.69675e-08
 Reference value :  3.69825e-08
 Reference value :  3.70025e-08
 Reference value :  3.70325e-08
 Reference value :  3.70525e-08
 Reference value :  3.70725e-08
 Reference value :  3.70975e-08
 Reference value :  3.71175e-08
 Reference value :  3.71325e-08
 Reference value :  3.71475e-08
 Reference value :  3.71675e-08
 Reference value :  3.71875e-08
 Reference value :  3.72125e-08
 Reference value :  3.72375e-08
 Reference value :  3.72575e-08
 Reference value :  3.72775e-08
 Reference value :  3.72975e-08
 Reference value :  3.73225e-08
 Reference value :  3.73425e-08
 Reference value :  3.73575e-08
 Reference value :  3.73725e-08
 Reference value :  3.73925e-08
 Reference value :  3.74125e-08
 Reference value :  3.74325e-08
 Reference value :  3.74525e-08
 Reference value :  3.74775e-08
 Reference value :  3.74975e-08
 Reference value :  3.75225e-08
 Reference value :  3.75425e-08
 Reference value :  3.75625e-08
 Reference value :  3.75825e-08
 Reference value :  3.75975e-08
 Reference value :  3.76175e-08
 Reference value :  3.76375e-08
 Reference value :  3.76525e-08
 Reference value :  3.76675e-08
 Reference value :  3.76875e-08
 Reference value :  3.77075e-08
 Reference value :  3.77275e-08
 Reference value :  3.77525e-08
 Reference value :  3.77775e-08
 Reference value :  3.77975e-08
 Reference value :  3.78175e-08
 Reference value :  3.78375e-08
 Reference value :  3.78575e-08
 Reference value :  3.78775e-08
 Reference value :  3.78975e-08
 Reference value :  3.79225e-08
 Reference value :  3.79425e-08
 Reference value :  3.79675e-08
 Reference value :  3.79875e-08
 Reference value :  3.80075e-08
 Reference value :  3.80275e-08
 Reference value :  3.80475e-08
 Reference value :  3.80675e-08
 Reference value :  3.80925e-08
 Reference value :  3.81225e-08
 Reference value :  3.81475e-08
 Reference value :  3.81675e-08
 Reference value :  3.81875e-08
 Reference value :  3.82125e-08
 Reference value :  3.82275e-08
 Reference value :  3.82475e-08
 Reference value :  3.82675e-08
 Reference value :  3.82875e-08
 Reference value :  3.83025e-08
 Reference value :  3.83325e-08
 Reference value :  3.83525e-08
 Reference value :  3.83725e-08
 Reference value :  3.83925e-08
 Reference value :  3.84075e-08
 Reference value :  3.84325e-08
 Reference value :  3.84525e-08
 Reference value :  3.84725e-08
 Reference value :  3.84925e-08
 Reference value :  3.85125e-08
 Reference value :  3.85375e-08
 Reference value :  3.85625e-08
 Reference value :  3.85875e-08
 Reference value :  3.86075e-08
 Reference value :  3.86275e-08
 Reference value :  3.86475e-08
 Reference value :  3.86675e-08
 Reference value :  3.86925e-08
 Reference value :  3.87125e-08
 Reference value :  3.87325e-08
 Reference value :  3.87525e-08
 Reference value :  3.87725e-08
 Reference value :  3.87925e-08
 Reference value :  3.88125e-08
 Reference value :  3.88325e-08
 Reference value :  3.88575e-08
 Reference value :  3.88775e-08
 Reference value :  3.89025e-08
 Reference value :  3.89225e-08
 Reference value :  3.89425e-08
 Reference value :  3.89625e-08
 Reference value :  3.89825e-08
 Reference value :  3.90025e-08
 Reference value :  3.90275e-08
 Reference value :  3.90475e-08
 Reference value :  3.90675e-08
 Reference value :  3.90875e-08
 Reference value :  3.91075e-08
 Reference value :  3.91225e-08
 Reference value :  3.91425e-08
 Reference value :  3.91625e-08
 Reference value :  3.91825e-08
 Reference value :  3.92025e-08
 Reference value :  3.92225e-08
 Reference value :  3.92425e-08
 Reference value :  3.92575e-08
 Reference value :  3.92725e-08
 Reference value :  3.92875e-08
 Reference value :  3.93075e-08
 Reference value :  3.93275e-08
 Reference value :  3.93475e-08
 Reference value :  3.93625e-08
 Reference value :  3.93825e-08
 Reference value :  3.94025e-08
 Reference value :  3.94175e-08
 Reference value :  3.94375e-08
 Reference value :  3.94575e-08
 Reference value :  3.94775e-08
 Reference value :  3.94975e-08
 Reference value :  3.95125e-08
 Reference value :  3.95375e-08
 Reference value :  3.95525e-08
 Reference value :  3.95725e-08
 Reference value :  3.95925e-08
 Reference value :  3.96125e-08
 Reference value :  3.96275e-08
 Reference value :  3.96475e-08
 Reference value :  3.96675e-08
 Reference value :  3.96875e-08
 Reference value :  3.97125e-08
 Reference value :  3.97325e-08
 Reference value :  3.97575e-08
 Reference value :  3.97775e-08
 Reference value :  3.97975e-08
 Reference value :  3.98175e-08
 Reference value :  3.98375e-08
 Reference value :  3.98575e-08
 Reference value :  3.98775e-08
 Reference value :  3.98925e-08
 Reference value :  3.99075e-08
 Reference value :  3.99325e-08
 Reference value :  3.99525e-08
 Reference value :  3.99675e-08
 Reference value :  3.99875e-08
 Reference value :  4.00125e-08
 Reference value :  4.00325e-08
 Reference value :  4.00475e-08
 Reference value :  4.00625e-08
 Reference value :  4.00825e-08
 Reference value :  4.01025e-08
 Reference value :  4.01175e-08
 Reference value :  4.01375e-08
 Reference value :  4.01525e-08
 Reference value :  4.01725e-08
 Reference value :  4.01925e-08
 Reference value :  4.02075e-08
 Reference value :  4.02525e-08
 Reference value :  4.02775e-08
 Reference value :  4.02925e-08
 Reference value :  4.03125e-08
 Reference value :  4.03325e-08
 Reference value :  4.03475e-08
 Reference value :  4.03675e-08
 Reference value :  4.03875e-08
 Reference value :  4.04075e-08
 Reference value :  4.04275e-08
 Reference value :  4.04475e-08
 Reference value :  4.04675e-08
 Reference value :  4.04825e-08
 Reference value :  4.05075e-08
 Reference value :  4.05275e-08
 Reference value :  4.05425e-08
 Reference value :  4.05625e-08
 Reference value :  4.05825e-08
 Reference value :  4.06075e-08
 Reference value :  4.06325e-08
 Reference value :  4.06475e-08
 Reference value :  4.06625e-08
 Reference value :  4.06825e-08
 Reference value :  4.06975e-08
 Reference value :  4.07175e-08
 Reference value :  4.07375e-08
 Reference value :  4.07575e-08
 Reference value :  4.07725e-08
 Reference value :  4.07925e-08
 Reference value :  4.08125e-08
 Reference value :  4.08325e-08
 Reference value :  4.08525e-08
 Reference value :  4.08725e-08
 Reference value :  4.08925e-08
 Reference value :  4.09125e-08
 Reference value :  4.09325e-08
 Reference value :  4.09575e-08
 Reference value :  4.09775e-08
 Reference value :  4.09975e-08
 Reference value :  4.10225e-08
 Reference value :  4.10375e-08
 Reference value :  4.10525e-08
 Reference value :  4.10675e-08
 Reference value :  4.10825e-08
 Reference value :  4.10975e-08
 Reference value :  4.11175e-08
 Reference value :  4.11375e-08
 Reference value :  4.11575e-08
 Reference value :  4.11875e-08
 Reference value :  4.12075e-08
 Reference value :  4.12275e-08
 Reference value :  4.12475e-08
 Reference value :  4.12725e-08
 Reference value :  4.12925e-08
 Reference value :  4.13125e-08
 Reference value :  4.13325e-08
 Reference value :  4.13525e-08
 Reference value :  4.13725e-08
 Reference value :  4.13925e-08
 Reference value :  4.14125e-08
 Reference value :  4.14275e-08
 Reference value :  4.14425e-08
 Reference value :  4.14625e-08
 Reference value :  4.14775e-08
 Reference value :  4.14975e-08
 Reference value :  4.15175e-08
 Reference value :  4.15375e-08
 Reference value :  4.15575e-08
 Reference value :  4.15775e-08
 Reference value :  4.15975e-08
 Reference value :  4.16225e-08
 Reference value :  4.16425e-08
 Reference value :  4.16625e-08
 Reference value :  4.16825e-08
 Reference value :  4.16975e-08
 Reference value :  4.17175e-08
 Reference value :  4.17375e-08
 Reference value :  4.17575e-08
 Reference value :  4.17725e-08
 Reference value :  4.17925e-08
 Reference value :  4.18125e-08
 Reference value :  4.18325e-08
 Reference value :  4.18475e-08
 Reference value :  4.18625e-08
 Reference value :  4.18825e-08
 Reference value :  4.19025e-08
 Reference value :  4.19225e-08
 Reference value :  4.19425e-08
 Reference value :  4.19625e-08
 Reference value :  4.19825e-08
 Reference value :  4.20075e-08
 Reference value :  4.20225e-08
 Reference value :  4.20425e-08
 Reference value :  4.20625e-08
 Reference value :  4.20825e-08
 Reference value :  4.21025e-08
 Reference value :  4.21225e-08
 Reference value :  4.21425e-08
 Reference value :  4.21625e-08
 Reference value :  4.21775e-08
 Reference value :  4.21975e-08
 Reference value :  4.22175e-08
 Reference value :  4.22375e-08
 Reference value :  4.22575e-08
 Reference value :  4.22725e-08
 Reference value :  4.22875e-08
 Reference value :  4.23025e-08
 Reference value :  4.23225e-08
 Reference value :  4.23425e-08
 Reference value :  4.23675e-08
 Reference value :  4.23825e-08
 Reference value :  4.24025e-08
 Reference value :  4.24275e-08
 Reference value :  4.24525e-08
 Reference value :  4.24725e-08
 Reference value :  4.24925e-08
 Reference value :  4.25175e-08
 Reference value :  4.25375e-08
 Reference value :  4.25575e-08
 Reference value :  4.25725e-08
 Reference value :  4.25925e-08
 Reference value :  4.26125e-08
 Reference value :  4.26275e-08
 Reference value :  4.26425e-08
 Reference value :  4.26625e-08
 Reference value :  4.26825e-08
 Reference value :  4.26975e-08
 Reference value :  4.27175e-08
 Reference value :  4.27375e-08
 Reference value :  4.27525e-08
 Reference value :  4.27725e-08
 Reference value :  4.27925e-08
 Reference value :  4.28125e-08
 Reference value :  4.28325e-08
 Reference value :  4.28525e-08
 Reference value :  4.28675e-08
 Reference value :  4.28875e-08
 Reference value :  4.29075e-08
 Reference value :  4.29275e-08
 Reference value :  4.29475e-08
 Reference value :  4.29675e-08
 Reference value :  4.29875e-08
 Reference value :  4.30075e-08
 Reference value :  4.30325e-08
 Reference value :  4.30475e-08
 Reference value :  4.30675e-08
 Reference value :  4.30875e-08
 Reference value :  4.31075e-08
 Reference value :  4.31275e-08
 Reference value :  4.31475e-08
 Reference value :  4.31725e-08
 Reference value :  4.31925e-08
 Reference value :  4.32175e-08
 Reference value :  4.32425e-08
 Reference value :  4.32625e-08
 Reference value :  4.32825e-08
 Reference value :  4.33025e-08
 Reference value :  4.33225e-08
 Reference value :  4.33475e-08
 Reference value :  4.33725e-08
 Reference value :  4.33925e-08
 Reference value :  4.34125e-08
 Reference value :  4.34275e-08
 Reference value :  4.34425e-08
 Reference value :  4.34575e-08
 Reference value :  4.34725e-08
 Reference value :  4.34925e-08
 Reference value :  4.35125e-08
 Reference value :  4.35375e-08
 Reference value :  4.35575e-08
 Reference value :  4.35775e-08
 Reference value :  4.35975e-08
 Reference value :  4.36175e-08
 Reference value :  4.36425e-08
 Reference value :  4.36625e-08
 Reference value :  4.36875e-08
 Reference value :  4.37075e-08
 Reference value :  4.37275e-08
 Reference value :  4.37475e-08
 Reference value :  4.37675e-08
 Reference value :  4.37875e-08
 Reference value :  4.38075e-08
 Reference value :  4.38275e-08
 Reference value :  4.38475e-08
 Reference value :  4.38675e-08
 Reference value :  4.38875e-08
 Reference value :  4.39125e-08
 Reference value :  4.39325e-08
 Reference value :  4.39525e-08
 Reference value :  4.39725e-08
 Reference value :  4.39925e-08
 Reference value :  4.40075e-08
 Reference value :  4.40225e-08
 Reference value :  4.40425e-08
 Reference value :  4.40625e-08
 Reference value :  4.40825e-08
 Reference value :  4.41025e-08
 Reference value :  4.41175e-08
 Reference value :  4.41375e-08
 Reference value :  4.41625e-08
 Reference value :  4.41825e-08
 Reference value :  4.42025e-08
 Reference value :  4.42275e-08
 Reference value :  4.42475e-08
 Reference value :  4.42675e-08
 Reference value :  4.42825e-08
 Reference value :  4.43025e-08
 Reference value :  4.43225e-08
 Reference value :  4.43425e-08
 Reference value :  4.43575e-08
 Reference value :  4.43775e-08
 Reference value :  4.43975e-08
 Reference value :  4.44225e-08
 Reference value :  4.44475e-08
 Reference value :  4.44725e-08
 Reference value :  4.44875e-08
 Reference value :  4.45075e-08
 Reference value :  4.45275e-08
 Reference value :  4.45475e-08
 Reference value :  4.45675e-08
 Reference value :  4.45925e-08
 Reference value :  4.46125e-08
 Reference value :  4.46325e-08
 Reference value :  4.46525e-08
 Reference value :  4.46725e-08
 Reference value :  4.46875e-08
 Reference value :  4.47025e-08
 Reference value :  4.47225e-08
 Reference value :  4.47375e-08
 Reference value :  4.47575e-08
 Reference value :  4.47825e-08
 Reference value :  4.48025e-08
 Reference value :  4.48225e-08
 Reference value :  4.48475e-08
 Reference value :  4.48675e-08
 Reference value :  4.48875e-08
 Reference value :  4.49075e-08
 Reference value :  4.49225e-08
 Reference value :  4.49425e-08
 Reference value :  4.49625e-08
 Reference value :  4.49775e-08
 Reference value :  4.49925e-08
 Reference value :  4.50125e-08
 Reference value :  4.50325e-08
 Reference value :  4.50525e-08
 Reference value :  4.50725e-08
 Reference value :  4.50925e-08
No. of Data Rows : 9034
Note: Simulation executed from .control section 
