
Note: Compatibility modes selected: hs a


Circuit: * comparator-decision regen-time sweep -- vindiff=10mv corner=sf temp=125.0c (issue #9)

option SCALE: Scale is set to 1e-06 for instance and model parameters
option SCALE: Scale is set to 1e-06 for instance and model parameters
option SCALE: Scale is set to 1e-06 for instance and model parameters
option SCALE: Scale is set to 1e-06 for instance and model parameters
Doing analysis at TEMP = 125.000000 and TNOM = 27.000000

Using KLU as Direct Linear Solver
 Reference value :  0.00000e+00
 Reference value :  4.00000e-13
 Reference value :  6.40000e-12
 Reference value :  2.14000e-11
 Reference value :  4.14000e-11
 Reference value :  5.64000e-11
 Reference value :  7.64000e-11
 Reference value :  9.64000e-11
 Reference value :  1.11400e-10
 Reference value :  1.31400e-10
 Reference value :  1.46400e-10
 Reference value :  1.66400e-10
 Reference value :  1.91400e-10
 Reference value :  2.16400e-10
 Reference value :  2.36400e-10
 Reference value :  2.56400e-10
 Reference value :  2.76400e-10
 Reference value :  2.96400e-10
 Reference value :  3.16400e-10
 Reference value :  3.31400e-10
 Reference value :  3.46400e-10
 Reference value :  3.66400e-10
 Reference value :  3.81400e-10
 Reference value :  4.01400e-10
 Reference value :  4.26400e-10
 Reference value :  4.46400e-10
 Reference value :  4.66400e-10
 Reference value :  4.86400e-10
 Reference value :  5.06400e-10
 Reference value :  5.31400e-10
 Reference value :  5.51400e-10
 Reference value :  5.71400e-10
 Reference value :  5.91400e-10
 Reference value :  6.11400e-10
 Reference value :  6.36400e-10
 Reference value :  6.56400e-10
 Reference value :  6.81400e-10
 Reference value :  6.96400e-10
 Reference value :  7.16400e-10
 Reference value :  7.36400e-10
 Reference value :  7.56400e-10
 Reference value :  7.71400e-10
 Reference value :  7.91400e-10
 Reference value :  8.11400e-10
 Reference value :  8.26400e-10
 Reference value :  8.41400e-10
 Reference value :  8.66400e-10
 Reference value :  8.86400e-10
 Reference value :  9.01400e-10
 Reference value :  9.16400e-10
 Reference value :  9.31400e-10
 Reference value :  9.51400e-10
 Reference value :  9.71400e-10
 Reference value :  9.91400e-10
 Reference value :  1.01140e-09
 Reference value :  1.03640e-09
 Reference value :  1.05140e-09
 Reference value :  1.07140e-09
 Reference value :  1.09140e-09
 Reference value :  1.11140e-09
 Reference value :  1.13140e-09
 Reference value :  1.15140e-09
 Reference value :  1.17140e-09
 Reference value :  1.18640e-09
 Reference value :  1.20640e-09
 Reference value :  1.22640e-09
 Reference value :  1.24640e-09
 Reference value :  1.26640e-09
 Reference value :  1.28640e-09
 Reference value :  1.30640e-09
 Reference value :  1.32640e-09
 Reference value :  1.34640e-09
 Reference value :  1.37140e-09
 Reference value :  1.38640e-09
 Reference value :  1.40640e-09
 Reference value :  1.42640e-09
 Reference value :  1.44140e-09
 Reference value :  1.46640e-09
 Reference value :  1.48640e-09
 Reference value :  1.50640e-09
 Reference value :  1.52640e-09
 Reference value :  1.54640e-09
 Reference value :  1.56640e-09
 Reference value :  1.58640e-09
 Reference value :  1.60140e-09
 Reference value :  1.62140e-09
 Reference value :  1.64140e-09
 Reference value :  1.66140e-09
 Reference value :  1.68640e-09
 Reference value :  1.70640e-09
 Reference value :  1.72140e-09
 Reference value :  1.73640e-09
 Reference value :  1.75640e-09
 Reference value :  1.77640e-09
 Reference value :  1.79140e-09
 Reference value :  1.80640e-09
 Reference value :  1.82640e-09
 Reference value :  1.84640e-09
 Reference value :  1.87140e-09
 Reference value :  1.88640e-09
 Reference value :  1.90640e-09
 Reference value :  1.92640e-09
 Reference value :  1.94640e-09
 Reference value :  1.96640e-09
 Reference value :  1.98140e-09
 Reference value :  2.00140e-09
 Reference value :  2.02140e-09
 Reference value :  2.04140e-09
 Reference value :  2.06140e-09
 Reference value :  2.08140e-09
 Reference value :  2.09640e-09
 Reference value :  2.11640e-09
 Reference value :  2.13640e-09
 Reference value :  2.15640e-09
 Reference value :  2.17640e-09
 Reference value :  2.19640e-09
 Reference value :  2.21640e-09
 Reference value :  2.23640e-09
 Reference value :  2.25640e-09
 Reference value :  2.27640e-09
 Reference value :  2.29640e-09
 Reference value :  2.31640e-09
 Reference value :  2.33640e-09
 Reference value :  2.35640e-09
 Reference value :  2.38140e-09
 Reference value :  2.40140e-09
 Reference value :  2.42140e-09
 Reference value :  2.44140e-09
 Reference value :  2.46640e-09
 Reference value :  2.48640e-09
 Reference value :  2.51140e-09
 Reference value :  2.53640e-09
 Reference value :  2.55640e-09
 Reference value :  2.58140e-09
 Reference value :  2.60640e-09
 Reference value :  2.62640e-09
 Reference value :  2.64140e-09
 Reference value :  2.66140e-09
 Reference value :  2.68640e-09
 Reference value :  2.70640e-09
 Reference value :  2.72640e-09
 Reference value :  2.74140e-09
 Reference value :  2.76140e-09
 Reference value :  2.78140e-09
 Reference value :  2.80140e-09
 Reference value :  2.82140e-09
 Reference value :  2.84140e-09
 Reference value :  2.86140e-09
 Reference value :  2.88140e-09
 Reference value :  2.90140e-09
 Reference value :  2.91640e-09
 Reference value :  2.93140e-09
 Reference value :  2.95140e-09
 Reference value :  2.97140e-09
 Reference value :  2.98640e-09
 Reference value :  3.00640e-09
 Reference value :  3.02640e-09
 Reference value :  3.04640e-09
 Reference value :  3.06140e-09
 Reference value :  3.08140e-09
 Reference value :  3.10140e-09
 Reference value :  3.12140e-09
 Reference value :  3.14140e-09
 Reference value :  3.16640e-09
 Reference value :  3.18640e-09
 Reference value :  3.20640e-09
 Reference value :  3.22640e-09
 Reference value :  3.25140e-09
 Reference value :  3.27140e-09
 Reference value :  3.28640e-09
 Reference value :  3.30640e-09
 Reference value :  3.32640e-09
 Reference value :  3.34640e-09
 Reference value :  3.36640e-09
 Reference value :  3.38640e-09
 Reference value :  3.40640e-09
 Reference value :  3.42140e-09
 Reference value :  3.44140e-09
 Reference value :  3.46140e-09
 Reference value :  3.48140e-09
 Reference value :  3.49640e-09
 Reference value :  3.51640e-09
 Reference value :  3.53640e-09
 Reference value :  3.55140e-09
 Reference value :  3.57140e-09
 Reference value :  3.59140e-09
 Reference value :  3.60640e-09
 Reference value :  3.62640e-09
 Reference value :  3.64640e-09
 Reference value :  3.66640e-09
 Reference value :  3.68640e-09
 Reference value :  3.70640e-09
 Reference value :  3.72640e-09
 Reference value :  3.74640e-09
 Reference value :  3.76640e-09
 Reference value :  3.78640e-09
 Reference value :  3.80640e-09
 Reference value :  3.82640e-09
 Reference value :  3.84640e-09
 Reference value :  3.86640e-09
 Reference value :  3.88140e-09
 Reference value :  3.89640e-09
 Reference value :  3.91140e-09
 Reference value :  3.93140e-09
 Reference value :  3.94640e-09
 Reference value :  3.96640e-09
 Reference value :  3.98640e-09
 Reference value :  4.00640e-09
 Reference value :  4.02140e-09
 Reference value :  4.04140e-09
 Reference value :  4.06140e-09
 Reference value :  4.07640e-09
 Reference value :  4.09640e-09
 Reference value :  4.11640e-09
 Reference value :  4.13640e-09
 Reference value :  4.15640e-09
 Reference value :  4.17140e-09
 Reference value :  4.19140e-09
 Reference value :  4.21140e-09
 Reference value :  4.23140e-09
 Reference value :  4.24640e-09
 Reference value :  4.26640e-09
 Reference value :  4.28640e-09
 Reference value :  4.30640e-09
 Reference value :  4.32640e-09
 Reference value :  4.34640e-09
 Reference value :  4.36640e-09
 Reference value :  4.38640e-09
 Reference value :  4.40640e-09
 Reference value :  4.42640e-09
 Reference value :  4.44640e-09
 Reference value :  4.46140e-09
 Reference value :  4.48140e-09
 Reference value :  4.50140e-09
 Reference value :  4.52640e-09
 Reference value :  4.54640e-09
 Reference value :  4.56640e-09
 Reference value :  4.58640e-09
 Reference value :  4.60640e-09
 Reference value :  4.62640e-09
 Reference value :  4.64640e-09
 Reference value :  4.66640e-09
 Reference value :  4.68640e-09
 Reference value :  4.70640e-09
 Reference value :  4.72640e-09
 Reference value :  4.74640e-09
 Reference value :  4.76640e-09
 Reference value :  4.78140e-09
 Reference value :  4.80140e-09
 Reference value :  4.82640e-09
 Reference value :  4.84640e-09
 Reference value :  4.86140e-09
 Reference value :  4.87640e-09
 Reference value :  4.90140e-09
 Reference value :  4.92140e-09
 Reference value :  4.94140e-09
 Reference value :  4.96140e-09
 Reference value :  4.97640e-09
 Reference value :  4.99570e-09
 Reference value :  5.00150e-09
 Reference value :  5.01750e-09
 Reference value :  5.03750e-09
 Reference value :  5.05750e-09
 Reference value :  5.07750e-09
 Reference value :  5.09250e-09
 Reference value :  5.10150e-09
 Reference value :  5.11750e-09
 Reference value :  5.13750e-09
 Reference value :  5.15750e-09
 Reference value :  5.17750e-09
 Reference value :  5.19750e-09
 Reference value :  5.21750e-09
 Reference value :  5.23250e-09
 Reference value :  5.24750e-09
 Reference value :  5.26750e-09
 Reference value :  5.28250e-09
 Reference value :  5.30250e-09
 Reference value :  5.32250e-09
 Reference value :  5.34250e-09
 Reference value :  5.36250e-09
 Reference value :  5.38750e-09
 Reference value :  5.40250e-09
 Reference value :  5.41750e-09
 Reference value :  5.43750e-09
 Reference value :  5.45750e-09
 Reference value :  5.47750e-09
 Reference value :  5.49750e-09
 Reference value :  5.51250e-09
 Reference value :  5.52750e-09
 Reference value :  5.55250e-09
 Reference value :  5.57750e-09
 Reference value :  5.59750e-09
 Reference value :  5.61750e-09
 Reference value :  5.63250e-09
 Reference value :  5.65250e-09
 Reference value :  5.67250e-09
 Reference value :  5.69250e-09
 Reference value :  5.71250e-09
 Reference value :  5.73250e-09
 Reference value :  5.75250e-09
 Reference value :  5.77250e-09
 Reference value :  5.79250e-09
 Reference value :  5.81250e-09
 Reference value :  5.83750e-09
 Reference value :  5.85250e-09
 Reference value :  5.87250e-09
 Reference value :  5.89250e-09
 Reference value :  5.91250e-09
 Reference value :  5.93250e-09
 Reference value :  5.95250e-09
 Reference value :  5.96750e-09
 Reference value :  5.98750e-09
 Reference value :  6.00250e-09
 Reference value :  6.01750e-09
 Reference value :  6.03250e-09
 Reference value :  6.05250e-09
 Reference value :  6.06750e-09
 Reference value :  6.08750e-09
 Reference value :  6.10750e-09
 Reference value :  6.12250e-09
 Reference value :  6.14250e-09
 Reference value :  6.16250e-09
 Reference value :  6.17750e-09
 Reference value :  6.19750e-09
 Reference value :  6.21750e-09
 Reference value :  6.23750e-09
 Reference value :  6.26250e-09
 Reference value :  6.28250e-09
 Reference value :  6.30250e-09
 Reference value :  6.31750e-09
 Reference value :  6.33750e-09
 Reference value :  6.35750e-09
 Reference value :  6.38250e-09
 Reference value :  6.40250e-09
 Reference value :  6.42750e-09
 Reference value :  6.44750e-09
 Reference value :  6.46750e-09
 Reference value :  6.48750e-09
 Reference value :  6.50750e-09
 Reference value :  6.52750e-09
 Reference value :  6.54250e-09
 Reference value :  6.56250e-09
 Reference value :  6.58250e-09
 Reference value :  6.60250e-09
 Reference value :  6.62250e-09
 Reference value :  6.64250e-09
 Reference value :  6.66250e-09
 Reference value :  6.68250e-09
 Reference value :  6.70250e-09
 Reference value :  6.72250e-09
 Reference value :  6.73750e-09
 Reference value :  6.75250e-09
 Reference value :  6.76750e-09
 Reference value :  6.79250e-09
 Reference value :  6.81250e-09
 Reference value :  6.83250e-09
 Reference value :  6.85250e-09
 Reference value :  6.87250e-09
 Reference value :  6.89250e-09
 Reference value :  6.91250e-09
 Reference value :  6.93250e-09
 Reference value :  6.95250e-09
 Reference value :  6.97250e-09
 Reference value :  6.98750e-09
 Reference value :  7.00250e-09
 Reference value :  7.02250e-09
 Reference value :  7.04250e-09
 Reference value :  7.06250e-09
 Reference value :  7.08250e-09
 Reference value :  7.10750e-09
 Reference value :  7.12250e-09
 Reference value :  7.14250e-09
 Reference value :  7.15750e-09
 Reference value :  7.17250e-09
 Reference value :  7.19250e-09
 Reference value :  7.20750e-09
 Reference value :  7.22250e-09
 Reference value :  7.24250e-09
 Reference value :  7.26250e-09
 Reference value :  7.28750e-09
 Reference value :  7.30750e-09
 Reference value :  7.32250e-09
 Reference value :  7.33750e-09
 Reference value :  7.35250e-09
 Reference value :  7.37250e-09
 Reference value :  7.38750e-09
 Reference value :  7.40750e-09
 Reference value :  7.42750e-09
 Reference value :  7.44250e-09
 Reference value :  7.46750e-09
 Reference value :  7.48750e-09
 Reference value :  7.50250e-09
 Reference value :  7.52750e-09
 Reference value :  7.54250e-09
 Reference value :  7.56250e-09
 Reference value :  7.58250e-09
 Reference value :  7.60250e-09
 Reference value :  7.63250e-09
 Reference value :  7.65750e-09
 Reference value :  7.67750e-09
 Reference value :  7.69750e-09
 Reference value :  7.71750e-09
 Reference value :  7.74250e-09
 Reference value :  7.76250e-09
 Reference value :  7.78250e-09
 Reference value :  7.80250e-09
 Reference value :  7.82250e-09
 Reference value :  7.84250e-09
 Reference value :  7.85750e-09
 Reference value :  7.87750e-09
 Reference value :  7.89750e-09
 Reference value :  7.91750e-09
 Reference value :  7.93750e-09
 Reference value :  7.96250e-09
 Reference value :  7.98250e-09
 Reference value :  8.00250e-09
 Reference value :  8.02250e-09
 Reference value :  8.04250e-09
 Reference value :  8.05750e-09
 Reference value :  8.07250e-09
 Reference value :  8.09250e-09
 Reference value :  8.11750e-09
 Reference value :  8.14250e-09
 Reference value :  8.16750e-09
 Reference value :  8.18750e-09
 Reference value :  8.21250e-09
 Reference value :  8.23750e-09
 Reference value :  8.25250e-09
 Reference value :  8.27250e-09
 Reference value :  8.28750e-09
 Reference value :  8.30250e-09
 Reference value :  8.31750e-09
 Reference value :  8.33750e-09
 Reference value :  8.35750e-09
 Reference value :  8.37750e-09
 Reference value :  8.39250e-09
 Reference value :  8.41750e-09
 Reference value :  8.43750e-09
 Reference value :  8.45750e-09
 Reference value :  8.47750e-09
 Reference value :  8.49250e-09
 Reference value :  8.50750e-09
 Reference value :  8.52750e-09
 Reference value :  8.54750e-09
 Reference value :  8.56250e-09
 Reference value :  8.58750e-09
 Reference value :  8.60750e-09
 Reference value :  8.62750e-09
 Reference value :  8.64750e-09
 Reference value :  8.67250e-09
 Reference value :  8.69750e-09
 Reference value :  8.72250e-09
 Reference value :  8.74250e-09
 Reference value :  8.76250e-09
 Reference value :  8.78250e-09
 Reference value :  8.80750e-09
 Reference value :  8.82750e-09
 Reference value :  8.85250e-09
 Reference value :  8.87250e-09
 Reference value :  8.89250e-09
 Reference value :  8.91750e-09
 Reference value :  8.94250e-09
 Reference value :  8.96250e-09
 Reference value :  8.98750e-09
 Reference value :  9.00750e-09
 Reference value :  9.02750e-09
 Reference value :  9.05250e-09
 Reference value :  9.07250e-09
 Reference value :  9.09750e-09
 Reference value :  9.11250e-09
 Reference value :  9.13250e-09
 Reference value :  9.14750e-09
 Reference value :  9.16750e-09
 Reference value :  9.19250e-09
 Reference value :  9.21250e-09
 Reference value :  9.23250e-09
 Reference value :  9.25250e-09
 Reference value :  9.27250e-09
 Reference value :  9.28750e-09
 Reference value :  9.30750e-09
 Reference value :  9.33250e-09
 Reference value :  9.35750e-09
 Reference value :  9.37750e-09
 Reference value :  9.39750e-09
 Reference value :  9.41750e-09
 Reference value :  9.43250e-09
 Reference value :  9.45250e-09
 Reference value :  9.47250e-09
 Reference value :  9.49250e-09
 Reference value :  9.51250e-09
 Reference value :  9.53250e-09
 Reference value :  9.55750e-09
 Reference value :  9.57750e-09
 Reference value :  9.59250e-09
 Reference value :  9.61250e-09
 Reference value :  9.62750e-09
 Reference value :  9.64750e-09
 Reference value :  9.66750e-09
 Reference value :  9.68750e-09
 Reference value :  9.70750e-09
 Reference value :  9.72750e-09
 Reference value :  9.74750e-09
 Reference value :  9.76750e-09
 Reference value :  9.78750e-09
 Reference value :  9.80750e-09
 Reference value :  9.82750e-09
 Reference value :  9.84250e-09
 Reference value :  9.85750e-09
 Reference value :  9.88250e-09
 Reference value :  9.90250e-09
 Reference value :  9.92250e-09
 Reference value :  9.94250e-09
 Reference value :  9.96750e-09
 Reference value :  9.98750e-09
 Reference value :  1.00025e-08
 Reference value :  1.00225e-08
 Reference value :  1.00425e-08
 Reference value :  1.00575e-08
 Reference value :  1.00725e-08
 Reference value :  1.00925e-08
 Reference value :  1.01125e-08
 Reference value :  1.01325e-08
 Reference value :  1.01525e-08
 Reference value :  1.01725e-08
 Reference value :  1.01975e-08
 Reference value :  1.02125e-08
 Reference value :  1.02325e-08
 Reference value :  1.02525e-08
 Reference value :  1.02725e-08
 Reference value :  1.02925e-08
 Reference value :  1.03125e-08
 Reference value :  1.03375e-08
 Reference value :  1.03525e-08
 Reference value :  1.03725e-08
 Reference value :  1.03925e-08
 Reference value :  1.04125e-08
 Reference value :  1.04375e-08
 Reference value :  1.04625e-08
 Reference value :  1.04825e-08
 Reference value :  1.05025e-08
 Reference value :  1.05225e-08
 Reference value :  1.05425e-08
 Reference value :  1.05625e-08
 Reference value :  1.05775e-08
 Reference value :  1.05975e-08
 Reference value :  1.06175e-08
 Reference value :  1.06375e-08
 Reference value :  1.06575e-08
 Reference value :  1.06775e-08
 Reference value :  1.06975e-08
 Reference value :  1.07175e-08
 Reference value :  1.07325e-08
 Reference value :  1.07575e-08
 Reference value :  1.07775e-08
 Reference value :  1.07975e-08
 Reference value :  1.08125e-08
 Reference value :  1.08325e-08
 Reference value :  1.08575e-08
 Reference value :  1.08775e-08
 Reference value :  1.08975e-08
 Reference value :  1.09125e-08
 Reference value :  1.09375e-08
 Reference value :  1.09575e-08
 Reference value :  1.09775e-08
 Reference value :  1.10025e-08
 Reference value :  1.10225e-08
 Reference value :  1.10475e-08
 Reference value :  1.10675e-08
 Reference value :  1.10925e-08
 Reference value :  1.11175e-08
 Reference value :  1.11425e-08
 Reference value :  1.11675e-08
 Reference value :  1.11825e-08
 Reference value :  1.12025e-08
 Reference value :  1.12225e-08
 Reference value :  1.12475e-08
 Reference value :  1.12675e-08
 Reference value :  1.12875e-08
 Reference value :  1.13075e-08
 Reference value :  1.13275e-08
 Reference value :  1.13425e-08
 Reference value :  1.13675e-08
 Reference value :  1.13825e-08
 Reference value :  1.14075e-08
 Reference value :  1.14225e-08
 Reference value :  1.14375e-08
 Reference value :  1.14575e-08
 Reference value :  1.14775e-08
 Reference value :  1.14975e-08
 Reference value :  1.15175e-08
 Reference value :  1.15325e-08
 Reference value :  1.15525e-08
 Reference value :  1.15675e-08
 Reference value :  1.15875e-08
 Reference value :  1.16075e-08
 Reference value :  1.16275e-08
 Reference value :  1.16525e-08
 Reference value :  1.16725e-08
 Reference value :  1.16925e-08
 Reference value :  1.17125e-08
 Reference value :  1.17325e-08
 Reference value :  1.17525e-08
 Reference value :  1.17725e-08
 Reference value :  1.17925e-08
 Reference value :  1.18125e-08
 Reference value :  1.18325e-08
 Reference value :  1.18475e-08
 Reference value :  1.18675e-08
 Reference value :  1.18875e-08
 Reference value :  1.19075e-08
 Reference value :  1.19275e-08
 Reference value :  1.19525e-08
 Reference value :  1.19775e-08
 Reference value :  1.19975e-08
 Reference value :  1.20225e-08
 Reference value :  1.20425e-08
 Reference value :  1.20675e-08
 Reference value :  1.20875e-08
 Reference value :  1.21075e-08
 Reference value :  1.21275e-08
 Reference value :  1.21425e-08
 Reference value :  1.21725e-08
 Reference value :  1.21975e-08
 Reference value :  1.22175e-08
 Reference value :  1.22375e-08
 Reference value :  1.22575e-08
 Reference value :  1.22775e-08
 Reference value :  1.23025e-08
 Reference value :  1.23225e-08
 Reference value :  1.23425e-08
 Reference value :  1.23575e-08
 Reference value :  1.23775e-08
 Reference value :  1.23975e-08
 Reference value :  1.24175e-08
 Reference value :  1.24375e-08
 Reference value :  1.24625e-08
 Reference value :  1.24825e-08
 Reference value :  1.25025e-08
 Reference value :  1.25225e-08
 Reference value :  1.25475e-08
 Reference value :  1.25675e-08
 Reference value :  1.25875e-08
 Reference value :  1.26075e-08
 Reference value :  1.26275e-08
 Reference value :  1.26475e-08
 Reference value :  1.26675e-08
 Reference value :  1.26875e-08
 Reference value :  1.27075e-08
 Reference value :  1.27275e-08
 Reference value :  1.27425e-08
 Reference value :  1.27625e-08
 Reference value :  1.27825e-08
 Reference value :  1.28075e-08
 Reference value :  1.28275e-08
 Reference value :  1.28475e-08
 Reference value :  1.28675e-08
 Reference value :  1.28825e-08
 Reference value :  1.29025e-08
 Reference value :  1.29225e-08
 Reference value :  1.29425e-08
 Reference value :  1.29675e-08
 Reference value :  1.29875e-08
 Reference value :  1.30075e-08
 Reference value :  1.30325e-08
 Reference value :  1.30525e-08
 Reference value :  1.30725e-08
 Reference value :  1.30875e-08
 Reference value :  1.31075e-08
 Reference value :  1.31275e-08
 Reference value :  1.31525e-08
 Reference value :  1.31725e-08
 Reference value :  1.31925e-08
 Reference value :  1.32125e-08
 Reference value :  1.32325e-08
 Reference value :  1.32575e-08
 Reference value :  1.32725e-08
 Reference value :  1.32975e-08
 Reference value :  1.33125e-08
 Reference value :  1.33325e-08
 Reference value :  1.33475e-08
 Reference value :  1.33675e-08
 Reference value :  1.33875e-08
 Reference value :  1.34075e-08
 Reference value :  1.34275e-08
 Reference value :  1.34475e-08
 Reference value :  1.34625e-08
 Reference value :  1.34825e-08
 Reference value :  1.35025e-08
 Reference value :  1.35275e-08
 Reference value :  1.35475e-08
 Reference value :  1.35675e-08
 Reference value :  1.35875e-08
 Reference value :  1.36075e-08
 Reference value :  1.36275e-08
 Reference value :  1.36475e-08
 Reference value :  1.36625e-08
 Reference value :  1.36825e-08
 Reference value :  1.37075e-08
 Reference value :  1.37275e-08
 Reference value :  1.37475e-08
 Reference value :  1.37675e-08
 Reference value :  1.37925e-08
 Reference value :  1.38125e-08
 Reference value :  1.38325e-08
 Reference value :  1.38525e-08
 Reference value :  1.38675e-08
 Reference value :  1.38875e-08
 Reference value :  1.39125e-08
 Reference value :  1.39375e-08
 Reference value :  1.39575e-08
 Reference value :  1.39775e-08
 Reference value :  1.39975e-08
 Reference value :  1.40175e-08
 Reference value :  1.40375e-08
 Reference value :  1.40575e-08
 Reference value :  1.40775e-08
 Reference value :  1.40975e-08
 Reference value :  1.41125e-08
 Reference value :  1.41325e-08
 Reference value :  1.41525e-08
 Reference value :  1.41725e-08
 Reference value :  1.41925e-08
 Reference value :  1.42125e-08
 Reference value :  1.42325e-08
 Reference value :  1.42525e-08
 Reference value :  1.42725e-08
 Reference value :  1.42925e-08
 Reference value :  1.43125e-08
 Reference value :  1.43375e-08
 Reference value :  1.43575e-08
 Reference value :  1.43775e-08
 Reference value :  1.43975e-08
 Reference value :  1.44175e-08
 Reference value :  1.44375e-08
 Reference value :  1.44575e-08
 Reference value :  1.44725e-08
 Reference value :  1.44875e-08
 Reference value :  1.45075e-08
 Reference value :  1.45275e-08
 Reference value :  1.45425e-08
 Reference value :  1.45625e-08
 Reference value :  1.45825e-08
 Reference value :  1.46025e-08
 Reference value :  1.46275e-08
 Reference value :  1.46525e-08
 Reference value :  1.46725e-08
 Reference value :  1.46975e-08
 Reference value :  1.47225e-08
 Reference value :  1.47425e-08
 Reference value :  1.47675e-08
 Reference value :  1.47825e-08
 Reference value :  1.48075e-08
 Reference value :  1.48325e-08
 Reference value :  1.48575e-08
 Reference value :  1.48825e-08
 Reference value :  1.49025e-08
 Reference value :  1.49225e-08
 Reference value :  1.49425e-08
 Reference value :  1.49675e-08
 Reference value :  1.49825e-08
 Reference value :  1.50025e-08
 Reference value :  1.50275e-08
 Reference value :  1.50475e-08
 Reference value :  1.50675e-08
 Reference value :  1.50825e-08
 Reference value :  1.51025e-08
 Reference value :  1.51225e-08
 Reference value :  1.51425e-08
 Reference value :  1.51625e-08
 Reference value :  1.51825e-08
 Reference value :  1.52025e-08
 Reference value :  1.52275e-08
 Reference value :  1.52475e-08
 Reference value :  1.52625e-08
 Reference value :  1.52825e-08
 Reference value :  1.53025e-08
 Reference value :  1.53225e-08
 Reference value :  1.53425e-08
 Reference value :  1.53625e-08
 Reference value :  1.53825e-08
 Reference value :  1.54025e-08
 Reference value :  1.54175e-08
 Reference value :  1.54325e-08
 Reference value :  1.54525e-08
 Reference value :  1.54775e-08
 Reference value :  1.54975e-08
 Reference value :  1.55175e-08
 Reference value :  1.55375e-08
 Reference value :  1.55575e-08
 Reference value :  1.55825e-08
 Reference value :  1.56025e-08
 Reference value :  1.56325e-08
 Reference value :  1.56625e-08
 Reference value :  1.56775e-08
 Reference value :  1.56975e-08
 Reference value :  1.57175e-08
 Reference value :  1.57325e-08
 Reference value :  1.57525e-08
 Reference value :  1.57725e-08
 Reference value :  1.57925e-08
 Reference value :  1.58125e-08
 Reference value :  1.58325e-08
 Reference value :  1.58525e-08
 Reference value :  1.58675e-08
 Reference value :  1.58825e-08
 Reference value :  1.58975e-08
 Reference value :  1.59125e-08
 Reference value :  1.59325e-08
 Reference value :  1.59575e-08
 Reference value :  1.59775e-08
 Reference value :  1.59925e-08
 Reference value :  1.60125e-08
 Reference value :  1.60275e-08
 Reference value :  1.60475e-08
 Reference value :  1.60725e-08
 Reference value :  1.60975e-08
 Reference value :  1.61175e-08
 Reference value :  1.61375e-08
 Reference value :  1.61575e-08
 Reference value :  1.61775e-08
 Reference value :  1.61975e-08
 Reference value :  1.62175e-08
 Reference value :  1.62325e-08
 Reference value :  1.62475e-08
 Reference value :  1.62725e-08
 Reference value :  1.62925e-08
 Reference value :  1.63125e-08
 Reference value :  1.63275e-08
 Reference value :  1.63475e-08
 Reference value :  1.63625e-08
 Reference value :  1.63825e-08
 Reference value :  1.64025e-08
 Reference value :  1.64225e-08
 Reference value :  1.64425e-08
 Reference value :  1.64625e-08
 Reference value :  1.64875e-08
 Reference value :  1.65075e-08
 Reference value :  1.65275e-08
 Reference value :  1.65475e-08
 Reference value :  1.65725e-08
 Reference value :  1.65975e-08
 Reference value :  1.66175e-08
 Reference value :  1.66375e-08
 Reference value :  1.66575e-08
 Reference value :  1.66775e-08
 Reference value :  1.67025e-08
 Reference value :  1.67275e-08
 Reference value :  1.67475e-08
 Reference value :  1.67675e-08
 Reference value :  1.67925e-08
 Reference value :  1.68175e-08
 Reference value :  1.68425e-08
 Reference value :  1.68625e-08
 Reference value :  1.68825e-08
 Reference value :  1.69025e-08
 Reference value :  1.69275e-08
 Reference value :  1.69475e-08
 Reference value :  1.69675e-08
 Reference value :  1.69875e-08
 Reference value :  1.70075e-08
 Reference value :  1.70325e-08
 Reference value :  1.70525e-08
 Reference value :  1.70725e-08
 Reference value :  1.70925e-08
 Reference value :  1.71125e-08
 Reference value :  1.71325e-08
 Reference value :  1.71475e-08
 Reference value :  1.71675e-08
 Reference value :  1.71925e-08
 Reference value :  1.72125e-08
 Reference value :  1.72275e-08
 Reference value :  1.72475e-08
 Reference value :  1.72725e-08
 Reference value :  1.72875e-08
 Reference value :  1.73025e-08
 Reference value :  1.73225e-08
 Reference value :  1.73425e-08
 Reference value :  1.73575e-08
 Reference value :  1.73775e-08
 Reference value :  1.73975e-08
 Reference value :  1.74175e-08
 Reference value :  1.74375e-08
 Reference value :  1.74525e-08
 Reference value :  1.74725e-08
 Reference value :  1.74925e-08
 Reference value :  1.75125e-08
 Reference value :  1.75325e-08
 Reference value :  1.75525e-08
 Reference value :  1.75725e-08
 Reference value :  1.75925e-08
 Reference value :  1.76125e-08
 Reference value :  1.76325e-08
 Reference value :  1.76525e-08
 Reference value :  1.76725e-08
 Reference value :  1.76925e-08
 Reference value :  1.77125e-08
 Reference value :  1.77325e-08
 Reference value :  1.77575e-08
 Reference value :  1.77775e-08
 Reference value :  1.78025e-08
 Reference value :  1.78225e-08
 Reference value :  1.78425e-08
 Reference value :  1.78625e-08
 Reference value :  1.78825e-08
 Reference value :  1.79075e-08
 Reference value :  1.79275e-08
 Reference value :  1.79475e-08
 Reference value :  1.79725e-08
 Reference value :  1.79925e-08
 Reference value :  1.80125e-08
 Reference value :  1.80275e-08
 Reference value :  1.80475e-08
 Reference value :  1.80675e-08
 Reference value :  1.80875e-08
 Reference value :  1.81075e-08
 Reference value :  1.81325e-08
 Reference value :  1.81475e-08
 Reference value :  1.81625e-08
 Reference value :  1.81825e-08
 Reference value :  1.82025e-08
 Reference value :  1.82225e-08
 Reference value :  1.82425e-08
 Reference value :  1.82675e-08
 Reference value :  1.82925e-08
 Reference value :  1.83125e-08
 Reference value :  1.83375e-08
 Reference value :  1.83525e-08
 Reference value :  1.83675e-08
 Reference value :  1.83875e-08
 Reference value :  1.84075e-08
 Reference value :  1.84275e-08
 Reference value :  1.84475e-08
 Reference value :  1.84675e-08
 Reference value :  1.84875e-08
 Reference value :  1.85075e-08
 Reference value :  1.85275e-08
 Reference value :  1.85475e-08
 Reference value :  1.85625e-08
 Reference value :  1.85875e-08
 Reference value :  1.86075e-08
 Reference value :  1.86225e-08
 Reference value :  1.86425e-08
 Reference value :  1.86625e-08
 Reference value :  1.86825e-08
 Reference value :  1.87025e-08
 Reference value :  1.87275e-08
 Reference value :  1.87425e-08
 Reference value :  1.87675e-08
 Reference value :  1.87875e-08
 Reference value :  1.88075e-08
 Reference value :  1.88325e-08
 Reference value :  1.88575e-08
 Reference value :  1.88775e-08
 Reference value :  1.88975e-08
 Reference value :  1.89175e-08
 Reference value :  1.89375e-08
 Reference value :  1.89575e-08
 Reference value :  1.89825e-08
 Reference value :  1.90025e-08
 Reference value :  1.90225e-08
 Reference value :  1.90475e-08
 Reference value :  1.90725e-08
 Reference value :  1.90975e-08
 Reference value :  1.91175e-08
 Reference value :  1.91375e-08
 Reference value :  1.91575e-08
 Reference value :  1.91725e-08
 Reference value :  1.91875e-08
 Reference value :  1.92075e-08
 Reference value :  1.92225e-08
 Reference value :  1.92375e-08
 Reference value :  1.92525e-08
 Reference value :  1.92775e-08
 Reference value :  1.92975e-08
 Reference value :  1.93175e-08
 Reference value :  1.93425e-08
 Reference value :  1.93575e-08
 Reference value :  1.93775e-08
 Reference value :  1.93975e-08
 Reference value :  1.94175e-08
 Reference value :  1.94325e-08
 Reference value :  1.94525e-08
 Reference value :  1.94675e-08
 Reference value :  1.94875e-08
 Reference value :  1.95075e-08
 Reference value :  1.95275e-08
 Reference value :  1.95475e-08
 Reference value :  1.95675e-08
 Reference value :  1.95875e-08
 Reference value :  1.96075e-08
 Reference value :  1.96225e-08
 Reference value :  1.96425e-08
 Reference value :  1.96625e-08
 Reference value :  1.96775e-08
 Reference value :  1.96975e-08
 Reference value :  1.97175e-08
 Reference value :  1.97325e-08
 Reference value :  1.97575e-08
 Reference value :  1.97775e-08
 Reference value :  1.97975e-08
 Reference value :  1.98225e-08
 Reference value :  1.98475e-08
 Reference value :  1.98675e-08
 Reference value :  1.98875e-08
 Reference value :  1.99075e-08
 Reference value :  1.99325e-08
 Reference value :  1.99525e-08
 Reference value :  1.99725e-08
 Reference value :  1.99975e-08
 Reference value :  2.00175e-08
 Reference value :  2.00375e-08
 Reference value :  2.00575e-08
 Reference value :  2.00725e-08
 Reference value :  2.00925e-08
 Reference value :  2.01075e-08
 Reference value :  2.01225e-08
 Reference value :  2.01475e-08
 Reference value :  2.01625e-08
 Reference value :  2.01775e-08
 Reference value :  2.02025e-08
 Reference value :  2.02175e-08
 Reference value :  2.02375e-08
 Reference value :  2.02575e-08
 Reference value :  2.02725e-08
 Reference value :  2.02925e-08
 Reference value :  2.03075e-08
 Reference value :  2.03225e-08
 Reference value :  2.03425e-08
 Reference value :  2.03625e-08
 Reference value :  2.03825e-08
 Reference value :  2.04025e-08
 Reference value :  2.04175e-08
 Reference value :  2.04325e-08
 Reference value :  2.04525e-08
 Reference value :  2.04725e-08
 Reference value :  2.04875e-08
 Reference value :  2.05075e-08
 Reference value :  2.05275e-08
 Reference value :  2.05475e-08
 Reference value :  2.05625e-08
 Reference value :  2.05825e-08
 Reference value :  2.06025e-08
 Reference value :  2.06175e-08
 Reference value :  2.06425e-08
 Reference value :  2.06625e-08
 Reference value :  2.06825e-08
 Reference value :  2.07025e-08
 Reference value :  2.07225e-08
 Reference value :  2.07425e-08
 Reference value :  2.07625e-08
 Reference value :  2.07775e-08
 Reference value :  2.07975e-08
 Reference value :  2.08125e-08
 Reference value :  2.08325e-08
 Reference value :  2.08525e-08
 Reference value :  2.08725e-08
 Reference value :  2.08925e-08
 Reference value :  2.09125e-08
 Reference value :  2.09325e-08
 Reference value :  2.09525e-08
 Reference value :  2.09725e-08
 Reference value :  2.09875e-08
 Reference value :  2.10075e-08
 Reference value :  2.10275e-08
 Reference value :  2.10475e-08
 Reference value :  2.10625e-08
 Reference value :  2.10825e-08
 Reference value :  2.11025e-08
 Reference value :  2.11225e-08
 Reference value :  2.11425e-08
 Reference value :  2.11625e-08
 Reference value :  2.11825e-08
 Reference value :  2.12025e-08
 Reference value :  2.12225e-08
 Reference value :  2.12425e-08
 Reference value :  2.12575e-08
 Reference value :  2.12775e-08
 Reference value :  2.12975e-08
 Reference value :  2.13175e-08
 Reference value :  2.13375e-08
 Reference value :  2.13575e-08
 Reference value :  2.13775e-08
 Reference value :  2.14025e-08
 Reference value :  2.14225e-08
 Reference value :  2.14375e-08
 Reference value :  2.14525e-08
 Reference value :  2.14725e-08
 Reference value :  2.14925e-08
 Reference value :  2.15175e-08
 Reference value :  2.15375e-08
 Reference value :  2.15575e-08
 Reference value :  2.15775e-08
 Reference value :  2.15975e-08
 Reference value :  2.16225e-08
 Reference value :  2.16425e-08
 Reference value :  2.16575e-08
 Reference value :  2.16775e-08
 Reference value :  2.16925e-08
 Reference value :  2.17075e-08
 Reference value :  2.17275e-08
 Reference value :  2.17475e-08
 Reference value :  2.17675e-08
 Reference value :  2.17925e-08
 Reference value :  2.18075e-08
 Reference value :  2.18275e-08
 Reference value :  2.18475e-08
 Reference value :  2.18675e-08
 Reference value :  2.18875e-08
 Reference value :  2.19075e-08
 Reference value :  2.19275e-08
 Reference value :  2.19475e-08
 Reference value :  2.19675e-08
 Reference value :  2.19925e-08
 Reference value :  2.20125e-08
 Reference value :  2.20325e-08
 Reference value :  2.20525e-08
 Reference value :  2.20725e-08
 Reference value :  2.20925e-08
 Reference value :  2.21175e-08
 Reference value :  2.21425e-08
 Reference value :  2.21675e-08
 Reference value :  2.21875e-08
 Reference value :  2.22075e-08
 Reference value :  2.22275e-08
 Reference value :  2.22475e-08
 Reference value :  2.22675e-08
 Reference value :  2.22875e-08
 Reference value :  2.23075e-08
 Reference value :  2.23275e-08
 Reference value :  2.23475e-08
 Reference value :  2.23675e-08
 Reference value :  2.23825e-08
 Reference value :  2.24025e-08
 Reference value :  2.24275e-08
 Reference value :  2.24525e-08
 Reference value :  2.24725e-08
 Reference value :  2.24975e-08
 Reference value :  2.25225e-08
 Reference value :  2.25425e-08
 Reference value :  2.25625e-08
 Reference value :  2.25775e-08
 Reference value :  2.25925e-08
 Reference value :  2.26125e-08
 Reference value :  2.26275e-08
 Reference value :  2.26525e-08
 Reference value :  2.26725e-08
 Reference value :  2.26875e-08
 Reference value :  2.27025e-08
 Reference value :  2.27225e-08
 Reference value :  2.27425e-08
 Reference value :  2.27625e-08
 Reference value :  2.27825e-08
 Reference value :  2.27975e-08
 Reference value :  2.28175e-08
 Reference value :  2.28375e-08
 Reference value :  2.28575e-08
 Reference value :  2.28825e-08
 Reference value :  2.29025e-08
 Reference value :  2.29225e-08
 Reference value :  2.29425e-08
 Reference value :  2.29675e-08
 Reference value :  2.29825e-08
 Reference value :  2.30025e-08
 Reference value :  2.30175e-08
 Reference value :  2.30425e-08
 Reference value :  2.30575e-08
 Reference value :  2.30775e-08
 Reference value :  2.31025e-08
 Reference value :  2.31225e-08
 Reference value :  2.31475e-08
 Reference value :  2.31625e-08
 Reference value :  2.31825e-08
 Reference value :  2.32075e-08
 Reference value :  2.32275e-08
 Reference value :  2.32525e-08
 Reference value :  2.32675e-08
 Reference value :  2.32875e-08
 Reference value :  2.33125e-08
 Reference value :  2.33375e-08
 Reference value :  2.33575e-08
 Reference value :  2.33775e-08
 Reference value :  2.33975e-08
 Reference value :  2.34125e-08
 Reference value :  2.34325e-08
 Reference value :  2.34525e-08
 Reference value :  2.34725e-08
 Reference value :  2.34975e-08
 Reference value :  2.35175e-08
 Reference value :  2.35375e-08
 Reference value :  2.35575e-08
 Reference value :  2.35775e-08
 Reference value :  2.35975e-08
 Reference value :  2.36225e-08
 Reference value :  2.36425e-08
 Reference value :  2.36675e-08
 Reference value :  2.36875e-08
 Reference value :  2.37075e-08
 Reference value :  2.37275e-08
 Reference value :  2.37475e-08
 Reference value :  2.37675e-08
 Reference value :  2.37875e-08
 Reference value :  2.38125e-08
 Reference value :  2.38325e-08
 Reference value :  2.38475e-08
 Reference value :  2.38675e-08
 Reference value :  2.38925e-08
 Reference value :  2.39125e-08
 Reference value :  2.39325e-08
 Reference value :  2.39575e-08
 Reference value :  2.39825e-08
 Reference value :  2.40025e-08
 Reference value :  2.40225e-08
 Reference value :  2.40375e-08
 Reference value :  2.40575e-08
 Reference value :  2.40825e-08
 Reference value :  2.40975e-08
 Reference value :  2.41175e-08
 Reference value :  2.41375e-08
 Reference value :  2.41575e-08
 Reference value :  2.41775e-08
 Reference value :  2.42025e-08
 Reference value :  2.42225e-08
 Reference value :  2.42425e-08
 Reference value :  2.42625e-08
 Reference value :  2.42775e-08
 Reference value :  2.42975e-08
 Reference value :  2.43175e-08
 Reference value :  2.43425e-08
 Reference value :  2.43675e-08
 Reference value :  2.43875e-08
 Reference value :  2.44075e-08
 Reference value :  2.44225e-08
 Reference value :  2.44425e-08
 Reference value :  2.44625e-08
 Reference value :  2.44875e-08
 Reference value :  2.45075e-08
 Reference value :  2.45275e-08
 Reference value :  2.45475e-08
 Reference value :  2.45675e-08
 Reference value :  2.45875e-08
 Reference value :  2.46125e-08
 Reference value :  2.46325e-08
 Reference value :  2.46575e-08
 Reference value :  2.46775e-08
 Reference value :  2.46975e-08
 Reference value :  2.47175e-08
 Reference value :  2.47375e-08
 Reference value :  2.47675e-08
 Reference value :  2.47875e-08
 Reference value :  2.48025e-08
 Reference value :  2.48175e-08
 Reference value :  2.48325e-08
 Reference value :  2.48575e-08
 Reference value :  2.48825e-08
 Reference value :  2.49075e-08
 Reference value :  2.49275e-08
 Reference value :  2.49475e-08
 Reference value :  2.49675e-08
 Reference value :  2.49825e-08
 Reference value :  2.50025e-08
 Reference value :  2.50225e-08
 Reference value :  2.50375e-08
 Reference value :  2.50625e-08
 Reference value :  2.50825e-08
 Reference value :  2.50975e-08
 Reference value :  2.51175e-08
 Reference value :  2.51375e-08
 Reference value :  2.51575e-08
 Reference value :  2.51775e-08
 Reference value :  2.52075e-08
 Reference value :  2.52275e-08
 Reference value :  2.52475e-08
 Reference value :  2.52675e-08
 Reference value :  2.52825e-08
 Reference value :  2.53025e-08
 Reference value :  2.53275e-08
 Reference value :  2.53475e-08
 Reference value :  2.53625e-08
 Reference value :  2.59675e-08
 Reference value :  2.59875e-08
 Reference value :  2.60175e-08
 Reference value :  2.60375e-08
 Reference value :  2.60575e-08
 Reference value :  2.60725e-08
 Reference value :  2.60925e-08
 Reference value :  2.61125e-08
 Reference value :  2.61325e-08
 Reference value :  2.61525e-08
 Reference value :  2.61725e-08
 Reference value :  2.61875e-08
 Reference value :  2.62075e-08
 Reference value :  2.62275e-08
 Reference value :  2.62475e-08
 Reference value :  2.62675e-08
 Reference value :  2.62875e-08
 Reference value :  2.63125e-08
 Reference value :  2.63375e-08
 Reference value :  2.63575e-08
 Reference value :  2.63825e-08
 Reference value :  2.64025e-08
 Reference value :  2.64275e-08
 Reference value :  2.64475e-08
 Reference value :  2.64675e-08
 Reference value :  2.64875e-08
 Reference value :  2.65075e-08
 Reference value :  2.65275e-08
 Reference value :  2.65475e-08
 Reference value :  2.65675e-08
 Reference value :  2.65875e-08
 Reference value :  2.66075e-08
 Reference value :  2.66275e-08
 Reference value :  2.66525e-08
 Reference value :  2.66725e-08
 Reference value :  2.66975e-08
 Reference value :  2.67175e-08
 Reference value :  2.67425e-08
 Reference value :  2.67625e-08
 Reference value :  2.67875e-08
 Reference value :  2.68075e-08
 Reference value :  2.68275e-08
 Reference value :  2.68425e-08
 Reference value :  2.68575e-08
 Reference value :  2.68725e-08
 Reference value :  2.68925e-08
 Reference value :  2.69125e-08
 Reference value :  2.69325e-08
 Reference value :  2.69475e-08
 Reference value :  2.69675e-08
 Reference value :  2.69875e-08
 Reference value :  2.70075e-08
 Reference value :  2.70275e-08
 Reference value :  2.70475e-08
 Reference value :  2.70675e-08
 Reference value :  2.70875e-08
 Reference value :  2.71075e-08
 Reference value :  2.71275e-08
 Reference value :  2.71525e-08
 Reference value :  2.71775e-08
 Reference value :  2.71975e-08
 Reference value :  2.72175e-08
 Reference value :  2.72375e-08
 Reference value :  2.72575e-08
 Reference value :  2.72775e-08
 Reference value :  2.73025e-08
 Reference value :  2.73225e-08
 Reference value :  2.73375e-08
 Reference value :  2.73625e-08
 Reference value :  2.73825e-08
 Reference value :  2.74025e-08
 Reference value :  2.74275e-08
 Reference value :  2.74525e-08
 Reference value :  2.74675e-08
 Reference value :  2.74875e-08
 Reference value :  2.75125e-08
 Reference value :  2.75325e-08
 Reference value :  2.75525e-08
 Reference value :  2.75725e-08
 Reference value :  2.75875e-08
 Reference value :  2.76075e-08
 Reference value :  2.76275e-08
 Reference value :  2.76475e-08
 Reference value :  2.76625e-08
 Reference value :  2.76775e-08
 Reference value :  2.76975e-08
 Reference value :  2.77175e-08
 Reference value :  2.77375e-08
 Reference value :  2.77575e-08
 Reference value :  2.77775e-08
 Reference value :  2.77925e-08
 Reference value :  2.78125e-08
 Reference value :  2.78375e-08
 Reference value :  2.78575e-08
 Reference value :  2.78775e-08
 Reference value :  2.78925e-08
 Reference value :  2.79125e-08
 Reference value :  2.79325e-08
 Reference value :  2.79575e-08
 Reference value :  2.79775e-08
 Reference value :  2.79925e-08
 Reference value :  2.80175e-08
 Reference value :  2.80375e-08
 Reference value :  2.80575e-08
 Reference value :  2.80825e-08
 Reference value :  2.81025e-08
 Reference value :  2.81225e-08
 Reference value :  2.81425e-08
 Reference value :  2.81625e-08
 Reference value :  2.81825e-08
 Reference value :  2.82025e-08
 Reference value :  2.82225e-08
 Reference value :  2.82425e-08
 Reference value :  2.82625e-08
 Reference value :  2.82825e-08
 Reference value :  2.82975e-08
 Reference value :  2.83225e-08
 Reference value :  2.83425e-08
 Reference value :  2.83625e-08
 Reference value :  2.83825e-08
 Reference value :  2.84025e-08
 Reference value :  2.84225e-08
 Reference value :  2.84425e-08
 Reference value :  2.84575e-08
 Reference value :  2.84725e-08
 Reference value :  2.84925e-08
 Reference value :  2.85075e-08
 Reference value :  2.85225e-08
 Reference value :  2.85425e-08
 Reference value :  2.85575e-08
 Reference value :  2.85775e-08
 Reference value :  2.85925e-08
 Reference value :  2.86125e-08
 Reference value :  2.86275e-08
 Reference value :  2.86525e-08
 Reference value :  2.86675e-08
 Reference value :  2.86875e-08
 Reference value :  2.87075e-08
 Reference value :  2.87225e-08
 Reference value :  2.87425e-08
 Reference value :  2.87625e-08
 Reference value :  2.87825e-08
 Reference value :  2.88025e-08
 Reference value :  2.88225e-08
 Reference value :  2.88375e-08
 Reference value :  2.88575e-08
 Reference value :  2.88725e-08
 Reference value :  2.88925e-08
 Reference value :  2.89125e-08
 Reference value :  2.89275e-08
 Reference value :  2.89475e-08
 Reference value :  2.89625e-08
 Reference value :  2.89825e-08
 Reference value :  2.90025e-08
 Reference value :  2.90225e-08
 Reference value :  2.90375e-08
 Reference value :  2.90575e-08
 Reference value :  2.90775e-08
 Reference value :  2.90925e-08
 Reference value :  2.91125e-08
 Reference value :  2.91325e-08
 Reference value :  2.91525e-08
 Reference value :  2.91725e-08
 Reference value :  2.91925e-08
 Reference value :  2.92125e-08
 Reference value :  2.92325e-08
 Reference value :  2.92525e-08
 Reference value :  2.92725e-08
 Reference value :  2.92925e-08
 Reference value :  2.93175e-08
 Reference value :  2.93375e-08
 Reference value :  2.93675e-08
 Reference value :  2.93875e-08
 Reference value :  2.94075e-08
 Reference value :  2.94275e-08
 Reference value :  2.94475e-08
 Reference value :  2.94725e-08
 Reference value :  2.94925e-08
 Reference value :  2.95125e-08
 Reference value :  2.95325e-08
 Reference value :  2.95525e-08
 Reference value :  2.95725e-08
 Reference value :  2.95925e-08
 Reference value :  2.96125e-08
 Reference value :  2.96275e-08
 Reference value :  2.96475e-08
 Reference value :  2.96725e-08
 Reference value :  2.96975e-08
 Reference value :  2.97175e-08
 Reference value :  2.97375e-08
 Reference value :  2.97625e-08
 Reference value :  2.97825e-08
 Reference value :  2.98025e-08
 Reference value :  2.98225e-08
 Reference value :  2.98525e-08
 Reference value :  2.98775e-08
 Reference value :  2.98975e-08
 Reference value :  2.99175e-08
 Reference value :  2.99375e-08
 Reference value :  2.99525e-08
 Reference value :  2.99675e-08
 Reference value :  2.99875e-08
 Reference value :  3.00075e-08
 Reference value :  3.00325e-08
 Reference value :  3.00525e-08
 Reference value :  3.00725e-08
 Reference value :  3.00925e-08
 Reference value :  3.01125e-08
 Reference value :  3.01375e-08
 Reference value :  3.01575e-08
 Reference value :  3.01725e-08
 Reference value :  3.01875e-08
 Reference value :  3.02025e-08
 Reference value :  3.02175e-08
 Reference value :  3.02325e-08
 Reference value :  3.02525e-08
 Reference value :  3.02725e-08
 Reference value :  3.02925e-08
 Reference value :  3.03175e-08
 Reference value :  3.03425e-08
 Reference value :  3.03575e-08
 Reference value :  3.03825e-08
 Reference value :  3.04025e-08
 Reference value :  3.04175e-08
 Reference value :  3.04375e-08
 Reference value :  3.04625e-08
 Reference value :  3.04775e-08
 Reference value :  3.04975e-08
 Reference value :  3.05225e-08
 Reference value :  3.05425e-08
 Reference value :  3.05625e-08
 Reference value :  3.05875e-08
 Reference value :  3.06075e-08
 Reference value :  3.06275e-08
 Reference value :  3.06475e-08
 Reference value :  3.06625e-08
 Reference value :  3.06825e-08
 Reference value :  3.07025e-08
 Reference value :  3.07225e-08
 Reference value :  3.07425e-08
 Reference value :  3.07625e-08
 Reference value :  3.07825e-08
 Reference value :  3.08075e-08
 Reference value :  3.08275e-08
 Reference value :  3.08475e-08
 Reference value :  3.08675e-08
 Reference value :  3.08825e-08
 Reference value :  3.09025e-08
 Reference value :  3.09225e-08
 Reference value :  3.09425e-08
 Reference value :  3.09625e-08
 Reference value :  3.09825e-08
 Reference value :  3.10025e-08
 Reference value :  3.10225e-08
 Reference value :  3.10425e-08
 Reference value :  3.10625e-08
 Reference value :  3.10825e-08
 Reference value :  3.10975e-08
 Reference value :  3.11225e-08
 Reference value :  3.11425e-08
 Reference value :  3.11625e-08
 Reference value :  3.11825e-08
 Reference value :  3.12025e-08
 Reference value :  3.12225e-08
 Reference value :  3.12425e-08
 Reference value :  3.12625e-08
 Reference value :  3.12875e-08
 Reference value :  3.13075e-08
 Reference value :  3.13275e-08
 Reference value :  3.13425e-08
 Reference value :  3.13675e-08
 Reference value :  3.13875e-08
 Reference value :  3.14025e-08
 Reference value :  3.14275e-08
 Reference value :  3.14525e-08
 Reference value :  3.14725e-08
 Reference value :  3.14925e-08
 Reference value :  3.15125e-08
 Reference value :  3.15325e-08
 Reference value :  3.15525e-08
 Reference value :  3.15725e-08
 Reference value :  3.15925e-08
 Reference value :  3.16125e-08
 Reference value :  3.16325e-08
 Reference value :  3.16575e-08
 Reference value :  3.16775e-08
 Reference value :  3.16925e-08
 Reference value :  3.17075e-08
 Reference value :  3.17275e-08
 Reference value :  3.17475e-08
 Reference value :  3.17625e-08
 Reference value :  3.17825e-08
 Reference value :  3.18025e-08
 Reference value :  3.18275e-08
 Reference value :  3.18475e-08
 Reference value :  3.18675e-08
 Reference value :  3.18875e-08
 Reference value :  3.19075e-08
 Reference value :  3.19275e-08
 Reference value :  3.19475e-08
 Reference value :  3.19725e-08
 Reference value :  3.19925e-08
 Reference value :  3.20125e-08
 Reference value :  3.20325e-08
 Reference value :  3.20475e-08
 Reference value :  3.20675e-08
 Reference value :  3.20875e-08
 Reference value :  3.21075e-08
 Reference value :  3.21225e-08
 Reference value :  3.21425e-08
 Reference value :  3.21625e-08
 Reference value :  3.21825e-08
 Reference value :  3.22025e-08
 Reference value :  3.22225e-08
 Reference value :  3.22425e-08
 Reference value :  3.22575e-08
 Reference value :  3.22775e-08
 Reference value :  3.22975e-08
 Reference value :  3.23125e-08
 Reference value :  3.23275e-08
 Reference value :  3.23475e-08
 Reference value :  3.23725e-08
 Reference value :  3.23925e-08
 Reference value :  3.24125e-08
 Reference value :  3.24325e-08
 Reference value :  3.24575e-08
 Reference value :  3.24775e-08
 Reference value :  3.25025e-08
 Reference value :  3.25225e-08
 Reference value :  3.25475e-08
 Reference value :  3.25675e-08
 Reference value :  3.25875e-08
 Reference value :  3.26075e-08
 Reference value :  3.26275e-08
 Reference value :  3.26525e-08
 Reference value :  3.26725e-08
 Reference value :  3.26925e-08
 Reference value :  3.27125e-08
 Reference value :  3.27275e-08
 Reference value :  3.27475e-08
 Reference value :  3.27675e-08
 Reference value :  3.27925e-08
 Reference value :  3.28125e-08
 Reference value :  3.28325e-08
 Reference value :  3.28525e-08
 Reference value :  3.28725e-08
 Reference value :  3.28925e-08
 Reference value :  3.29075e-08
 Reference value :  3.29275e-08
 Reference value :  3.29475e-08
 Reference value :  3.29675e-08
 Reference value :  3.29875e-08
 Reference value :  3.30075e-08
 Reference value :  3.30275e-08
 Reference value :  3.30475e-08
 Reference value :  3.30675e-08
 Reference value :  3.30825e-08
 Reference value :  3.31025e-08
 Reference value :  3.31175e-08
 Reference value :  3.31375e-08
 Reference value :  3.31575e-08
 Reference value :  3.31775e-08
 Reference value :  3.31975e-08
 Reference value :  3.32175e-08
 Reference value :  3.32375e-08
 Reference value :  3.32575e-08
 Reference value :  3.32725e-08
 Reference value :  3.32925e-08
 Reference value :  3.33125e-08
 Reference value :  3.33275e-08
 Reference value :  3.33475e-08
 Reference value :  3.33675e-08
 Reference value :  3.33825e-08
 Reference value :  3.33975e-08
 Reference value :  3.34125e-08
 Reference value :  3.34325e-08
 Reference value :  3.34475e-08
 Reference value :  3.34675e-08
 Reference value :  3.34825e-08
 Reference value :  3.35025e-08
 Reference value :  3.35225e-08
 Reference value :  3.35425e-08
 Reference value :  3.35625e-08
 Reference value :  3.35825e-08
 Reference value :  3.36025e-08
 Reference value :  3.36175e-08
 Reference value :  3.36375e-08
 Reference value :  3.36575e-08
 Reference value :  3.36775e-08
 Reference value :  3.36975e-08
 Reference value :  3.37175e-08
 Reference value :  3.37375e-08
 Reference value :  3.37575e-08
 Reference value :  3.37775e-08
 Reference value :  3.38025e-08
 Reference value :  3.38225e-08
 Reference value :  3.38425e-08
 Reference value :  3.38625e-08
 Reference value :  3.38825e-08
 Reference value :  3.39025e-08
 Reference value :  3.39225e-08
 Reference value :  3.39425e-08
 Reference value :  3.39675e-08
 Reference value :  3.39875e-08
 Reference value :  3.40125e-08
 Reference value :  3.40375e-08
 Reference value :  3.40575e-08
 Reference value :  3.40775e-08
 Reference value :  3.40975e-08
 Reference value :  3.41225e-08
 Reference value :  3.41375e-08
 Reference value :  3.41575e-08
 Reference value :  3.41775e-08
 Reference value :  3.41975e-08
 Reference value :  3.42175e-08
 Reference value :  3.42425e-08
 Reference value :  3.42625e-08
 Reference value :  3.42825e-08
 Reference value :  3.42975e-08
 Reference value :  3.43175e-08
 Reference value :  3.43375e-08
 Reference value :  3.43575e-08
 Reference value :  3.43775e-08
 Reference value :  3.43975e-08
 Reference value :  3.44225e-08
 Reference value :  3.44375e-08
 Reference value :  3.44525e-08
 Reference value :  3.44675e-08
 Reference value :  3.44875e-08
 Reference value :  3.45075e-08
 Reference value :  3.45325e-08
 Reference value :  3.45525e-08
 Reference value :  3.45725e-08
 Reference value :  3.45925e-08
 Reference value :  3.46075e-08
 Reference value :  3.46275e-08
 Reference value :  3.46525e-08
 Reference value :  3.46725e-08
 Reference value :  3.46975e-08
 Reference value :  3.47175e-08
 Reference value :  3.47375e-08
 Reference value :  3.47575e-08
 Reference value :  3.47725e-08
 Reference value :  3.47925e-08
 Reference value :  3.48075e-08
 Reference value :  3.48275e-08
 Reference value :  3.48425e-08
 Reference value :  3.48575e-08
 Reference value :  3.48775e-08
 Reference value :  3.49025e-08
 Reference value :  3.49225e-08
 Reference value :  3.49425e-08
 Reference value :  3.49625e-08
 Reference value :  3.49875e-08
 Reference value :  3.50075e-08
 Reference value :  3.50325e-08
 Reference value :  3.50475e-08
 Reference value :  3.50675e-08
 Reference value :  3.50875e-08
 Reference value :  3.51025e-08
 Reference value :  3.51225e-08
 Reference value :  3.51425e-08
 Reference value :  3.51675e-08
 Reference value :  3.51875e-08
 Reference value :  3.52075e-08
 Reference value :  3.52275e-08
 Reference value :  3.52525e-08
 Reference value :  3.52775e-08
 Reference value :  3.52975e-08
 Reference value :  3.53225e-08
 Reference value :  3.53425e-08
 Reference value :  3.53625e-08
 Reference value :  3.53875e-08
 Reference value :  3.54075e-08
 Reference value :  3.54225e-08
 Reference value :  3.54375e-08
 Reference value :  3.54575e-08
 Reference value :  3.54725e-08
 Reference value :  3.54925e-08
 Reference value :  3.55125e-08
 Reference value :  3.55375e-08
 Reference value :  3.55625e-08
 Reference value :  3.55775e-08
 Reference value :  3.55975e-08
 Reference value :  3.56175e-08
 Reference value :  3.56325e-08
 Reference value :  3.56525e-08
 Reference value :  3.56725e-08
 Reference value :  3.56875e-08
 Reference value :  3.57075e-08
 Reference value :  3.57225e-08
 Reference value :  3.57425e-08
 Reference value :  3.57625e-08
 Reference value :  3.57825e-08
 Reference value :  3.58025e-08
 Reference value :  3.58225e-08
 Reference value :  3.58475e-08
 Reference value :  3.58675e-08
 Reference value :  3.58875e-08
 Reference value :  3.59075e-08
 Reference value :  3.59275e-08
 Reference value :  3.59475e-08
 Reference value :  3.59675e-08
 Reference value :  3.59875e-08
 Reference value :  3.60075e-08
 Reference value :  3.60275e-08
 Reference value :  3.60425e-08
 Reference value :  3.60575e-08
 Reference value :  3.60775e-08
 Reference value :  3.61025e-08
 Reference value :  3.61275e-08
 Reference value :  3.61475e-08
 Reference value :  3.61675e-08
 Reference value :  3.61925e-08
 Reference value :  3.62075e-08
 Reference value :  3.62225e-08
 Reference value :  3.62425e-08
 Reference value :  3.62625e-08
 Reference value :  3.62825e-08
 Reference value :  3.62975e-08
 Reference value :  3.63175e-08
 Reference value :  3.63375e-08
 Reference value :  3.63525e-08
 Reference value :  3.63675e-08
 Reference value :  3.63925e-08
 Reference value :  3.64175e-08
 Reference value :  3.64325e-08
 Reference value :  3.64525e-08
 Reference value :  3.64725e-08
 Reference value :  3.64875e-08
 Reference value :  3.65025e-08
 Reference value :  3.65175e-08
 Reference value :  3.65325e-08
 Reference value :  3.65475e-08
 Reference value :  3.65675e-08
 Reference value :  3.65825e-08
 Reference value :  3.65975e-08
 Reference value :  3.66175e-08
 Reference value :  3.66375e-08
 Reference value :  3.66525e-08
 Reference value :  3.66725e-08
 Reference value :  3.66925e-08
 Reference value :  3.67175e-08
 Reference value :  3.67425e-08
 Reference value :  3.67625e-08
 Reference value :  3.67825e-08
 Reference value :  3.68025e-08
 Reference value :  3.68225e-08
 Reference value :  3.68425e-08
 Reference value :  3.68625e-08
 Reference value :  3.68775e-08
 Reference value :  3.68975e-08
 Reference value :  3.69175e-08
 Reference value :  3.69375e-08
 Reference value :  3.69575e-08
 Reference value :  3.69775e-08
 Reference value :  3.69925e-08
 Reference value :  3.70125e-08
 Reference value :  3.70375e-08
 Reference value :  3.70525e-08
 Reference value :  3.70725e-08
 Reference value :  3.70875e-08
 Reference value :  3.71125e-08
 Reference value :  3.71325e-08
 Reference value :  3.71525e-08
 Reference value :  3.71725e-08
 Reference value :  3.71925e-08
 Reference value :  3.72125e-08
 Reference value :  3.72325e-08
 Reference value :  3.72525e-08
 Reference value :  3.72725e-08
 Reference value :  3.72925e-08
 Reference value :  3.73075e-08
 Reference value :  3.73225e-08
 Reference value :  3.73425e-08
 Reference value :  3.73625e-08
 Reference value :  3.73825e-08
 Reference value :  3.73975e-08
 Reference value :  3.74125e-08
 Reference value :  3.74325e-08
 Reference value :  3.74525e-08
 Reference value :  3.74775e-08
 Reference value :  3.74975e-08
 Reference value :  3.75175e-08
 Reference value :  3.75375e-08
 Reference value :  3.75575e-08
 Reference value :  3.75775e-08
 Reference value :  3.76025e-08
 Reference value :  3.76175e-08
 Reference value :  3.76375e-08
 Reference value :  3.76575e-08
 Reference value :  3.76775e-08
 Reference value :  3.76975e-08
 Reference value :  3.77175e-08
 Reference value :  3.77375e-08
 Reference value :  3.77575e-08
 Reference value :  3.77775e-08
 Reference value :  3.77925e-08
 Reference value :  3.78125e-08
 Reference value :  3.78325e-08
 Reference value :  3.78525e-08
 Reference value :  3.78725e-08
 Reference value :  3.78925e-08
 Reference value :  3.79075e-08
 Reference value :  3.79275e-08
 Reference value :  3.79475e-08
 Reference value :  3.79675e-08
 Reference value :  3.79875e-08
 Reference value :  3.80025e-08
 Reference value :  3.80225e-08
 Reference value :  3.80375e-08
 Reference value :  3.80625e-08
 Reference value :  3.80825e-08
 Reference value :  3.81025e-08
 Reference value :  3.81225e-08
 Reference value :  3.81375e-08
 Reference value :  3.81575e-08
 Reference value :  3.81775e-08
 Reference value :  3.81975e-08
 Reference value :  3.82175e-08
 Reference value :  3.82425e-08
 Reference value :  3.82625e-08
 Reference value :  3.82825e-08
 Reference value :  3.83025e-08
 Reference value :  3.83275e-08
 Reference value :  3.83475e-08
 Reference value :  3.83725e-08
 Reference value :  3.83875e-08
 Reference value :  3.84125e-08
 Reference value :  3.84275e-08
 Reference value :  3.84475e-08
 Reference value :  3.84675e-08
 Reference value :  3.84925e-08
 Reference value :  3.85075e-08
 Reference value :  3.85275e-08
 Reference value :  3.85475e-08
 Reference value :  3.85675e-08
 Reference value :  3.85825e-08
 Reference value :  3.86075e-08
 Reference value :  3.86325e-08
 Reference value :  3.86575e-08
 Reference value :  3.86725e-08
 Reference value :  3.86875e-08
 Reference value :  3.87075e-08
 Reference value :  3.87275e-08
 Reference value :  3.87425e-08
 Reference value :  3.87625e-08
 Reference value :  3.87875e-08
 Reference value :  3.88075e-08
 Reference value :  3.88275e-08
 Reference value :  3.88425e-08
 Reference value :  3.88675e-08
 Reference value :  3.88875e-08
 Reference value :  3.89075e-08
 Reference value :  3.89325e-08
 Reference value :  3.89475e-08
 Reference value :  3.89675e-08
 Reference value :  3.89825e-08
 Reference value :  3.90025e-08
 Reference value :  3.90225e-08
 Reference value :  3.90425e-08
 Reference value :  3.90675e-08
 Reference value :  3.90875e-08
 Reference value :  3.91075e-08
 Reference value :  3.91275e-08
 Reference value :  3.91525e-08
 Reference value :  3.91725e-08
 Reference value :  3.91925e-08
 Reference value :  3.92125e-08
 Reference value :  3.92325e-08
 Reference value :  3.92525e-08
 Reference value :  3.92725e-08
 Reference value :  3.92925e-08
 Reference value :  3.93125e-08
 Reference value :  3.93375e-08
 Reference value :  3.93525e-08
 Reference value :  3.93775e-08
 Reference value :  3.94025e-08
 Reference value :  3.94225e-08
 Reference value :  3.94425e-08
 Reference value :  3.94675e-08
 Reference value :  3.94875e-08
 Reference value :  3.95075e-08
 Reference value :  3.95275e-08
 Reference value :  3.95525e-08
 Reference value :  3.95725e-08
 Reference value :  3.96025e-08
 Reference value :  3.96275e-08
 Reference value :  3.96425e-08
 Reference value :  3.96625e-08
 Reference value :  3.96875e-08
 Reference value :  3.97125e-08
 Reference value :  3.97275e-08
 Reference value :  3.97525e-08
 Reference value :  3.97725e-08
 Reference value :  3.97925e-08
 Reference value :  3.98125e-08
 Reference value :  3.98325e-08
 Reference value :  3.98575e-08
 Reference value :  3.98725e-08
 Reference value :  3.98925e-08
 Reference value :  3.99125e-08
 Reference value :  3.99325e-08
 Reference value :  3.99525e-08
 Reference value :  3.99725e-08
 Reference value :  3.99925e-08
 Reference value :  4.00125e-08
 Reference value :  4.00275e-08
 Reference value :  4.00475e-08
 Reference value :  4.00675e-08
 Reference value :  4.00875e-08
 Reference value :  4.01075e-08
 Reference value :  4.01275e-08
 Reference value :  4.01475e-08
 Reference value :  4.01675e-08
 Reference value :  4.01875e-08
 Reference value :  4.02025e-08
 Reference value :  4.02175e-08
 Reference value :  4.02375e-08
 Reference value :  4.02575e-08
 Reference value :  4.02825e-08
 Reference value :  4.03075e-08
 Reference value :  4.03275e-08
 Reference value :  4.03475e-08
 Reference value :  4.03725e-08
 Reference value :  4.03925e-08
 Reference value :  4.04125e-08
 Reference value :  4.04375e-08
 Reference value :  4.04575e-08
 Reference value :  4.04875e-08
 Reference value :  4.05075e-08
 Reference value :  4.05275e-08
 Reference value :  4.05475e-08
 Reference value :  4.05675e-08
 Reference value :  4.05925e-08
 Reference value :  4.06175e-08
 Reference value :  4.06375e-08
 Reference value :  4.06625e-08
 Reference value :  4.06875e-08
 Reference value :  4.07075e-08
 Reference value :  4.07325e-08
 Reference value :  4.07475e-08
 Reference value :  4.07675e-08
 Reference value :  4.07925e-08
 Reference value :  4.08125e-08
 Reference value :  4.08325e-08
 Reference value :  4.08525e-08
 Reference value :  4.08725e-08
 Reference value :  4.08925e-08
 Reference value :  4.09125e-08
 Reference value :  4.09325e-08
 Reference value :  4.09525e-08
 Reference value :  4.09725e-08
 Reference value :  4.09875e-08
 Reference value :  4.10075e-08
 Reference value :  4.10275e-08
 Reference value :  4.10475e-08
 Reference value :  4.10675e-08
 Reference value :  4.10875e-08
 Reference value :  4.11125e-08
 Reference value :  4.11325e-08
 Reference value :  4.11525e-08
 Reference value :  4.11725e-08
 Reference value :  4.11975e-08
 Reference value :  4.12125e-08
 Reference value :  4.12375e-08
 Reference value :  4.12575e-08
 Reference value :  4.12725e-08
 Reference value :  4.12925e-08
 Reference value :  4.13075e-08
 Reference value :  4.13275e-08
 Reference value :  4.13475e-08
 Reference value :  4.13675e-08
 Reference value :  4.13925e-08
 Reference value :  4.14175e-08
 Reference value :  4.14375e-08
 Reference value :  4.14575e-08
 Reference value :  4.14775e-08
 Reference value :  4.14975e-08
 Reference value :  4.15175e-08
 Reference value :  4.15425e-08
 Reference value :  4.15675e-08
 Reference value :  4.15975e-08
 Reference value :  4.16175e-08
 Reference value :  4.16425e-08
 Reference value :  4.16625e-08
 Reference value :  4.16825e-08
 Reference value :  4.17075e-08
 Reference value :  4.17275e-08
 Reference value :  4.17475e-08
 Reference value :  4.17675e-08
 Reference value :  4.17875e-08
 Reference value :  4.18075e-08
 Reference value :  4.18275e-08
 Reference value :  4.18475e-08
 Reference value :  4.18675e-08
 Reference value :  4.18875e-08
 Reference value :  4.19075e-08
 Reference value :  4.19275e-08
 Reference value :  4.19525e-08
 Reference value :  4.19775e-08
 Reference value :  4.20075e-08
 Reference value :  4.20375e-08
 Reference value :  4.20575e-08
 Reference value :  4.20825e-08
 Reference value :  4.21025e-08
 Reference value :  4.21275e-08
 Reference value :  4.21475e-08
 Reference value :  4.21725e-08
 Reference value :  4.21925e-08
 Reference value :  4.22125e-08
 Reference value :  4.22325e-08
 Reference value :  4.22525e-08
 Reference value :  4.22775e-08
 Reference value :  4.23025e-08
 Reference value :  4.23275e-08
 Reference value :  4.23525e-08
 Reference value :  4.23725e-08
 Reference value :  4.23975e-08
 Reference value :  4.24175e-08
 Reference value :  4.24375e-08
 Reference value :  4.24625e-08
 Reference value :  4.24825e-08
 Reference value :  4.25075e-08
 Reference value :  4.25275e-08
 Reference value :  4.25475e-08
 Reference value :  4.25675e-08
 Reference value :  4.25875e-08
 Reference value :  4.26075e-08
 Reference value :  4.26275e-08
 Reference value :  4.26525e-08
 Reference value :  4.26725e-08
 Reference value :  4.26975e-08
 Reference value :  4.27125e-08
 Reference value :  4.27325e-08
 Reference value :  4.27525e-08
 Reference value :  4.27675e-08
 Reference value :  4.27925e-08
 Reference value :  4.28075e-08
 Reference value :  4.28275e-08
 Reference value :  4.28525e-08
 Reference value :  4.28725e-08
 Reference value :  4.28975e-08
 Reference value :  4.29175e-08
 Reference value :  4.29375e-08
 Reference value :  4.29575e-08
 Reference value :  4.29775e-08
 Reference value :  4.29975e-08
 Reference value :  4.30175e-08
 Reference value :  4.30325e-08
 Reference value :  4.30525e-08
 Reference value :  4.30725e-08
 Reference value :  4.31025e-08
 Reference value :  4.31225e-08
 Reference value :  4.31425e-08
 Reference value :  4.31625e-08
 Reference value :  4.31775e-08
 Reference value :  4.32025e-08
 Reference value :  4.32275e-08
 Reference value :  4.32475e-08
 Reference value :  4.32725e-08
 Reference value :  4.32925e-08
 Reference value :  4.33125e-08
 Reference value :  4.33275e-08
 Reference value :  4.33475e-08
 Reference value :  4.33675e-08
 Reference value :  4.33875e-08
 Reference value :  4.34075e-08
 Reference value :  4.34275e-08
 Reference value :  4.34475e-08
 Reference value :  4.34675e-08
 Reference value :  4.34925e-08
 Reference value :  4.35075e-08
 Reference value :  4.35275e-08
 Reference value :  4.35475e-08
 Reference value :  4.35675e-08
 Reference value :  4.35875e-08
 Reference value :  4.36075e-08
 Reference value :  4.36275e-08
 Reference value :  4.36475e-08
 Reference value :  4.36725e-08
 Reference value :  4.36925e-08
 Reference value :  4.37125e-08
 Reference value :  4.37375e-08
 Reference value :  4.37575e-08
 Reference value :  4.37775e-08
 Reference value :  4.38025e-08
 Reference value :  4.38275e-08
 Reference value :  4.38475e-08
 Reference value :  4.38675e-08
 Reference value :  4.38875e-08
 Reference value :  4.39075e-08
 Reference value :  4.39325e-08
 Reference value :  4.39575e-08
 Reference value :  4.39825e-08
 Reference value :  4.40075e-08
 Reference value :  4.40325e-08
 Reference value :  4.40525e-08
 Reference value :  4.40775e-08
 Reference value :  4.40975e-08
 Reference value :  4.41175e-08
 Reference value :  4.41425e-08
 Reference value :  4.41625e-08
 Reference value :  4.41925e-08
 Reference value :  4.42125e-08
 Reference value :  4.42325e-08
 Reference value :  4.42525e-08
 Reference value :  4.42775e-08
 Reference value :  4.42975e-08
 Reference value :  4.43175e-08
 Reference value :  4.43375e-08
 Reference value :  4.43525e-08
 Reference value :  4.43725e-08
 Reference value :  4.43975e-08
 Reference value :  4.44225e-08
 Reference value :  4.44425e-08
 Reference value :  4.44575e-08
 Reference value :  4.44775e-08
 Reference value :  4.44975e-08
 Reference value :  4.45275e-08
 Reference value :  4.45425e-08
 Reference value :  4.45625e-08
 Reference value :  4.45825e-08
 Reference value :  4.46025e-08
 Reference value :  4.46225e-08
 Reference value :  4.46375e-08
 Reference value :  4.46575e-08
 Reference value :  4.46775e-08
 Reference value :  4.46925e-08
 Reference value :  4.47225e-08
 Reference value :  4.47425e-08
 Reference value :  4.47625e-08
 Reference value :  4.47825e-08
 Reference value :  4.48025e-08
 Reference value :  4.48225e-08
 Reference value :  4.48375e-08
 Reference value :  4.48575e-08
 Reference value :  4.48775e-08
 Reference value :  4.48975e-08
 Reference value :  4.49225e-08
 Reference value :  4.49425e-08
 Reference value :  4.49625e-08
 Reference value :  4.49825e-08
 Reference value :  4.50025e-08
 Reference value :  4.50225e-08
 Reference value :  4.50425e-08
 Reference value :  4.50625e-08
 Reference value :  4.50825e-08
 Reference value :  4.51000e-08
No. of Data Rows : 9034
Note: Simulation executed from .control section 
