
Note: Compatibility modes selected: hs a


Circuit: * comparator-decision regen-time sweep -- vindiff=0.5mv corner=sf temp=125.0c (issue #9)

option SCALE: Scale is set to 1e-06 for instance and model parameters
option SCALE: Scale is set to 1e-06 for instance and model parameters
option SCALE: Scale is set to 1e-06 for instance and model parameters
option SCALE: Scale is set to 1e-06 for instance and model parameters
Doing analysis at TEMP = 125.000000 and TNOM = 27.000000

Using KLU as Direct Linear Solver
 Reference value :  0.00000e+00
 Reference value :  4.00000e-13
 Reference value :  6.40000e-12
 Reference value :  2.64000e-11
 Reference value :  4.64000e-11
 Reference value :  6.64000e-11
 Reference value :  8.64000e-11
 Reference value :  1.06400e-10
 Reference value :  1.26400e-10
 Reference value :  1.46400e-10
 Reference value :  1.71400e-10
 Reference value :  1.91400e-10
 Reference value :  2.11400e-10
 Reference value :  2.31400e-10
 Reference value :  2.51400e-10
 Reference value :  2.71400e-10
 Reference value :  2.91400e-10
 Reference value :  3.11400e-10
 Reference value :  3.31400e-10
 Reference value :  3.51400e-10
 Reference value :  3.71400e-10
 Reference value :  3.91400e-10
 Reference value :  4.11400e-10
 Reference value :  4.31400e-10
 Reference value :  4.51400e-10
 Reference value :  4.76400e-10
 Reference value :  4.96400e-10
 Reference value :  5.21400e-10
 Reference value :  5.41400e-10
 Reference value :  5.66400e-10
 Reference value :  5.86400e-10
 Reference value :  6.06400e-10
 Reference value :  6.26400e-10
 Reference value :  6.46400e-10
 Reference value :  6.66400e-10
 Reference value :  6.91400e-10
 Reference value :  7.11400e-10
 Reference value :  7.31400e-10
 Reference value :  7.51400e-10
 Reference value :  7.76400e-10
 Reference value :  7.96400e-10
 Reference value :  8.16400e-10
 Reference value :  8.36400e-10
 Reference value :  8.56400e-10
 Reference value :  8.76400e-10
 Reference value :  8.96400e-10
 Reference value :  9.21400e-10
 Reference value :  9.41400e-10
 Reference value :  9.61400e-10
 Reference value :  9.81400e-10
 Reference value :  1.00140e-09
 Reference value :  1.02140e-09
 Reference value :  1.04140e-09
 Reference value :  1.06140e-09
 Reference value :  1.08140e-09
 Reference value :  1.10140e-09
 Reference value :  1.12140e-09
 Reference value :  1.14140e-09
 Reference value :  1.15640e-09
 Reference value :  1.17640e-09
 Reference value :  1.19640e-09
 Reference value :  1.21640e-09
 Reference value :  1.23640e-09
 Reference value :  1.25640e-09
 Reference value :  1.27640e-09
 Reference value :  1.29640e-09
 Reference value :  1.31640e-09
 Reference value :  1.33640e-09
 Reference value :  1.35640e-09
 Reference value :  1.37640e-09
 Reference value :  1.39640e-09
 Reference value :  1.41640e-09
 Reference value :  1.43640e-09
 Reference value :  1.45640e-09
 Reference value :  1.47640e-09
 Reference value :  1.49640e-09
 Reference value :  1.51640e-09
 Reference value :  1.53640e-09
 Reference value :  1.56140e-09
 Reference value :  1.58140e-09
 Reference value :  1.60140e-09
 Reference value :  1.62140e-09
 Reference value :  1.64140e-09
 Reference value :  1.66140e-09
 Reference value :  1.68140e-09
 Reference value :  1.70140e-09
 Reference value :  1.72140e-09
 Reference value :  1.74140e-09
 Reference value :  1.76640e-09
 Reference value :  1.78640e-09
 Reference value :  1.80640e-09
 Reference value :  1.82140e-09
 Reference value :  1.84140e-09
 Reference value :  1.86140e-09
 Reference value :  1.88140e-09
 Reference value :  1.90140e-09
 Reference value :  1.92140e-09
 Reference value :  1.94140e-09
 Reference value :  1.96140e-09
 Reference value :  1.98140e-09
 Reference value :  2.00140e-09
 Reference value :  2.02140e-09
 Reference value :  2.04140e-09
 Reference value :  2.06140e-09
 Reference value :  2.08140e-09
 Reference value :  2.10640e-09
 Reference value :  2.12640e-09
 Reference value :  2.15140e-09
 Reference value :  2.17140e-09
 Reference value :  2.19140e-09
 Reference value :  2.21140e-09
 Reference value :  2.23140e-09
 Reference value :  2.25140e-09
 Reference value :  2.27140e-09
 Reference value :  2.29140e-09
 Reference value :  2.31140e-09
 Reference value :  2.33140e-09
 Reference value :  2.34640e-09
 Reference value :  2.36640e-09
 Reference value :  2.38640e-09
 Reference value :  2.41140e-09
 Reference value :  2.43640e-09
 Reference value :  2.45640e-09
 Reference value :  2.48140e-09
 Reference value :  2.50140e-09
 Reference value :  2.52140e-09
 Reference value :  2.54140e-09
 Reference value :  2.56140e-09
 Reference value :  2.59140e-09
 Reference value :  2.61640e-09
 Reference value :  2.63640e-09
 Reference value :  2.66140e-09
 Reference value :  2.68640e-09
 Reference value :  2.71140e-09
 Reference value :  2.73640e-09
 Reference value :  2.76140e-09
 Reference value :  2.78140e-09
 Reference value :  2.80140e-09
 Reference value :  2.82640e-09
 Reference value :  2.85140e-09
 Reference value :  2.87140e-09
 Reference value :  2.89140e-09
 Reference value :  2.91140e-09
 Reference value :  2.93140e-09
 Reference value :  2.95640e-09
 Reference value :  2.98640e-09
 Reference value :  3.00640e-09
 Reference value :  3.03140e-09
 Reference value :  3.05140e-09
 Reference value :  3.07640e-09
 Reference value :  3.09640e-09
 Reference value :  3.12140e-09
 Reference value :  3.14640e-09
 Reference value :  3.17140e-09
 Reference value :  3.19640e-09
 Reference value :  3.22140e-09
 Reference value :  3.24140e-09
 Reference value :  3.26140e-09
 Reference value :  3.28140e-09
 Reference value :  3.30140e-09
 Reference value :  3.32640e-09
 Reference value :  3.35140e-09
 Reference value :  3.37640e-09
 Reference value :  3.40140e-09
 Reference value :  3.41640e-09
 Reference value :  3.43140e-09
 Reference value :  3.45140e-09
 Reference value :  3.47140e-09
 Reference value :  3.49140e-09
 Reference value :  3.51140e-09
 Reference value :  3.53640e-09
 Reference value :  3.55640e-09
 Reference value :  3.57640e-09
 Reference value :  3.60140e-09
 Reference value :  3.62140e-09
 Reference value :  3.64140e-09
 Reference value :  3.66140e-09
 Reference value :  3.68140e-09
 Reference value :  3.70140e-09
 Reference value :  3.72140e-09
 Reference value :  3.74640e-09
 Reference value :  3.76640e-09
 Reference value :  3.78640e-09
 Reference value :  3.81140e-09
 Reference value :  3.83640e-09
 Reference value :  3.85640e-09
 Reference value :  3.87640e-09
 Reference value :  3.89640e-09
 Reference value :  3.91640e-09
 Reference value :  3.93640e-09
 Reference value :  3.95140e-09
 Reference value :  3.97140e-09
 Reference value :  3.99640e-09
 Reference value :  4.02140e-09
 Reference value :  4.04640e-09
 Reference value :  4.07140e-09
 Reference value :  4.09140e-09
 Reference value :  4.11140e-09
 Reference value :  4.13640e-09
 Reference value :  4.15640e-09
 Reference value :  4.18140e-09
 Reference value :  4.20640e-09
 Reference value :  4.23140e-09
 Reference value :  4.25640e-09
 Reference value :  4.28140e-09
 Reference value :  4.30140e-09
 Reference value :  4.32640e-09
 Reference value :  4.35140e-09
 Reference value :  4.37640e-09
 Reference value :  4.40140e-09
 Reference value :  4.42140e-09
 Reference value :  4.44140e-09
 Reference value :  4.47140e-09
 Reference value :  4.49140e-09
 Reference value :  4.51640e-09
 Reference value :  4.54140e-09
 Reference value :  4.56640e-09
 Reference value :  4.58640e-09
 Reference value :  4.60640e-09
 Reference value :  4.62640e-09
 Reference value :  4.64640e-09
 Reference value :  4.66640e-09
 Reference value :  4.68640e-09
 Reference value :  4.71140e-09
 Reference value :  4.73140e-09
 Reference value :  4.75140e-09
 Reference value :  4.77640e-09
 Reference value :  4.79140e-09
 Reference value :  4.83140e-09
 Reference value :  4.85640e-09
 Reference value :  4.88140e-09
 Reference value :  4.90640e-09
 Reference value :  4.92640e-09
 Reference value :  4.95140e-09
 Reference value :  4.97640e-09
 Reference value :  4.99570e-09
 Reference value :  5.00750e-09
 Reference value :  5.02750e-09
 Reference value :  5.04750e-09
 Reference value :  5.06750e-09
 Reference value :  5.09250e-09
 Reference value :  5.10350e-09
 Reference value :  5.12250e-09
 Reference value :  5.13750e-09
 Reference value :  5.16250e-09
 Reference value :  5.18250e-09
 Reference value :  5.20750e-09
 Reference value :  5.22750e-09
 Reference value :  5.24750e-09
 Reference value :  5.27250e-09
 Reference value :  5.29250e-09
 Reference value :  5.31750e-09
 Reference value :  5.33750e-09
 Reference value :  5.35250e-09
 Reference value :  5.37250e-09
 Reference value :  5.39750e-09
 Reference value :  5.41250e-09
 Reference value :  5.43250e-09
 Reference value :  5.45250e-09
 Reference value :  5.47250e-09
 Reference value :  5.49250e-09
 Reference value :  5.51250e-09
 Reference value :  5.53250e-09
 Reference value :  5.55750e-09
 Reference value :  5.58250e-09
 Reference value :  5.60250e-09
 Reference value :  5.62750e-09
 Reference value :  5.64750e-09
 Reference value :  5.66750e-09
 Reference value :  5.69250e-09
 Reference value :  5.71250e-09
 Reference value :  5.72750e-09
 Reference value :  5.74250e-09
 Reference value :  5.76750e-09
 Reference value :  5.78750e-09
 Reference value :  5.80750e-09
 Reference value :  5.82750e-09
 Reference value :  5.84750e-09
 Reference value :  5.86750e-09
 Reference value :  5.89250e-09
 Reference value :  5.91750e-09
 Reference value :  5.93750e-09
 Reference value :  5.95750e-09
 Reference value :  5.97250e-09
 Reference value :  5.99250e-09
 Reference value :  6.01250e-09
 Reference value :  6.03750e-09
 Reference value :  6.05250e-09
 Reference value :  6.07250e-09
 Reference value :  6.09750e-09
 Reference value :  6.11750e-09
 Reference value :  6.13750e-09
 Reference value :  6.15750e-09
 Reference value :  6.17750e-09
 Reference value :  6.20250e-09
 Reference value :  6.22250e-09
 Reference value :  6.24250e-09
 Reference value :  6.26750e-09
 Reference value :  6.28750e-09
 Reference value :  6.31250e-09
 Reference value :  6.33250e-09
 Reference value :  6.35250e-09
 Reference value :  6.37750e-09
 Reference value :  6.40750e-09
 Reference value :  6.43250e-09
 Reference value :  6.45250e-09
 Reference value :  6.48250e-09
 Reference value :  6.51750e-09
 Reference value :  6.53250e-09
 Reference value :  6.55250e-09
 Reference value :  6.56750e-09
 Reference value :  6.58250e-09
 Reference value :  6.60250e-09
 Reference value :  6.62250e-09
 Reference value :  6.64250e-09
 Reference value :  6.66750e-09
 Reference value :  6.69750e-09
 Reference value :  6.72250e-09
 Reference value :  6.74750e-09
 Reference value :  6.77250e-09
 Reference value :  6.79250e-09
 Reference value :  6.81250e-09
 Reference value :  6.85250e-09
 Reference value :  6.87250e-09
 Reference value :  6.89250e-09
 Reference value :  6.91250e-09
 Reference value :  6.93750e-09
 Reference value :  6.96250e-09
 Reference value :  6.98250e-09
 Reference value :  7.00250e-09
 Reference value :  7.02250e-09
 Reference value :  7.04250e-09
 Reference value :  7.06250e-09
 Reference value :  7.08250e-09
 Reference value :  7.10750e-09
 Reference value :  7.13250e-09
 Reference value :  7.15250e-09
 Reference value :  7.17750e-09
 Reference value :  7.19250e-09
 Reference value :  7.21250e-09
 Reference value :  7.33250e-09
 Reference value :  7.34750e-09
 Reference value :  7.37750e-09
 Reference value :  7.40250e-09
 Reference value :  7.42750e-09
 Reference value :  7.45250e-09
 Reference value :  7.47250e-09
 Reference value :  7.49250e-09
 Reference value :  7.51750e-09
 Reference value :  7.53750e-09
 Reference value :  7.55750e-09
 Reference value :  7.58250e-09
 Reference value :  7.60250e-09
 Reference value :  7.62250e-09
 Reference value :  7.64250e-09
 Reference value :  7.66750e-09
 Reference value :  7.68750e-09
 Reference value :  7.70750e-09
 Reference value :  7.72750e-09
 Reference value :  7.74750e-09
 Reference value :  7.76750e-09
 Reference value :  7.78750e-09
 Reference value :  7.80750e-09
 Reference value :  7.82750e-09
 Reference value :  7.85750e-09
 Reference value :  7.88250e-09
 Reference value :  7.90250e-09
 Reference value :  7.92250e-09
 Reference value :  7.93750e-09
 Reference value :  7.96250e-09
 Reference value :  7.98250e-09
 Reference value :  8.00250e-09
 Reference value :  8.02250e-09
 Reference value :  8.04250e-09
 Reference value :  8.05750e-09
 Reference value :  8.08250e-09
 Reference value :  8.10250e-09
 Reference value :  8.12750e-09
 Reference value :  8.14750e-09
 Reference value :  8.16750e-09
 Reference value :  8.18750e-09
 Reference value :  8.20750e-09
 Reference value :  8.22750e-09
 Reference value :  8.24750e-09
 Reference value :  8.26250e-09
 Reference value :  8.28250e-09
 Reference value :  8.30250e-09
 Reference value :  8.32750e-09
 Reference value :  8.34750e-09
 Reference value :  8.36250e-09
 Reference value :  8.39250e-09
 Reference value :  8.42250e-09
 Reference value :  8.44250e-09
 Reference value :  8.46750e-09
 Reference value :  8.48750e-09
 Reference value :  8.51250e-09
 Reference value :  8.53250e-09
 Reference value :  8.55250e-09
 Reference value :  8.56750e-09
 Reference value :  8.59250e-09
 Reference value :  8.61250e-09
 Reference value :  8.63250e-09
 Reference value :  8.65250e-09
 Reference value :  8.66750e-09
 Reference value :  8.68750e-09
 Reference value :  8.71250e-09
 Reference value :  8.73250e-09
 Reference value :  8.75750e-09
 Reference value :  8.78250e-09
 Reference value :  8.80250e-09
 Reference value :  8.82250e-09
 Reference value :  8.83750e-09
 Reference value :  8.85750e-09
 Reference value :  8.87750e-09
 Reference value :  8.90250e-09
 Reference value :  8.92250e-09
 Reference value :  8.94250e-09
 Reference value :  8.96250e-09
 Reference value :  8.99250e-09
 Reference value :  9.01250e-09
 Reference value :  9.03250e-09
 Reference value :  9.05250e-09
 Reference value :  9.07750e-09
 Reference value :  9.09750e-09
 Reference value :  9.12750e-09
 Reference value :  9.14750e-09
 Reference value :  9.16750e-09
 Reference value :  9.19250e-09
 Reference value :  9.21250e-09
 Reference value :  9.23250e-09
 Reference value :  9.25250e-09
 Reference value :  9.27250e-09
 Reference value :  9.29250e-09
 Reference value :  9.32250e-09
 Reference value :  9.34250e-09
 Reference value :  9.35750e-09
 Reference value :  9.37750e-09
 Reference value :  9.39750e-09
 Reference value :  9.42250e-09
 Reference value :  9.44250e-09
 Reference value :  9.46750e-09
 Reference value :  9.48250e-09
 Reference value :  9.50250e-09
 Reference value :  9.52250e-09
 Reference value :  9.53750e-09
 Reference value :  9.55750e-09
 Reference value :  9.57250e-09
 Reference value :  9.59250e-09
 Reference value :  9.61250e-09
 Reference value :  9.63750e-09
 Reference value :  9.66250e-09
 Reference value :  1.05275e-08
 Reference value :  1.05425e-08
 Reference value :  1.05575e-08
 Reference value :  1.05825e-08
 Reference value :  1.06025e-08
 Reference value :  1.06225e-08
 Reference value :  1.06475e-08
 Reference value :  1.06625e-08
 Reference value :  1.06825e-08
 Reference value :  1.06975e-08
 Reference value :  1.07175e-08
 Reference value :  1.07375e-08
 Reference value :  1.07525e-08
 Reference value :  1.07725e-08
 Reference value :  1.07925e-08
 Reference value :  1.08125e-08
 Reference value :  1.08375e-08
 Reference value :  1.08625e-08
 Reference value :  1.08825e-08
 Reference value :  1.09075e-08
 Reference value :  1.09325e-08
 Reference value :  1.09525e-08
 Reference value :  1.09725e-08
 Reference value :  1.09925e-08
 Reference value :  1.10175e-08
 Reference value :  1.10375e-08
 Reference value :  1.10625e-08
 Reference value :  1.10825e-08
 Reference value :  1.11025e-08
 Reference value :  1.11225e-08
 Reference value :  1.11425e-08
 Reference value :  1.11625e-08
 Reference value :  1.11825e-08
 Reference value :  1.12025e-08
 Reference value :  1.12275e-08
 Reference value :  1.12525e-08
 Reference value :  1.12725e-08
 Reference value :  1.12925e-08
 Reference value :  1.13125e-08
 Reference value :  1.13325e-08
 Reference value :  1.13525e-08
 Reference value :  1.13725e-08
 Reference value :  1.13975e-08
 Reference value :  1.14225e-08
 Reference value :  1.14425e-08
 Reference value :  1.14625e-08
 Reference value :  1.14875e-08
 Reference value :  1.15075e-08
 Reference value :  1.15275e-08
 Reference value :  1.15525e-08
 Reference value :  1.15775e-08
 Reference value :  1.16025e-08
 Reference value :  1.16225e-08
 Reference value :  1.16425e-08
 Reference value :  1.16625e-08
 Reference value :  1.16775e-08
 Reference value :  1.16975e-08
 Reference value :  1.17175e-08
 Reference value :  1.17325e-08
 Reference value :  1.17475e-08
 Reference value :  1.17675e-08
 Reference value :  1.17875e-08
 Reference value :  1.18125e-08
 Reference value :  1.18325e-08
 Reference value :  1.18575e-08
 Reference value :  1.18775e-08
 Reference value :  1.19025e-08
 Reference value :  1.19225e-08
 Reference value :  1.19375e-08
 Reference value :  1.19575e-08
 Reference value :  1.19775e-08
 Reference value :  1.19925e-08
 Reference value :  1.20125e-08
 Reference value :  1.20275e-08
 Reference value :  1.20575e-08
 Reference value :  1.20825e-08
 Reference value :  1.21025e-08
 Reference value :  1.21225e-08
 Reference value :  1.21475e-08
 Reference value :  1.21675e-08
 Reference value :  1.21875e-08
 Reference value :  1.22075e-08
 Reference value :  1.22325e-08
 Reference value :  1.22475e-08
 Reference value :  1.22675e-08
 Reference value :  1.22875e-08
 Reference value :  1.23075e-08
 Reference value :  1.23325e-08
 Reference value :  1.23575e-08
 Reference value :  1.23775e-08
 Reference value :  1.23975e-08
 Reference value :  1.24175e-08
 Reference value :  1.24425e-08
 Reference value :  1.24625e-08
 Reference value :  1.24825e-08
 Reference value :  1.25075e-08
 Reference value :  1.25275e-08
 Reference value :  1.25475e-08
 Reference value :  1.25675e-08
 Reference value :  1.25875e-08
 Reference value :  1.26075e-08
 Reference value :  1.26275e-08
 Reference value :  1.26525e-08
 Reference value :  1.26775e-08
 Reference value :  1.26975e-08
 Reference value :  1.27175e-08
 Reference value :  1.27425e-08
 Reference value :  1.27625e-08
 Reference value :  1.27875e-08
 Reference value :  1.28025e-08
 Reference value :  1.28275e-08
 Reference value :  1.28525e-08
 Reference value :  1.28775e-08
 Reference value :  1.29025e-08
 Reference value :  1.29225e-08
 Reference value :  1.29425e-08
 Reference value :  1.29625e-08
 Reference value :  1.29775e-08
 Reference value :  1.29975e-08
 Reference value :  1.30175e-08
 Reference value :  1.30425e-08
 Reference value :  1.30625e-08
 Reference value :  1.30825e-08
 Reference value :  1.31025e-08
 Reference value :  1.31225e-08
 Reference value :  1.31475e-08
 Reference value :  1.31675e-08
 Reference value :  1.31875e-08
 Reference value :  1.32075e-08
 Reference value :  1.32275e-08
 Reference value :  1.32475e-08
 Reference value :  1.32675e-08
 Reference value :  1.32875e-08
 Reference value :  1.33075e-08
 Reference value :  1.33275e-08
 Reference value :  1.33475e-08
 Reference value :  1.33675e-08
 Reference value :  1.33875e-08
 Reference value :  1.34075e-08
 Reference value :  1.34325e-08
 Reference value :  1.34625e-08
 Reference value :  1.34825e-08
 Reference value :  1.34975e-08
 Reference value :  1.35125e-08
 Reference value :  1.35325e-08
 Reference value :  1.35575e-08
 Reference value :  1.35775e-08
 Reference value :  1.36125e-08
 Reference value :  1.36375e-08
 Reference value :  1.36625e-08
 Reference value :  1.36825e-08
 Reference value :  1.37025e-08
 Reference value :  1.37225e-08
 Reference value :  1.37475e-08
 Reference value :  1.37675e-08
 Reference value :  1.37925e-08
 Reference value :  1.38175e-08
 Reference value :  1.38375e-08
 Reference value :  1.38625e-08
 Reference value :  1.38825e-08
 Reference value :  1.39075e-08
 Reference value :  1.39275e-08
 Reference value :  1.39525e-08
 Reference value :  1.39725e-08
 Reference value :  1.39925e-08
 Reference value :  1.40125e-08
 Reference value :  1.40325e-08
 Reference value :  1.40575e-08
 Reference value :  1.40775e-08
 Reference value :  1.41125e-08
 Reference value :  1.41375e-08
 Reference value :  1.41575e-08
 Reference value :  1.41775e-08
 Reference value :  1.41975e-08
 Reference value :  1.42175e-08
 Reference value :  1.42425e-08
 Reference value :  1.42575e-08
 Reference value :  1.42775e-08
 Reference value :  1.42975e-08
 Reference value :  1.43225e-08
 Reference value :  1.43475e-08
 Reference value :  1.43675e-08
 Reference value :  1.43875e-08
 Reference value :  1.44075e-08
 Reference value :  1.44275e-08
 Reference value :  1.44475e-08
 Reference value :  1.44675e-08
 Reference value :  1.44925e-08
 Reference value :  1.45125e-08
 Reference value :  1.45375e-08
 Reference value :  1.45575e-08
 Reference value :  1.45775e-08
 Reference value :  1.45925e-08
 Reference value :  1.46125e-08
 Reference value :  1.46325e-08
 Reference value :  1.46575e-08
 Reference value :  1.46825e-08
 Reference value :  1.47025e-08
 Reference value :  1.47225e-08
 Reference value :  1.47425e-08
 Reference value :  1.47675e-08
 Reference value :  1.47925e-08
 Reference value :  1.48125e-08
 Reference value :  1.48325e-08
 Reference value :  1.48525e-08
 Reference value :  1.48725e-08
 Reference value :  1.48925e-08
 Reference value :  1.49075e-08
 Reference value :  1.49275e-08
 Reference value :  1.49475e-08
 Reference value :  1.49675e-08
 Reference value :  1.49875e-08
 Reference value :  1.50025e-08
 Reference value :  1.50225e-08
 Reference value :  1.50475e-08
 Reference value :  1.50675e-08
 Reference value :  1.50875e-08
 Reference value :  1.51075e-08
 Reference value :  1.51325e-08
 Reference value :  1.51625e-08
 Reference value :  1.51875e-08
 Reference value :  1.52025e-08
 Reference value :  1.52225e-08
 Reference value :  1.52425e-08
 Reference value :  1.52575e-08
 Reference value :  1.52925e-08
 Reference value :  1.53125e-08
 Reference value :  1.53325e-08
 Reference value :  1.53525e-08
 Reference value :  1.53675e-08
 Reference value :  1.53875e-08
 Reference value :  1.54075e-08
 Reference value :  1.54275e-08
 Reference value :  1.54475e-08
 Reference value :  1.54625e-08
 Reference value :  1.54775e-08
 Reference value :  1.54975e-08
 Reference value :  1.55175e-08
 Reference value :  1.55375e-08
 Reference value :  1.55625e-08
 Reference value :  1.55825e-08
 Reference value :  1.56075e-08
 Reference value :  1.56325e-08
 Reference value :  1.56525e-08
 Reference value :  1.56725e-08
 Reference value :  1.56925e-08
 Reference value :  1.57125e-08
 Reference value :  1.57275e-08
 Reference value :  1.57475e-08
 Reference value :  1.57775e-08
 Reference value :  1.58125e-08
 Reference value :  1.58375e-08
 Reference value :  1.58575e-08
 Reference value :  1.58775e-08
 Reference value :  1.58975e-08
 Reference value :  1.59225e-08
 Reference value :  1.59475e-08
 Reference value :  1.59725e-08
 Reference value :  1.59975e-08
 Reference value :  1.60175e-08
 Reference value :  1.60375e-08
 Reference value :  1.60575e-08
 Reference value :  1.60775e-08
 Reference value :  1.61025e-08
 Reference value :  1.61275e-08
 Reference value :  1.61525e-08
 Reference value :  1.61775e-08
 Reference value :  1.62025e-08
 Reference value :  1.62225e-08
 Reference value :  1.62475e-08
 Reference value :  1.62725e-08
 Reference value :  1.62975e-08
 Reference value :  1.63275e-08
 Reference value :  1.63525e-08
 Reference value :  1.63775e-08
 Reference value :  1.63975e-08
 Reference value :  1.64225e-08
 Reference value :  1.64475e-08
 Reference value :  1.64675e-08
 Reference value :  1.64925e-08
 Reference value :  1.65075e-08
 Reference value :  1.65275e-08
 Reference value :  1.65475e-08
 Reference value :  1.65725e-08
 Reference value :  1.65925e-08
 Reference value :  1.66175e-08
 Reference value :  1.66375e-08
 Reference value :  1.66525e-08
 Reference value :  1.66675e-08
 Reference value :  1.66875e-08
 Reference value :  1.67075e-08
 Reference value :  1.67325e-08
 Reference value :  1.67575e-08
 Reference value :  1.67775e-08
 Reference value :  1.67975e-08
 Reference value :  1.68175e-08
 Reference value :  1.68475e-08
 Reference value :  1.68725e-08
 Reference value :  1.68975e-08
 Reference value :  1.69275e-08
 Reference value :  1.69475e-08
 Reference value :  1.69675e-08
 Reference value :  1.69875e-08
 Reference value :  1.70175e-08
 Reference value :  1.70425e-08
 Reference value :  1.70625e-08
 Reference value :  1.70825e-08
 Reference value :  1.71025e-08
 Reference value :  1.71175e-08
 Reference value :  1.71375e-08
 Reference value :  1.71575e-08
 Reference value :  1.71775e-08
 Reference value :  1.71975e-08
 Reference value :  1.72225e-08
 Reference value :  1.72425e-08
 Reference value :  1.72625e-08
 Reference value :  1.72825e-08
 Reference value :  1.73025e-08
 Reference value :  1.73225e-08
 Reference value :  1.73425e-08
 Reference value :  1.73625e-08
 Reference value :  1.73825e-08
 Reference value :  1.74025e-08
 Reference value :  1.74225e-08
 Reference value :  1.74375e-08
 Reference value :  1.74575e-08
 Reference value :  1.74775e-08
 Reference value :  1.74975e-08
 Reference value :  1.75125e-08
 Reference value :  1.75275e-08
 Reference value :  1.75475e-08
 Reference value :  1.75675e-08
 Reference value :  1.75875e-08
 Reference value :  1.76125e-08
 Reference value :  1.76375e-08
 Reference value :  1.76625e-08
 Reference value :  1.76875e-08
 Reference value :  1.77075e-08
 Reference value :  1.77275e-08
 Reference value :  1.77475e-08
 Reference value :  1.77675e-08
 Reference value :  1.77875e-08
 Reference value :  1.78025e-08
 Reference value :  1.78175e-08
 Reference value :  1.78375e-08
 Reference value :  1.78575e-08
 Reference value :  1.78825e-08
 Reference value :  1.79025e-08
 Reference value :  1.79275e-08
 Reference value :  1.79475e-08
 Reference value :  1.79675e-08
 Reference value :  1.79875e-08
 Reference value :  1.80075e-08
 Reference value :  1.80275e-08
 Reference value :  1.80475e-08
 Reference value :  1.80675e-08
 Reference value :  1.80825e-08
 Reference value :  1.80975e-08
 Reference value :  1.81175e-08
 Reference value :  1.81375e-08
 Reference value :  1.81625e-08
 Reference value :  1.81875e-08
 Reference value :  1.82075e-08
 Reference value :  1.82225e-08
 Reference value :  1.82425e-08
 Reference value :  1.82625e-08
 Reference value :  1.82825e-08
 Reference value :  1.83075e-08
 Reference value :  1.83325e-08
 Reference value :  1.83525e-08
 Reference value :  1.83725e-08
 Reference value :  1.83925e-08
 Reference value :  1.84125e-08
 Reference value :  1.84325e-08
 Reference value :  1.84575e-08
 Reference value :  1.84825e-08
 Reference value :  1.85075e-08
 Reference value :  1.85275e-08
 Reference value :  1.85475e-08
 Reference value :  1.85725e-08
 Reference value :  1.85875e-08
 Reference value :  1.86125e-08
 Reference value :  1.86425e-08
 Reference value :  1.86725e-08
 Reference value :  1.86975e-08
 Reference value :  1.87175e-08
 Reference value :  1.87425e-08
 Reference value :  1.87575e-08
 Reference value :  1.87725e-08
 Reference value :  1.87975e-08
 Reference value :  1.88175e-08
 Reference value :  1.88375e-08
 Reference value :  1.88575e-08
 Reference value :  1.88725e-08
 Reference value :  1.88925e-08
 Reference value :  1.89125e-08
 Reference value :  1.89325e-08
 Reference value :  1.89525e-08
 Reference value :  1.89725e-08
 Reference value :  1.89925e-08
 Reference value :  1.90125e-08
 Reference value :  1.90375e-08
 Reference value :  1.90575e-08
 Reference value :  1.90775e-08
 Reference value :  1.90925e-08
 Reference value :  1.91125e-08
 Reference value :  1.91275e-08
 Reference value :  1.91525e-08
 Reference value :  1.91775e-08
 Reference value :  1.91975e-08
 Reference value :  1.92225e-08
 Reference value :  1.92475e-08
 Reference value :  1.92725e-08
 Reference value :  1.92925e-08
 Reference value :  1.93125e-08
 Reference value :  1.93325e-08
 Reference value :  1.93525e-08
 Reference value :  1.93725e-08
 Reference value :  1.93925e-08
 Reference value :  1.94125e-08
 Reference value :  1.94325e-08
 Reference value :  1.94575e-08
 Reference value :  1.94775e-08
 Reference value :  1.95025e-08
 Reference value :  1.95275e-08
 Reference value :  1.95475e-08
 Reference value :  1.95725e-08
 Reference value :  1.95975e-08
 Reference value :  1.96275e-08
 Reference value :  1.96525e-08
 Reference value :  1.96725e-08
 Reference value :  1.96925e-08
 Reference value :  1.97175e-08
 Reference value :  1.97325e-08
 Reference value :  1.97575e-08
 Reference value :  1.97825e-08
 Reference value :  1.98075e-08
 Reference value :  1.98375e-08
 Reference value :  1.98575e-08
 Reference value :  1.98825e-08
 Reference value :  1.99025e-08
 Reference value :  1.99225e-08
 Reference value :  1.99475e-08
 Reference value :  1.99675e-08
 Reference value :  1.99825e-08
 Reference value :  2.00025e-08
 Reference value :  2.00325e-08
 Reference value :  2.00525e-08
 Reference value :  2.00725e-08
 Reference value :  2.00975e-08
 Reference value :  2.01175e-08
 Reference value :  2.01425e-08
 Reference value :  2.01675e-08
 Reference value :  2.01875e-08
 Reference value :  2.02075e-08
 Reference value :  2.02275e-08
 Reference value :  2.02525e-08
 Reference value :  2.02775e-08
 Reference value :  2.02975e-08
 Reference value :  2.03225e-08
 Reference value :  2.03425e-08
 Reference value :  2.03725e-08
 Reference value :  2.03925e-08
 Reference value :  2.04125e-08
 Reference value :  2.04325e-08
 Reference value :  2.04525e-08
 Reference value :  2.04725e-08
 Reference value :  2.04925e-08
 Reference value :  2.05125e-08
 Reference value :  2.05275e-08
 Reference value :  2.05475e-08
 Reference value :  2.05675e-08
 Reference value :  2.05875e-08
 Reference value :  2.06125e-08
 Reference value :  2.06325e-08
 Reference value :  2.06575e-08
 Reference value :  2.06775e-08
 Reference value :  2.06975e-08
 Reference value :  2.07175e-08
 Reference value :  2.07375e-08
 Reference value :  2.07575e-08
 Reference value :  2.07725e-08
 Reference value :  2.07875e-08
 Reference value :  2.08075e-08
 Reference value :  2.08225e-08
 Reference value :  2.08425e-08
 Reference value :  2.08625e-08
 Reference value :  2.08775e-08
 Reference value :  2.09025e-08
 Reference value :  2.09225e-08
 Reference value :  2.09925e-08
 Reference value :  2.10075e-08
 Reference value :  2.10275e-08
 Reference value :  2.10525e-08
 Reference value :  2.10725e-08
 Reference value :  2.10925e-08
 Reference value :  2.11075e-08
 Reference value :  2.11275e-08
 Reference value :  2.11425e-08
 Reference value :  2.11575e-08
 Reference value :  2.11825e-08
 Reference value :  2.12075e-08
 Reference value :  2.12325e-08
 Reference value :  2.12525e-08
 Reference value :  2.12725e-08
 Reference value :  2.12925e-08
 Reference value :  2.13125e-08
 Reference value :  2.13325e-08
 Reference value :  2.13475e-08
 Reference value :  2.13725e-08
 Reference value :  2.13975e-08
 Reference value :  2.14225e-08
 Reference value :  2.14525e-08
 Reference value :  2.14725e-08
 Reference value :  2.14925e-08
 Reference value :  2.15125e-08
 Reference value :  2.15375e-08
 Reference value :  2.15575e-08
 Reference value :  2.15825e-08
 Reference value :  2.16075e-08
 Reference value :  2.16275e-08
 Reference value :  2.16475e-08
 Reference value :  2.16675e-08
 Reference value :  2.16875e-08
 Reference value :  2.17075e-08
 Reference value :  2.17275e-08
 Reference value :  2.17425e-08
 Reference value :  2.17625e-08
 Reference value :  2.17875e-08
 Reference value :  2.18125e-08
 Reference value :  2.18375e-08
 Reference value :  2.18525e-08
 Reference value :  2.18725e-08
 Reference value :  2.18925e-08
 Reference value :  2.19125e-08
 Reference value :  2.19275e-08
 Reference value :  2.19475e-08
 Reference value :  2.19725e-08
 Reference value :  2.19875e-08
 Reference value :  2.20075e-08
 Reference value :  2.20275e-08
 Reference value :  2.20475e-08
 Reference value :  2.20675e-08
 Reference value :  2.20875e-08
 Reference value :  2.21075e-08
 Reference value :  2.21275e-08
 Reference value :  2.21475e-08
 Reference value :  2.21725e-08
 Reference value :  2.21925e-08
 Reference value :  2.22125e-08
 Reference value :  2.22325e-08
 Reference value :  2.22525e-08
 Reference value :  2.22725e-08
 Reference value :  2.22925e-08
 Reference value :  2.23125e-08
 Reference value :  2.23325e-08
 Reference value :  2.23525e-08
 Reference value :  2.23775e-08
 Reference value :  2.24025e-08
 Reference value :  2.24225e-08
 Reference value :  2.24425e-08
 Reference value :  2.24625e-08
 Reference value :  2.24875e-08
 Reference value :  2.25075e-08
 Reference value :  2.25275e-08
 Reference value :  2.25475e-08
 Reference value :  2.25675e-08
 Reference value :  2.25875e-08
 Reference value :  2.26025e-08
 Reference value :  2.26175e-08
 Reference value :  2.26325e-08
 Reference value :  2.26575e-08
 Reference value :  2.26825e-08
 Reference value :  2.27025e-08
 Reference value :  2.27225e-08
 Reference value :  2.27425e-08
 Reference value :  2.27625e-08
 Reference value :  2.27925e-08
 Reference value :  2.28075e-08
 Reference value :  2.28275e-08
 Reference value :  2.28525e-08
 Reference value :  2.28725e-08
 Reference value :  2.28925e-08
 Reference value :  2.29175e-08
 Reference value :  2.29375e-08
 Reference value :  2.29575e-08
 Reference value :  2.29825e-08
 Reference value :  2.30025e-08
 Reference value :  2.30225e-08
 Reference value :  2.30425e-08
 Reference value :  2.30625e-08
 Reference value :  2.30875e-08
 Reference value :  2.31075e-08
 Reference value :  2.31275e-08
 Reference value :  2.31525e-08
 Reference value :  2.31725e-08
 Reference value :  2.31975e-08
 Reference value :  2.32225e-08
 Reference value :  2.32425e-08
 Reference value :  2.32625e-08
 Reference value :  2.32875e-08
 Reference value :  2.33075e-08
 Reference value :  2.33275e-08
 Reference value :  2.33525e-08
 Reference value :  2.33675e-08
 Reference value :  2.33875e-08
 Reference value :  2.34125e-08
 Reference value :  2.34325e-08
 Reference value :  2.34625e-08
 Reference value :  2.34775e-08
 Reference value :  2.34975e-08
 Reference value :  2.35175e-08
 Reference value :  2.35375e-08
 Reference value :  2.35575e-08
 Reference value :  2.35775e-08
 Reference value :  2.36025e-08
 Reference value :  2.36225e-08
 Reference value :  2.36375e-08
 Reference value :  2.36625e-08
 Reference value :  2.36825e-08
 Reference value :  2.37025e-08
 Reference value :  2.37225e-08
 Reference value :  2.37425e-08
 Reference value :  2.37625e-08
 Reference value :  2.37825e-08
 Reference value :  2.37975e-08
 Reference value :  2.38125e-08
 Reference value :  2.38275e-08
 Reference value :  2.38425e-08
 Reference value :  2.38625e-08
 Reference value :  2.38825e-08
 Reference value :  2.38975e-08
 Reference value :  2.39175e-08
 Reference value :  2.39375e-08
 Reference value :  2.39625e-08
 Reference value :  2.39875e-08
 Reference value :  2.40075e-08
 Reference value :  2.40275e-08
 Reference value :  2.40425e-08
 Reference value :  2.40625e-08
 Reference value :  2.40825e-08
 Reference value :  2.41025e-08
 Reference value :  2.41225e-08
 Reference value :  2.41425e-08
 Reference value :  2.41625e-08
 Reference value :  2.41825e-08
 Reference value :  2.41975e-08
 Reference value :  2.42175e-08
 Reference value :  2.42375e-08
 Reference value :  2.42575e-08
 Reference value :  2.42825e-08
 Reference value :  2.43025e-08
 Reference value :  2.43175e-08
 Reference value :  2.43375e-08
 Reference value :  2.43675e-08
 Reference value :  2.43875e-08
 Reference value :  2.44075e-08
 Reference value :  2.44325e-08
 Reference value :  2.44525e-08
 Reference value :  2.44775e-08
 Reference value :  2.45025e-08
 Reference value :  2.45225e-08
 Reference value :  2.45475e-08
 Reference value :  2.45725e-08
 Reference value :  2.45925e-08
 Reference value :  2.46175e-08
 Reference value :  2.46375e-08
 Reference value :  2.46575e-08
 Reference value :  2.46825e-08
 Reference value :  2.47025e-08
 Reference value :  2.47175e-08
 Reference value :  2.47375e-08
 Reference value :  2.47575e-08
 Reference value :  2.47775e-08
 Reference value :  2.47975e-08
 Reference value :  2.48175e-08
 Reference value :  2.48425e-08
 Reference value :  2.48575e-08
 Reference value :  2.48775e-08
 Reference value :  2.48925e-08
 Reference value :  2.49125e-08
 Reference value :  2.49325e-08
 Reference value :  2.49525e-08
 Reference value :  2.49775e-08
 Reference value :  2.49925e-08
 Reference value :  2.50175e-08
 Reference value :  2.50425e-08
 Reference value :  2.50625e-08
 Reference value :  2.50875e-08
 Reference value :  2.51075e-08
 Reference value :  2.51325e-08
 Reference value :  2.51525e-08
 Reference value :  2.51675e-08
 Reference value :  2.51925e-08
 Reference value :  2.52125e-08
 Reference value :  2.52325e-08
 Reference value :  2.52475e-08
 Reference value :  2.52675e-08
 Reference value :  2.52875e-08
 Reference value :  2.53075e-08
 Reference value :  2.53325e-08
 Reference value :  2.53525e-08
 Reference value :  2.53725e-08
 Reference value :  2.53975e-08
 Reference value :  2.54175e-08
 Reference value :  2.54375e-08
 Reference value :  2.54575e-08
 Reference value :  2.54775e-08
 Reference value :  2.54975e-08
 Reference value :  2.55175e-08
 Reference value :  2.55375e-08
 Reference value :  2.55525e-08
 Reference value :  2.55675e-08
 Reference value :  2.55875e-08
 Reference value :  2.56075e-08
 Reference value :  2.56225e-08
 Reference value :  2.56375e-08
 Reference value :  2.56575e-08
 Reference value :  2.56825e-08
 Reference value :  2.57025e-08
 Reference value :  2.57175e-08
 Reference value :  2.57375e-08
 Reference value :  2.57575e-08
 Reference value :  2.57775e-08
 Reference value :  2.57975e-08
 Reference value :  2.58125e-08
 Reference value :  2.58325e-08
 Reference value :  2.58525e-08
 Reference value :  2.58675e-08
 Reference value :  2.59025e-08
 Reference value :  2.59225e-08
 Reference value :  2.59375e-08
 Reference value :  2.59525e-08
 Reference value :  2.59725e-08
 Reference value :  2.59875e-08
 Reference value :  2.60075e-08
 Reference value :  2.60275e-08
 Reference value :  2.60475e-08
 Reference value :  2.60675e-08
 Reference value :  2.60875e-08
 Reference value :  2.61075e-08
 Reference value :  2.61325e-08
 Reference value :  2.61525e-08
 Reference value :  2.61725e-08
 Reference value :  2.61925e-08
 Reference value :  2.62125e-08
 Reference value :  2.62325e-08
 Reference value :  2.62475e-08
 Reference value :  2.62725e-08
 Reference value :  2.62975e-08
 Reference value :  2.63175e-08
 Reference value :  2.63425e-08
 Reference value :  2.63625e-08
 Reference value :  2.63875e-08
 Reference value :  2.64075e-08
 Reference value :  2.64275e-08
 Reference value :  2.64525e-08
 Reference value :  2.64725e-08
 Reference value :  2.64925e-08
 Reference value :  2.65125e-08
 Reference value :  2.65375e-08
 Reference value :  2.65625e-08
 Reference value :  2.65825e-08
 Reference value :  2.65975e-08
 Reference value :  2.66175e-08
 Reference value :  2.66425e-08
 Reference value :  2.66675e-08
 Reference value :  2.67025e-08
 Reference value :  2.67175e-08
 Reference value :  2.67425e-08
 Reference value :  2.67675e-08
 Reference value :  2.67925e-08
 Reference value :  2.68125e-08
 Reference value :  2.68275e-08
 Reference value :  2.68525e-08
 Reference value :  2.68725e-08
 Reference value :  2.68975e-08
 Reference value :  2.69125e-08
 Reference value :  2.69325e-08
 Reference value :  2.69525e-08
 Reference value :  2.69725e-08
 Reference value :  2.69975e-08
 Reference value :  2.70125e-08
 Reference value :  2.70375e-08
 Reference value :  2.70575e-08
 Reference value :  2.70725e-08
 Reference value :  2.70925e-08
 Reference value :  2.71125e-08
 Reference value :  2.71325e-08
 Reference value :  2.71475e-08
 Reference value :  2.71675e-08
 Reference value :  2.71875e-08
 Reference value :  2.72175e-08
 Reference value :  2.72325e-08
 Reference value :  2.72525e-08
 Reference value :  2.72725e-08
 Reference value :  2.72925e-08
 Reference value :  2.73175e-08
 Reference value :  2.73375e-08
 Reference value :  2.73575e-08
 Reference value :  2.73775e-08
 Reference value :  2.74025e-08
 Reference value :  2.74275e-08
 Reference value :  2.74475e-08
 Reference value :  2.74675e-08
 Reference value :  2.74925e-08
 Reference value :  2.75125e-08
 Reference value :  2.75325e-08
 Reference value :  2.75525e-08
 Reference value :  2.75725e-08
 Reference value :  2.75875e-08
 Reference value :  2.76125e-08
 Reference value :  2.76325e-08
 Reference value :  2.76525e-08
 Reference value :  2.76725e-08
 Reference value :  2.76925e-08
 Reference value :  2.77125e-08
 Reference value :  2.77325e-08
 Reference value :  2.77525e-08
 Reference value :  2.77725e-08
 Reference value :  2.77925e-08
 Reference value :  2.78125e-08
 Reference value :  2.78375e-08
 Reference value :  2.78575e-08
 Reference value :  2.78825e-08
 Reference value :  2.79075e-08
 Reference value :  2.79225e-08
 Reference value :  2.79425e-08
 Reference value :  2.79625e-08
 Reference value :  2.79825e-08
 Reference value :  2.80025e-08
 Reference value :  2.80275e-08
 Reference value :  2.80525e-08
 Reference value :  2.80675e-08
 Reference value :  2.80875e-08
 Reference value :  2.81075e-08
 Reference value :  2.81375e-08
 Reference value :  2.81525e-08
 Reference value :  2.81725e-08
 Reference value :  2.81975e-08
 Reference value :  2.82125e-08
 Reference value :  2.82325e-08
 Reference value :  2.82575e-08
 Reference value :  2.82775e-08
 Reference value :  2.83025e-08
 Reference value :  2.83225e-08
 Reference value :  2.83475e-08
 Reference value :  2.83675e-08
 Reference value :  2.83825e-08
 Reference value :  2.84025e-08
 Reference value :  2.84225e-08
 Reference value :  2.84425e-08
 Reference value :  2.84675e-08
 Reference value :  2.84875e-08
 Reference value :  2.85075e-08
 Reference value :  2.85325e-08
 Reference value :  2.85575e-08
 Reference value :  2.85775e-08
 Reference value :  2.85925e-08
 Reference value :  2.86075e-08
 Reference value :  2.86325e-08
 Reference value :  2.86525e-08
 Reference value :  2.86725e-08
 Reference value :  2.86975e-08
 Reference value :  2.87225e-08
 Reference value :  2.87475e-08
 Reference value :  2.87675e-08
 Reference value :  2.87875e-08
 Reference value :  2.88025e-08
 Reference value :  2.88225e-08
 Reference value :  2.88475e-08
 Reference value :  2.88725e-08
 Reference value :  2.88875e-08
 Reference value :  2.89075e-08
 Reference value :  2.89275e-08
 Reference value :  2.89475e-08
 Reference value :  2.89675e-08
 Reference value :  2.89825e-08
 Reference value :  2.90025e-08
 Reference value :  2.90175e-08
 Reference value :  2.90375e-08
 Reference value :  2.90575e-08
 Reference value :  2.90725e-08
 Reference value :  2.90925e-08
 Reference value :  2.91075e-08
 Reference value :  2.91225e-08
 Reference value :  2.91425e-08
 Reference value :  2.91575e-08
 Reference value :  2.91775e-08
 Reference value :  2.91975e-08
 Reference value :  2.92175e-08
 Reference value :  2.92375e-08
 Reference value :  2.92625e-08
 Reference value :  2.92875e-08
 Reference value :  2.93075e-08
 Reference value :  2.93275e-08
 Reference value :  2.93475e-08
 Reference value :  2.93675e-08
 Reference value :  2.93875e-08
 Reference value :  2.94125e-08
 Reference value :  2.94275e-08
 Reference value :  2.94425e-08
 Reference value :  2.94625e-08
 Reference value :  2.94825e-08
 Reference value :  2.95025e-08
 Reference value :  2.95225e-08
 Reference value :  2.95375e-08
 Reference value :  2.95575e-08
 Reference value :  2.95725e-08
 Reference value :  2.95925e-08
 Reference value :  2.96125e-08
 Reference value :  2.96375e-08
 Reference value :  2.96575e-08
 Reference value :  2.96775e-08
 Reference value :  2.97025e-08
 Reference value :  2.97175e-08
 Reference value :  2.97325e-08
 Reference value :  2.97625e-08
 Reference value :  2.97875e-08
 Reference value :  2.98125e-08
 Reference value :  2.98375e-08
 Reference value :  2.98625e-08
 Reference value :  2.98825e-08
 Reference value :  2.99025e-08
 Reference value :  2.99275e-08
 Reference value :  2.99475e-08
 Reference value :  2.99675e-08
 Reference value :  2.99875e-08
 Reference value :  3.00075e-08
 Reference value :  3.00275e-08
 Reference value :  3.00525e-08
 Reference value :  3.00775e-08
 Reference value :  3.00925e-08
 Reference value :  3.01075e-08
 Reference value :  3.01325e-08
 Reference value :  3.01525e-08
 Reference value :  3.01725e-08
 Reference value :  3.01925e-08
 Reference value :  3.02125e-08
 Reference value :  3.02325e-08
 Reference value :  3.02525e-08
 Reference value :  3.02675e-08
 Reference value :  3.02875e-08
 Reference value :  3.03125e-08
 Reference value :  3.03275e-08
 Reference value :  3.03525e-08
 Reference value :  3.03775e-08
 Reference value :  3.03975e-08
 Reference value :  3.04175e-08
 Reference value :  3.04375e-08
 Reference value :  3.04575e-08
 Reference value :  3.04775e-08
 Reference value :  3.04975e-08
 Reference value :  3.05175e-08
 Reference value :  3.05375e-08
 Reference value :  3.05575e-08
 Reference value :  3.05825e-08
 Reference value :  3.05975e-08
 Reference value :  3.06175e-08
 Reference value :  3.06425e-08
 Reference value :  3.06675e-08
 Reference value :  3.06925e-08
 Reference value :  3.07125e-08
 Reference value :  3.07325e-08
 Reference value :  3.07525e-08
 Reference value :  3.07725e-08
 Reference value :  3.07925e-08
 Reference value :  3.08125e-08
 Reference value :  3.08325e-08
 Reference value :  3.08575e-08
 Reference value :  3.08825e-08
 Reference value :  3.09025e-08
 Reference value :  3.09225e-08
 Reference value :  3.09425e-08
 Reference value :  3.09625e-08
 Reference value :  3.09775e-08
 Reference value :  3.10075e-08
 Reference value :  3.10325e-08
 Reference value :  3.10575e-08
 Reference value :  3.10775e-08
 Reference value :  3.10975e-08
 Reference value :  3.11175e-08
 Reference value :  3.11375e-08
 Reference value :  3.11625e-08
 Reference value :  3.11825e-08
 Reference value :  3.12025e-08
 Reference value :  3.12375e-08
 Reference value :  3.12575e-08
 Reference value :  3.12775e-08
 Reference value :  3.13025e-08
 Reference value :  3.13225e-08
 Reference value :  3.13375e-08
 Reference value :  3.13675e-08
 Reference value :  3.13875e-08
 Reference value :  3.14075e-08
 Reference value :  3.14275e-08
 Reference value :  3.14475e-08
 Reference value :  3.14675e-08
 Reference value :  3.14925e-08
 Reference value :  3.15125e-08
 Reference value :  3.15375e-08
 Reference value :  3.15575e-08
 Reference value :  3.15775e-08
 Reference value :  3.15925e-08
 Reference value :  3.16125e-08
 Reference value :  3.16375e-08
 Reference value :  3.16625e-08
 Reference value :  3.16875e-08
 Reference value :  3.17125e-08
 Reference value :  3.17425e-08
 Reference value :  3.17675e-08
 Reference value :  3.17875e-08
 Reference value :  3.18025e-08
 Reference value :  3.18225e-08
 Reference value :  3.18425e-08
 Reference value :  3.18675e-08
 Reference value :  3.18875e-08
 Reference value :  3.19225e-08
 Reference value :  3.19425e-08
 Reference value :  3.19675e-08
 Reference value :  3.19925e-08
 Reference value :  3.20125e-08
 Reference value :  3.20375e-08
 Reference value :  3.20675e-08
 Reference value :  3.20875e-08
 Reference value :  3.21075e-08
 Reference value :  3.21225e-08
 Reference value :  3.21425e-08
 Reference value :  3.21625e-08
 Reference value :  3.21825e-08
 Reference value :  3.22075e-08
 Reference value :  3.22325e-08
 Reference value :  3.22475e-08
 Reference value :  3.22675e-08
 Reference value :  3.22825e-08
 Reference value :  3.22975e-08
 Reference value :  3.23175e-08
 Reference value :  3.23375e-08
 Reference value :  3.23575e-08
 Reference value :  3.23775e-08
 Reference value :  3.23975e-08
 Reference value :  3.24225e-08
 Reference value :  3.24475e-08
 Reference value :  3.24675e-08
 Reference value :  3.24875e-08
 Reference value :  3.25125e-08
 Reference value :  3.25325e-08
 Reference value :  3.25575e-08
 Reference value :  3.25775e-08
 Reference value :  3.25975e-08
 Reference value :  3.26175e-08
 Reference value :  3.26375e-08
 Reference value :  3.26575e-08
 Reference value :  3.26875e-08
 Reference value :  3.27025e-08
 Reference value :  3.27175e-08
 Reference value :  3.27325e-08
 Reference value :  3.27475e-08
 Reference value :  3.27675e-08
 Reference value :  3.27825e-08
 Reference value :  3.28025e-08
 Reference value :  3.28225e-08
 Reference value :  3.28475e-08
 Reference value :  3.28675e-08
 Reference value :  3.28875e-08
 Reference value :  3.29125e-08
 Reference value :  3.29375e-08
 Reference value :  3.29575e-08
 Reference value :  3.29775e-08
 Reference value :  3.29925e-08
 Reference value :  3.30125e-08
 Reference value :  3.30325e-08
 Reference value :  3.30525e-08
 Reference value :  3.30725e-08
 Reference value :  3.30925e-08
 Reference value :  3.31125e-08
 Reference value :  3.31325e-08
 Reference value :  3.31525e-08
 Reference value :  3.31725e-08
 Reference value :  3.31975e-08
 Reference value :  3.32175e-08
 Reference value :  3.32475e-08
 Reference value :  3.32675e-08
 Reference value :  3.32875e-08
 Reference value :  3.33025e-08
 Reference value :  3.33275e-08
 Reference value :  3.33475e-08
 Reference value :  3.33725e-08
 Reference value :  3.33925e-08
 Reference value :  3.34175e-08
 Reference value :  3.34375e-08
 Reference value :  3.34525e-08
 Reference value :  3.34675e-08
 Reference value :  3.34875e-08
 Reference value :  3.35075e-08
 Reference value :  3.35325e-08
 Reference value :  3.35525e-08
 Reference value :  3.35675e-08
 Reference value :  3.35875e-08
 Reference value :  3.36075e-08
 Reference value :  3.36275e-08
 Reference value :  3.36475e-08
 Reference value :  3.36625e-08
 Reference value :  3.36825e-08
 Reference value :  3.37025e-08
 Reference value :  3.37225e-08
 Reference value :  3.37475e-08
 Reference value :  3.37675e-08
 Reference value :  3.37925e-08
 Reference value :  3.38125e-08
 Reference value :  3.38425e-08
 Reference value :  3.38675e-08
 Reference value :  3.38875e-08
 Reference value :  3.39075e-08
 Reference value :  3.39275e-08
 Reference value :  3.39475e-08
 Reference value :  3.39725e-08
 Reference value :  3.39975e-08
 Reference value :  3.40125e-08
 Reference value :  3.40375e-08
 Reference value :  3.40575e-08
 Reference value :  3.40725e-08
 Reference value :  3.40925e-08
 Reference value :  3.41175e-08
 Reference value :  3.41425e-08
 Reference value :  3.41675e-08
 Reference value :  3.41875e-08
 Reference value :  3.42125e-08
 Reference value :  3.42375e-08
 Reference value :  3.42575e-08
 Reference value :  3.42775e-08
 Reference value :  3.42975e-08
 Reference value :  3.43175e-08
 Reference value :  3.43375e-08
 Reference value :  3.43575e-08
 Reference value :  3.43875e-08
 Reference value :  3.44075e-08
 Reference value :  3.44325e-08
 Reference value :  3.44525e-08
 Reference value :  3.44725e-08
 Reference value :  3.44975e-08
 Reference value :  3.45175e-08
 Reference value :  3.45375e-08
 Reference value :  3.45625e-08
 Reference value :  3.45825e-08
 Reference value :  3.46025e-08
 Reference value :  3.46225e-08
 Reference value :  3.46425e-08
 Reference value :  3.46675e-08
 Reference value :  3.46875e-08
 Reference value :  3.47075e-08
 Reference value :  3.47225e-08
 Reference value :  3.47425e-08
 Reference value :  3.47575e-08
 Reference value :  3.47775e-08
 Reference value :  3.47925e-08
 Reference value :  3.48075e-08
 Reference value :  3.48275e-08
 Reference value :  3.48475e-08
 Reference value :  3.48675e-08
 Reference value :  3.48925e-08
 Reference value :  3.49125e-08
 Reference value :  3.49325e-08
 Reference value :  3.49525e-08
 Reference value :  3.49725e-08
 Reference value :  3.49875e-08
 Reference value :  3.50025e-08
 Reference value :  3.50225e-08
 Reference value :  3.50425e-08
 Reference value :  3.50675e-08
 Reference value :  3.50925e-08
 Reference value :  3.51125e-08
 Reference value :  3.51275e-08
 Reference value :  3.51475e-08
 Reference value :  3.51675e-08
 Reference value :  3.51875e-08
 Reference value :  3.52025e-08
 Reference value :  3.52175e-08
 Reference value :  3.52475e-08
 Reference value :  3.52725e-08
 Reference value :  3.52975e-08
 Reference value :  3.53125e-08
 Reference value :  3.53325e-08
 Reference value :  3.53475e-08
 Reference value :  3.53725e-08
 Reference value :  3.53925e-08
 Reference value :  3.54175e-08
 Reference value :  3.54375e-08
 Reference value :  3.54575e-08
 Reference value :  3.54775e-08
 Reference value :  3.54925e-08
 Reference value :  3.55125e-08
 Reference value :  3.55375e-08
 Reference value :  3.55575e-08
 Reference value :  3.55825e-08
 Reference value :  3.55975e-08
 Reference value :  3.56175e-08
 Reference value :  3.56375e-08
 Reference value :  3.56625e-08
 Reference value :  3.56825e-08
 Reference value :  3.57075e-08
 Reference value :  3.57275e-08
 Reference value :  3.57475e-08
 Reference value :  3.57775e-08
 Reference value :  3.57975e-08
 Reference value :  3.58175e-08
 Reference value :  3.58375e-08
 Reference value :  3.58575e-08
 Reference value :  3.58825e-08
 Reference value :  3.59025e-08
 Reference value :  3.59275e-08
 Reference value :  3.59625e-08
 Reference value :  3.59875e-08
 Reference value :  3.60075e-08
 Reference value :  3.60275e-08
 Reference value :  3.60475e-08
 Reference value :  3.60675e-08
 Reference value :  3.60925e-08
 Reference value :  3.61075e-08
 Reference value :  3.61275e-08
 Reference value :  3.61475e-08
 Reference value :  3.61675e-08
 Reference value :  3.61875e-08
 Reference value :  3.62075e-08
 Reference value :  3.62275e-08
 Reference value :  3.62475e-08
 Reference value :  3.62725e-08
 Reference value :  3.62925e-08
 Reference value :  3.63125e-08
 Reference value :  3.63325e-08
 Reference value :  3.63575e-08
 Reference value :  3.63775e-08
 Reference value :  3.63975e-08
 Reference value :  3.64175e-08
 Reference value :  3.64325e-08
 Reference value :  3.64575e-08
 Reference value :  3.64825e-08
 Reference value :  3.65025e-08
 Reference value :  3.65225e-08
 Reference value :  3.65425e-08
 Reference value :  3.65675e-08
 Reference value :  3.65925e-08
 Reference value :  3.66175e-08
 Reference value :  3.66425e-08
 Reference value :  3.66575e-08
 Reference value :  3.66775e-08
 Reference value :  3.66975e-08
 Reference value :  3.67125e-08
 Reference value :  3.67325e-08
 Reference value :  3.67525e-08
 Reference value :  3.67725e-08
 Reference value :  3.67925e-08
 Reference value :  3.68075e-08
 Reference value :  3.68275e-08
 Reference value :  3.68475e-08
 Reference value :  3.68675e-08
 Reference value :  3.68875e-08
 Reference value :  3.69075e-08
 Reference value :  3.69325e-08
 Reference value :  3.69525e-08
 Reference value :  3.69725e-08
 Reference value :  3.69975e-08
 Reference value :  3.70175e-08
 Reference value :  3.70425e-08
 Reference value :  3.70675e-08
 Reference value :  3.70925e-08
 Reference value :  3.71175e-08
 Reference value :  3.71325e-08
 Reference value :  3.71525e-08
 Reference value :  3.71775e-08
 Reference value :  3.71975e-08
 Reference value :  3.72225e-08
 Reference value :  3.72425e-08
 Reference value :  3.72625e-08
 Reference value :  3.72875e-08
 Reference value :  3.73075e-08
 Reference value :  3.73325e-08
 Reference value :  3.73575e-08
 Reference value :  3.73825e-08
 Reference value :  3.74025e-08
 Reference value :  3.74225e-08
 Reference value :  3.74425e-08
 Reference value :  3.74625e-08
 Reference value :  3.74875e-08
 Reference value :  3.75075e-08
 Reference value :  3.75325e-08
 Reference value :  3.75575e-08
 Reference value :  3.75825e-08
 Reference value :  3.76025e-08
 Reference value :  3.76275e-08
 Reference value :  3.76425e-08
 Reference value :  3.76625e-08
 Reference value :  3.76875e-08
 Reference value :  3.77025e-08
 Reference value :  3.77275e-08
 Reference value :  3.77475e-08
 Reference value :  3.77675e-08
 Reference value :  3.77875e-08
 Reference value :  3.78125e-08
 Reference value :  3.78375e-08
 Reference value :  3.78575e-08
 Reference value :  3.78825e-08
 Reference value :  3.79025e-08
 Reference value :  3.79225e-08
 Reference value :  3.79425e-08
 Reference value :  3.79625e-08
 Reference value :  3.79825e-08
 Reference value :  3.80025e-08
 Reference value :  3.80225e-08
 Reference value :  3.80425e-08
 Reference value :  3.80575e-08
 Reference value :  3.80775e-08
 Reference value :  3.81025e-08
 Reference value :  3.81175e-08
 Reference value :  3.81375e-08
 Reference value :  3.81575e-08
 Reference value :  3.81825e-08
 Reference value :  3.82025e-08
 Reference value :  3.82225e-08
 Reference value :  3.82475e-08
 Reference value :  3.82675e-08
 Reference value :  3.82825e-08
 Reference value :  3.83025e-08
 Reference value :  3.83275e-08
 Reference value :  3.83475e-08
 Reference value :  3.83725e-08
 Reference value :  3.83975e-08
 Reference value :  3.84175e-08
 Reference value :  3.84375e-08
 Reference value :  3.84575e-08
 Reference value :  3.84775e-08
 Reference value :  3.84925e-08
 Reference value :  3.85125e-08
 Reference value :  3.85325e-08
 Reference value :  3.85525e-08
 Reference value :  3.85725e-08
 Reference value :  3.85925e-08
 Reference value :  3.86125e-08
 Reference value :  3.86325e-08
 Reference value :  3.86575e-08
 Reference value :  3.86725e-08
 Reference value :  3.86875e-08
 Reference value :  3.87075e-08
 Reference value :  3.87225e-08
 Reference value :  3.87425e-08
 Reference value :  3.87625e-08
 Reference value :  3.87825e-08
 Reference value :  3.88025e-08
 Reference value :  3.88225e-08
 Reference value :  3.88425e-08
 Reference value :  3.88625e-08
 Reference value :  3.88825e-08
 Reference value :  3.89075e-08
 Reference value :  3.89275e-08
 Reference value :  3.89475e-08
 Reference value :  3.89725e-08
 Reference value :  3.89925e-08
 Reference value :  3.90125e-08
 Reference value :  3.90325e-08
 Reference value :  3.90525e-08
 Reference value :  3.90725e-08
 Reference value :  3.90875e-08
 Reference value :  3.91075e-08
 Reference value :  3.91275e-08
 Reference value :  3.91475e-08
 Reference value :  3.91625e-08
 Reference value :  3.91825e-08
 Reference value :  3.92025e-08
 Reference value :  3.92225e-08
 Reference value :  3.92425e-08
 Reference value :  3.92675e-08
 Reference value :  3.92925e-08
 Reference value :  3.93125e-08
 Reference value :  3.93325e-08
 Reference value :  3.93525e-08
 Reference value :  3.93775e-08
 Reference value :  3.93975e-08
 Reference value :  3.94225e-08
 Reference value :  3.94425e-08
 Reference value :  3.94625e-08
 Reference value :  3.94825e-08
 Reference value :  3.95025e-08
 Reference value :  3.95225e-08
 Reference value :  3.95425e-08
 Reference value :  3.95675e-08
 Reference value :  3.95925e-08
 Reference value :  3.96175e-08
 Reference value :  3.96325e-08
 Reference value :  3.96525e-08
 Reference value :  3.96775e-08
 Reference value :  3.96975e-08
 Reference value :  3.97225e-08
 Reference value :  3.97425e-08
 Reference value :  3.97625e-08
 Reference value :  3.97825e-08
 Reference value :  3.98025e-08
 Reference value :  3.98225e-08
 Reference value :  3.98375e-08
 Reference value :  3.98525e-08
 Reference value :  3.98725e-08
 Reference value :  3.98925e-08
 Reference value :  3.99125e-08
 Reference value :  3.99325e-08
 Reference value :  3.99525e-08
 Reference value :  3.99775e-08
 Reference value :  3.99925e-08
 Reference value :  4.00075e-08
 Reference value :  4.00275e-08
 Reference value :  4.00425e-08
 Reference value :  4.00675e-08
 Reference value :  4.00975e-08
 Reference value :  4.01225e-08
 Reference value :  4.01425e-08
 Reference value :  4.01625e-08
 Reference value :  4.01875e-08
 Reference value :  4.02075e-08
 Reference value :  4.02225e-08
 Reference value :  4.02425e-08
 Reference value :  4.02675e-08
 Reference value :  4.02875e-08
 Reference value :  4.03125e-08
 Reference value :  4.03375e-08
 Reference value :  4.03575e-08
 Reference value :  4.03825e-08
 Reference value :  4.04025e-08
 Reference value :  4.04225e-08
 Reference value :  4.04425e-08
 Reference value :  4.04675e-08
 Reference value :  4.04875e-08
 Reference value :  4.05075e-08
 Reference value :  4.05225e-08
 Reference value :  4.05375e-08
 Reference value :  4.05575e-08
 Reference value :  4.05775e-08
 Reference value :  4.05975e-08
 Reference value :  4.06175e-08
 Reference value :  4.06325e-08
 Reference value :  4.06525e-08
 Reference value :  4.06675e-08
 Reference value :  4.06825e-08
 Reference value :  4.07025e-08
 Reference value :  4.07175e-08
 Reference value :  4.07425e-08
 Reference value :  4.07625e-08
 Reference value :  4.07825e-08
 Reference value :  4.08025e-08
 Reference value :  4.08275e-08
 Reference value :  4.08475e-08
 Reference value :  4.08725e-08
 Reference value :  4.08975e-08
 Reference value :  4.09225e-08
 Reference value :  4.09475e-08
 Reference value :  4.09675e-08
 Reference value :  4.09925e-08
 Reference value :  4.10175e-08
 Reference value :  4.10375e-08
 Reference value :  4.10575e-08
 Reference value :  4.10775e-08
 Reference value :  4.10975e-08
 Reference value :  4.11175e-08
 Reference value :  4.11425e-08
 Reference value :  4.11625e-08
 Reference value :  4.11875e-08
 Reference value :  4.12075e-08
 Reference value :  4.12275e-08
 Reference value :  4.12475e-08
 Reference value :  4.12625e-08
 Reference value :  4.12825e-08
 Reference value :  4.13025e-08
 Reference value :  4.13225e-08
 Reference value :  4.13375e-08
 Reference value :  4.13575e-08
 Reference value :  4.13775e-08
 Reference value :  4.13975e-08
 Reference value :  4.14225e-08
 Reference value :  4.14425e-08
 Reference value :  4.14625e-08
 Reference value :  4.14825e-08
 Reference value :  4.15025e-08
 Reference value :  4.15225e-08
 Reference value :  4.15475e-08
 Reference value :  4.15675e-08
 Reference value :  4.15875e-08
 Reference value :  4.16075e-08
 Reference value :  4.16275e-08
 Reference value :  4.16475e-08
 Reference value :  4.16675e-08
 Reference value :  4.16875e-08
 Reference value :  4.17075e-08
 Reference value :  4.17275e-08
 Reference value :  4.17525e-08
 Reference value :  4.17725e-08
 Reference value :  4.17925e-08
 Reference value :  4.18125e-08
 Reference value :  4.18325e-08
 Reference value :  4.18475e-08
 Reference value :  4.18675e-08
 Reference value :  4.18875e-08
 Reference value :  4.19075e-08
 Reference value :  4.19325e-08
 Reference value :  4.19525e-08
 Reference value :  4.19725e-08
 Reference value :  4.19925e-08
 Reference value :  4.20125e-08
 Reference value :  4.20325e-08
 Reference value :  4.20525e-08
 Reference value :  4.20725e-08
 Reference value :  4.20925e-08
 Reference value :  4.21125e-08
 Reference value :  4.21325e-08
 Reference value :  4.21525e-08
 Reference value :  4.21725e-08
 Reference value :  4.21925e-08
 Reference value :  4.22125e-08
 Reference value :  4.22325e-08
 Reference value :  4.22525e-08
 Reference value :  4.22725e-08
 Reference value :  4.22925e-08
 Reference value :  4.23125e-08
 Reference value :  4.23375e-08
 Reference value :  4.23575e-08
 Reference value :  4.23775e-08
 Reference value :  4.23975e-08
 Reference value :  4.24175e-08
 Reference value :  4.24375e-08
 Reference value :  4.24525e-08
 Reference value :  4.24725e-08
 Reference value :  4.24925e-08
 Reference value :  4.25125e-08
 Reference value :  4.25325e-08
 Reference value :  4.25475e-08
 Reference value :  4.25675e-08
 Reference value :  4.25875e-08
 Reference value :  4.26075e-08
 Reference value :  4.26325e-08
 Reference value :  4.26525e-08
 Reference value :  4.26725e-08
 Reference value :  4.26925e-08
 Reference value :  4.27175e-08
 Reference value :  4.27425e-08
 Reference value :  4.27625e-08
 Reference value :  4.27825e-08
 Reference value :  4.28025e-08
 Reference value :  4.28225e-08
 Reference value :  4.28425e-08
 Reference value :  4.28675e-08
 Reference value :  4.28875e-08
 Reference value :  4.29075e-08
 Reference value :  4.29275e-08
 Reference value :  4.29475e-08
 Reference value :  4.29725e-08
 Reference value :  4.29875e-08
 Reference value :  4.30075e-08
 Reference value :  4.30275e-08
 Reference value :  4.30475e-08
 Reference value :  4.30675e-08
 Reference value :  4.30875e-08
 Reference value :  4.31075e-08
 Reference value :  4.31275e-08
 Reference value :  4.31475e-08
 Reference value :  4.31625e-08
 Reference value :  4.31875e-08
 Reference value :  4.32075e-08
 Reference value :  4.32275e-08
 Reference value :  4.32475e-08
 Reference value :  4.32675e-08
 Reference value :  4.32875e-08
 Reference value :  4.33075e-08
 Reference value :  4.33225e-08
 Reference value :  4.33425e-08
 Reference value :  4.33575e-08
 Reference value :  4.33775e-08
 Reference value :  4.33975e-08
 Reference value :  4.34175e-08
 Reference value :  4.34375e-08
 Reference value :  4.34575e-08
 Reference value :  4.34775e-08
 Reference value :  4.34975e-08
 Reference value :  4.35175e-08
 Reference value :  4.35375e-08
 Reference value :  4.35575e-08
 Reference value :  4.35775e-08
 Reference value :  4.35975e-08
 Reference value :  4.36175e-08
 Reference value :  4.36375e-08
 Reference value :  4.36575e-08
 Reference value :  4.36775e-08
 Reference value :  4.36975e-08
 Reference value :  4.37175e-08
 Reference value :  4.37375e-08
 Reference value :  4.37575e-08
 Reference value :  4.37775e-08
 Reference value :  4.37975e-08
 Reference value :  4.38225e-08
 Reference value :  4.38425e-08
 Reference value :  4.38575e-08
 Reference value :  4.38775e-08
 Reference value :  4.38975e-08
 Reference value :  4.39175e-08
 Reference value :  4.39375e-08
 Reference value :  4.39575e-08
 Reference value :  4.39775e-08
 Reference value :  4.39975e-08
 Reference value :  4.40175e-08
 Reference value :  4.40375e-08
 Reference value :  4.40625e-08
 Reference value :  4.40775e-08
 Reference value :  4.40975e-08
 Reference value :  4.41175e-08
 Reference value :  4.41375e-08
 Reference value :  4.41575e-08
 Reference value :  4.41775e-08
 Reference value :  4.41975e-08
 Reference value :  4.42175e-08
 Reference value :  4.42375e-08
 Reference value :  4.42575e-08
 Reference value :  4.42775e-08
 Reference value :  4.42975e-08
 Reference value :  4.43175e-08
 Reference value :  4.43375e-08
 Reference value :  4.43575e-08
 Reference value :  4.43775e-08
 Reference value :  4.43975e-08
 Reference value :  4.44175e-08
 Reference value :  4.44375e-08
 Reference value :  4.44625e-08
 Reference value :  4.44825e-08
 Reference value :  4.45025e-08
 Reference value :  4.45225e-08
 Reference value :  4.45425e-08
 Reference value :  4.45625e-08
 Reference value :  4.45825e-08
 Reference value :  4.46025e-08
 Reference value :  4.46225e-08
 Reference value :  4.46375e-08
 Reference value :  4.46575e-08
 Reference value :  4.46775e-08
 Reference value :  4.47025e-08
 Reference value :  4.47225e-08
 Reference value :  4.47475e-08
 Reference value :  4.47675e-08
 Reference value :  4.47875e-08
 Reference value :  4.48075e-08
 Reference value :  4.48275e-08
 Reference value :  4.48475e-08
 Reference value :  4.48675e-08
 Reference value :  4.48875e-08
 Reference value :  4.49125e-08
 Reference value :  4.49325e-08
 Reference value :  4.49525e-08
 Reference value :  4.49725e-08
 Reference value :  4.49925e-08
 Reference value :  4.50125e-08
 Reference value :  4.50375e-08
 Reference value :  4.50575e-08
 Reference value :  4.50775e-08
 Reference value :  4.50962e-08
No. of Data Rows : 9034
Note: Simulation executed from .control section 
