
Note: Compatibility modes selected: hs a


Circuit: * comparator-decision regen-time sweep -- vindiff=1mv corner=sf temp=125.0c (issue #9)

option SCALE: Scale is set to 1e-06 for instance and model parameters
option SCALE: Scale is set to 1e-06 for instance and model parameters
option SCALE: Scale is set to 1e-06 for instance and model parameters
option SCALE: Scale is set to 1e-06 for instance and model parameters
Doing analysis at TEMP = 125.000000 and TNOM = 27.000000

Using KLU as Direct Linear Solver
 Reference value :  0.00000e+00
 Reference value :  8.00000e-13
 Reference value :  1.14000e-11
 Reference value :  3.14000e-11
 Reference value :  4.64000e-11
 Reference value :  6.14000e-11
 Reference value :  8.14000e-11
 Reference value :  9.64000e-11
 Reference value :  1.16400e-10
 Reference value :  1.36400e-10
 Reference value :  1.56400e-10
 Reference value :  1.76400e-10
 Reference value :  1.96400e-10
 Reference value :  2.16400e-10
 Reference value :  2.36400e-10
 Reference value :  2.56400e-10
 Reference value :  2.76400e-10
 Reference value :  2.91400e-10
 Reference value :  3.06400e-10
 Reference value :  3.26400e-10
 Reference value :  3.46400e-10
 Reference value :  3.71400e-10
 Reference value :  3.91400e-10
 Reference value :  4.11400e-10
 Reference value :  4.31400e-10
 Reference value :  4.56400e-10
 Reference value :  4.81400e-10
 Reference value :  5.01400e-10
 Reference value :  5.21400e-10
 Reference value :  5.41400e-10
 Reference value :  5.61400e-10
 Reference value :  5.76400e-10
 Reference value :  6.01400e-10
 Reference value :  6.21400e-10
 Reference value :  6.41400e-10
 Reference value :  6.56400e-10
 Reference value :  6.86400e-10
 Reference value :  7.06400e-10
 Reference value :  7.21400e-10
 Reference value :  7.41400e-10
 Reference value :  7.61400e-10
 Reference value :  7.86400e-10
 Reference value :  8.06400e-10
 Reference value :  8.21400e-10
 Reference value :  8.41400e-10
 Reference value :  8.61400e-10
 Reference value :  8.86400e-10
 Reference value :  9.06400e-10
 Reference value :  9.26400e-10
 Reference value :  9.46400e-10
 Reference value :  9.76400e-10
 Reference value :  1.00140e-09
 Reference value :  1.01640e-09
 Reference value :  1.03140e-09
 Reference value :  1.05140e-09
 Reference value :  1.07140e-09
 Reference value :  1.09640e-09
 Reference value :  1.12140e-09
 Reference value :  1.13640e-09
 Reference value :  1.15140e-09
 Reference value :  1.17640e-09
 Reference value :  1.19640e-09
 Reference value :  1.21640e-09
 Reference value :  1.23140e-09
 Reference value :  1.25640e-09
 Reference value :  1.27640e-09
 Reference value :  1.29640e-09
 Reference value :  1.31640e-09
 Reference value :  1.33640e-09
 Reference value :  1.35640e-09
 Reference value :  1.37640e-09
 Reference value :  1.39640e-09
 Reference value :  1.41640e-09
 Reference value :  1.43640e-09
 Reference value :  1.46140e-09
 Reference value :  1.48140e-09
 Reference value :  1.50140e-09
 Reference value :  1.52140e-09
 Reference value :  1.54140e-09
 Reference value :  1.56140e-09
 Reference value :  1.58140e-09
 Reference value :  1.60640e-09
 Reference value :  1.63140e-09
 Reference value :  1.65140e-09
 Reference value :  1.68140e-09
 Reference value :  1.70640e-09
 Reference value :  1.72140e-09
 Reference value :  1.73640e-09
 Reference value :  1.75140e-09
 Reference value :  1.77640e-09
 Reference value :  1.80140e-09
 Reference value :  1.82140e-09
 Reference value :  1.84140e-09
 Reference value :  1.86140e-09
 Reference value :  1.88640e-09
 Reference value :  1.90640e-09
 Reference value :  1.92640e-09
 Reference value :  1.94640e-09
 Reference value :  1.96140e-09
 Reference value :  1.98140e-09
 Reference value :  1.99640e-09
 Reference value :  2.02140e-09
 Reference value :  2.04140e-09
 Reference value :  2.06140e-09
 Reference value :  2.08140e-09
 Reference value :  2.10140e-09
 Reference value :  2.11640e-09
 Reference value :  2.14140e-09
 Reference value :  2.16140e-09
 Reference value :  2.18640e-09
 Reference value :  2.20640e-09
 Reference value :  2.22640e-09
 Reference value :  2.25140e-09
 Reference value :  2.27140e-09
 Reference value :  2.29140e-09
 Reference value :  2.30640e-09
 Reference value :  2.32140e-09
 Reference value :  2.34140e-09
 Reference value :  2.36140e-09
 Reference value :  2.38140e-09
 Reference value :  2.40140e-09
 Reference value :  2.42140e-09
 Reference value :  2.44640e-09
 Reference value :  2.46640e-09
 Reference value :  2.48640e-09
 Reference value :  2.50140e-09
 Reference value :  2.52140e-09
 Reference value :  2.54140e-09
 Reference value :  2.56140e-09
 Reference value :  2.58640e-09
 Reference value :  2.60640e-09
 Reference value :  2.63140e-09
 Reference value :  2.65140e-09
 Reference value :  2.67640e-09
 Reference value :  2.69140e-09
 Reference value :  2.71140e-09
 Reference value :  2.72640e-09
 Reference value :  2.74640e-09
 Reference value :  2.76640e-09
 Reference value :  2.78640e-09
 Reference value :  2.80640e-09
 Reference value :  2.83140e-09
 Reference value :  2.85640e-09
 Reference value :  2.87640e-09
 Reference value :  2.90140e-09
 Reference value :  2.92140e-09
 Reference value :  2.93640e-09
 Reference value :  2.95640e-09
 Reference value :  2.97140e-09
 Reference value :  2.99140e-09
 Reference value :  3.01140e-09
 Reference value :  3.03640e-09
 Reference value :  3.05640e-09
 Reference value :  3.07640e-09
 Reference value :  3.09640e-09
 Reference value :  3.11640e-09
 Reference value :  3.14140e-09
 Reference value :  3.16140e-09
 Reference value :  3.18140e-09
 Reference value :  3.20140e-09
 Reference value :  3.23140e-09
 Reference value :  3.25140e-09
 Reference value :  3.26640e-09
 Reference value :  3.29140e-09
 Reference value :  3.31140e-09
 Reference value :  3.33640e-09
 Reference value :  3.36640e-09
 Reference value :  3.39140e-09
 Reference value :  3.41140e-09
 Reference value :  3.43140e-09
 Reference value :  3.45140e-09
 Reference value :  3.47140e-09
 Reference value :  3.48640e-09
 Reference value :  3.50640e-09
 Reference value :  3.52640e-09
 Reference value :  3.54640e-09
 Reference value :  3.56140e-09
 Reference value :  3.57640e-09
 Reference value :  3.59640e-09
 Reference value :  3.61640e-09
 Reference value :  3.63640e-09
 Reference value :  3.65640e-09
 Reference value :  3.67640e-09
 Reference value :  3.69640e-09
 Reference value :  3.71640e-09
 Reference value :  3.73640e-09
 Reference value :  3.75640e-09
 Reference value :  3.77640e-09
 Reference value :  3.80140e-09
 Reference value :  3.82640e-09
 Reference value :  3.84640e-09
 Reference value :  3.87140e-09
 Reference value :  3.89140e-09
 Reference value :  3.90640e-09
 Reference value :  3.92640e-09
 Reference value :  3.94140e-09
 Reference value :  3.96640e-09
 Reference value :  3.98140e-09
 Reference value :  4.00140e-09
 Reference value :  4.02140e-09
 Reference value :  4.04140e-09
 Reference value :  4.06640e-09
 Reference value :  4.08640e-09
 Reference value :  4.10640e-09
 Reference value :  4.13640e-09
 Reference value :  4.15640e-09
 Reference value :  4.18640e-09
 Reference value :  4.20640e-09
 Reference value :  4.23640e-09
 Reference value :  4.25640e-09
 Reference value :  4.27640e-09
 Reference value :  4.30140e-09
 Reference value :  4.32140e-09
 Reference value :  4.34140e-09
 Reference value :  4.36140e-09
 Reference value :  4.38640e-09
 Reference value :  4.40640e-09
 Reference value :  4.43140e-09
 Reference value :  4.45140e-09
 Reference value :  4.47140e-09
 Reference value :  4.49140e-09
 Reference value :  4.51140e-09
 Reference value :  4.53140e-09
 Reference value :  4.55140e-09
 Reference value :  4.57140e-09
 Reference value :  4.59640e-09
 Reference value :  4.61640e-09
 Reference value :  4.63640e-09
 Reference value :  4.65640e-09
 Reference value :  4.67640e-09
 Reference value :  4.69640e-09
 Reference value :  4.72140e-09
 Reference value :  4.74140e-09
 Reference value :  4.76640e-09
 Reference value :  4.78640e-09
 Reference value :  4.80640e-09
 Reference value :  4.82140e-09
 Reference value :  4.84140e-09
 Reference value :  4.85640e-09
 Reference value :  4.87140e-09
 Reference value :  4.88640e-09
 Reference value :  4.91140e-09
 Reference value :  4.93640e-09
 Reference value :  4.96140e-09
 Reference value :  4.98140e-09
 Reference value :  4.99570e-09
 Reference value :  5.00150e-09
 Reference value :  5.01750e-09
 Reference value :  5.03750e-09
 Reference value :  5.05750e-09
 Reference value :  5.07750e-09
 Reference value :  5.10000e-09
 Reference value :  5.10750e-09
 Reference value :  5.13250e-09
 Reference value :  5.15250e-09
 Reference value :  5.17250e-09
 Reference value :  5.18750e-09
 Reference value :  5.20750e-09
 Reference value :  5.22750e-09
 Reference value :  5.24750e-09
 Reference value :  5.26750e-09
 Reference value :  5.28750e-09
 Reference value :  5.30750e-09
 Reference value :  5.33250e-09
 Reference value :  5.35750e-09
 Reference value :  5.37750e-09
 Reference value :  5.39750e-09
 Reference value :  5.41250e-09
 Reference value :  5.43750e-09
 Reference value :  5.45750e-09
 Reference value :  5.47750e-09
 Reference value :  5.49750e-09
 Reference value :  5.51250e-09
 Reference value :  5.52750e-09
 Reference value :  5.54750e-09
 Reference value :  5.56750e-09
 Reference value :  5.58750e-09
 Reference value :  5.60750e-09
 Reference value :  5.62750e-09
 Reference value :  5.65250e-09
 Reference value :  5.67250e-09
 Reference value :  5.68750e-09
 Reference value :  5.70750e-09
 Reference value :  5.72750e-09
 Reference value :  5.75250e-09
 Reference value :  5.77250e-09
 Reference value :  5.79250e-09
 Reference value :  5.81250e-09
 Reference value :  5.83250e-09
 Reference value :  5.85250e-09
 Reference value :  5.87250e-09
 Reference value :  5.88750e-09
 Reference value :  5.91250e-09
 Reference value :  5.93250e-09
 Reference value :  5.95250e-09
 Reference value :  5.96750e-09
 Reference value :  5.98750e-09
 Reference value :  6.00750e-09
 Reference value :  6.03250e-09
 Reference value :  6.05250e-09
 Reference value :  6.07250e-09
 Reference value :  6.09250e-09
 Reference value :  6.11750e-09
 Reference value :  6.13750e-09
 Reference value :  6.15750e-09
 Reference value :  6.17750e-09
 Reference value :  6.19750e-09
 Reference value :  6.22250e-09
 Reference value :  6.24250e-09
 Reference value :  6.26250e-09
 Reference value :  6.28250e-09
 Reference value :  6.30250e-09
 Reference value :  6.32250e-09
 Reference value :  6.33750e-09
 Reference value :  6.35750e-09
 Reference value :  6.37750e-09
 Reference value :  6.39750e-09
 Reference value :  6.41750e-09
 Reference value :  6.44250e-09
 Reference value :  6.46750e-09
 Reference value :  6.48750e-09
 Reference value :  6.50250e-09
 Reference value :  6.51750e-09
 Reference value :  6.53750e-09
 Reference value :  6.55250e-09
 Reference value :  6.58250e-09
 Reference value :  6.60750e-09
 Reference value :  6.62750e-09
 Reference value :  6.64750e-09
 Reference value :  6.66750e-09
 Reference value :  6.68750e-09
 Reference value :  6.70750e-09
 Reference value :  6.72250e-09
 Reference value :  6.73750e-09
 Reference value :  6.75750e-09
 Reference value :  6.77750e-09
 Reference value :  6.79750e-09
 Reference value :  6.81250e-09
 Reference value :  6.82750e-09
 Reference value :  6.84250e-09
 Reference value :  6.86250e-09
 Reference value :  6.88250e-09
 Reference value :  6.90250e-09
 Reference value :  6.92250e-09
 Reference value :  6.94750e-09
 Reference value :  6.97250e-09
 Reference value :  6.98750e-09
 Reference value :  7.00750e-09
 Reference value :  7.03250e-09
 Reference value :  7.04750e-09
 Reference value :  7.07250e-09
 Reference value :  7.09250e-09
 Reference value :  7.11250e-09
 Reference value :  7.14750e-09
 Reference value :  7.16750e-09
 Reference value :  7.18250e-09
 Reference value :  7.20250e-09
 Reference value :  7.22250e-09
 Reference value :  7.24250e-09
 Reference value :  7.26250e-09
 Reference value :  7.28250e-09
 Reference value :  7.30250e-09
 Reference value :  7.32250e-09
 Reference value :  7.34250e-09
 Reference value :  7.36250e-09
 Reference value :  7.38750e-09
 Reference value :  7.40250e-09
 Reference value :  7.42250e-09
 Reference value :  7.44750e-09
 Reference value :  7.46750e-09
 Reference value :  7.48750e-09
 Reference value :  7.50750e-09
 Reference value :  7.52750e-09
 Reference value :  7.54750e-09
 Reference value :  7.56250e-09
 Reference value :  7.58250e-09
 Reference value :  7.60250e-09
 Reference value :  7.62250e-09
 Reference value :  7.64250e-09
 Reference value :  7.65750e-09
 Reference value :  7.67750e-09
 Reference value :  7.69750e-09
 Reference value :  7.71250e-09
 Reference value :  7.73750e-09
 Reference value :  7.75250e-09
 Reference value :  7.77750e-09
 Reference value :  7.79750e-09
 Reference value :  7.81250e-09
 Reference value :  7.82750e-09
 Reference value :  7.84750e-09
 Reference value :  7.86750e-09
 Reference value :  7.88750e-09
 Reference value :  7.90750e-09
 Reference value :  7.92750e-09
 Reference value :  7.94750e-09
 Reference value :  7.96750e-09
 Reference value :  7.98750e-09
 Reference value :  8.00750e-09
 Reference value :  8.02750e-09
 Reference value :  8.04750e-09
 Reference value :  8.06250e-09
 Reference value :  8.08250e-09
 Reference value :  8.09750e-09
 Reference value :  8.12250e-09
 Reference value :  8.14250e-09
 Reference value :  8.16250e-09
 Reference value :  8.18250e-09
 Reference value :  8.20250e-09
 Reference value :  8.22250e-09
 Reference value :  8.24250e-09
 Reference value :  8.26250e-09
 Reference value :  8.28250e-09
 Reference value :  8.30750e-09
 Reference value :  8.32750e-09
 Reference value :  8.34750e-09
 Reference value :  8.38250e-09
 Reference value :  8.40250e-09
 Reference value :  8.42250e-09
 Reference value :  8.44750e-09
 Reference value :  8.47750e-09
 Reference value :  8.49750e-09
 Reference value :  8.51750e-09
 Reference value :  8.53750e-09
 Reference value :  8.56250e-09
 Reference value :  8.58250e-09
 Reference value :  8.59750e-09
 Reference value :  8.61750e-09
 Reference value :  8.63250e-09
 Reference value :  8.65750e-09
 Reference value :  8.67750e-09
 Reference value :  8.69750e-09
 Reference value :  8.71750e-09
 Reference value :  8.74250e-09
 Reference value :  8.76750e-09
 Reference value :  8.78250e-09
 Reference value :  8.79750e-09
 Reference value :  8.82250e-09
 Reference value :  8.84250e-09
 Reference value :  8.85750e-09
 Reference value :  8.88250e-09
 Reference value :  8.90250e-09
 Reference value :  8.92250e-09
 Reference value :  8.94750e-09
 Reference value :  8.96750e-09
 Reference value :  8.98750e-09
 Reference value :  9.00750e-09
 Reference value :  9.02750e-09
 Reference value :  9.04750e-09
 Reference value :  9.06750e-09
 Reference value :  9.08750e-09
 Reference value :  9.10750e-09
 Reference value :  9.12750e-09
 Reference value :  9.15250e-09
 Reference value :  9.17750e-09
 Reference value :  9.19750e-09
 Reference value :  9.21750e-09
 Reference value :  9.23750e-09
 Reference value :  9.25750e-09
 Reference value :  9.27750e-09
 Reference value :  9.29750e-09
 Reference value :  9.32250e-09
 Reference value :  9.34250e-09
 Reference value :  9.36250e-09
 Reference value :  9.38250e-09
 Reference value :  9.40250e-09
 Reference value :  9.42250e-09
 Reference value :  9.44250e-09
 Reference value :  9.46250e-09
 Reference value :  9.48250e-09
 Reference value :  9.49750e-09
 Reference value :  9.51250e-09
 Reference value :  9.53250e-09
 Reference value :  9.55250e-09
 Reference value :  9.57250e-09
 Reference value :  9.59250e-09
 Reference value :  9.60750e-09
 Reference value :  9.62750e-09
 Reference value :  9.64750e-09
 Reference value :  9.66750e-09
 Reference value :  9.69250e-09
 Reference value :  9.71250e-09
 Reference value :  9.72750e-09
 Reference value :  9.75250e-09
 Reference value :  9.77250e-09
 Reference value :  9.78750e-09
 Reference value :  9.80250e-09
 Reference value :  9.82750e-09
 Reference value :  9.84750e-09
 Reference value :  9.87250e-09
 Reference value :  9.89750e-09
 Reference value :  9.91750e-09
 Reference value :  9.94250e-09
 Reference value :  9.96250e-09
 Reference value :  9.98250e-09
 Reference value :  9.99750e-09
 Reference value :  1.00125e-08
 Reference value :  1.00275e-08
 Reference value :  1.00475e-08
 Reference value :  1.00675e-08
 Reference value :  1.00825e-08
 Reference value :  1.01075e-08
 Reference value :  1.01275e-08
 Reference value :  1.01475e-08
 Reference value :  1.01675e-08
 Reference value :  1.01925e-08
 Reference value :  1.02175e-08
 Reference value :  1.02375e-08
 Reference value :  1.02525e-08
 Reference value :  1.02725e-08
 Reference value :  1.02925e-08
 Reference value :  1.03175e-08
 Reference value :  1.03375e-08
 Reference value :  1.03525e-08
 Reference value :  1.03725e-08
 Reference value :  1.03925e-08
 Reference value :  1.04125e-08
 Reference value :  1.04375e-08
 Reference value :  1.04525e-08
 Reference value :  1.04725e-08
 Reference value :  1.04875e-08
 Reference value :  1.05075e-08
 Reference value :  1.05275e-08
 Reference value :  1.05525e-08
 Reference value :  1.05775e-08
 Reference value :  1.05975e-08
 Reference value :  1.06125e-08
 Reference value :  1.06325e-08
 Reference value :  1.06475e-08
 Reference value :  1.06675e-08
 Reference value :  1.06875e-08
 Reference value :  1.07125e-08
 Reference value :  1.07325e-08
 Reference value :  1.07575e-08
 Reference value :  1.07825e-08
 Reference value :  1.08025e-08
 Reference value :  1.08275e-08
 Reference value :  1.08475e-08
 Reference value :  1.08675e-08
 Reference value :  1.08875e-08
 Reference value :  1.09075e-08
 Reference value :  1.09275e-08
 Reference value :  1.09475e-08
 Reference value :  1.09675e-08
 Reference value :  1.09875e-08
 Reference value :  1.10025e-08
 Reference value :  1.10225e-08
 Reference value :  1.10475e-08
 Reference value :  1.10675e-08
 Reference value :  1.10875e-08
 Reference value :  1.11075e-08
 Reference value :  1.11325e-08
 Reference value :  1.11525e-08
 Reference value :  1.11775e-08
 Reference value :  1.11975e-08
 Reference value :  1.12175e-08
 Reference value :  1.12375e-08
 Reference value :  1.12575e-08
 Reference value :  1.12775e-08
 Reference value :  1.12975e-08
 Reference value :  1.13175e-08
 Reference value :  1.13375e-08
 Reference value :  1.13575e-08
 Reference value :  1.13775e-08
 Reference value :  1.13975e-08
 Reference value :  1.14175e-08
 Reference value :  1.14375e-08
 Reference value :  1.14575e-08
 Reference value :  1.14775e-08
 Reference value :  1.14975e-08
 Reference value :  1.15225e-08
 Reference value :  1.15475e-08
 Reference value :  1.15625e-08
 Reference value :  1.15825e-08
 Reference value :  1.16075e-08
 Reference value :  1.16275e-08
 Reference value :  1.16475e-08
 Reference value :  1.16625e-08
 Reference value :  1.16875e-08
 Reference value :  1.17075e-08
 Reference value :  1.17275e-08
 Reference value :  1.17475e-08
 Reference value :  1.17675e-08
 Reference value :  1.17875e-08
 Reference value :  1.18075e-08
 Reference value :  1.18275e-08
 Reference value :  1.18525e-08
 Reference value :  1.18725e-08
 Reference value :  1.18925e-08
 Reference value :  1.19175e-08
 Reference value :  1.19375e-08
 Reference value :  1.19525e-08
 Reference value :  1.19725e-08
 Reference value :  1.19975e-08
 Reference value :  1.20125e-08
 Reference value :  1.20325e-08
 Reference value :  1.20525e-08
 Reference value :  1.20675e-08
 Reference value :  1.20825e-08
 Reference value :  1.21075e-08
 Reference value :  1.21275e-08
 Reference value :  1.21425e-08
 Reference value :  1.21625e-08
 Reference value :  1.21825e-08
 Reference value :  1.22075e-08
 Reference value :  1.22325e-08
 Reference value :  1.22525e-08
 Reference value :  1.22725e-08
 Reference value :  1.22925e-08
 Reference value :  1.23125e-08
 Reference value :  1.23325e-08
 Reference value :  1.23575e-08
 Reference value :  1.23825e-08
 Reference value :  1.24025e-08
 Reference value :  1.24225e-08
 Reference value :  1.24425e-08
 Reference value :  1.24625e-08
 Reference value :  1.24825e-08
 Reference value :  1.25025e-08
 Reference value :  1.25175e-08
 Reference value :  1.25375e-08
 Reference value :  1.25575e-08
 Reference value :  1.25725e-08
 Reference value :  1.25975e-08
 Reference value :  1.26175e-08
 Reference value :  1.26375e-08
 Reference value :  1.26675e-08
 Reference value :  1.26875e-08
 Reference value :  1.27125e-08
 Reference value :  1.27325e-08
 Reference value :  1.27525e-08
 Reference value :  1.27775e-08
 Reference value :  1.28025e-08
 Reference value :  1.28225e-08
 Reference value :  1.28425e-08
 Reference value :  1.28575e-08
 Reference value :  1.28825e-08
 Reference value :  1.29025e-08
 Reference value :  1.29275e-08
 Reference value :  1.29525e-08
 Reference value :  1.29725e-08
 Reference value :  1.29925e-08
 Reference value :  1.30125e-08
 Reference value :  1.30325e-08
 Reference value :  1.30475e-08
 Reference value :  1.30675e-08
 Reference value :  1.30925e-08
 Reference value :  1.31175e-08
 Reference value :  1.31425e-08
 Reference value :  1.31575e-08
 Reference value :  1.31775e-08
 Reference value :  1.32025e-08
 Reference value :  1.32275e-08
 Reference value :  1.32475e-08
 Reference value :  1.32675e-08
 Reference value :  1.32875e-08
 Reference value :  1.33075e-08
 Reference value :  1.33275e-08
 Reference value :  1.33525e-08
 Reference value :  1.33725e-08
 Reference value :  1.33875e-08
 Reference value :  1.34125e-08
 Reference value :  1.34325e-08
 Reference value :  1.34475e-08
 Reference value :  1.34675e-08
 Reference value :  1.34875e-08
 Reference value :  1.35075e-08
 Reference value :  1.35225e-08
 Reference value :  1.35425e-08
 Reference value :  1.35625e-08
 Reference value :  1.35825e-08
 Reference value :  1.36075e-08
 Reference value :  1.36225e-08
 Reference value :  1.36375e-08
 Reference value :  1.36575e-08
 Reference value :  1.36775e-08
 Reference value :  1.36925e-08
 Reference value :  1.37175e-08
 Reference value :  1.37425e-08
 Reference value :  1.37675e-08
 Reference value :  1.37875e-08
 Reference value :  1.38125e-08
 Reference value :  1.38325e-08
 Reference value :  1.38525e-08
 Reference value :  1.38725e-08
 Reference value :  1.38925e-08
 Reference value :  1.39125e-08
 Reference value :  1.39325e-08
 Reference value :  1.39525e-08
 Reference value :  1.39675e-08
 Reference value :  1.39825e-08
 Reference value :  1.40025e-08
 Reference value :  1.40225e-08
 Reference value :  1.40475e-08
 Reference value :  1.40675e-08
 Reference value :  1.40875e-08
 Reference value :  1.41125e-08
 Reference value :  1.41325e-08
 Reference value :  1.41525e-08
 Reference value :  1.41725e-08
 Reference value :  1.41975e-08
 Reference value :  1.42175e-08
 Reference value :  1.42375e-08
 Reference value :  1.42575e-08
 Reference value :  1.42775e-08
 Reference value :  1.43025e-08
 Reference value :  1.43275e-08
 Reference value :  1.43475e-08
 Reference value :  1.43675e-08
 Reference value :  1.43875e-08
 Reference value :  1.44025e-08
 Reference value :  1.44225e-08
 Reference value :  1.44475e-08
 Reference value :  1.44675e-08
 Reference value :  1.44825e-08
 Reference value :  1.45025e-08
 Reference value :  1.45225e-08
 Reference value :  1.45475e-08
 Reference value :  1.45725e-08
 Reference value :  1.45925e-08
 Reference value :  1.46125e-08
 Reference value :  1.46325e-08
 Reference value :  1.46575e-08
 Reference value :  1.46875e-08
 Reference value :  1.47025e-08
 Reference value :  1.47225e-08
 Reference value :  1.47425e-08
 Reference value :  1.47675e-08
 Reference value :  1.47875e-08
 Reference value :  1.48075e-08
 Reference value :  1.48225e-08
 Reference value :  1.48425e-08
 Reference value :  1.48625e-08
 Reference value :  1.48875e-08
 Reference value :  1.49025e-08
 Reference value :  1.49225e-08
 Reference value :  1.49425e-08
 Reference value :  1.49625e-08
 Reference value :  1.49825e-08
 Reference value :  1.50025e-08
 Reference value :  1.50225e-08
 Reference value :  1.50475e-08
 Reference value :  1.50675e-08
 Reference value :  1.50875e-08
 Reference value :  1.51075e-08
 Reference value :  1.51225e-08
 Reference value :  1.51425e-08
 Reference value :  1.51575e-08
 Reference value :  1.51775e-08
 Reference value :  1.51975e-08
 Reference value :  1.52225e-08
 Reference value :  1.52425e-08
 Reference value :  1.52625e-08
 Reference value :  1.52825e-08
 Reference value :  1.53025e-08
 Reference value :  1.53175e-08
 Reference value :  1.53425e-08
 Reference value :  1.53725e-08
 Reference value :  1.53925e-08
 Reference value :  1.54075e-08
 Reference value :  1.54275e-08
 Reference value :  1.54525e-08
 Reference value :  1.54825e-08
 Reference value :  1.55025e-08
 Reference value :  1.55225e-08
 Reference value :  1.55425e-08
 Reference value :  1.55675e-08
 Reference value :  1.55925e-08
 Reference value :  1.56125e-08
 Reference value :  1.56375e-08
 Reference value :  1.56575e-08
 Reference value :  1.56775e-08
 Reference value :  1.56975e-08
 Reference value :  1.57225e-08
 Reference value :  1.57375e-08
 Reference value :  1.57575e-08
 Reference value :  1.57825e-08
 Reference value :  1.58025e-08
 Reference value :  1.58225e-08
 Reference value :  1.58425e-08
 Reference value :  1.58675e-08
 Reference value :  1.58875e-08
 Reference value :  1.59125e-08
 Reference value :  1.59325e-08
 Reference value :  1.59525e-08
 Reference value :  1.59725e-08
 Reference value :  1.59925e-08
 Reference value :  1.60125e-08
 Reference value :  1.60325e-08
 Reference value :  1.60525e-08
 Reference value :  1.60725e-08
 Reference value :  1.60875e-08
 Reference value :  1.61025e-08
 Reference value :  1.61225e-08
 Reference value :  1.61425e-08
 Reference value :  1.61725e-08
 Reference value :  1.61975e-08
 Reference value :  1.62125e-08
 Reference value :  1.62325e-08
 Reference value :  1.62525e-08
 Reference value :  1.62775e-08
 Reference value :  1.62975e-08
 Reference value :  1.63225e-08
 Reference value :  1.63425e-08
 Reference value :  1.63625e-08
 Reference value :  1.63825e-08
 Reference value :  1.64025e-08
 Reference value :  1.64225e-08
 Reference value :  1.64425e-08
 Reference value :  1.64625e-08
 Reference value :  1.64825e-08
 Reference value :  1.65075e-08
 Reference value :  1.65275e-08
 Reference value :  1.65475e-08
 Reference value :  1.65675e-08
 Reference value :  1.65925e-08
 Reference value :  1.66175e-08
 Reference value :  1.66425e-08
 Reference value :  1.66575e-08
 Reference value :  1.66725e-08
 Reference value :  1.66925e-08
 Reference value :  1.67075e-08
 Reference value :  1.67325e-08
 Reference value :  1.67575e-08
 Reference value :  1.67775e-08
 Reference value :  1.67975e-08
 Reference value :  1.68225e-08
 Reference value :  1.68425e-08
 Reference value :  1.68625e-08
 Reference value :  1.68825e-08
 Reference value :  1.69075e-08
 Reference value :  1.69325e-08
 Reference value :  1.69575e-08
 Reference value :  1.69775e-08
 Reference value :  1.69975e-08
 Reference value :  1.70175e-08
 Reference value :  1.70375e-08
 Reference value :  1.70575e-08
 Reference value :  1.70775e-08
 Reference value :  1.70975e-08
 Reference value :  1.71175e-08
 Reference value :  1.71475e-08
 Reference value :  1.71675e-08
 Reference value :  1.71875e-08
 Reference value :  1.72025e-08
 Reference value :  1.72225e-08
 Reference value :  1.72425e-08
 Reference value :  1.72625e-08
 Reference value :  1.72775e-08
 Reference value :  1.72925e-08
 Reference value :  1.73125e-08
 Reference value :  1.73325e-08
 Reference value :  1.73525e-08
 Reference value :  1.73725e-08
 Reference value :  1.73925e-08
 Reference value :  1.74125e-08
 Reference value :  1.74275e-08
 Reference value :  1.74425e-08
 Reference value :  1.74625e-08
 Reference value :  1.74825e-08
 Reference value :  1.75025e-08
 Reference value :  1.75275e-08
 Reference value :  1.75475e-08
 Reference value :  1.75675e-08
 Reference value :  1.75875e-08
 Reference value :  1.76075e-08
 Reference value :  1.76275e-08
 Reference value :  1.76475e-08
 Reference value :  1.76675e-08
 Reference value :  1.76925e-08
 Reference value :  1.77125e-08
 Reference value :  1.77325e-08
 Reference value :  1.77525e-08
 Reference value :  1.77725e-08
 Reference value :  1.77875e-08
 Reference value :  1.78125e-08
 Reference value :  1.78325e-08
 Reference value :  1.78525e-08
 Reference value :  1.78725e-08
 Reference value :  1.78925e-08
 Reference value :  1.79175e-08
 Reference value :  1.79425e-08
 Reference value :  1.79675e-08
 Reference value :  1.79925e-08
 Reference value :  1.80125e-08
 Reference value :  1.80325e-08
 Reference value :  1.80525e-08
 Reference value :  1.80725e-08
 Reference value :  1.80925e-08
 Reference value :  1.81175e-08
 Reference value :  1.81425e-08
 Reference value :  1.81625e-08
 Reference value :  1.81825e-08
 Reference value :  1.82025e-08
 Reference value :  1.82225e-08
 Reference value :  1.82425e-08
 Reference value :  1.82625e-08
 Reference value :  1.82825e-08
 Reference value :  1.82975e-08
 Reference value :  1.83225e-08
 Reference value :  1.83375e-08
 Reference value :  1.83575e-08
 Reference value :  1.83775e-08
 Reference value :  1.83975e-08
 Reference value :  1.84225e-08
 Reference value :  1.84475e-08
 Reference value :  1.85025e-08
 Reference value :  1.85225e-08
 Reference value :  1.85425e-08
 Reference value :  1.85625e-08
 Reference value :  1.85775e-08
 Reference value :  1.85975e-08
 Reference value :  1.86175e-08
 Reference value :  1.86375e-08
 Reference value :  1.86575e-08
 Reference value :  1.86725e-08
 Reference value :  1.86875e-08
 Reference value :  1.87075e-08
 Reference value :  1.87275e-08
 Reference value :  1.87425e-08
 Reference value :  1.87625e-08
 Reference value :  1.87825e-08
 Reference value :  1.88025e-08
 Reference value :  1.88225e-08
 Reference value :  1.88375e-08
 Reference value :  1.88575e-08
 Reference value :  1.88725e-08
 Reference value :  1.88925e-08
 Reference value :  1.89075e-08
 Reference value :  1.89225e-08
 Reference value :  1.89425e-08
 Reference value :  1.89575e-08
 Reference value :  1.89775e-08
 Reference value :  1.89975e-08
 Reference value :  1.90175e-08
 Reference value :  1.90425e-08
 Reference value :  1.90675e-08
 Reference value :  1.90875e-08
 Reference value :  1.91175e-08
 Reference value :  1.91375e-08
 Reference value :  1.91575e-08
 Reference value :  1.91775e-08
 Reference value :  1.91975e-08
 Reference value :  1.92125e-08
 Reference value :  1.92325e-08
 Reference value :  1.92525e-08
 Reference value :  1.92725e-08
 Reference value :  1.92925e-08
 Reference value :  1.93125e-08
 Reference value :  1.93325e-08
 Reference value :  1.93525e-08
 Reference value :  1.93725e-08
 Reference value :  1.93925e-08
 Reference value :  1.94125e-08
 Reference value :  1.94325e-08
 Reference value :  1.94525e-08
 Reference value :  1.94725e-08
 Reference value :  1.94975e-08
 Reference value :  1.95175e-08
 Reference value :  1.95375e-08
 Reference value :  1.95575e-08
 Reference value :  1.95725e-08
 Reference value :  1.95875e-08
 Reference value :  1.96075e-08
 Reference value :  1.96275e-08
 Reference value :  1.96525e-08
 Reference value :  1.96725e-08
 Reference value :  1.96875e-08
 Reference value :  1.97075e-08
 Reference value :  1.97225e-08
 Reference value :  1.97475e-08
 Reference value :  1.97675e-08
 Reference value :  1.97875e-08
 Reference value :  1.98025e-08
 Reference value :  1.98175e-08
 Reference value :  1.98375e-08
 Reference value :  1.98525e-08
 Reference value :  1.98725e-08
 Reference value :  1.98925e-08
 Reference value :  1.99125e-08
 Reference value :  1.99375e-08
 Reference value :  1.99575e-08
 Reference value :  1.99725e-08
 Reference value :  1.99975e-08
 Reference value :  2.00225e-08
 Reference value :  2.00475e-08
 Reference value :  2.00675e-08
 Reference value :  2.00875e-08
 Reference value :  2.01075e-08
 Reference value :  2.01225e-08
 Reference value :  2.01475e-08
 Reference value :  2.01675e-08
 Reference value :  2.01925e-08
 Reference value :  2.02175e-08
 Reference value :  2.02375e-08
 Reference value :  2.02575e-08
 Reference value :  2.02775e-08
 Reference value :  2.02975e-08
 Reference value :  2.03175e-08
 Reference value :  2.03375e-08
 Reference value :  2.03575e-08
 Reference value :  2.03775e-08
 Reference value :  2.04025e-08
 Reference value :  2.04175e-08
 Reference value :  2.04325e-08
 Reference value :  2.04525e-08
 Reference value :  2.04675e-08
 Reference value :  2.04875e-08
 Reference value :  2.05075e-08
 Reference value :  2.05275e-08
 Reference value :  2.05525e-08
 Reference value :  2.05775e-08
 Reference value :  2.06025e-08
 Reference value :  2.06225e-08
 Reference value :  2.06425e-08
 Reference value :  2.06625e-08
 Reference value :  2.06825e-08
 Reference value :  2.07025e-08
 Reference value :  2.07225e-08
 Reference value :  2.07425e-08
 Reference value :  2.07575e-08
 Reference value :  2.07725e-08
 Reference value :  2.07925e-08
 Reference value :  2.08125e-08
 Reference value :  2.08325e-08
 Reference value :  2.08525e-08
 Reference value :  2.08725e-08
 Reference value :  2.08925e-08
 Reference value :  2.09125e-08
 Reference value :  2.09325e-08
 Reference value :  2.09525e-08
 Reference value :  2.09675e-08
 Reference value :  2.09925e-08
 Reference value :  2.10125e-08
 Reference value :  2.10325e-08
 Reference value :  2.10475e-08
 Reference value :  2.10675e-08
 Reference value :  2.10875e-08
 Reference value :  2.11125e-08
 Reference value :  2.11375e-08
 Reference value :  2.11575e-08
 Reference value :  2.11825e-08
 Reference value :  2.12075e-08
 Reference value :  2.12275e-08
 Reference value :  2.12475e-08
 Reference value :  2.12675e-08
 Reference value :  2.12925e-08
 Reference value :  2.13125e-08
 Reference value :  2.13325e-08
 Reference value :  2.13525e-08
 Reference value :  2.13725e-08
 Reference value :  2.13925e-08
 Reference value :  2.14125e-08
 Reference value :  2.14325e-08
 Reference value :  2.14575e-08
 Reference value :  2.14775e-08
 Reference value :  2.14925e-08
 Reference value :  2.15125e-08
 Reference value :  2.15275e-08
 Reference value :  2.15425e-08
 Reference value :  2.15625e-08
 Reference value :  2.15825e-08
 Reference value :  2.15975e-08
 Reference value :  2.16175e-08
 Reference value :  2.16375e-08
 Reference value :  2.16575e-08
 Reference value :  2.16775e-08
 Reference value :  2.17025e-08
 Reference value :  2.17225e-08
 Reference value :  2.17475e-08
 Reference value :  2.17725e-08
 Reference value :  2.17925e-08
 Reference value :  2.18125e-08
 Reference value :  2.18275e-08
 Reference value :  2.18475e-08
 Reference value :  2.18675e-08
 Reference value :  2.18825e-08
 Reference value :  2.18975e-08
 Reference value :  2.19175e-08
 Reference value :  2.19375e-08
 Reference value :  2.19625e-08
 Reference value :  2.19825e-08
 Reference value :  2.20025e-08
 Reference value :  2.20175e-08
 Reference value :  2.20425e-08
 Reference value :  2.20625e-08
 Reference value :  2.20825e-08
 Reference value :  2.21025e-08
 Reference value :  2.21225e-08
 Reference value :  2.21475e-08
 Reference value :  2.21675e-08
 Reference value :  2.21825e-08
 Reference value :  2.21975e-08
 Reference value :  2.22175e-08
 Reference value :  2.22375e-08
 Reference value :  2.22525e-08
 Reference value :  2.22675e-08
 Reference value :  2.22875e-08
 Reference value :  2.23075e-08
 Reference value :  2.23275e-08
 Reference value :  2.23475e-08
 Reference value :  2.23675e-08
 Reference value :  2.23925e-08
 Reference value :  2.24125e-08
 Reference value :  2.24275e-08
 Reference value :  2.24525e-08
 Reference value :  2.24725e-08
 Reference value :  2.24975e-08
 Reference value :  2.25275e-08
 Reference value :  2.25475e-08
 Reference value :  2.25725e-08
 Reference value :  2.25925e-08
 Reference value :  2.26125e-08
 Reference value :  2.26275e-08
 Reference value :  2.26525e-08
 Reference value :  2.26725e-08
 Reference value :  2.26875e-08
 Reference value :  2.27075e-08
 Reference value :  2.27275e-08
 Reference value :  2.27425e-08
 Reference value :  2.27625e-08
 Reference value :  2.27825e-08
 Reference value :  2.28025e-08
 Reference value :  2.28225e-08
 Reference value :  2.28425e-08
 Reference value :  2.28625e-08
 Reference value :  2.28875e-08
 Reference value :  2.29125e-08
 Reference value :  2.29325e-08
 Reference value :  2.29525e-08
 Reference value :  2.29675e-08
 Reference value :  2.29875e-08
 Reference value :  2.30075e-08
 Reference value :  2.30275e-08
 Reference value :  2.30525e-08
 Reference value :  2.30725e-08
 Reference value :  2.30925e-08
 Reference value :  2.31175e-08
 Reference value :  2.31425e-08
 Reference value :  2.31625e-08
 Reference value :  2.31875e-08
 Reference value :  2.32075e-08
 Reference value :  2.32325e-08
 Reference value :  2.32525e-08
 Reference value :  2.32725e-08
 Reference value :  2.32925e-08
 Reference value :  2.33175e-08
 Reference value :  2.33375e-08
 Reference value :  2.33575e-08
 Reference value :  2.33775e-08
 Reference value :  2.34025e-08
 Reference value :  2.34225e-08
 Reference value :  2.34475e-08
 Reference value :  2.34625e-08
 Reference value :  2.34825e-08
 Reference value :  2.35025e-08
 Reference value :  2.35225e-08
 Reference value :  2.35375e-08
 Reference value :  2.35575e-08
 Reference value :  2.35775e-08
 Reference value :  2.35975e-08
 Reference value :  2.36125e-08
 Reference value :  2.36325e-08
 Reference value :  2.36525e-08
 Reference value :  2.36725e-08
 Reference value :  2.36925e-08
 Reference value :  2.37175e-08
 Reference value :  2.37375e-08
 Reference value :  2.37625e-08
 Reference value :  2.37825e-08
 Reference value :  2.37975e-08
 Reference value :  2.38175e-08
 Reference value :  2.38375e-08
 Reference value :  2.38575e-08
 Reference value :  2.38825e-08
 Reference value :  2.39075e-08
 Reference value :  2.39325e-08
 Reference value :  2.39525e-08
 Reference value :  2.39725e-08
 Reference value :  2.39925e-08
 Reference value :  2.40175e-08
 Reference value :  2.40425e-08
 Reference value :  2.40625e-08
 Reference value :  2.40825e-08
 Reference value :  2.41025e-08
 Reference value :  2.41225e-08
 Reference value :  2.41425e-08
 Reference value :  2.41675e-08
 Reference value :  2.41875e-08
 Reference value :  2.42075e-08
 Reference value :  2.42325e-08
 Reference value :  2.42575e-08
 Reference value :  2.42775e-08
 Reference value :  2.42975e-08
 Reference value :  2.43175e-08
 Reference value :  2.43375e-08
 Reference value :  2.43625e-08
 Reference value :  2.43825e-08
 Reference value :  2.44075e-08
 Reference value :  2.44225e-08
 Reference value :  2.44475e-08
 Reference value :  2.44725e-08
 Reference value :  2.44925e-08
 Reference value :  2.45125e-08
 Reference value :  2.45375e-08
 Reference value :  2.45575e-08
 Reference value :  2.45775e-08
 Reference value :  2.45975e-08
 Reference value :  2.46225e-08
 Reference value :  2.46475e-08
 Reference value :  2.46675e-08
 Reference value :  2.46925e-08
 Reference value :  2.47125e-08
 Reference value :  2.47325e-08
 Reference value :  2.47525e-08
 Reference value :  2.47725e-08
 Reference value :  2.47925e-08
 Reference value :  2.48075e-08
 Reference value :  2.48225e-08
 Reference value :  2.48425e-08
 Reference value :  2.48625e-08
 Reference value :  2.48825e-08
 Reference value :  2.49025e-08
 Reference value :  2.49275e-08
 Reference value :  2.49425e-08
 Reference value :  2.49575e-08
 Reference value :  2.49775e-08
 Reference value :  2.50025e-08
 Reference value :  2.50275e-08
 Reference value :  2.50475e-08
 Reference value :  2.50675e-08
 Reference value :  2.50925e-08
 Reference value :  2.51125e-08
 Reference value :  2.51375e-08
 Reference value :  2.51625e-08
 Reference value :  2.51825e-08
 Reference value :  2.52025e-08
 Reference value :  2.52275e-08
 Reference value :  2.52475e-08
 Reference value :  2.52675e-08
 Reference value :  2.52875e-08
 Reference value :  2.53025e-08
 Reference value :  2.53275e-08
 Reference value :  2.53475e-08
 Reference value :  2.53675e-08
 Reference value :  2.53875e-08
 Reference value :  2.54075e-08
 Reference value :  2.54275e-08
 Reference value :  2.54425e-08
 Reference value :  2.54575e-08
 Reference value :  2.54775e-08
 Reference value :  2.54925e-08
 Reference value :  2.55125e-08
 Reference value :  2.55275e-08
 Reference value :  2.55475e-08
 Reference value :  2.55675e-08
 Reference value :  2.55925e-08
 Reference value :  2.56125e-08
 Reference value :  2.56325e-08
 Reference value :  2.56525e-08
 Reference value :  2.56675e-08
 Reference value :  2.56825e-08
 Reference value :  2.57025e-08
 Reference value :  2.57275e-08
 Reference value :  2.57475e-08
 Reference value :  2.57675e-08
 Reference value :  2.57925e-08
 Reference value :  2.58175e-08
 Reference value :  2.58375e-08
 Reference value :  2.58575e-08
 Reference value :  2.58775e-08
 Reference value :  2.58975e-08
 Reference value :  2.59125e-08
 Reference value :  2.59425e-08
 Reference value :  2.59625e-08
 Reference value :  2.59775e-08
 Reference value :  2.60025e-08
 Reference value :  2.60225e-08
 Reference value :  2.60475e-08
 Reference value :  2.60725e-08
 Reference value :  2.60925e-08
 Reference value :  2.61125e-08
 Reference value :  2.61325e-08
 Reference value :  2.61525e-08
 Reference value :  2.61725e-08
 Reference value :  2.61925e-08
 Reference value :  2.62125e-08
 Reference value :  2.62325e-08
 Reference value :  2.62525e-08
 Reference value :  2.62725e-08
 Reference value :  2.62925e-08
 Reference value :  2.63075e-08
 Reference value :  2.63275e-08
 Reference value :  2.63475e-08
 Reference value :  2.63725e-08
 Reference value :  2.63975e-08
 Reference value :  2.64175e-08
 Reference value :  2.64375e-08
 Reference value :  2.64575e-08
 Reference value :  2.64775e-08
 Reference value :  2.64975e-08
 Reference value :  2.65175e-08
 Reference value :  2.65375e-08
 Reference value :  2.65525e-08
 Reference value :  2.65725e-08
 Reference value :  2.65925e-08
 Reference value :  2.66125e-08
 Reference value :  2.66325e-08
 Reference value :  2.66525e-08
 Reference value :  2.66675e-08
 Reference value :  2.66825e-08
 Reference value :  2.66975e-08
 Reference value :  2.67175e-08
 Reference value :  2.67375e-08
 Reference value :  2.67625e-08
 Reference value :  2.67875e-08
 Reference value :  2.68125e-08
 Reference value :  2.68325e-08
 Reference value :  2.68475e-08
 Reference value :  2.68675e-08
 Reference value :  2.68875e-08
 Reference value :  2.69075e-08
 Reference value :  2.69275e-08
 Reference value :  2.69475e-08
 Reference value :  2.69675e-08
 Reference value :  2.69875e-08
 Reference value :  2.70075e-08
 Reference value :  2.70275e-08
 Reference value :  2.70475e-08
 Reference value :  2.70625e-08
 Reference value :  2.70775e-08
 Reference value :  2.71025e-08
 Reference value :  2.71225e-08
 Reference value :  2.71425e-08
 Reference value :  2.71625e-08
 Reference value :  2.71825e-08
 Reference value :  2.72025e-08
 Reference value :  2.72225e-08
 Reference value :  2.72425e-08
 Reference value :  2.72625e-08
 Reference value :  2.72825e-08
 Reference value :  2.73025e-08
 Reference value :  2.73175e-08
 Reference value :  2.73325e-08
 Reference value :  2.73575e-08
 Reference value :  2.73775e-08
 Reference value :  2.73975e-08
 Reference value :  2.74175e-08
 Reference value :  2.74575e-08
 Reference value :  2.74725e-08
 Reference value :  2.74925e-08
 Reference value :  2.75125e-08
 Reference value :  2.75325e-08
 Reference value :  2.75575e-08
 Reference value :  2.75775e-08
 Reference value :  2.75975e-08
 Reference value :  2.76175e-08
 Reference value :  2.76375e-08
 Reference value :  2.76575e-08
 Reference value :  2.76725e-08
 Reference value :  2.76925e-08
 Reference value :  2.77125e-08
 Reference value :  2.77325e-08
 Reference value :  2.77475e-08
 Reference value :  2.77675e-08
 Reference value :  2.77825e-08
 Reference value :  2.78025e-08
 Reference value :  2.78225e-08
 Reference value :  2.78375e-08
 Reference value :  2.78525e-08
 Reference value :  2.78775e-08
 Reference value :  2.78975e-08
 Reference value :  2.79175e-08
 Reference value :  2.79375e-08
 Reference value :  2.79575e-08
 Reference value :  2.79775e-08
 Reference value :  2.79975e-08
 Reference value :  2.80175e-08
 Reference value :  2.80375e-08
 Reference value :  2.80575e-08
 Reference value :  2.80775e-08
 Reference value :  2.80975e-08
 Reference value :  2.81175e-08
 Reference value :  2.81325e-08
 Reference value :  2.81475e-08
 Reference value :  2.81675e-08
 Reference value :  2.81825e-08
 Reference value :  2.81975e-08
 Reference value :  2.82175e-08
 Reference value :  2.82325e-08
 Reference value :  2.82475e-08
 Reference value :  2.82675e-08
 Reference value :  2.82825e-08
 Reference value :  2.83025e-08
 Reference value :  2.83225e-08
 Reference value :  2.83425e-08
 Reference value :  2.83675e-08
 Reference value :  2.83875e-08
 Reference value :  2.84075e-08
 Reference value :  2.84275e-08
 Reference value :  2.84475e-08
 Reference value :  2.84625e-08
 Reference value :  2.84925e-08
 Reference value :  2.85075e-08
 Reference value :  2.85275e-08
 Reference value :  2.85425e-08
 Reference value :  2.85625e-08
 Reference value :  2.85825e-08
 Reference value :  2.86025e-08
 Reference value :  2.86225e-08
 Reference value :  2.86475e-08
 Reference value :  2.86675e-08
 Reference value :  2.86875e-08
 Reference value :  2.87075e-08
 Reference value :  2.87325e-08
 Reference value :  2.87525e-08
 Reference value :  2.87725e-08
 Reference value :  2.87925e-08
 Reference value :  2.88175e-08
 Reference value :  2.88375e-08
 Reference value :  2.88575e-08
 Reference value :  2.88775e-08
 Reference value :  2.88975e-08
 Reference value :  2.89175e-08
 Reference value :  2.89375e-08
 Reference value :  2.89575e-08
 Reference value :  2.89775e-08
 Reference value :  2.89975e-08
 Reference value :  2.90125e-08
 Reference value :  2.90375e-08
 Reference value :  2.90575e-08
 Reference value :  2.90825e-08
 Reference value :  2.91025e-08
 Reference value :  2.91225e-08
 Reference value :  2.91475e-08
 Reference value :  2.91675e-08
 Reference value :  2.91875e-08
 Reference value :  2.92025e-08
 Reference value :  2.92275e-08
 Reference value :  2.92475e-08
 Reference value :  2.92675e-08
 Reference value :  2.92875e-08
 Reference value :  2.93075e-08
 Reference value :  2.93275e-08
 Reference value :  2.93475e-08
 Reference value :  2.93725e-08
 Reference value :  2.93975e-08
 Reference value :  2.94225e-08
 Reference value :  2.94375e-08
 Reference value :  2.94525e-08
 Reference value :  2.94725e-08
 Reference value :  2.94925e-08
 Reference value :  2.95125e-08
 Reference value :  2.95275e-08
 Reference value :  2.95475e-08
 Reference value :  2.95625e-08
 Reference value :  2.95825e-08
 Reference value :  2.96025e-08
 Reference value :  2.96225e-08
 Reference value :  2.96425e-08
 Reference value :  2.96625e-08
 Reference value :  2.96825e-08
 Reference value :  2.97025e-08
 Reference value :  2.97175e-08
 Reference value :  2.97375e-08
 Reference value :  2.97575e-08
 Reference value :  2.97775e-08
 Reference value :  2.97975e-08
 Reference value :  2.98175e-08
 Reference value :  2.98325e-08
 Reference value :  2.98525e-08
 Reference value :  2.98725e-08
 Reference value :  2.98925e-08
 Reference value :  2.99125e-08
 Reference value :  2.99325e-08
 Reference value :  2.99525e-08
 Reference value :  2.99725e-08
 Reference value :  2.99925e-08
 Reference value :  3.00125e-08
 Reference value :  3.00325e-08
 Reference value :  3.00525e-08
 Reference value :  3.00725e-08
 Reference value :  3.00925e-08
 Reference value :  3.01125e-08
 Reference value :  3.01375e-08
 Reference value :  3.01625e-08
 Reference value :  3.01825e-08
 Reference value :  3.01975e-08
 Reference value :  3.02175e-08
 Reference value :  3.02375e-08
 Reference value :  3.02575e-08
 Reference value :  3.02775e-08
 Reference value :  3.02975e-08
 Reference value :  3.03175e-08
 Reference value :  3.03375e-08
 Reference value :  3.03575e-08
 Reference value :  3.03775e-08
 Reference value :  3.03975e-08
 Reference value :  3.04175e-08
 Reference value :  3.04375e-08
 Reference value :  3.04575e-08
 Reference value :  3.04775e-08
 Reference value :  3.04975e-08
 Reference value :  3.05175e-08
 Reference value :  3.05375e-08
 Reference value :  3.05575e-08
 Reference value :  3.05775e-08
 Reference value :  3.05975e-08
 Reference value :  3.06175e-08
 Reference value :  3.06375e-08
 Reference value :  3.06575e-08
 Reference value :  3.06725e-08
 Reference value :  3.06975e-08
 Reference value :  3.07175e-08
 Reference value :  3.07375e-08
 Reference value :  3.07575e-08
 Reference value :  3.07775e-08
 Reference value :  3.07975e-08
 Reference value :  3.08175e-08
 Reference value :  3.08375e-08
 Reference value :  3.08575e-08
 Reference value :  3.08725e-08
 Reference value :  3.08875e-08
 Reference value :  3.09075e-08
 Reference value :  3.09275e-08
 Reference value :  3.09475e-08
 Reference value :  3.09675e-08
 Reference value :  3.09925e-08
 Reference value :  3.10125e-08
 Reference value :  3.10325e-08
 Reference value :  3.10525e-08
 Reference value :  3.10675e-08
 Reference value :  3.10925e-08
 Reference value :  3.11175e-08
 Reference value :  3.11375e-08
 Reference value :  3.11575e-08
 Reference value :  3.11775e-08
 Reference value :  3.12025e-08
 Reference value :  3.12175e-08
 Reference value :  3.12375e-08
 Reference value :  3.12525e-08
 Reference value :  3.12725e-08
 Reference value :  3.12925e-08
 Reference value :  3.13125e-08
 Reference value :  3.13375e-08
 Reference value :  3.13525e-08
 Reference value :  3.13725e-08
 Reference value :  3.13925e-08
 Reference value :  3.14125e-08
 Reference value :  3.14325e-08
 Reference value :  3.14475e-08
 Reference value :  3.14675e-08
 Reference value :  3.14875e-08
 Reference value :  3.15075e-08
 Reference value :  3.15275e-08
 Reference value :  3.15475e-08
 Reference value :  3.15675e-08
 Reference value :  3.15875e-08
 Reference value :  3.16075e-08
 Reference value :  3.16275e-08
 Reference value :  3.16525e-08
 Reference value :  3.16725e-08
 Reference value :  3.16875e-08
 Reference value :  3.17125e-08
 Reference value :  3.17375e-08
 Reference value :  3.17575e-08
 Reference value :  3.17775e-08
 Reference value :  3.17975e-08
 Reference value :  3.18225e-08
 Reference value :  3.18425e-08
 Reference value :  3.18575e-08
 Reference value :  3.18775e-08
 Reference value :  3.18975e-08
 Reference value :  3.19175e-08
 Reference value :  3.19375e-08
 Reference value :  3.19625e-08
 Reference value :  3.19875e-08
 Reference value :  3.20075e-08
 Reference value :  3.20275e-08
 Reference value :  3.20475e-08
 Reference value :  3.20675e-08
 Reference value :  3.20875e-08
 Reference value :  3.21125e-08
 Reference value :  3.21325e-08
 Reference value :  3.21525e-08
 Reference value :  3.21725e-08
 Reference value :  3.21925e-08
 Reference value :  3.22125e-08
 Reference value :  3.22325e-08
 Reference value :  3.22525e-08
 Reference value :  3.22675e-08
 Reference value :  3.22825e-08
 Reference value :  3.23025e-08
 Reference value :  3.23225e-08
 Reference value :  3.23425e-08
 Reference value :  3.23625e-08
 Reference value :  3.23825e-08
 Reference value :  3.23975e-08
 Reference value :  3.24125e-08
 Reference value :  3.24325e-08
 Reference value :  3.24525e-08
 Reference value :  3.24775e-08
 Reference value :  3.24975e-08
 Reference value :  3.25175e-08
 Reference value :  3.25375e-08
 Reference value :  3.25575e-08
 Reference value :  3.25775e-08
 Reference value :  3.25975e-08
 Reference value :  3.26125e-08
 Reference value :  3.26325e-08
 Reference value :  3.26525e-08
 Reference value :  3.26675e-08
 Reference value :  3.26875e-08
 Reference value :  3.27025e-08
 Reference value :  3.27225e-08
 Reference value :  3.27475e-08
 Reference value :  3.27625e-08
 Reference value :  3.27825e-08
 Reference value :  3.28075e-08
 Reference value :  3.28225e-08
 Reference value :  3.28425e-08
 Reference value :  3.28625e-08
 Reference value :  3.28825e-08
 Reference value :  3.29025e-08
 Reference value :  3.29175e-08
 Reference value :  3.29375e-08
 Reference value :  3.29525e-08
 Reference value :  3.29725e-08
 Reference value :  3.29925e-08
 Reference value :  3.30125e-08
 Reference value :  3.30275e-08
 Reference value :  3.30475e-08
 Reference value :  3.30625e-08
 Reference value :  3.30775e-08
 Reference value :  3.30975e-08
 Reference value :  3.31175e-08
 Reference value :  3.31375e-08
 Reference value :  3.31525e-08
 Reference value :  3.31725e-08
 Reference value :  3.31875e-08
 Reference value :  3.32025e-08
 Reference value :  3.32225e-08
 Reference value :  3.32425e-08
 Reference value :  3.32625e-08
 Reference value :  3.32825e-08
 Reference value :  3.33025e-08
 Reference value :  3.33175e-08
 Reference value :  3.33375e-08
 Reference value :  3.33525e-08
 Reference value :  3.33725e-08
 Reference value :  3.33875e-08
 Reference value :  3.34025e-08
 Reference value :  3.34225e-08
 Reference value :  3.34425e-08
 Reference value :  3.34625e-08
 Reference value :  3.34825e-08
 Reference value :  3.35025e-08
 Reference value :  3.35275e-08
 Reference value :  3.35425e-08
 Reference value :  3.35575e-08
 Reference value :  3.35775e-08
 Reference value :  3.36025e-08
 Reference value :  3.36225e-08
 Reference value :  3.36425e-08
 Reference value :  3.36625e-08
 Reference value :  3.36875e-08
 Reference value :  3.37075e-08
 Reference value :  3.37275e-08
 Reference value :  3.37475e-08
 Reference value :  3.37675e-08
 Reference value :  3.37875e-08
 Reference value :  3.38075e-08
 Reference value :  3.38275e-08
 Reference value :  3.38475e-08
 Reference value :  3.38675e-08
 Reference value :  3.38875e-08
 Reference value :  3.39075e-08
 Reference value :  3.39275e-08
 Reference value :  3.39475e-08
 Reference value :  3.39675e-08
 Reference value :  3.39825e-08
 Reference value :  3.39975e-08
 Reference value :  3.40175e-08
 Reference value :  3.40375e-08
 Reference value :  3.40575e-08
 Reference value :  3.40775e-08
 Reference value :  3.40975e-08
 Reference value :  3.41125e-08
 Reference value :  3.41325e-08
 Reference value :  3.41575e-08
 Reference value :  3.41775e-08
 Reference value :  3.41975e-08
 Reference value :  3.42125e-08
 Reference value :  3.42325e-08
 Reference value :  3.42525e-08
 Reference value :  3.42725e-08
 Reference value :  3.42925e-08
 Reference value :  3.43125e-08
 Reference value :  3.43275e-08
 Reference value :  3.43475e-08
 Reference value :  3.43725e-08
 Reference value :  3.43925e-08
 Reference value :  3.44125e-08
 Reference value :  3.44375e-08
 Reference value :  3.44575e-08
 Reference value :  3.44825e-08
 Reference value :  3.45025e-08
 Reference value :  3.45275e-08
 Reference value :  3.45475e-08
 Reference value :  3.45675e-08
 Reference value :  3.45875e-08
 Reference value :  3.46075e-08
 Reference value :  3.46275e-08
 Reference value :  3.46425e-08
 Reference value :  3.46625e-08
 Reference value :  3.46825e-08
 Reference value :  3.46975e-08
 Reference value :  3.47175e-08
 Reference value :  3.47375e-08
 Reference value :  3.47575e-08
 Reference value :  3.47775e-08
 Reference value :  3.47925e-08
 Reference value :  3.48125e-08
 Reference value :  3.48275e-08
 Reference value :  3.48475e-08
 Reference value :  3.48675e-08
 Reference value :  3.48875e-08
 Reference value :  3.49025e-08
 Reference value :  3.49225e-08
 Reference value :  3.49375e-08
 Reference value :  3.49575e-08
 Reference value :  3.49775e-08
 Reference value :  3.49975e-08
 Reference value :  3.50225e-08
 Reference value :  3.50425e-08
 Reference value :  3.50575e-08
 Reference value :  3.50775e-08
 Reference value :  3.51075e-08
 Reference value :  3.51275e-08
 Reference value :  3.51425e-08
 Reference value :  3.51625e-08
 Reference value :  3.51825e-08
 Reference value :  3.52025e-08
 Reference value :  3.52225e-08
 Reference value :  3.52425e-08
 Reference value :  3.52575e-08
 Reference value :  3.52775e-08
 Reference value :  3.52975e-08
 Reference value :  3.53175e-08
 Reference value :  3.53375e-08
 Reference value :  3.53575e-08
 Reference value :  3.53775e-08
 Reference value :  3.54025e-08
 Reference value :  3.54175e-08
 Reference value :  3.54375e-08
 Reference value :  3.54575e-08
 Reference value :  3.54725e-08
 Reference value :  3.54925e-08
 Reference value :  3.55125e-08
 Reference value :  3.55325e-08
 Reference value :  3.55525e-08
 Reference value :  3.55725e-08
 Reference value :  3.55925e-08
 Reference value :  3.56125e-08
 Reference value :  3.56325e-08
 Reference value :  3.56525e-08
 Reference value :  3.56775e-08
 Reference value :  3.56975e-08
 Reference value :  3.57125e-08
 Reference value :  3.57325e-08
 Reference value :  3.57575e-08
 Reference value :  3.57775e-08
 Reference value :  3.57975e-08
 Reference value :  3.58225e-08
 Reference value :  3.58475e-08
 Reference value :  3.58675e-08
 Reference value :  3.58825e-08
 Reference value :  3.58975e-08
 Reference value :  3.59175e-08
 Reference value :  3.59425e-08
 Reference value :  3.59575e-08
 Reference value :  3.59775e-08
 Reference value :  3.59925e-08
 Reference value :  3.60075e-08
 Reference value :  3.60275e-08
 Reference value :  3.60425e-08
 Reference value :  3.60625e-08
 Reference value :  3.60775e-08
 Reference value :  3.61025e-08
 Reference value :  3.61225e-08
 Reference value :  3.61375e-08
 Reference value :  3.61575e-08
 Reference value :  3.61775e-08
 Reference value :  3.61925e-08
 Reference value :  3.62175e-08
 Reference value :  3.62325e-08
 Reference value :  3.62525e-08
 Reference value :  3.62725e-08
 Reference value :  3.62925e-08
 Reference value :  3.63125e-08
 Reference value :  3.63375e-08
 Reference value :  3.63525e-08
 Reference value :  3.63675e-08
 Reference value :  3.63875e-08
 Reference value :  3.64075e-08
 Reference value :  3.64325e-08
 Reference value :  3.64575e-08
 Reference value :  3.64725e-08
 Reference value :  3.64925e-08
 Reference value :  3.65075e-08
 Reference value :  3.65275e-08
 Reference value :  3.65475e-08
 Reference value :  3.65675e-08
 Reference value :  3.65875e-08
 Reference value :  3.66075e-08
 Reference value :  3.66275e-08
 Reference value :  3.66475e-08
 Reference value :  3.66675e-08
 Reference value :  3.66925e-08
 Reference value :  3.67125e-08
 Reference value :  3.67275e-08
 Reference value :  3.67475e-08
 Reference value :  3.67675e-08
 Reference value :  3.67925e-08
 Reference value :  3.68125e-08
 Reference value :  3.68325e-08
 Reference value :  3.68475e-08
 Reference value :  3.68675e-08
 Reference value :  3.68875e-08
 Reference value :  3.69075e-08
 Reference value :  3.69275e-08
 Reference value :  3.69475e-08
 Reference value :  3.69725e-08
 Reference value :  3.69925e-08
 Reference value :  3.70125e-08
 Reference value :  3.70275e-08
 Reference value :  3.70475e-08
 Reference value :  3.70675e-08
 Reference value :  3.70875e-08
 Reference value :  3.71025e-08
 Reference value :  3.71225e-08
 Reference value :  3.71525e-08
 Reference value :  3.71725e-08
 Reference value :  3.71875e-08
 Reference value :  3.72075e-08
 Reference value :  3.72225e-08
 Reference value :  3.72475e-08
 Reference value :  3.72625e-08
 Reference value :  3.72825e-08
 Reference value :  3.73025e-08
 Reference value :  3.73225e-08
 Reference value :  3.73425e-08
 Reference value :  3.73625e-08
 Reference value :  3.73825e-08
 Reference value :  3.74025e-08
 Reference value :  3.74225e-08
 Reference value :  3.74375e-08
 Reference value :  3.74575e-08
 Reference value :  3.74775e-08
 Reference value :  3.75025e-08
 Reference value :  3.75225e-08
 Reference value :  3.75375e-08
 Reference value :  3.75575e-08
 Reference value :  3.75775e-08
 Reference value :  3.75975e-08
 Reference value :  3.76175e-08
 Reference value :  3.76325e-08
 Reference value :  3.76575e-08
 Reference value :  3.76775e-08
 Reference value :  3.76975e-08
 Reference value :  3.77175e-08
 Reference value :  3.77425e-08
 Reference value :  3.77625e-08
 Reference value :  3.77825e-08
 Reference value :  3.77975e-08
 Reference value :  3.78175e-08
 Reference value :  3.78325e-08
 Reference value :  3.78525e-08
 Reference value :  3.78725e-08
 Reference value :  3.78925e-08
 Reference value :  3.79125e-08
 Reference value :  3.79275e-08
 Reference value :  3.79475e-08
 Reference value :  3.79625e-08
 Reference value :  3.79875e-08
 Reference value :  3.80075e-08
 Reference value :  3.80325e-08
 Reference value :  3.80525e-08
 Reference value :  3.80725e-08
 Reference value :  3.80975e-08
 Reference value :  3.81175e-08
 Reference value :  3.81425e-08
 Reference value :  3.81575e-08
 Reference value :  3.81825e-08
 Reference value :  3.82025e-08
 Reference value :  3.82225e-08
 Reference value :  3.82425e-08
 Reference value :  3.82675e-08
 Reference value :  3.82875e-08
 Reference value :  3.83075e-08
 Reference value :  3.83275e-08
 Reference value :  3.83525e-08
 Reference value :  3.83725e-08
 Reference value :  3.83925e-08
 Reference value :  3.84125e-08
 Reference value :  3.84325e-08
 Reference value :  3.84525e-08
 Reference value :  3.84725e-08
 Reference value :  3.84875e-08
 Reference value :  3.85075e-08
 Reference value :  3.85275e-08
 Reference value :  3.85475e-08
 Reference value :  3.85675e-08
 Reference value :  3.85875e-08
 Reference value :  3.86025e-08
 Reference value :  3.86275e-08
 Reference value :  3.86475e-08
 Reference value :  3.86675e-08
 Reference value :  3.86925e-08
 Reference value :  3.87075e-08
 Reference value :  3.87275e-08
 Reference value :  3.87475e-08
 Reference value :  3.87675e-08
 Reference value :  3.87875e-08
 Reference value :  3.88075e-08
 Reference value :  3.88325e-08
 Reference value :  3.88525e-08
 Reference value :  3.88725e-08
 Reference value :  3.89025e-08
 Reference value :  3.89225e-08
 Reference value :  3.89375e-08
 Reference value :  3.89575e-08
 Reference value :  3.89775e-08
 Reference value :  3.89975e-08
 Reference value :  3.90225e-08
 Reference value :  3.90425e-08
 Reference value :  3.90625e-08
 Reference value :  3.90825e-08
 Reference value :  3.91025e-08
 Reference value :  3.91175e-08
 Reference value :  3.91425e-08
 Reference value :  3.91625e-08
 Reference value :  3.91825e-08
 Reference value :  3.92025e-08
 Reference value :  3.92225e-08
 Reference value :  3.92425e-08
 Reference value :  3.92625e-08
 Reference value :  3.92825e-08
 Reference value :  3.93025e-08
 Reference value :  3.93175e-08
 Reference value :  3.93375e-08
 Reference value :  3.93625e-08
 Reference value :  3.93825e-08
 Reference value :  3.94025e-08
 Reference value :  3.94225e-08
 Reference value :  3.94425e-08
 Reference value :  3.94725e-08
 Reference value :  3.94975e-08
 Reference value :  3.95225e-08
 Reference value :  3.95425e-08
 Reference value :  3.95675e-08
 Reference value :  3.95875e-08
 Reference value :  3.96125e-08
 Reference value :  3.96375e-08
 Reference value :  3.96575e-08
 Reference value :  3.96825e-08
 Reference value :  3.96975e-08
 Reference value :  3.97175e-08
 Reference value :  3.97325e-08
 Reference value :  3.97525e-08
 Reference value :  3.97675e-08
 Reference value :  3.97875e-08
 Reference value :  3.98075e-08
 Reference value :  3.98375e-08
 Reference value :  3.98575e-08
 Reference value :  3.98775e-08
 Reference value :  3.98975e-08
 Reference value :  3.99175e-08
 Reference value :  3.99375e-08
 Reference value :  3.99575e-08
 Reference value :  3.99825e-08
 Reference value :  4.00075e-08
 Reference value :  4.00325e-08
 Reference value :  4.00525e-08
 Reference value :  4.00775e-08
 Reference value :  4.00925e-08
 Reference value :  4.01175e-08
 Reference value :  4.01375e-08
 Reference value :  4.01575e-08
 Reference value :  4.01775e-08
 Reference value :  4.01975e-08
 Reference value :  4.02175e-08
 Reference value :  4.02375e-08
 Reference value :  4.02525e-08
 Reference value :  4.02725e-08
 Reference value :  4.02925e-08
 Reference value :  4.03075e-08
 Reference value :  4.03275e-08
 Reference value :  4.03475e-08
 Reference value :  4.03725e-08
 Reference value :  4.03975e-08
 Reference value :  4.04175e-08
 Reference value :  4.04375e-08
 Reference value :  4.04575e-08
 Reference value :  4.04825e-08
 Reference value :  4.05025e-08
 Reference value :  4.05225e-08
 Reference value :  4.05425e-08
 Reference value :  4.05575e-08
 Reference value :  4.05775e-08
 Reference value :  4.05975e-08
 Reference value :  4.06175e-08
 Reference value :  4.06375e-08
 Reference value :  4.06625e-08
 Reference value :  4.06875e-08
 Reference value :  4.07025e-08
 Reference value :  4.07175e-08
 Reference value :  4.07325e-08
 Reference value :  4.07475e-08
 Reference value :  4.07675e-08
 Reference value :  4.07875e-08
 Reference value :  4.08075e-08
 Reference value :  4.08225e-08
 Reference value :  4.08425e-08
 Reference value :  4.08625e-08
 Reference value :  4.08825e-08
 Reference value :  4.09025e-08
 Reference value :  4.09225e-08
 Reference value :  4.09425e-08
 Reference value :  4.09625e-08
 Reference value :  4.09875e-08
 Reference value :  4.10075e-08
 Reference value :  4.10275e-08
 Reference value :  4.10475e-08
 Reference value :  4.10725e-08
 Reference value :  4.10925e-08
 Reference value :  4.11125e-08
 Reference value :  4.11325e-08
 Reference value :  4.11525e-08
 Reference value :  4.11775e-08
 Reference value :  4.11975e-08
 Reference value :  4.12175e-08
 Reference value :  4.12375e-08
 Reference value :  4.12575e-08
 Reference value :  4.12775e-08
 Reference value :  4.12925e-08
 Reference value :  4.13125e-08
 Reference value :  4.13375e-08
 Reference value :  4.13575e-08
 Reference value :  4.13775e-08
 Reference value :  4.13925e-08
 Reference value :  4.14075e-08
 Reference value :  4.14275e-08
 Reference value :  4.14475e-08
 Reference value :  4.14675e-08
 Reference value :  4.14875e-08
 Reference value :  4.15075e-08
 Reference value :  4.15275e-08
 Reference value :  4.15475e-08
 Reference value :  4.15675e-08
 Reference value :  4.15925e-08
 Reference value :  4.16125e-08
 Reference value :  4.16425e-08
 Reference value :  4.16675e-08
 Reference value :  4.16875e-08
 Reference value :  4.17075e-08
 Reference value :  4.17275e-08
 Reference value :  4.17475e-08
 Reference value :  4.17675e-08
 Reference value :  4.17875e-08
 Reference value :  4.18025e-08
 Reference value :  4.18225e-08
 Reference value :  4.18475e-08
 Reference value :  4.18675e-08
 Reference value :  4.18875e-08
 Reference value :  4.19025e-08
 Reference value :  4.19225e-08
 Reference value :  4.19425e-08
 Reference value :  4.19625e-08
 Reference value :  4.19875e-08
 Reference value :  4.20125e-08
 Reference value :  4.20425e-08
 Reference value :  4.20625e-08
 Reference value :  4.20825e-08
 Reference value :  4.21025e-08
 Reference value :  4.21225e-08
 Reference value :  4.21425e-08
 Reference value :  4.21625e-08
 Reference value :  4.21825e-08
 Reference value :  4.22075e-08
 Reference value :  4.22275e-08
 Reference value :  4.22475e-08
 Reference value :  4.22625e-08
 Reference value :  4.22825e-08
 Reference value :  4.23075e-08
 Reference value :  4.23275e-08
 Reference value :  4.23525e-08
 Reference value :  4.23775e-08
 Reference value :  4.23975e-08
 Reference value :  4.24225e-08
 Reference value :  4.24375e-08
 Reference value :  4.24575e-08
 Reference value :  4.24775e-08
 Reference value :  4.24975e-08
 Reference value :  4.25175e-08
 Reference value :  4.25375e-08
 Reference value :  4.25625e-08
 Reference value :  4.25825e-08
 Reference value :  4.26025e-08
 Reference value :  4.26225e-08
 Reference value :  4.26425e-08
 Reference value :  4.26675e-08
 Reference value :  4.26875e-08
 Reference value :  4.27025e-08
 Reference value :  4.27225e-08
 Reference value :  4.27475e-08
 Reference value :  4.27675e-08
 Reference value :  4.27875e-08
 Reference value :  4.28075e-08
 Reference value :  4.28325e-08
 Reference value :  4.28625e-08
 Reference value :  4.28875e-08
 Reference value :  4.29125e-08
 Reference value :  4.29325e-08
 Reference value :  4.29525e-08
 Reference value :  4.29725e-08
 Reference value :  4.29975e-08
 Reference value :  4.30225e-08
 Reference value :  4.30475e-08
 Reference value :  4.30625e-08
 Reference value :  4.30825e-08
 Reference value :  4.30975e-08
 Reference value :  4.31175e-08
 Reference value :  4.31325e-08
 Reference value :  4.31525e-08
 Reference value :  4.31725e-08
 Reference value :  4.31925e-08
 Reference value :  4.32125e-08
 Reference value :  4.32325e-08
 Reference value :  4.32525e-08
 Reference value :  4.32675e-08
 Reference value :  4.32875e-08
 Reference value :  4.33075e-08
 Reference value :  4.33225e-08
 Reference value :  4.33475e-08
 Reference value :  4.33725e-08
 Reference value :  4.33925e-08
 Reference value :  4.34125e-08
 Reference value :  4.34325e-08
 Reference value :  4.34475e-08
 Reference value :  4.34625e-08
 Reference value :  4.34775e-08
 Reference value :  4.34975e-08
 Reference value :  4.35225e-08
 Reference value :  4.35425e-08
 Reference value :  4.35625e-08
 Reference value :  4.35875e-08
 Reference value :  4.36075e-08
 Reference value :  4.36225e-08
 Reference value :  4.36425e-08
 Reference value :  4.36625e-08
 Reference value :  4.36875e-08
 Reference value :  4.37075e-08
 Reference value :  4.37275e-08
 Reference value :  4.37525e-08
 Reference value :  4.37775e-08
 Reference value :  4.38025e-08
 Reference value :  4.38225e-08
 Reference value :  4.38375e-08
 Reference value :  4.38575e-08
 Reference value :  4.38775e-08
 Reference value :  4.39025e-08
 Reference value :  4.39225e-08
 Reference value :  4.39425e-08
 Reference value :  4.39675e-08
 Reference value :  4.39875e-08
 Reference value :  4.40025e-08
 Reference value :  4.40175e-08
 Reference value :  4.40325e-08
 Reference value :  4.40475e-08
 Reference value :  4.40625e-08
 Reference value :  4.40825e-08
 Reference value :  4.41025e-08
 Reference value :  4.41275e-08
 Reference value :  4.41475e-08
 Reference value :  4.41675e-08
 Reference value :  4.41875e-08
 Reference value :  4.42025e-08
 Reference value :  4.42225e-08
 Reference value :  4.42425e-08
 Reference value :  4.42625e-08
 Reference value :  4.42825e-08
 Reference value :  4.43025e-08
 Reference value :  4.43225e-08
 Reference value :  4.43425e-08
 Reference value :  4.43625e-08
 Reference value :  4.43825e-08
 Reference value :  4.43975e-08
 Reference value :  4.44175e-08
 Reference value :  4.44375e-08
 Reference value :  4.44575e-08
 Reference value :  4.44775e-08
 Reference value :  4.45025e-08
 Reference value :  4.45225e-08
 Reference value :  4.45375e-08
 Reference value :  4.45575e-08
 Reference value :  4.45775e-08
 Reference value :  4.45975e-08
 Reference value :  4.46125e-08
 Reference value :  4.46325e-08
 Reference value :  4.46525e-08
 Reference value :  4.46725e-08
 Reference value :  4.46925e-08
 Reference value :  4.47125e-08
 Reference value :  4.47325e-08
 Reference value :  4.47475e-08
 Reference value :  4.47675e-08
 Reference value :  4.47925e-08
 Reference value :  4.48075e-08
 Reference value :  4.48275e-08
 Reference value :  4.48475e-08
 Reference value :  4.48725e-08
 Reference value :  4.48925e-08
 Reference value :  4.49125e-08
 Reference value :  4.49325e-08
 Reference value :  4.49475e-08
 Reference value :  4.49675e-08
 Reference value :  4.49825e-08
 Reference value :  4.50075e-08
 Reference value :  4.50275e-08
 Reference value :  4.50425e-08
 Reference value :  4.50625e-08
 Reference value :  4.50825e-08
 Reference value :  4.51000e-08
No. of Data Rows : 9034
Note: Simulation executed from .control section 
