
Note: Compatibility modes selected: hs a


Circuit: * comparator-decision regen-time sweep -- vindiff=50mv corner=sf temp=125.0c (issue #9)

option SCALE: Scale is set to 1e-06 for instance and model parameters
option SCALE: Scale is set to 1e-06 for instance and model parameters
option SCALE: Scale is set to 1e-06 for instance and model parameters
option SCALE: Scale is set to 1e-06 for instance and model parameters
Doing analysis at TEMP = 125.000000 and TNOM = 27.000000

Using KLU as Direct Linear Solver
 Reference value :  0.00000e+00
 Reference value :  8.00000e-13
 Reference value :  6.40000e-12
 Reference value :  2.64000e-11
 Reference value :  4.64000e-11
 Reference value :  6.64000e-11
 Reference value :  9.14000e-11
 Reference value :  1.16400e-10
 Reference value :  1.36400e-10
 Reference value :  1.61400e-10
 Reference value :  1.81400e-10
 Reference value :  1.96400e-10
 Reference value :  2.11400e-10
 Reference value :  2.31400e-10
 Reference value :  2.51400e-10
 Reference value :  2.76400e-10
 Reference value :  2.96400e-10
 Reference value :  3.16400e-10
 Reference value :  3.31400e-10
 Reference value :  3.56400e-10
 Reference value :  3.76400e-10
 Reference value :  3.96400e-10
 Reference value :  4.16400e-10
 Reference value :  4.36400e-10
 Reference value :  4.56400e-10
 Reference value :  4.76400e-10
 Reference value :  4.96400e-10
 Reference value :  5.21400e-10
 Reference value :  5.41400e-10
 Reference value :  5.61400e-10
 Reference value :  5.81400e-10
 Reference value :  6.01400e-10
 Reference value :  6.31400e-10
 Reference value :  6.51400e-10
 Reference value :  6.71400e-10
 Reference value :  6.91400e-10
 Reference value :  7.11400e-10
 Reference value :  7.31400e-10
 Reference value :  7.51400e-10
 Reference value :  7.71400e-10
 Reference value :  7.91400e-10
 Reference value :  8.06400e-10
 Reference value :  8.26400e-10
 Reference value :  8.46400e-10
 Reference value :  8.66400e-10
 Reference value :  8.81400e-10
 Reference value :  9.01400e-10
 Reference value :  9.21400e-10
 Reference value :  9.36400e-10
 Reference value :  9.61400e-10
 Reference value :  9.81400e-10
 Reference value :  1.00140e-09
 Reference value :  1.02140e-09
 Reference value :  1.04140e-09
 Reference value :  1.06140e-09
 Reference value :  1.07640e-09
 Reference value :  1.09640e-09
 Reference value :  1.11640e-09
 Reference value :  1.14140e-09
 Reference value :  1.16140e-09
 Reference value :  1.18140e-09
 Reference value :  1.20140e-09
 Reference value :  1.22140e-09
 Reference value :  1.24640e-09
 Reference value :  1.27140e-09
 Reference value :  1.29640e-09
 Reference value :  1.31640e-09
 Reference value :  1.33640e-09
 Reference value :  1.35640e-09
 Reference value :  1.37640e-09
 Reference value :  1.39640e-09
 Reference value :  1.41640e-09
 Reference value :  1.43640e-09
 Reference value :  1.47140e-09
 Reference value :  1.49140e-09
 Reference value :  1.51640e-09
 Reference value :  1.53640e-09
 Reference value :  1.55640e-09
 Reference value :  1.57640e-09
 Reference value :  1.59640e-09
 Reference value :  1.62140e-09
 Reference value :  1.64640e-09
 Reference value :  1.66140e-09
 Reference value :  1.68140e-09
 Reference value :  1.70140e-09
 Reference value :  1.72640e-09
 Reference value :  1.74640e-09
 Reference value :  1.76640e-09
 Reference value :  1.78640e-09
 Reference value :  1.80640e-09
 Reference value :  1.82640e-09
 Reference value :  1.84140e-09
 Reference value :  1.86140e-09
 Reference value :  1.88640e-09
 Reference value :  1.91140e-09
 Reference value :  1.93140e-09
 Reference value :  1.95140e-09
 Reference value :  1.97640e-09
 Reference value :  1.99640e-09
 Reference value :  2.01640e-09
 Reference value :  2.04140e-09
 Reference value :  2.06640e-09
 Reference value :  2.09640e-09
 Reference value :  2.12140e-09
 Reference value :  2.14140e-09
 Reference value :  2.16140e-09
 Reference value :  2.18140e-09
 Reference value :  2.20140e-09
 Reference value :  2.22640e-09
 Reference value :  2.26640e-09
 Reference value :  2.28640e-09
 Reference value :  2.31140e-09
 Reference value :  2.34140e-09
 Reference value :  2.36140e-09
 Reference value :  2.38140e-09
 Reference value :  2.40140e-09
 Reference value :  2.42140e-09
 Reference value :  2.43640e-09
 Reference value :  2.45640e-09
 Reference value :  2.47640e-09
 Reference value :  2.50140e-09
 Reference value :  2.52640e-09
 Reference value :  2.55140e-09
 Reference value :  2.58140e-09
 Reference value :  2.60140e-09
 Reference value :  2.62140e-09
 Reference value :  2.64140e-09
 Reference value :  2.65640e-09
 Reference value :  2.68140e-09
 Reference value :  2.69640e-09
 Reference value :  2.71640e-09
 Reference value :  2.73640e-09
 Reference value :  2.75640e-09
 Reference value :  2.77640e-09
 Reference value :  2.79140e-09
 Reference value :  2.81140e-09
 Reference value :  2.83640e-09
 Reference value :  2.85640e-09
 Reference value :  2.87640e-09
 Reference value :  2.89640e-09
 Reference value :  2.91140e-09
 Reference value :  2.93640e-09
 Reference value :  2.95640e-09
 Reference value :  2.97640e-09
 Reference value :  2.99640e-09
 Reference value :  3.02140e-09
 Reference value :  3.04140e-09
 Reference value :  3.06640e-09
 Reference value :  3.08640e-09
 Reference value :  3.11140e-09
 Reference value :  3.13140e-09
 Reference value :  3.15140e-09
 Reference value :  3.17140e-09
 Reference value :  3.19140e-09
 Reference value :  3.21140e-09
 Reference value :  3.22640e-09
 Reference value :  3.24640e-09
 Reference value :  3.27140e-09
 Reference value :  3.29140e-09
 Reference value :  3.31140e-09
 Reference value :  3.33640e-09
 Reference value :  3.36140e-09
 Reference value :  3.38140e-09
 Reference value :  3.40140e-09
 Reference value :  3.42640e-09
 Reference value :  3.44640e-09
 Reference value :  3.46140e-09
 Reference value :  3.48140e-09
 Reference value :  3.50140e-09
 Reference value :  3.52140e-09
 Reference value :  3.54140e-09
 Reference value :  3.56640e-09
 Reference value :  3.58640e-09
 Reference value :  3.60640e-09
 Reference value :  3.62640e-09
 Reference value :  3.64640e-09
 Reference value :  3.67140e-09
 Reference value :  3.69140e-09
 Reference value :  3.71640e-09
 Reference value :  3.74140e-09
 Reference value :  3.76640e-09
 Reference value :  3.78640e-09
 Reference value :  3.80640e-09
 Reference value :  3.83140e-09
 Reference value :  3.85140e-09
 Reference value :  3.86640e-09
 Reference value :  3.88640e-09
 Reference value :  3.90640e-09
 Reference value :  3.92140e-09
 Reference value :  3.93640e-09
 Reference value :  3.96140e-09
 Reference value :  3.98640e-09
 Reference value :  4.00640e-09
 Reference value :  4.02640e-09
 Reference value :  4.04640e-09
 Reference value :  4.07140e-09
 Reference value :  4.09140e-09
 Reference value :  4.11140e-09
 Reference value :  4.13140e-09
 Reference value :  4.16140e-09
 Reference value :  4.18640e-09
 Reference value :  4.21140e-09
 Reference value :  4.23140e-09
 Reference value :  4.24640e-09
 Reference value :  4.26640e-09
 Reference value :  4.28640e-09
 Reference value :  4.30640e-09
 Reference value :  4.32640e-09
 Reference value :  4.34140e-09
 Reference value :  4.36640e-09
 Reference value :  4.39140e-09
 Reference value :  4.41140e-09
 Reference value :  4.43140e-09
 Reference value :  4.46140e-09
 Reference value :  4.48640e-09
 Reference value :  4.51140e-09
 Reference value :  4.53640e-09
 Reference value :  4.56140e-09
 Reference value :  4.58140e-09
 Reference value :  4.60140e-09
 Reference value :  4.62140e-09
 Reference value :  4.64640e-09
 Reference value :  4.66640e-09
 Reference value :  4.68140e-09
 Reference value :  4.70140e-09
 Reference value :  4.72640e-09
 Reference value :  4.74640e-09
 Reference value :  4.76640e-09
 Reference value :  4.78640e-09
 Reference value :  4.80640e-09
 Reference value :  4.82640e-09
 Reference value :  4.85140e-09
 Reference value :  4.87640e-09
 Reference value :  4.90140e-09
 Reference value :  4.92140e-09
 Reference value :  4.94640e-09
 Reference value :  4.96640e-09
 Reference value :  4.99140e-09
 Reference value :  5.00050e-09
 Reference value :  5.01750e-09
 Reference value :  5.04250e-09
 Reference value :  5.06750e-09
 Reference value :  5.08750e-09
 Reference value :  5.10150e-09
 Reference value :  5.12250e-09
 Reference value :  5.14750e-09
 Reference value :  5.17250e-09
 Reference value :  5.19750e-09
 Reference value :  5.21750e-09
 Reference value :  5.23750e-09
 Reference value :  5.25750e-09
 Reference value :  5.27750e-09
 Reference value :  5.29750e-09
 Reference value :  5.31750e-09
 Reference value :  5.34250e-09
 Reference value :  5.36250e-09
 Reference value :  5.38250e-09
 Reference value :  5.39750e-09
 Reference value :  5.41250e-09
 Reference value :  5.42750e-09
 Reference value :  5.44750e-09
 Reference value :  5.46250e-09
 Reference value :  5.47750e-09
 Reference value :  5.49750e-09
 Reference value :  5.51750e-09
 Reference value :  5.54250e-09
 Reference value :  5.55750e-09
 Reference value :  5.57250e-09
 Reference value :  5.59250e-09
 Reference value :  5.61250e-09
 Reference value :  5.63250e-09
 Reference value :  5.65750e-09
 Reference value :  5.67750e-09
 Reference value :  5.70250e-09
 Reference value :  5.72250e-09
 Reference value :  5.74250e-09
 Reference value :  5.76250e-09
 Reference value :  5.77750e-09
 Reference value :  5.80250e-09
 Reference value :  5.82250e-09
 Reference value :  5.84750e-09
 Reference value :  5.86750e-09
 Reference value :  5.88750e-09
 Reference value :  5.91250e-09
 Reference value :  5.93750e-09
 Reference value :  5.95750e-09
 Reference value :  5.97750e-09
 Reference value :  5.99750e-09
 Reference value :  6.01750e-09
 Reference value :  6.03750e-09
 Reference value :  6.06250e-09
 Reference value :  6.08750e-09
 Reference value :  6.10750e-09
 Reference value :  6.12750e-09
 Reference value :  6.15250e-09
 Reference value :  6.17750e-09
 Reference value :  6.19750e-09
 Reference value :  6.21750e-09
 Reference value :  6.23750e-09
 Reference value :  6.25750e-09
 Reference value :  6.27750e-09
 Reference value :  6.30750e-09
 Reference value :  6.33250e-09
 Reference value :  6.34750e-09
 Reference value :  6.36250e-09
 Reference value :  6.38750e-09
 Reference value :  6.40250e-09
 Reference value :  6.42250e-09
 Reference value :  6.43750e-09
 Reference value :  6.45750e-09
 Reference value :  6.48250e-09
 Reference value :  6.50250e-09
 Reference value :  6.52250e-09
 Reference value :  6.54250e-09
 Reference value :  6.56750e-09
 Reference value :  6.58750e-09
 Reference value :  6.61250e-09
 Reference value :  6.63750e-09
 Reference value :  6.65750e-09
 Reference value :  6.67750e-09
 Reference value :  6.69750e-09
 Reference value :  6.71750e-09
 Reference value :  6.73250e-09
 Reference value :  6.75250e-09
 Reference value :  6.76750e-09
 Reference value :  6.78750e-09
 Reference value :  6.80250e-09
 Reference value :  6.82250e-09
 Reference value :  6.84250e-09
 Reference value :  6.86250e-09
 Reference value :  6.88750e-09
 Reference value :  6.90750e-09
 Reference value :  6.92750e-09
 Reference value :  6.94750e-09
 Reference value :  6.96250e-09
 Reference value :  6.98250e-09
 Reference value :  7.00250e-09
 Reference value :  7.02750e-09
 Reference value :  7.05250e-09
 Reference value :  7.07750e-09
 Reference value :  7.09750e-09
 Reference value :  7.11750e-09
 Reference value :  7.14250e-09
 Reference value :  7.16250e-09
 Reference value :  7.18250e-09
 Reference value :  7.20250e-09
 Reference value :  7.22250e-09
 Reference value :  7.24250e-09
 Reference value :  7.26250e-09
 Reference value :  7.28250e-09
 Reference value :  7.29750e-09
 Reference value :  7.31750e-09
 Reference value :  7.33250e-09
 Reference value :  7.34750e-09
 Reference value :  7.36750e-09
 Reference value :  7.38750e-09
 Reference value :  7.40750e-09
 Reference value :  7.42750e-09
 Reference value :  7.44750e-09
 Reference value :  7.46250e-09
 Reference value :  7.48250e-09
 Reference value :  7.50750e-09
 Reference value :  7.52750e-09
 Reference value :  7.54250e-09
 Reference value :  7.55750e-09
 Reference value :  7.57750e-09
 Reference value :  7.59750e-09
 Reference value :  7.61750e-09
 Reference value :  7.63750e-09
 Reference value :  7.66250e-09
 Reference value :  7.68250e-09
 Reference value :  7.69750e-09
 Reference value :  7.71750e-09
 Reference value :  7.73750e-09
 Reference value :  7.75250e-09
 Reference value :  7.76750e-09
 Reference value :  7.79250e-09
 Reference value :  7.81250e-09
 Reference value :  7.83750e-09
 Reference value :  7.86250e-09
 Reference value :  7.88750e-09
 Reference value :  7.90750e-09
 Reference value :  7.92750e-09
 Reference value :  7.94750e-09
 Reference value :  7.96750e-09
 Reference value :  7.98750e-09
 Reference value :  8.00750e-09
 Reference value :  8.02750e-09
 Reference value :  8.04250e-09
 Reference value :  8.05750e-09
 Reference value :  8.07750e-09
 Reference value :  8.09250e-09
 Reference value :  8.11250e-09
 Reference value :  8.12750e-09
 Reference value :  8.14750e-09
 Reference value :  8.16750e-09
 Reference value :  8.19250e-09
 Reference value :  8.21250e-09
 Reference value :  8.23250e-09
 Reference value :  8.25750e-09
 Reference value :  8.28250e-09
 Reference value :  8.30250e-09
 Reference value :  8.32250e-09
 Reference value :  8.34750e-09
 Reference value :  8.36750e-09
 Reference value :  8.38750e-09
 Reference value :  8.40250e-09
 Reference value :  8.42750e-09
 Reference value :  8.44250e-09
 Reference value :  8.46250e-09
 Reference value :  8.48250e-09
 Reference value :  8.50250e-09
 Reference value :  8.52750e-09
 Reference value :  8.55250e-09
 Reference value :  8.57250e-09
 Reference value :  8.58750e-09
 Reference value :  8.60750e-09
 Reference value :  8.62750e-09
 Reference value :  8.64750e-09
 Reference value :  8.67250e-09
 Reference value :  8.69250e-09
 Reference value :  8.70750e-09
 Reference value :  8.72750e-09
 Reference value :  8.74750e-09
 Reference value :  8.76750e-09
 Reference value :  8.79250e-09
 Reference value :  8.81250e-09
 Reference value :  8.83250e-09
 Reference value :  8.86750e-09
 Reference value :  8.88750e-09
 Reference value :  8.90750e-09
 Reference value :  8.92750e-09
 Reference value :  8.95250e-09
 Reference value :  8.97250e-09
 Reference value :  8.99750e-09
 Reference value :  9.01250e-09
 Reference value :  9.03750e-09
 Reference value :  9.05750e-09
 Reference value :  9.07750e-09
 Reference value :  9.09750e-09
 Reference value :  9.11750e-09
 Reference value :  9.13250e-09
 Reference value :  9.15250e-09
 Reference value :  9.17250e-09
 Reference value :  9.19750e-09
 Reference value :  9.21750e-09
 Reference value :  9.23750e-09
 Reference value :  9.25750e-09
 Reference value :  9.27250e-09
 Reference value :  9.28750e-09
 Reference value :  9.30750e-09
 Reference value :  9.32750e-09
 Reference value :  9.34750e-09
 Reference value :  9.37250e-09
 Reference value :  9.40250e-09
 Reference value :  9.42250e-09
 Reference value :  9.44250e-09
 Reference value :  9.46250e-09
 Reference value :  9.48250e-09
 Reference value :  9.50250e-09
 Reference value :  9.52750e-09
 Reference value :  9.54750e-09
 Reference value :  9.56750e-09
 Reference value :  9.58750e-09
 Reference value :  9.60750e-09
 Reference value :  9.62750e-09
 Reference value :  9.64750e-09
 Reference value :  9.66750e-09
 Reference value :  9.68750e-09
 Reference value :  9.70750e-09
 Reference value :  9.72250e-09
 Reference value :  9.74250e-09
 Reference value :  9.76250e-09
 Reference value :  9.78250e-09
 Reference value :  9.80250e-09
 Reference value :  9.82250e-09
 Reference value :  9.84250e-09
 Reference value :  9.86750e-09
 Reference value :  9.88750e-09
 Reference value :  9.91250e-09
 Reference value :  9.93250e-09
 Reference value :  9.95250e-09
 Reference value :  9.96750e-09
 Reference value :  9.98750e-09
 Reference value :  1.00075e-08
 Reference value :  1.00275e-08
 Reference value :  1.00475e-08
 Reference value :  1.00675e-08
 Reference value :  1.00875e-08
 Reference value :  1.01075e-08
 Reference value :  1.01275e-08
 Reference value :  1.01475e-08
 Reference value :  1.01675e-08
 Reference value :  1.01875e-08
 Reference value :  1.02075e-08
 Reference value :  1.02275e-08
 Reference value :  1.02525e-08
 Reference value :  1.02725e-08
 Reference value :  1.02925e-08
 Reference value :  1.03125e-08
 Reference value :  1.03325e-08
 Reference value :  1.03525e-08
 Reference value :  1.03775e-08
 Reference value :  1.03975e-08
 Reference value :  1.04175e-08
 Reference value :  1.04375e-08
 Reference value :  1.04625e-08
 Reference value :  1.04825e-08
 Reference value :  1.05025e-08
 Reference value :  1.05225e-08
 Reference value :  1.05425e-08
 Reference value :  1.05625e-08
 Reference value :  1.05825e-08
 Reference value :  1.06025e-08
 Reference value :  1.06275e-08
 Reference value :  1.06475e-08
 Reference value :  1.06675e-08
 Reference value :  1.06875e-08
 Reference value :  1.07075e-08
 Reference value :  1.07275e-08
 Reference value :  1.07475e-08
 Reference value :  1.07675e-08
 Reference value :  1.07875e-08
 Reference value :  1.08075e-08
 Reference value :  1.08275e-08
 Reference value :  1.08475e-08
 Reference value :  1.08675e-08
 Reference value :  1.08925e-08
 Reference value :  1.09125e-08
 Reference value :  1.09325e-08
 Reference value :  1.09525e-08
 Reference value :  1.09675e-08
 Reference value :  1.09875e-08
 Reference value :  1.10075e-08
 Reference value :  1.10275e-08
 Reference value :  1.10475e-08
 Reference value :  1.10675e-08
 Reference value :  1.10875e-08
 Reference value :  1.11075e-08
 Reference value :  1.11275e-08
 Reference value :  1.11525e-08
 Reference value :  1.11725e-08
 Reference value :  1.11925e-08
 Reference value :  1.12125e-08
 Reference value :  1.12325e-08
 Reference value :  1.12525e-08
 Reference value :  1.12725e-08
 Reference value :  1.12925e-08
 Reference value :  1.13125e-08
 Reference value :  1.13325e-08
 Reference value :  1.13525e-08
 Reference value :  1.13725e-08
 Reference value :  1.13925e-08
 Reference value :  1.14125e-08
 Reference value :  1.14325e-08
 Reference value :  1.14525e-08
 Reference value :  1.14675e-08
 Reference value :  1.14875e-08
 Reference value :  1.15075e-08
 Reference value :  1.15275e-08
 Reference value :  1.15525e-08
 Reference value :  1.15725e-08
 Reference value :  1.15925e-08
 Reference value :  1.16125e-08
 Reference value :  1.16375e-08
 Reference value :  1.16575e-08
 Reference value :  1.16775e-08
 Reference value :  1.17025e-08
 Reference value :  1.17275e-08
 Reference value :  1.17525e-08
 Reference value :  1.17725e-08
 Reference value :  1.17925e-08
 Reference value :  1.18125e-08
 Reference value :  1.18325e-08
 Reference value :  1.18525e-08
 Reference value :  1.18775e-08
 Reference value :  1.18975e-08
 Reference value :  1.19225e-08
 Reference value :  1.19425e-08
 Reference value :  1.19625e-08
 Reference value :  1.19825e-08
 Reference value :  1.20075e-08
 Reference value :  1.20325e-08
 Reference value :  1.20525e-08
 Reference value :  1.20725e-08
 Reference value :  1.20925e-08
 Reference value :  1.21175e-08
 Reference value :  1.21425e-08
 Reference value :  1.21625e-08
 Reference value :  1.21775e-08
 Reference value :  1.21975e-08
 Reference value :  1.22125e-08
 Reference value :  1.22325e-08
 Reference value :  1.22525e-08
 Reference value :  1.22725e-08
 Reference value :  1.22925e-08
 Reference value :  1.23125e-08
 Reference value :  1.23275e-08
 Reference value :  1.23525e-08
 Reference value :  1.23725e-08
 Reference value :  1.23925e-08
 Reference value :  1.24125e-08
 Reference value :  1.24375e-08
 Reference value :  1.24575e-08
 Reference value :  1.24775e-08
 Reference value :  1.24975e-08
 Reference value :  1.25175e-08
 Reference value :  1.25375e-08
 Reference value :  1.25575e-08
 Reference value :  1.25825e-08
 Reference value :  1.26075e-08
 Reference value :  1.26325e-08
 Reference value :  1.26525e-08
 Reference value :  1.26775e-08
 Reference value :  1.26925e-08
 Reference value :  1.27125e-08
 Reference value :  1.27375e-08
 Reference value :  1.27575e-08
 Reference value :  1.27725e-08
 Reference value :  1.27925e-08
 Reference value :  1.28125e-08
 Reference value :  1.28325e-08
 Reference value :  1.28475e-08
 Reference value :  1.28625e-08
 Reference value :  1.28875e-08
 Reference value :  1.29075e-08
 Reference value :  1.29275e-08
 Reference value :  1.29475e-08
 Reference value :  1.29675e-08
 Reference value :  1.29875e-08
 Reference value :  1.30025e-08
 Reference value :  1.30225e-08
 Reference value :  1.30375e-08
 Reference value :  1.30575e-08
 Reference value :  1.30775e-08
 Reference value :  1.30975e-08
 Reference value :  1.31175e-08
 Reference value :  1.31375e-08
 Reference value :  1.31575e-08
 Reference value :  1.31775e-08
 Reference value :  1.31975e-08
 Reference value :  1.32225e-08
 Reference value :  1.32425e-08
 Reference value :  1.32575e-08
 Reference value :  1.32825e-08
 Reference value :  1.33025e-08
 Reference value :  1.33175e-08
 Reference value :  1.33425e-08
 Reference value :  1.33625e-08
 Reference value :  1.33825e-08
 Reference value :  1.34025e-08
 Reference value :  1.34225e-08
 Reference value :  1.34425e-08
 Reference value :  1.34625e-08
 Reference value :  1.34775e-08
 Reference value :  1.34975e-08
 Reference value :  1.35175e-08
 Reference value :  1.35375e-08
 Reference value :  1.35575e-08
 Reference value :  1.35775e-08
 Reference value :  1.35975e-08
 Reference value :  1.36225e-08
 Reference value :  1.36425e-08
 Reference value :  1.36625e-08
 Reference value :  1.36825e-08
 Reference value :  1.37025e-08
 Reference value :  1.37225e-08
 Reference value :  1.37375e-08
 Reference value :  1.37575e-08
 Reference value :  1.37775e-08
 Reference value :  1.37925e-08
 Reference value :  1.38125e-08
 Reference value :  1.38375e-08
 Reference value :  1.38675e-08
 Reference value :  1.38875e-08
 Reference value :  1.39075e-08
 Reference value :  1.39225e-08
 Reference value :  1.39425e-08
 Reference value :  1.39675e-08
 Reference value :  1.39875e-08
 Reference value :  1.40125e-08
 Reference value :  1.40325e-08
 Reference value :  1.40575e-08
 Reference value :  1.40775e-08
 Reference value :  1.40975e-08
 Reference value :  1.41175e-08
 Reference value :  1.41425e-08
 Reference value :  1.41625e-08
 Reference value :  1.41775e-08
 Reference value :  1.41975e-08
 Reference value :  1.42175e-08
 Reference value :  1.42425e-08
 Reference value :  1.42625e-08
 Reference value :  1.42825e-08
 Reference value :  1.43025e-08
 Reference value :  1.43275e-08
 Reference value :  1.43425e-08
 Reference value :  1.43625e-08
 Reference value :  1.43825e-08
 Reference value :  1.44025e-08
 Reference value :  1.44175e-08
 Reference value :  1.44375e-08
 Reference value :  1.44575e-08
 Reference value :  1.44725e-08
 Reference value :  1.44925e-08
 Reference value :  1.45075e-08
 Reference value :  1.45275e-08
 Reference value :  1.45475e-08
 Reference value :  1.45675e-08
 Reference value :  1.45875e-08
 Reference value :  1.46125e-08
 Reference value :  1.46325e-08
 Reference value :  1.46525e-08
 Reference value :  1.46725e-08
 Reference value :  1.46925e-08
 Reference value :  1.47125e-08
 Reference value :  1.47325e-08
 Reference value :  1.47525e-08
 Reference value :  1.47775e-08
 Reference value :  1.47975e-08
 Reference value :  1.48175e-08
 Reference value :  1.48425e-08
 Reference value :  1.48725e-08
 Reference value :  1.48925e-08
 Reference value :  1.49125e-08
 Reference value :  1.49325e-08
 Reference value :  1.49525e-08
 Reference value :  1.49725e-08
 Reference value :  1.49925e-08
 Reference value :  1.50075e-08
 Reference value :  1.50275e-08
 Reference value :  1.50475e-08
 Reference value :  1.50675e-08
 Reference value :  1.50875e-08
 Reference value :  1.51075e-08
 Reference value :  1.51325e-08
 Reference value :  1.51475e-08
 Reference value :  1.51725e-08
 Reference value :  1.51925e-08
 Reference value :  1.52125e-08
 Reference value :  1.52375e-08
 Reference value :  1.52625e-08
 Reference value :  1.52825e-08
 Reference value :  1.52975e-08
 Reference value :  1.53125e-08
 Reference value :  1.53325e-08
 Reference value :  1.53525e-08
 Reference value :  1.53725e-08
 Reference value :  1.53975e-08
 Reference value :  1.54225e-08
 Reference value :  1.54425e-08
 Reference value :  1.54675e-08
 Reference value :  1.54875e-08
 Reference value :  1.55125e-08
 Reference value :  1.55325e-08
 Reference value :  1.55475e-08
 Reference value :  1.55675e-08
 Reference value :  1.55875e-08
 Reference value :  1.56075e-08
 Reference value :  1.56275e-08
 Reference value :  1.56525e-08
 Reference value :  1.56725e-08
 Reference value :  1.56925e-08
 Reference value :  1.57125e-08
 Reference value :  1.57375e-08
 Reference value :  1.57625e-08
 Reference value :  1.57775e-08
 Reference value :  1.57975e-08
 Reference value :  1.58175e-08
 Reference value :  1.58375e-08
 Reference value :  1.58575e-08
 Reference value :  1.58725e-08
 Reference value :  1.58925e-08
 Reference value :  1.59125e-08
 Reference value :  1.59325e-08
 Reference value :  1.59525e-08
 Reference value :  1.59725e-08
 Reference value :  1.59925e-08
 Reference value :  1.60175e-08
 Reference value :  1.60425e-08
 Reference value :  1.60775e-08
 Reference value :  1.61175e-08
 Reference value :  1.61575e-08
 Reference value :  1.61725e-08
 Reference value :  1.61925e-08
 Reference value :  1.62075e-08
 Reference value :  1.62375e-08
 Reference value :  1.62625e-08
 Reference value :  1.62875e-08
 Reference value :  1.63075e-08
 Reference value :  1.63275e-08
 Reference value :  1.63475e-08
 Reference value :  1.63675e-08
 Reference value :  1.63825e-08
 Reference value :  1.64025e-08
 Reference value :  1.64225e-08
 Reference value :  1.64375e-08
 Reference value :  1.64625e-08
 Reference value :  1.64825e-08
 Reference value :  1.65025e-08
 Reference value :  1.65225e-08
 Reference value :  1.65425e-08
 Reference value :  1.65625e-08
 Reference value :  1.65925e-08
 Reference value :  1.66175e-08
 Reference value :  1.66375e-08
 Reference value :  1.66575e-08
 Reference value :  1.66825e-08
 Reference value :  1.67025e-08
 Reference value :  1.67225e-08
 Reference value :  1.67475e-08
 Reference value :  1.67725e-08
 Reference value :  1.67925e-08
 Reference value :  1.68125e-08
 Reference value :  1.68325e-08
 Reference value :  1.68525e-08
 Reference value :  1.68775e-08
 Reference value :  1.68975e-08
 Reference value :  1.69225e-08
 Reference value :  1.69475e-08
 Reference value :  1.69725e-08
 Reference value :  1.69925e-08
 Reference value :  1.70175e-08
 Reference value :  1.70375e-08
 Reference value :  1.70575e-08
 Reference value :  1.70725e-08
 Reference value :  1.70925e-08
 Reference value :  1.71125e-08
 Reference value :  1.71325e-08
 Reference value :  1.71525e-08
 Reference value :  1.71675e-08
 Reference value :  1.71875e-08
 Reference value :  1.72075e-08
 Reference value :  1.72225e-08
 Reference value :  1.72425e-08
 Reference value :  1.72625e-08
 Reference value :  1.72825e-08
 Reference value :  1.73025e-08
 Reference value :  1.73225e-08
 Reference value :  1.73425e-08
 Reference value :  1.73625e-08
 Reference value :  1.73825e-08
 Reference value :  1.74025e-08
 Reference value :  1.74225e-08
 Reference value :  1.74425e-08
 Reference value :  1.74625e-08
 Reference value :  1.74825e-08
 Reference value :  1.75075e-08
 Reference value :  1.75275e-08
 Reference value :  1.75525e-08
 Reference value :  1.75725e-08
 Reference value :  1.75925e-08
 Reference value :  1.76125e-08
 Reference value :  1.76325e-08
 Reference value :  1.76525e-08
 Reference value :  1.76775e-08
 Reference value :  1.76975e-08
 Reference value :  1.77175e-08
 Reference value :  1.77425e-08
 Reference value :  1.77575e-08
 Reference value :  1.77775e-08
 Reference value :  1.77975e-08
 Reference value :  1.78175e-08
 Reference value :  1.78325e-08
 Reference value :  1.78525e-08
 Reference value :  1.78725e-08
 Reference value :  1.78925e-08
 Reference value :  1.79125e-08
 Reference value :  1.79325e-08
 Reference value :  1.79525e-08
 Reference value :  1.79725e-08
 Reference value :  1.79875e-08
 Reference value :  1.80075e-08
 Reference value :  1.80375e-08
 Reference value :  1.80575e-08
 Reference value :  1.80775e-08
 Reference value :  1.80975e-08
 Reference value :  1.81175e-08
 Reference value :  1.81375e-08
 Reference value :  1.81575e-08
 Reference value :  1.81775e-08
 Reference value :  1.82025e-08
 Reference value :  1.82275e-08
 Reference value :  1.82475e-08
 Reference value :  1.82675e-08
 Reference value :  1.82875e-08
 Reference value :  1.83025e-08
 Reference value :  1.83225e-08
 Reference value :  1.83425e-08
 Reference value :  1.83625e-08
 Reference value :  1.83825e-08
 Reference value :  1.83975e-08
 Reference value :  1.84175e-08
 Reference value :  1.84375e-08
 Reference value :  1.84575e-08
 Reference value :  1.84825e-08
 Reference value :  1.85075e-08
 Reference value :  1.85275e-08
 Reference value :  1.85475e-08
 Reference value :  1.85675e-08
 Reference value :  1.85875e-08
 Reference value :  1.86075e-08
 Reference value :  1.86325e-08
 Reference value :  1.86525e-08
 Reference value :  1.86725e-08
 Reference value :  1.86975e-08
 Reference value :  1.87225e-08
 Reference value :  1.87525e-08
 Reference value :  1.87725e-08
 Reference value :  1.87875e-08
 Reference value :  1.88125e-08
 Reference value :  1.88375e-08
 Reference value :  1.88575e-08
 Reference value :  1.88825e-08
 Reference value :  1.88975e-08
 Reference value :  1.89225e-08
 Reference value :  1.89425e-08
 Reference value :  1.89625e-08
 Reference value :  1.89825e-08
 Reference value :  1.90125e-08
 Reference value :  1.90425e-08
 Reference value :  1.90625e-08
 Reference value :  1.90875e-08
 Reference value :  1.91025e-08
 Reference value :  1.91225e-08
 Reference value :  1.91425e-08
 Reference value :  1.91675e-08
 Reference value :  1.91875e-08
 Reference value :  1.92025e-08
 Reference value :  1.92175e-08
 Reference value :  1.92325e-08
 Reference value :  1.92575e-08
 Reference value :  1.92825e-08
 Reference value :  1.93025e-08
 Reference value :  1.93225e-08
 Reference value :  1.93425e-08
 Reference value :  1.93625e-08
 Reference value :  1.93775e-08
 Reference value :  1.93925e-08
 Reference value :  1.94125e-08
 Reference value :  1.94325e-08
 Reference value :  1.94575e-08
 Reference value :  1.94825e-08
 Reference value :  1.95075e-08
 Reference value :  1.95225e-08
 Reference value :  1.95425e-08
 Reference value :  1.95675e-08
 Reference value :  1.95875e-08
 Reference value :  1.96075e-08
 Reference value :  1.96275e-08
 Reference value :  1.96525e-08
 Reference value :  1.96675e-08
 Reference value :  1.96875e-08
 Reference value :  1.97075e-08
 Reference value :  1.97225e-08
 Reference value :  1.97475e-08
 Reference value :  1.97675e-08
 Reference value :  1.97925e-08
 Reference value :  1.98175e-08
 Reference value :  1.98375e-08
 Reference value :  1.98575e-08
 Reference value :  1.98725e-08
 Reference value :  1.98975e-08
 Reference value :  1.99225e-08
 Reference value :  1.99475e-08
 Reference value :  1.99775e-08
 Reference value :  2.00325e-08
 Reference value :  2.00525e-08
 Reference value :  2.00725e-08
 Reference value :  2.00925e-08
 Reference value :  2.01175e-08
 Reference value :  2.01375e-08
 Reference value :  2.01575e-08
 Reference value :  2.01775e-08
 Reference value :  2.02025e-08
 Reference value :  2.02225e-08
 Reference value :  2.02425e-08
 Reference value :  2.02575e-08
 Reference value :  2.02725e-08
 Reference value :  2.02925e-08
 Reference value :  2.03125e-08
 Reference value :  2.03325e-08
 Reference value :  2.03525e-08
 Reference value :  2.03675e-08
 Reference value :  2.03875e-08
 Reference value :  2.04075e-08
 Reference value :  2.04325e-08
 Reference value :  2.04575e-08
 Reference value :  2.04775e-08
 Reference value :  2.04975e-08
 Reference value :  2.05225e-08
 Reference value :  2.05525e-08
 Reference value :  2.05775e-08
 Reference value :  2.05975e-08
 Reference value :  2.06175e-08
 Reference value :  2.06375e-08
 Reference value :  2.06575e-08
 Reference value :  2.06825e-08
 Reference value :  2.07025e-08
 Reference value :  2.07225e-08
 Reference value :  2.07425e-08
 Reference value :  2.07575e-08
 Reference value :  2.07775e-08
 Reference value :  2.07975e-08
 Reference value :  2.08225e-08
 Reference value :  2.08425e-08
 Reference value :  2.08625e-08
 Reference value :  2.08825e-08
 Reference value :  2.09025e-08
 Reference value :  2.09225e-08
 Reference value :  2.09425e-08
 Reference value :  2.09625e-08
 Reference value :  2.09775e-08
 Reference value :  2.09975e-08
 Reference value :  2.10175e-08
 Reference value :  2.10375e-08
 Reference value :  2.10525e-08
 Reference value :  2.10775e-08
 Reference value :  2.10975e-08
 Reference value :  2.11125e-08
 Reference value :  2.11275e-08
 Reference value :  2.11575e-08
 Reference value :  2.11775e-08
 Reference value :  2.11975e-08
 Reference value :  2.12175e-08
 Reference value :  2.12375e-08
 Reference value :  2.12525e-08
 Reference value :  2.12775e-08
 Reference value :  2.12925e-08
 Reference value :  2.13075e-08
 Reference value :  2.13275e-08
 Reference value :  2.13475e-08
 Reference value :  2.13725e-08
 Reference value :  2.13925e-08
 Reference value :  2.14125e-08
 Reference value :  2.14325e-08
 Reference value :  2.14475e-08
 Reference value :  2.14675e-08
 Reference value :  2.14875e-08
 Reference value :  2.15075e-08
 Reference value :  2.15275e-08
 Reference value :  2.15575e-08
 Reference value :  2.15775e-08
 Reference value :  2.15975e-08
 Reference value :  2.16225e-08
 Reference value :  2.16475e-08
 Reference value :  2.16675e-08
 Reference value :  2.16875e-08
 Reference value :  2.17075e-08
 Reference value :  2.17275e-08
 Reference value :  2.17475e-08
 Reference value :  2.17675e-08
 Reference value :  2.17925e-08
 Reference value :  2.18125e-08
 Reference value :  2.18325e-08
 Reference value :  2.18575e-08
 Reference value :  2.18775e-08
 Reference value :  2.18975e-08
 Reference value :  2.19275e-08
 Reference value :  2.19475e-08
 Reference value :  2.19725e-08
 Reference value :  2.19925e-08
 Reference value :  2.20125e-08
 Reference value :  2.20325e-08
 Reference value :  2.20575e-08
 Reference value :  2.20775e-08
 Reference value :  2.20975e-08
 Reference value :  2.21125e-08
 Reference value :  2.21325e-08
 Reference value :  2.21525e-08
 Reference value :  2.21725e-08
 Reference value :  2.21875e-08
 Reference value :  2.22075e-08
 Reference value :  2.22275e-08
 Reference value :  2.22525e-08
 Reference value :  2.22725e-08
 Reference value :  2.22925e-08
 Reference value :  2.23125e-08
 Reference value :  2.23275e-08
 Reference value :  2.23475e-08
 Reference value :  2.23725e-08
 Reference value :  2.23925e-08
 Reference value :  2.24125e-08
 Reference value :  2.24325e-08
 Reference value :  2.24475e-08
 Reference value :  2.24675e-08
 Reference value :  2.24875e-08
 Reference value :  2.25075e-08
 Reference value :  2.25325e-08
 Reference value :  2.25525e-08
 Reference value :  2.25725e-08
 Reference value :  2.25925e-08
 Reference value :  2.26125e-08
 Reference value :  2.26325e-08
 Reference value :  2.26575e-08
 Reference value :  2.26775e-08
 Reference value :  2.26975e-08
 Reference value :  2.27175e-08
 Reference value :  2.27325e-08
 Reference value :  2.27475e-08
 Reference value :  2.27675e-08
 Reference value :  2.27875e-08
 Reference value :  2.28075e-08
 Reference value :  2.28225e-08
 Reference value :  2.28575e-08
 Reference value :  2.28775e-08
 Reference value :  2.28975e-08
 Reference value :  2.29175e-08
 Reference value :  2.29375e-08
 Reference value :  2.29575e-08
 Reference value :  2.29775e-08
 Reference value :  2.29975e-08
 Reference value :  2.30175e-08
 Reference value :  2.30375e-08
 Reference value :  2.30575e-08
 Reference value :  2.30825e-08
 Reference value :  2.31025e-08
 Reference value :  2.31225e-08
 Reference value :  2.31475e-08
 Reference value :  2.31725e-08
 Reference value :  2.31925e-08
 Reference value :  2.32125e-08
 Reference value :  2.32325e-08
 Reference value :  2.32525e-08
 Reference value :  2.32775e-08
 Reference value :  2.32975e-08
 Reference value :  2.33175e-08
 Reference value :  2.33375e-08
 Reference value :  2.33625e-08
 Reference value :  2.33875e-08
 Reference value :  2.34075e-08
 Reference value :  2.34275e-08
 Reference value :  2.34475e-08
 Reference value :  2.34675e-08
 Reference value :  2.34875e-08
 Reference value :  2.35125e-08
 Reference value :  2.35375e-08
 Reference value :  2.35575e-08
 Reference value :  2.35825e-08
 Reference value :  2.36025e-08
 Reference value :  2.36175e-08
 Reference value :  2.36375e-08
 Reference value :  2.36575e-08
 Reference value :  2.36775e-08
 Reference value :  2.37025e-08
 Reference value :  2.37225e-08
 Reference value :  2.37425e-08
 Reference value :  2.37625e-08
 Reference value :  2.37825e-08
 Reference value :  2.38075e-08
 Reference value :  2.38275e-08
 Reference value :  2.38475e-08
 Reference value :  2.38675e-08
 Reference value :  2.38925e-08
 Reference value :  2.39125e-08
 Reference value :  2.39325e-08
 Reference value :  2.39575e-08
 Reference value :  2.39825e-08
 Reference value :  2.40075e-08
 Reference value :  2.40225e-08
 Reference value :  2.40425e-08
 Reference value :  2.40575e-08
 Reference value :  2.40775e-08
 Reference value :  2.40975e-08
 Reference value :  2.41225e-08
 Reference value :  2.41425e-08
 Reference value :  2.41675e-08
 Reference value :  2.41925e-08
 Reference value :  2.42075e-08
 Reference value :  2.42275e-08
 Reference value :  2.42525e-08
 Reference value :  2.42725e-08
 Reference value :  2.42875e-08
 Reference value :  2.43075e-08
 Reference value :  2.43275e-08
 Reference value :  2.43475e-08
 Reference value :  2.43675e-08
 Reference value :  2.43825e-08
 Reference value :  2.44025e-08
 Reference value :  2.44275e-08
 Reference value :  2.44525e-08
 Reference value :  2.44775e-08
 Reference value :  2.44975e-08
 Reference value :  2.45175e-08
 Reference value :  2.45375e-08
 Reference value :  2.45575e-08
 Reference value :  2.45825e-08
 Reference value :  2.46025e-08
 Reference value :  2.46325e-08
 Reference value :  2.46525e-08
 Reference value :  2.46725e-08
 Reference value :  2.46925e-08
 Reference value :  2.47125e-08
 Reference value :  2.47375e-08
 Reference value :  2.47625e-08
 Reference value :  2.47875e-08
 Reference value :  2.48025e-08
 Reference value :  2.48225e-08
 Reference value :  2.48425e-08
 Reference value :  2.48625e-08
 Reference value :  2.48825e-08
 Reference value :  2.48975e-08
 Reference value :  2.49175e-08
 Reference value :  2.49425e-08
 Reference value :  2.49625e-08
 Reference value :  2.49825e-08
 Reference value :  2.50025e-08
 Reference value :  2.50225e-08
 Reference value :  2.50425e-08
 Reference value :  2.50625e-08
 Reference value :  2.50825e-08
 Reference value :  2.51075e-08
 Reference value :  2.51275e-08
 Reference value :  2.51475e-08
 Reference value :  2.51725e-08
 Reference value :  2.51975e-08
 Reference value :  2.52175e-08
 Reference value :  2.52375e-08
 Reference value :  2.52575e-08
 Reference value :  2.52825e-08
 Reference value :  2.52975e-08
 Reference value :  2.53175e-08
 Reference value :  2.53325e-08
 Reference value :  2.53525e-08
 Reference value :  2.53775e-08
 Reference value :  2.53925e-08
 Reference value :  2.54225e-08
 Reference value :  2.54425e-08
 Reference value :  2.54625e-08
 Reference value :  2.54825e-08
 Reference value :  2.55125e-08
 Reference value :  2.55325e-08
 Reference value :  2.55525e-08
 Reference value :  2.55675e-08
 Reference value :  2.55875e-08
 Reference value :  2.56075e-08
 Reference value :  2.56275e-08
 Reference value :  2.56475e-08
 Reference value :  2.56675e-08
 Reference value :  2.56825e-08
 Reference value :  2.57075e-08
 Reference value :  2.57275e-08
 Reference value :  2.57525e-08
 Reference value :  2.57675e-08
 Reference value :  2.57875e-08
 Reference value :  2.58075e-08
 Reference value :  2.58275e-08
 Reference value :  2.58425e-08
 Reference value :  2.58625e-08
 Reference value :  2.58825e-08
 Reference value :  2.59025e-08
 Reference value :  2.59225e-08
 Reference value :  2.59525e-08
 Reference value :  2.59725e-08
 Reference value :  2.59925e-08
 Reference value :  2.60125e-08
 Reference value :  2.60325e-08
 Reference value :  2.60525e-08
 Reference value :  2.60725e-08
 Reference value :  2.60925e-08
 Reference value :  2.61175e-08
 Reference value :  2.61375e-08
 Reference value :  2.61675e-08
 Reference value :  2.61875e-08
 Reference value :  2.62075e-08
 Reference value :  2.62275e-08
 Reference value :  2.62525e-08
 Reference value :  2.62775e-08
 Reference value :  2.62975e-08
 Reference value :  2.63175e-08
 Reference value :  2.63375e-08
 Reference value :  2.63625e-08
 Reference value :  2.63825e-08
 Reference value :  2.64075e-08
 Reference value :  2.64325e-08
 Reference value :  2.64575e-08
 Reference value :  2.64775e-08
 Reference value :  2.64975e-08
 Reference value :  2.65175e-08
 Reference value :  2.65425e-08
 Reference value :  2.65575e-08
 Reference value :  2.65775e-08
 Reference value :  2.65975e-08
 Reference value :  2.66175e-08
 Reference value :  2.66425e-08
 Reference value :  2.66725e-08
 Reference value :  2.66875e-08
 Reference value :  2.67075e-08
 Reference value :  2.67325e-08
 Reference value :  2.67475e-08
 Reference value :  2.67725e-08
 Reference value :  2.67925e-08
 Reference value :  2.68125e-08
 Reference value :  2.68325e-08
 Reference value :  2.68575e-08
 Reference value :  2.68775e-08
 Reference value :  2.69025e-08
 Reference value :  2.69225e-08
 Reference value :  2.69425e-08
 Reference value :  2.69625e-08
 Reference value :  2.69825e-08
 Reference value :  2.70025e-08
 Reference value :  2.70275e-08
 Reference value :  2.70425e-08
 Reference value :  2.70575e-08
 Reference value :  2.70775e-08
 Reference value :  2.70975e-08
 Reference value :  2.71175e-08
 Reference value :  2.71375e-08
 Reference value :  2.71575e-08
 Reference value :  2.71775e-08
 Reference value :  2.71975e-08
 Reference value :  2.72125e-08
 Reference value :  2.72375e-08
 Reference value :  2.72575e-08
 Reference value :  2.72775e-08
 Reference value :  2.72975e-08
 Reference value :  2.73175e-08
 Reference value :  2.73375e-08
 Reference value :  2.73525e-08
 Reference value :  2.73725e-08
 Reference value :  2.73875e-08
 Reference value :  2.74125e-08
 Reference value :  2.74325e-08
 Reference value :  2.74525e-08
 Reference value :  2.74725e-08
 Reference value :  2.74925e-08
 Reference value :  2.75075e-08
 Reference value :  2.75325e-08
 Reference value :  2.75525e-08
 Reference value :  2.75825e-08
 Reference value :  2.76025e-08
 Reference value :  2.76225e-08
 Reference value :  2.76425e-08
 Reference value :  2.76625e-08
 Reference value :  2.76875e-08
 Reference value :  2.77125e-08
 Reference value :  2.77275e-08
 Reference value :  2.77475e-08
 Reference value :  2.77625e-08
 Reference value :  2.77825e-08
 Reference value :  2.78025e-08
 Reference value :  2.78225e-08
 Reference value :  2.78425e-08
 Reference value :  2.78675e-08
 Reference value :  2.78825e-08
 Reference value :  2.79025e-08
 Reference value :  2.79225e-08
 Reference value :  2.79425e-08
 Reference value :  2.79675e-08
 Reference value :  2.79875e-08
 Reference value :  2.80025e-08
 Reference value :  2.80175e-08
 Reference value :  2.80375e-08
 Reference value :  2.80575e-08
 Reference value :  2.80775e-08
 Reference value :  2.80975e-08
 Reference value :  2.81175e-08
 Reference value :  2.81425e-08
 Reference value :  2.81625e-08
 Reference value :  2.81875e-08
 Reference value :  2.82125e-08
 Reference value :  2.82325e-08
 Reference value :  2.82575e-08
 Reference value :  2.82825e-08
 Reference value :  2.83075e-08
 Reference value :  2.83325e-08
 Reference value :  2.83525e-08
 Reference value :  2.83725e-08
 Reference value :  2.83925e-08
 Reference value :  2.84125e-08
 Reference value :  2.84325e-08
 Reference value :  2.84525e-08
 Reference value :  2.84725e-08
 Reference value :  2.84925e-08
 Reference value :  2.85175e-08
 Reference value :  2.85375e-08
 Reference value :  2.85575e-08
 Reference value :  2.85825e-08
 Reference value :  2.86025e-08
 Reference value :  2.86225e-08
 Reference value :  2.86475e-08
 Reference value :  2.86725e-08
 Reference value :  2.86875e-08
 Reference value :  2.87075e-08
 Reference value :  2.87325e-08
 Reference value :  2.87525e-08
 Reference value :  2.87725e-08
 Reference value :  2.87925e-08
 Reference value :  2.88125e-08
 Reference value :  2.88325e-08
 Reference value :  2.88525e-08
 Reference value :  2.88675e-08
 Reference value :  2.88875e-08
 Reference value :  2.89125e-08
 Reference value :  2.89375e-08
 Reference value :  2.89575e-08
 Reference value :  2.89775e-08
 Reference value :  2.89975e-08
 Reference value :  2.90225e-08
 Reference value :  2.90425e-08
 Reference value :  2.90625e-08
 Reference value :  2.90875e-08
 Reference value :  2.91125e-08
 Reference value :  2.91325e-08
 Reference value :  2.91575e-08
 Reference value :  2.91725e-08
 Reference value :  2.91925e-08
 Reference value :  2.92075e-08
 Reference value :  2.92275e-08
 Reference value :  2.92475e-08
 Reference value :  2.92675e-08
 Reference value :  2.92975e-08
 Reference value :  2.93275e-08
 Reference value :  2.93475e-08
 Reference value :  2.93675e-08
 Reference value :  2.93925e-08
 Reference value :  2.94125e-08
 Reference value :  2.94325e-08
 Reference value :  2.94525e-08
 Reference value :  2.94725e-08
 Reference value :  2.94925e-08
 Reference value :  2.95075e-08
 Reference value :  2.95275e-08
 Reference value :  2.95475e-08
 Reference value :  2.95725e-08
 Reference value :  2.96025e-08
 Reference value :  2.96275e-08
 Reference value :  2.96525e-08
 Reference value :  2.96725e-08
 Reference value :  2.96925e-08
 Reference value :  2.97125e-08
 Reference value :  2.97375e-08
 Reference value :  2.97625e-08
 Reference value :  2.97825e-08
 Reference value :  2.98025e-08
 Reference value :  2.98175e-08
 Reference value :  2.98325e-08
 Reference value :  2.98525e-08
 Reference value :  2.98775e-08
 Reference value :  2.98975e-08
 Reference value :  2.99225e-08
 Reference value :  2.99425e-08
 Reference value :  2.99575e-08
 Reference value :  2.99725e-08
 Reference value :  2.99925e-08
 Reference value :  3.00075e-08
 Reference value :  3.00275e-08
 Reference value :  3.00475e-08
 Reference value :  3.00625e-08
 Reference value :  3.00825e-08
 Reference value :  3.01025e-08
 Reference value :  3.01275e-08
 Reference value :  3.01475e-08
 Reference value :  3.01675e-08
 Reference value :  3.01975e-08
 Reference value :  3.02175e-08
 Reference value :  3.02375e-08
 Reference value :  3.02575e-08
 Reference value :  3.02825e-08
 Reference value :  3.03075e-08
 Reference value :  3.03275e-08
 Reference value :  3.03475e-08
 Reference value :  3.03675e-08
 Reference value :  3.03975e-08
 Reference value :  3.04175e-08
 Reference value :  3.04425e-08
 Reference value :  3.04625e-08
 Reference value :  3.04875e-08
 Reference value :  3.05125e-08
 Reference value :  3.05375e-08
 Reference value :  3.05625e-08
 Reference value :  3.05925e-08
 Reference value :  3.06125e-08
 Reference value :  3.06325e-08
 Reference value :  3.06525e-08
 Reference value :  3.06725e-08
 Reference value :  3.06875e-08
 Reference value :  3.07125e-08
 Reference value :  3.07325e-08
 Reference value :  3.07575e-08
 Reference value :  3.07825e-08
 Reference value :  3.08075e-08
 Reference value :  3.08275e-08
 Reference value :  3.08475e-08
 Reference value :  3.08675e-08
 Reference value :  3.08875e-08
 Reference value :  3.09075e-08
 Reference value :  3.09275e-08
 Reference value :  3.09425e-08
 Reference value :  3.09625e-08
 Reference value :  3.09825e-08
 Reference value :  3.09975e-08
 Reference value :  3.10225e-08
 Reference value :  3.10425e-08
 Reference value :  3.10675e-08
 Reference value :  3.10875e-08
 Reference value :  3.11125e-08
 Reference value :  3.11375e-08
 Reference value :  3.11575e-08
 Reference value :  3.11775e-08
 Reference value :  3.12025e-08
 Reference value :  3.12225e-08
 Reference value :  3.12425e-08
 Reference value :  3.12625e-08
 Reference value :  3.12925e-08
 Reference value :  3.13175e-08
 Reference value :  3.13475e-08
 Reference value :  3.13725e-08
 Reference value :  3.13925e-08
 Reference value :  3.14125e-08
 Reference value :  3.14325e-08
 Reference value :  3.14575e-08
 Reference value :  3.14775e-08
 Reference value :  3.14975e-08
 Reference value :  3.15175e-08
 Reference value :  3.15375e-08
 Reference value :  3.15575e-08
 Reference value :  3.15825e-08
 Reference value :  3.16075e-08
 Reference value :  3.16325e-08
 Reference value :  3.16475e-08
 Reference value :  3.16725e-08
 Reference value :  3.16975e-08
 Reference value :  3.17175e-08
 Reference value :  3.17375e-08
 Reference value :  3.17575e-08
 Reference value :  3.17775e-08
 Reference value :  3.17975e-08
 Reference value :  3.18175e-08
 Reference value :  3.18425e-08
 Reference value :  3.18575e-08
 Reference value :  3.18775e-08
 Reference value :  3.18975e-08
 Reference value :  3.19175e-08
 Reference value :  3.19375e-08
 Reference value :  3.19625e-08
 Reference value :  3.19975e-08
 Reference value :  3.20225e-08
 Reference value :  3.20425e-08
 Reference value :  3.20575e-08
 Reference value :  3.20775e-08
 Reference value :  3.21025e-08
 Reference value :  3.21225e-08
 Reference value :  3.21425e-08
 Reference value :  3.21575e-08
 Reference value :  3.21775e-08
 Reference value :  3.21975e-08
 Reference value :  3.22175e-08
 Reference value :  3.22375e-08
 Reference value :  3.22675e-08
 Reference value :  3.23025e-08
 Reference value :  3.23325e-08
 Reference value :  3.23575e-08
 Reference value :  3.23775e-08
 Reference value :  3.23975e-08
 Reference value :  3.24225e-08
 Reference value :  3.24475e-08
 Reference value :  3.24675e-08
 Reference value :  3.24875e-08
 Reference value :  3.25125e-08
 Reference value :  3.25375e-08
 Reference value :  3.25675e-08
 Reference value :  3.25925e-08
 Reference value :  3.26125e-08
 Reference value :  3.26375e-08
 Reference value :  3.26625e-08
 Reference value :  3.26875e-08
 Reference value :  3.27075e-08
 Reference value :  3.27275e-08
 Reference value :  3.27425e-08
 Reference value :  3.27575e-08
 Reference value :  3.27725e-08
 Reference value :  3.27925e-08
 Reference value :  3.28125e-08
 Reference value :  3.28375e-08
 Reference value :  3.28575e-08
 Reference value :  3.28775e-08
 Reference value :  3.28975e-08
 Reference value :  3.29225e-08
 Reference value :  3.29425e-08
 Reference value :  3.29675e-08
 Reference value :  3.29925e-08
 Reference value :  3.30125e-08
 Reference value :  3.30375e-08
 Reference value :  3.30575e-08
 Reference value :  3.30775e-08
 Reference value :  3.30975e-08
 Reference value :  3.31175e-08
 Reference value :  3.31425e-08
 Reference value :  3.31625e-08
 Reference value :  3.31825e-08
 Reference value :  3.31975e-08
 Reference value :  3.32175e-08
 Reference value :  3.32375e-08
 Reference value :  3.32575e-08
 Reference value :  3.32825e-08
 Reference value :  3.33075e-08
 Reference value :  3.33225e-08
 Reference value :  3.33525e-08
 Reference value :  3.33675e-08
 Reference value :  3.34025e-08
 Reference value :  3.34375e-08
 Reference value :  3.34575e-08
 Reference value :  3.34775e-08
 Reference value :  3.35025e-08
 Reference value :  3.35225e-08
 Reference value :  3.35475e-08
 Reference value :  3.35725e-08
 Reference value :  3.35975e-08
 Reference value :  3.36225e-08
 Reference value :  3.36475e-08
 Reference value :  3.36725e-08
 Reference value :  3.36975e-08
 Reference value :  3.37225e-08
 Reference value :  3.37425e-08
 Reference value :  3.37675e-08
 Reference value :  3.37925e-08
 Reference value :  3.38075e-08
 Reference value :  3.38275e-08
 Reference value :  3.38475e-08
 Reference value :  3.38675e-08
 Reference value :  3.38875e-08
 Reference value :  3.39125e-08
 Reference value :  3.39325e-08
 Reference value :  3.39525e-08
 Reference value :  3.39725e-08
 Reference value :  3.39925e-08
 Reference value :  3.40175e-08
 Reference value :  3.40375e-08
 Reference value :  3.40575e-08
 Reference value :  3.40825e-08
 Reference value :  3.41025e-08
 Reference value :  3.41225e-08
 Reference value :  3.41475e-08
 Reference value :  3.41675e-08
 Reference value :  3.41875e-08
 Reference value :  3.42125e-08
 Reference value :  3.42325e-08
 Reference value :  3.42525e-08
 Reference value :  3.42775e-08
 Reference value :  3.43025e-08
 Reference value :  3.43275e-08
 Reference value :  3.43525e-08
 Reference value :  3.43825e-08
 Reference value :  3.44125e-08
 Reference value :  3.44375e-08
 Reference value :  3.44625e-08
 Reference value :  3.44825e-08
 Reference value :  3.45025e-08
 Reference value :  3.45275e-08
 Reference value :  3.45475e-08
 Reference value :  3.45725e-08
 Reference value :  3.45975e-08
 Reference value :  3.46275e-08
 Reference value :  3.46475e-08
 Reference value :  3.46725e-08
 Reference value :  3.46975e-08
 Reference value :  3.47225e-08
 Reference value :  3.47475e-08
 Reference value :  3.47725e-08
 Reference value :  3.47925e-08
 Reference value :  3.48125e-08
 Reference value :  3.48325e-08
 Reference value :  3.48525e-08
 Reference value :  3.48725e-08
 Reference value :  3.48925e-08
 Reference value :  3.49225e-08
 Reference value :  3.49475e-08
 Reference value :  3.49725e-08
 Reference value :  3.49975e-08
 Reference value :  3.50175e-08
 Reference value :  3.50375e-08
 Reference value :  3.50625e-08
 Reference value :  3.50825e-08
 Reference value :  3.51025e-08
 Reference value :  3.51275e-08
 Reference value :  3.51575e-08
 Reference value :  3.51925e-08
 Reference value :  3.52225e-08
 Reference value :  3.52525e-08
 Reference value :  3.52825e-08
 Reference value :  3.53175e-08
 Reference value :  3.53525e-08
 Reference value :  3.53775e-08
 Reference value :  3.54025e-08
 Reference value :  3.54275e-08
 Reference value :  3.54475e-08
 Reference value :  3.54675e-08
 Reference value :  3.54875e-08
 Reference value :  3.55075e-08
 Reference value :  3.55325e-08
 Reference value :  3.55575e-08
 Reference value :  3.55825e-08
 Reference value :  3.56025e-08
 Reference value :  3.56275e-08
 Reference value :  3.56525e-08
 Reference value :  3.56725e-08
 Reference value :  3.56975e-08
 Reference value :  3.57175e-08
 Reference value :  3.57375e-08
 Reference value :  3.57575e-08
 Reference value :  3.57825e-08
 Reference value :  3.58125e-08
 Reference value :  3.58375e-08
 Reference value :  3.58625e-08
 Reference value :  3.58925e-08
 Reference value :  3.59175e-08
 Reference value :  3.59425e-08
 Reference value :  3.59625e-08
 Reference value :  3.59825e-08
 Reference value :  3.60025e-08
 Reference value :  3.60225e-08
 Reference value :  3.60425e-08
 Reference value :  3.60625e-08
 Reference value :  3.60825e-08
 Reference value :  3.61125e-08
 Reference value :  3.61375e-08
 Reference value :  3.61825e-08
 Reference value :  3.62025e-08
 Reference value :  3.62175e-08
 Reference value :  3.62375e-08
 Reference value :  3.62575e-08
 Reference value :  3.62725e-08
 Reference value :  3.62925e-08
 Reference value :  3.63075e-08
 Reference value :  3.63275e-08
 Reference value :  3.63525e-08
 Reference value :  3.63725e-08
 Reference value :  3.64025e-08
 Reference value :  3.64175e-08
 Reference value :  3.64475e-08
 Reference value :  3.64675e-08
 Reference value :  3.64875e-08
 Reference value :  3.65075e-08
 Reference value :  3.65225e-08
 Reference value :  3.65425e-08
 Reference value :  3.65625e-08
 Reference value :  3.65825e-08
 Reference value :  3.66025e-08
 Reference value :  3.66275e-08
 Reference value :  3.66575e-08
 Reference value :  3.66825e-08
 Reference value :  3.67025e-08
 Reference value :  3.67275e-08
 Reference value :  3.67575e-08
 Reference value :  3.67775e-08
 Reference value :  3.67975e-08
 Reference value :  3.68175e-08
 Reference value :  3.68375e-08
 Reference value :  3.68525e-08
 Reference value :  3.68775e-08
 Reference value :  3.68975e-08
 Reference value :  3.69225e-08
 Reference value :  3.69475e-08
 Reference value :  3.69625e-08
 Reference value :  3.69875e-08
 Reference value :  3.70075e-08
 Reference value :  3.70275e-08
 Reference value :  3.70425e-08
 Reference value :  3.70575e-08
 Reference value :  3.70775e-08
 Reference value :  3.70975e-08
 Reference value :  3.71175e-08
 Reference value :  3.71375e-08
 Reference value :  3.71525e-08
 Reference value :  3.71725e-08
 Reference value :  3.71975e-08
 Reference value :  3.72175e-08
 Reference value :  3.72475e-08
 Reference value :  3.72675e-08
 Reference value :  3.72875e-08
 Reference value :  3.73075e-08
 Reference value :  3.73275e-08
 Reference value :  3.73475e-08
 Reference value :  3.73675e-08
 Reference value :  3.73925e-08
 Reference value :  3.74175e-08
 Reference value :  3.74375e-08
 Reference value :  3.74675e-08
 Reference value :  3.74825e-08
 Reference value :  3.75025e-08
 Reference value :  3.75175e-08
 Reference value :  3.75375e-08
 Reference value :  3.75575e-08
 Reference value :  3.75775e-08
 Reference value :  3.75925e-08
 Reference value :  3.76125e-08
 Reference value :  3.76325e-08
 Reference value :  3.76525e-08
 Reference value :  3.76775e-08
 Reference value :  3.76975e-08
 Reference value :  3.77125e-08
 Reference value :  3.77375e-08
 Reference value :  3.77575e-08
 Reference value :  3.77775e-08
 Reference value :  3.78075e-08
 Reference value :  3.78325e-08
 Reference value :  3.78625e-08
 Reference value :  3.78825e-08
 Reference value :  3.79025e-08
 Reference value :  3.79325e-08
 Reference value :  3.79525e-08
 Reference value :  3.79675e-08
 Reference value :  3.79925e-08
 Reference value :  3.80125e-08
 Reference value :  3.80325e-08
 Reference value :  3.80525e-08
 Reference value :  3.80775e-08
 Reference value :  3.80975e-08
 Reference value :  3.81175e-08
 Reference value :  3.81375e-08
 Reference value :  3.81525e-08
 Reference value :  3.81675e-08
 Reference value :  3.81875e-08
 Reference value :  3.82075e-08
 Reference value :  3.82275e-08
 Reference value :  3.82425e-08
 Reference value :  3.82675e-08
 Reference value :  3.82875e-08
 Reference value :  3.83025e-08
 Reference value :  3.83175e-08
 Reference value :  3.83375e-08
 Reference value :  3.83625e-08
 Reference value :  3.83825e-08
 Reference value :  3.84025e-08
 Reference value :  3.84225e-08
 Reference value :  3.84425e-08
 Reference value :  3.84625e-08
 Reference value :  3.84825e-08
 Reference value :  3.85075e-08
 Reference value :  3.85325e-08
 Reference value :  3.85525e-08
 Reference value :  3.85775e-08
 Reference value :  3.85975e-08
 Reference value :  3.86175e-08
 Reference value :  3.86325e-08
 Reference value :  3.86575e-08
 Reference value :  3.86775e-08
 Reference value :  3.86975e-08
 Reference value :  3.87225e-08
 Reference value :  3.87425e-08
 Reference value :  3.87625e-08
 Reference value :  3.87825e-08
 Reference value :  3.88075e-08
 Reference value :  3.88325e-08
 Reference value :  3.88525e-08
 Reference value :  3.88725e-08
 Reference value :  3.88925e-08
 Reference value :  3.89075e-08
 Reference value :  3.89275e-08
 Reference value :  3.89425e-08
 Reference value :  3.89625e-08
 Reference value :  3.89825e-08
 Reference value :  3.90075e-08
 Reference value :  3.90325e-08
 Reference value :  3.90525e-08
 Reference value :  3.90725e-08
 Reference value :  3.90925e-08
 Reference value :  3.91125e-08
 Reference value :  3.91325e-08
 Reference value :  3.91575e-08
 Reference value :  3.91775e-08
 Reference value :  3.91975e-08
 Reference value :  3.92175e-08
 Reference value :  3.92425e-08
 Reference value :  3.92675e-08
 Reference value :  3.92875e-08
 Reference value :  3.93025e-08
 Reference value :  3.93325e-08
 Reference value :  3.93575e-08
 Reference value :  3.93775e-08
 Reference value :  3.93925e-08
 Reference value :  3.94125e-08
 Reference value :  3.94325e-08
 Reference value :  3.94525e-08
 Reference value :  3.94775e-08
 Reference value :  3.94975e-08
 Reference value :  3.95175e-08
 Reference value :  3.95375e-08
 Reference value :  3.95575e-08
 Reference value :  3.95775e-08
 Reference value :  3.95975e-08
 Reference value :  3.96175e-08
 Reference value :  3.96325e-08
 Reference value :  3.96575e-08
 Reference value :  3.96775e-08
 Reference value :  3.97025e-08
 Reference value :  3.97225e-08
 Reference value :  3.97425e-08
 Reference value :  3.97675e-08
 Reference value :  3.97875e-08
 Reference value :  3.98075e-08
 Reference value :  3.98325e-08
 Reference value :  3.98575e-08
 Reference value :  3.98775e-08
 Reference value :  3.98975e-08
 Reference value :  3.99175e-08
 Reference value :  3.99325e-08
 Reference value :  3.99525e-08
 Reference value :  3.99675e-08
 Reference value :  3.99825e-08
 Reference value :  3.99975e-08
 Reference value :  4.00175e-08
 Reference value :  4.00325e-08
 Reference value :  4.00575e-08
 Reference value :  4.00725e-08
 Reference value :  4.00875e-08
 Reference value :  4.01075e-08
 Reference value :  4.01375e-08
 Reference value :  4.01675e-08
 Reference value :  4.01875e-08
 Reference value :  4.02075e-08
 Reference value :  4.02275e-08
 Reference value :  4.02475e-08
 Reference value :  4.02675e-08
 Reference value :  4.02825e-08
 Reference value :  4.03025e-08
 Reference value :  4.03225e-08
 Reference value :  4.03425e-08
 Reference value :  4.03675e-08
 Reference value :  4.03925e-08
 Reference value :  4.04225e-08
 Reference value :  4.04425e-08
 Reference value :  4.04675e-08
 Reference value :  4.04925e-08
 Reference value :  4.05125e-08
 Reference value :  4.05325e-08
 Reference value :  4.05525e-08
 Reference value :  4.05725e-08
 Reference value :  4.05925e-08
 Reference value :  4.06075e-08
 Reference value :  4.06325e-08
 Reference value :  4.06575e-08
 Reference value :  4.06825e-08
 Reference value :  4.06975e-08
 Reference value :  4.07175e-08
 Reference value :  4.07375e-08
 Reference value :  4.07575e-08
 Reference value :  4.07775e-08
 Reference value :  4.07925e-08
 Reference value :  4.08125e-08
 Reference value :  4.08275e-08
 Reference value :  4.08475e-08
 Reference value :  4.08725e-08
 Reference value :  4.08925e-08
 Reference value :  4.09125e-08
 Reference value :  4.09325e-08
 Reference value :  4.09525e-08
 Reference value :  4.09725e-08
 Reference value :  4.09875e-08
 Reference value :  4.10025e-08
 Reference value :  4.10225e-08
 Reference value :  4.10475e-08
 Reference value :  4.10725e-08
 Reference value :  4.10925e-08
 Reference value :  4.11075e-08
 Reference value :  4.11275e-08
 Reference value :  4.11475e-08
 Reference value :  4.11675e-08
 Reference value :  4.11875e-08
 Reference value :  4.12075e-08
 Reference value :  4.12325e-08
 Reference value :  4.12525e-08
 Reference value :  4.12725e-08
 Reference value :  4.12875e-08
 Reference value :  4.13025e-08
 Reference value :  4.13225e-08
 Reference value :  4.13425e-08
 Reference value :  4.13625e-08
 Reference value :  4.13825e-08
 Reference value :  4.13975e-08
 Reference value :  4.14225e-08
 Reference value :  4.14475e-08
 Reference value :  4.14675e-08
 Reference value :  4.14875e-08
 Reference value :  4.15075e-08
 Reference value :  4.15275e-08
 Reference value :  4.15475e-08
 Reference value :  4.15675e-08
 Reference value :  4.15875e-08
 Reference value :  4.16075e-08
 Reference value :  4.16275e-08
 Reference value :  4.16475e-08
 Reference value :  4.16675e-08
 Reference value :  4.16925e-08
 Reference value :  4.17125e-08
 Reference value :  4.17325e-08
 Reference value :  4.17525e-08
 Reference value :  4.17825e-08
 Reference value :  4.18025e-08
 Reference value :  4.18275e-08
 Reference value :  4.18475e-08
 Reference value :  4.18625e-08
 Reference value :  4.18775e-08
 Reference value :  4.18925e-08
 Reference value :  4.19125e-08
 Reference value :  4.19325e-08
 Reference value :  4.19525e-08
 Reference value :  4.19775e-08
 Reference value :  4.19975e-08
 Reference value :  4.20175e-08
 Reference value :  4.20425e-08
 Reference value :  4.20625e-08
 Reference value :  4.20825e-08
 Reference value :  4.21025e-08
 Reference value :  4.21275e-08
 Reference value :  4.21475e-08
 Reference value :  4.21725e-08
 Reference value :  4.21975e-08
 Reference value :  4.22275e-08
 Reference value :  4.22525e-08
 Reference value :  4.22775e-08
 Reference value :  4.22975e-08
 Reference value :  4.23175e-08
 Reference value :  4.23375e-08
 Reference value :  4.23575e-08
 Reference value :  4.23825e-08
 Reference value :  4.24075e-08
 Reference value :  4.24275e-08
 Reference value :  4.24475e-08
 Reference value :  4.24625e-08
 Reference value :  4.24825e-08
 Reference value :  4.25075e-08
 Reference value :  4.25275e-08
 Reference value :  4.25475e-08
 Reference value :  4.25675e-08
 Reference value :  4.25875e-08
 Reference value :  4.26075e-08
 Reference value :  4.26325e-08
 Reference value :  4.26575e-08
 Reference value :  4.26775e-08
 Reference value :  4.26975e-08
 Reference value :  4.27225e-08
 Reference value :  4.27475e-08
 Reference value :  4.27675e-08
 Reference value :  4.27875e-08
 Reference value :  4.28075e-08
 Reference value :  4.28275e-08
 Reference value :  4.28475e-08
 Reference value :  4.28675e-08
 Reference value :  4.28875e-08
 Reference value :  4.29075e-08
 Reference value :  4.29325e-08
 Reference value :  4.29525e-08
 Reference value :  4.29725e-08
 Reference value :  4.29925e-08
 Reference value :  4.30125e-08
 Reference value :  4.30375e-08
 Reference value :  4.30625e-08
 Reference value :  4.30775e-08
 Reference value :  4.30975e-08
 Reference value :  4.31225e-08
 Reference value :  4.31425e-08
 Reference value :  4.31625e-08
 Reference value :  4.31825e-08
 Reference value :  4.32075e-08
 Reference value :  4.32275e-08
 Reference value :  4.32475e-08
 Reference value :  4.32675e-08
 Reference value :  4.32925e-08
 Reference value :  4.33175e-08
 Reference value :  4.33425e-08
 Reference value :  4.33575e-08
 Reference value :  4.33775e-08
 Reference value :  4.34025e-08
 Reference value :  4.34225e-08
 Reference value :  4.34475e-08
 Reference value :  4.34725e-08
 Reference value :  4.34975e-08
 Reference value :  4.35175e-08
 Reference value :  4.35325e-08
 Reference value :  4.35575e-08
 Reference value :  4.35775e-08
 Reference value :  4.35975e-08
 Reference value :  4.36175e-08
 Reference value :  4.36425e-08
 Reference value :  4.36625e-08
 Reference value :  4.36875e-08
 Reference value :  4.37075e-08
 Reference value :  4.37325e-08
 Reference value :  4.37475e-08
 Reference value :  4.37675e-08
 Reference value :  4.37875e-08
 Reference value :  4.38075e-08
 Reference value :  4.38275e-08
 Reference value :  4.38475e-08
 Reference value :  4.38675e-08
 Reference value :  4.38875e-08
 Reference value :  4.39025e-08
 Reference value :  4.39225e-08
 Reference value :  4.39425e-08
 Reference value :  4.39575e-08
 Reference value :  4.39775e-08
 Reference value :  4.39925e-08
 Reference value :  4.40125e-08
 Reference value :  4.40375e-08
 Reference value :  4.40525e-08
 Reference value :  4.40725e-08
 Reference value :  4.40925e-08
 Reference value :  4.41175e-08
 Reference value :  4.41375e-08
 Reference value :  4.41575e-08
 Reference value :  4.41825e-08
 Reference value :  4.42025e-08
 Reference value :  4.42225e-08
 Reference value :  4.42425e-08
 Reference value :  4.42675e-08
 Reference value :  4.42875e-08
 Reference value :  4.43125e-08
 Reference value :  4.43275e-08
 Reference value :  4.43475e-08
 Reference value :  4.43725e-08
 Reference value :  4.43975e-08
 Reference value :  4.44175e-08
 Reference value :  4.44425e-08
 Reference value :  4.44625e-08
 Reference value :  4.44825e-08
 Reference value :  4.45025e-08
 Reference value :  4.45275e-08
 Reference value :  4.45525e-08
 Reference value :  4.45675e-08
 Reference value :  4.45875e-08
 Reference value :  4.46075e-08
 Reference value :  4.46275e-08
 Reference value :  4.46475e-08
 Reference value :  4.46675e-08
 Reference value :  4.46925e-08
 Reference value :  4.47125e-08
 Reference value :  4.47275e-08
 Reference value :  4.47475e-08
 Reference value :  4.47675e-08
 Reference value :  4.47875e-08
 Reference value :  4.48075e-08
 Reference value :  4.48225e-08
 Reference value :  4.48425e-08
 Reference value :  4.48625e-08
 Reference value :  4.48825e-08
 Reference value :  4.49025e-08
 Reference value :  4.49175e-08
 Reference value :  4.49475e-08
 Reference value :  4.49675e-08
 Reference value :  4.49875e-08
 Reference value :  4.50075e-08
 Reference value :  4.50275e-08
 Reference value :  4.50475e-08
 Reference value :  4.50675e-08
 Reference value :  4.50925e-08
No. of Data Rows : 9034
Note: Simulation executed from .control section 
