
Note: Compatibility modes selected: hs a


Circuit: * comparator-decision regen-time sweep -- vindiff=2mv corner=sf temp=125.0c (issue #9)

option SCALE: Scale is set to 1e-06 for instance and model parameters
option SCALE: Scale is set to 1e-06 for instance and model parameters
option SCALE: Scale is set to 1e-06 for instance and model parameters
option SCALE: Scale is set to 1e-06 for instance and model parameters
Doing analysis at TEMP = 125.000000 and TNOM = 27.000000

Using KLU as Direct Linear Solver
 Reference value :  0.00000e+00
 Reference value :  4.00000e-13
 Reference value :  6.40000e-12
 Reference value :  2.64000e-11
 Reference value :  4.64000e-11
 Reference value :  6.64000e-11
 Reference value :  8.64000e-11
 Reference value :  1.06400e-10
 Reference value :  1.31400e-10
 Reference value :  1.51400e-10
 Reference value :  1.66400e-10
 Reference value :  1.86400e-10
 Reference value :  2.11400e-10
 Reference value :  2.31400e-10
 Reference value :  2.51400e-10
 Reference value :  2.71400e-10
 Reference value :  2.91400e-10
 Reference value :  3.11400e-10
 Reference value :  3.31400e-10
 Reference value :  3.56400e-10
 Reference value :  3.76400e-10
 Reference value :  3.96400e-10
 Reference value :  4.16400e-10
 Reference value :  4.41400e-10
 Reference value :  4.66400e-10
 Reference value :  4.91400e-10
 Reference value :  5.11400e-10
 Reference value :  5.31400e-10
 Reference value :  5.51400e-10
 Reference value :  5.71400e-10
 Reference value :  5.91400e-10
 Reference value :  6.16400e-10
 Reference value :  6.36400e-10
 Reference value :  6.51400e-10
 Reference value :  6.66400e-10
 Reference value :  6.86400e-10
 Reference value :  7.06400e-10
 Reference value :  7.26400e-10
 Reference value :  7.46400e-10
 Reference value :  7.71400e-10
 Reference value :  7.91400e-10
 Reference value :  8.06400e-10
 Reference value :  8.26400e-10
 Reference value :  8.46400e-10
 Reference value :  8.66400e-10
 Reference value :  8.91400e-10
 Reference value :  9.11400e-10
 Reference value :  9.31400e-10
 Reference value :  9.51400e-10
 Reference value :  9.76400e-10
 Reference value :  1.00140e-09
 Reference value :  1.02640e-09
 Reference value :  1.05140e-09
 Reference value :  1.07640e-09
 Reference value :  1.10140e-09
 Reference value :  1.12640e-09
 Reference value :  1.14640e-09
 Reference value :  1.16640e-09
 Reference value :  1.18640e-09
 Reference value :  1.20640e-09
 Reference value :  1.23140e-09
 Reference value :  1.25140e-09
 Reference value :  1.27140e-09
 Reference value :  1.28640e-09
 Reference value :  1.30640e-09
 Reference value :  1.32140e-09
 Reference value :  1.33640e-09
 Reference value :  1.35640e-09
 Reference value :  1.37640e-09
 Reference value :  1.39640e-09
 Reference value :  1.41140e-09
 Reference value :  1.42640e-09
 Reference value :  1.44640e-09
 Reference value :  1.46640e-09
 Reference value :  1.48640e-09
 Reference value :  1.50640e-09
 Reference value :  1.53140e-09
 Reference value :  1.54640e-09
 Reference value :  1.56640e-09
 Reference value :  1.58640e-09
 Reference value :  1.60640e-09
 Reference value :  1.62640e-09
 Reference value :  1.64640e-09
 Reference value :  1.66640e-09
 Reference value :  1.68140e-09
 Reference value :  1.70140e-09
 Reference value :  1.72640e-09
 Reference value :  1.74640e-09
 Reference value :  1.76640e-09
 Reference value :  1.78140e-09
 Reference value :  1.80140e-09
 Reference value :  1.82140e-09
 Reference value :  1.84140e-09
 Reference value :  1.86140e-09
 Reference value :  1.88140e-09
 Reference value :  1.89640e-09
 Reference value :  1.92140e-09
 Reference value :  1.94140e-09
 Reference value :  1.96140e-09
 Reference value :  1.98640e-09
 Reference value :  2.01140e-09
 Reference value :  2.03640e-09
 Reference value :  2.06140e-09
 Reference value :  2.08140e-09
 Reference value :  2.10140e-09
 Reference value :  2.12140e-09
 Reference value :  2.14140e-09
 Reference value :  2.16140e-09
 Reference value :  2.18140e-09
 Reference value :  2.20640e-09
 Reference value :  2.22140e-09
 Reference value :  2.24140e-09
 Reference value :  2.26140e-09
 Reference value :  2.28140e-09
 Reference value :  2.30140e-09
 Reference value :  2.32140e-09
 Reference value :  2.34140e-09
 Reference value :  2.36140e-09
 Reference value :  2.38140e-09
 Reference value :  2.40140e-09
 Reference value :  2.42140e-09
 Reference value :  2.44140e-09
 Reference value :  2.46640e-09
 Reference value :  2.48140e-09
 Reference value :  2.50640e-09
 Reference value :  2.52640e-09
 Reference value :  2.54640e-09
 Reference value :  2.56640e-09
 Reference value :  2.58640e-09
 Reference value :  2.60640e-09
 Reference value :  2.62640e-09
 Reference value :  2.64640e-09
 Reference value :  2.66640e-09
 Reference value :  2.68640e-09
 Reference value :  2.70140e-09
 Reference value :  2.71640e-09
 Reference value :  2.73640e-09
 Reference value :  2.75640e-09
 Reference value :  2.77140e-09
 Reference value :  2.79140e-09
 Reference value :  2.81140e-09
 Reference value :  2.83140e-09
 Reference value :  2.85640e-09
 Reference value :  2.87640e-09
 Reference value :  2.89640e-09
 Reference value :  2.91640e-09
 Reference value :  2.94140e-09
 Reference value :  2.96140e-09
 Reference value :  2.98140e-09
 Reference value :  3.00140e-09
 Reference value :  3.02640e-09
 Reference value :  3.05140e-09
 Reference value :  3.06640e-09
 Reference value :  3.09140e-09
 Reference value :  3.11140e-09
 Reference value :  3.13140e-09
 Reference value :  3.14640e-09
 Reference value :  3.16640e-09
 Reference value :  3.19140e-09
 Reference value :  3.21140e-09
 Reference value :  3.23140e-09
 Reference value :  3.25140e-09
 Reference value :  3.27140e-09
 Reference value :  3.29140e-09
 Reference value :  3.31640e-09
 Reference value :  3.33640e-09
 Reference value :  3.36140e-09
 Reference value :  3.38640e-09
 Reference value :  3.40640e-09
 Reference value :  3.43140e-09
 Reference value :  3.44640e-09
 Reference value :  3.46640e-09
 Reference value :  3.48640e-09
 Reference value :  3.50640e-09
 Reference value :  3.52640e-09
 Reference value :  3.55140e-09
 Reference value :  3.57140e-09
 Reference value :  3.59140e-09
 Reference value :  3.61140e-09
 Reference value :  3.63140e-09
 Reference value :  3.64640e-09
 Reference value :  3.66140e-09
 Reference value :  3.67640e-09
 Reference value :  3.69640e-09
 Reference value :  3.71140e-09
 Reference value :  3.73140e-09
 Reference value :  3.75140e-09
 Reference value :  3.77140e-09
 Reference value :  3.78640e-09
 Reference value :  3.80640e-09
 Reference value :  3.82640e-09
 Reference value :  3.84640e-09
 Reference value :  3.86640e-09
 Reference value :  3.88640e-09
 Reference value :  3.90640e-09
 Reference value :  3.92140e-09
 Reference value :  3.94140e-09
 Reference value :  3.96140e-09
 Reference value :  3.98140e-09
 Reference value :  4.00640e-09
 Reference value :  4.02140e-09
 Reference value :  4.04140e-09
 Reference value :  4.06640e-09
 Reference value :  4.09140e-09
 Reference value :  4.11140e-09
 Reference value :  4.13140e-09
 Reference value :  4.15140e-09
 Reference value :  4.17140e-09
 Reference value :  4.19140e-09
 Reference value :  4.20640e-09
 Reference value :  4.22640e-09
 Reference value :  4.24140e-09
 Reference value :  4.26640e-09
 Reference value :  4.28640e-09
 Reference value :  4.30640e-09
 Reference value :  4.32640e-09
 Reference value :  4.34640e-09
 Reference value :  4.36640e-09
 Reference value :  4.38140e-09
 Reference value :  4.40640e-09
 Reference value :  4.42640e-09
 Reference value :  4.45140e-09
 Reference value :  4.46640e-09
 Reference value :  4.48640e-09
 Reference value :  4.51140e-09
 Reference value :  4.53640e-09
 Reference value :  4.55640e-09
 Reference value :  4.57640e-09
 Reference value :  4.59640e-09
 Reference value :  4.61640e-09
 Reference value :  4.63640e-09
 Reference value :  4.65140e-09
 Reference value :  4.67140e-09
 Reference value :  4.68640e-09
 Reference value :  4.70640e-09
 Reference value :  4.72640e-09
 Reference value :  4.74640e-09
 Reference value :  4.76140e-09
 Reference value :  4.78640e-09
 Reference value :  4.80640e-09
 Reference value :  4.82140e-09
 Reference value :  4.84140e-09
 Reference value :  4.86140e-09
 Reference value :  4.88640e-09
 Reference value :  4.90640e-09
 Reference value :  4.92140e-09
 Reference value :  4.94140e-09
 Reference value :  4.95640e-09
 Reference value :  4.97640e-09
 Reference value :  5.00000e-09
 Reference value :  5.00350e-09
 Reference value :  5.01750e-09
 Reference value :  5.03750e-09
 Reference value :  5.05750e-09
 Reference value :  5.07750e-09
 Reference value :  5.09625e-09
 Reference value :  5.10150e-09
 Reference value :  5.11750e-09
 Reference value :  5.13250e-09
 Reference value :  5.15250e-09
 Reference value :  5.17250e-09
 Reference value :  5.18750e-09
 Reference value :  5.20750e-09
 Reference value :  5.22250e-09
 Reference value :  5.24250e-09
 Reference value :  5.26250e-09
 Reference value :  5.28250e-09
 Reference value :  5.30750e-09
 Reference value :  5.32750e-09
 Reference value :  5.35250e-09
 Reference value :  5.37250e-09
 Reference value :  5.39250e-09
 Reference value :  5.40750e-09
 Reference value :  5.42750e-09
 Reference value :  5.44750e-09
 Reference value :  5.47250e-09
 Reference value :  5.49250e-09
 Reference value :  5.50250e-09
 Reference value :  5.51750e-09
 Reference value :  5.53750e-09
 Reference value :  5.55750e-09
 Reference value :  5.57750e-09
 Reference value :  5.59750e-09
 Reference value :  5.61750e-09
 Reference value :  5.63750e-09
 Reference value :  5.65750e-09
 Reference value :  5.67750e-09
 Reference value :  5.69750e-09
 Reference value :  5.71750e-09
 Reference value :  5.73750e-09
 Reference value :  5.75750e-09
 Reference value :  5.78250e-09
 Reference value :  5.80250e-09
 Reference value :  5.82250e-09
 Reference value :  5.84250e-09
 Reference value :  5.86250e-09
 Reference value :  5.88250e-09
 Reference value :  5.89750e-09
 Reference value :  5.91750e-09
 Reference value :  5.94250e-09
 Reference value :  5.96250e-09
 Reference value :  5.98250e-09
 Reference value :  5.99750e-09
 Reference value :  6.01250e-09
 Reference value :  6.02750e-09
 Reference value :  6.04250e-09
 Reference value :  6.05750e-09
 Reference value :  6.07750e-09
 Reference value :  6.09750e-09
 Reference value :  6.11750e-09
 Reference value :  6.13750e-09
 Reference value :  6.15750e-09
 Reference value :  6.17250e-09
 Reference value :  6.20250e-09
 Reference value :  6.21750e-09
 Reference value :  6.23250e-09
 Reference value :  6.25250e-09
 Reference value :  6.27250e-09
 Reference value :  6.29250e-09
 Reference value :  6.31250e-09
 Reference value :  6.32750e-09
 Reference value :  6.34750e-09
 Reference value :  6.37250e-09
 Reference value :  6.40250e-09
 Reference value :  6.42250e-09
 Reference value :  6.44250e-09
 Reference value :  6.46750e-09
 Reference value :  6.48750e-09
 Reference value :  6.50750e-09
 Reference value :  6.53250e-09
 Reference value :  6.55750e-09
 Reference value :  6.57750e-09
 Reference value :  6.59250e-09
 Reference value :  6.61250e-09
 Reference value :  6.62750e-09
 Reference value :  6.65250e-09
 Reference value :  6.67250e-09
 Reference value :  6.69250e-09
 Reference value :  6.71250e-09
 Reference value :  6.73250e-09
 Reference value :  6.75250e-09
 Reference value :  6.76750e-09
 Reference value :  6.78750e-09
 Reference value :  6.80250e-09
 Reference value :  6.82750e-09
 Reference value :  6.84750e-09
 Reference value :  6.86750e-09
 Reference value :  6.88750e-09
 Reference value :  6.91750e-09
 Reference value :  6.93750e-09
 Reference value :  6.96250e-09
 Reference value :  6.97750e-09
 Reference value :  6.99250e-09
 Reference value :  7.01250e-09
 Reference value :  7.02750e-09
 Reference value :  7.04750e-09
 Reference value :  7.07250e-09
 Reference value :  7.09750e-09
 Reference value :  7.11750e-09
 Reference value :  7.14250e-09
 Reference value :  7.16250e-09
 Reference value :  7.18250e-09
 Reference value :  7.20250e-09
 Reference value :  7.22750e-09
 Reference value :  7.24750e-09
 Reference value :  7.27250e-09
 Reference value :  7.29250e-09
 Reference value :  7.31250e-09
 Reference value :  7.33750e-09
 Reference value :  7.35750e-09
 Reference value :  7.38250e-09
 Reference value :  7.40250e-09
 Reference value :  7.41750e-09
 Reference value :  7.43250e-09
 Reference value :  7.45250e-09
 Reference value :  7.47250e-09
 Reference value :  7.48750e-09
 Reference value :  7.50750e-09
 Reference value :  7.53250e-09
 Reference value :  7.55250e-09
 Reference value :  7.57250e-09
 Reference value :  7.59250e-09
 Reference value :  7.60750e-09
 Reference value :  7.62250e-09
 Reference value :  7.65250e-09
 Reference value :  7.67750e-09
 Reference value :  7.69750e-09
 Reference value :  7.71250e-09
 Reference value :  7.73250e-09
 Reference value :  7.74750e-09
 Reference value :  7.76250e-09
 Reference value :  7.78250e-09
 Reference value :  7.80750e-09
 Reference value :  7.83250e-09
 Reference value :  7.84750e-09
 Reference value :  7.86250e-09
 Reference value :  7.87750e-09
 Reference value :  7.89750e-09
 Reference value :  7.91750e-09
 Reference value :  7.93750e-09
 Reference value :  7.95750e-09
 Reference value :  7.97750e-09
 Reference value :  7.99750e-09
 Reference value :  8.01750e-09
 Reference value :  8.03750e-09
 Reference value :  8.06250e-09
 Reference value :  8.08250e-09
 Reference value :  8.10750e-09
 Reference value :  8.12250e-09
 Reference value :  8.14250e-09
 Reference value :  8.16750e-09
 Reference value :  8.18250e-09
 Reference value :  8.20750e-09
 Reference value :  8.23750e-09
 Reference value :  8.25750e-09
 Reference value :  8.27750e-09
 Reference value :  8.30250e-09
 Reference value :  8.32250e-09
 Reference value :  8.34750e-09
 Reference value :  8.37250e-09
 Reference value :  8.39250e-09
 Reference value :  8.41250e-09
 Reference value :  8.43750e-09
 Reference value :  8.46250e-09
 Reference value :  8.48250e-09
 Reference value :  8.50250e-09
 Reference value :  8.52250e-09
 Reference value :  8.54250e-09
 Reference value :  8.56250e-09
 Reference value :  8.58250e-09
 Reference value :  8.60250e-09
 Reference value :  8.62250e-09
 Reference value :  8.64250e-09
 Reference value :  8.66250e-09
 Reference value :  8.68750e-09
 Reference value :  8.71250e-09
 Reference value :  8.73750e-09
 Reference value :  8.76250e-09
 Reference value :  8.78250e-09
 Reference value :  8.80250e-09
 Reference value :  8.82250e-09
 Reference value :  8.84250e-09
 Reference value :  8.86250e-09
 Reference value :  8.88250e-09
 Reference value :  8.91250e-09
 Reference value :  8.92750e-09
 Reference value :  8.95250e-09
 Reference value :  8.98250e-09
 Reference value :  8.99750e-09
 Reference value :  9.01750e-09
 Reference value :  9.03750e-09
 Reference value :  9.05250e-09
 Reference value :  9.07250e-09
 Reference value :  9.08750e-09
 Reference value :  9.10750e-09
 Reference value :  9.13250e-09
 Reference value :  9.15750e-09
 Reference value :  9.17750e-09
 Reference value :  9.19750e-09
 Reference value :  9.21250e-09
 Reference value :  9.22750e-09
 Reference value :  9.24250e-09
 Reference value :  9.25750e-09
 Reference value :  9.27750e-09
 Reference value :  9.29750e-09
 Reference value :  9.31750e-09
 Reference value :  9.34250e-09
 Reference value :  9.36250e-09
 Reference value :  9.38750e-09
 Reference value :  9.41250e-09
 Reference value :  9.43750e-09
 Reference value :  9.45750e-09
 Reference value :  9.47750e-09
 Reference value :  9.49250e-09
 Reference value :  9.51750e-09
 Reference value :  9.53750e-09
 Reference value :  9.55250e-09
 Reference value :  9.57250e-09
 Reference value :  9.59250e-09
 Reference value :  9.61250e-09
 Reference value :  9.63750e-09
 Reference value :  9.65750e-09
 Reference value :  9.67750e-09
 Reference value :  9.69750e-09
 Reference value :  9.72250e-09
 Reference value :  9.74250e-09
 Reference value :  9.76250e-09
 Reference value :  9.78750e-09
 Reference value :  9.80750e-09
 Reference value :  9.82750e-09
 Reference value :  9.85250e-09
 Reference value :  9.86750e-09
 Reference value :  9.88750e-09
 Reference value :  9.90750e-09
 Reference value :  9.92750e-09
 Reference value :  9.94750e-09
 Reference value :  9.96750e-09
 Reference value :  9.98750e-09
 Reference value :  1.00075e-08
 Reference value :  1.00375e-08
 Reference value :  1.00575e-08
 Reference value :  1.00775e-08
 Reference value :  1.01025e-08
 Reference value :  1.01225e-08
 Reference value :  1.01425e-08
 Reference value :  1.01675e-08
 Reference value :  1.01925e-08
 Reference value :  1.02125e-08
 Reference value :  1.02325e-08
 Reference value :  1.02575e-08
 Reference value :  1.02775e-08
 Reference value :  1.02975e-08
 Reference value :  1.03225e-08
 Reference value :  1.03375e-08
 Reference value :  1.03575e-08
 Reference value :  1.03775e-08
 Reference value :  1.03975e-08
 Reference value :  1.04175e-08
 Reference value :  1.04425e-08
 Reference value :  1.04625e-08
 Reference value :  1.04775e-08
 Reference value :  1.04925e-08
 Reference value :  1.05075e-08
 Reference value :  1.05275e-08
 Reference value :  1.05475e-08
 Reference value :  1.05675e-08
 Reference value :  1.05875e-08
 Reference value :  1.06125e-08
 Reference value :  1.06375e-08
 Reference value :  1.06575e-08
 Reference value :  1.06775e-08
 Reference value :  1.07025e-08
 Reference value :  1.07225e-08
 Reference value :  1.07425e-08
 Reference value :  1.07575e-08
 Reference value :  1.07725e-08
 Reference value :  1.07875e-08
 Reference value :  1.08075e-08
 Reference value :  1.08225e-08
 Reference value :  1.08375e-08
 Reference value :  1.08575e-08
 Reference value :  1.08775e-08
 Reference value :  1.08975e-08
 Reference value :  1.09175e-08
 Reference value :  1.09375e-08
 Reference value :  1.09575e-08
 Reference value :  1.09825e-08
 Reference value :  1.09975e-08
 Reference value :  1.10175e-08
 Reference value :  1.10375e-08
 Reference value :  1.10575e-08
 Reference value :  1.10775e-08
 Reference value :  1.10925e-08
 Reference value :  1.11125e-08
 Reference value :  1.11325e-08
 Reference value :  1.11525e-08
 Reference value :  1.11725e-08
 Reference value :  1.11925e-08
 Reference value :  1.12075e-08
 Reference value :  1.12225e-08
 Reference value :  1.12475e-08
 Reference value :  1.12725e-08
 Reference value :  1.12875e-08
 Reference value :  1.13075e-08
 Reference value :  1.13275e-08
 Reference value :  1.13475e-08
 Reference value :  1.13675e-08
 Reference value :  1.13925e-08
 Reference value :  1.14075e-08
 Reference value :  1.14325e-08
 Reference value :  1.14525e-08
 Reference value :  1.14725e-08
 Reference value :  1.14925e-08
 Reference value :  1.15175e-08
 Reference value :  1.15375e-08
 Reference value :  1.15625e-08
 Reference value :  1.15825e-08
 Reference value :  1.16075e-08
 Reference value :  1.16225e-08
 Reference value :  1.16425e-08
 Reference value :  1.16625e-08
 Reference value :  1.16775e-08
 Reference value :  1.16975e-08
 Reference value :  1.17225e-08
 Reference value :  1.17525e-08
 Reference value :  1.17725e-08
 Reference value :  1.17925e-08
 Reference value :  1.18125e-08
 Reference value :  1.18275e-08
 Reference value :  1.18475e-08
 Reference value :  1.18725e-08
 Reference value :  1.18875e-08
 Reference value :  1.19075e-08
 Reference value :  1.19275e-08
 Reference value :  1.19425e-08
 Reference value :  1.19625e-08
 Reference value :  1.19825e-08
 Reference value :  1.20025e-08
 Reference value :  1.20225e-08
 Reference value :  1.20425e-08
 Reference value :  1.20625e-08
 Reference value :  1.20825e-08
 Reference value :  1.21025e-08
 Reference value :  1.21325e-08
 Reference value :  1.21575e-08
 Reference value :  1.21825e-08
 Reference value :  1.21975e-08
 Reference value :  1.22125e-08
 Reference value :  1.22375e-08
 Reference value :  1.22575e-08
 Reference value :  1.22775e-08
 Reference value :  1.22975e-08
 Reference value :  1.23175e-08
 Reference value :  1.23375e-08
 Reference value :  1.23625e-08
 Reference value :  1.23875e-08
 Reference value :  1.24075e-08
 Reference value :  1.24275e-08
 Reference value :  1.24475e-08
 Reference value :  1.24675e-08
 Reference value :  1.24875e-08
 Reference value :  1.25075e-08
 Reference value :  1.25275e-08
 Reference value :  1.25475e-08
 Reference value :  1.25725e-08
 Reference value :  1.25975e-08
 Reference value :  1.26175e-08
 Reference value :  1.26375e-08
 Reference value :  1.26575e-08
 Reference value :  1.26775e-08
 Reference value :  1.27075e-08
 Reference value :  1.27325e-08
 Reference value :  1.27525e-08
 Reference value :  1.27775e-08
 Reference value :  1.28025e-08
 Reference value :  1.28175e-08
 Reference value :  1.28375e-08
 Reference value :  1.28575e-08
 Reference value :  1.28775e-08
 Reference value :  1.29025e-08
 Reference value :  1.29225e-08
 Reference value :  1.29425e-08
 Reference value :  1.29625e-08
 Reference value :  1.29825e-08
 Reference value :  1.30075e-08
 Reference value :  1.30325e-08
 Reference value :  1.30525e-08
 Reference value :  1.30725e-08
 Reference value :  1.30925e-08
 Reference value :  1.31075e-08
 Reference value :  1.31225e-08
 Reference value :  1.31425e-08
 Reference value :  1.31625e-08
 Reference value :  1.31825e-08
 Reference value :  1.32025e-08
 Reference value :  1.32225e-08
 Reference value :  1.32525e-08
 Reference value :  1.32775e-08
 Reference value :  1.32975e-08
 Reference value :  1.33175e-08
 Reference value :  1.33375e-08
 Reference value :  1.33625e-08
 Reference value :  1.33825e-08
 Reference value :  1.34025e-08
 Reference value :  1.34225e-08
 Reference value :  1.34475e-08
 Reference value :  1.34775e-08
 Reference value :  1.34975e-08
 Reference value :  1.35225e-08
 Reference value :  1.35375e-08
 Reference value :  1.35575e-08
 Reference value :  1.35725e-08
 Reference value :  1.35925e-08
 Reference value :  1.36175e-08
 Reference value :  1.36375e-08
 Reference value :  1.36575e-08
 Reference value :  1.36775e-08
 Reference value :  1.36925e-08
 Reference value :  1.37125e-08
 Reference value :  1.37325e-08
 Reference value :  1.37525e-08
 Reference value :  1.37775e-08
 Reference value :  1.37975e-08
 Reference value :  1.38225e-08
 Reference value :  1.38475e-08
 Reference value :  1.38675e-08
 Reference value :  1.38925e-08
 Reference value :  1.39175e-08
 Reference value :  1.39375e-08
 Reference value :  1.39575e-08
 Reference value :  1.39725e-08
 Reference value :  1.39925e-08
 Reference value :  1.40125e-08
 Reference value :  1.40375e-08
 Reference value :  1.40675e-08
 Reference value :  1.40875e-08
 Reference value :  1.41025e-08
 Reference value :  1.41175e-08
 Reference value :  1.41325e-08
 Reference value :  1.41475e-08
 Reference value :  1.41625e-08
 Reference value :  1.41775e-08
 Reference value :  1.41975e-08
 Reference value :  1.42225e-08
 Reference value :  1.42475e-08
 Reference value :  1.42725e-08
 Reference value :  1.42925e-08
 Reference value :  1.43125e-08
 Reference value :  1.43275e-08
 Reference value :  1.43475e-08
 Reference value :  1.43675e-08
 Reference value :  1.43875e-08
 Reference value :  1.44075e-08
 Reference value :  1.44225e-08
 Reference value :  1.44425e-08
 Reference value :  1.44675e-08
 Reference value :  1.44825e-08
 Reference value :  1.45025e-08
 Reference value :  1.45225e-08
 Reference value :  1.45425e-08
 Reference value :  1.45625e-08
 Reference value :  1.45775e-08
 Reference value :  1.45975e-08
 Reference value :  1.46175e-08
 Reference value :  1.46375e-08
 Reference value :  1.46575e-08
 Reference value :  1.46775e-08
 Reference value :  1.46975e-08
 Reference value :  1.47175e-08
 Reference value :  1.47375e-08
 Reference value :  1.47575e-08
 Reference value :  1.47775e-08
 Reference value :  1.47975e-08
 Reference value :  1.48175e-08
 Reference value :  1.48375e-08
 Reference value :  1.48625e-08
 Reference value :  1.48825e-08
 Reference value :  1.49075e-08
 Reference value :  1.49325e-08
 Reference value :  1.49525e-08
 Reference value :  1.49675e-08
 Reference value :  1.49925e-08
 Reference value :  1.50125e-08
 Reference value :  1.50375e-08
 Reference value :  1.50575e-08
 Reference value :  1.50775e-08
 Reference value :  1.50975e-08
 Reference value :  1.51225e-08
 Reference value :  1.51475e-08
 Reference value :  1.51675e-08
 Reference value :  1.51875e-08
 Reference value :  1.52025e-08
 Reference value :  1.52225e-08
 Reference value :  1.52425e-08
 Reference value :  1.52625e-08
 Reference value :  1.52825e-08
 Reference value :  1.53025e-08
 Reference value :  1.53225e-08
 Reference value :  1.53425e-08
 Reference value :  1.53625e-08
 Reference value :  1.53825e-08
 Reference value :  1.54025e-08
 Reference value :  1.54175e-08
 Reference value :  1.54375e-08
 Reference value :  1.54575e-08
 Reference value :  1.54775e-08
 Reference value :  1.54925e-08
 Reference value :  1.55125e-08
 Reference value :  1.55275e-08
 Reference value :  1.55475e-08
 Reference value :  1.55725e-08
 Reference value :  1.55925e-08
 Reference value :  1.56175e-08
 Reference value :  1.56375e-08
 Reference value :  1.56625e-08
 Reference value :  1.56775e-08
 Reference value :  1.56975e-08
 Reference value :  1.57225e-08
 Reference value :  1.57375e-08
 Reference value :  1.57575e-08
 Reference value :  1.57725e-08
 Reference value :  1.57925e-08
 Reference value :  1.58125e-08
 Reference value :  1.58375e-08
 Reference value :  1.58575e-08
 Reference value :  1.58775e-08
 Reference value :  1.58925e-08
 Reference value :  1.59125e-08
 Reference value :  1.59325e-08
 Reference value :  1.59525e-08
 Reference value :  1.59825e-08
 Reference value :  1.60025e-08
 Reference value :  1.60175e-08
 Reference value :  1.60375e-08
 Reference value :  1.60625e-08
 Reference value :  1.60825e-08
 Reference value :  1.60975e-08
 Reference value :  1.61175e-08
 Reference value :  1.61375e-08
 Reference value :  1.61575e-08
 Reference value :  1.61775e-08
 Reference value :  1.61975e-08
 Reference value :  1.62175e-08
 Reference value :  1.62425e-08
 Reference value :  1.62625e-08
 Reference value :  1.62825e-08
 Reference value :  1.63025e-08
 Reference value :  1.63225e-08
 Reference value :  1.63425e-08
 Reference value :  1.63575e-08
 Reference value :  1.63725e-08
 Reference value :  1.63925e-08
 Reference value :  1.64125e-08
 Reference value :  1.64325e-08
 Reference value :  1.64525e-08
 Reference value :  1.64725e-08
 Reference value :  1.64875e-08
 Reference value :  1.65075e-08
 Reference value :  1.65325e-08
 Reference value :  1.65575e-08
 Reference value :  1.65775e-08
 Reference value :  1.65975e-08
 Reference value :  1.66125e-08
 Reference value :  1.66325e-08
 Reference value :  1.66525e-08
 Reference value :  1.66725e-08
 Reference value :  1.66875e-08
 Reference value :  1.67075e-08
 Reference value :  1.67275e-08
 Reference value :  1.67475e-08
 Reference value :  1.67675e-08
 Reference value :  1.67925e-08
 Reference value :  1.68175e-08
 Reference value :  1.68375e-08
 Reference value :  1.68525e-08
 Reference value :  1.68725e-08
 Reference value :  1.68925e-08
 Reference value :  1.69075e-08
 Reference value :  1.69275e-08
 Reference value :  1.69425e-08
 Reference value :  1.69625e-08
 Reference value :  1.69825e-08
 Reference value :  1.69975e-08
 Reference value :  1.70175e-08
 Reference value :  1.70325e-08
 Reference value :  1.70525e-08
 Reference value :  1.70675e-08
 Reference value :  1.70875e-08
 Reference value :  1.71025e-08
 Reference value :  1.71175e-08
 Reference value :  1.71375e-08
 Reference value :  1.71575e-08
 Reference value :  1.71725e-08
 Reference value :  1.71875e-08
 Reference value :  1.72025e-08
 Reference value :  1.72225e-08
 Reference value :  1.72425e-08
 Reference value :  1.72625e-08
 Reference value :  1.72775e-08
 Reference value :  1.72925e-08
 Reference value :  1.73125e-08
 Reference value :  1.73275e-08
 Reference value :  1.73475e-08
 Reference value :  1.73625e-08
 Reference value :  1.73825e-08
 Reference value :  1.73975e-08
 Reference value :  1.74175e-08
 Reference value :  1.74325e-08
 Reference value :  1.74475e-08
 Reference value :  1.74675e-08
 Reference value :  1.74875e-08
 Reference value :  1.75125e-08
 Reference value :  1.75325e-08
 Reference value :  1.75525e-08
 Reference value :  1.75725e-08
 Reference value :  1.75875e-08
 Reference value :  1.76075e-08
 Reference value :  1.76275e-08
 Reference value :  1.76425e-08
 Reference value :  1.76675e-08
 Reference value :  1.76875e-08
 Reference value :  1.77075e-08
 Reference value :  1.77325e-08
 Reference value :  1.77475e-08
 Reference value :  1.77625e-08
 Reference value :  1.77775e-08
 Reference value :  1.77975e-08
 Reference value :  1.78125e-08
 Reference value :  1.78375e-08
 Reference value :  1.78575e-08
 Reference value :  1.78775e-08
 Reference value :  1.78975e-08
 Reference value :  1.79175e-08
 Reference value :  1.79375e-08
 Reference value :  1.79525e-08
 Reference value :  1.79725e-08
 Reference value :  1.79875e-08
 Reference value :  1.80075e-08
 Reference value :  1.80275e-08
 Reference value :  1.80475e-08
 Reference value :  1.80675e-08
 Reference value :  1.80875e-08
 Reference value :  1.81075e-08
 Reference value :  1.81275e-08
 Reference value :  1.81525e-08
 Reference value :  1.81775e-08
 Reference value :  1.81975e-08
 Reference value :  1.82175e-08
 Reference value :  1.82375e-08
 Reference value :  1.82575e-08
 Reference value :  1.82825e-08
 Reference value :  1.82975e-08
 Reference value :  1.83125e-08
 Reference value :  1.83325e-08
 Reference value :  1.83475e-08
 Reference value :  1.83675e-08
 Reference value :  1.83925e-08
 Reference value :  1.84075e-08
 Reference value :  1.84275e-08
 Reference value :  1.84475e-08
 Reference value :  1.84675e-08
 Reference value :  1.84875e-08
 Reference value :  1.85075e-08
 Reference value :  1.85275e-08
 Reference value :  1.85475e-08
 Reference value :  1.85675e-08
 Reference value :  1.85925e-08
 Reference value :  1.86125e-08
 Reference value :  1.86325e-08
 Reference value :  1.86525e-08
 Reference value :  1.86725e-08
 Reference value :  1.86925e-08
 Reference value :  1.87125e-08
 Reference value :  1.87375e-08
 Reference value :  1.87575e-08
 Reference value :  1.87775e-08
 Reference value :  1.87975e-08
 Reference value :  1.88175e-08
 Reference value :  1.88375e-08
 Reference value :  1.88575e-08
 Reference value :  1.88775e-08
 Reference value :  1.88975e-08
 Reference value :  1.89175e-08
 Reference value :  1.89375e-08
 Reference value :  1.89625e-08
 Reference value :  1.89775e-08
 Reference value :  1.89975e-08
 Reference value :  1.90175e-08
 Reference value :  1.90375e-08
 Reference value :  1.90575e-08
 Reference value :  1.90825e-08
 Reference value :  1.91075e-08
 Reference value :  1.91275e-08
 Reference value :  1.91525e-08
 Reference value :  1.91725e-08
 Reference value :  1.91975e-08
 Reference value :  1.92175e-08
 Reference value :  1.92375e-08
 Reference value :  1.92575e-08
 Reference value :  1.92825e-08
 Reference value :  1.93025e-08
 Reference value :  1.93225e-08
 Reference value :  1.93425e-08
 Reference value :  1.93675e-08
 Reference value :  1.93875e-08
 Reference value :  1.94075e-08
 Reference value :  1.94325e-08
 Reference value :  1.94575e-08
 Reference value :  1.94775e-08
 Reference value :  1.94975e-08
 Reference value :  1.95175e-08
 Reference value :  1.95375e-08
 Reference value :  1.95575e-08
 Reference value :  1.95825e-08
 Reference value :  1.96025e-08
 Reference value :  1.96225e-08
 Reference value :  1.96425e-08
 Reference value :  1.96625e-08
 Reference value :  1.96825e-08
 Reference value :  1.97025e-08
 Reference value :  1.97225e-08
 Reference value :  1.97425e-08
 Reference value :  1.97675e-08
 Reference value :  1.97875e-08
 Reference value :  1.98075e-08
 Reference value :  1.98275e-08
 Reference value :  1.98475e-08
 Reference value :  1.98725e-08
 Reference value :  1.98925e-08
 Reference value :  1.99175e-08
 Reference value :  1.99425e-08
 Reference value :  1.99625e-08
 Reference value :  1.99825e-08
 Reference value :  2.00025e-08
 Reference value :  2.00275e-08
 Reference value :  2.00475e-08
 Reference value :  2.00675e-08
 Reference value :  2.00875e-08
 Reference value :  2.01075e-08
 Reference value :  2.01275e-08
 Reference value :  2.01525e-08
 Reference value :  2.01775e-08
 Reference value :  2.01975e-08
 Reference value :  2.02175e-08
 Reference value :  2.02375e-08
 Reference value :  2.02575e-08
 Reference value :  2.02775e-08
 Reference value :  2.02975e-08
 Reference value :  2.03175e-08
 Reference value :  2.03375e-08
 Reference value :  2.03575e-08
 Reference value :  2.03725e-08
 Reference value :  2.03925e-08
 Reference value :  2.04125e-08
 Reference value :  2.04325e-08
 Reference value :  2.04525e-08
 Reference value :  2.04725e-08
 Reference value :  2.04975e-08
 Reference value :  2.05175e-08
 Reference value :  2.05375e-08
 Reference value :  2.05625e-08
 Reference value :  2.05875e-08
 Reference value :  2.06075e-08
 Reference value :  2.06325e-08
 Reference value :  2.06525e-08
 Reference value :  2.06775e-08
 Reference value :  2.07025e-08
 Reference value :  2.07225e-08
 Reference value :  2.07475e-08
 Reference value :  2.07725e-08
 Reference value :  2.07925e-08
 Reference value :  2.08125e-08
 Reference value :  2.08375e-08
 Reference value :  2.08625e-08
 Reference value :  2.08825e-08
 Reference value :  2.09025e-08
 Reference value :  2.09275e-08
 Reference value :  2.09475e-08
 Reference value :  2.09725e-08
 Reference value :  2.09925e-08
 Reference value :  2.10125e-08
 Reference value :  2.10325e-08
 Reference value :  2.10475e-08
 Reference value :  2.10675e-08
 Reference value :  2.10875e-08
 Reference value :  2.11075e-08
 Reference value :  2.11325e-08
 Reference value :  2.11475e-08
 Reference value :  2.11725e-08
 Reference value :  2.11875e-08
 Reference value :  2.12025e-08
 Reference value :  2.12225e-08
 Reference value :  2.12375e-08
 Reference value :  2.12575e-08
 Reference value :  2.12825e-08
 Reference value :  2.13075e-08
 Reference value :  2.13275e-08
 Reference value :  2.13525e-08
 Reference value :  2.13725e-08
 Reference value :  2.13925e-08
 Reference value :  2.14075e-08
 Reference value :  2.14275e-08
 Reference value :  2.14475e-08
 Reference value :  2.14675e-08
 Reference value :  2.14875e-08
 Reference value :  2.15075e-08
 Reference value :  2.15275e-08
 Reference value :  2.15525e-08
 Reference value :  2.15725e-08
 Reference value :  2.15975e-08
 Reference value :  2.16225e-08
 Reference value :  2.16375e-08
 Reference value :  2.16575e-08
 Reference value :  2.16725e-08
 Reference value :  2.16925e-08
 Reference value :  2.17125e-08
 Reference value :  2.17325e-08
 Reference value :  2.17575e-08
 Reference value :  2.17725e-08
 Reference value :  2.17925e-08
 Reference value :  2.18175e-08
 Reference value :  2.18425e-08
 Reference value :  2.18675e-08
 Reference value :  2.18925e-08
 Reference value :  2.19125e-08
 Reference value :  2.19325e-08
 Reference value :  2.19475e-08
 Reference value :  2.19675e-08
 Reference value :  2.19875e-08
 Reference value :  2.20025e-08
 Reference value :  2.20175e-08
 Reference value :  2.20375e-08
 Reference value :  2.20525e-08
 Reference value :  2.20725e-08
 Reference value :  2.20925e-08
 Reference value :  2.21175e-08
 Reference value :  2.21375e-08
 Reference value :  2.21575e-08
 Reference value :  2.21775e-08
 Reference value :  2.21975e-08
 Reference value :  2.22175e-08
 Reference value :  2.22325e-08
 Reference value :  2.22525e-08
 Reference value :  2.22725e-08
 Reference value :  2.22925e-08
 Reference value :  2.23125e-08
 Reference value :  2.23325e-08
 Reference value :  2.23575e-08
 Reference value :  2.23775e-08
 Reference value :  2.23975e-08
 Reference value :  2.24175e-08
 Reference value :  2.24375e-08
 Reference value :  2.24575e-08
 Reference value :  2.24775e-08
 Reference value :  2.25025e-08
 Reference value :  2.25275e-08
 Reference value :  2.25475e-08
 Reference value :  2.25725e-08
 Reference value :  2.25925e-08
 Reference value :  2.26125e-08
 Reference value :  2.26275e-08
 Reference value :  2.26475e-08
 Reference value :  2.26675e-08
 Reference value :  2.26875e-08
 Reference value :  2.27025e-08
 Reference value :  2.27225e-08
 Reference value :  2.27425e-08
 Reference value :  2.27625e-08
 Reference value :  2.27825e-08
 Reference value :  2.28025e-08
 Reference value :  2.28225e-08
 Reference value :  2.28425e-08
 Reference value :  2.28625e-08
 Reference value :  2.28825e-08
 Reference value :  2.29025e-08
 Reference value :  2.29225e-08
 Reference value :  2.29375e-08
 Reference value :  2.29575e-08
 Reference value :  2.29775e-08
 Reference value :  2.30025e-08
 Reference value :  2.30225e-08
 Reference value :  2.30425e-08
 Reference value :  2.30625e-08
 Reference value :  2.30825e-08
 Reference value :  2.31025e-08
 Reference value :  2.31175e-08
 Reference value :  2.31325e-08
 Reference value :  2.31525e-08
 Reference value :  2.31725e-08
 Reference value :  2.31925e-08
 Reference value :  2.32125e-08
 Reference value :  2.32325e-08
 Reference value :  2.32525e-08
 Reference value :  2.32675e-08
 Reference value :  2.32875e-08
 Reference value :  2.33075e-08
 Reference value :  2.33275e-08
 Reference value :  2.33475e-08
 Reference value :  2.33625e-08
 Reference value :  2.33825e-08
 Reference value :  2.34025e-08
 Reference value :  2.34225e-08
 Reference value :  2.34375e-08
 Reference value :  2.34575e-08
 Reference value :  2.34775e-08
 Reference value :  2.34975e-08
 Reference value :  2.35175e-08
 Reference value :  2.35375e-08
 Reference value :  2.35575e-08
 Reference value :  2.35825e-08
 Reference value :  2.36025e-08
 Reference value :  2.36175e-08
 Reference value :  2.36375e-08
 Reference value :  2.36625e-08
 Reference value :  2.36825e-08
 Reference value :  2.37025e-08
 Reference value :  2.37225e-08
 Reference value :  2.37425e-08
 Reference value :  2.37625e-08
 Reference value :  2.37825e-08
 Reference value :  2.38025e-08
 Reference value :  2.38225e-08
 Reference value :  2.38425e-08
 Reference value :  2.38625e-08
 Reference value :  2.38825e-08
 Reference value :  2.39025e-08
 Reference value :  2.39225e-08
 Reference value :  2.39425e-08
 Reference value :  2.39675e-08
 Reference value :  2.39875e-08
 Reference value :  2.40075e-08
 Reference value :  2.40225e-08
 Reference value :  2.40425e-08
 Reference value :  2.40625e-08
 Reference value :  2.40825e-08
 Reference value :  2.41025e-08
 Reference value :  2.41175e-08
 Reference value :  2.41375e-08
 Reference value :  2.41575e-08
 Reference value :  2.41775e-08
 Reference value :  2.42025e-08
 Reference value :  2.42225e-08
 Reference value :  2.42425e-08
 Reference value :  2.42625e-08
 Reference value :  2.42825e-08
 Reference value :  2.43025e-08
 Reference value :  2.43225e-08
 Reference value :  2.43425e-08
 Reference value :  2.43625e-08
 Reference value :  2.43775e-08
 Reference value :  2.43975e-08
 Reference value :  2.44175e-08
 Reference value :  2.44375e-08
 Reference value :  2.44575e-08
 Reference value :  2.44825e-08
 Reference value :  2.45075e-08
 Reference value :  2.45275e-08
 Reference value :  2.45425e-08
 Reference value :  2.45625e-08
 Reference value :  2.45825e-08
 Reference value :  2.45975e-08
 Reference value :  2.46175e-08
 Reference value :  2.46375e-08
 Reference value :  2.46575e-08
 Reference value :  2.46775e-08
 Reference value :  2.46925e-08
 Reference value :  2.47125e-08
 Reference value :  2.47375e-08
 Reference value :  2.47575e-08
 Reference value :  2.47725e-08
 Reference value :  2.47925e-08
 Reference value :  2.48125e-08
 Reference value :  2.48275e-08
 Reference value :  2.48425e-08
 Reference value :  2.48625e-08
 Reference value :  2.48775e-08
 Reference value :  2.48975e-08
 Reference value :  2.49225e-08
 Reference value :  2.49425e-08
 Reference value :  2.49675e-08
 Reference value :  2.49875e-08
 Reference value :  2.50075e-08
 Reference value :  2.50275e-08
 Reference value :  2.50425e-08
 Reference value :  2.50675e-08
 Reference value :  2.50875e-08
 Reference value :  2.51125e-08
 Reference value :  2.51325e-08
 Reference value :  2.51525e-08
 Reference value :  2.51775e-08
 Reference value :  2.51975e-08
 Reference value :  2.52175e-08
 Reference value :  2.52375e-08
 Reference value :  2.52575e-08
 Reference value :  2.52775e-08
 Reference value :  2.52975e-08
 Reference value :  2.53175e-08
 Reference value :  2.53375e-08
 Reference value :  2.53575e-08
 Reference value :  2.53775e-08
 Reference value :  2.54075e-08
 Reference value :  2.54275e-08
 Reference value :  2.54575e-08
 Reference value :  2.54775e-08
 Reference value :  2.55025e-08
 Reference value :  2.55225e-08
 Reference value :  2.55425e-08
 Reference value :  2.55675e-08
 Reference value :  2.55875e-08
 Reference value :  2.56125e-08
 Reference value :  2.56275e-08
 Reference value :  2.56475e-08
 Reference value :  2.56675e-08
 Reference value :  2.56825e-08
 Reference value :  2.57025e-08
 Reference value :  2.57175e-08
 Reference value :  2.57325e-08
 Reference value :  2.57525e-08
 Reference value :  2.57725e-08
 Reference value :  2.57925e-08
 Reference value :  2.58175e-08
 Reference value :  2.58375e-08
 Reference value :  2.58575e-08
 Reference value :  2.58825e-08
 Reference value :  2.59025e-08
 Reference value :  2.59275e-08
 Reference value :  2.59475e-08
 Reference value :  2.59675e-08
 Reference value :  2.59925e-08
 Reference value :  2.60125e-08
 Reference value :  2.60275e-08
 Reference value :  2.60575e-08
 Reference value :  2.60775e-08
 Reference value :  2.60975e-08
 Reference value :  2.61175e-08
 Reference value :  2.61375e-08
 Reference value :  2.61625e-08
 Reference value :  2.61825e-08
 Reference value :  2.62025e-08
 Reference value :  2.62275e-08
 Reference value :  2.62525e-08
 Reference value :  2.62725e-08
 Reference value :  2.62875e-08
 Reference value :  2.63075e-08
 Reference value :  2.63275e-08
 Reference value :  2.63525e-08
 Reference value :  2.63725e-08
 Reference value :  2.63925e-08
 Reference value :  2.64125e-08
 Reference value :  2.64275e-08
 Reference value :  2.64475e-08
 Reference value :  2.64675e-08
 Reference value :  2.64875e-08
 Reference value :  2.65025e-08
 Reference value :  2.65225e-08
 Reference value :  2.65425e-08
 Reference value :  2.65675e-08
 Reference value :  2.65925e-08
 Reference value :  2.66125e-08
 Reference value :  2.66275e-08
 Reference value :  2.66525e-08
 Reference value :  2.66725e-08
 Reference value :  2.66925e-08
 Reference value :  2.67125e-08
 Reference value :  2.67275e-08
 Reference value :  2.67475e-08
 Reference value :  2.67625e-08
 Reference value :  2.67825e-08
 Reference value :  2.67975e-08
 Reference value :  2.68175e-08
 Reference value :  2.68425e-08
 Reference value :  2.68625e-08
 Reference value :  2.68825e-08
 Reference value :  2.69025e-08
 Reference value :  2.69225e-08
 Reference value :  2.69425e-08
 Reference value :  2.69625e-08
 Reference value :  2.69825e-08
 Reference value :  2.70025e-08
 Reference value :  2.70225e-08
 Reference value :  2.70425e-08
 Reference value :  2.70625e-08
 Reference value :  2.70825e-08
 Reference value :  2.71025e-08
 Reference value :  2.71225e-08
 Reference value :  2.71425e-08
 Reference value :  2.71575e-08
 Reference value :  2.71775e-08
 Reference value :  2.72025e-08
 Reference value :  2.72175e-08
 Reference value :  2.72325e-08
 Reference value :  2.72475e-08
 Reference value :  2.72675e-08
 Reference value :  2.72875e-08
 Reference value :  2.73075e-08
 Reference value :  2.73275e-08
 Reference value :  2.73525e-08
 Reference value :  2.73725e-08
 Reference value :  2.73975e-08
 Reference value :  2.74175e-08
 Reference value :  2.74375e-08
 Reference value :  2.74575e-08
 Reference value :  2.74725e-08
 Reference value :  2.74925e-08
 Reference value :  2.75125e-08
 Reference value :  2.75325e-08
 Reference value :  2.75525e-08
 Reference value :  2.75725e-08
 Reference value :  2.75925e-08
 Reference value :  2.76125e-08
 Reference value :  2.76325e-08
 Reference value :  2.76525e-08
 Reference value :  2.76725e-08
 Reference value :  2.76925e-08
 Reference value :  2.77125e-08
 Reference value :  2.77325e-08
 Reference value :  2.77475e-08
 Reference value :  2.77625e-08
 Reference value :  2.77825e-08
 Reference value :  2.78025e-08
 Reference value :  2.78225e-08
 Reference value :  2.78425e-08
 Reference value :  2.78625e-08
 Reference value :  2.78825e-08
 Reference value :  2.79075e-08
 Reference value :  2.79225e-08
 Reference value :  2.79425e-08
 Reference value :  2.79625e-08
 Reference value :  2.79825e-08
 Reference value :  2.80075e-08
 Reference value :  2.80275e-08
 Reference value :  2.80475e-08
 Reference value :  2.80675e-08
 Reference value :  2.80825e-08
 Reference value :  2.81025e-08
 Reference value :  2.81225e-08
 Reference value :  2.81475e-08
 Reference value :  2.81625e-08
 Reference value :  2.81825e-08
 Reference value :  2.81975e-08
 Reference value :  2.82125e-08
 Reference value :  2.82325e-08
 Reference value :  2.82525e-08
 Reference value :  2.82725e-08
 Reference value :  2.82975e-08
 Reference value :  2.83175e-08
 Reference value :  2.83325e-08
 Reference value :  2.83525e-08
 Reference value :  2.83775e-08
 Reference value :  2.83975e-08
 Reference value :  2.84125e-08
 Reference value :  2.84325e-08
 Reference value :  2.84575e-08
 Reference value :  2.84775e-08
 Reference value :  2.84925e-08
 Reference value :  2.85125e-08
 Reference value :  2.85325e-08
 Reference value :  2.85525e-08
 Reference value :  2.85725e-08
 Reference value :  2.85925e-08
 Reference value :  2.86075e-08
 Reference value :  2.86275e-08
 Reference value :  2.86525e-08
 Reference value :  2.86725e-08
 Reference value :  2.87025e-08
 Reference value :  2.87175e-08
 Reference value :  2.87325e-08
 Reference value :  2.87525e-08
 Reference value :  2.87725e-08
 Reference value :  2.87925e-08
 Reference value :  2.88125e-08
 Reference value :  2.88325e-08
 Reference value :  2.88575e-08
 Reference value :  2.88775e-08
 Reference value :  2.88975e-08
 Reference value :  2.89225e-08
 Reference value :  2.89425e-08
 Reference value :  2.89625e-08
 Reference value :  2.89825e-08
 Reference value :  2.90025e-08
 Reference value :  2.90225e-08
 Reference value :  2.90425e-08
 Reference value :  2.90625e-08
 Reference value :  2.90825e-08
 Reference value :  2.91025e-08
 Reference value :  2.91175e-08
 Reference value :  2.91425e-08
 Reference value :  2.91625e-08
 Reference value :  2.91825e-08
 Reference value :  2.92025e-08
 Reference value :  2.92275e-08
 Reference value :  2.92475e-08
 Reference value :  2.92725e-08
 Reference value :  2.92925e-08
 Reference value :  2.93125e-08
 Reference value :  2.93375e-08
 Reference value :  2.93525e-08
 Reference value :  2.93725e-08
 Reference value :  2.93925e-08
 Reference value :  2.94125e-08
 Reference value :  2.94325e-08
 Reference value :  2.94525e-08
 Reference value :  2.94725e-08
 Reference value :  2.94875e-08
 Reference value :  2.95075e-08
 Reference value :  2.95225e-08
 Reference value :  2.95375e-08
 Reference value :  2.95525e-08
 Reference value :  2.95675e-08
 Reference value :  2.95875e-08
 Reference value :  2.96075e-08
 Reference value :  2.96225e-08
 Reference value :  2.96375e-08
 Reference value :  2.96575e-08
 Reference value :  2.96875e-08
 Reference value :  2.97075e-08
 Reference value :  2.97225e-08
 Reference value :  2.97425e-08
 Reference value :  2.97625e-08
 Reference value :  2.97775e-08
 Reference value :  2.97975e-08
 Reference value :  2.98175e-08
 Reference value :  2.98325e-08
 Reference value :  2.98475e-08
 Reference value :  2.98675e-08
 Reference value :  2.98875e-08
 Reference value :  2.99075e-08
 Reference value :  2.99275e-08
 Reference value :  2.99475e-08
 Reference value :  2.99675e-08
 Reference value :  2.99825e-08
 Reference value :  3.00025e-08
 Reference value :  3.00225e-08
 Reference value :  3.00425e-08
 Reference value :  3.00675e-08
 Reference value :  3.00925e-08
 Reference value :  3.01125e-08
 Reference value :  3.01275e-08
 Reference value :  3.01475e-08
 Reference value :  3.01675e-08
 Reference value :  3.01925e-08
 Reference value :  3.02125e-08
 Reference value :  3.02325e-08
 Reference value :  3.02475e-08
 Reference value :  3.02775e-08
 Reference value :  3.03025e-08
 Reference value :  3.03225e-08
 Reference value :  3.03425e-08
 Reference value :  3.03575e-08
 Reference value :  3.03775e-08
 Reference value :  3.03975e-08
 Reference value :  3.04225e-08
 Reference value :  3.04425e-08
 Reference value :  3.04625e-08
 Reference value :  3.04825e-08
 Reference value :  3.05025e-08
 Reference value :  3.05225e-08
 Reference value :  3.05425e-08
 Reference value :  3.05625e-08
 Reference value :  3.05825e-08
 Reference value :  3.06075e-08
 Reference value :  3.06275e-08
 Reference value :  3.06475e-08
 Reference value :  3.06675e-08
 Reference value :  3.06875e-08
 Reference value :  3.07075e-08
 Reference value :  3.07225e-08
 Reference value :  3.07375e-08
 Reference value :  3.07575e-08
 Reference value :  3.07775e-08
 Reference value :  3.07975e-08
 Reference value :  3.08225e-08
 Reference value :  3.08425e-08
 Reference value :  3.08625e-08
 Reference value :  3.08875e-08
 Reference value :  3.09125e-08
 Reference value :  3.09375e-08
 Reference value :  3.09575e-08
 Reference value :  3.09775e-08
 Reference value :  3.10075e-08
 Reference value :  3.10275e-08
 Reference value :  3.10475e-08
 Reference value :  3.10675e-08
 Reference value :  3.10825e-08
 Reference value :  3.11025e-08
 Reference value :  3.11275e-08
 Reference value :  3.11475e-08
 Reference value :  3.11675e-08
 Reference value :  3.11925e-08
 Reference value :  3.12075e-08
 Reference value :  3.12275e-08
 Reference value :  3.12475e-08
 Reference value :  3.12675e-08
 Reference value :  3.12875e-08
 Reference value :  3.13125e-08
 Reference value :  3.13275e-08
 Reference value :  3.13425e-08
 Reference value :  3.13675e-08
 Reference value :  3.13875e-08
 Reference value :  3.14075e-08
 Reference value :  3.14275e-08
 Reference value :  3.14475e-08
 Reference value :  3.14675e-08
 Reference value :  3.14875e-08
 Reference value :  3.15075e-08
 Reference value :  3.15225e-08
 Reference value :  3.15425e-08
 Reference value :  3.15675e-08
 Reference value :  3.15825e-08
 Reference value :  3.16025e-08
 Reference value :  3.16175e-08
 Reference value :  3.16375e-08
 Reference value :  3.16575e-08
 Reference value :  3.16825e-08
 Reference value :  3.17025e-08
 Reference value :  3.17275e-08
 Reference value :  3.17475e-08
 Reference value :  3.17675e-08
 Reference value :  3.17825e-08
 Reference value :  3.18025e-08
 Reference value :  3.18225e-08
 Reference value :  3.18425e-08
 Reference value :  3.18675e-08
 Reference value :  3.18875e-08
 Reference value :  3.19025e-08
 Reference value :  3.19275e-08
 Reference value :  3.19525e-08
 Reference value :  3.19675e-08
 Reference value :  3.19875e-08
 Reference value :  3.20025e-08
 Reference value :  3.20225e-08
 Reference value :  3.20475e-08
 Reference value :  3.20775e-08
 Reference value :  3.20975e-08
 Reference value :  3.21175e-08
 Reference value :  3.21375e-08
 Reference value :  3.21525e-08
 Reference value :  3.21775e-08
 Reference value :  3.22025e-08
 Reference value :  3.22325e-08
 Reference value :  3.22575e-08
 Reference value :  3.22775e-08
 Reference value :  3.22975e-08
 Reference value :  3.23175e-08
 Reference value :  3.23325e-08
 Reference value :  3.23525e-08
 Reference value :  3.23775e-08
 Reference value :  3.23975e-08
 Reference value :  3.24175e-08
 Reference value :  3.24325e-08
 Reference value :  3.24525e-08
 Reference value :  3.24775e-08
 Reference value :  3.25025e-08
 Reference value :  3.25175e-08
 Reference value :  3.25425e-08
 Reference value :  3.25625e-08
 Reference value :  3.25825e-08
 Reference value :  3.26025e-08
 Reference value :  3.26225e-08
 Reference value :  3.26425e-08
 Reference value :  3.26675e-08
 Reference value :  3.26875e-08
 Reference value :  3.27125e-08
 Reference value :  3.27325e-08
 Reference value :  3.27575e-08
 Reference value :  3.27825e-08
 Reference value :  3.28075e-08
 Reference value :  3.28375e-08
 Reference value :  3.28575e-08
 Reference value :  3.28775e-08
 Reference value :  3.29025e-08
 Reference value :  3.29275e-08
 Reference value :  3.29475e-08
 Reference value :  3.29675e-08
 Reference value :  3.29925e-08
 Reference value :  3.30125e-08
 Reference value :  3.30325e-08
 Reference value :  3.30525e-08
 Reference value :  3.30775e-08
 Reference value :  3.30975e-08
 Reference value :  3.31175e-08
 Reference value :  3.31375e-08
 Reference value :  3.31575e-08
 Reference value :  3.31775e-08
 Reference value :  3.31975e-08
 Reference value :  3.32175e-08
 Reference value :  3.32425e-08
 Reference value :  3.32625e-08
 Reference value :  3.32775e-08
 Reference value :  3.32975e-08
 Reference value :  3.33175e-08
 Reference value :  3.33375e-08
 Reference value :  3.33575e-08
 Reference value :  3.33775e-08
 Reference value :  3.33975e-08
 Reference value :  3.34175e-08
 Reference value :  3.34425e-08
 Reference value :  3.34625e-08
 Reference value :  3.34825e-08
 Reference value :  3.35075e-08
 Reference value :  3.35325e-08
 Reference value :  3.35525e-08
 Reference value :  3.35725e-08
 Reference value :  3.35875e-08
 Reference value :  3.36125e-08
 Reference value :  3.36325e-08
 Reference value :  3.36525e-08
 Reference value :  3.36725e-08
 Reference value :  3.36925e-08
 Reference value :  3.37075e-08
 Reference value :  3.37275e-08
 Reference value :  3.37475e-08
 Reference value :  3.37675e-08
 Reference value :  3.37875e-08
 Reference value :  3.38125e-08
 Reference value :  3.38325e-08
 Reference value :  3.38525e-08
 Reference value :  3.38725e-08
 Reference value :  3.38875e-08
 Reference value :  3.39075e-08
 Reference value :  3.39275e-08
 Reference value :  3.39475e-08
 Reference value :  3.39675e-08
 Reference value :  3.39925e-08
 Reference value :  3.40125e-08
 Reference value :  3.40325e-08
 Reference value :  3.40525e-08
 Reference value :  3.40725e-08
 Reference value :  3.40925e-08
 Reference value :  3.41175e-08
 Reference value :  3.41375e-08
 Reference value :  3.41625e-08
 Reference value :  3.41825e-08
 Reference value :  3.42025e-08
 Reference value :  3.42225e-08
 Reference value :  3.42475e-08
 Reference value :  3.42675e-08
 Reference value :  3.42825e-08
 Reference value :  3.43025e-08
 Reference value :  3.43225e-08
 Reference value :  3.43425e-08
 Reference value :  3.43625e-08
 Reference value :  3.43825e-08
 Reference value :  3.43975e-08
 Reference value :  3.44175e-08
 Reference value :  3.44375e-08
 Reference value :  3.44625e-08
 Reference value :  3.44825e-08
 Reference value :  3.45025e-08
 Reference value :  3.45225e-08
 Reference value :  3.45425e-08
 Reference value :  3.45675e-08
 Reference value :  3.45925e-08
 Reference value :  3.46175e-08
 Reference value :  3.46325e-08
 Reference value :  3.46525e-08
 Reference value :  3.46725e-08
 Reference value :  3.46925e-08
 Reference value :  3.47125e-08
 Reference value :  3.47375e-08
 Reference value :  3.47575e-08
 Reference value :  3.47775e-08
 Reference value :  3.48025e-08
 Reference value :  3.48225e-08
 Reference value :  3.48425e-08
 Reference value :  3.48675e-08
 Reference value :  3.48875e-08
 Reference value :  3.49075e-08
 Reference value :  3.49325e-08
 Reference value :  3.49475e-08
 Reference value :  3.49675e-08
 Reference value :  3.49875e-08
 Reference value :  3.50025e-08
 Reference value :  3.50275e-08
 Reference value :  3.50425e-08
 Reference value :  3.50625e-08
 Reference value :  3.50875e-08
 Reference value :  3.51125e-08
 Reference value :  3.51325e-08
 Reference value :  3.51525e-08
 Reference value :  3.51675e-08
 Reference value :  3.51825e-08
 Reference value :  3.52025e-08
 Reference value :  3.52175e-08
 Reference value :  3.52375e-08
 Reference value :  3.52525e-08
 Reference value :  3.52725e-08
 Reference value :  3.52925e-08
 Reference value :  3.53125e-08
 Reference value :  3.53325e-08
 Reference value :  3.53475e-08
 Reference value :  3.53675e-08
 Reference value :  3.53825e-08
 Reference value :  3.53975e-08
 Reference value :  3.54175e-08
 Reference value :  3.54375e-08
 Reference value :  3.54575e-08
 Reference value :  3.54775e-08
 Reference value :  3.54975e-08
 Reference value :  3.55175e-08
 Reference value :  3.55375e-08
 Reference value :  3.55625e-08
 Reference value :  3.55875e-08
 Reference value :  3.56125e-08
 Reference value :  3.56375e-08
 Reference value :  3.56625e-08
 Reference value :  3.56825e-08
 Reference value :  3.57025e-08
 Reference value :  3.57225e-08
 Reference value :  3.57425e-08
 Reference value :  3.57625e-08
 Reference value :  3.57825e-08
 Reference value :  3.58025e-08
 Reference value :  3.58275e-08
 Reference value :  3.58525e-08
 Reference value :  3.58725e-08
 Reference value :  3.58925e-08
 Reference value :  3.59175e-08
 Reference value :  3.59375e-08
 Reference value :  3.59575e-08
 Reference value :  3.59775e-08
 Reference value :  3.59975e-08
 Reference value :  3.60175e-08
 Reference value :  3.60425e-08
 Reference value :  3.60625e-08
 Reference value :  3.60775e-08
 Reference value :  3.60975e-08
 Reference value :  3.61275e-08
 Reference value :  3.61475e-08
 Reference value :  3.61725e-08
 Reference value :  3.61925e-08
 Reference value :  3.62075e-08
 Reference value :  3.62275e-08
 Reference value :  3.62475e-08
 Reference value :  3.62725e-08
 Reference value :  3.62925e-08
 Reference value :  3.63125e-08
 Reference value :  3.63325e-08
 Reference value :  3.63525e-08
 Reference value :  3.63725e-08
 Reference value :  3.63925e-08
 Reference value :  3.64125e-08
 Reference value :  3.64375e-08
 Reference value :  3.64575e-08
 Reference value :  3.64775e-08
 Reference value :  3.64975e-08
 Reference value :  3.65175e-08
 Reference value :  3.65325e-08
 Reference value :  3.65475e-08
 Reference value :  3.65725e-08
 Reference value :  3.65925e-08
 Reference value :  3.66125e-08
 Reference value :  3.66325e-08
 Reference value :  3.66475e-08
 Reference value :  3.66725e-08
 Reference value :  3.66925e-08
 Reference value :  3.67175e-08
 Reference value :  3.67425e-08
 Reference value :  3.67625e-08
 Reference value :  3.67875e-08
 Reference value :  3.68075e-08
 Reference value :  3.68275e-08
 Reference value :  3.68425e-08
 Reference value :  3.68575e-08
 Reference value :  3.68775e-08
 Reference value :  3.68975e-08
 Reference value :  3.69225e-08
 Reference value :  3.69425e-08
 Reference value :  3.69625e-08
 Reference value :  3.69825e-08
 Reference value :  3.70025e-08
 Reference value :  3.70175e-08
 Reference value :  3.70325e-08
 Reference value :  3.70575e-08
 Reference value :  3.70775e-08
 Reference value :  3.70975e-08
 Reference value :  3.71225e-08
 Reference value :  3.71425e-08
 Reference value :  3.71575e-08
 Reference value :  3.71775e-08
 Reference value :  3.72025e-08
 Reference value :  3.72175e-08
 Reference value :  3.72375e-08
 Reference value :  3.72575e-08
 Reference value :  3.72725e-08
 Reference value :  3.72875e-08
 Reference value :  3.73025e-08
 Reference value :  3.73225e-08
 Reference value :  3.73425e-08
 Reference value :  3.73675e-08
 Reference value :  3.73925e-08
 Reference value :  3.74125e-08
 Reference value :  3.74275e-08
 Reference value :  3.74525e-08
 Reference value :  3.74775e-08
 Reference value :  3.75025e-08
 Reference value :  3.75225e-08
 Reference value :  3.75425e-08
 Reference value :  3.75625e-08
 Reference value :  3.75875e-08
 Reference value :  3.76075e-08
 Reference value :  3.76275e-08
 Reference value :  3.76525e-08
 Reference value :  3.76675e-08
 Reference value :  3.76825e-08
 Reference value :  3.77025e-08
 Reference value :  3.77225e-08
 Reference value :  3.77425e-08
 Reference value :  3.77625e-08
 Reference value :  3.77825e-08
 Reference value :  3.78025e-08
 Reference value :  3.78225e-08
 Reference value :  3.78425e-08
 Reference value :  3.78625e-08
 Reference value :  3.78825e-08
 Reference value :  3.78975e-08
 Reference value :  3.79175e-08
 Reference value :  3.79325e-08
 Reference value :  3.79475e-08
 Reference value :  3.79675e-08
 Reference value :  3.79875e-08
 Reference value :  3.80125e-08
 Reference value :  3.80325e-08
 Reference value :  3.80525e-08
 Reference value :  3.80725e-08
 Reference value :  3.80925e-08
 Reference value :  3.81125e-08
 Reference value :  3.81325e-08
 Reference value :  3.81525e-08
 Reference value :  3.81725e-08
 Reference value :  3.81925e-08
 Reference value :  3.82075e-08
 Reference value :  3.82275e-08
 Reference value :  3.82475e-08
 Reference value :  3.82675e-08
 Reference value :  3.82825e-08
 Reference value :  3.83025e-08
 Reference value :  3.83225e-08
 Reference value :  3.83425e-08
 Reference value :  3.83625e-08
 Reference value :  3.83775e-08
 Reference value :  3.83925e-08
 Reference value :  3.84125e-08
 Reference value :  3.84375e-08
 Reference value :  3.84575e-08
 Reference value :  3.84775e-08
 Reference value :  3.85025e-08
 Reference value :  3.85275e-08
 Reference value :  3.85475e-08
 Reference value :  3.85675e-08
 Reference value :  3.85875e-08
 Reference value :  3.86075e-08
 Reference value :  3.86275e-08
 Reference value :  3.86475e-08
 Reference value :  3.86725e-08
 Reference value :  3.86975e-08
 Reference value :  3.87125e-08
 Reference value :  3.87275e-08
 Reference value :  3.87475e-08
 Reference value :  3.87675e-08
 Reference value :  3.87875e-08
 Reference value :  3.88075e-08
 Reference value :  3.88225e-08
 Reference value :  3.88425e-08
 Reference value :  3.88575e-08
 Reference value :  3.88775e-08
 Reference value :  3.88975e-08
 Reference value :  3.89125e-08
 Reference value :  3.89325e-08
 Reference value :  3.89525e-08
 Reference value :  3.89675e-08
 Reference value :  3.89875e-08
 Reference value :  3.90075e-08
 Reference value :  3.90225e-08
 Reference value :  3.90425e-08
 Reference value :  3.90575e-08
 Reference value :  3.90775e-08
 Reference value :  3.90975e-08
 Reference value :  3.91225e-08
 Reference value :  3.91425e-08
 Reference value :  3.91675e-08
 Reference value :  3.91875e-08
 Reference value :  3.92075e-08
 Reference value :  3.92275e-08
 Reference value :  3.92525e-08
 Reference value :  3.92725e-08
 Reference value :  3.92925e-08
 Reference value :  3.93125e-08
 Reference value :  3.93325e-08
 Reference value :  3.93525e-08
 Reference value :  3.93725e-08
 Reference value :  3.93875e-08
 Reference value :  3.94025e-08
 Reference value :  3.94225e-08
 Reference value :  3.94425e-08
 Reference value :  3.94575e-08
 Reference value :  3.94775e-08
 Reference value :  3.94975e-08
 Reference value :  3.95175e-08
 Reference value :  3.95375e-08
 Reference value :  3.95575e-08
 Reference value :  3.95775e-08
 Reference value :  3.96025e-08
 Reference value :  3.96225e-08
 Reference value :  3.96475e-08
 Reference value :  3.96725e-08
 Reference value :  3.96925e-08
 Reference value :  3.97125e-08
 Reference value :  3.97325e-08
 Reference value :  3.97525e-08
 Reference value :  3.97675e-08
 Reference value :  3.97875e-08
 Reference value :  3.98075e-08
 Reference value :  3.98275e-08
 Reference value :  3.98475e-08
 Reference value :  3.98675e-08
 Reference value :  3.98875e-08
 Reference value :  3.99075e-08
 Reference value :  3.99275e-08
 Reference value :  3.99475e-08
 Reference value :  3.99675e-08
 Reference value :  3.99875e-08
 Reference value :  4.00025e-08
 Reference value :  4.00225e-08
 Reference value :  4.00425e-08
 Reference value :  4.00675e-08
 Reference value :  4.00875e-08
 Reference value :  4.01075e-08
 Reference value :  4.01275e-08
 Reference value :  4.01475e-08
 Reference value :  4.01625e-08
 Reference value :  4.01825e-08
 Reference value :  4.02025e-08
 Reference value :  4.02225e-08
 Reference value :  4.02425e-08
 Reference value :  4.02625e-08
 Reference value :  4.02775e-08
 Reference value :  4.02975e-08
 Reference value :  4.03225e-08
 Reference value :  4.03425e-08
 Reference value :  4.03625e-08
 Reference value :  4.03825e-08
 Reference value :  4.04075e-08
 Reference value :  4.04325e-08
 Reference value :  4.04475e-08
 Reference value :  4.04675e-08
 Reference value :  4.04825e-08
 Reference value :  4.05025e-08
 Reference value :  4.05175e-08
 Reference value :  4.05375e-08
 Reference value :  4.05625e-08
 Reference value :  4.05825e-08
 Reference value :  4.06025e-08
 Reference value :  4.06225e-08
 Reference value :  4.06425e-08
 Reference value :  4.06625e-08
 Reference value :  4.06875e-08
 Reference value :  4.07025e-08
 Reference value :  4.07175e-08
 Reference value :  4.07375e-08
 Reference value :  4.07575e-08
 Reference value :  4.07775e-08
 Reference value :  4.07925e-08
 Reference value :  4.08075e-08
 Reference value :  4.08225e-08
 Reference value :  4.08425e-08
 Reference value :  4.08625e-08
 Reference value :  4.08825e-08
 Reference value :  4.09025e-08
 Reference value :  4.09225e-08
 Reference value :  4.09475e-08
 Reference value :  4.09625e-08
 Reference value :  4.09825e-08
 Reference value :  4.10025e-08
 Reference value :  4.10325e-08
 Reference value :  4.10525e-08
 Reference value :  4.10775e-08
 Reference value :  4.10975e-08
 Reference value :  4.11175e-08
 Reference value :  4.11325e-08
 Reference value :  4.11525e-08
 Reference value :  4.11725e-08
 Reference value :  4.11925e-08
 Reference value :  4.12125e-08
 Reference value :  4.12375e-08
 Reference value :  4.12625e-08
 Reference value :  4.12825e-08
 Reference value :  4.13025e-08
 Reference value :  4.13225e-08
 Reference value :  4.13475e-08
 Reference value :  4.13725e-08
 Reference value :  4.13925e-08
 Reference value :  4.14125e-08
 Reference value :  4.14275e-08
 Reference value :  4.14525e-08
 Reference value :  4.14725e-08
 Reference value :  4.14875e-08
 Reference value :  4.15075e-08
 Reference value :  4.15275e-08
 Reference value :  4.15525e-08
 Reference value :  4.15725e-08
 Reference value :  4.15925e-08
 Reference value :  4.16125e-08
 Reference value :  4.16325e-08
 Reference value :  4.16525e-08
 Reference value :  4.16725e-08
 Reference value :  4.16925e-08
 Reference value :  4.17125e-08
 Reference value :  4.17325e-08
 Reference value :  4.17525e-08
 Reference value :  4.17725e-08
 Reference value :  4.17925e-08
 Reference value :  4.18125e-08
 Reference value :  4.18325e-08
 Reference value :  4.18525e-08
 Reference value :  4.18675e-08
 Reference value :  4.18875e-08
 Reference value :  4.19125e-08
 Reference value :  4.19275e-08
 Reference value :  4.19475e-08
 Reference value :  4.19675e-08
 Reference value :  4.19875e-08
 Reference value :  4.20075e-08
 Reference value :  4.20275e-08
 Reference value :  4.20475e-08
 Reference value :  4.20625e-08
 Reference value :  4.20875e-08
 Reference value :  4.21125e-08
 Reference value :  4.21325e-08
 Reference value :  4.21525e-08
 Reference value :  4.21775e-08
 Reference value :  4.21925e-08
 Reference value :  4.22125e-08
 Reference value :  4.22325e-08
 Reference value :  4.22525e-08
 Reference value :  4.22775e-08
 Reference value :  4.23025e-08
 Reference value :  4.23275e-08
 Reference value :  4.23425e-08
 Reference value :  4.23675e-08
 Reference value :  4.23925e-08
 Reference value :  4.24125e-08
 Reference value :  4.24325e-08
 Reference value :  4.24525e-08
 Reference value :  4.24825e-08
 Reference value :  4.24975e-08
 Reference value :  4.25175e-08
 Reference value :  4.25425e-08
 Reference value :  4.25625e-08
 Reference value :  4.25875e-08
 Reference value :  4.26075e-08
 Reference value :  4.26275e-08
 Reference value :  4.26475e-08
 Reference value :  4.26625e-08
 Reference value :  4.26825e-08
 Reference value :  4.27075e-08
 Reference value :  4.27275e-08
 Reference value :  4.27575e-08
 Reference value :  4.27775e-08
 Reference value :  4.27975e-08
 Reference value :  4.28125e-08
 Reference value :  4.28325e-08
 Reference value :  4.28575e-08
 Reference value :  4.28775e-08
 Reference value :  4.28975e-08
 Reference value :  4.29275e-08
 Reference value :  4.29525e-08
 Reference value :  4.29725e-08
 Reference value :  4.29975e-08
 Reference value :  4.30175e-08
 Reference value :  4.30425e-08
 Reference value :  4.30625e-08
 Reference value :  4.30825e-08
 Reference value :  4.31075e-08
 Reference value :  4.31275e-08
 Reference value :  4.31475e-08
 Reference value :  4.31675e-08
 Reference value :  4.31875e-08
 Reference value :  4.32075e-08
 Reference value :  4.32275e-08
 Reference value :  4.32475e-08
 Reference value :  4.32625e-08
 Reference value :  4.32825e-08
 Reference value :  4.33075e-08
 Reference value :  4.33225e-08
 Reference value :  4.33425e-08
 Reference value :  4.33625e-08
 Reference value :  4.33825e-08
 Reference value :  4.34025e-08
 Reference value :  4.34225e-08
 Reference value :  4.34375e-08
 Reference value :  4.34625e-08
 Reference value :  4.34825e-08
 Reference value :  4.35025e-08
 Reference value :  4.35225e-08
 Reference value :  4.35425e-08
 Reference value :  4.35625e-08
 Reference value :  4.35775e-08
 Reference value :  4.35975e-08
 Reference value :  4.36175e-08
 Reference value :  4.36325e-08
 Reference value :  4.36475e-08
 Reference value :  4.36625e-08
 Reference value :  4.36825e-08
 Reference value :  4.37025e-08
 Reference value :  4.37225e-08
 Reference value :  4.37375e-08
 Reference value :  4.37575e-08
 Reference value :  4.37775e-08
 Reference value :  4.37975e-08
 Reference value :  4.38175e-08
 Reference value :  4.38375e-08
 Reference value :  4.38575e-08
 Reference value :  4.38825e-08
 Reference value :  4.39075e-08
 Reference value :  4.39275e-08
 Reference value :  4.39475e-08
 Reference value :  4.39675e-08
 Reference value :  4.39875e-08
 Reference value :  4.40125e-08
 Reference value :  4.40325e-08
 Reference value :  4.40525e-08
 Reference value :  4.40725e-08
 Reference value :  4.40925e-08
 Reference value :  4.41075e-08
 Reference value :  4.41225e-08
 Reference value :  4.41375e-08
 Reference value :  4.41575e-08
 Reference value :  4.41825e-08
 Reference value :  4.41975e-08
 Reference value :  4.42225e-08
 Reference value :  4.42425e-08
 Reference value :  4.42625e-08
 Reference value :  4.42825e-08
 Reference value :  4.43025e-08
 Reference value :  4.43225e-08
 Reference value :  4.43425e-08
 Reference value :  4.43625e-08
 Reference value :  4.43825e-08
 Reference value :  4.44025e-08
 Reference value :  4.44325e-08
 Reference value :  4.44525e-08
 Reference value :  4.44675e-08
 Reference value :  4.44875e-08
 Reference value :  4.45125e-08
 Reference value :  4.45275e-08
 Reference value :  4.45475e-08
 Reference value :  4.45675e-08
 Reference value :  4.45875e-08
 Reference value :  4.46025e-08
 Reference value :  4.46225e-08
 Reference value :  4.46375e-08
 Reference value :  4.46575e-08
 Reference value :  4.46725e-08
 Reference value :  4.46875e-08
 Reference value :  4.47025e-08
 Reference value :  4.47225e-08
 Reference value :  4.47425e-08
 Reference value :  4.47575e-08
 Reference value :  4.47775e-08
 Reference value :  4.47975e-08
 Reference value :  4.48175e-08
 Reference value :  4.48325e-08
 Reference value :  4.48525e-08
 Reference value :  4.48775e-08
 Reference value :  4.49025e-08
 Reference value :  4.49175e-08
 Reference value :  4.49375e-08
 Reference value :  4.49625e-08
 Reference value :  4.49875e-08
 Reference value :  4.50125e-08
 Reference value :  4.50325e-08
 Reference value :  4.50525e-08
 Reference value :  4.50775e-08
 Reference value :  4.51000e-08
No. of Data Rows : 9034
Note: Simulation executed from .control section 
