
Note: Compatibility modes selected: hs a


Circuit: * comparator-decision decision-flip offset bisection -- vindiff=-0.9375mv corner=ss temp=-40.0c (issue #66)

option SCALE: Scale is set to 1e-06 for instance and model parameters
option SCALE: Scale is set to 1e-06 for instance and model parameters
option SCALE: Scale is set to 1e-06 for instance and model parameters
option SCALE: Scale is set to 1e-06 for instance and model parameters
Doing analysis at TEMP = -40.000000 and TNOM = 27.000000

Using KLU as Direct Linear Solver
 Reference value :  0.00000e+00
 Reference value :  1.77275e-08
 Reference value :  3.46375e-08
 Reference value :  4.98925e-08
 Reference value :  6.62525e-08
 Reference value :  8.29275e-08
 Reference value :  9.85875e-08
 Reference value :  1.15168e-07
 Reference value :  1.31543e-07
 Reference value :  1.47878e-07
 Reference value :  1.65533e-07
 Reference value :  1.86038e-07
 Reference value :  2.01503e-07
No. of Data Rows : 41034
Note: Simulation executed from .control section 
