
Note: Compatibility modes selected: hs a


Circuit: * comparator-decision decision-flip offset bisection -- vindiff=0.625mv corner=ss temp=-40.0c (issue #66)

option SCALE: Scale is set to 1e-06 for instance and model parameters
option SCALE: Scale is set to 1e-06 for instance and model parameters
option SCALE: Scale is set to 1e-06 for instance and model parameters
option SCALE: Scale is set to 1e-06 for instance and model parameters
Doing analysis at TEMP = -40.000000 and TNOM = 27.000000

Using KLU as Direct Linear Solver
 Reference value :  0.00000e+00
 Reference value :  2.10175e-08
 Reference value :  4.18575e-08
 Reference value :  6.23125e-08
 Reference value :  8.38325e-08
 Reference value :  1.04328e-07
 Reference value :  1.25313e-07
 Reference value :  1.46693e-07
 Reference value :  1.67648e-07
 Reference value :  1.88838e-07
No. of Data Rows : 41034
Note: Simulation executed from .control section 
