
Note: Compatibility modes selected: hs a


Circuit: * comparator-decision decision-flip offset bisection -- vindiff=2.5mv corner=ss temp=-40.0c (issue #66)

option SCALE: Scale is set to 1e-06 for instance and model parameters
option SCALE: Scale is set to 1e-06 for instance and model parameters
option SCALE: Scale is set to 1e-06 for instance and model parameters
option SCALE: Scale is set to 1e-06 for instance and model parameters
Doing analysis at TEMP = -40.000000 and TNOM = 27.000000

Using KLU as Direct Linear Solver
 Reference value :  0.00000e+00
 Reference value :  1.53275e-08
 Reference value :  2.89775e-08
 Reference value :  4.27275e-08
 Reference value :  6.03025e-08
 Reference value :  7.93025e-08
 Reference value :  9.37375e-08
 Reference value :  1.11818e-07
 Reference value :  1.31093e-07
 Reference value :  1.47323e-07
 Reference value :  1.63048e-07
 Reference value :  1.77973e-07
 Reference value :  1.91373e-07
No. of Data Rows : 41034
Note: Simulation executed from .control section 
