
Note: Compatibility modes selected: hs a


Circuit: * comparator-decision decision-flip offset bisection -- vindiff=1.25mv corner=ss temp=-40.0c (issue #66)

option SCALE: Scale is set to 1e-06 for instance and model parameters
option SCALE: Scale is set to 1e-06 for instance and model parameters
option SCALE: Scale is set to 1e-06 for instance and model parameters
option SCALE: Scale is set to 1e-06 for instance and model parameters
Doing analysis at TEMP = -40.000000 and TNOM = 27.000000

Using KLU as Direct Linear Solver
 Reference value :  0.00000e+00
 Reference value :  2.04575e-08
 Reference value :  4.08975e-08
 Reference value :  6.11275e-08
 Reference value :  8.06275e-08
 Reference value :  9.97925e-08
 Reference value :  1.19233e-07
 Reference value :  1.39058e-07
 Reference value :  1.59308e-07
 Reference value :  1.80698e-07
 Reference value :  2.02068e-07
No. of Data Rows : 41034
Note: Simulation executed from .control section 
