
Note: Compatibility modes selected: hs a


Circuit: * comparator-decision decision-flip offset bisection -- vindiff=-10.0mv corner=ss temp=-40.0c (issue #66)

option SCALE: Scale is set to 1e-06 for instance and model parameters
option SCALE: Scale is set to 1e-06 for instance and model parameters
option SCALE: Scale is set to 1e-06 for instance and model parameters
option SCALE: Scale is set to 1e-06 for instance and model parameters
Doing analysis at TEMP = -40.000000 and TNOM = 27.000000

Using KLU as Direct Linear Solver
 Reference value :  0.00000e+00
 Reference value :  1.90325e-08
 Reference value :  3.86725e-08
 Reference value :  5.77775e-08
 Reference value :  7.79175e-08
 Reference value :  9.85475e-08
 Reference value :  1.19118e-07
 Reference value :  1.35433e-07
 Reference value :  1.50168e-07
 Reference value :  1.65373e-07
 Reference value :  1.82433e-07
 Reference value :  1.97663e-07
No. of Data Rows : 41034
Note: Simulation executed from .control section 
