
Note: Compatibility modes selected: hs a


Circuit: * comparator-decision decision-flip offset bisection -- vindiff=0.9375mv corner=ss temp=-40.0c (issue #66)

option SCALE: Scale is set to 1e-06 for instance and model parameters
option SCALE: Scale is set to 1e-06 for instance and model parameters
option SCALE: Scale is set to 1e-06 for instance and model parameters
option SCALE: Scale is set to 1e-06 for instance and model parameters
Doing analysis at TEMP = -40.000000 and TNOM = 27.000000

Using KLU as Direct Linear Solver
 Reference value :  0.00000e+00
 Reference value :  1.84575e-08
 Reference value :  3.76275e-08
 Reference value :  5.45675e-08
 Reference value :  7.27225e-08
 Reference value :  9.11525e-08
 Reference value :  1.10433e-07
 Reference value :  1.28268e-07
 Reference value :  1.44493e-07
 Reference value :  1.65453e-07
 Reference value :  1.85558e-07
 Reference value :  2.03848e-07
No. of Data Rows : 41034
Note: Simulation executed from .control section 
