
Note: Compatibility modes selected: hs a


Circuit: * comparator-decision offset pick-off -- vindiff=0.0mv corner=ff_mm temp=27.0c seed=10 (issue #9)

option SCALE: Scale is set to 1e-06 for instance and model parameters
option SCALE: Scale is set to 1e-06 for instance and model parameters
option SCALE: Scale is set to 1e-06 for instance and model parameters
option SCALE: Scale is set to 1e-06 for instance and model parameters
Doing analysis at TEMP = 27.000000 and TNOM = 27.000000

Using KLU as Direct Linear Solver
 Reference value :  0.00000e+00
 Reference value :  5.92560e-10
 Reference value :  1.16656e-09
 Reference value :  1.17456e-09
 Reference value :  1.18256e-09
 Reference value :  1.18856e-09
 Reference value :  1.19656e-09
 Reference value :  1.20456e-09
 Reference value :  1.21056e-09
 Reference value :  1.21656e-09
 Reference value :  1.22456e-09
 Reference value :  1.23256e-09
 Reference value :  1.23856e-09
 Reference value :  1.24656e-09
 Reference value :  1.25256e-09
 Reference value :  1.26056e-09
 Reference value :  1.26856e-09
 Reference value :  1.27656e-09
 Reference value :  1.28456e-09
 Reference value :  1.40656e-09
 Reference value :  1.41656e-09
 Reference value :  1.42456e-09
 Reference value :  1.43256e-09
 Reference value :  1.44056e-09
 Reference value :  1.44656e-09
 Reference value :  1.45456e-09
 Reference value :  1.46056e-09
 Reference value :  1.46856e-09
 Reference value :  1.47456e-09
 Reference value :  1.48256e-09
 Reference value :  1.49056e-09
 Reference value :  1.49856e-09
 Reference value :  1.50656e-09
 Reference value :  1.51456e-09
 Reference value :  1.52256e-09
 Reference value :  1.52856e-09
 Reference value :  1.53456e-09
 Reference value :  1.54256e-09
 Reference value :  1.55056e-09
 Reference value :  1.55856e-09
 Reference value :  1.56656e-09
 Reference value :  1.57456e-09
 Reference value :  1.58256e-09
 Reference value :  1.59056e-09
 Reference value :  1.59856e-09
 Reference value :  1.60656e-09
 Reference value :  1.61456e-09
 Reference value :  1.62056e-09
 Reference value :  1.62856e-09
 Reference value :  1.63656e-09
 Reference value :  1.64456e-09
 Reference value :  1.65056e-09
 Reference value :  1.65656e-09
 Reference value :  1.66256e-09
 Reference value :  1.66856e-09
 Reference value :  1.67456e-09
 Reference value :  1.68256e-09
 Reference value :  1.69056e-09
 Reference value :  1.69656e-09
 Reference value :  1.70456e-09
 Reference value :  1.71256e-09
 Reference value :  1.71856e-09
 Reference value :  1.72656e-09
 Reference value :  1.73256e-09
 Reference value :  1.74056e-09
 Reference value :  1.74856e-09
 Reference value :  1.75656e-09
 Reference value :  1.76456e-09
 Reference value :  1.77256e-09
 Reference value :  1.77856e-09
 Reference value :  1.78656e-09
 Reference value :  1.79256e-09
 Reference value :  1.80056e-09
 Reference value :  1.80656e-09
 Reference value :  1.81256e-09
 Reference value :  1.82056e-09
 Reference value :  1.82856e-09
 Reference value :  1.83656e-09
 Reference value :  1.84456e-09
 Reference value :  1.85256e-09
 Reference value :  1.86056e-09
 Reference value :  1.86656e-09
 Reference value :  1.87456e-09
 Reference value :  1.88256e-09
 Reference value :  1.89056e-09
 Reference value :  1.89856e-09
 Reference value :  1.90456e-09
 Reference value :  1.91256e-09
 Reference value :  1.91856e-09
 Reference value :  1.92456e-09
 Reference value :  1.93256e-09
 Reference value :  1.93856e-09
 Reference value :  1.94656e-09
 Reference value :  1.95456e-09
 Reference value :  1.96056e-09
 Reference value :  1.96856e-09
 Reference value :  1.97456e-09
 Reference value :  1.98256e-09
 Reference value :  1.99056e-09
 Reference value :  1.99856e-09
 Reference value :  2.00656e-09
 Reference value :  2.01456e-09
 Reference value :  2.02456e-09
 Reference value :  2.03256e-09
 Reference value :  2.04056e-09
 Reference value :  2.04656e-09
 Reference value :  2.05456e-09
 Reference value :  2.06256e-09
 Reference value :  2.07056e-09
 Reference value :  2.07656e-09
 Reference value :  2.08456e-09
 Reference value :  2.09256e-09
 Reference value :  2.09856e-09
 Reference value :  2.10456e-09
 Reference value :  2.11056e-09
 Reference value :  2.11856e-09
 Reference value :  2.12656e-09
 Reference value :  2.13456e-09
 Reference value :  2.14056e-09
 Reference value :  2.14656e-09
 Reference value :  2.15456e-09
 Reference value :  2.16056e-09
 Reference value :  2.16856e-09
 Reference value :  2.17656e-09
 Reference value :  2.18256e-09
 Reference value :  2.19056e-09
 Reference value :  2.19856e-09
 Reference value :  2.20656e-09
 Reference value :  2.21456e-09
 Reference value :  2.22256e-09
 Reference value :  2.23056e-09
 Reference value :  2.23856e-09
 Reference value :  2.24656e-09
 Reference value :  2.25456e-09
 Reference value :  2.26256e-09
 Reference value :  2.26856e-09
 Reference value :  2.27456e-09
 Reference value :  2.28256e-09
 Reference value :  2.29056e-09
 Reference value :  2.29856e-09
 Reference value :  2.30656e-09
 Reference value :  2.31256e-09
 Reference value :  2.32056e-09
 Reference value :  2.32856e-09
 Reference value :  2.33656e-09
 Reference value :  2.34456e-09
 Reference value :  2.35056e-09
 Reference value :  2.35656e-09
 Reference value :  2.36456e-09
 Reference value :  2.37256e-09
 Reference value :  2.38056e-09
 Reference value :  2.38856e-09
 Reference value :  2.39656e-09
 Reference value :  2.40456e-09
 Reference value :  2.41256e-09
 Reference value :  2.42056e-09
 Reference value :  2.42656e-09
 Reference value :  2.43456e-09
 Reference value :  2.44256e-09
 Reference value :  2.45056e-09
 Reference value :  2.45856e-09
 Reference value :  2.46656e-09
 Reference value :  2.47256e-09
 Reference value :  2.48056e-09
 Reference value :  2.48656e-09
 Reference value :  2.49256e-09
 Reference value :  2.49856e-09
 Reference value :  2.50656e-09
 Reference value :  2.51256e-09
 Reference value :  2.52056e-09
 Reference value :  2.52856e-09
 Reference value :  2.53656e-09
 Reference value :  2.54456e-09
 Reference value :  2.55256e-09
 Reference value :  2.56056e-09
 Reference value :  2.56856e-09
 Reference value :  2.57656e-09
 Reference value :  2.58256e-09
 Reference value :  2.59056e-09
 Reference value :  2.59856e-09
 Reference value :  2.60456e-09
 Reference value :  2.61256e-09
 Reference value :  2.61856e-09
 Reference value :  2.62656e-09
 Reference value :  2.63456e-09
 Reference value :  2.64256e-09
 Reference value :  2.65256e-09
 Reference value :  2.66056e-09
 Reference value :  2.66656e-09
 Reference value :  2.67456e-09
 Reference value :  2.68256e-09
 Reference value :  2.68856e-09
 Reference value :  2.69456e-09
 Reference value :  2.75856e-09
 Reference value :  2.76656e-09
 Reference value :  2.77456e-09
 Reference value :  2.78256e-09
 Reference value :  2.79056e-09
 Reference value :  2.79656e-09
 Reference value :  2.80456e-09
 Reference value :  2.81256e-09
 Reference value :  2.82056e-09
 Reference value :  2.83056e-09
 Reference value :  2.83856e-09
 Reference value :  2.84656e-09
 Reference value :  2.85256e-09
 Reference value :  2.85856e-09
 Reference value :  2.86656e-09
 Reference value :  2.87256e-09
 Reference value :  2.87856e-09
 Reference value :  2.88656e-09
 Reference value :  2.89456e-09
 Reference value :  2.90256e-09
 Reference value :  2.90856e-09
 Reference value :  2.91856e-09
 Reference value :  2.92656e-09
 Reference value :  2.93456e-09
 Reference value :  2.94256e-09
 Reference value :  2.94856e-09
 Reference value :  2.95656e-09
 Reference value :  2.96256e-09
 Reference value :  2.97056e-09
 Reference value :  2.97656e-09
 Reference value :  2.98456e-09
 Reference value :  2.99256e-09
 Reference value :  3.00056e-09
 Reference value :  3.00856e-09
 Reference value :  3.01656e-09
 Reference value :  3.02456e-09
 Reference value :  3.03056e-09
 Reference value :  3.03856e-09
 Reference value :  3.04656e-09
 Reference value :  3.05256e-09
 Reference value :  3.06056e-09
 Reference value :  3.06856e-09
 Reference value :  3.07656e-09
 Reference value :  3.08456e-09
 Reference value :  3.09056e-09
 Reference value :  3.09856e-09
 Reference value :  3.10656e-09
 Reference value :  3.11456e-09
 Reference value :  3.12056e-09
 Reference value :  3.12856e-09
 Reference value :  3.13656e-09
 Reference value :  3.14456e-09
 Reference value :  3.15056e-09
 Reference value :  3.15656e-09
 Reference value :  3.16456e-09
 Reference value :  3.17256e-09
 Reference value :  3.17856e-09
 Reference value :  3.18656e-09
 Reference value :  3.19456e-09
 Reference value :  3.20256e-09
 Reference value :  3.21056e-09
 Reference value :  3.21856e-09
 Reference value :  3.22656e-09
 Reference value :  3.23456e-09
 Reference value :  3.24256e-09
 Reference value :  3.25056e-09
 Reference value :  3.25656e-09
 Reference value :  3.26256e-09
 Reference value :  3.26856e-09
 Reference value :  3.27656e-09
 Reference value :  3.28456e-09
 Reference value :  3.29256e-09
 Reference value :  3.30056e-09
 Reference value :  3.30856e-09
 Reference value :  3.31656e-09
 Reference value :  3.32456e-09
 Reference value :  3.33256e-09
 Reference value :  3.33856e-09
 Reference value :  3.34656e-09
 Reference value :  3.35256e-09
 Reference value :  3.36056e-09
 Reference value :  3.36656e-09
 Reference value :  3.37256e-09
 Reference value :  3.37856e-09
 Reference value :  3.38656e-09
 Reference value :  3.39456e-09
 Reference value :  3.40256e-09
 Reference value :  3.41056e-09
 Reference value :  3.41656e-09
 Reference value :  3.42456e-09
 Reference value :  3.43056e-09
 Reference value :  3.44056e-09
 Reference value :  3.44656e-09
 Reference value :  3.45256e-09
 Reference value :  3.46056e-09
 Reference value :  3.46856e-09
 Reference value :  3.47456e-09
 Reference value :  3.48056e-09
 Reference value :  3.48856e-09
 Reference value :  3.49456e-09
 Reference value :  3.50056e-09
 Reference value :  3.50656e-09
 Reference value :  3.51456e-09
 Reference value :  3.52256e-09
 Reference value :  3.52856e-09
 Reference value :  3.53456e-09
 Reference value :  3.54056e-09
 Reference value :  3.54856e-09
 Reference value :  3.55456e-09
 Reference value :  3.56256e-09
 Reference value :  3.56856e-09
 Reference value :  3.57656e-09
 Reference value :  3.58456e-09
 Reference value :  3.59056e-09
 Reference value :  3.59856e-09
 Reference value :  3.60456e-09
 Reference value :  3.61256e-09
 Reference value :  3.62056e-09
 Reference value :  3.62856e-09
 Reference value :  3.63456e-09
 Reference value :  3.64256e-09
 Reference value :  3.65056e-09
 Reference value :  3.65856e-09
 Reference value :  3.66456e-09
 Reference value :  3.67256e-09
 Reference value :  3.68056e-09
 Reference value :  3.68856e-09
 Reference value :  3.69656e-09
 Reference value :  3.70456e-09
 Reference value :  3.71056e-09
 Reference value :  3.71656e-09
 Reference value :  3.72456e-09
 Reference value :  3.73056e-09
 Reference value :  3.73856e-09
 Reference value :  3.74656e-09
 Reference value :  3.75456e-09
 Reference value :  3.76256e-09
 Reference value :  3.77056e-09
 Reference value :  3.77856e-09
 Reference value :  3.78656e-09
 Reference value :  3.79456e-09
 Reference value :  3.80256e-09
 Reference value :  3.80856e-09
 Reference value :  3.81456e-09
 Reference value :  3.82256e-09
 Reference value :  3.83056e-09
 Reference value :  3.83656e-09
 Reference value :  3.84456e-09
 Reference value :  3.85256e-09
 Reference value :  3.85856e-09
 Reference value :  3.86656e-09
 Reference value :  3.87256e-09
 Reference value :  3.88056e-09
 Reference value :  3.88856e-09
 Reference value :  3.89456e-09
 Reference value :  3.90256e-09
 Reference value :  3.91056e-09
 Reference value :  3.91856e-09
 Reference value :  3.92656e-09
 Reference value :  3.93256e-09
 Reference value :  3.94056e-09
 Reference value :  3.94856e-09
 Reference value :  3.95656e-09
 Reference value :  3.96456e-09
 Reference value :  3.97256e-09
 Reference value :  3.98056e-09
 Reference value :  3.98856e-09
 Reference value :  3.99656e-09
 Reference value :  4.00256e-09
 Reference value :  4.01056e-09
 Reference value :  4.01856e-09
 Reference value :  4.02656e-09
 Reference value :  4.03456e-09
 Reference value :  4.04256e-09
 Reference value :  4.04856e-09
 Reference value :  4.05656e-09
 Reference value :  4.06456e-09
 Reference value :  4.07256e-09
 Reference value :  4.08056e-09
 Reference value :  4.08856e-09
 Reference value :  4.09656e-09
 Reference value :  4.10256e-09
 Reference value :  4.10856e-09
 Reference value :  4.11456e-09
 Reference value :  4.12256e-09
 Reference value :  4.13056e-09
 Reference value :  4.13656e-09
 Reference value :  4.14256e-09
 Reference value :  4.14856e-09
 Reference value :  4.15656e-09
 Reference value :  4.16456e-09
 Reference value :  4.17256e-09
 Reference value :  4.17856e-09
 Reference value :  4.18656e-09
 Reference value :  4.19256e-09
 Reference value :  4.20056e-09
 Reference value :  4.20856e-09
 Reference value :  4.21456e-09
 Reference value :  4.22256e-09
 Reference value :  4.23056e-09
 Reference value :  4.23656e-09
 Reference value :  4.24456e-09
 Reference value :  4.25256e-09
 Reference value :  4.25856e-09
 Reference value :  4.26456e-09
 Reference value :  4.27056e-09
 Reference value :  4.27856e-09
 Reference value :  4.28656e-09
 Reference value :  4.29456e-09
 Reference value :  4.30256e-09
 Reference value :  4.31056e-09
 Reference value :  4.31856e-09
 Reference value :  4.32656e-09
 Reference value :  4.33456e-09
 Reference value :  4.34256e-09
 Reference value :  4.35056e-09
 Reference value :  4.35856e-09
 Reference value :  4.36656e-09
 Reference value :  4.37456e-09
 Reference value :  4.38256e-09
 Reference value :  4.39056e-09
 Reference value :  4.39856e-09
 Reference value :  4.40456e-09
 Reference value :  4.41256e-09
 Reference value :  4.42056e-09
 Reference value :  4.42856e-09
 Reference value :  4.43656e-09
 Reference value :  4.44456e-09
 Reference value :  4.45256e-09
 Reference value :  4.46056e-09
 Reference value :  4.46856e-09
 Reference value :  4.47656e-09
 Reference value :  4.48456e-09
 Reference value :  4.49256e-09
 Reference value :  4.50056e-09
 Reference value :  4.50656e-09
 Reference value :  4.51456e-09
 Reference value :  4.52256e-09
 Reference value :  4.53056e-09
 Reference value :  4.53856e-09
 Reference value :  4.54656e-09
 Reference value :  4.55456e-09
 Reference value :  4.56256e-09
 Reference value :  4.57056e-09
 Reference value :  4.57856e-09
 Reference value :  4.58656e-09
 Reference value :  4.59456e-09
 Reference value :  4.60056e-09
 Reference value :  4.60656e-09
 Reference value :  4.61256e-09
 Reference value :  4.61856e-09
 Reference value :  4.62456e-09
 Reference value :  4.63256e-09
 Reference value :  4.63856e-09
 Reference value :  4.64656e-09
 Reference value :  4.65256e-09
 Reference value :  4.65856e-09
 Reference value :  4.66456e-09
 Reference value :  4.67056e-09
 Reference value :  4.67856e-09
 Reference value :  4.68656e-09
 Reference value :  4.69256e-09
 Reference value :  4.69856e-09
 Reference value :  4.70656e-09
 Reference value :  4.71256e-09
 Reference value :  4.72056e-09
 Reference value :  4.72656e-09
 Reference value :  4.73256e-09
 Reference value :  4.74056e-09
 Reference value :  4.74856e-09
 Reference value :  4.75656e-09
 Reference value :  4.76656e-09
 Reference value :  4.77456e-09
 Reference value :  4.78256e-09
 Reference value :  4.79056e-09
 Reference value :  4.80056e-09
 Reference value :  4.80856e-09
 Reference value :  4.81656e-09
 Reference value :  4.82456e-09
 Reference value :  4.83256e-09
 Reference value :  4.84056e-09
 Reference value :  4.84856e-09
 Reference value :  4.85456e-09
 Reference value :  4.86056e-09
 Reference value :  4.86656e-09
 Reference value :  4.87256e-09
 Reference value :  4.88056e-09
 Reference value :  4.88856e-09
 Reference value :  4.89656e-09
 Reference value :  4.90256e-09
 Reference value :  4.91056e-09
 Reference value :  4.91656e-09
 Reference value :  4.92456e-09
 Reference value :  4.93056e-09
 Reference value :  4.93856e-09
 Reference value :  4.94656e-09
 Reference value :  4.95256e-09
 Reference value :  4.96056e-09
 Reference value :  4.96656e-09
 Reference value :  4.97456e-09
 Reference value :  4.98056e-09
 Reference value :  4.98856e-09
 Reference value :  4.99656e-09
 Reference value :  5.00020e-09
 Reference value :  5.00500e-09
 Reference value :  5.01300e-09
 Reference value :  5.02100e-09
 Reference value :  5.02900e-09
 Reference value :  5.03700e-09
 Reference value :  5.04300e-09
 Reference value :  5.05100e-09
 Reference value :  5.05900e-09
 Reference value :  5.06700e-09
 Reference value :  5.07300e-09
 Reference value :  5.08100e-09
 Reference value :  5.08900e-09
 Reference value :  5.09700e-09
 Reference value :  5.10060e-09
 Reference value :  5.10500e-09
 Reference value :  5.11300e-09
 Reference value :  5.12100e-09
 Reference value :  5.12700e-09
 Reference value :  5.13500e-09
 Reference value :  5.14300e-09
 Reference value :  5.15100e-09
 Reference value :  5.15900e-09
 Reference value :  5.16700e-09
 Reference value :  5.17300e-09
 Reference value :  5.18100e-09
 Reference value :  5.18700e-09
 Reference value :  5.19500e-09
 Reference value :  5.20100e-09
 Reference value :  5.21100e-09
 Reference value :  5.21900e-09
 Reference value :  5.22700e-09
 Reference value :  5.23300e-09
 Reference value :  5.24100e-09
 Reference value :  5.24700e-09
 Reference value :  5.25500e-09
 Reference value :  5.26300e-09
 Reference value :  5.27100e-09
 Reference value :  5.27700e-09
 Reference value :  5.28300e-09
 Reference value :  5.29100e-09
 Reference value :  5.36100e-09
 Reference value :  5.36700e-09
 Reference value :  5.37500e-09
 Reference value :  5.38300e-09
 Reference value :  5.38900e-09
 Reference value :  5.39500e-09
 Reference value :  5.40300e-09
 Reference value :  5.41100e-09
 Reference value :  5.41700e-09
 Reference value :  5.42700e-09
 Reference value :  5.43500e-09
 Reference value :  5.44300e-09
 Reference value :  5.45100e-09
 Reference value :  5.45900e-09
 Reference value :  5.46700e-09
 Reference value :  5.47500e-09
 Reference value :  5.48100e-09
 Reference value :  5.48900e-09
 Reference value :  5.49700e-09
 Reference value :  5.50300e-09
 Reference value :  5.50900e-09
 Reference value :  5.51700e-09
 Reference value :  5.52300e-09
 Reference value :  5.53100e-09
 Reference value :  5.53900e-09
 Reference value :  5.54500e-09
 Reference value :  5.55300e-09
 Reference value :  5.56100e-09
 Reference value :  5.56700e-09
 Reference value :  5.57500e-09
 Reference value :  5.58100e-09
 Reference value :  5.58900e-09
 Reference value :  5.59700e-09
 Reference value :  5.60500e-09
 Reference value :  5.61100e-09
 Reference value :  5.61700e-09
 Reference value :  5.62500e-09
 Reference value :  5.63300e-09
 Reference value :  5.63900e-09
 Reference value :  5.64500e-09
 Reference value :  5.65100e-09
 Reference value :  5.65900e-09
 Reference value :  5.66700e-09
 Reference value :  5.67500e-09
 Reference value :  5.79500e-09
 Reference value :  5.80300e-09
 Reference value :  5.81100e-09
 Reference value :  5.81900e-09
 Reference value :  5.82700e-09
 Reference value :  5.83500e-09
 Reference value :  5.84300e-09
 Reference value :  5.85100e-09
 Reference value :  5.85900e-09
 Reference value :  5.86500e-09
 Reference value :  5.87300e-09
 Reference value :  5.88100e-09
 Reference value :  5.88700e-09
 Reference value :  5.89500e-09
 Reference value :  6.35100e-09
 Reference value :  6.35900e-09
 Reference value :  6.39700e-09
 Reference value :  6.40500e-09
 Reference value :  6.41300e-09
 Reference value :  6.42100e-09
 Reference value :  6.45500e-09
 Reference value :  6.46300e-09
 Reference value :  6.47100e-09
 Reference value :  6.47700e-09
 Reference value :  6.48500e-09
 Reference value :  6.49100e-09
 Reference value :  6.49900e-09
 Reference value :  6.50700e-09
 Reference value :  6.51500e-09
 Reference value :  6.52300e-09
 Reference value :  6.52900e-09
 Reference value :  6.53700e-09
 Reference value :  6.54500e-09
 Reference value :  6.55300e-09
 Reference value :  6.56100e-09
 Reference value :  6.56700e-09
 Reference value :  6.57500e-09
 Reference value :  6.58300e-09
 Reference value :  6.59700e-09
 Reference value :  6.70500e-09
 Reference value :  7.09900e-09
 Reference value :  7.40300e-09
No. of Data Rows : 3814
Note: Simulation executed from .control section 
