
Note: Compatibility modes selected: hs a


Circuit: * comparator-decision offset pick-off -- vindiff=0.0mv corner=ff_mm temp=27.0c seed=11 (issue #9)

option SCALE: Scale is set to 1e-06 for instance and model parameters
option SCALE: Scale is set to 1e-06 for instance and model parameters
option SCALE: Scale is set to 1e-06 for instance and model parameters
option SCALE: Scale is set to 1e-06 for instance and model parameters
Doing analysis at TEMP = 27.000000 and TNOM = 27.000000

Using KLU as Direct Linear Solver
 Reference value :  0.00000e+00
 Reference value :  3.46560e-10
 Reference value :  3.54560e-10
 Reference value :  3.60560e-10
 Reference value :  8.84560e-10
 Reference value :  1.10056e-09
 Reference value :  1.38856e-09
 Reference value :  1.91856e-09
 Reference value :  2.02856e-09
 Reference value :  2.39656e-09
 Reference value :  3.07656e-09
 Reference value :  3.62456e-09
 Reference value :  4.08656e-09
 Reference value :  4.72656e-09
 Reference value :  4.85456e-09
 Reference value :  5.08900e-09
 Reference value :  5.14100e-09
 Reference value :  5.69700e-09
 Reference value :  6.29100e-09
 Reference value :  6.75100e-09
 Reference value :  7.43700e-09
No. of Data Rows : 3814
Note: Simulation executed from .control section 
