
Note: Compatibility modes selected: hs a


Circuit: * comparator-decision offset pick-off -- vindiff=0.0mv corner=ff_mm temp=27.0c seed=3 (issue #9)

option SCALE: Scale is set to 1e-06 for instance and model parameters
option SCALE: Scale is set to 1e-06 for instance and model parameters
option SCALE: Scale is set to 1e-06 for instance and model parameters
option SCALE: Scale is set to 1e-06 for instance and model parameters
Doing analysis at TEMP = 27.000000 and TNOM = 27.000000

Using KLU as Direct Linear Solver
 Reference value :  0.00000e+00
 Reference value :  1.60000e-13
 Reference value :  1.28000e-12
 Reference value :  8.56000e-12
 Reference value :  1.45600e-11
 Reference value :  2.05600e-11
 Reference value :  2.65600e-11
 Reference value :  4.65600e-11
 Reference value :  1.04560e-10
 Reference value :  1.12560e-10
 Reference value :  1.20560e-10
 Reference value :  2.80560e-10
 Reference value :  2.88560e-10
 Reference value :  2.96560e-10
 Reference value :  3.94560e-10
 Reference value :  4.08560e-10
 Reference value :  5.04560e-10
 Reference value :  5.12560e-10
 Reference value :  5.20560e-10
 Reference value :  5.26560e-10
 Reference value :  5.34560e-10
 Reference value :  5.42560e-10
 Reference value :  5.48560e-10
 Reference value :  6.86560e-10
 Reference value :  6.94560e-10
 Reference value :  7.02560e-10
 Reference value :  7.08560e-10
 Reference value :  7.16560e-10
 Reference value :  8.44560e-10
 Reference value :  8.52560e-10
 Reference value :  8.60560e-10
 Reference value :  8.66560e-10
 Reference value :  8.74560e-10
 Reference value :  8.82560e-10
 Reference value :  8.90560e-10
 Reference value :  8.98560e-10
 Reference value :  9.06560e-10
 Reference value :  9.12560e-10
 Reference value :  9.20560e-10
 Reference value :  9.52560e-10
 Reference value :  1.12256e-09
 Reference value :  1.12856e-09
 Reference value :  1.24856e-09
 Reference value :  1.28256e-09
 Reference value :  1.32856e-09
 Reference value :  1.33656e-09
 Reference value :  1.34256e-09
 Reference value :  1.35056e-09
 Reference value :  1.35656e-09
 Reference value :  1.36456e-09
 Reference value :  1.49256e-09
 Reference value :  1.53856e-09
 Reference value :  1.57456e-09
 Reference value :  1.69656e-09
 Reference value :  1.81656e-09
 Reference value :  1.82456e-09
 Reference value :  1.83056e-09
 Reference value :  1.83856e-09
 Reference value :  1.84656e-09
 Reference value :  1.85456e-09
 Reference value :  1.86256e-09
 Reference value :  1.87056e-09
 Reference value :  1.95456e-09
 Reference value :  1.96256e-09
 Reference value :  2.07656e-09
 Reference value :  2.08456e-09
 Reference value :  2.09256e-09
 Reference value :  2.14656e-09
 Reference value :  2.15456e-09
 Reference value :  2.16256e-09
 Reference value :  2.16856e-09
 Reference value :  2.42856e-09
 Reference value :  2.59256e-09
 Reference value :  2.60056e-09
 Reference value :  2.60856e-09
 Reference value :  2.61656e-09
 Reference value :  2.68656e-09
 Reference value :  2.80256e-09
 Reference value :  3.00256e-09
 Reference value :  3.01056e-09
 Reference value :  3.01856e-09
 Reference value :  3.02856e-09
 Reference value :  3.03656e-09
 Reference value :  3.04256e-09
 Reference value :  3.05056e-09
 Reference value :  3.05656e-09
 Reference value :  3.06256e-09
 Reference value :  3.07056e-09
 Reference value :  3.14856e-09
 Reference value :  3.15456e-09
 Reference value :  3.23056e-09
 Reference value :  3.23656e-09
 Reference value :  3.24456e-09
 Reference value :  3.25256e-09
 Reference value :  3.26056e-09
 Reference value :  3.26856e-09
 Reference value :  3.27656e-09
 Reference value :  3.28256e-09
 Reference value :  3.29056e-09
 Reference value :  3.48256e-09
 Reference value :  3.49056e-09
 Reference value :  3.50056e-09
 Reference value :  3.50856e-09
 Reference value :  3.96056e-09
 Reference value :  4.06256e-09
 Reference value :  4.18656e-09
 Reference value :  4.19456e-09
 Reference value :  4.20256e-09
 Reference value :  4.31456e-09
 Reference value :  4.32256e-09
 Reference value :  4.33056e-09
 Reference value :  4.33856e-09
 Reference value :  4.34456e-09
 Reference value :  4.35256e-09
 Reference value :  4.36056e-09
 Reference value :  4.37456e-09
 Reference value :  4.44656e-09
 Reference value :  4.48656e-09
 Reference value :  4.49456e-09
 Reference value :  4.50256e-09
 Reference value :  4.50856e-09
 Reference value :  4.51456e-09
 Reference value :  4.52256e-09
 Reference value :  4.53056e-09
 Reference value :  4.53656e-09
 Reference value :  4.54256e-09
 Reference value :  4.55056e-09
 Reference value :  4.55856e-09
 Reference value :  4.56656e-09
 Reference value :  4.57456e-09
 Reference value :  4.58256e-09
 Reference value :  4.59056e-09
 Reference value :  4.59656e-09
 Reference value :  4.60456e-09
 Reference value :  4.61256e-09
 Reference value :  4.62056e-09
 Reference value :  4.62856e-09
 Reference value :  4.63456e-09
 Reference value :  4.64256e-09
 Reference value :  4.64856e-09
 Reference value :  4.65656e-09
 Reference value :  4.66456e-09
 Reference value :  4.67056e-09
 Reference value :  4.67856e-09
 Reference value :  4.68656e-09
 Reference value :  4.69456e-09
 Reference value :  4.70256e-09
 Reference value :  4.71056e-09
 Reference value :  4.71856e-09
 Reference value :  4.72656e-09
 Reference value :  4.73256e-09
 Reference value :  4.74056e-09
 Reference value :  4.74856e-09
 Reference value :  4.75656e-09
 Reference value :  4.76456e-09
 Reference value :  4.77256e-09
 Reference value :  4.78056e-09
 Reference value :  4.78856e-09
 Reference value :  4.79456e-09
 Reference value :  4.80256e-09
 Reference value :  4.81056e-09
 Reference value :  4.81856e-09
 Reference value :  4.82656e-09
 Reference value :  4.83456e-09
 Reference value :  4.84056e-09
 Reference value :  4.84856e-09
 Reference value :  4.85456e-09
 Reference value :  4.86256e-09
 Reference value :  4.87056e-09
 Reference value :  4.87856e-09
 Reference value :  4.88656e-09
 Reference value :  4.89456e-09
 Reference value :  4.90256e-09
 Reference value :  4.91056e-09
 Reference value :  4.91856e-09
 Reference value :  4.92656e-09
 Reference value :  4.93456e-09
 Reference value :  4.94256e-09
 Reference value :  4.95056e-09
 Reference value :  4.95856e-09
 Reference value :  4.96656e-09
 Reference value :  4.97456e-09
 Reference value :  4.98256e-09
 Reference value :  4.98856e-09
 Reference value :  4.99456e-09
 Reference value :  5.00000e-09
 Reference value :  5.00140e-09
 Reference value :  5.00900e-09
 Reference value :  5.01500e-09
 Reference value :  5.02300e-09
 Reference value :  5.02900e-09
 Reference value :  5.03700e-09
 Reference value :  5.04300e-09
 Reference value :  5.05100e-09
 Reference value :  5.05900e-09
 Reference value :  5.06700e-09
 Reference value :  5.07700e-09
 Reference value :  5.08500e-09
 Reference value :  5.09300e-09
 Reference value :  5.10000e-09
 Reference value :  5.10300e-09
 Reference value :  5.11100e-09
 Reference value :  5.11900e-09
 Reference value :  5.12700e-09
 Reference value :  5.13500e-09
 Reference value :  5.14100e-09
 Reference value :  5.14900e-09
 Reference value :  5.15700e-09
 Reference value :  5.16500e-09
 Reference value :  5.17300e-09
 Reference value :  5.18100e-09
 Reference value :  5.18900e-09
 Reference value :  5.19500e-09
 Reference value :  5.20100e-09
 Reference value :  5.20900e-09
 Reference value :  5.21700e-09
 Reference value :  5.22500e-09
 Reference value :  5.23100e-09
 Reference value :  5.23900e-09
 Reference value :  5.24500e-09
 Reference value :  5.25300e-09
 Reference value :  5.26100e-09
 Reference value :  5.26900e-09
 Reference value :  5.27700e-09
 Reference value :  5.28300e-09
 Reference value :  5.29100e-09
 Reference value :  5.29900e-09
 Reference value :  5.30500e-09
 Reference value :  5.31300e-09
 Reference value :  5.31900e-09
 Reference value :  5.32500e-09
 Reference value :  5.33300e-09
 Reference value :  5.34300e-09
 Reference value :  5.35100e-09
 Reference value :  5.35900e-09
 Reference value :  5.36500e-09
 Reference value :  5.37300e-09
 Reference value :  5.38100e-09
 Reference value :  5.38700e-09
 Reference value :  5.39300e-09
 Reference value :  5.40100e-09
 Reference value :  5.40900e-09
 Reference value :  5.41500e-09
 Reference value :  5.42300e-09
 Reference value :  5.43100e-09
 Reference value :  5.43900e-09
 Reference value :  5.44700e-09
 Reference value :  5.45500e-09
 Reference value :  5.46300e-09
 Reference value :  5.47100e-09
 Reference value :  5.47700e-09
 Reference value :  5.48500e-09
 Reference value :  5.49300e-09
 Reference value :  5.49900e-09
 Reference value :  5.50700e-09
 Reference value :  5.51300e-09
 Reference value :  5.52100e-09
 Reference value :  5.52900e-09
 Reference value :  5.53500e-09
 Reference value :  5.54300e-09
 Reference value :  5.55100e-09
 Reference value :  5.55900e-09
 Reference value :  5.56700e-09
 Reference value :  5.57500e-09
 Reference value :  5.58300e-09
 Reference value :  5.59100e-09
 Reference value :  5.59900e-09
 Reference value :  5.60700e-09
 Reference value :  5.61500e-09
 Reference value :  5.62300e-09
 Reference value :  5.62900e-09
 Reference value :  5.63700e-09
 Reference value :  5.64300e-09
 Reference value :  5.65100e-09
 Reference value :  5.65900e-09
 Reference value :  5.66700e-09
 Reference value :  5.67300e-09
 Reference value :  5.68100e-09
 Reference value :  5.68900e-09
 Reference value :  5.69700e-09
 Reference value :  5.70500e-09
 Reference value :  5.71300e-09
 Reference value :  5.71900e-09
 Reference value :  5.72700e-09
 Reference value :  5.73500e-09
 Reference value :  5.74100e-09
 Reference value :  5.74900e-09
 Reference value :  5.75700e-09
 Reference value :  5.76500e-09
 Reference value :  5.77300e-09
 Reference value :  5.78100e-09
 Reference value :  5.78900e-09
 Reference value :  5.79700e-09
 Reference value :  5.80500e-09
 Reference value :  5.81100e-09
 Reference value :  5.81900e-09
 Reference value :  5.82700e-09
 Reference value :  5.83500e-09
 Reference value :  5.84300e-09
 Reference value :  5.84900e-09
 Reference value :  5.85700e-09
 Reference value :  5.86300e-09
 Reference value :  5.87100e-09
 Reference value :  5.87900e-09
 Reference value :  5.88700e-09
 Reference value :  5.89500e-09
 Reference value :  5.90300e-09
 Reference value :  5.90900e-09
 Reference value :  5.91500e-09
 Reference value :  5.92300e-09
 Reference value :  5.93100e-09
 Reference value :  5.93900e-09
 Reference value :  5.94500e-09
 Reference value :  5.95300e-09
 Reference value :  5.96100e-09
 Reference value :  5.96900e-09
 Reference value :  5.97700e-09
 Reference value :  5.98300e-09
 Reference value :  5.99100e-09
 Reference value :  5.99900e-09
 Reference value :  6.00700e-09
 Reference value :  6.01500e-09
 Reference value :  6.02300e-09
 Reference value :  6.03100e-09
 Reference value :  6.03900e-09
 Reference value :  6.04700e-09
 Reference value :  6.05300e-09
 Reference value :  6.06100e-09
 Reference value :  6.06700e-09
 Reference value :  6.07500e-09
 Reference value :  6.08300e-09
 Reference value :  6.09100e-09
 Reference value :  6.09900e-09
 Reference value :  6.10500e-09
 Reference value :  6.11300e-09
 Reference value :  6.11900e-09
 Reference value :  6.12700e-09
 Reference value :  6.13300e-09
 Reference value :  6.14100e-09
 Reference value :  6.14900e-09
 Reference value :  6.15700e-09
 Reference value :  6.16300e-09
 Reference value :  6.17100e-09
 Reference value :  6.17900e-09
 Reference value :  6.18700e-09
 Reference value :  6.19300e-09
 Reference value :  6.20100e-09
 Reference value :  6.20900e-09
 Reference value :  6.21700e-09
 Reference value :  6.22500e-09
 Reference value :  6.23300e-09
 Reference value :  6.23900e-09
 Reference value :  6.24700e-09
 Reference value :  6.25500e-09
 Reference value :  6.26300e-09
 Reference value :  6.26900e-09
 Reference value :  6.27700e-09
 Reference value :  6.28500e-09
 Reference value :  6.29300e-09
 Reference value :  6.30100e-09
 Reference value :  6.30900e-09
 Reference value :  6.31700e-09
 Reference value :  6.32500e-09
 Reference value :  6.33300e-09
 Reference value :  6.34100e-09
 Reference value :  6.34900e-09
 Reference value :  6.35700e-09
 Reference value :  6.36500e-09
 Reference value :  6.37300e-09
 Reference value :  6.38100e-09
 Reference value :  6.38900e-09
 Reference value :  6.39700e-09
 Reference value :  6.40500e-09
 Reference value :  6.41100e-09
 Reference value :  6.41900e-09
 Reference value :  6.42700e-09
 Reference value :  6.43500e-09
 Reference value :  6.44300e-09
 Reference value :  6.45100e-09
 Reference value :  6.45900e-09
 Reference value :  6.46700e-09
 Reference value :  6.47500e-09
 Reference value :  6.48300e-09
 Reference value :  6.49100e-09
 Reference value :  6.49700e-09
 Reference value :  6.50500e-09
 Reference value :  6.51300e-09
 Reference value :  6.52100e-09
 Reference value :  6.52700e-09
 Reference value :  6.53500e-09
 Reference value :  6.54100e-09
 Reference value :  6.54900e-09
 Reference value :  6.55700e-09
 Reference value :  6.56500e-09
 Reference value :  6.57300e-09
 Reference value :  6.58300e-09
 Reference value :  6.59100e-09
 Reference value :  6.59900e-09
 Reference value :  6.60700e-09
 Reference value :  6.61500e-09
 Reference value :  6.65100e-09
 Reference value :  6.65900e-09
 Reference value :  6.66700e-09
 Reference value :  6.67500e-09
 Reference value :  6.68300e-09
 Reference value :  6.69100e-09
 Reference value :  6.69700e-09
 Reference value :  6.70500e-09
 Reference value :  6.71300e-09
 Reference value :  6.72300e-09
 Reference value :  6.72900e-09
 Reference value :  6.73500e-09
 Reference value :  6.74100e-09
 Reference value :  6.74900e-09
 Reference value :  6.75500e-09
 Reference value :  6.76300e-09
 Reference value :  6.77100e-09
 Reference value :  6.77900e-09
 Reference value :  6.78500e-09
 Reference value :  6.79300e-09
 Reference value :  6.80100e-09
 Reference value :  6.80900e-09
 Reference value :  6.81500e-09
 Reference value :  6.82300e-09
 Reference value :  6.83100e-09
 Reference value :  6.83900e-09
 Reference value :  6.84500e-09
 Reference value :  6.85300e-09
 Reference value :  6.86100e-09
 Reference value :  6.86900e-09
 Reference value :  6.87700e-09
 Reference value :  6.88700e-09
 Reference value :  6.89300e-09
 Reference value :  6.90100e-09
 Reference value :  6.90900e-09
 Reference value :  6.91700e-09
 Reference value :  6.92500e-09
 Reference value :  6.93300e-09
 Reference value :  6.94100e-09
 Reference value :  6.94900e-09
 Reference value :  6.95700e-09
 Reference value :  6.96500e-09
 Reference value :  6.97300e-09
 Reference value :  6.97900e-09
 Reference value :  6.98700e-09
 Reference value :  6.99300e-09
 Reference value :  7.00100e-09
 Reference value :  7.00700e-09
 Reference value :  7.01300e-09
 Reference value :  7.02100e-09
 Reference value :  7.02900e-09
 Reference value :  7.03500e-09
 Reference value :  7.04100e-09
 Reference value :  7.04900e-09
 Reference value :  7.05700e-09
 Reference value :  7.06500e-09
 Reference value :  7.07100e-09
 Reference value :  7.07900e-09
 Reference value :  7.08700e-09
 Reference value :  7.09300e-09
 Reference value :  7.09900e-09
 Reference value :  7.10700e-09
 Reference value :  7.11500e-09
 Reference value :  7.12300e-09
 Reference value :  7.12900e-09
 Reference value :  7.13500e-09
 Reference value :  7.14100e-09
 Reference value :  7.14700e-09
 Reference value :  7.15500e-09
 Reference value :  7.16300e-09
 Reference value :  7.16900e-09
 Reference value :  7.17700e-09
 Reference value :  7.18300e-09
 Reference value :  7.18900e-09
 Reference value :  7.19700e-09
 Reference value :  7.20300e-09
 Reference value :  7.20900e-09
 Reference value :  7.21700e-09
 Reference value :  7.22500e-09
 Reference value :  7.23100e-09
 Reference value :  7.23900e-09
 Reference value :  7.24500e-09
 Reference value :  7.25100e-09
 Reference value :  7.25700e-09
 Reference value :  7.26300e-09
 Reference value :  7.26900e-09
 Reference value :  7.27700e-09
 Reference value :  7.28500e-09
 Reference value :  7.29300e-09
 Reference value :  7.30100e-09
 Reference value :  7.30700e-09
 Reference value :  7.31500e-09
 Reference value :  7.32100e-09
 Reference value :  7.32700e-09
 Reference value :  7.33300e-09
 Reference value :  7.33900e-09
 Reference value :  7.34700e-09
 Reference value :  7.35300e-09
 Reference value :  7.36100e-09
 Reference value :  7.36700e-09
 Reference value :  7.37300e-09
 Reference value :  7.37900e-09
 Reference value :  7.38700e-09
 Reference value :  7.39300e-09
 Reference value :  7.39900e-09
 Reference value :  7.40700e-09
 Reference value :  7.41300e-09
 Reference value :  7.41900e-09
 Reference value :  7.42500e-09
 Reference value :  7.43100e-09
 Reference value :  7.43700e-09
 Reference value :  7.44500e-09
 Reference value :  7.45100e-09
 Reference value :  7.45700e-09
 Reference value :  7.46300e-09
 Reference value :  7.46900e-09
 Reference value :  7.47500e-09
 Reference value :  7.48100e-09
 Reference value :  7.48700e-09
 Reference value :  7.49300e-09
 Reference value :  7.49900e-09
 Reference value :  7.50500e-09
 Reference value :  7.51100e-09
 Reference value :  7.51900e-09
 Reference value :  7.52500e-09
 Reference value :  7.53100e-09
 Reference value :  7.53700e-09
 Reference value :  7.54300e-09
 Reference value :  7.54900e-09
 Reference value :  7.55700e-09
 Reference value :  7.56500e-09
 Reference value :  7.57100e-09
 Reference value :  7.57900e-09
 Reference value :  7.58500e-09
 Reference value :  7.59100e-09
 Reference value :  7.59700e-09
No. of Data Rows : 3814
Note: Simulation executed from .control section 
