
Note: Compatibility modes selected: hs a


Circuit: * comparator-decision offset pick-off -- vindiff=0.0mv corner=ff_mm temp=27.0c seed=2 (issue #9)

option SCALE: Scale is set to 1e-06 for instance and model parameters
option SCALE: Scale is set to 1e-06 for instance and model parameters
option SCALE: Scale is set to 1e-06 for instance and model parameters
option SCALE: Scale is set to 1e-06 for instance and model parameters
Doing analysis at TEMP = 27.000000 and TNOM = 27.000000

Using KLU as Direct Linear Solver
 Reference value :  0.00000e+00
 Reference value :  4.54560e-10
 Reference value :  4.62560e-10
 Reference value :  5.38560e-10
 Reference value :  5.46560e-10
 Reference value :  5.54560e-10
 Reference value :  5.62560e-10
 Reference value :  7.18560e-10
 Reference value :  7.26560e-10
 Reference value :  7.38560e-10
 Reference value :  1.05456e-09
 Reference value :  1.10056e-09
 Reference value :  1.27456e-09
 Reference value :  1.76056e-09
 Reference value :  2.05456e-09
 Reference value :  2.06056e-09
 Reference value :  2.06856e-09
 Reference value :  2.07656e-09
 Reference value :  2.20256e-09
 Reference value :  2.42056e-09
 Reference value :  2.68256e-09
 Reference value :  2.88856e-09
 Reference value :  3.21856e-09
 Reference value :  3.27456e-09
 Reference value :  3.28256e-09
 Reference value :  3.29056e-09
 Reference value :  3.29856e-09
 Reference value :  3.30656e-09
 Reference value :  3.34856e-09
 Reference value :  3.48056e-09
 Reference value :  4.03456e-09
 Reference value :  4.04256e-09
 Reference value :  4.05056e-09
 Reference value :  4.05856e-09
 Reference value :  4.06656e-09
 Reference value :  4.07456e-09
 Reference value :  4.08256e-09
 Reference value :  4.08856e-09
 Reference value :  4.09656e-09
 Reference value :  4.10456e-09
 Reference value :  4.19256e-09
 Reference value :  4.44056e-09
 Reference value :  4.85256e-09
 Reference value :  5.05100e-09
 Reference value :  5.39900e-09
 Reference value :  6.14900e-09
 Reference value :  6.65700e-09
 Reference value :  7.02300e-09
 Reference value :  7.28100e-09
 Reference value :  7.49100e-09
No. of Data Rows : 3814
Note: Simulation executed from .control section 
