
Note: Compatibility modes selected: hs a


Circuit: * comparator-decision offset pick-off -- vindiff=0.0mv corner=ff_mm temp=27.0c seed=9 (issue #9)

option SCALE: Scale is set to 1e-06 for instance and model parameters
option SCALE: Scale is set to 1e-06 for instance and model parameters
option SCALE: Scale is set to 1e-06 for instance and model parameters
option SCALE: Scale is set to 1e-06 for instance and model parameters
Doing analysis at TEMP = 27.000000 and TNOM = 27.000000

Using KLU as Direct Linear Solver
 Reference value :  0.00000e+00
 Reference value :  8.00000e-14
 Reference value :  1.28000e-12
 Reference value :  8.56000e-12
 Reference value :  1.65600e-11
 Reference value :  2.45600e-11
 Reference value :  3.05600e-11
 Reference value :  3.85600e-11
 Reference value :  4.45600e-11
 Reference value :  5.25600e-11
 Reference value :  6.05600e-11
 Reference value :  6.85600e-11
 Reference value :  7.85600e-11
 Reference value :  8.45600e-11
 Reference value :  9.25600e-11
 Reference value :  1.00560e-10
 Reference value :  1.08560e-10
 Reference value :  1.16560e-10
 Reference value :  1.24560e-10
 Reference value :  1.32560e-10
 Reference value :  1.38560e-10
 Reference value :  1.44560e-10
 Reference value :  1.50560e-10
 Reference value :  1.58560e-10
 Reference value :  1.66560e-10
 Reference value :  1.72560e-10
 Reference value :  1.78560e-10
 Reference value :  1.84560e-10
 Reference value :  1.90560e-10
 Reference value :  1.98560e-10
 Reference value :  2.06560e-10
 Reference value :  2.12560e-10
 Reference value :  2.20560e-10
 Reference value :  2.28560e-10
 Reference value :  2.36560e-10
 Reference value :  2.42560e-10
 Reference value :  2.50560e-10
 Reference value :  2.56560e-10
 Reference value :  2.62560e-10
 Reference value :  2.70560e-10
 Reference value :  2.76560e-10
 Reference value :  2.84560e-10
 Reference value :  2.90560e-10
 Reference value :  2.98560e-10
 Reference value :  3.06560e-10
 Reference value :  3.14560e-10
 Reference value :  3.22560e-10
 Reference value :  3.28560e-10
 Reference value :  3.36560e-10
 Reference value :  3.44560e-10
 Reference value :  3.52560e-10
 Reference value :  3.58560e-10
 Reference value :  3.66560e-10
 Reference value :  3.72560e-10
 Reference value :  3.80560e-10
 Reference value :  3.88560e-10
 Reference value :  3.96560e-10
 Reference value :  4.02560e-10
 Reference value :  4.10560e-10
 Reference value :  4.18560e-10
 Reference value :  4.26560e-10
 Reference value :  4.34560e-10
 Reference value :  4.40560e-10
 Reference value :  4.48560e-10
 Reference value :  4.56560e-10
 Reference value :  4.62560e-10
 Reference value :  4.70560e-10
 Reference value :  4.76560e-10
 Reference value :  4.84560e-10
 Reference value :  4.90560e-10
 Reference value :  5.00560e-10
 Reference value :  5.08560e-10
 Reference value :  5.16560e-10
 Reference value :  5.24560e-10
 Reference value :  5.32560e-10
 Reference value :  5.38560e-10
 Reference value :  5.46560e-10
 Reference value :  5.54560e-10
 Reference value :  5.62560e-10
 Reference value :  5.70560e-10
 Reference value :  5.78560e-10
 Reference value :  5.84560e-10
 Reference value :  5.92560e-10
 Reference value :  5.98560e-10
 Reference value :  6.06560e-10
 Reference value :  6.12560e-10
 Reference value :  6.18560e-10
 Reference value :  6.24560e-10
 Reference value :  6.32560e-10
 Reference value :  6.40560e-10
 Reference value :  6.46560e-10
 Reference value :  6.54560e-10
 Reference value :  6.60560e-10
 Reference value :  6.68560e-10
 Reference value :  6.76560e-10
 Reference value :  6.82560e-10
 Reference value :  6.90560e-10
 Reference value :  6.98560e-10
 Reference value :  7.06560e-10
 Reference value :  7.14560e-10
 Reference value :  7.22560e-10
 Reference value :  7.28560e-10
 Reference value :  7.36560e-10
 Reference value :  7.44560e-10
 Reference value :  7.54560e-10
 Reference value :  7.62560e-10
 Reference value :  7.70560e-10
 Reference value :  7.76560e-10
 Reference value :  7.84560e-10
 Reference value :  7.90560e-10
 Reference value :  7.98560e-10
 Reference value :  8.06560e-10
 Reference value :  8.14560e-10
 Reference value :  8.20560e-10
 Reference value :  8.28560e-10
 Reference value :  8.36560e-10
 Reference value :  8.44560e-10
 Reference value :  8.52560e-10
 Reference value :  8.58560e-10
 Reference value :  8.64560e-10
 Reference value :  8.70560e-10
 Reference value :  8.78560e-10
 Reference value :  8.86560e-10
 Reference value :  8.94560e-10
 Reference value :  9.02560e-10
 Reference value :  9.10560e-10
 Reference value :  9.18560e-10
 Reference value :  9.24560e-10
 Reference value :  9.30560e-10
 Reference value :  9.36560e-10
 Reference value :  9.44560e-10
 Reference value :  9.50560e-10
 Reference value :  9.56560e-10
 Reference value :  9.62560e-10
 Reference value :  9.70560e-10
 Reference value :  9.76560e-10
 Reference value :  9.82560e-10
 Reference value :  9.90560e-10
 Reference value :  9.96560e-10
 Reference value :  1.00256e-09
 Reference value :  1.00856e-09
 Reference value :  1.01456e-09
 Reference value :  1.02256e-09
 Reference value :  1.03056e-09
 Reference value :  1.03856e-09
 Reference value :  1.04456e-09
 Reference value :  1.05256e-09
 Reference value :  1.06056e-09
 Reference value :  1.06856e-09
 Reference value :  1.07656e-09
 Reference value :  1.08256e-09
 Reference value :  1.09056e-09
 Reference value :  1.09856e-09
 Reference value :  1.10656e-09
 Reference value :  1.11456e-09
 Reference value :  1.12056e-09
 Reference value :  1.12856e-09
 Reference value :  1.13656e-09
 Reference value :  1.14456e-09
 Reference value :  1.15056e-09
 Reference value :  1.15656e-09
 Reference value :  1.16456e-09
 Reference value :  1.17256e-09
 Reference value :  1.17856e-09
 Reference value :  1.18456e-09
 Reference value :  1.19056e-09
 Reference value :  1.19856e-09
 Reference value :  1.20656e-09
 Reference value :  1.21456e-09
 Reference value :  1.22056e-09
 Reference value :  1.22656e-09
 Reference value :  1.23456e-09
 Reference value :  1.24256e-09
 Reference value :  1.25056e-09
 Reference value :  1.25856e-09
 Reference value :  1.26456e-09
 Reference value :  1.27256e-09
 Reference value :  1.28056e-09
 Reference value :  1.28856e-09
 Reference value :  1.31056e-09
 Reference value :  1.31856e-09
 Reference value :  1.32656e-09
 Reference value :  1.33456e-09
 Reference value :  1.34256e-09
 Reference value :  1.35056e-09
 Reference value :  1.35856e-09
 Reference value :  1.36656e-09
 Reference value :  1.37256e-09
 Reference value :  1.38056e-09
 Reference value :  1.38856e-09
 Reference value :  1.39456e-09
 Reference value :  1.40056e-09
 Reference value :  1.40856e-09
 Reference value :  1.41656e-09
 Reference value :  1.42456e-09
 Reference value :  1.43256e-09
 Reference value :  1.44056e-09
 Reference value :  1.44856e-09
 Reference value :  1.45656e-09
 Reference value :  1.46256e-09
 Reference value :  1.47056e-09
 Reference value :  1.59256e-09
 Reference value :  1.60056e-09
 Reference value :  1.60856e-09
 Reference value :  1.61456e-09
 Reference value :  1.62056e-09
 Reference value :  1.63056e-09
 Reference value :  1.63856e-09
 Reference value :  1.64656e-09
 Reference value :  1.65256e-09
 Reference value :  1.66056e-09
 Reference value :  1.66856e-09
 Reference value :  1.67656e-09
 Reference value :  1.68456e-09
 Reference value :  1.69056e-09
 Reference value :  1.69856e-09
 Reference value :  2.07656e-09
 Reference value :  2.08256e-09
 Reference value :  2.09056e-09
 Reference value :  2.09656e-09
 Reference value :  2.10456e-09
 Reference value :  2.11256e-09
 Reference value :  2.11856e-09
 Reference value :  2.12656e-09
 Reference value :  2.13456e-09
 Reference value :  2.14056e-09
 Reference value :  2.14656e-09
 Reference value :  2.15456e-09
 Reference value :  2.16256e-09
 Reference value :  2.17056e-09
 Reference value :  2.17656e-09
 Reference value :  2.18456e-09
 Reference value :  2.19256e-09
 Reference value :  2.20056e-09
 Reference value :  2.20856e-09
 Reference value :  2.21656e-09
 Reference value :  2.22256e-09
 Reference value :  2.23056e-09
 Reference value :  2.23656e-09
 Reference value :  2.41256e-09
 Reference value :  2.55056e-09
 Reference value :  2.67056e-09
 Reference value :  3.04056e-09
 Reference value :  3.27856e-09
 Reference value :  3.28656e-09
 Reference value :  3.29456e-09
 Reference value :  3.30256e-09
 Reference value :  3.30856e-09
 Reference value :  3.31656e-09
 Reference value :  3.32256e-09
 Reference value :  3.32856e-09
 Reference value :  3.33656e-09
 Reference value :  3.34456e-09
 Reference value :  3.35256e-09
 Reference value :  3.35856e-09
 Reference value :  3.36656e-09
 Reference value :  3.37256e-09
 Reference value :  3.37856e-09
 Reference value :  3.38656e-09
 Reference value :  3.39456e-09
 Reference value :  3.40256e-09
 Reference value :  3.40856e-09
 Reference value :  3.41656e-09
 Reference value :  3.42456e-09
 Reference value :  3.43456e-09
 Reference value :  3.44256e-09
 Reference value :  3.45056e-09
 Reference value :  3.45856e-09
 Reference value :  3.59256e-09
 Reference value :  3.70456e-09
 Reference value :  3.71256e-09
 Reference value :  3.72056e-09
 Reference value :  3.72656e-09
 Reference value :  3.73456e-09
 Reference value :  3.74056e-09
 Reference value :  3.74856e-09
 Reference value :  3.75456e-09
 Reference value :  3.76256e-09
 Reference value :  3.77056e-09
 Reference value :  3.77656e-09
 Reference value :  3.78456e-09
 Reference value :  3.93056e-09
 Reference value :  4.04856e-09
 Reference value :  4.05656e-09
 Reference value :  4.20856e-09
 Reference value :  4.21456e-09
 Reference value :  4.22256e-09
 Reference value :  4.23056e-09
 Reference value :  4.23656e-09
 Reference value :  4.24456e-09
 Reference value :  4.25256e-09
 Reference value :  4.26056e-09
 Reference value :  4.26656e-09
 Reference value :  4.27456e-09
 Reference value :  4.28456e-09
 Reference value :  4.29256e-09
 Reference value :  4.29856e-09
 Reference value :  4.30656e-09
 Reference value :  4.31456e-09
 Reference value :  4.32256e-09
 Reference value :  4.33056e-09
 Reference value :  4.33656e-09
 Reference value :  4.34256e-09
 Reference value :  4.35056e-09
 Reference value :  4.35856e-09
 Reference value :  4.36456e-09
 Reference value :  4.37256e-09
 Reference value :  4.38056e-09
 Reference value :  4.38856e-09
 Reference value :  4.39656e-09
 Reference value :  4.40256e-09
 Reference value :  4.41056e-09
 Reference value :  4.41856e-09
 Reference value :  4.42656e-09
 Reference value :  4.43456e-09
 Reference value :  4.44256e-09
 Reference value :  4.45056e-09
 Reference value :  4.45856e-09
 Reference value :  4.46656e-09
 Reference value :  4.47256e-09
 Reference value :  4.47856e-09
 Reference value :  4.48656e-09
 Reference value :  4.49456e-09
 Reference value :  4.50256e-09
 Reference value :  4.51056e-09
 Reference value :  4.51856e-09
 Reference value :  4.52656e-09
 Reference value :  4.53256e-09
 Reference value :  4.54056e-09
 Reference value :  4.54656e-09
 Reference value :  4.55256e-09
 Reference value :  4.56056e-09
 Reference value :  4.56856e-09
 Reference value :  4.57656e-09
 Reference value :  4.58456e-09
 Reference value :  4.59456e-09
 Reference value :  4.60256e-09
 Reference value :  4.61056e-09
 Reference value :  4.61656e-09
 Reference value :  4.62456e-09
 Reference value :  4.63256e-09
 Reference value :  4.64056e-09
 Reference value :  4.64656e-09
 Reference value :  4.65456e-09
 Reference value :  4.66256e-09
 Reference value :  4.67056e-09
 Reference value :  4.67856e-09
 Reference value :  4.68456e-09
 Reference value :  4.69256e-09
 Reference value :  4.69856e-09
 Reference value :  4.70656e-09
 Reference value :  4.71256e-09
 Reference value :  4.72056e-09
 Reference value :  4.72856e-09
 Reference value :  4.73656e-09
 Reference value :  4.74256e-09
 Reference value :  4.75056e-09
 Reference value :  4.75856e-09
 Reference value :  4.76456e-09
 Reference value :  4.77256e-09
 Reference value :  4.77856e-09
 Reference value :  4.78656e-09
 Reference value :  4.79256e-09
 Reference value :  4.80056e-09
 Reference value :  4.80856e-09
 Reference value :  4.81656e-09
 Reference value :  4.82456e-09
 Reference value :  4.83256e-09
 Reference value :  4.84056e-09
 Reference value :  4.84656e-09
 Reference value :  4.85656e-09
 Reference value :  4.86656e-09
 Reference value :  4.87256e-09
 Reference value :  4.88056e-09
 Reference value :  4.88856e-09
 Reference value :  4.89656e-09
 Reference value :  4.90456e-09
 Reference value :  4.91256e-09
 Reference value :  4.92056e-09
 Reference value :  4.92856e-09
 Reference value :  4.93656e-09
 Reference value :  4.94256e-09
 Reference value :  4.95056e-09
 Reference value :  4.95856e-09
 Reference value :  4.96656e-09
 Reference value :  4.97256e-09
 Reference value :  4.97856e-09
 Reference value :  4.98656e-09
 Reference value :  4.99456e-09
 Reference value :  5.00020e-09
 Reference value :  5.00500e-09
 Reference value :  5.01100e-09
 Reference value :  5.01900e-09
 Reference value :  5.02900e-09
 Reference value :  5.03700e-09
 Reference value :  5.04700e-09
 Reference value :  5.05500e-09
 Reference value :  5.06100e-09
 Reference value :  5.06900e-09
 Reference value :  5.07700e-09
 Reference value :  5.08500e-09
 Reference value :  5.09100e-09
 Reference value :  5.09700e-09
 Reference value :  5.10060e-09
 Reference value :  5.10700e-09
 Reference value :  5.11500e-09
 Reference value :  5.12300e-09
 Reference value :  5.13100e-09
 Reference value :  5.13700e-09
 Reference value :  5.14500e-09
 Reference value :  5.15100e-09
 Reference value :  5.15900e-09
 Reference value :  5.16700e-09
 Reference value :  5.17500e-09
 Reference value :  5.18500e-09
 Reference value :  5.19100e-09
 Reference value :  5.19900e-09
 Reference value :  5.20700e-09
 Reference value :  5.21500e-09
 Reference value :  5.22300e-09
 Reference value :  5.22900e-09
 Reference value :  5.23700e-09
 Reference value :  5.24500e-09
 Reference value :  5.25300e-09
 Reference value :  5.26300e-09
 Reference value :  5.27100e-09
 Reference value :  5.27900e-09
 Reference value :  5.28700e-09
 Reference value :  5.29500e-09
 Reference value :  5.30300e-09
 Reference value :  5.30900e-09
 Reference value :  5.31700e-09
 Reference value :  5.32500e-09
 Reference value :  5.33300e-09
 Reference value :  5.34300e-09
 Reference value :  5.35100e-09
 Reference value :  5.35900e-09
 Reference value :  5.36500e-09
 Reference value :  5.37100e-09
 Reference value :  5.37900e-09
 Reference value :  5.38700e-09
 Reference value :  5.39500e-09
 Reference value :  5.40300e-09
 Reference value :  5.41100e-09
 Reference value :  5.41900e-09
 Reference value :  5.42500e-09
 Reference value :  5.43300e-09
 Reference value :  5.43900e-09
 Reference value :  5.44700e-09
 Reference value :  5.45300e-09
 Reference value :  5.55500e-09
 Reference value :  5.79100e-09
 Reference value :  5.79900e-09
 Reference value :  5.80700e-09
 Reference value :  5.81500e-09
 Reference value :  5.82100e-09
 Reference value :  5.82900e-09
 Reference value :  5.83700e-09
 Reference value :  5.84500e-09
 Reference value :  5.85100e-09
 Reference value :  5.85700e-09
 Reference value :  5.86700e-09
 Reference value :  5.87500e-09
 Reference value :  6.07700e-09
 Reference value :  6.57900e-09
 Reference value :  7.44500e-09
 Reference value :  7.52900e-09
 Reference value :  7.53500e-09
 Reference value :  7.54300e-09
 Reference value :  7.54900e-09
 Reference value :  7.55500e-09
 Reference value :  7.56300e-09
 Reference value :  7.57100e-09
 Reference value :  7.57900e-09
 Reference value :  7.58500e-09
 Reference value :  7.59300e-09
 Reference value :  7.60000e-09
No. of Data Rows : 3814
Note: Simulation executed from .control section 
