
Note: Compatibility modes selected: hs a


Circuit: * comparator-decision offset pick-off -- vindiff=5mv corner=ff temp=27.0c seed=none (issue #9)

option SCALE: Scale is set to 1e-06 for instance and model parameters
option SCALE: Scale is set to 1e-06 for instance and model parameters
option SCALE: Scale is set to 1e-06 for instance and model parameters
option SCALE: Scale is set to 1e-06 for instance and model parameters
Doing analysis at TEMP = 27.000000 and TNOM = 27.000000

Using KLU as Direct Linear Solver
 Reference value :  0.00000e+00
 Reference value :  1.60000e-13
 Reference value :  2.84560e-10
 Reference value :  4.06560e-10
 Reference value :  7.40560e-10
 Reference value :  1.64656e-09
 Reference value :  2.40656e-09
 Reference value :  2.56256e-09
 Reference value :  2.57056e-09
 Reference value :  2.64056e-09
 Reference value :  2.98656e-09
 Reference value :  3.18656e-09
 Reference value :  3.54056e-09
 Reference value :  3.83856e-09
 Reference value :  4.07856e-09
 Reference value :  4.75056e-09
 Reference value :  4.97256e-09
 Reference value :  5.44500e-09
 Reference value :  5.85300e-09
 Reference value :  6.18100e-09
 Reference value :  6.98300e-09
 Reference value :  7.50700e-09
No. of Data Rows : 3814
Note: Simulation executed from .control section 
