
Note: Compatibility modes selected: hs a


Circuit: * comparator-decision offset pick-off -- vindiff=1mv corner=ff temp=27.0c seed=none (issue #9)

option SCALE: Scale is set to 1e-06 for instance and model parameters
option SCALE: Scale is set to 1e-06 for instance and model parameters
option SCALE: Scale is set to 1e-06 for instance and model parameters
option SCALE: Scale is set to 1e-06 for instance and model parameters
Doing analysis at TEMP = 27.000000 and TNOM = 27.000000

Using KLU as Direct Linear Solver
 Reference value :  0.00000e+00
 Reference value :  1.88560e-10
 Reference value :  2.20560e-10
 Reference value :  4.46560e-10
 Reference value :  7.38560e-10
 Reference value :  8.66560e-10
 Reference value :  9.40560e-10
 Reference value :  1.41856e-09
 Reference value :  1.57656e-09
 Reference value :  1.75656e-09
 Reference value :  1.91256e-09
 Reference value :  2.47456e-09
 Reference value :  2.64456e-09
 Reference value :  3.00856e-09
 Reference value :  3.36856e-09
 Reference value :  3.53256e-09
 Reference value :  3.54056e-09
 Reference value :  3.70856e-09
 Reference value :  4.11056e-09
 Reference value :  4.75656e-09
 Reference value :  5.26900e-09
 Reference value :  5.27700e-09
 Reference value :  5.47900e-09
 Reference value :  5.78900e-09
 Reference value :  5.79500e-09
 Reference value :  5.90900e-09
 Reference value :  6.13700e-09
 Reference value :  6.14300e-09
 Reference value :  6.37500e-09
 Reference value :  6.88700e-09
 Reference value :  7.37900e-09
 Reference value :  7.45100e-09
 Reference value :  7.54700e-09
 Reference value :  7.55500e-09
No. of Data Rows : 3814
Note: Simulation executed from .control section 
