
Note: Compatibility modes selected: hs a


Circuit: * comparator-decision offset pick-off -- vindiff=0.0mv corner=ff temp=27.0c seed=10 (issue #9)

option SCALE: Scale is set to 1e-06 for instance and model parameters
option SCALE: Scale is set to 1e-06 for instance and model parameters
option SCALE: Scale is set to 1e-06 for instance and model parameters
option SCALE: Scale is set to 1e-06 for instance and model parameters
Doing analysis at TEMP = 27.000000 and TNOM = 27.000000

Using KLU as Direct Linear Solver
 Reference value :  0.00000e+00
 Reference value :  8.45600e-11
 Reference value :  9.25600e-11
 Reference value :  1.00560e-10
 Reference value :  1.08560e-10
 Reference value :  1.16560e-10
 Reference value :  1.22560e-10
 Reference value :  1.30560e-10
 Reference value :  1.36560e-10
 Reference value :  1.44560e-10
 Reference value :  1.52560e-10
 Reference value :  1.60560e-10
 Reference value :  1.66560e-10
 Reference value :  1.76560e-10
 Reference value :  1.84560e-10
 Reference value :  1.90560e-10
 Reference value :  7.76560e-10
 Reference value :  8.98560e-10
 Reference value :  9.06560e-10
 Reference value :  9.14560e-10
 Reference value :  9.22560e-10
 Reference value :  9.30560e-10
 Reference value :  9.36560e-10
 Reference value :  9.44560e-10
 Reference value :  9.52560e-10
 Reference value :  9.60560e-10
 Reference value :  9.66560e-10
 Reference value :  9.74560e-10
 Reference value :  9.84560e-10
 Reference value :  9.90560e-10
 Reference value :  9.98560e-10
 Reference value :  1.00456e-09
 Reference value :  1.01056e-09
 Reference value :  1.01656e-09
 Reference value :  1.02256e-09
 Reference value :  1.03056e-09
 Reference value :  1.03856e-09
 Reference value :  1.04656e-09
 Reference value :  1.05456e-09
 Reference value :  1.06256e-09
 Reference value :  1.07056e-09
 Reference value :  1.07856e-09
 Reference value :  1.08456e-09
 Reference value :  1.09256e-09
 Reference value :  1.10056e-09
 Reference value :  1.10856e-09
 Reference value :  1.11656e-09
 Reference value :  1.12456e-09
 Reference value :  1.13056e-09
 Reference value :  1.13856e-09
 Reference value :  1.14656e-09
 Reference value :  1.15456e-09
 Reference value :  1.16056e-09
 Reference value :  1.16856e-09
 Reference value :  1.17656e-09
 Reference value :  1.18456e-09
 Reference value :  1.19256e-09
 Reference value :  1.19856e-09
 Reference value :  1.20656e-09
 Reference value :  1.21256e-09
 Reference value :  1.22056e-09
 Reference value :  1.22856e-09
 Reference value :  1.35456e-09
 Reference value :  1.36256e-09
 Reference value :  1.37056e-09
 Reference value :  1.37856e-09
 Reference value :  1.38656e-09
 Reference value :  1.39256e-09
 Reference value :  1.39856e-09
 Reference value :  1.40656e-09
 Reference value :  1.41456e-09
 Reference value :  1.45256e-09
 Reference value :  1.46056e-09
 Reference value :  1.46856e-09
 Reference value :  1.47656e-09
 Reference value :  1.48256e-09
 Reference value :  1.49056e-09
 Reference value :  1.49856e-09
 Reference value :  1.64456e-09
 Reference value :  1.65256e-09
 Reference value :  1.66056e-09
 Reference value :  1.66656e-09
 Reference value :  1.67456e-09
 Reference value :  1.68256e-09
 Reference value :  1.69056e-09
 Reference value :  1.69856e-09
 Reference value :  1.70656e-09
 Reference value :  1.87856e-09
 Reference value :  1.88656e-09
 Reference value :  1.97056e-09
 Reference value :  1.97856e-09
 Reference value :  1.98656e-09
 Reference value :  1.99456e-09
 Reference value :  2.00256e-09
 Reference value :  2.01056e-09
 Reference value :  2.01656e-09
 Reference value :  2.02456e-09
 Reference value :  2.03056e-09
 Reference value :  2.03656e-09
 Reference value :  2.04656e-09
 Reference value :  2.05456e-09
 Reference value :  2.06256e-09
 Reference value :  2.07056e-09
 Reference value :  2.08056e-09
 Reference value :  2.78856e-09
 Reference value :  2.79656e-09
 Reference value :  2.80256e-09
 Reference value :  2.81056e-09
 Reference value :  2.81856e-09
 Reference value :  2.82656e-09
 Reference value :  2.83456e-09
 Reference value :  2.84256e-09
 Reference value :  2.85056e-09
 Reference value :  3.15656e-09
 Reference value :  3.83256e-09
 Reference value :  4.30056e-09
 Reference value :  4.30856e-09
 Reference value :  4.31456e-09
 Reference value :  4.32256e-09
 Reference value :  4.33056e-09
 Reference value :  4.46056e-09
 Reference value :  4.46856e-09
 Reference value :  4.47856e-09
 Reference value :  4.48656e-09
 Reference value :  4.49456e-09
 Reference value :  4.50056e-09
 Reference value :  4.50856e-09
 Reference value :  4.51656e-09
 Reference value :  4.52456e-09
 Reference value :  4.53056e-09
 Reference value :  4.53856e-09
 Reference value :  4.54656e-09
 Reference value :  4.55456e-09
 Reference value :  4.56056e-09
 Reference value :  4.56656e-09
 Reference value :  4.84656e-09
 Reference value :  5.20300e-09
 Reference value :  5.21100e-09
 Reference value :  5.21900e-09
 Reference value :  5.26900e-09
 Reference value :  5.27700e-09
 Reference value :  5.28500e-09
 Reference value :  5.29300e-09
 Reference value :  5.40500e-09
 Reference value :  5.47100e-09
 Reference value :  5.47700e-09
 Reference value :  6.20300e-09
 Reference value :  6.77100e-09
 Reference value :  6.96900e-09
 Reference value :  7.04300e-09
 Reference value :  7.05100e-09
 Reference value :  7.05900e-09
 Reference value :  7.06700e-09
 Reference value :  7.07500e-09
 Reference value :  7.28300e-09
 Reference value :  7.28900e-09
 Reference value :  7.29500e-09
 Reference value :  7.30300e-09
 Reference value :  7.31100e-09
 Reference value :  7.31700e-09
 Reference value :  7.32500e-09
 Reference value :  7.33100e-09
 Reference value :  7.33700e-09
 Reference value :  7.34500e-09
 Reference value :  7.35100e-09
 Reference value :  7.35700e-09
 Reference value :  7.36500e-09
 Reference value :  7.37300e-09
 Reference value :  7.38100e-09
 Reference value :  7.38900e-09
 Reference value :  7.39700e-09
 Reference value :  7.40500e-09
 Reference value :  7.41300e-09
 Reference value :  7.42100e-09
 Reference value :  7.42700e-09
 Reference value :  7.43500e-09
 Reference value :  7.44300e-09
 Reference value :  7.45100e-09
 Reference value :  7.45900e-09
 Reference value :  7.46500e-09
 Reference value :  7.47500e-09
 Reference value :  7.48100e-09
 Reference value :  7.48900e-09
 Reference value :  7.49700e-09
 Reference value :  7.50500e-09
 Reference value :  7.51300e-09
 Reference value :  7.51900e-09
 Reference value :  7.52700e-09
 Reference value :  7.53500e-09
 Reference value :  7.54300e-09
 Reference value :  7.54900e-09
 Reference value :  7.55500e-09
 Reference value :  7.56300e-09
 Reference value :  7.57100e-09
 Reference value :  7.57900e-09
 Reference value :  7.58700e-09
 Reference value :  7.59500e-09
No. of Data Rows : 3814
Note: Simulation executed from .control section 
