
Note: Compatibility modes selected: hs a


Circuit: * comparator-decision offset pick-off -- vindiff=0.0mv corner=ff temp=27.0c seed=5 (issue #9)

option SCALE: Scale is set to 1e-06 for instance and model parameters
option SCALE: Scale is set to 1e-06 for instance and model parameters
option SCALE: Scale is set to 1e-06 for instance and model parameters
option SCALE: Scale is set to 1e-06 for instance and model parameters
Doing analysis at TEMP = 27.000000 and TNOM = 27.000000

Using KLU as Direct Linear Solver
 Reference value :  0.00000e+00
 Reference value :  6.62560e-10
 Reference value :  1.05656e-09
 Reference value :  1.11856e-09
 Reference value :  1.12656e-09
 Reference value :  1.54056e-09
 Reference value :  2.14256e-09
 Reference value :  2.69056e-09
 Reference value :  2.99856e-09
 Reference value :  3.25256e-09
 Reference value :  3.83656e-09
 Reference value :  4.52456e-09
 Reference value :  5.02900e-09
 Reference value :  5.70700e-09
 Reference value :  6.49500e-09
 Reference value :  7.17500e-09
No. of Data Rows : 3814
Note: Simulation executed from .control section 
