
Note: Compatibility modes selected: hs a


Circuit: * comparator-decision offset pick-off -- vindiff=0.0mv corner=ff temp=27.0c seed=6 (issue #9)

option SCALE: Scale is set to 1e-06 for instance and model parameters
option SCALE: Scale is set to 1e-06 for instance and model parameters
option SCALE: Scale is set to 1e-06 for instance and model parameters
option SCALE: Scale is set to 1e-06 for instance and model parameters
Doing analysis at TEMP = 27.000000 and TNOM = 27.000000

Using KLU as Direct Linear Solver
 Reference value :  0.00000e+00
 Reference value :  1.60000e-13
 Reference value :  2.56000e-12
 Reference value :  1.05600e-11
 Reference value :  1.85600e-11
 Reference value :  2.45600e-11
 Reference value :  3.25600e-11
 Reference value :  4.05600e-11
 Reference value :  4.85600e-11
 Reference value :  5.65600e-11
 Reference value :  6.25600e-11
 Reference value :  7.05600e-11
 Reference value :  7.85600e-11
 Reference value :  8.65600e-11
 Reference value :  9.45600e-11
 Reference value :  1.02560e-10
 Reference value :  1.10560e-10
 Reference value :  1.96560e-10
 Reference value :  2.24560e-10
 Reference value :  2.30560e-10
 Reference value :  2.36560e-10
 Reference value :  2.44560e-10
 Reference value :  2.52560e-10
 Reference value :  2.60560e-10
 Reference value :  2.66560e-10
 Reference value :  2.74560e-10
 Reference value :  2.82560e-10
 Reference value :  2.88560e-10
 Reference value :  2.96560e-10
 Reference value :  3.02560e-10
 Reference value :  3.10560e-10
 Reference value :  3.18560e-10
 Reference value :  3.26560e-10
 Reference value :  3.32560e-10
 Reference value :  3.38560e-10
 Reference value :  3.46560e-10
 Reference value :  3.52560e-10
 Reference value :  3.58560e-10
 Reference value :  3.66560e-10
 Reference value :  3.74560e-10
 Reference value :  3.82560e-10
 Reference value :  3.88560e-10
 Reference value :  3.96560e-10
 Reference value :  4.02560e-10
 Reference value :  4.10560e-10
 Reference value :  4.18560e-10
 Reference value :  4.26560e-10
 Reference value :  4.32560e-10
 Reference value :  4.40560e-10
 Reference value :  4.46560e-10
 Reference value :  4.54560e-10
 Reference value :  4.62560e-10
 Reference value :  4.70560e-10
 Reference value :  4.78560e-10
 Reference value :  4.86560e-10
 Reference value :  4.94560e-10
 Reference value :  5.02560e-10
 Reference value :  5.08560e-10
 Reference value :  6.26560e-10
 Reference value :  6.32560e-10
 Reference value :  6.38560e-10
 Reference value :  6.46560e-10
 Reference value :  6.52560e-10
 Reference value :  6.60560e-10
 Reference value :  6.68560e-10
 Reference value :  6.76560e-10
 Reference value :  6.84560e-10
 Reference value :  6.92560e-10
 Reference value :  7.00560e-10
 Reference value :  7.08560e-10
 Reference value :  7.14560e-10
 Reference value :  7.22560e-10
 Reference value :  7.30560e-10
 Reference value :  7.38560e-10
 Reference value :  7.44560e-10
 Reference value :  7.52560e-10
 Reference value :  7.60560e-10
 Reference value :  7.68560e-10
 Reference value :  7.74560e-10
 Reference value :  7.82560e-10
 Reference value :  7.90560e-10
 Reference value :  7.98560e-10
 Reference value :  8.06560e-10
 Reference value :  8.14560e-10
 Reference value :  8.22560e-10
 Reference value :  8.30560e-10
 Reference value :  8.38560e-10
 Reference value :  8.46560e-10
 Reference value :  8.54560e-10
 Reference value :  8.60560e-10
 Reference value :  8.68560e-10
 Reference value :  8.74560e-10
 Reference value :  8.82560e-10
 Reference value :  8.90560e-10
 Reference value :  8.98560e-10
 Reference value :  9.06560e-10
 Reference value :  9.14560e-10
 Reference value :  9.20560e-10
 Reference value :  9.28560e-10
 Reference value :  9.34560e-10
 Reference value :  9.42560e-10
 Reference value :  9.50560e-10
 Reference value :  9.58560e-10
 Reference value :  9.64560e-10
 Reference value :  9.72560e-10
 Reference value :  9.78560e-10
 Reference value :  9.84560e-10
 Reference value :  9.90560e-10
 Reference value :  9.96560e-10
 Reference value :  1.00456e-09
 Reference value :  1.01056e-09
 Reference value :  1.01856e-09
 Reference value :  1.02656e-09
 Reference value :  1.03456e-09
 Reference value :  1.04256e-09
 Reference value :  1.05056e-09
 Reference value :  1.05856e-09
 Reference value :  1.06656e-09
 Reference value :  1.07456e-09
 Reference value :  1.08056e-09
 Reference value :  1.08856e-09
 Reference value :  1.09856e-09
 Reference value :  1.10456e-09
 Reference value :  1.11256e-09
 Reference value :  1.12056e-09
 Reference value :  1.12856e-09
 Reference value :  1.13656e-09
 Reference value :  1.14456e-09
 Reference value :  1.15256e-09
 Reference value :  1.15856e-09
 Reference value :  1.16656e-09
 Reference value :  1.17456e-09
 Reference value :  1.18256e-09
 Reference value :  1.19256e-09
 Reference value :  1.19856e-09
 Reference value :  1.21256e-09
 Reference value :  1.22056e-09
 Reference value :  1.22856e-09
 Reference value :  1.23656e-09
 Reference value :  1.24456e-09
 Reference value :  1.25256e-09
 Reference value :  1.25856e-09
 Reference value :  1.26656e-09
 Reference value :  1.27456e-09
 Reference value :  1.28056e-09
 Reference value :  1.28856e-09
 Reference value :  1.29456e-09
 Reference value :  1.30256e-09
 Reference value :  1.31056e-09
 Reference value :  1.31856e-09
 Reference value :  1.32656e-09
 Reference value :  1.33256e-09
 Reference value :  1.34056e-09
 Reference value :  1.34856e-09
 Reference value :  1.35656e-09
 Reference value :  1.36456e-09
 Reference value :  1.37256e-09
 Reference value :  1.38056e-09
 Reference value :  1.40456e-09
 Reference value :  1.41256e-09
 Reference value :  1.42056e-09
 Reference value :  1.42856e-09
 Reference value :  1.43456e-09
 Reference value :  1.44256e-09
 Reference value :  1.44856e-09
 Reference value :  1.45656e-09
 Reference value :  1.46456e-09
 Reference value :  1.47256e-09
 Reference value :  1.48056e-09
 Reference value :  1.48856e-09
 Reference value :  1.49456e-09
 Reference value :  1.50256e-09
 Reference value :  1.53056e-09
 Reference value :  1.53856e-09
 Reference value :  1.54456e-09
 Reference value :  1.55256e-09
 Reference value :  1.55856e-09
 Reference value :  1.56656e-09
 Reference value :  1.57256e-09
 Reference value :  1.58056e-09
 Reference value :  1.58856e-09
 Reference value :  1.59656e-09
 Reference value :  1.60456e-09
 Reference value :  1.61256e-09
 Reference value :  1.62056e-09
 Reference value :  1.62656e-09
 Reference value :  1.63256e-09
 Reference value :  1.64056e-09
 Reference value :  1.64856e-09
 Reference value :  1.65656e-09
 Reference value :  1.66456e-09
 Reference value :  1.67256e-09
 Reference value :  1.68056e-09
 Reference value :  1.68856e-09
 Reference value :  1.69656e-09
 Reference value :  1.70256e-09
 Reference value :  1.71056e-09
 Reference value :  1.71856e-09
 Reference value :  1.72656e-09
 Reference value :  1.73256e-09
 Reference value :  1.73856e-09
 Reference value :  1.74456e-09
 Reference value :  1.75256e-09
 Reference value :  1.75856e-09
 Reference value :  1.76656e-09
 Reference value :  1.77256e-09
 Reference value :  1.78056e-09
 Reference value :  1.78856e-09
 Reference value :  1.79656e-09
 Reference value :  1.87056e-09
 Reference value :  1.87856e-09
 Reference value :  1.88656e-09
 Reference value :  1.89456e-09
 Reference value :  1.90256e-09
 Reference value :  1.90856e-09
 Reference value :  1.91456e-09
 Reference value :  1.92256e-09
 Reference value :  1.93056e-09
 Reference value :  1.93856e-09
 Reference value :  1.94656e-09
 Reference value :  1.95456e-09
 Reference value :  1.96256e-09
 Reference value :  1.97056e-09
 Reference value :  1.97856e-09
 Reference value :  1.98656e-09
 Reference value :  1.99456e-09
 Reference value :  2.00256e-09
 Reference value :  2.01056e-09
 Reference value :  2.01856e-09
 Reference value :  2.02656e-09
 Reference value :  2.03456e-09
 Reference value :  2.04056e-09
 Reference value :  2.04856e-09
 Reference value :  2.05656e-09
 Reference value :  2.06456e-09
 Reference value :  2.07256e-09
 Reference value :  2.07856e-09
 Reference value :  2.08856e-09
 Reference value :  2.09656e-09
 Reference value :  2.10256e-09
 Reference value :  2.11056e-09
 Reference value :  2.11856e-09
 Reference value :  2.12656e-09
 Reference value :  2.13256e-09
 Reference value :  2.14056e-09
 Reference value :  2.14856e-09
 Reference value :  2.15456e-09
 Reference value :  2.16056e-09
 Reference value :  2.16856e-09
 Reference value :  2.17656e-09
 Reference value :  2.18456e-09
 Reference value :  2.19256e-09
 Reference value :  2.20056e-09
 Reference value :  2.20856e-09
 Reference value :  2.21656e-09
 Reference value :  2.22456e-09
 Reference value :  2.23256e-09
 Reference value :  2.23856e-09
 Reference value :  2.24656e-09
 Reference value :  2.25456e-09
 Reference value :  2.26056e-09
 Reference value :  2.26656e-09
 Reference value :  2.27456e-09
 Reference value :  2.28256e-09
 Reference value :  2.29056e-09
 Reference value :  2.29856e-09
 Reference value :  2.30656e-09
 Reference value :  2.31456e-09
 Reference value :  2.32056e-09
 Reference value :  2.32656e-09
 Reference value :  2.33456e-09
 Reference value :  2.34056e-09
 Reference value :  2.34856e-09
 Reference value :  2.35656e-09
 Reference value :  2.36256e-09
 Reference value :  2.37056e-09
 Reference value :  2.37856e-09
 Reference value :  2.38656e-09
 Reference value :  2.39456e-09
 Reference value :  2.40256e-09
 Reference value :  2.41056e-09
 Reference value :  2.41656e-09
 Reference value :  2.42456e-09
 Reference value :  2.43256e-09
 Reference value :  2.44056e-09
 Reference value :  2.44856e-09
 Reference value :  2.45656e-09
 Reference value :  2.46256e-09
 Reference value :  2.47056e-09
 Reference value :  2.47856e-09
 Reference value :  2.48856e-09
 Reference value :  2.49456e-09
 Reference value :  2.50256e-09
 Reference value :  2.50856e-09
 Reference value :  2.51456e-09
 Reference value :  2.52256e-09
 Reference value :  2.52856e-09
 Reference value :  2.53656e-09
 Reference value :  2.54456e-09
 Reference value :  2.55256e-09
 Reference value :  2.55856e-09
 Reference value :  2.56456e-09
 Reference value :  2.57256e-09
 Reference value :  2.58056e-09
 Reference value :  2.58856e-09
 Reference value :  2.59656e-09
 Reference value :  2.60456e-09
 Reference value :  2.61256e-09
 Reference value :  2.62056e-09
 Reference value :  2.62856e-09
 Reference value :  2.63656e-09
 Reference value :  2.64456e-09
 Reference value :  2.65256e-09
 Reference value :  2.65856e-09
 Reference value :  2.66656e-09
 Reference value :  2.67256e-09
 Reference value :  2.67856e-09
 Reference value :  2.68656e-09
 Reference value :  2.69456e-09
 Reference value :  2.70056e-09
 Reference value :  2.70656e-09
 Reference value :  2.71256e-09
 Reference value :  2.81056e-09
 Reference value :  2.81656e-09
 Reference value :  2.82456e-09
 Reference value :  2.83256e-09
 Reference value :  2.84056e-09
 Reference value :  2.84856e-09
 Reference value :  2.85656e-09
 Reference value :  2.86456e-09
 Reference value :  2.87056e-09
 Reference value :  2.87856e-09
 Reference value :  2.88656e-09
 Reference value :  2.89456e-09
 Reference value :  2.90056e-09
 Reference value :  2.90856e-09
 Reference value :  2.91656e-09
 Reference value :  2.92456e-09
 Reference value :  2.93056e-09
 Reference value :  2.93656e-09
 Reference value :  2.94456e-09
 Reference value :  2.95256e-09
 Reference value :  2.96056e-09
 Reference value :  2.96856e-09
 Reference value :  2.97456e-09
 Reference value :  2.98256e-09
 Reference value :  2.98856e-09
 Reference value :  2.99456e-09
 Reference value :  3.00256e-09
 Reference value :  3.00856e-09
 Reference value :  3.01656e-09
 Reference value :  3.02256e-09
 Reference value :  3.03056e-09
 Reference value :  3.03856e-09
 Reference value :  3.04656e-09
 Reference value :  3.05456e-09
 Reference value :  3.06256e-09
 Reference value :  3.06856e-09
 Reference value :  3.07656e-09
 Reference value :  3.08256e-09
 Reference value :  3.09056e-09
 Reference value :  3.09656e-09
 Reference value :  3.15656e-09
 Reference value :  3.16256e-09
 Reference value :  3.17056e-09
 Reference value :  3.70656e-09
 Reference value :  4.69856e-09
 Reference value :  5.39100e-09
 Reference value :  5.94900e-09
 Reference value :  5.95700e-09
 Reference value :  5.96500e-09
 Reference value :  6.33100e-09
 Reference value :  6.45100e-09
 Reference value :  6.45900e-09
 Reference value :  6.46700e-09
 Reference value :  6.47300e-09
 Reference value :  6.48100e-09
 Reference value :  6.48900e-09
 Reference value :  6.49700e-09
 Reference value :  6.50500e-09
 Reference value :  6.51300e-09
 Reference value :  6.51900e-09
 Reference value :  6.52500e-09
 Reference value :  6.53100e-09
 Reference value :  6.53900e-09
 Reference value :  6.54700e-09
 Reference value :  6.55500e-09
 Reference value :  6.56100e-09
 Reference value :  6.59700e-09
 Reference value :  6.60300e-09
 Reference value :  6.60900e-09
 Reference value :  6.61700e-09
 Reference value :  6.62500e-09
 Reference value :  6.63300e-09
 Reference value :  6.64100e-09
 Reference value :  6.64700e-09
 Reference value :  6.65500e-09
 Reference value :  6.66300e-09
 Reference value :  6.66900e-09
 Reference value :  6.67700e-09
 Reference value :  6.68500e-09
 Reference value :  6.69300e-09
 Reference value :  6.70100e-09
 Reference value :  6.70900e-09
 Reference value :  6.71700e-09
 Reference value :  6.72500e-09
 Reference value :  6.73100e-09
 Reference value :  6.73900e-09
 Reference value :  6.74900e-09
 Reference value :  6.75700e-09
 Reference value :  6.76500e-09
 Reference value :  6.77300e-09
 Reference value :  6.77900e-09
 Reference value :  6.79100e-09
 Reference value :  6.80100e-09
 Reference value :  6.80900e-09
 Reference value :  6.81700e-09
 Reference value :  6.82500e-09
 Reference value :  6.83500e-09
 Reference value :  6.84300e-09
 Reference value :  6.85100e-09
 Reference value :  6.85900e-09
 Reference value :  6.86500e-09
 Reference value :  6.87300e-09
 Reference value :  6.88100e-09
 Reference value :  6.88900e-09
 Reference value :  6.89700e-09
 Reference value :  6.90500e-09
 Reference value :  6.91100e-09
 Reference value :  6.91900e-09
 Reference value :  6.92700e-09
 Reference value :  6.93500e-09
 Reference value :  6.94300e-09
 Reference value :  6.95100e-09
 Reference value :  6.95900e-09
 Reference value :  6.96500e-09
 Reference value :  6.97300e-09
 Reference value :  6.98300e-09
 Reference value :  6.99300e-09
 Reference value :  7.00100e-09
 Reference value :  7.00900e-09
 Reference value :  7.01700e-09
 Reference value :  7.02500e-09
 Reference value :  7.03300e-09
 Reference value :  7.03900e-09
 Reference value :  7.04500e-09
 Reference value :  7.05300e-09
 Reference value :  7.06100e-09
 Reference value :  7.06700e-09
 Reference value :  7.07500e-09
 Reference value :  7.08100e-09
 Reference value :  7.08900e-09
 Reference value :  7.09700e-09
 Reference value :  7.10300e-09
 Reference value :  7.10900e-09
 Reference value :  7.11500e-09
 Reference value :  7.12100e-09
 Reference value :  7.12700e-09
 Reference value :  7.13300e-09
 Reference value :  7.14100e-09
 Reference value :  7.14700e-09
 Reference value :  7.15500e-09
 Reference value :  7.16100e-09
 Reference value :  7.16700e-09
 Reference value :  7.17300e-09
 Reference value :  7.17900e-09
 Reference value :  7.18500e-09
 Reference value :  7.19300e-09
 Reference value :  7.19900e-09
 Reference value :  7.20700e-09
 Reference value :  7.21300e-09
 Reference value :  7.21900e-09
 Reference value :  7.22500e-09
 Reference value :  7.23100e-09
 Reference value :  7.23700e-09
 Reference value :  7.24300e-09
 Reference value :  7.24900e-09
 Reference value :  7.25500e-09
 Reference value :  7.26300e-09
 Reference value :  7.26900e-09
 Reference value :  7.27700e-09
 Reference value :  7.28500e-09
 Reference value :  7.29300e-09
 Reference value :  7.30100e-09
 Reference value :  7.30900e-09
 Reference value :  7.31500e-09
 Reference value :  7.32300e-09
 Reference value :  7.33100e-09
 Reference value :  7.33900e-09
 Reference value :  7.34700e-09
 Reference value :  7.35500e-09
 Reference value :  7.36300e-09
 Reference value :  7.36900e-09
 Reference value :  7.37700e-09
 Reference value :  7.38500e-09
 Reference value :  7.39100e-09
 Reference value :  7.39900e-09
 Reference value :  7.40700e-09
 Reference value :  7.41500e-09
 Reference value :  7.42100e-09
 Reference value :  7.42700e-09
 Reference value :  7.43500e-09
 Reference value :  7.44300e-09
 Reference value :  7.44900e-09
 Reference value :  7.45500e-09
 Reference value :  7.46100e-09
 Reference value :  7.46700e-09
 Reference value :  7.47500e-09
 Reference value :  7.48100e-09
 Reference value :  7.48700e-09
 Reference value :  7.49500e-09
 Reference value :  7.50100e-09
 Reference value :  7.50700e-09
 Reference value :  7.51300e-09
 Reference value :  7.52100e-09
 Reference value :  7.52900e-09
 Reference value :  7.53700e-09
 Reference value :  7.54300e-09
 Reference value :  7.54900e-09
 Reference value :  7.55500e-09
 Reference value :  7.56100e-09
 Reference value :  7.56700e-09
 Reference value :  7.57500e-09
 Reference value :  7.58100e-09
 Reference value :  7.58900e-09
 Reference value :  7.59500e-09
 Reference value :  7.60000e-09
No. of Data Rows : 3814
Note: Simulation executed from .control section 
