
Note: Compatibility modes selected: hs a


Circuit: * comparator-decision offset pick-off -- vindiff=0.0mv corner=ff temp=27.0c seed=14 (issue #9)

option SCALE: Scale is set to 1e-06 for instance and model parameters
option SCALE: Scale is set to 1e-06 for instance and model parameters
option SCALE: Scale is set to 1e-06 for instance and model parameters
option SCALE: Scale is set to 1e-06 for instance and model parameters
Doing analysis at TEMP = 27.000000 and TNOM = 27.000000

Using KLU as Direct Linear Solver
 Reference value :  0.00000e+00
 Reference value :  1.60000e-13
 Reference value :  2.56000e-12
 Reference value :  1.05600e-11
 Reference value :  5.68560e-10
 Reference value :  1.09856e-09
 Reference value :  1.77656e-09
 Reference value :  2.74856e-09
 Reference value :  2.75456e-09
 Reference value :  2.76256e-09
 Reference value :  2.76856e-09
 Reference value :  2.77856e-09
 Reference value :  2.78656e-09
 Reference value :  2.79456e-09
 Reference value :  2.80256e-09
 Reference value :  2.80856e-09
 Reference value :  2.81656e-09
 Reference value :  2.82256e-09
 Reference value :  2.82856e-09
 Reference value :  2.83656e-09
 Reference value :  3.56856e-09
 Reference value :  4.05256e-09
 Reference value :  4.06056e-09
 Reference value :  4.06656e-09
 Reference value :  4.07456e-09
 Reference value :  4.08256e-09
 Reference value :  4.08856e-09
 Reference value :  4.09456e-09
 Reference value :  4.10256e-09
 Reference value :  4.11056e-09
 Reference value :  4.11856e-09
 Reference value :  4.12656e-09
 Reference value :  4.13456e-09
 Reference value :  4.14256e-09
 Reference value :  4.14856e-09
 Reference value :  4.15656e-09
 Reference value :  4.16456e-09
 Reference value :  4.28656e-09
 Reference value :  4.47056e-09
 Reference value :  4.99828e-09
 Reference value :  5.09100e-09
 Reference value :  5.09850e-09
 Reference value :  5.10060e-09
 Reference value :  5.10700e-09
 Reference value :  5.11700e-09
 Reference value :  5.12500e-09
 Reference value :  5.13300e-09
 Reference value :  5.14100e-09
 Reference value :  5.14900e-09
 Reference value :  5.15500e-09
 Reference value :  5.16300e-09
 Reference value :  5.16900e-09
 Reference value :  5.17700e-09
 Reference value :  5.18300e-09
 Reference value :  5.18900e-09
 Reference value :  5.19700e-09
 Reference value :  5.20500e-09
 Reference value :  5.21500e-09
 Reference value :  5.22300e-09
 Reference value :  5.23100e-09
 Reference value :  5.23700e-09
 Reference value :  5.24500e-09
 Reference value :  5.25100e-09
 Reference value :  5.25900e-09
 Reference value :  5.26700e-09
 Reference value :  5.27500e-09
 Reference value :  5.28300e-09
 Reference value :  5.29100e-09
 Reference value :  5.29900e-09
 Reference value :  5.30500e-09
 Reference value :  5.31100e-09
 Reference value :  5.31900e-09
 Reference value :  5.32500e-09
 Reference value :  5.33100e-09
 Reference value :  5.33900e-09
 Reference value :  5.34700e-09
 Reference value :  5.35500e-09
 Reference value :  5.36300e-09
 Reference value :  5.37100e-09
 Reference value :  5.37900e-09
 Reference value :  5.38700e-09
 Reference value :  5.39500e-09
 Reference value :  5.40300e-09
 Reference value :  5.41100e-09
 Reference value :  5.41900e-09
 Reference value :  5.42500e-09
 Reference value :  5.43300e-09
 Reference value :  5.44100e-09
 Reference value :  5.44900e-09
 Reference value :  5.45700e-09
 Reference value :  5.46500e-09
 Reference value :  5.47300e-09
 Reference value :  5.48100e-09
 Reference value :  5.48900e-09
 Reference value :  5.49700e-09
 Reference value :  5.50500e-09
 Reference value :  5.51300e-09
 Reference value :  5.52100e-09
 Reference value :  5.52900e-09
 Reference value :  5.53700e-09
 Reference value :  5.54300e-09
 Reference value :  5.55100e-09
 Reference value :  5.55900e-09
 Reference value :  5.56700e-09
 Reference value :  5.57500e-09
 Reference value :  5.58300e-09
 Reference value :  5.58900e-09
 Reference value :  5.59700e-09
 Reference value :  5.60500e-09
 Reference value :  5.61300e-09
 Reference value :  5.62100e-09
 Reference value :  5.62700e-09
 Reference value :  5.63500e-09
 Reference value :  5.64300e-09
 Reference value :  5.65100e-09
 Reference value :  5.65900e-09
 Reference value :  5.66700e-09
 Reference value :  5.67300e-09
 Reference value :  5.68100e-09
 Reference value :  5.68900e-09
 Reference value :  5.69700e-09
 Reference value :  5.70700e-09
 Reference value :  5.71500e-09
 Reference value :  5.72300e-09
 Reference value :  5.73100e-09
 Reference value :  5.73900e-09
 Reference value :  5.74700e-09
 Reference value :  5.75500e-09
 Reference value :  5.76300e-09
 Reference value :  5.76900e-09
 Reference value :  5.77500e-09
 Reference value :  5.78300e-09
 Reference value :  5.79100e-09
 Reference value :  5.79900e-09
 Reference value :  5.80500e-09
 Reference value :  5.81300e-09
 Reference value :  5.82100e-09
 Reference value :  5.82900e-09
 Reference value :  5.83700e-09
 Reference value :  5.84700e-09
 Reference value :  5.85500e-09
 Reference value :  5.86100e-09
 Reference value :  5.86700e-09
 Reference value :  5.87500e-09
 Reference value :  5.88100e-09
 Reference value :  5.88900e-09
 Reference value :  5.89700e-09
 Reference value :  5.90500e-09
 Reference value :  5.91300e-09
 Reference value :  5.91900e-09
 Reference value :  5.92500e-09
 Reference value :  5.93300e-09
 Reference value :  5.93900e-09
 Reference value :  5.94700e-09
 Reference value :  5.95500e-09
 Reference value :  5.96300e-09
 Reference value :  5.97100e-09
 Reference value :  5.97700e-09
 Reference value :  5.98300e-09
 Reference value :  5.99100e-09
 Reference value :  5.99700e-09
 Reference value :  6.00500e-09
 Reference value :  6.01100e-09
 Reference value :  6.01700e-09
 Reference value :  6.02500e-09
 Reference value :  6.03300e-09
 Reference value :  6.04300e-09
 Reference value :  6.04900e-09
 Reference value :  6.05700e-09
 Reference value :  6.06300e-09
 Reference value :  6.07100e-09
 Reference value :  6.07900e-09
 Reference value :  6.08500e-09
 Reference value :  6.09300e-09
 Reference value :  6.10100e-09
 Reference value :  6.10900e-09
 Reference value :  6.11700e-09
 Reference value :  6.12500e-09
 Reference value :  6.13100e-09
 Reference value :  6.13700e-09
 Reference value :  6.14500e-09
 Reference value :  6.15300e-09
 Reference value :  6.16100e-09
 Reference value :  6.16900e-09
 Reference value :  6.17700e-09
 Reference value :  6.18300e-09
 Reference value :  6.19100e-09
 Reference value :  6.19900e-09
 Reference value :  6.20500e-09
 Reference value :  6.21100e-09
 Reference value :  6.21700e-09
 Reference value :  6.22500e-09
 Reference value :  6.23500e-09
 Reference value :  6.24300e-09
 Reference value :  6.25100e-09
 Reference value :  6.25900e-09
 Reference value :  6.26700e-09
 Reference value :  6.27500e-09
 Reference value :  6.28300e-09
 Reference value :  6.29100e-09
 Reference value :  6.29900e-09
 Reference value :  6.30700e-09
 Reference value :  6.31300e-09
 Reference value :  6.32100e-09
 Reference value :  6.32900e-09
 Reference value :  6.33700e-09
 Reference value :  6.34700e-09
 Reference value :  6.35500e-09
 Reference value :  6.36300e-09
 Reference value :  6.37300e-09
 Reference value :  6.38100e-09
 Reference value :  6.38900e-09
 Reference value :  6.39700e-09
 Reference value :  6.40700e-09
 Reference value :  6.41500e-09
 Reference value :  6.42300e-09
 Reference value :  6.43100e-09
 Reference value :  6.43900e-09
 Reference value :  6.44700e-09
 Reference value :  6.45500e-09
 Reference value :  6.46300e-09
 Reference value :  6.47300e-09
 Reference value :  6.48100e-09
 Reference value :  6.49100e-09
 Reference value :  6.49900e-09
 Reference value :  6.50900e-09
 Reference value :  6.51900e-09
 Reference value :  6.52900e-09
 Reference value :  6.53700e-09
 Reference value :  6.54300e-09
 Reference value :  6.55100e-09
 Reference value :  6.55900e-09
 Reference value :  6.56700e-09
 Reference value :  6.57500e-09
 Reference value :  6.58100e-09
 Reference value :  6.58900e-09
 Reference value :  6.59700e-09
 Reference value :  6.60500e-09
 Reference value :  6.61100e-09
 Reference value :  6.61900e-09
 Reference value :  6.62700e-09
 Reference value :  6.63300e-09
 Reference value :  6.64300e-09
 Reference value :  6.65300e-09
 Reference value :  6.66100e-09
 Reference value :  6.67100e-09
 Reference value :  6.67900e-09
 Reference value :  6.69100e-09
 Reference value :  6.69900e-09
 Reference value :  6.70700e-09
 Reference value :  6.71500e-09
 Reference value :  6.72300e-09
 Reference value :  6.73100e-09
 Reference value :  6.73900e-09
 Reference value :  6.74700e-09
 Reference value :  6.75700e-09
 Reference value :  6.76700e-09
 Reference value :  6.77500e-09
 Reference value :  6.78300e-09
 Reference value :  6.79300e-09
 Reference value :  6.80300e-09
 Reference value :  6.81100e-09
 Reference value :  6.81900e-09
 Reference value :  6.82700e-09
 Reference value :  6.83500e-09
 Reference value :  6.84300e-09
 Reference value :  6.85100e-09
 Reference value :  6.85900e-09
 Reference value :  6.86700e-09
 Reference value :  6.87700e-09
 Reference value :  6.88500e-09
 Reference value :  6.89300e-09
 Reference value :  6.89900e-09
 Reference value :  6.90700e-09
 Reference value :  6.91500e-09
 Reference value :  6.92300e-09
 Reference value :  6.93100e-09
 Reference value :  6.93700e-09
 Reference value :  6.94500e-09
 Reference value :  6.95300e-09
 Reference value :  6.96100e-09
 Reference value :  6.96900e-09
 Reference value :  6.97700e-09
 Reference value :  6.98500e-09
 Reference value :  6.99300e-09
 Reference value :  7.00100e-09
 Reference value :  7.00900e-09
 Reference value :  7.01700e-09
 Reference value :  7.02300e-09
 Reference value :  7.03100e-09
 Reference value :  7.04100e-09
 Reference value :  7.04900e-09
 Reference value :  7.05500e-09
 Reference value :  7.06300e-09
 Reference value :  7.07300e-09
 Reference value :  7.08100e-09
 Reference value :  7.08900e-09
 Reference value :  7.09500e-09
 Reference value :  7.10300e-09
 Reference value :  7.11100e-09
 Reference value :  7.11900e-09
 Reference value :  7.12700e-09
 Reference value :  7.13300e-09
 Reference value :  7.14100e-09
 Reference value :  7.14900e-09
 Reference value :  7.15700e-09
 Reference value :  7.16500e-09
 Reference value :  7.17100e-09
 Reference value :  7.17900e-09
 Reference value :  7.18500e-09
 Reference value :  7.19500e-09
 Reference value :  7.20300e-09
 Reference value :  7.21300e-09
 Reference value :  7.22100e-09
 Reference value :  7.23100e-09
 Reference value :  7.23900e-09
 Reference value :  7.24700e-09
 Reference value :  7.25700e-09
 Reference value :  7.26500e-09
 Reference value :  7.27300e-09
 Reference value :  7.28100e-09
 Reference value :  7.28900e-09
 Reference value :  7.29500e-09
 Reference value :  7.30300e-09
 Reference value :  7.30900e-09
 Reference value :  7.31900e-09
 Reference value :  7.32500e-09
 Reference value :  7.33100e-09
 Reference value :  7.33900e-09
 Reference value :  7.34700e-09
 Reference value :  7.35300e-09
 Reference value :  7.36100e-09
 Reference value :  7.36900e-09
 Reference value :  7.37500e-09
 Reference value :  7.38100e-09
 Reference value :  7.38700e-09
 Reference value :  7.39500e-09
 Reference value :  7.40300e-09
 Reference value :  7.41100e-09
 Reference value :  7.41900e-09
 Reference value :  7.42700e-09
 Reference value :  7.43500e-09
 Reference value :  7.44300e-09
 Reference value :  7.45100e-09
 Reference value :  7.45900e-09
 Reference value :  7.46700e-09
 Reference value :  7.47300e-09
 Reference value :  7.48100e-09
 Reference value :  7.48900e-09
 Reference value :  7.49700e-09
 Reference value :  7.50500e-09
 Reference value :  7.51300e-09
 Reference value :  7.52100e-09
 Reference value :  7.52700e-09
 Reference value :  7.53300e-09
 Reference value :  7.54100e-09
 Reference value :  7.54900e-09
 Reference value :  7.55500e-09
 Reference value :  7.56300e-09
 Reference value :  7.57100e-09
 Reference value :  7.57900e-09
 Reference value :  7.58700e-09
 Reference value :  7.59500e-09
No. of Data Rows : 3814
Note: Simulation executed from .control section 
