
Note: Compatibility modes selected: hs a


Circuit: * comparator-decision offset pick-off -- vindiff=0.0mv corner=ff temp=27.0c seed=15 (issue #9)

option SCALE: Scale is set to 1e-06 for instance and model parameters
option SCALE: Scale is set to 1e-06 for instance and model parameters
option SCALE: Scale is set to 1e-06 for instance and model parameters
option SCALE: Scale is set to 1e-06 for instance and model parameters
Doing analysis at TEMP = 27.000000 and TNOM = 27.000000

Using KLU as Direct Linear Solver
 Reference value :  0.00000e+00
 Reference value :  1.60000e-13
 Reference value :  2.56000e-12
 Reference value :  1.05600e-11
 Reference value :  1.85600e-11
 Reference value :  2.45600e-11
 Reference value :  3.25600e-11
 Reference value :  4.05600e-11
 Reference value :  4.85600e-11
 Reference value :  5.65600e-11
 Reference value :  6.45600e-11
 Reference value :  7.25600e-11
 Reference value :  7.85600e-11
 Reference value :  8.45600e-11
 Reference value :  9.25600e-11
 Reference value :  1.00560e-10
 Reference value :  1.08560e-10
 Reference value :  1.16560e-10
 Reference value :  1.24560e-10
 Reference value :  1.32560e-10
 Reference value :  1.40560e-10
 Reference value :  1.46560e-10
 Reference value :  1.54560e-10
 Reference value :  1.62560e-10
 Reference value :  1.70560e-10
 Reference value :  1.78560e-10
 Reference value :  1.86560e-10
 Reference value :  1.94560e-10
 Reference value :  2.00560e-10
 Reference value :  2.10560e-10
 Reference value :  2.16560e-10
 Reference value :  2.24560e-10
 Reference value :  2.32560e-10
 Reference value :  2.38560e-10
 Reference value :  2.46560e-10
 Reference value :  2.52560e-10
 Reference value :  2.60560e-10
 Reference value :  2.68560e-10
 Reference value :  2.74560e-10
 Reference value :  2.82560e-10
 Reference value :  2.90560e-10
 Reference value :  2.98560e-10
 Reference value :  3.06560e-10
 Reference value :  3.14560e-10
 Reference value :  3.22560e-10
 Reference value :  3.30560e-10
 Reference value :  3.38560e-10
 Reference value :  3.46560e-10
 Reference value :  3.54560e-10
 Reference value :  3.62560e-10
 Reference value :  3.70560e-10
 Reference value :  3.78560e-10
 Reference value :  3.86560e-10
 Reference value :  3.94560e-10
 Reference value :  4.04560e-10
 Reference value :  4.12560e-10
 Reference value :  4.20560e-10
 Reference value :  4.28560e-10
 Reference value :  4.38560e-10
 Reference value :  4.46560e-10
 Reference value :  4.54560e-10
 Reference value :  4.62560e-10
 Reference value :  4.72560e-10
 Reference value :  4.80560e-10
 Reference value :  4.88560e-10
 Reference value :  4.96560e-10
 Reference value :  5.04560e-10
 Reference value :  5.12560e-10
 Reference value :  5.20560e-10
 Reference value :  5.26560e-10
 Reference value :  5.34560e-10
 Reference value :  5.44560e-10
 Reference value :  5.54560e-10
 Reference value :  5.62560e-10
 Reference value :  5.70560e-10
 Reference value :  5.78560e-10
 Reference value :  5.86560e-10
 Reference value :  5.92560e-10
 Reference value :  6.00560e-10
 Reference value :  6.08560e-10
 Reference value :  6.16560e-10
 Reference value :  6.22560e-10
 Reference value :  6.30560e-10
 Reference value :  6.38560e-10
 Reference value :  6.44560e-10
 Reference value :  6.52560e-10
 Reference value :  6.62560e-10
 Reference value :  6.70560e-10
 Reference value :  6.78560e-10
 Reference value :  6.84560e-10
 Reference value :  6.92560e-10
 Reference value :  7.00560e-10
 Reference value :  7.08560e-10
 Reference value :  7.16560e-10
 Reference value :  7.24560e-10
 Reference value :  7.32560e-10
 Reference value :  7.42560e-10
 Reference value :  7.50560e-10
 Reference value :  7.60560e-10
 Reference value :  7.70560e-10
 Reference value :  7.78560e-10
 Reference value :  7.86560e-10
 Reference value :  7.94560e-10
 Reference value :  8.02560e-10
 Reference value :  8.10560e-10
 Reference value :  8.16560e-10
 Reference value :  8.24560e-10
 Reference value :  8.32560e-10
 Reference value :  8.40560e-10
 Reference value :  8.46560e-10
 Reference value :  8.52560e-10
 Reference value :  8.58560e-10
 Reference value :  8.64560e-10
 Reference value :  8.72560e-10
 Reference value :  8.80560e-10
 Reference value :  8.88560e-10
 Reference value :  8.94560e-10
 Reference value :  9.02560e-10
 Reference value :  9.08560e-10
 Reference value :  9.16560e-10
 Reference value :  9.24560e-10
 Reference value :  9.32560e-10
 Reference value :  9.40560e-10
 Reference value :  9.48560e-10
 Reference value :  9.56560e-10
 Reference value :  9.66560e-10
 Reference value :  9.72560e-10
 Reference value :  9.80560e-10
 Reference value :  9.88560e-10
 Reference value :  9.94560e-10
 Reference value :  1.00256e-09
 Reference value :  1.01056e-09
 Reference value :  1.01856e-09
 Reference value :  1.07656e-09
 Reference value :  1.08256e-09
 Reference value :  1.09056e-09
 Reference value :  1.09656e-09
 Reference value :  1.10256e-09
 Reference value :  1.11056e-09
 Reference value :  1.11656e-09
 Reference value :  1.12456e-09
 Reference value :  1.13256e-09
 Reference value :  1.14056e-09
 Reference value :  1.14656e-09
 Reference value :  1.15456e-09
 Reference value :  1.16056e-09
 Reference value :  1.16856e-09
 Reference value :  1.17656e-09
 Reference value :  1.18456e-09
 Reference value :  1.19056e-09
 Reference value :  1.19856e-09
 Reference value :  1.20656e-09
 Reference value :  1.21456e-09
 Reference value :  1.22256e-09
 Reference value :  1.22856e-09
 Reference value :  1.23656e-09
 Reference value :  1.24456e-09
 Reference value :  1.25256e-09
 Reference value :  1.25856e-09
 Reference value :  1.26656e-09
 Reference value :  1.27256e-09
 Reference value :  1.27856e-09
 Reference value :  1.28656e-09
 Reference value :  1.29456e-09
 Reference value :  1.30056e-09
 Reference value :  1.32656e-09
 Reference value :  1.33456e-09
 Reference value :  1.34256e-09
 Reference value :  1.35056e-09
 Reference value :  1.35856e-09
 Reference value :  1.36656e-09
 Reference value :  1.37456e-09
 Reference value :  1.72056e-09
 Reference value :  1.72856e-09
 Reference value :  1.73656e-09
 Reference value :  1.74256e-09
 Reference value :  1.75056e-09
 Reference value :  1.75656e-09
 Reference value :  1.76456e-09
 Reference value :  1.77056e-09
 Reference value :  1.77656e-09
 Reference value :  1.78456e-09
 Reference value :  1.79256e-09
 Reference value :  1.80056e-09
 Reference value :  1.80856e-09
 Reference value :  2.14856e-09
 Reference value :  2.15456e-09
 Reference value :  2.16256e-09
 Reference value :  2.17056e-09
 Reference value :  2.17856e-09
 Reference value :  2.18456e-09
 Reference value :  2.19256e-09
 Reference value :  2.19856e-09
 Reference value :  2.20656e-09
 Reference value :  2.21256e-09
 Reference value :  2.22056e-09
 Reference value :  2.22656e-09
 Reference value :  2.23456e-09
 Reference value :  2.46656e-09
 Reference value :  3.38456e-09
 Reference value :  4.26056e-09
 Reference value :  5.01900e-09
 Reference value :  5.11100e-09
 Reference value :  5.15500e-09
 Reference value :  5.16100e-09
 Reference value :  5.16900e-09
 Reference value :  5.17500e-09
 Reference value :  5.18300e-09
 Reference value :  5.19100e-09
 Reference value :  5.19700e-09
 Reference value :  5.20500e-09
 Reference value :  5.49500e-09
 Reference value :  6.36900e-09
 Reference value :  6.62300e-09
 Reference value :  6.62900e-09
 Reference value :  6.63700e-09
 Reference value :  6.64500e-09
 Reference value :  6.65100e-09
 Reference value :  6.65900e-09
 Reference value :  6.66700e-09
 Reference value :  6.67500e-09
 Reference value :  6.68100e-09
 Reference value :  6.68900e-09
 Reference value :  6.69700e-09
 Reference value :  6.70300e-09
 Reference value :  6.71100e-09
 Reference value :  6.71900e-09
 Reference value :  6.72700e-09
 Reference value :  6.73500e-09
 Reference value :  6.79700e-09
 Reference value :  6.81900e-09
 Reference value :  6.82500e-09
 Reference value :  6.83300e-09
 Reference value :  6.84100e-09
 Reference value :  6.84900e-09
 Reference value :  6.85900e-09
 Reference value :  6.86700e-09
 Reference value :  6.87500e-09
 Reference value :  6.88300e-09
 Reference value :  6.89100e-09
 Reference value :  6.89900e-09
 Reference value :  6.90500e-09
 Reference value :  6.91300e-09
 Reference value :  6.91900e-09
 Reference value :  6.92700e-09
 Reference value :  6.93500e-09
 Reference value :  6.94100e-09
 Reference value :  6.94900e-09
 Reference value :  6.95700e-09
 Reference value :  6.96500e-09
 Reference value :  6.97300e-09
 Reference value :  6.98100e-09
 Reference value :  6.98900e-09
 Reference value :  6.99700e-09
 Reference value :  7.00500e-09
 Reference value :  7.01300e-09
 Reference value :  7.02100e-09
 Reference value :  7.02900e-09
 Reference value :  7.03500e-09
 Reference value :  7.04300e-09
 Reference value :  7.05100e-09
 Reference value :  7.05700e-09
 Reference value :  7.06500e-09
 Reference value :  7.47900e-09
No. of Data Rows : 3814
Note: Simulation executed from .control section 
