
Note: Compatibility modes selected: hs a


Circuit: * comparator-decision offset pick-off -- vindiff=0.0mv corner=ff temp=27.0c seed=7 (issue #9)

option SCALE: Scale is set to 1e-06 for instance and model parameters
option SCALE: Scale is set to 1e-06 for instance and model parameters
option SCALE: Scale is set to 1e-06 for instance and model parameters
option SCALE: Scale is set to 1e-06 for instance and model parameters
Doing analysis at TEMP = 27.000000 and TNOM = 27.000000

Using KLU as Direct Linear Solver
 Reference value :  0.00000e+00
 Reference value :  8.00000e-14
 Reference value :  1.28000e-12
 Reference value :  8.56000e-12
 Reference value :  1.45600e-11
 Reference value :  2.25600e-11
 Reference value :  3.05600e-11
 Reference value :  3.85600e-11
 Reference value :  4.65600e-11
 Reference value :  5.45600e-11
 Reference value :  6.05600e-11
 Reference value :  6.85600e-11
 Reference value :  7.65600e-11
 Reference value :  8.45600e-11
 Reference value :  9.25600e-11
 Reference value :  1.00560e-10
 Reference value :  1.08560e-10
 Reference value :  1.14560e-10
 Reference value :  1.20560e-10
 Reference value :  1.28560e-10
 Reference value :  1.34560e-10
 Reference value :  1.40560e-10
 Reference value :  1.48560e-10
 Reference value :  1.54560e-10
 Reference value :  1.60560e-10
 Reference value :  2.00560e-10
 Reference value :  2.08560e-10
 Reference value :  2.14560e-10
 Reference value :  2.20560e-10
 Reference value :  2.26560e-10
 Reference value :  2.32560e-10
 Reference value :  2.38560e-10
 Reference value :  2.44560e-10
 Reference value :  2.52560e-10
 Reference value :  2.58560e-10
 Reference value :  2.66560e-10
 Reference value :  2.72560e-10
 Reference value :  2.80560e-10
 Reference value :  2.88560e-10
 Reference value :  2.94560e-10
 Reference value :  3.02560e-10
 Reference value :  3.12560e-10
 Reference value :  3.18560e-10
 Reference value :  3.26560e-10
 Reference value :  3.34560e-10
 Reference value :  3.42560e-10
 Reference value :  3.48560e-10
 Reference value :  3.54560e-10
 Reference value :  3.60560e-10
 Reference value :  3.66560e-10
 Reference value :  3.74560e-10
 Reference value :  3.80560e-10
 Reference value :  3.86560e-10
 Reference value :  3.92560e-10
 Reference value :  3.98560e-10
 Reference value :  4.04560e-10
 Reference value :  4.10560e-10
 Reference value :  4.16560e-10
 Reference value :  4.24560e-10
 Reference value :  4.32560e-10
 Reference value :  4.40560e-10
 Reference value :  4.46560e-10
 Reference value :  4.54560e-10
 Reference value :  4.60560e-10
 Reference value :  4.68560e-10
 Reference value :  4.76560e-10
 Reference value :  4.82560e-10
 Reference value :  4.90560e-10
 Reference value :  4.98560e-10
 Reference value :  5.06560e-10
 Reference value :  5.12560e-10
 Reference value :  5.18560e-10
 Reference value :  5.24560e-10
 Reference value :  5.30560e-10
 Reference value :  5.38560e-10
 Reference value :  5.46560e-10
 Reference value :  5.52560e-10
 Reference value :  5.60560e-10
 Reference value :  5.68560e-10
 Reference value :  5.76560e-10
 Reference value :  5.82560e-10
 Reference value :  5.90560e-10
 Reference value :  5.96560e-10
 Reference value :  6.04560e-10
 Reference value :  6.12560e-10
 Reference value :  6.20560e-10
 Reference value :  6.26560e-10
 Reference value :  6.34560e-10
 Reference value :  6.40560e-10
 Reference value :  6.48560e-10
 Reference value :  6.56560e-10
 Reference value :  6.62560e-10
 Reference value :  6.70560e-10
 Reference value :  6.76560e-10
 Reference value :  6.82560e-10
 Reference value :  6.88560e-10
 Reference value :  6.94560e-10
 Reference value :  7.02560e-10
 Reference value :  7.10560e-10
 Reference value :  7.16560e-10
 Reference value :  7.24560e-10
 Reference value :  7.30560e-10
 Reference value :  7.36560e-10
 Reference value :  7.42560e-10
 Reference value :  7.48560e-10
 Reference value :  7.56560e-10
 Reference value :  7.64560e-10
 Reference value :  7.70560e-10
 Reference value :  7.78560e-10
 Reference value :  7.86560e-10
 Reference value :  7.94560e-10
 Reference value :  8.02560e-10
 Reference value :  8.10560e-10
 Reference value :  8.18560e-10
 Reference value :  8.24560e-10
 Reference value :  8.32560e-10
 Reference value :  8.40560e-10
 Reference value :  8.48560e-10
 Reference value :  8.56560e-10
 Reference value :  8.64560e-10
 Reference value :  8.70560e-10
 Reference value :  8.78560e-10
 Reference value :  8.86560e-10
 Reference value :  8.94560e-10
 Reference value :  9.00560e-10
 Reference value :  9.08560e-10
 Reference value :  9.14560e-10
 Reference value :  9.22560e-10
 Reference value :  9.30560e-10
 Reference value :  9.38560e-10
 Reference value :  9.44560e-10
 Reference value :  9.52560e-10
 Reference value :  9.60560e-10
 Reference value :  9.66560e-10
 Reference value :  9.74560e-10
 Reference value :  9.80560e-10
 Reference value :  9.88560e-10
 Reference value :  9.96560e-10
 Reference value :  1.00456e-09
 Reference value :  1.01256e-09
 Reference value :  1.02056e-09
 Reference value :  1.02856e-09
 Reference value :  1.03456e-09
 Reference value :  1.16256e-09
 Reference value :  1.17056e-09
 Reference value :  1.17856e-09
 Reference value :  1.18456e-09
 Reference value :  1.19456e-09
 Reference value :  1.20256e-09
 Reference value :  1.20856e-09
 Reference value :  1.21456e-09
 Reference value :  1.22056e-09
 Reference value :  1.60456e-09
 Reference value :  1.84056e-09
 Reference value :  1.84856e-09
 Reference value :  2.36656e-09
 Reference value :  2.71056e-09
 Reference value :  2.71856e-09
 Reference value :  2.72656e-09
 Reference value :  2.73256e-09
 Reference value :  2.73856e-09
 Reference value :  2.74456e-09
 Reference value :  2.75256e-09
 Reference value :  2.76056e-09
 Reference value :  2.76856e-09
 Reference value :  2.77656e-09
 Reference value :  2.78256e-09
 Reference value :  2.79056e-09
 Reference value :  2.79856e-09
 Reference value :  2.80456e-09
 Reference value :  2.81056e-09
 Reference value :  2.81856e-09
 Reference value :  2.82456e-09
 Reference value :  2.83256e-09
 Reference value :  3.44256e-09
 Reference value :  3.52656e-09
 Reference value :  3.53456e-09
 Reference value :  3.84056e-09
 Reference value :  3.84856e-09
 Reference value :  3.96656e-09
 Reference value :  4.01056e-09
 Reference value :  4.65256e-09
 Reference value :  5.03300e-09
 Reference value :  5.04100e-09
 Reference value :  5.05100e-09
 Reference value :  5.05700e-09
 Reference value :  5.07700e-09
 Reference value :  5.11100e-09
 Reference value :  5.20900e-09
 Reference value :  5.33900e-09
 Reference value :  5.53900e-09
 Reference value :  5.75300e-09
 Reference value :  5.75900e-09
 Reference value :  5.76700e-09
 Reference value :  5.77500e-09
 Reference value :  5.78100e-09
 Reference value :  5.78700e-09
 Reference value :  5.79500e-09
 Reference value :  5.91700e-09
 Reference value :  5.92300e-09
 Reference value :  5.96100e-09
 Reference value :  5.96900e-09
 Reference value :  5.97500e-09
 Reference value :  5.98100e-09
 Reference value :  5.98900e-09
 Reference value :  5.99500e-09
 Reference value :  6.00300e-09
 Reference value :  6.01100e-09
 Reference value :  6.01700e-09
 Reference value :  6.17100e-09
 Reference value :  6.33100e-09
 Reference value :  6.82900e-09
 Reference value :  6.92700e-09
No. of Data Rows : 3814
Note: Simulation executed from .control section 
