
Note: Compatibility modes selected: hs a


Circuit: * comparator-decision regen-time sweep -- vindiff=5mv corner=tt temp=27.0c (issue #9)

option SCALE: Scale is set to 1e-06 for instance and model parameters
option SCALE: Scale is set to 1e-06 for instance and model parameters
option SCALE: Scale is set to 1e-06 for instance and model parameters
option SCALE: Scale is set to 1e-06 for instance and model parameters
Doing analysis at TEMP = 27.000000 and TNOM = 27.000000

Using KLU as Direct Linear Solver
 Reference value :  0.00000e+00
 Reference value :  4.31140e-09
 Reference value :  7.17250e-09
 Reference value :  8.24250e-09
 Reference value :  8.99750e-09
 Reference value :  1.27625e-08
 Reference value :  1.60675e-08
 Reference value :  1.69525e-08
 Reference value :  1.72625e-08
 Reference value :  1.79325e-08
 Reference value :  2.18525e-08
 Reference value :  2.53525e-08
 Reference value :  2.94125e-08
 Reference value :  3.21575e-08
 Reference value :  3.31275e-08
 Reference value :  3.67625e-08
 Reference value :  3.99325e-08
 Reference value :  4.09025e-08
 Reference value :  4.33875e-08
 Reference value :  4.51000e-08
No. of Data Rows : 9034
Note: Simulation executed from .control section 
