
Note: Compatibility modes selected: hs a


Circuit: * comparator-decision regen-time sweep -- vindiff=2mv corner=tt temp=27.0c (issue #9)

option SCALE: Scale is set to 1e-06 for instance and model parameters
option SCALE: Scale is set to 1e-06 for instance and model parameters
option SCALE: Scale is set to 1e-06 for instance and model parameters
option SCALE: Scale is set to 1e-06 for instance and model parameters
Doing analysis at TEMP = 27.000000 and TNOM = 27.000000

Using KLU as Direct Linear Solver
 Reference value :  0.00000e+00
 Reference value :  4.37640e-09
 Reference value :  8.35750e-09
 Reference value :  1.29875e-08
 Reference value :  1.73125e-08
 Reference value :  2.16575e-08
 Reference value :  2.56175e-08
 Reference value :  3.00275e-08
 Reference value :  3.48625e-08
 Reference value :  3.90375e-08
 Reference value :  4.03775e-08
 Reference value :  4.19575e-08
 Reference value :  4.48875e-08
No. of Data Rows : 9034
Note: Simulation executed from .control section 
