
Note: Compatibility modes selected: hs a


Circuit: * comparator-decision regen-time sweep -- vindiff=10mv corner=tt temp=27.0c (issue #9)

option SCALE: Scale is set to 1e-06 for instance and model parameters
option SCALE: Scale is set to 1e-06 for instance and model parameters
option SCALE: Scale is set to 1e-06 for instance and model parameters
option SCALE: Scale is set to 1e-06 for instance and model parameters
Doing analysis at TEMP = 27.000000 and TNOM = 27.000000

Using KLU as Direct Linear Solver
 Reference value :  0.00000e+00
 Reference value :  2.68640e-09
 Reference value :  3.10140e-09
 Reference value :  4.67640e-09
 Reference value :  9.01250e-09
 Reference value :  1.33375e-08
 Reference value :  1.76025e-08
 Reference value :  2.19875e-08
 Reference value :  2.62175e-08
 Reference value :  2.92425e-08
 Reference value :  3.05275e-08
 Reference value :  3.27075e-08
 Reference value :  3.59125e-08
 Reference value :  4.01025e-08
 Reference value :  4.46675e-08
No. of Data Rows : 9034
Note: Simulation executed from .control section 
