
Note: Compatibility modes selected: hs a


Circuit: * comparator-decision regen-time sweep -- vindiff=20mv corner=tt temp=27.0c (issue #9)

option SCALE: Scale is set to 1e-06 for instance and model parameters
option SCALE: Scale is set to 1e-06 for instance and model parameters
option SCALE: Scale is set to 1e-06 for instance and model parameters
option SCALE: Scale is set to 1e-06 for instance and model parameters
Doing analysis at TEMP = 27.000000 and TNOM = 27.000000

Using KLU as Direct Linear Solver
 Reference value :  0.00000e+00
 Reference value :  4.42640e-09
 Reference value :  8.87750e-09
 Reference value :  1.31625e-08
 Reference value :  1.75425e-08
 Reference value :  2.17425e-08
 Reference value :  2.60775e-08
 Reference value :  2.97825e-08
 Reference value :  3.37425e-08
 Reference value :  3.82825e-08
 Reference value :  4.23925e-08
No. of Data Rows : 9034
Note: Simulation executed from .control section 
