
Note: Compatibility modes selected: hs a


Circuit: * comparator-decision regen-time sweep -- vindiff=10mv corner=ff temp=125.0c (issue #9)

option SCALE: Scale is set to 1e-06 for instance and model parameters
option SCALE: Scale is set to 1e-06 for instance and model parameters
option SCALE: Scale is set to 1e-06 for instance and model parameters
option SCALE: Scale is set to 1e-06 for instance and model parameters
Doing analysis at TEMP = 125.000000 and TNOM = 27.000000

Using KLU as Direct Linear Solver
 Reference value :  0.00000e+00
 Reference value :  8.00000e-13
 Reference value :  1.14000e-11
 Reference value :  3.14000e-11
 Reference value :  5.14000e-11
 Reference value :  7.14000e-11
 Reference value :  9.14000e-11
 Reference value :  1.16400e-10
 Reference value :  1.36400e-10
 Reference value :  1.51400e-10
 Reference value :  1.76400e-10
 Reference value :  2.01400e-10
 Reference value :  2.26400e-10
 Reference value :  2.51400e-10
 Reference value :  2.71400e-10
 Reference value :  2.91400e-10
 Reference value :  3.11400e-10
 Reference value :  3.36400e-10
 Reference value :  3.56400e-10
 Reference value :  3.81400e-10
 Reference value :  4.06400e-10
 Reference value :  4.26400e-10
 Reference value :  4.51400e-10
 Reference value :  4.71400e-10
 Reference value :  4.91400e-10
 Reference value :  5.16400e-10
 Reference value :  5.36400e-10
 Reference value :  5.56400e-10
 Reference value :  5.76400e-10
 Reference value :  5.96400e-10
 Reference value :  6.21400e-10
 Reference value :  6.46400e-10
 Reference value :  6.66400e-10
 Reference value :  6.91400e-10
 Reference value :  7.16400e-10
 Reference value :  7.36400e-10
 Reference value :  7.56400e-10
 Reference value :  7.76400e-10
 Reference value :  7.96400e-10
 Reference value :  8.16400e-10
 Reference value :  8.41400e-10
 Reference value :  8.66400e-10
 Reference value :  8.96400e-10
 Reference value :  9.21400e-10
 Reference value :  9.46400e-10
 Reference value :  9.71400e-10
 Reference value :  9.96400e-10
 Reference value :  1.01640e-09
 Reference value :  1.03640e-09
 Reference value :  1.05640e-09
 Reference value :  1.07640e-09
 Reference value :  1.09640e-09
 Reference value :  1.11640e-09
 Reference value :  1.13640e-09
 Reference value :  1.16140e-09
 Reference value :  1.18140e-09
 Reference value :  1.20640e-09
 Reference value :  1.23140e-09
 Reference value :  1.25140e-09
 Reference value :  1.27140e-09
 Reference value :  1.29140e-09
 Reference value :  1.31140e-09
 Reference value :  1.33140e-09
 Reference value :  1.35640e-09
 Reference value :  1.38140e-09
 Reference value :  1.40140e-09
 Reference value :  1.42140e-09
 Reference value :  1.45640e-09
 Reference value :  1.47640e-09
 Reference value :  1.50140e-09
 Reference value :  1.52140e-09
 Reference value :  1.54140e-09
 Reference value :  1.56640e-09
 Reference value :  1.59140e-09
 Reference value :  1.61140e-09
 Reference value :  1.63140e-09
 Reference value :  1.65140e-09
 Reference value :  1.67640e-09
 Reference value :  1.69640e-09
 Reference value :  1.71640e-09
 Reference value :  1.74140e-09
 Reference value :  1.76140e-09
 Reference value :  1.78140e-09
 Reference value :  1.79640e-09
 Reference value :  1.81640e-09
 Reference value :  1.83640e-09
 Reference value :  1.85640e-09
 Reference value :  1.88140e-09
 Reference value :  1.89640e-09
 Reference value :  1.91640e-09
 Reference value :  1.93640e-09
 Reference value :  1.95640e-09
 Reference value :  1.97140e-09
 Reference value :  1.99140e-09
 Reference value :  2.01640e-09
 Reference value :  2.03640e-09
 Reference value :  2.06140e-09
 Reference value :  2.08140e-09
 Reference value :  2.10640e-09
 Reference value :  2.12640e-09
 Reference value :  2.14640e-09
 Reference value :  2.17140e-09
 Reference value :  2.19640e-09
 Reference value :  2.21640e-09
 Reference value :  2.23640e-09
 Reference value :  2.26140e-09
 Reference value :  2.28640e-09
 Reference value :  2.31140e-09
 Reference value :  2.33140e-09
 Reference value :  2.35140e-09
 Reference value :  2.37140e-09
 Reference value :  2.38640e-09
 Reference value :  2.40140e-09
 Reference value :  2.42640e-09
 Reference value :  2.44640e-09
 Reference value :  2.46640e-09
 Reference value :  2.48640e-09
 Reference value :  2.51140e-09
 Reference value :  2.52640e-09
 Reference value :  2.54640e-09
 Reference value :  2.56640e-09
 Reference value :  2.58640e-09
 Reference value :  2.60640e-09
 Reference value :  2.62640e-09
 Reference value :  2.64640e-09
 Reference value :  2.66640e-09
 Reference value :  2.68640e-09
 Reference value :  2.71140e-09
 Reference value :  2.73140e-09
 Reference value :  2.74640e-09
 Reference value :  2.76640e-09
 Reference value :  2.79140e-09
 Reference value :  2.81640e-09
 Reference value :  2.84140e-09
 Reference value :  2.86140e-09
 Reference value :  2.88140e-09
 Reference value :  2.90140e-09
 Reference value :  2.91640e-09
 Reference value :  2.93640e-09
 Reference value :  2.95140e-09
 Reference value :  2.97640e-09
 Reference value :  2.99640e-09
 Reference value :  3.02140e-09
 Reference value :  3.04640e-09
 Reference value :  3.06140e-09
 Reference value :  3.08140e-09
 Reference value :  3.10140e-09
 Reference value :  3.12640e-09
 Reference value :  3.15140e-09
 Reference value :  3.17640e-09
 Reference value :  3.20140e-09
 Reference value :  3.22140e-09
 Reference value :  3.24640e-09
 Reference value :  3.26640e-09
 Reference value :  3.29140e-09
 Reference value :  3.31140e-09
 Reference value :  3.34140e-09
 Reference value :  3.36140e-09
 Reference value :  3.38140e-09
 Reference value :  3.40640e-09
 Reference value :  3.42640e-09
 Reference value :  3.45140e-09
 Reference value :  3.47640e-09
 Reference value :  3.50140e-09
 Reference value :  3.52640e-09
 Reference value :  3.55140e-09
 Reference value :  3.57140e-09
 Reference value :  3.59640e-09
 Reference value :  3.62140e-09
 Reference value :  3.64640e-09
 Reference value :  3.67140e-09
 Reference value :  3.69640e-09
 Reference value :  3.71640e-09
 Reference value :  3.73640e-09
 Reference value :  3.75640e-09
 Reference value :  3.77640e-09
 Reference value :  3.79640e-09
 Reference value :  3.81140e-09
 Reference value :  3.83140e-09
 Reference value :  3.86140e-09
 Reference value :  3.88140e-09
 Reference value :  3.90640e-09
 Reference value :  3.93140e-09
 Reference value :  3.96140e-09
 Reference value :  3.99640e-09
 Reference value :  4.03640e-09
 Reference value :  4.06640e-09
 Reference value :  4.08640e-09
 Reference value :  4.10640e-09
 Reference value :  4.13140e-09
 Reference value :  4.15140e-09
 Reference value :  4.16640e-09
 Reference value :  4.19140e-09
 Reference value :  4.21140e-09
 Reference value :  4.23140e-09
 Reference value :  4.25140e-09
 Reference value :  4.27640e-09
 Reference value :  4.29640e-09
 Reference value :  4.32140e-09
 Reference value :  4.34640e-09
 Reference value :  4.36640e-09
 Reference value :  4.39140e-09
 Reference value :  4.41140e-09
 Reference value :  4.43140e-09
 Reference value :  4.45640e-09
 Reference value :  4.48140e-09
 Reference value :  4.50140e-09
 Reference value :  4.52140e-09
 Reference value :  4.56140e-09
 Reference value :  4.58640e-09
 Reference value :  4.61640e-09
 Reference value :  4.64140e-09
 Reference value :  4.66140e-09
 Reference value :  4.68140e-09
 Reference value :  4.70140e-09
 Reference value :  4.72140e-09
 Reference value :  4.73640e-09
 Reference value :  4.75640e-09
 Reference value :  4.78140e-09
 Reference value :  4.80640e-09
 Reference value :  4.83140e-09
 Reference value :  4.85640e-09
 Reference value :  4.87640e-09
 Reference value :  4.89640e-09
 Reference value :  4.92140e-09
 Reference value :  4.94140e-09
 Reference value :  4.96640e-09
 Reference value :  4.98640e-09
 Reference value :  5.00050e-09
 Reference value :  5.00750e-09
 Reference value :  5.03250e-09
 Reference value :  5.05750e-09
 Reference value :  5.07750e-09
 Reference value :  5.10000e-09
 Reference value :  5.10750e-09
 Reference value :  5.13250e-09
 Reference value :  5.16250e-09
 Reference value :  5.18250e-09
 Reference value :  5.20250e-09
 Reference value :  5.22750e-09
 Reference value :  5.24250e-09
 Reference value :  5.27250e-09
 Reference value :  5.28750e-09
 Reference value :  5.30750e-09
 Reference value :  5.32750e-09
 Reference value :  5.34750e-09
 Reference value :  5.37250e-09
 Reference value :  5.39750e-09
 Reference value :  5.41750e-09
 Reference value :  5.43750e-09
 Reference value :  5.46250e-09
 Reference value :  5.48750e-09
 Reference value :  5.50750e-09
 Reference value :  5.51750e-09
 Reference value :  5.53750e-09
 Reference value :  5.55750e-09
 Reference value :  5.57750e-09
 Reference value :  5.59750e-09
 Reference value :  5.62750e-09
 Reference value :  5.64750e-09
 Reference value :  5.67250e-09
 Reference value :  5.69250e-09
 Reference value :  5.71750e-09
 Reference value :  5.73750e-09
 Reference value :  5.75750e-09
 Reference value :  5.77750e-09
 Reference value :  5.80250e-09
 Reference value :  5.82250e-09
 Reference value :  5.84250e-09
 Reference value :  5.86250e-09
 Reference value :  5.88250e-09
 Reference value :  5.90750e-09
 Reference value :  5.92750e-09
 Reference value :  5.95250e-09
 Reference value :  5.97750e-09
 Reference value :  6.00250e-09
 Reference value :  6.02250e-09
 Reference value :  6.04250e-09
 Reference value :  6.06250e-09
 Reference value :  6.08250e-09
 Reference value :  6.10250e-09
 Reference value :  6.11750e-09
 Reference value :  6.13750e-09
 Reference value :  6.16250e-09
 Reference value :  6.18250e-09
 Reference value :  6.19750e-09
 Reference value :  6.21750e-09
 Reference value :  6.24250e-09
 Reference value :  6.26250e-09
 Reference value :  6.28250e-09
 Reference value :  6.30750e-09
 Reference value :  6.33250e-09
 Reference value :  6.35750e-09
 Reference value :  6.37750e-09
 Reference value :  6.39750e-09
 Reference value :  6.41750e-09
 Reference value :  6.43750e-09
 Reference value :  6.46250e-09
 Reference value :  6.48250e-09
 Reference value :  6.50250e-09
 Reference value :  6.52750e-09
 Reference value :  6.54750e-09
 Reference value :  6.57250e-09
 Reference value :  6.59750e-09
 Reference value :  6.62250e-09
 Reference value :  6.64250e-09
 Reference value :  6.66250e-09
 Reference value :  6.67750e-09
 Reference value :  6.69750e-09
 Reference value :  6.72250e-09
 Reference value :  6.75250e-09
 Reference value :  6.76750e-09
 Reference value :  6.78750e-09
 Reference value :  6.81750e-09
 Reference value :  6.84250e-09
 Reference value :  6.86750e-09
 Reference value :  6.89250e-09
 Reference value :  6.91250e-09
 Reference value :  6.92750e-09
 Reference value :  6.95750e-09
 Reference value :  6.98750e-09
 Reference value :  7.01250e-09
 Reference value :  7.03250e-09
 Reference value :  7.05750e-09
 Reference value :  7.07750e-09
 Reference value :  7.10250e-09
 Reference value :  7.12250e-09
 Reference value :  7.14250e-09
 Reference value :  7.16250e-09
 Reference value :  7.17750e-09
 Reference value :  7.20250e-09
 Reference value :  7.22750e-09
 Reference value :  7.25250e-09
 Reference value :  7.27250e-09
 Reference value :  7.29250e-09
 Reference value :  7.31750e-09
 Reference value :  7.34250e-09
 Reference value :  7.36750e-09
 Reference value :  7.39250e-09
 Reference value :  7.41750e-09
 Reference value :  7.43750e-09
 Reference value :  7.46250e-09
 Reference value :  7.48250e-09
 Reference value :  7.50250e-09
 Reference value :  7.53250e-09
 Reference value :  7.55750e-09
 Reference value :  7.58250e-09
 Reference value :  7.60250e-09
 Reference value :  7.62750e-09
 Reference value :  7.65250e-09
 Reference value :  7.67250e-09
 Reference value :  7.69750e-09
 Reference value :  7.72250e-09
 Reference value :  7.74750e-09
 Reference value :  7.77750e-09
 Reference value :  7.79750e-09
 Reference value :  7.81750e-09
 Reference value :  7.83750e-09
 Reference value :  7.86250e-09
 Reference value :  7.88750e-09
 Reference value :  7.91750e-09
 Reference value :  7.94250e-09
 Reference value :  7.96250e-09
 Reference value :  7.98750e-09
 Reference value :  8.00250e-09
 Reference value :  8.03250e-09
 Reference value :  8.05250e-09
 Reference value :  8.07750e-09
 Reference value :  8.10250e-09
 Reference value :  8.12250e-09
 Reference value :  8.14250e-09
 Reference value :  8.16750e-09
 Reference value :  8.18750e-09
 Reference value :  8.20250e-09
 Reference value :  8.22250e-09
 Reference value :  8.24250e-09
 Reference value :  8.26750e-09
 Reference value :  8.28250e-09
 Reference value :  8.30250e-09
 Reference value :  8.32250e-09
 Reference value :  8.35250e-09
 Reference value :  8.37750e-09
 Reference value :  8.39750e-09
 Reference value :  8.42250e-09
 Reference value :  8.44750e-09
 Reference value :  8.47250e-09
 Reference value :  8.49250e-09
 Reference value :  8.50750e-09
 Reference value :  8.52750e-09
 Reference value :  8.54750e-09
 Reference value :  8.56750e-09
 Reference value :  8.58750e-09
 Reference value :  8.60750e-09
 Reference value :  8.63250e-09
 Reference value :  8.65250e-09
 Reference value :  8.66750e-09
 Reference value :  8.68750e-09
 Reference value :  8.70750e-09
 Reference value :  8.73250e-09
 Reference value :  8.75750e-09
 Reference value :  8.78250e-09
 Reference value :  8.80750e-09
 Reference value :  8.83250e-09
 Reference value :  8.85750e-09
 Reference value :  8.88250e-09
 Reference value :  8.90750e-09
 Reference value :  8.93250e-09
 Reference value :  8.95250e-09
 Reference value :  8.97250e-09
 Reference value :  9.00750e-09
 Reference value :  9.03250e-09
 Reference value :  9.05750e-09
 Reference value :  9.07750e-09
 Reference value :  9.09750e-09
 Reference value :  9.11750e-09
 Reference value :  9.14250e-09
 Reference value :  9.16250e-09
 Reference value :  9.18250e-09
 Reference value :  9.20250e-09
 Reference value :  9.22250e-09
 Reference value :  9.24250e-09
 Reference value :  9.26250e-09
 Reference value :  9.28750e-09
 Reference value :  9.30750e-09
 Reference value :  9.32750e-09
 Reference value :  9.34250e-09
 Reference value :  9.36250e-09
 Reference value :  9.38750e-09
 Reference value :  9.41250e-09
 Reference value :  9.43750e-09
 Reference value :  9.45250e-09
 Reference value :  9.47750e-09
 Reference value :  9.49750e-09
 Reference value :  9.51750e-09
 Reference value :  9.54250e-09
 Reference value :  9.57250e-09
 Reference value :  9.58750e-09
 Reference value :  9.60750e-09
 Reference value :  9.63250e-09
 Reference value :  9.65250e-09
 Reference value :  9.67750e-09
 Reference value :  9.70250e-09
 Reference value :  9.73250e-09
 Reference value :  9.75250e-09
 Reference value :  9.77750e-09
 Reference value :  9.80250e-09
 Reference value :  9.82750e-09
 Reference value :  9.84250e-09
 Reference value :  9.86750e-09
 Reference value :  9.88750e-09
 Reference value :  9.90750e-09
 Reference value :  9.93250e-09
 Reference value :  9.95750e-09
 Reference value :  9.97750e-09
 Reference value :  9.99750e-09
 Reference value :  1.00175e-08
 Reference value :  1.00325e-08
 Reference value :  1.00625e-08
 Reference value :  1.00825e-08
 Reference value :  1.01025e-08
 Reference value :  1.01225e-08
 Reference value :  1.01375e-08
 Reference value :  1.01575e-08
 Reference value :  1.01725e-08
 Reference value :  1.01925e-08
 Reference value :  1.02175e-08
 Reference value :  1.02425e-08
 Reference value :  1.02575e-08
 Reference value :  1.02775e-08
 Reference value :  1.02975e-08
 Reference value :  1.03225e-08
 Reference value :  1.03475e-08
 Reference value :  1.03675e-08
 Reference value :  1.03825e-08
 Reference value :  1.03975e-08
 Reference value :  1.04175e-08
 Reference value :  1.04375e-08
 Reference value :  1.04575e-08
 Reference value :  1.04775e-08
 Reference value :  1.04975e-08
 Reference value :  1.05225e-08
 Reference value :  1.05425e-08
 Reference value :  1.05625e-08
 Reference value :  1.05825e-08
 Reference value :  1.06075e-08
 Reference value :  1.06325e-08
 Reference value :  1.06575e-08
 Reference value :  1.06775e-08
 Reference value :  1.07025e-08
 Reference value :  1.07225e-08
 Reference value :  1.07475e-08
 Reference value :  1.07675e-08
 Reference value :  1.07825e-08
 Reference value :  1.07975e-08
 Reference value :  1.08175e-08
 Reference value :  1.08375e-08
 Reference value :  1.08575e-08
 Reference value :  1.08825e-08
 Reference value :  1.09025e-08
 Reference value :  1.09275e-08
 Reference value :  1.09475e-08
 Reference value :  1.09675e-08
 Reference value :  1.09825e-08
 Reference value :  1.10025e-08
 Reference value :  1.10225e-08
 Reference value :  1.10425e-08
 Reference value :  1.10675e-08
 Reference value :  1.10875e-08
 Reference value :  1.11025e-08
 Reference value :  1.11175e-08
 Reference value :  1.11325e-08
 Reference value :  1.11525e-08
 Reference value :  1.11675e-08
 Reference value :  1.11925e-08
 Reference value :  1.12125e-08
 Reference value :  1.12375e-08
 Reference value :  1.12675e-08
 Reference value :  1.12875e-08
 Reference value :  1.13125e-08
 Reference value :  1.13375e-08
 Reference value :  1.13575e-08
 Reference value :  1.13725e-08
 Reference value :  1.13925e-08
 Reference value :  1.14125e-08
 Reference value :  1.14325e-08
 Reference value :  1.14575e-08
 Reference value :  1.14775e-08
 Reference value :  1.15025e-08
 Reference value :  1.15225e-08
 Reference value :  1.15475e-08
 Reference value :  1.15725e-08
 Reference value :  1.15975e-08
 Reference value :  1.16225e-08
 Reference value :  1.16475e-08
 Reference value :  1.16725e-08
 Reference value :  1.16975e-08
 Reference value :  1.17275e-08
 Reference value :  1.17525e-08
 Reference value :  1.17775e-08
 Reference value :  1.17975e-08
 Reference value :  1.18175e-08
 Reference value :  1.18375e-08
 Reference value :  1.18575e-08
 Reference value :  1.18775e-08
 Reference value :  1.18975e-08
 Reference value :  1.19175e-08
 Reference value :  1.19375e-08
 Reference value :  1.19625e-08
 Reference value :  1.19825e-08
 Reference value :  1.20025e-08
 Reference value :  1.20225e-08
 Reference value :  1.20475e-08
 Reference value :  1.20725e-08
 Reference value :  1.20925e-08
 Reference value :  1.21125e-08
 Reference value :  1.21325e-08
 Reference value :  1.21525e-08
 Reference value :  1.21725e-08
 Reference value :  1.21925e-08
 Reference value :  1.22125e-08
 Reference value :  1.22375e-08
 Reference value :  1.22625e-08
 Reference value :  1.22875e-08
 Reference value :  1.23125e-08
 Reference value :  1.23375e-08
 Reference value :  1.23625e-08
 Reference value :  1.23825e-08
 Reference value :  1.24025e-08
 Reference value :  1.24225e-08
 Reference value :  1.24425e-08
 Reference value :  1.24625e-08
 Reference value :  1.24825e-08
 Reference value :  1.25025e-08
 Reference value :  1.25225e-08
 Reference value :  1.25425e-08
 Reference value :  1.25625e-08
 Reference value :  1.25825e-08
 Reference value :  1.26025e-08
 Reference value :  1.26225e-08
 Reference value :  1.26425e-08
 Reference value :  1.26625e-08
 Reference value :  1.26825e-08
 Reference value :  1.27075e-08
 Reference value :  1.27275e-08
 Reference value :  1.27525e-08
 Reference value :  1.27775e-08
 Reference value :  1.28025e-08
 Reference value :  1.28275e-08
 Reference value :  1.28475e-08
 Reference value :  1.28675e-08
 Reference value :  1.28875e-08
 Reference value :  1.29075e-08
 Reference value :  1.29275e-08
 Reference value :  1.29475e-08
 Reference value :  1.29725e-08
 Reference value :  1.29975e-08
 Reference value :  1.30225e-08
 Reference value :  1.30425e-08
 Reference value :  1.30625e-08
 Reference value :  1.30875e-08
 Reference value :  1.31075e-08
 Reference value :  1.31325e-08
 Reference value :  1.31525e-08
 Reference value :  1.31775e-08
 Reference value :  1.31975e-08
 Reference value :  1.32225e-08
 Reference value :  1.32425e-08
 Reference value :  1.32675e-08
 Reference value :  1.32875e-08
 Reference value :  1.33075e-08
 Reference value :  1.33275e-08
 Reference value :  1.33475e-08
 Reference value :  1.33675e-08
 Reference value :  1.33875e-08
 Reference value :  1.34075e-08
 Reference value :  1.34275e-08
 Reference value :  1.34525e-08
 Reference value :  1.34725e-08
 Reference value :  1.34925e-08
 Reference value :  1.35125e-08
 Reference value :  1.35325e-08
 Reference value :  1.35525e-08
 Reference value :  1.35775e-08
 Reference value :  1.35975e-08
 Reference value :  1.36175e-08
 Reference value :  1.36375e-08
 Reference value :  1.36575e-08
 Reference value :  1.36775e-08
 Reference value :  1.36975e-08
 Reference value :  1.37175e-08
 Reference value :  1.37375e-08
 Reference value :  1.37575e-08
 Reference value :  1.37775e-08
 Reference value :  1.37975e-08
 Reference value :  1.38175e-08
 Reference value :  1.38375e-08
 Reference value :  1.38625e-08
 Reference value :  1.38825e-08
 Reference value :  1.39025e-08
 Reference value :  1.39225e-08
 Reference value :  1.39425e-08
 Reference value :  1.39625e-08
 Reference value :  1.39825e-08
 Reference value :  1.40025e-08
 Reference value :  1.40225e-08
 Reference value :  1.40425e-08
 Reference value :  1.40625e-08
 Reference value :  1.40825e-08
 Reference value :  1.41025e-08
 Reference value :  1.41225e-08
 Reference value :  1.41425e-08
 Reference value :  1.41625e-08
 Reference value :  1.41775e-08
 Reference value :  1.41975e-08
 Reference value :  1.42175e-08
 Reference value :  1.42375e-08
 Reference value :  1.42625e-08
 Reference value :  1.42825e-08
 Reference value :  1.43075e-08
 Reference value :  1.43325e-08
 Reference value :  1.43575e-08
 Reference value :  1.43775e-08
 Reference value :  1.43975e-08
 Reference value :  1.44225e-08
 Reference value :  1.44475e-08
 Reference value :  1.44675e-08
 Reference value :  1.44875e-08
 Reference value :  1.45075e-08
 Reference value :  1.45325e-08
 Reference value :  1.45525e-08
 Reference value :  1.45775e-08
 Reference value :  1.46025e-08
 Reference value :  1.46225e-08
 Reference value :  1.46425e-08
 Reference value :  1.46675e-08
 Reference value :  1.46875e-08
 Reference value :  1.47075e-08
 Reference value :  1.47275e-08
 Reference value :  1.47475e-08
 Reference value :  1.47675e-08
 Reference value :  1.47875e-08
 Reference value :  1.48075e-08
 Reference value :  1.48275e-08
 Reference value :  1.48525e-08
 Reference value :  1.48725e-08
 Reference value :  1.48925e-08
 Reference value :  1.49175e-08
 Reference value :  1.49425e-08
 Reference value :  1.49675e-08
 Reference value :  1.49925e-08
 Reference value :  1.50175e-08
 Reference value :  1.50375e-08
 Reference value :  1.50575e-08
 Reference value :  1.50775e-08
 Reference value :  1.51025e-08
 Reference value :  1.51225e-08
 Reference value :  1.51425e-08
 Reference value :  1.51625e-08
 Reference value :  1.51875e-08
 Reference value :  1.52125e-08
 Reference value :  1.52325e-08
 Reference value :  1.52575e-08
 Reference value :  1.52825e-08
 Reference value :  1.53075e-08
 Reference value :  1.53325e-08
 Reference value :  1.53575e-08
 Reference value :  1.53775e-08
 Reference value :  1.53975e-08
 Reference value :  1.54175e-08
 Reference value :  1.54375e-08
 Reference value :  1.54625e-08
 Reference value :  1.54825e-08
 Reference value :  1.55025e-08
 Reference value :  1.55225e-08
 Reference value :  1.55425e-08
 Reference value :  1.55625e-08
 Reference value :  1.55825e-08
 Reference value :  1.56025e-08
 Reference value :  1.56275e-08
 Reference value :  1.56475e-08
 Reference value :  1.56675e-08
 Reference value :  1.56875e-08
 Reference value :  1.57075e-08
 Reference value :  1.57275e-08
 Reference value :  1.57475e-08
 Reference value :  1.57675e-08
 Reference value :  1.57875e-08
 Reference value :  1.58075e-08
 Reference value :  1.58325e-08
 Reference value :  1.58525e-08
 Reference value :  1.58725e-08
 Reference value :  1.58925e-08
 Reference value :  1.59125e-08
 Reference value :  1.59325e-08
 Reference value :  1.59525e-08
 Reference value :  1.59775e-08
 Reference value :  1.60025e-08
 Reference value :  1.60275e-08
 Reference value :  1.60475e-08
 Reference value :  1.60675e-08
 Reference value :  1.60925e-08
 Reference value :  1.61125e-08
 Reference value :  1.61325e-08
 Reference value :  1.61525e-08
 Reference value :  1.61725e-08
 Reference value :  1.61925e-08
 Reference value :  1.62125e-08
 Reference value :  1.62325e-08
 Reference value :  1.62525e-08
 Reference value :  1.62725e-08
 Reference value :  1.62925e-08
 Reference value :  1.63125e-08
 Reference value :  1.63325e-08
 Reference value :  1.63525e-08
 Reference value :  1.63725e-08
 Reference value :  1.63925e-08
 Reference value :  1.64125e-08
 Reference value :  1.64325e-08
 Reference value :  1.64525e-08
 Reference value :  1.64725e-08
 Reference value :  1.64925e-08
 Reference value :  1.65125e-08
 Reference value :  1.65325e-08
 Reference value :  1.65525e-08
 Reference value :  1.65725e-08
 Reference value :  1.65925e-08
 Reference value :  1.66125e-08
 Reference value :  1.66325e-08
 Reference value :  1.66525e-08
 Reference value :  1.66725e-08
 Reference value :  1.66925e-08
 Reference value :  1.67125e-08
 Reference value :  1.67325e-08
 Reference value :  1.67525e-08
 Reference value :  1.67725e-08
 Reference value :  1.67925e-08
 Reference value :  1.68125e-08
 Reference value :  1.68325e-08
 Reference value :  1.68525e-08
 Reference value :  1.68725e-08
 Reference value :  1.68925e-08
 Reference value :  1.69125e-08
 Reference value :  1.69325e-08
 Reference value :  1.69525e-08
 Reference value :  1.69725e-08
 Reference value :  1.69925e-08
 Reference value :  1.70175e-08
 Reference value :  1.70425e-08
 Reference value :  1.70625e-08
 Reference value :  1.70975e-08
 Reference value :  1.71175e-08
 Reference value :  1.71375e-08
 Reference value :  1.71575e-08
 Reference value :  1.71775e-08
 Reference value :  1.71975e-08
 Reference value :  1.72175e-08
 Reference value :  1.72375e-08
 Reference value :  1.72625e-08
 Reference value :  1.72875e-08
 Reference value :  1.73175e-08
 Reference value :  1.73375e-08
 Reference value :  1.73625e-08
 Reference value :  1.73875e-08
 Reference value :  1.74075e-08
 Reference value :  1.74325e-08
 Reference value :  1.74525e-08
 Reference value :  1.74725e-08
 Reference value :  1.74925e-08
 Reference value :  1.75125e-08
 Reference value :  1.75325e-08
 Reference value :  1.75575e-08
 Reference value :  1.75825e-08
 Reference value :  1.76025e-08
 Reference value :  1.76275e-08
 Reference value :  1.76475e-08
 Reference value :  1.76725e-08
 Reference value :  1.76975e-08
 Reference value :  1.77225e-08
 Reference value :  1.77475e-08
 Reference value :  1.77675e-08
 Reference value :  1.77875e-08
 Reference value :  1.78075e-08
 Reference value :  1.78275e-08
 Reference value :  1.78525e-08
 Reference value :  1.78725e-08
 Reference value :  1.78925e-08
 Reference value :  1.79125e-08
 Reference value :  1.79325e-08
 Reference value :  1.79525e-08
 Reference value :  1.79725e-08
 Reference value :  1.79925e-08
 Reference value :  1.80125e-08
 Reference value :  1.80325e-08
 Reference value :  1.80525e-08
 Reference value :  1.80725e-08
 Reference value :  1.80925e-08
 Reference value :  1.81125e-08
 Reference value :  1.81325e-08
 Reference value :  1.81525e-08
 Reference value :  1.81725e-08
 Reference value :  1.81925e-08
 Reference value :  1.82125e-08
 Reference value :  1.82325e-08
 Reference value :  1.82525e-08
 Reference value :  1.82775e-08
 Reference value :  1.82975e-08
 Reference value :  1.83175e-08
 Reference value :  1.83375e-08
 Reference value :  1.83625e-08
 Reference value :  1.83825e-08
 Reference value :  1.84075e-08
 Reference value :  1.84275e-08
 Reference value :  1.84475e-08
 Reference value :  1.84675e-08
 Reference value :  1.84875e-08
 Reference value :  1.85075e-08
 Reference value :  1.85325e-08
 Reference value :  1.85575e-08
 Reference value :  1.85825e-08
 Reference value :  1.86075e-08
 Reference value :  1.86325e-08
 Reference value :  1.86575e-08
 Reference value :  1.86775e-08
 Reference value :  1.87025e-08
 Reference value :  1.87225e-08
 Reference value :  1.87425e-08
 Reference value :  1.87625e-08
 Reference value :  1.87825e-08
 Reference value :  1.88025e-08
 Reference value :  1.88225e-08
 Reference value :  1.88425e-08
 Reference value :  1.88625e-08
 Reference value :  1.88825e-08
 Reference value :  1.89025e-08
 Reference value :  1.89275e-08
 Reference value :  1.89475e-08
 Reference value :  1.89775e-08
 Reference value :  1.89975e-08
 Reference value :  1.90175e-08
 Reference value :  1.90375e-08
 Reference value :  1.90575e-08
 Reference value :  1.90825e-08
 Reference value :  1.90975e-08
 Reference value :  1.91225e-08
 Reference value :  1.91525e-08
 Reference value :  1.91675e-08
 Reference value :  1.91825e-08
 Reference value :  1.92025e-08
 Reference value :  1.92325e-08
 Reference value :  1.92625e-08
 Reference value :  1.92825e-08
 Reference value :  1.93025e-08
 Reference value :  1.93175e-08
 Reference value :  1.93375e-08
 Reference value :  1.93525e-08
 Reference value :  1.93675e-08
 Reference value :  1.93825e-08
 Reference value :  1.94025e-08
 Reference value :  1.94275e-08
 Reference value :  1.94475e-08
 Reference value :  1.94725e-08
 Reference value :  1.94925e-08
 Reference value :  1.95125e-08
 Reference value :  1.95375e-08
 Reference value :  1.95575e-08
 Reference value :  1.95775e-08
 Reference value :  1.96025e-08
 Reference value :  1.96275e-08
 Reference value :  1.96475e-08
 Reference value :  1.96725e-08
 Reference value :  1.96925e-08
 Reference value :  1.97125e-08
 Reference value :  1.97375e-08
 Reference value :  1.97575e-08
 Reference value :  1.97825e-08
 Reference value :  1.98025e-08
 Reference value :  1.98225e-08
 Reference value :  1.98425e-08
 Reference value :  1.98625e-08
 Reference value :  1.98825e-08
 Reference value :  1.99025e-08
 Reference value :  1.99225e-08
 Reference value :  1.99425e-08
 Reference value :  1.99625e-08
 Reference value :  1.99875e-08
 Reference value :  2.00125e-08
 Reference value :  2.00375e-08
 Reference value :  2.00575e-08
 Reference value :  2.00775e-08
 Reference value :  2.01025e-08
 Reference value :  2.01275e-08
 Reference value :  2.01575e-08
 Reference value :  2.01875e-08
 Reference value :  2.02125e-08
 Reference value :  2.02375e-08
 Reference value :  2.02675e-08
 Reference value :  2.02875e-08
 Reference value :  2.03075e-08
 Reference value :  2.03375e-08
 Reference value :  2.03625e-08
 Reference value :  2.03825e-08
 Reference value :  2.04075e-08
 Reference value :  2.04375e-08
 Reference value :  2.04625e-08
 Reference value :  2.04875e-08
 Reference value :  2.05075e-08
 Reference value :  2.05275e-08
 Reference value :  2.05525e-08
 Reference value :  2.05725e-08
 Reference value :  2.05925e-08
 Reference value :  2.06125e-08
 Reference value :  2.06375e-08
 Reference value :  2.06625e-08
 Reference value :  2.06875e-08
 Reference value :  2.07125e-08
 Reference value :  2.07375e-08
 Reference value :  2.07525e-08
 Reference value :  2.07775e-08
 Reference value :  2.08075e-08
 Reference value :  2.08325e-08
 Reference value :  2.08475e-08
 Reference value :  2.08625e-08
 Reference value :  2.08825e-08
 Reference value :  2.09025e-08
 Reference value :  2.09225e-08
 Reference value :  2.09475e-08
 Reference value :  2.09775e-08
 Reference value :  2.09975e-08
 Reference value :  2.10275e-08
 Reference value :  2.10525e-08
 Reference value :  2.10775e-08
 Reference value :  2.10975e-08
 Reference value :  2.11175e-08
 Reference value :  2.11425e-08
 Reference value :  2.11675e-08
 Reference value :  2.11925e-08
 Reference value :  2.12175e-08
 Reference value :  2.12425e-08
 Reference value :  2.12675e-08
 Reference value :  2.12975e-08
 Reference value :  2.13225e-08
 Reference value :  2.13425e-08
 Reference value :  2.13725e-08
 Reference value :  2.14025e-08
 Reference value :  2.14225e-08
 Reference value :  2.14425e-08
 Reference value :  2.14725e-08
 Reference value :  2.14975e-08
 Reference value :  2.15225e-08
 Reference value :  2.15475e-08
 Reference value :  2.15775e-08
 Reference value :  2.16075e-08
 Reference value :  2.16225e-08
 Reference value :  2.16475e-08
 Reference value :  2.16725e-08
 Reference value :  2.16975e-08
 Reference value :  2.17175e-08
 Reference value :  2.17375e-08
 Reference value :  2.17575e-08
 Reference value :  2.17775e-08
 Reference value :  2.17975e-08
 Reference value :  2.18125e-08
 Reference value :  2.18375e-08
 Reference value :  2.18625e-08
 Reference value :  2.18825e-08
 Reference value :  2.19125e-08
 Reference value :  2.19375e-08
 Reference value :  2.19575e-08
 Reference value :  2.19775e-08
 Reference value :  2.20025e-08
 Reference value :  2.20225e-08
 Reference value :  2.20425e-08
 Reference value :  2.20675e-08
 Reference value :  2.20875e-08
 Reference value :  2.21075e-08
 Reference value :  2.21275e-08
 Reference value :  2.21475e-08
 Reference value :  2.21675e-08
 Reference value :  2.21875e-08
 Reference value :  2.22125e-08
 Reference value :  2.22375e-08
 Reference value :  2.22525e-08
 Reference value :  2.22725e-08
 Reference value :  2.23025e-08
 Reference value :  2.23275e-08
 Reference value :  2.23475e-08
 Reference value :  2.23775e-08
 Reference value :  2.23925e-08
 Reference value :  2.24325e-08
 Reference value :  2.24475e-08
 Reference value :  2.24625e-08
 Reference value :  2.25025e-08
 Reference value :  2.25275e-08
 Reference value :  2.25525e-08
 Reference value :  2.25775e-08
 Reference value :  2.25925e-08
 Reference value :  2.26125e-08
 Reference value :  2.26375e-08
 Reference value :  2.26575e-08
 Reference value :  2.26725e-08
 Reference value :  2.26925e-08
 Reference value :  2.27125e-08
 Reference value :  2.27325e-08
 Reference value :  2.27625e-08
 Reference value :  2.27925e-08
 Reference value :  2.28325e-08
 Reference value :  2.28525e-08
 Reference value :  2.28725e-08
 Reference value :  2.28925e-08
 Reference value :  2.29175e-08
 Reference value :  2.29375e-08
 Reference value :  2.29575e-08
 Reference value :  2.29775e-08
 Reference value :  2.30025e-08
 Reference value :  2.30275e-08
 Reference value :  2.30525e-08
 Reference value :  2.30725e-08
 Reference value :  2.30925e-08
 Reference value :  2.31125e-08
 Reference value :  2.31325e-08
 Reference value :  2.31525e-08
 Reference value :  2.31725e-08
 Reference value :  2.31975e-08
 Reference value :  2.32175e-08
 Reference value :  2.32375e-08
 Reference value :  2.32525e-08
 Reference value :  2.32775e-08
 Reference value :  2.32975e-08
 Reference value :  2.33225e-08
 Reference value :  2.33375e-08
 Reference value :  2.33525e-08
 Reference value :  2.33725e-08
 Reference value :  2.33925e-08
 Reference value :  2.34175e-08
 Reference value :  2.34375e-08
 Reference value :  2.34575e-08
 Reference value :  2.34825e-08
 Reference value :  2.35025e-08
 Reference value :  2.35275e-08
 Reference value :  2.35475e-08
 Reference value :  2.35725e-08
 Reference value :  2.35975e-08
 Reference value :  2.36175e-08
 Reference value :  2.36375e-08
 Reference value :  2.36575e-08
 Reference value :  2.36725e-08
 Reference value :  2.36925e-08
 Reference value :  2.37125e-08
 Reference value :  2.37325e-08
 Reference value :  2.37575e-08
 Reference value :  2.37825e-08
 Reference value :  2.38025e-08
 Reference value :  2.38225e-08
 Reference value :  2.38475e-08
 Reference value :  2.38675e-08
 Reference value :  2.38925e-08
 Reference value :  2.39125e-08
 Reference value :  2.39375e-08
 Reference value :  2.39575e-08
 Reference value :  2.39825e-08
 Reference value :  2.40025e-08
 Reference value :  2.40225e-08
 Reference value :  2.40525e-08
 Reference value :  2.40725e-08
 Reference value :  2.40975e-08
 Reference value :  2.41275e-08
 Reference value :  2.41525e-08
 Reference value :  2.41775e-08
 Reference value :  2.42025e-08
 Reference value :  2.42275e-08
 Reference value :  2.42525e-08
 Reference value :  2.42775e-08
 Reference value :  2.42975e-08
 Reference value :  2.43175e-08
 Reference value :  2.43425e-08
 Reference value :  2.43675e-08
 Reference value :  2.43925e-08
 Reference value :  2.44175e-08
 Reference value :  2.44375e-08
 Reference value :  2.44575e-08
 Reference value :  2.44775e-08
 Reference value :  2.44925e-08
 Reference value :  2.45125e-08
 Reference value :  2.45375e-08
 Reference value :  2.45525e-08
 Reference value :  2.45725e-08
 Reference value :  2.45975e-08
 Reference value :  2.46175e-08
 Reference value :  2.46425e-08
 Reference value :  2.46675e-08
 Reference value :  2.46925e-08
 Reference value :  2.47125e-08
 Reference value :  2.47325e-08
 Reference value :  2.47525e-08
 Reference value :  2.47775e-08
 Reference value :  2.48025e-08
 Reference value :  2.48275e-08
 Reference value :  2.48575e-08
 Reference value :  2.48975e-08
 Reference value :  2.49325e-08
 Reference value :  2.49525e-08
 Reference value :  2.49725e-08
 Reference value :  2.49925e-08
 Reference value :  2.50125e-08
 Reference value :  2.50375e-08
 Reference value :  2.50625e-08
 Reference value :  2.50925e-08
 Reference value :  2.51125e-08
 Reference value :  2.51325e-08
 Reference value :  2.51525e-08
 Reference value :  2.51725e-08
 Reference value :  2.51925e-08
 Reference value :  2.52175e-08
 Reference value :  2.52375e-08
 Reference value :  2.52575e-08
 Reference value :  2.52775e-08
 Reference value :  2.53025e-08
 Reference value :  2.53275e-08
 Reference value :  2.53475e-08
 Reference value :  2.53725e-08
 Reference value :  2.53975e-08
 Reference value :  2.54225e-08
 Reference value :  2.54475e-08
 Reference value :  2.54675e-08
 Reference value :  2.54925e-08
 Reference value :  2.55175e-08
 Reference value :  2.55425e-08
 Reference value :  2.55575e-08
 Reference value :  2.55825e-08
 Reference value :  2.56075e-08
 Reference value :  2.56275e-08
 Reference value :  2.56475e-08
 Reference value :  2.56625e-08
 Reference value :  2.56775e-08
 Reference value :  2.56975e-08
 Reference value :  2.57175e-08
 Reference value :  2.57425e-08
 Reference value :  2.57675e-08
 Reference value :  2.57875e-08
 Reference value :  2.58075e-08
 Reference value :  2.58275e-08
 Reference value :  2.58525e-08
 Reference value :  2.58725e-08
 Reference value :  2.58975e-08
 Reference value :  2.59175e-08
 Reference value :  2.59375e-08
 Reference value :  2.59575e-08
 Reference value :  2.59825e-08
 Reference value :  2.60025e-08
 Reference value :  2.60275e-08
 Reference value :  2.60525e-08
 Reference value :  2.60775e-08
 Reference value :  2.61025e-08
 Reference value :  2.61275e-08
 Reference value :  2.61475e-08
 Reference value :  2.61675e-08
 Reference value :  2.61875e-08
 Reference value :  2.62025e-08
 Reference value :  2.62275e-08
 Reference value :  2.62525e-08
 Reference value :  2.62825e-08
 Reference value :  2.63125e-08
 Reference value :  2.63475e-08
 Reference value :  2.63725e-08
 Reference value :  2.63975e-08
 Reference value :  2.64225e-08
 Reference value :  2.64425e-08
 Reference value :  2.64675e-08
 Reference value :  2.64925e-08
 Reference value :  2.65175e-08
 Reference value :  2.65425e-08
 Reference value :  2.65625e-08
 Reference value :  2.65825e-08
 Reference value :  2.66025e-08
 Reference value :  2.66225e-08
 Reference value :  2.66575e-08
 Reference value :  2.66775e-08
 Reference value :  2.66975e-08
 Reference value :  2.67125e-08
 Reference value :  2.67325e-08
 Reference value :  2.67525e-08
 Reference value :  2.67775e-08
 Reference value :  2.68025e-08
 Reference value :  2.68225e-08
 Reference value :  2.68425e-08
 Reference value :  2.68625e-08
 Reference value :  2.68825e-08
 Reference value :  2.69025e-08
 Reference value :  2.69225e-08
 Reference value :  2.69425e-08
 Reference value :  2.69675e-08
 Reference value :  2.69875e-08
 Reference value :  2.70125e-08
 Reference value :  2.70375e-08
 Reference value :  2.70625e-08
 Reference value :  2.70875e-08
 Reference value :  2.71175e-08
 Reference value :  2.71425e-08
 Reference value :  2.71675e-08
 Reference value :  2.71975e-08
 Reference value :  2.72275e-08
 Reference value :  2.72575e-08
 Reference value :  2.72725e-08
 Reference value :  2.72925e-08
 Reference value :  2.73175e-08
 Reference value :  2.73375e-08
 Reference value :  2.73625e-08
 Reference value :  2.73875e-08
 Reference value :  2.74075e-08
 Reference value :  2.74325e-08
 Reference value :  2.74575e-08
 Reference value :  2.74825e-08
 Reference value :  2.75075e-08
 Reference value :  2.75325e-08
 Reference value :  2.75575e-08
 Reference value :  2.75825e-08
 Reference value :  2.76075e-08
 Reference value :  2.76275e-08
 Reference value :  2.76575e-08
 Reference value :  2.76825e-08
 Reference value :  2.77025e-08
 Reference value :  2.77275e-08
 Reference value :  2.77525e-08
 Reference value :  2.77925e-08
 Reference value :  2.78175e-08
 Reference value :  2.78375e-08
 Reference value :  2.78625e-08
 Reference value :  2.78825e-08
 Reference value :  2.79075e-08
 Reference value :  2.79375e-08
 Reference value :  2.79625e-08
 Reference value :  2.79875e-08
 Reference value :  2.80125e-08
 Reference value :  2.80325e-08
 Reference value :  2.80575e-08
 Reference value :  2.80725e-08
 Reference value :  2.80925e-08
 Reference value :  2.81125e-08
 Reference value :  2.81375e-08
 Reference value :  2.81575e-08
 Reference value :  2.81775e-08
 Reference value :  2.81925e-08
 Reference value :  2.82075e-08
 Reference value :  2.82275e-08
 Reference value :  2.82425e-08
 Reference value :  2.82625e-08
 Reference value :  2.82825e-08
 Reference value :  2.83075e-08
 Reference value :  2.83325e-08
 Reference value :  2.83575e-08
 Reference value :  2.83825e-08
 Reference value :  2.84025e-08
 Reference value :  2.84275e-08
 Reference value :  2.84525e-08
 Reference value :  2.84775e-08
 Reference value :  2.84975e-08
 Reference value :  2.85225e-08
 Reference value :  2.85475e-08
 Reference value :  2.85675e-08
 Reference value :  2.85875e-08
 Reference value :  2.86075e-08
 Reference value :  2.86225e-08
 Reference value :  2.86475e-08
 Reference value :  2.86725e-08
 Reference value :  2.86925e-08
 Reference value :  2.87125e-08
 Reference value :  2.87325e-08
 Reference value :  2.87525e-08
 Reference value :  2.87725e-08
 Reference value :  2.87925e-08
 Reference value :  2.88125e-08
 Reference value :  2.88275e-08
 Reference value :  2.88425e-08
 Reference value :  2.88625e-08
 Reference value :  2.88925e-08
 Reference value :  2.89125e-08
 Reference value :  2.89275e-08
 Reference value :  2.89475e-08
 Reference value :  2.89625e-08
 Reference value :  2.89825e-08
 Reference value :  2.90025e-08
 Reference value :  2.90225e-08
 Reference value :  2.90475e-08
 Reference value :  2.90725e-08
 Reference value :  2.90975e-08
 Reference value :  2.91175e-08
 Reference value :  2.91375e-08
 Reference value :  2.91675e-08
 Reference value :  2.91875e-08
 Reference value :  2.92125e-08
 Reference value :  2.92375e-08
 Reference value :  2.92625e-08
 Reference value :  2.92875e-08
 Reference value :  2.93125e-08
 Reference value :  2.93325e-08
 Reference value :  2.93575e-08
 Reference value :  2.93725e-08
 Reference value :  2.93925e-08
 Reference value :  2.94175e-08
 Reference value :  2.94375e-08
 Reference value :  2.94575e-08
 Reference value :  2.94775e-08
 Reference value :  2.94975e-08
 Reference value :  2.95225e-08
 Reference value :  2.95425e-08
 Reference value :  2.95625e-08
 Reference value :  2.95825e-08
 Reference value :  2.96025e-08
 Reference value :  2.96275e-08
 Reference value :  2.96575e-08
 Reference value :  2.96775e-08
 Reference value :  2.96925e-08
 Reference value :  2.97125e-08
 Reference value :  2.97375e-08
 Reference value :  2.97675e-08
 Reference value :  2.97925e-08
 Reference value :  2.98125e-08
 Reference value :  2.98275e-08
 Reference value :  2.98425e-08
 Reference value :  2.98625e-08
 Reference value :  2.98775e-08
 Reference value :  2.98925e-08
 Reference value :  2.99175e-08
 Reference value :  2.99425e-08
 Reference value :  2.99675e-08
 Reference value :  2.99875e-08
 Reference value :  3.00075e-08
 Reference value :  3.00325e-08
 Reference value :  3.00575e-08
 Reference value :  3.00825e-08
 Reference value :  3.01025e-08
 Reference value :  3.01225e-08
 Reference value :  3.01425e-08
 Reference value :  3.01675e-08
 Reference value :  3.01875e-08
 Reference value :  3.02075e-08
 Reference value :  3.02375e-08
 Reference value :  3.02625e-08
 Reference value :  3.02825e-08
 Reference value :  3.03025e-08
 Reference value :  3.03225e-08
 Reference value :  3.03475e-08
 Reference value :  3.03725e-08
 Reference value :  3.03925e-08
 Reference value :  3.04175e-08
 Reference value :  3.04375e-08
 Reference value :  3.04625e-08
 Reference value :  3.04925e-08
 Reference value :  3.05175e-08
 Reference value :  3.05425e-08
 Reference value :  3.05725e-08
 Reference value :  3.05925e-08
 Reference value :  3.06275e-08
 Reference value :  3.06525e-08
 Reference value :  3.06725e-08
 Reference value :  3.06975e-08
 Reference value :  3.07175e-08
 Reference value :  3.07425e-08
 Reference value :  3.07625e-08
 Reference value :  3.07875e-08
 Reference value :  3.08125e-08
 Reference value :  3.08325e-08
 Reference value :  3.08575e-08
 Reference value :  3.08775e-08
 Reference value :  3.09025e-08
 Reference value :  3.09275e-08
 Reference value :  3.09475e-08
 Reference value :  3.09675e-08
 Reference value :  3.09875e-08
 Reference value :  3.10075e-08
 Reference value :  3.10325e-08
 Reference value :  3.10675e-08
 Reference value :  3.10925e-08
 Reference value :  3.11125e-08
 Reference value :  3.11325e-08
 Reference value :  3.11475e-08
 Reference value :  3.11625e-08
 Reference value :  3.11825e-08
 Reference value :  3.12025e-08
 Reference value :  3.12275e-08
 Reference value :  3.12525e-08
 Reference value :  3.12725e-08
 Reference value :  3.12975e-08
 Reference value :  3.13175e-08
 Reference value :  3.13325e-08
 Reference value :  3.13575e-08
 Reference value :  3.13825e-08
 Reference value :  3.14075e-08
 Reference value :  3.14325e-08
 Reference value :  3.14625e-08
 Reference value :  3.14825e-08
 Reference value :  3.15025e-08
 Reference value :  3.15275e-08
 Reference value :  3.15525e-08
 Reference value :  3.15725e-08
 Reference value :  3.15925e-08
 Reference value :  3.16125e-08
 Reference value :  3.16425e-08
 Reference value :  3.16625e-08
 Reference value :  3.16875e-08
 Reference value :  3.17125e-08
 Reference value :  3.17325e-08
 Reference value :  3.17575e-08
 Reference value :  3.17875e-08
 Reference value :  3.18075e-08
 Reference value :  3.18325e-08
 Reference value :  3.18675e-08
 Reference value :  3.19075e-08
 Reference value :  3.19325e-08
 Reference value :  3.19575e-08
 Reference value :  3.19775e-08
 Reference value :  3.20025e-08
 Reference value :  3.20225e-08
 Reference value :  3.20525e-08
 Reference value :  3.20775e-08
 Reference value :  3.20975e-08
 Reference value :  3.21125e-08
 Reference value :  3.21325e-08
 Reference value :  3.21525e-08
 Reference value :  3.21775e-08
 Reference value :  3.22075e-08
 Reference value :  3.22325e-08
 Reference value :  3.22575e-08
 Reference value :  3.22725e-08
 Reference value :  3.22975e-08
 Reference value :  3.23175e-08
 Reference value :  3.23375e-08
 Reference value :  3.23575e-08
 Reference value :  3.23825e-08
 Reference value :  3.24025e-08
 Reference value :  3.24275e-08
 Reference value :  3.24475e-08
 Reference value :  3.24725e-08
 Reference value :  3.24975e-08
 Reference value :  3.25225e-08
 Reference value :  3.25375e-08
 Reference value :  3.25575e-08
 Reference value :  3.25775e-08
 Reference value :  3.25975e-08
 Reference value :  3.26175e-08
 Reference value :  3.26375e-08
 Reference value :  3.26625e-08
 Reference value :  3.26875e-08
 Reference value :  3.27075e-08
 Reference value :  3.27225e-08
 Reference value :  3.27475e-08
 Reference value :  3.27725e-08
 Reference value :  3.27925e-08
 Reference value :  3.28075e-08
 Reference value :  3.28225e-08
 Reference value :  3.28375e-08
 Reference value :  3.28575e-08
 Reference value :  3.28775e-08
 Reference value :  3.28925e-08
 Reference value :  3.29125e-08
 Reference value :  3.29325e-08
 Reference value :  3.29575e-08
 Reference value :  3.29775e-08
 Reference value :  3.30025e-08
 Reference value :  3.30275e-08
 Reference value :  3.30475e-08
 Reference value :  3.30675e-08
 Reference value :  3.30825e-08
 Reference value :  3.31025e-08
 Reference value :  3.31225e-08
 Reference value :  3.31425e-08
 Reference value :  3.31675e-08
 Reference value :  3.31925e-08
 Reference value :  3.32125e-08
 Reference value :  3.32375e-08
 Reference value :  3.32625e-08
 Reference value :  3.32875e-08
 Reference value :  3.33025e-08
 Reference value :  3.33275e-08
 Reference value :  3.33425e-08
 Reference value :  3.33625e-08
 Reference value :  3.33875e-08
 Reference value :  3.34075e-08
 Reference value :  3.34325e-08
 Reference value :  3.34575e-08
 Reference value :  3.34825e-08
 Reference value :  3.35025e-08
 Reference value :  3.35225e-08
 Reference value :  3.35475e-08
 Reference value :  3.35725e-08
 Reference value :  3.35975e-08
 Reference value :  3.36225e-08
 Reference value :  3.36425e-08
 Reference value :  3.36675e-08
 Reference value :  3.36925e-08
 Reference value :  3.37275e-08
 Reference value :  3.37425e-08
 Reference value :  3.37675e-08
 Reference value :  3.37925e-08
 Reference value :  3.38125e-08
 Reference value :  3.38325e-08
 Reference value :  3.38525e-08
 Reference value :  3.38775e-08
 Reference value :  3.39075e-08
 Reference value :  3.39275e-08
 Reference value :  3.39575e-08
 Reference value :  3.39825e-08
 Reference value :  3.40075e-08
 Reference value :  3.40325e-08
 Reference value :  3.40575e-08
 Reference value :  3.40875e-08
 Reference value :  3.41125e-08
 Reference value :  3.41275e-08
 Reference value :  3.41425e-08
 Reference value :  3.41675e-08
 Reference value :  3.41925e-08
 Reference value :  3.42175e-08
 Reference value :  3.42425e-08
 Reference value :  3.42625e-08
 Reference value :  3.42875e-08
 Reference value :  3.43075e-08
 Reference value :  3.43275e-08
 Reference value :  3.43475e-08
 Reference value :  3.43725e-08
 Reference value :  3.43925e-08
 Reference value :  3.44225e-08
 Reference value :  3.44425e-08
 Reference value :  3.44675e-08
 Reference value :  3.44925e-08
 Reference value :  3.45175e-08
 Reference value :  3.45425e-08
 Reference value :  3.45625e-08
 Reference value :  3.45825e-08
 Reference value :  3.46025e-08
 Reference value :  3.46325e-08
 Reference value :  3.46525e-08
 Reference value :  3.46725e-08
 Reference value :  3.46975e-08
 Reference value :  3.47275e-08
 Reference value :  3.47575e-08
 Reference value :  3.47825e-08
 Reference value :  3.48075e-08
 Reference value :  3.48325e-08
 Reference value :  3.48575e-08
 Reference value :  3.48825e-08
 Reference value :  3.49075e-08
 Reference value :  3.49325e-08
 Reference value :  3.49525e-08
 Reference value :  3.49825e-08
 Reference value :  3.50125e-08
 Reference value :  3.50325e-08
 Reference value :  3.50625e-08
 Reference value :  3.50825e-08
 Reference value :  3.51025e-08
 Reference value :  3.51225e-08
 Reference value :  3.51475e-08
 Reference value :  3.51725e-08
 Reference value :  3.51975e-08
 Reference value :  3.52175e-08
 Reference value :  3.52425e-08
 Reference value :  3.52725e-08
 Reference value :  3.52925e-08
 Reference value :  3.53175e-08
 Reference value :  3.53425e-08
 Reference value :  3.53725e-08
 Reference value :  3.53975e-08
 Reference value :  3.54225e-08
 Reference value :  3.54425e-08
 Reference value :  3.54675e-08
 Reference value :  3.54925e-08
 Reference value :  3.55125e-08
 Reference value :  3.55375e-08
 Reference value :  3.55625e-08
 Reference value :  3.55875e-08
 Reference value :  3.56125e-08
 Reference value :  3.56325e-08
 Reference value :  3.56575e-08
 Reference value :  3.56825e-08
 Reference value :  3.57075e-08
 Reference value :  3.57225e-08
 Reference value :  3.57425e-08
 Reference value :  3.57625e-08
 Reference value :  3.57825e-08
 Reference value :  3.57975e-08
 Reference value :  3.58175e-08
 Reference value :  3.58375e-08
 Reference value :  3.58625e-08
 Reference value :  3.58875e-08
 Reference value :  3.59075e-08
 Reference value :  3.59275e-08
 Reference value :  3.59475e-08
 Reference value :  3.59725e-08
 Reference value :  3.59975e-08
 Reference value :  3.60175e-08
 Reference value :  3.60375e-08
 Reference value :  3.60675e-08
 Reference value :  3.60925e-08
 Reference value :  3.61175e-08
 Reference value :  3.61425e-08
 Reference value :  3.61625e-08
 Reference value :  3.61825e-08
 Reference value :  3.62025e-08
 Reference value :  3.62275e-08
 Reference value :  3.62525e-08
 Reference value :  3.62775e-08
 Reference value :  3.63025e-08
 Reference value :  3.63225e-08
 Reference value :  3.63425e-08
 Reference value :  3.63675e-08
 Reference value :  3.63925e-08
 Reference value :  3.64125e-08
 Reference value :  3.64375e-08
 Reference value :  3.64625e-08
 Reference value :  3.64825e-08
 Reference value :  3.65025e-08
 Reference value :  3.65375e-08
 Reference value :  3.65625e-08
 Reference value :  3.65875e-08
 Reference value :  3.66125e-08
 Reference value :  3.66325e-08
 Reference value :  3.66575e-08
 Reference value :  3.66825e-08
 Reference value :  3.67025e-08
 Reference value :  3.67225e-08
 Reference value :  3.67425e-08
 Reference value :  3.67675e-08
 Reference value :  3.67925e-08
 Reference value :  3.68175e-08
 Reference value :  3.68375e-08
 Reference value :  3.68625e-08
 Reference value :  3.68825e-08
 Reference value :  3.69075e-08
 Reference value :  3.69325e-08
 Reference value :  3.69525e-08
 Reference value :  3.69725e-08
 Reference value :  3.69925e-08
 Reference value :  3.70125e-08
 Reference value :  3.70275e-08
 Reference value :  3.70475e-08
 Reference value :  3.70725e-08
 Reference value :  3.70975e-08
 Reference value :  3.71275e-08
 Reference value :  3.71475e-08
 Reference value :  3.71675e-08
 Reference value :  3.71825e-08
 Reference value :  3.72025e-08
 Reference value :  3.72325e-08
 Reference value :  3.72625e-08
 Reference value :  3.72875e-08
 Reference value :  3.73125e-08
 Reference value :  3.73425e-08
 Reference value :  3.73675e-08
 Reference value :  3.73925e-08
 Reference value :  3.74175e-08
 Reference value :  3.74425e-08
 Reference value :  3.74675e-08
 Reference value :  3.74925e-08
 Reference value :  3.75275e-08
 Reference value :  3.75525e-08
 Reference value :  3.75725e-08
 Reference value :  3.75925e-08
 Reference value :  3.76175e-08
 Reference value :  3.76425e-08
 Reference value :  3.76675e-08
 Reference value :  3.76925e-08
 Reference value :  3.77275e-08
 Reference value :  3.77575e-08
 Reference value :  3.77875e-08
 Reference value :  3.78125e-08
 Reference value :  3.78425e-08
 Reference value :  3.78675e-08
 Reference value :  3.78925e-08
 Reference value :  3.79175e-08
 Reference value :  3.79475e-08
 Reference value :  3.79725e-08
 Reference value :  3.80025e-08
 Reference value :  3.80275e-08
 Reference value :  3.80525e-08
 Reference value :  3.80825e-08
 Reference value :  3.81075e-08
 Reference value :  3.81225e-08
 Reference value :  3.81425e-08
 Reference value :  3.81675e-08
 Reference value :  3.81925e-08
 Reference value :  3.82175e-08
 Reference value :  3.82475e-08
 Reference value :  3.82675e-08
 Reference value :  3.82875e-08
 Reference value :  3.83125e-08
 Reference value :  3.83375e-08
 Reference value :  3.83575e-08
 Reference value :  3.83775e-08
 Reference value :  3.83925e-08
 Reference value :  3.84075e-08
 Reference value :  3.84275e-08
 Reference value :  3.84475e-08
 Reference value :  3.84675e-08
 Reference value :  3.84875e-08
 Reference value :  3.85025e-08
 Reference value :  3.85275e-08
 Reference value :  3.85575e-08
 Reference value :  3.85825e-08
 Reference value :  3.86075e-08
 Reference value :  3.86375e-08
 Reference value :  3.86575e-08
 Reference value :  3.86775e-08
 Reference value :  3.87025e-08
 Reference value :  3.87275e-08
 Reference value :  3.87475e-08
 Reference value :  3.87725e-08
 Reference value :  3.87975e-08
 Reference value :  3.88225e-08
 Reference value :  3.88475e-08
 Reference value :  3.88725e-08
 Reference value :  3.88975e-08
 Reference value :  3.89225e-08
 Reference value :  3.89525e-08
 Reference value :  3.89775e-08
 Reference value :  3.90025e-08
 Reference value :  3.90325e-08
 Reference value :  3.90525e-08
 Reference value :  3.90775e-08
 Reference value :  3.91025e-08
 Reference value :  3.91275e-08
 Reference value :  3.91525e-08
 Reference value :  3.91725e-08
 Reference value :  3.92025e-08
 Reference value :  3.92375e-08
 Reference value :  3.92675e-08
 Reference value :  3.92925e-08
 Reference value :  3.93175e-08
 Reference value :  3.93425e-08
 Reference value :  3.93675e-08
 Reference value :  3.93925e-08
 Reference value :  3.94175e-08
 Reference value :  3.94425e-08
 Reference value :  3.94675e-08
 Reference value :  3.94925e-08
 Reference value :  3.95175e-08
 Reference value :  3.95425e-08
 Reference value :  3.95625e-08
 Reference value :  3.95825e-08
 Reference value :  3.96125e-08
 Reference value :  3.96375e-08
 Reference value :  3.96575e-08
 Reference value :  3.96775e-08
 Reference value :  3.97025e-08
 Reference value :  3.97275e-08
 Reference value :  3.97525e-08
 Reference value :  3.97775e-08
 Reference value :  3.98025e-08
 Reference value :  3.98225e-08
 Reference value :  3.98525e-08
 Reference value :  3.98775e-08
 Reference value :  3.99025e-08
 Reference value :  3.99275e-08
 Reference value :  3.99575e-08
 Reference value :  3.99825e-08
 Reference value :  4.00075e-08
 Reference value :  4.00325e-08
 Reference value :  4.00575e-08
 Reference value :  4.00825e-08
 Reference value :  4.01075e-08
 Reference value :  4.01375e-08
 Reference value :  4.01575e-08
 Reference value :  4.01825e-08
 Reference value :  4.02025e-08
 Reference value :  4.02225e-08
 Reference value :  4.02425e-08
 Reference value :  4.02625e-08
 Reference value :  4.02925e-08
 Reference value :  4.03125e-08
 Reference value :  4.03375e-08
 Reference value :  4.03675e-08
 Reference value :  4.03925e-08
 Reference value :  4.04175e-08
 Reference value :  4.04375e-08
 Reference value :  4.04575e-08
 Reference value :  4.04775e-08
 Reference value :  4.05025e-08
 Reference value :  4.05275e-08
 Reference value :  4.05525e-08
 Reference value :  4.05775e-08
 Reference value :  4.06025e-08
 Reference value :  4.06275e-08
 Reference value :  4.06525e-08
 Reference value :  4.06775e-08
 Reference value :  4.06975e-08
 Reference value :  4.07275e-08
 Reference value :  4.07525e-08
 Reference value :  4.07725e-08
 Reference value :  4.08025e-08
 Reference value :  4.08275e-08
 Reference value :  4.08475e-08
 Reference value :  4.08725e-08
 Reference value :  4.08975e-08
 Reference value :  4.09225e-08
 Reference value :  4.09475e-08
 Reference value :  4.09725e-08
 Reference value :  4.10025e-08
 Reference value :  4.10275e-08
 Reference value :  4.10525e-08
 Reference value :  4.10725e-08
 Reference value :  4.10975e-08
 Reference value :  4.11225e-08
 Reference value :  4.11475e-08
 Reference value :  4.11675e-08
 Reference value :  4.11875e-08
 Reference value :  4.12075e-08
 Reference value :  4.12325e-08
 Reference value :  4.12575e-08
 Reference value :  4.12875e-08
 Reference value :  4.13125e-08
 Reference value :  4.13325e-08
 Reference value :  4.13525e-08
 Reference value :  4.13725e-08
 Reference value :  4.14025e-08
 Reference value :  4.14275e-08
 Reference value :  4.14525e-08
 Reference value :  4.14775e-08
 Reference value :  4.14975e-08
 Reference value :  4.15175e-08
 Reference value :  4.15425e-08
 Reference value :  4.15625e-08
 Reference value :  4.15825e-08
 Reference value :  4.16025e-08
 Reference value :  4.16275e-08
 Reference value :  4.16625e-08
 Reference value :  4.16925e-08
 Reference value :  4.17175e-08
 Reference value :  4.17475e-08
 Reference value :  4.17725e-08
 Reference value :  4.17975e-08
 Reference value :  4.18175e-08
 Reference value :  4.18425e-08
 Reference value :  4.18675e-08
 Reference value :  4.18925e-08
 Reference value :  4.19225e-08
 Reference value :  4.19475e-08
 Reference value :  4.19725e-08
 Reference value :  4.19925e-08
 Reference value :  4.20175e-08
 Reference value :  4.20425e-08
 Reference value :  4.20575e-08
 Reference value :  4.20825e-08
 Reference value :  4.21075e-08
 Reference value :  4.21325e-08
 Reference value :  4.21575e-08
 Reference value :  4.21825e-08
 Reference value :  4.22075e-08
 Reference value :  4.22325e-08
 Reference value :  4.22575e-08
 Reference value :  4.22825e-08
 Reference value :  4.23075e-08
 Reference value :  4.23325e-08
 Reference value :  4.23575e-08
 Reference value :  4.23825e-08
 Reference value :  4.24075e-08
 Reference value :  4.24375e-08
 Reference value :  4.24675e-08
 Reference value :  4.24875e-08
 Reference value :  4.25075e-08
 Reference value :  4.25325e-08
 Reference value :  4.25575e-08
 Reference value :  4.25875e-08
 Reference value :  4.26125e-08
 Reference value :  4.26425e-08
 Reference value :  4.26675e-08
 Reference value :  4.26925e-08
 Reference value :  4.27225e-08
 Reference value :  4.27525e-08
 Reference value :  4.27775e-08
 Reference value :  4.28025e-08
 Reference value :  4.28275e-08
 Reference value :  4.28525e-08
 Reference value :  4.28775e-08
 Reference value :  4.29025e-08
 Reference value :  4.29325e-08
 Reference value :  4.29575e-08
 Reference value :  4.29825e-08
 Reference value :  4.30125e-08
 Reference value :  4.30425e-08
 Reference value :  4.30725e-08
 Reference value :  4.31025e-08
 Reference value :  4.31275e-08
 Reference value :  4.31525e-08
 Reference value :  4.31775e-08
 Reference value :  4.32025e-08
 Reference value :  4.32275e-08
 Reference value :  4.32475e-08
 Reference value :  4.32775e-08
 Reference value :  4.33025e-08
 Reference value :  4.33275e-08
 Reference value :  4.33525e-08
 Reference value :  4.33825e-08
 Reference value :  4.34125e-08
 Reference value :  4.34375e-08
 Reference value :  4.34625e-08
 Reference value :  4.34825e-08
 Reference value :  4.35075e-08
 Reference value :  4.35375e-08
 Reference value :  4.35675e-08
 Reference value :  4.35925e-08
 Reference value :  4.36175e-08
 Reference value :  4.36425e-08
 Reference value :  4.36675e-08
 Reference value :  4.36925e-08
 Reference value :  4.37175e-08
 Reference value :  4.37475e-08
 Reference value :  4.37775e-08
 Reference value :  4.37975e-08
 Reference value :  4.38275e-08
 Reference value :  4.38475e-08
 Reference value :  4.38725e-08
 Reference value :  4.39025e-08
 Reference value :  4.39275e-08
 Reference value :  4.39525e-08
 Reference value :  4.39775e-08
 Reference value :  4.40075e-08
 Reference value :  4.40325e-08
 Reference value :  4.40575e-08
 Reference value :  4.40775e-08
 Reference value :  4.41025e-08
 Reference value :  4.41275e-08
 Reference value :  4.41525e-08
 Reference value :  4.41775e-08
 Reference value :  4.42025e-08
 Reference value :  4.42275e-08
 Reference value :  4.42475e-08
 Reference value :  4.42725e-08
 Reference value :  4.42975e-08
 Reference value :  4.43225e-08
 Reference value :  4.43475e-08
 Reference value :  4.43725e-08
 Reference value :  4.44025e-08
 Reference value :  4.44275e-08
 Reference value :  4.44525e-08
 Reference value :  4.44825e-08
 Reference value :  4.45025e-08
 Reference value :  4.45225e-08
 Reference value :  4.45525e-08
 Reference value :  4.45775e-08
 Reference value :  4.46025e-08
 Reference value :  4.46275e-08
 Reference value :  4.46525e-08
 Reference value :  4.46725e-08
 Reference value :  4.46925e-08
 Reference value :  4.47175e-08
 Reference value :  4.47425e-08
 Reference value :  4.47625e-08
 Reference value :  4.47875e-08
 Reference value :  4.48175e-08
 Reference value :  4.48425e-08
 Reference value :  4.48675e-08
 Reference value :  4.48925e-08
 Reference value :  4.49225e-08
 Reference value :  4.49525e-08
 Reference value :  4.49775e-08
 Reference value :  4.50075e-08
 Reference value :  4.50275e-08
 Reference value :  4.50475e-08
 Reference value :  4.50725e-08
 Reference value :  4.51000e-08
No. of Data Rows : 9034
Note: Simulation executed from .control section 
