
Note: Compatibility modes selected: hs a


Circuit: * comparator-decision regen-time sweep -- vindiff=2mv corner=ff temp=125.0c (issue #9)

option SCALE: Scale is set to 1e-06 for instance and model parameters
option SCALE: Scale is set to 1e-06 for instance and model parameters
option SCALE: Scale is set to 1e-06 for instance and model parameters
option SCALE: Scale is set to 1e-06 for instance and model parameters
Doing analysis at TEMP = 125.000000 and TNOM = 27.000000

Using KLU as Direct Linear Solver
 Reference value :  0.00000e+00
 Reference value :  4.00000e-13
 Reference value :  6.40000e-12
 Reference value :  2.64000e-11
 Reference value :  5.64000e-11
 Reference value :  7.64000e-11
 Reference value :  9.64000e-11
 Reference value :  1.16400e-10
 Reference value :  1.41400e-10
 Reference value :  1.61400e-10
 Reference value :  1.81400e-10
 Reference value :  2.06400e-10
 Reference value :  2.21400e-10
 Reference value :  2.41400e-10
 Reference value :  2.66400e-10
 Reference value :  2.86400e-10
 Reference value :  3.06400e-10
 Reference value :  3.26400e-10
 Reference value :  3.46400e-10
 Reference value :  3.76400e-10
 Reference value :  3.91400e-10
 Reference value :  4.06400e-10
 Reference value :  4.26400e-10
 Reference value :  4.46400e-10
 Reference value :  4.66400e-10
 Reference value :  4.86400e-10
 Reference value :  5.06400e-10
 Reference value :  5.21400e-10
 Reference value :  5.36400e-10
 Reference value :  5.61400e-10
 Reference value :  5.81400e-10
 Reference value :  6.06400e-10
 Reference value :  6.21400e-10
 Reference value :  6.46400e-10
 Reference value :  6.66400e-10
 Reference value :  6.86400e-10
 Reference value :  7.06400e-10
 Reference value :  7.26400e-10
 Reference value :  7.51400e-10
 Reference value :  7.71400e-10
 Reference value :  8.06400e-10
 Reference value :  8.26400e-10
 Reference value :  8.46400e-10
 Reference value :  8.66400e-10
 Reference value :  8.86400e-10
 Reference value :  9.06400e-10
 Reference value :  9.26400e-10
 Reference value :  9.56400e-10
 Reference value :  9.76400e-10
 Reference value :  9.96400e-10
 Reference value :  1.01140e-09
 Reference value :  1.03140e-09
 Reference value :  1.05140e-09
 Reference value :  1.07140e-09
 Reference value :  1.09140e-09
 Reference value :  1.11640e-09
 Reference value :  1.13140e-09
 Reference value :  1.14640e-09
 Reference value :  1.16140e-09
 Reference value :  1.18140e-09
 Reference value :  1.20640e-09
 Reference value :  1.22640e-09
 Reference value :  1.24640e-09
 Reference value :  1.26640e-09
 Reference value :  1.29140e-09
 Reference value :  1.31140e-09
 Reference value :  1.33140e-09
 Reference value :  1.35140e-09
 Reference value :  1.37640e-09
 Reference value :  1.39640e-09
 Reference value :  1.41640e-09
 Reference value :  1.44140e-09
 Reference value :  1.46140e-09
 Reference value :  1.48640e-09
 Reference value :  1.51140e-09
 Reference value :  1.53140e-09
 Reference value :  1.55140e-09
 Reference value :  1.57140e-09
 Reference value :  1.59140e-09
 Reference value :  1.61140e-09
 Reference value :  1.63640e-09
 Reference value :  1.66140e-09
 Reference value :  1.68640e-09
 Reference value :  1.71140e-09
 Reference value :  1.73140e-09
 Reference value :  1.75140e-09
 Reference value :  1.77140e-09
 Reference value :  1.79140e-09
 Reference value :  1.81140e-09
 Reference value :  1.83640e-09
 Reference value :  1.86140e-09
 Reference value :  1.87640e-09
 Reference value :  1.89140e-09
 Reference value :  1.91140e-09
 Reference value :  1.93140e-09
 Reference value :  1.95140e-09
 Reference value :  1.97140e-09
 Reference value :  1.99640e-09
 Reference value :  2.02140e-09
 Reference value :  2.04140e-09
 Reference value :  2.06140e-09
 Reference value :  2.07640e-09
 Reference value :  2.10140e-09
 Reference value :  2.11640e-09
 Reference value :  2.13640e-09
 Reference value :  2.15640e-09
 Reference value :  2.17140e-09
 Reference value :  2.19140e-09
 Reference value :  2.21140e-09
 Reference value :  2.23140e-09
 Reference value :  2.26640e-09
 Reference value :  2.28640e-09
 Reference value :  2.30640e-09
 Reference value :  2.32140e-09
 Reference value :  2.34140e-09
 Reference value :  2.36140e-09
 Reference value :  2.38140e-09
 Reference value :  2.40140e-09
 Reference value :  2.42140e-09
 Reference value :  2.44140e-09
 Reference value :  2.46140e-09
 Reference value :  2.48640e-09
 Reference value :  2.50640e-09
 Reference value :  2.53140e-09
 Reference value :  2.54640e-09
 Reference value :  2.56640e-09
 Reference value :  2.59140e-09
 Reference value :  2.61140e-09
 Reference value :  2.63140e-09
 Reference value :  2.65140e-09
 Reference value :  2.67140e-09
 Reference value :  2.69640e-09
 Reference value :  2.71140e-09
 Reference value :  2.73140e-09
 Reference value :  2.74640e-09
 Reference value :  2.76640e-09
 Reference value :  2.78640e-09
 Reference value :  2.80640e-09
 Reference value :  2.82640e-09
 Reference value :  2.85140e-09
 Reference value :  2.87140e-09
 Reference value :  2.89140e-09
 Reference value :  2.91140e-09
 Reference value :  2.93140e-09
 Reference value :  2.95140e-09
 Reference value :  2.97140e-09
 Reference value :  2.99140e-09
 Reference value :  3.01140e-09
 Reference value :  3.03140e-09
 Reference value :  3.05140e-09
 Reference value :  3.07140e-09
 Reference value :  3.09140e-09
 Reference value :  3.11140e-09
 Reference value :  3.13640e-09
 Reference value :  3.15640e-09
 Reference value :  3.18140e-09
 Reference value :  3.20140e-09
 Reference value :  3.22640e-09
 Reference value :  3.24640e-09
 Reference value :  3.26640e-09
 Reference value :  3.28640e-09
 Reference value :  3.30140e-09
 Reference value :  3.32140e-09
 Reference value :  3.34640e-09
 Reference value :  3.36640e-09
 Reference value :  3.38640e-09
 Reference value :  3.40640e-09
 Reference value :  3.42640e-09
 Reference value :  3.44140e-09
 Reference value :  3.46140e-09
 Reference value :  3.48140e-09
 Reference value :  3.50140e-09
 Reference value :  3.52640e-09
 Reference value :  3.55140e-09
 Reference value :  3.57640e-09
 Reference value :  3.59140e-09
 Reference value :  3.61140e-09
 Reference value :  3.63140e-09
 Reference value :  3.65640e-09
 Reference value :  3.68140e-09
 Reference value :  3.70140e-09
 Reference value :  3.71640e-09
 Reference value :  3.73640e-09
 Reference value :  3.76140e-09
 Reference value :  3.78140e-09
 Reference value :  3.80640e-09
 Reference value :  3.82640e-09
 Reference value :  3.85640e-09
 Reference value :  3.87640e-09
 Reference value :  3.89640e-09
 Reference value :  3.92640e-09
 Reference value :  3.95140e-09
 Reference value :  3.98140e-09
 Reference value :  4.00140e-09
 Reference value :  4.02140e-09
 Reference value :  4.04140e-09
 Reference value :  4.06140e-09
 Reference value :  4.08640e-09
 Reference value :  4.10640e-09
 Reference value :  4.12140e-09
 Reference value :  4.14140e-09
 Reference value :  4.16140e-09
 Reference value :  4.18140e-09
 Reference value :  4.19640e-09
 Reference value :  4.22140e-09
 Reference value :  4.24640e-09
 Reference value :  4.26640e-09
 Reference value :  4.28640e-09
 Reference value :  4.31140e-09
 Reference value :  4.33140e-09
 Reference value :  4.36140e-09
 Reference value :  4.38140e-09
 Reference value :  4.40140e-09
 Reference value :  4.42140e-09
 Reference value :  4.44140e-09
 Reference value :  4.46140e-09
 Reference value :  4.48140e-09
 Reference value :  4.50640e-09
 Reference value :  4.52640e-09
 Reference value :  4.54640e-09
 Reference value :  4.56640e-09
 Reference value :  4.58640e-09
 Reference value :  4.60640e-09
 Reference value :  4.62140e-09
 Reference value :  4.64140e-09
 Reference value :  4.66140e-09
 Reference value :  4.68140e-09
 Reference value :  4.70140e-09
 Reference value :  4.72140e-09
 Reference value :  4.73640e-09
 Reference value :  4.75640e-09
 Reference value :  4.77640e-09
 Reference value :  4.79140e-09
 Reference value :  4.81140e-09
 Reference value :  4.82640e-09
 Reference value :  4.84640e-09
 Reference value :  4.87140e-09
 Reference value :  4.89140e-09
 Reference value :  4.90640e-09
 Reference value :  4.92640e-09
 Reference value :  4.94640e-09
 Reference value :  4.96640e-09
 Reference value :  4.98640e-09
 Reference value :  5.00050e-09
 Reference value :  5.01250e-09
 Reference value :  5.03250e-09
 Reference value :  5.05250e-09
 Reference value :  5.07250e-09
 Reference value :  5.09250e-09
 Reference value :  5.10750e-09
 Reference value :  5.12250e-09
 Reference value :  5.13750e-09
 Reference value :  5.15750e-09
 Reference value :  5.17250e-09
 Reference value :  5.18750e-09
 Reference value :  5.20750e-09
 Reference value :  5.22750e-09
 Reference value :  5.24750e-09
 Reference value :  5.27250e-09
 Reference value :  5.29750e-09
 Reference value :  5.31750e-09
 Reference value :  5.34250e-09
 Reference value :  5.36250e-09
 Reference value :  5.38250e-09
 Reference value :  5.40250e-09
 Reference value :  5.41750e-09
 Reference value :  5.43250e-09
 Reference value :  5.45750e-09
 Reference value :  5.47750e-09
 Reference value :  5.50250e-09
 Reference value :  5.52250e-09
 Reference value :  5.53750e-09
 Reference value :  5.55250e-09
 Reference value :  5.58250e-09
 Reference value :  5.60750e-09
 Reference value :  5.63250e-09
 Reference value :  5.65250e-09
 Reference value :  5.67250e-09
 Reference value :  5.69250e-09
 Reference value :  5.71250e-09
 Reference value :  5.73250e-09
 Reference value :  5.75250e-09
 Reference value :  5.77250e-09
 Reference value :  5.79750e-09
 Reference value :  5.82250e-09
 Reference value :  5.83750e-09
 Reference value :  5.86250e-09
 Reference value :  5.88250e-09
 Reference value :  5.90250e-09
 Reference value :  5.92750e-09
 Reference value :  5.94750e-09
 Reference value :  5.96250e-09
 Reference value :  5.98250e-09
 Reference value :  6.00250e-09
 Reference value :  6.02750e-09
 Reference value :  6.05750e-09
 Reference value :  6.07750e-09
 Reference value :  6.09750e-09
 Reference value :  6.11750e-09
 Reference value :  6.13250e-09
 Reference value :  6.14750e-09
 Reference value :  6.17250e-09
 Reference value :  6.18750e-09
 Reference value :  6.20250e-09
 Reference value :  6.22250e-09
 Reference value :  6.24750e-09
 Reference value :  6.27250e-09
 Reference value :  6.29250e-09
 Reference value :  6.31250e-09
 Reference value :  6.33250e-09
 Reference value :  6.35250e-09
 Reference value :  6.37750e-09
 Reference value :  6.40750e-09
 Reference value :  6.42750e-09
 Reference value :  6.44750e-09
 Reference value :  6.47250e-09
 Reference value :  6.49750e-09
 Reference value :  6.52250e-09
 Reference value :  6.54250e-09
 Reference value :  6.56750e-09
 Reference value :  6.59250e-09
 Reference value :  6.61250e-09
 Reference value :  6.63250e-09
 Reference value :  6.65250e-09
 Reference value :  6.67250e-09
 Reference value :  6.69250e-09
 Reference value :  6.71250e-09
 Reference value :  6.73250e-09
 Reference value :  6.75250e-09
 Reference value :  6.77250e-09
 Reference value :  6.79250e-09
 Reference value :  6.81250e-09
 Reference value :  6.83750e-09
 Reference value :  6.85750e-09
 Reference value :  6.88250e-09
 Reference value :  6.90750e-09
 Reference value :  6.92750e-09
 Reference value :  6.94750e-09
 Reference value :  6.97750e-09
 Reference value :  6.99750e-09
 Reference value :  7.02250e-09
 Reference value :  7.04750e-09
 Reference value :  7.06750e-09
 Reference value :  7.09250e-09
 Reference value :  7.11250e-09
 Reference value :  7.13250e-09
 Reference value :  7.15250e-09
 Reference value :  7.17250e-09
 Reference value :  7.19250e-09
 Reference value :  7.21250e-09
 Reference value :  7.23250e-09
 Reference value :  7.25250e-09
 Reference value :  7.27250e-09
 Reference value :  7.29750e-09
 Reference value :  7.31750e-09
 Reference value :  7.33750e-09
 Reference value :  7.35750e-09
 Reference value :  7.39250e-09
 Reference value :  7.41250e-09
 Reference value :  7.43250e-09
 Reference value :  7.45250e-09
 Reference value :  7.46750e-09
 Reference value :  7.48750e-09
 Reference value :  7.50250e-09
 Reference value :  7.51750e-09
 Reference value :  7.53750e-09
 Reference value :  7.55750e-09
 Reference value :  7.57750e-09
 Reference value :  7.59250e-09
 Reference value :  7.61250e-09
 Reference value :  7.63250e-09
 Reference value :  7.65750e-09
 Reference value :  7.67750e-09
 Reference value :  7.69250e-09
 Reference value :  7.71250e-09
 Reference value :  7.72750e-09
 Reference value :  7.74250e-09
 Reference value :  7.76250e-09
 Reference value :  7.78250e-09
 Reference value :  7.79750e-09
 Reference value :  7.81750e-09
 Reference value :  7.83750e-09
 Reference value :  7.85750e-09
 Reference value :  7.87750e-09
 Reference value :  7.89750e-09
 Reference value :  7.91750e-09
 Reference value :  7.93250e-09
 Reference value :  7.95250e-09
 Reference value :  7.97250e-09
 Reference value :  7.99250e-09
 Reference value :  8.01250e-09
 Reference value :  8.03250e-09
 Reference value :  8.04750e-09
 Reference value :  8.06250e-09
 Reference value :  8.08250e-09
 Reference value :  8.10250e-09
 Reference value :  8.12750e-09
 Reference value :  8.14250e-09
 Reference value :  8.16250e-09
 Reference value :  8.18250e-09
 Reference value :  8.20250e-09
 Reference value :  8.22250e-09
 Reference value :  8.24250e-09
 Reference value :  8.26750e-09
 Reference value :  8.28750e-09
 Reference value :  8.30750e-09
 Reference value :  8.32750e-09
 Reference value :  8.34750e-09
 Reference value :  8.36750e-09
 Reference value :  8.38750e-09
 Reference value :  8.40750e-09
 Reference value :  8.42250e-09
 Reference value :  8.43750e-09
 Reference value :  8.45750e-09
 Reference value :  8.47250e-09
 Reference value :  8.49250e-09
 Reference value :  8.51750e-09
 Reference value :  8.53250e-09
 Reference value :  8.55250e-09
 Reference value :  8.57250e-09
 Reference value :  8.59250e-09
 Reference value :  8.61750e-09
 Reference value :  8.63750e-09
 Reference value :  8.65750e-09
 Reference value :  8.70750e-09
 Reference value :  8.72750e-09
 Reference value :  8.95750e-09
 Reference value :  9.39750e-09
 Reference value :  9.41250e-09
 Reference value :  9.43250e-09
 Reference value :  9.45250e-09
 Reference value :  9.47250e-09
 Reference value :  9.49250e-09
 Reference value :  9.51250e-09
 Reference value :  9.53250e-09
 Reference value :  9.83250e-09
 Reference value :  9.85250e-09
 Reference value :  9.87250e-09
 Reference value :  9.89250e-09
 Reference value :  9.91750e-09
 Reference value :  9.93750e-09
 Reference value :  9.95750e-09
 Reference value :  9.97750e-09
 Reference value :  9.99750e-09
 Reference value :  1.00225e-08
 Reference value :  1.00425e-08
 Reference value :  1.00675e-08
 Reference value :  1.00875e-08
 Reference value :  1.01075e-08
 Reference value :  1.01275e-08
 Reference value :  1.01475e-08
 Reference value :  1.01675e-08
 Reference value :  1.01925e-08
 Reference value :  1.02125e-08
 Reference value :  1.02325e-08
 Reference value :  1.02525e-08
 Reference value :  1.02675e-08
 Reference value :  1.02875e-08
 Reference value :  1.03025e-08
 Reference value :  1.03175e-08
 Reference value :  1.03375e-08
 Reference value :  1.03525e-08
 Reference value :  1.03725e-08
 Reference value :  1.03925e-08
 Reference value :  1.04125e-08
 Reference value :  1.04325e-08
 Reference value :  1.04525e-08
 Reference value :  1.04725e-08
 Reference value :  1.04925e-08
 Reference value :  1.05125e-08
 Reference value :  1.05325e-08
 Reference value :  1.05475e-08
 Reference value :  1.05675e-08
 Reference value :  1.05825e-08
 Reference value :  1.06025e-08
 Reference value :  1.06175e-08
 Reference value :  1.06375e-08
 Reference value :  1.06525e-08
 Reference value :  1.06725e-08
 Reference value :  1.06925e-08
 Reference value :  1.07125e-08
 Reference value :  1.07325e-08
 Reference value :  1.07525e-08
 Reference value :  1.07725e-08
 Reference value :  1.07925e-08
 Reference value :  1.08125e-08
 Reference value :  1.08475e-08
 Reference value :  1.08675e-08
 Reference value :  1.08875e-08
 Reference value :  1.09075e-08
 Reference value :  1.09275e-08
 Reference value :  1.09425e-08
 Reference value :  1.09625e-08
 Reference value :  1.09825e-08
 Reference value :  1.10025e-08
 Reference value :  1.10225e-08
 Reference value :  1.10425e-08
 Reference value :  1.10625e-08
 Reference value :  1.10875e-08
 Reference value :  1.11025e-08
 Reference value :  1.11225e-08
 Reference value :  1.11425e-08
 Reference value :  1.11625e-08
 Reference value :  1.11825e-08
 Reference value :  1.15625e-08
 Reference value :  1.15825e-08
 Reference value :  1.16025e-08
 Reference value :  1.16225e-08
 Reference value :  1.16425e-08
 Reference value :  1.16625e-08
 Reference value :  1.16825e-08
 Reference value :  1.17025e-08
 Reference value :  1.17225e-08
 Reference value :  1.17425e-08
 Reference value :  1.17625e-08
 Reference value :  1.17825e-08
 Reference value :  1.18025e-08
 Reference value :  1.18225e-08
 Reference value :  1.18425e-08
 Reference value :  1.18625e-08
 Reference value :  1.18825e-08
 Reference value :  1.19025e-08
 Reference value :  1.19225e-08
 Reference value :  1.19425e-08
 Reference value :  1.19675e-08
 Reference value :  1.19925e-08
 Reference value :  1.20125e-08
 Reference value :  1.20325e-08
 Reference value :  1.20525e-08
 Reference value :  1.20725e-08
 Reference value :  1.20925e-08
 Reference value :  1.21125e-08
 Reference value :  1.21325e-08
 Reference value :  1.21525e-08
 Reference value :  1.21725e-08
 Reference value :  1.21925e-08
 Reference value :  1.22125e-08
 Reference value :  1.22325e-08
 Reference value :  1.22525e-08
 Reference value :  1.22725e-08
 Reference value :  1.22925e-08
 Reference value :  1.23125e-08
 Reference value :  1.23325e-08
 Reference value :  1.23525e-08
 Reference value :  1.23725e-08
 Reference value :  1.23925e-08
 Reference value :  1.24125e-08
 Reference value :  1.24325e-08
 Reference value :  1.24525e-08
 Reference value :  1.24725e-08
 Reference value :  1.24925e-08
 Reference value :  1.25125e-08
 Reference value :  1.25325e-08
 Reference value :  1.25525e-08
 Reference value :  1.25725e-08
 Reference value :  1.25925e-08
 Reference value :  1.26125e-08
 Reference value :  1.26325e-08
 Reference value :  1.26525e-08
 Reference value :  1.26725e-08
 Reference value :  1.26925e-08
 Reference value :  1.27125e-08
 Reference value :  1.27325e-08
 Reference value :  1.27525e-08
 Reference value :  1.27725e-08
 Reference value :  1.27925e-08
 Reference value :  1.28125e-08
 Reference value :  1.28325e-08
 Reference value :  1.28525e-08
 Reference value :  1.28725e-08
 Reference value :  1.28925e-08
 Reference value :  1.29125e-08
 Reference value :  1.29325e-08
 Reference value :  1.29525e-08
 Reference value :  1.29725e-08
 Reference value :  1.29925e-08
 Reference value :  1.30125e-08
 Reference value :  1.30325e-08
 Reference value :  1.30525e-08
 Reference value :  1.30725e-08
 Reference value :  1.30925e-08
 Reference value :  1.31125e-08
 Reference value :  1.31325e-08
 Reference value :  1.31525e-08
 Reference value :  1.31725e-08
 Reference value :  1.31925e-08
 Reference value :  1.32125e-08
 Reference value :  1.32325e-08
 Reference value :  1.32525e-08
 Reference value :  1.32725e-08
 Reference value :  1.32925e-08
 Reference value :  1.33125e-08
 Reference value :  1.33325e-08
 Reference value :  1.33525e-08
 Reference value :  1.33725e-08
 Reference value :  1.33925e-08
 Reference value :  1.34125e-08
 Reference value :  1.34325e-08
 Reference value :  1.34525e-08
 Reference value :  1.34725e-08
 Reference value :  1.34925e-08
 Reference value :  1.35125e-08
 Reference value :  1.35325e-08
 Reference value :  1.35525e-08
 Reference value :  1.35725e-08
 Reference value :  1.35925e-08
 Reference value :  1.36125e-08
 Reference value :  1.36325e-08
 Reference value :  1.36525e-08
 Reference value :  1.36725e-08
 Reference value :  1.36925e-08
 Reference value :  1.37125e-08
 Reference value :  1.37325e-08
 Reference value :  1.37525e-08
 Reference value :  1.37725e-08
 Reference value :  1.37925e-08
 Reference value :  1.38125e-08
 Reference value :  1.38325e-08
 Reference value :  1.38525e-08
 Reference value :  1.38725e-08
 Reference value :  1.38925e-08
 Reference value :  1.39125e-08
 Reference value :  1.39325e-08
 Reference value :  1.39525e-08
 Reference value :  1.39725e-08
 Reference value :  1.39925e-08
 Reference value :  1.40125e-08
 Reference value :  1.40325e-08
 Reference value :  1.40525e-08
 Reference value :  1.40725e-08
 Reference value :  1.40975e-08
 Reference value :  1.41175e-08
 Reference value :  1.41375e-08
 Reference value :  1.41625e-08
 Reference value :  1.41875e-08
 Reference value :  1.42125e-08
 Reference value :  1.42325e-08
 Reference value :  1.42575e-08
 Reference value :  1.42775e-08
 Reference value :  1.42975e-08
 Reference value :  1.43175e-08
 Reference value :  1.43375e-08
 Reference value :  1.43575e-08
 Reference value :  1.43775e-08
 Reference value :  1.43975e-08
 Reference value :  1.44175e-08
 Reference value :  1.44425e-08
 Reference value :  1.44625e-08
 Reference value :  1.44825e-08
 Reference value :  1.45025e-08
 Reference value :  1.45225e-08
 Reference value :  1.45425e-08
 Reference value :  1.45625e-08
 Reference value :  1.45825e-08
 Reference value :  1.46025e-08
 Reference value :  1.46225e-08
 Reference value :  1.46425e-08
 Reference value :  1.46625e-08
 Reference value :  1.46825e-08
 Reference value :  1.47025e-08
 Reference value :  1.47225e-08
 Reference value :  1.47425e-08
 Reference value :  1.47625e-08
 Reference value :  1.47825e-08
 Reference value :  1.48025e-08
 Reference value :  1.48225e-08
 Reference value :  1.48425e-08
 Reference value :  1.48625e-08
 Reference value :  1.48825e-08
 Reference value :  1.49025e-08
 Reference value :  1.49225e-08
 Reference value :  1.49425e-08
 Reference value :  1.49625e-08
 Reference value :  1.49825e-08
 Reference value :  1.50025e-08
 Reference value :  1.50225e-08
 Reference value :  1.50425e-08
 Reference value :  1.50625e-08
 Reference value :  1.50825e-08
 Reference value :  1.51025e-08
 Reference value :  1.51225e-08
 Reference value :  1.51425e-08
 Reference value :  1.51625e-08
 Reference value :  1.51825e-08
 Reference value :  1.52025e-08
 Reference value :  1.52225e-08
 Reference value :  1.52425e-08
 Reference value :  1.52625e-08
 Reference value :  1.52825e-08
 Reference value :  1.53025e-08
 Reference value :  1.53225e-08
 Reference value :  1.53425e-08
 Reference value :  1.53625e-08
 Reference value :  1.53825e-08
 Reference value :  1.54025e-08
 Reference value :  1.54225e-08
 Reference value :  1.54425e-08
 Reference value :  1.54625e-08
 Reference value :  1.54825e-08
 Reference value :  1.55025e-08
 Reference value :  1.55225e-08
 Reference value :  1.55425e-08
 Reference value :  1.55625e-08
 Reference value :  1.55825e-08
 Reference value :  1.56025e-08
 Reference value :  1.56225e-08
 Reference value :  1.56425e-08
 Reference value :  1.56625e-08
 Reference value :  1.56825e-08
 Reference value :  1.57025e-08
 Reference value :  1.57225e-08
 Reference value :  1.57425e-08
 Reference value :  1.57675e-08
 Reference value :  1.57875e-08
 Reference value :  1.58075e-08
 Reference value :  1.58275e-08
 Reference value :  1.58475e-08
 Reference value :  1.58675e-08
 Reference value :  1.58925e-08
 Reference value :  1.59125e-08
 Reference value :  1.59325e-08
 Reference value :  1.59525e-08
 Reference value :  1.59725e-08
 Reference value :  1.59925e-08
 Reference value :  1.60125e-08
 Reference value :  1.60375e-08
 Reference value :  1.60575e-08
 Reference value :  1.60775e-08
 Reference value :  1.60975e-08
 Reference value :  1.61175e-08
 Reference value :  1.61375e-08
 Reference value :  1.61575e-08
 Reference value :  1.61775e-08
 Reference value :  1.62025e-08
 Reference value :  1.62225e-08
 Reference value :  1.62425e-08
 Reference value :  1.62625e-08
 Reference value :  1.62825e-08
 Reference value :  1.63025e-08
 Reference value :  1.63225e-08
 Reference value :  1.63425e-08
 Reference value :  1.63625e-08
 Reference value :  1.63825e-08
 Reference value :  1.64025e-08
 Reference value :  1.64225e-08
 Reference value :  1.64425e-08
 Reference value :  1.64625e-08
 Reference value :  1.64825e-08
 Reference value :  1.65025e-08
 Reference value :  1.65225e-08
 Reference value :  1.65425e-08
 Reference value :  1.65625e-08
 Reference value :  1.65825e-08
 Reference value :  1.66025e-08
 Reference value :  1.66225e-08
 Reference value :  1.66475e-08
 Reference value :  1.66675e-08
 Reference value :  1.66875e-08
 Reference value :  1.67075e-08
 Reference value :  1.67325e-08
 Reference value :  1.67525e-08
 Reference value :  1.67775e-08
 Reference value :  1.67975e-08
 Reference value :  1.68175e-08
 Reference value :  1.68375e-08
 Reference value :  1.68575e-08
 Reference value :  1.68775e-08
 Reference value :  1.68975e-08
 Reference value :  1.69175e-08
 Reference value :  1.69375e-08
 Reference value :  1.69575e-08
 Reference value :  1.69775e-08
 Reference value :  1.69975e-08
 Reference value :  1.70175e-08
 Reference value :  1.70375e-08
 Reference value :  1.70575e-08
 Reference value :  1.70775e-08
 Reference value :  1.70975e-08
 Reference value :  1.71175e-08
 Reference value :  1.71375e-08
 Reference value :  1.71575e-08
 Reference value :  1.71775e-08
 Reference value :  1.71975e-08
 Reference value :  1.72175e-08
 Reference value :  1.72375e-08
 Reference value :  1.72575e-08
 Reference value :  1.72775e-08
 Reference value :  1.72975e-08
 Reference value :  1.73175e-08
 Reference value :  1.73375e-08
 Reference value :  1.73575e-08
 Reference value :  1.73775e-08
 Reference value :  1.73975e-08
 Reference value :  1.74175e-08
 Reference value :  1.74375e-08
 Reference value :  1.74575e-08
 Reference value :  1.74775e-08
 Reference value :  1.74975e-08
 Reference value :  1.75175e-08
 Reference value :  1.75375e-08
 Reference value :  1.75575e-08
 Reference value :  1.75775e-08
 Reference value :  1.75975e-08
 Reference value :  1.76175e-08
 Reference value :  1.76375e-08
 Reference value :  1.76575e-08
 Reference value :  1.76775e-08
 Reference value :  1.76975e-08
 Reference value :  1.77175e-08
 Reference value :  1.77375e-08
 Reference value :  1.77575e-08
 Reference value :  1.77775e-08
 Reference value :  1.77975e-08
 Reference value :  1.78175e-08
 Reference value :  1.78375e-08
 Reference value :  1.78575e-08
 Reference value :  1.78775e-08
 Reference value :  1.78975e-08
 Reference value :  1.79175e-08
 Reference value :  1.79375e-08
 Reference value :  1.79575e-08
 Reference value :  1.79775e-08
 Reference value :  1.79975e-08
 Reference value :  1.80175e-08
 Reference value :  1.80375e-08
 Reference value :  1.80575e-08
 Reference value :  1.80775e-08
 Reference value :  1.80975e-08
 Reference value :  1.81175e-08
 Reference value :  1.81375e-08
 Reference value :  1.81525e-08
 Reference value :  1.81725e-08
 Reference value :  1.81925e-08
 Reference value :  1.82125e-08
 Reference value :  1.82325e-08
 Reference value :  1.82525e-08
 Reference value :  1.82725e-08
 Reference value :  1.82925e-08
 Reference value :  1.83125e-08
 Reference value :  1.83325e-08
 Reference value :  1.83525e-08
 Reference value :  1.83725e-08
 Reference value :  1.83925e-08
 Reference value :  1.84125e-08
 Reference value :  1.84325e-08
 Reference value :  1.84525e-08
 Reference value :  1.84725e-08
 Reference value :  1.84925e-08
 Reference value :  1.85125e-08
 Reference value :  1.85325e-08
 Reference value :  1.85525e-08
 Reference value :  1.85825e-08
 Reference value :  1.86075e-08
 Reference value :  1.86325e-08
 Reference value :  1.86575e-08
 Reference value :  1.86825e-08
 Reference value :  1.87125e-08
 Reference value :  1.87375e-08
 Reference value :  1.87625e-08
 Reference value :  1.87875e-08
 Reference value :  1.88175e-08
 Reference value :  1.88375e-08
 Reference value :  1.88625e-08
 Reference value :  1.88875e-08
 Reference value :  1.89125e-08
 Reference value :  1.89375e-08
 Reference value :  1.89575e-08
 Reference value :  1.89775e-08
 Reference value :  1.90025e-08
 Reference value :  1.90275e-08
 Reference value :  1.90475e-08
 Reference value :  1.90675e-08
 Reference value :  1.90925e-08
 Reference value :  1.91125e-08
 Reference value :  1.91325e-08
 Reference value :  1.91525e-08
 Reference value :  1.91775e-08
 Reference value :  1.91975e-08
 Reference value :  1.92225e-08
 Reference value :  1.92475e-08
 Reference value :  1.92675e-08
 Reference value :  1.92925e-08
 Reference value :  1.93175e-08
 Reference value :  1.93425e-08
 Reference value :  1.93675e-08
 Reference value :  1.93875e-08
 Reference value :  1.94075e-08
 Reference value :  1.94325e-08
 Reference value :  1.94575e-08
 Reference value :  1.94775e-08
 Reference value :  1.94975e-08
 Reference value :  1.95225e-08
 Reference value :  1.95475e-08
 Reference value :  1.95725e-08
 Reference value :  1.95925e-08
 Reference value :  1.96125e-08
 Reference value :  1.96325e-08
 Reference value :  1.96525e-08
 Reference value :  1.96725e-08
 Reference value :  1.96925e-08
 Reference value :  1.97075e-08
 Reference value :  1.97275e-08
 Reference value :  1.97475e-08
 Reference value :  1.97625e-08
 Reference value :  1.97825e-08
 Reference value :  1.98025e-08
 Reference value :  1.98225e-08
 Reference value :  1.98425e-08
 Reference value :  1.98625e-08
 Reference value :  1.98825e-08
 Reference value :  1.99025e-08
 Reference value :  1.99225e-08
 Reference value :  1.99375e-08
 Reference value :  1.99525e-08
 Reference value :  1.99725e-08
 Reference value :  1.99875e-08
 Reference value :  2.00075e-08
 Reference value :  2.00275e-08
 Reference value :  2.00475e-08
 Reference value :  2.00675e-08
 Reference value :  2.00875e-08
 Reference value :  2.01175e-08
 Reference value :  2.01375e-08
 Reference value :  2.01675e-08
 Reference value :  2.02025e-08
 Reference value :  2.02175e-08
 Reference value :  2.02375e-08
 Reference value :  2.02525e-08
 Reference value :  2.02725e-08
 Reference value :  2.02975e-08
 Reference value :  2.03125e-08
 Reference value :  2.03375e-08
 Reference value :  2.03625e-08
 Reference value :  2.03875e-08
 Reference value :  2.04025e-08
 Reference value :  2.04225e-08
 Reference value :  2.04425e-08
 Reference value :  2.04575e-08
 Reference value :  2.04775e-08
 Reference value :  2.05025e-08
 Reference value :  2.05275e-08
 Reference value :  2.05425e-08
 Reference value :  2.05575e-08
 Reference value :  2.05775e-08
 Reference value :  2.06025e-08
 Reference value :  2.06275e-08
 Reference value :  2.06525e-08
 Reference value :  2.06825e-08
 Reference value :  2.07025e-08
 Reference value :  2.07275e-08
 Reference value :  2.07475e-08
 Reference value :  2.07675e-08
 Reference value :  2.07975e-08
 Reference value :  2.08225e-08
 Reference value :  2.08425e-08
 Reference value :  2.08625e-08
 Reference value :  2.08875e-08
 Reference value :  2.09075e-08
 Reference value :  2.09275e-08
 Reference value :  2.09425e-08
 Reference value :  2.09625e-08
 Reference value :  2.09875e-08
 Reference value :  2.10125e-08
 Reference value :  2.10375e-08
 Reference value :  2.10675e-08
 Reference value :  2.10925e-08
 Reference value :  2.11225e-08
 Reference value :  2.11475e-08
 Reference value :  2.11675e-08
 Reference value :  2.11875e-08
 Reference value :  2.12075e-08
 Reference value :  2.12275e-08
 Reference value :  2.12525e-08
 Reference value :  2.12775e-08
 Reference value :  2.13025e-08
 Reference value :  2.13275e-08
 Reference value :  2.13525e-08
 Reference value :  2.13775e-08
 Reference value :  2.14025e-08
 Reference value :  2.14275e-08
 Reference value :  2.14575e-08
 Reference value :  2.14825e-08
 Reference value :  2.15125e-08
 Reference value :  2.15375e-08
 Reference value :  2.15575e-08
 Reference value :  2.15825e-08
 Reference value :  2.16075e-08
 Reference value :  2.16325e-08
 Reference value :  2.16525e-08
 Reference value :  2.16675e-08
 Reference value :  2.16875e-08
 Reference value :  2.17125e-08
 Reference value :  2.17375e-08
 Reference value :  2.17575e-08
 Reference value :  2.17775e-08
 Reference value :  2.18025e-08
 Reference value :  2.18225e-08
 Reference value :  2.18425e-08
 Reference value :  2.18675e-08
 Reference value :  2.18925e-08
 Reference value :  2.19175e-08
 Reference value :  2.19375e-08
 Reference value :  2.19625e-08
 Reference value :  2.19875e-08
 Reference value :  2.20125e-08
 Reference value :  2.20325e-08
 Reference value :  2.20475e-08
 Reference value :  2.20675e-08
 Reference value :  2.20925e-08
 Reference value :  2.21125e-08
 Reference value :  2.21375e-08
 Reference value :  2.21625e-08
 Reference value :  2.21825e-08
 Reference value :  2.22075e-08
 Reference value :  2.22325e-08
 Reference value :  2.22575e-08
 Reference value :  2.22825e-08
 Reference value :  2.23025e-08
 Reference value :  2.23275e-08
 Reference value :  2.23475e-08
 Reference value :  2.23675e-08
 Reference value :  2.23875e-08
 Reference value :  2.24125e-08
 Reference value :  2.24375e-08
 Reference value :  2.24625e-08
 Reference value :  2.24825e-08
 Reference value :  2.25025e-08
 Reference value :  2.25175e-08
 Reference value :  2.25375e-08
 Reference value :  2.25575e-08
 Reference value :  2.25875e-08
 Reference value :  2.26125e-08
 Reference value :  2.26425e-08
 Reference value :  2.26725e-08
 Reference value :  2.26925e-08
 Reference value :  2.27225e-08
 Reference value :  2.27475e-08
 Reference value :  2.27725e-08
 Reference value :  2.28025e-08
 Reference value :  2.28225e-08
 Reference value :  2.28375e-08
 Reference value :  2.28575e-08
 Reference value :  2.28825e-08
 Reference value :  2.28975e-08
 Reference value :  2.29175e-08
 Reference value :  2.29375e-08
 Reference value :  2.29625e-08
 Reference value :  2.29825e-08
 Reference value :  2.30025e-08
 Reference value :  2.30225e-08
 Reference value :  2.30475e-08
 Reference value :  2.30725e-08
 Reference value :  2.30925e-08
 Reference value :  2.31175e-08
 Reference value :  2.31425e-08
 Reference value :  2.31675e-08
 Reference value :  2.31825e-08
 Reference value :  2.32025e-08
 Reference value :  2.32275e-08
 Reference value :  2.32525e-08
 Reference value :  2.32825e-08
 Reference value :  2.33125e-08
 Reference value :  2.33375e-08
 Reference value :  2.33575e-08
 Reference value :  2.33825e-08
 Reference value :  2.34075e-08
 Reference value :  2.34325e-08
 Reference value :  2.34575e-08
 Reference value :  2.34825e-08
 Reference value :  2.35075e-08
 Reference value :  2.35275e-08
 Reference value :  2.35475e-08
 Reference value :  2.35675e-08
 Reference value :  2.35925e-08
 Reference value :  2.36175e-08
 Reference value :  2.36425e-08
 Reference value :  2.36625e-08
 Reference value :  2.36825e-08
 Reference value :  2.37075e-08
 Reference value :  2.37275e-08
 Reference value :  2.37475e-08
 Reference value :  2.37675e-08
 Reference value :  2.37925e-08
 Reference value :  2.38125e-08
 Reference value :  2.38275e-08
 Reference value :  2.38525e-08
 Reference value :  2.38775e-08
 Reference value :  2.38975e-08
 Reference value :  2.39175e-08
 Reference value :  2.39425e-08
 Reference value :  2.39675e-08
 Reference value :  2.39975e-08
 Reference value :  2.40275e-08
 Reference value :  2.40575e-08
 Reference value :  2.40825e-08
 Reference value :  2.41075e-08
 Reference value :  2.41275e-08
 Reference value :  2.41575e-08
 Reference value :  2.41775e-08
 Reference value :  2.41975e-08
 Reference value :  2.42225e-08
 Reference value :  2.42425e-08
 Reference value :  2.42625e-08
 Reference value :  2.42825e-08
 Reference value :  2.43125e-08
 Reference value :  2.43375e-08
 Reference value :  2.43625e-08
 Reference value :  2.43875e-08
 Reference value :  2.44125e-08
 Reference value :  2.44375e-08
 Reference value :  2.44625e-08
 Reference value :  2.44825e-08
 Reference value :  2.45075e-08
 Reference value :  2.45325e-08
 Reference value :  2.45525e-08
 Reference value :  2.45775e-08
 Reference value :  2.45975e-08
 Reference value :  2.46175e-08
 Reference value :  2.46375e-08
 Reference value :  2.46575e-08
 Reference value :  2.46775e-08
 Reference value :  2.46975e-08
 Reference value :  2.47175e-08
 Reference value :  2.47375e-08
 Reference value :  2.47575e-08
 Reference value :  2.47875e-08
 Reference value :  2.48125e-08
 Reference value :  2.48375e-08
 Reference value :  2.48625e-08
 Reference value :  2.48825e-08
 Reference value :  2.49025e-08
 Reference value :  2.49225e-08
 Reference value :  2.49475e-08
 Reference value :  2.49725e-08
 Reference value :  2.49975e-08
 Reference value :  2.50225e-08
 Reference value :  2.50475e-08
 Reference value :  2.50725e-08
 Reference value :  2.50975e-08
 Reference value :  2.51175e-08
 Reference value :  2.51425e-08
 Reference value :  2.51625e-08
 Reference value :  2.51825e-08
 Reference value :  2.52025e-08
 Reference value :  2.52275e-08
 Reference value :  2.52525e-08
 Reference value :  2.52775e-08
 Reference value :  2.53025e-08
 Reference value :  2.53375e-08
 Reference value :  2.53625e-08
 Reference value :  2.53925e-08
 Reference value :  2.54125e-08
 Reference value :  2.54375e-08
 Reference value :  2.54575e-08
 Reference value :  2.54725e-08
 Reference value :  2.54975e-08
 Reference value :  2.55275e-08
 Reference value :  2.55525e-08
 Reference value :  2.55725e-08
 Reference value :  2.55975e-08
 Reference value :  2.56275e-08
 Reference value :  2.56525e-08
 Reference value :  2.56825e-08
 Reference value :  2.57075e-08
 Reference value :  2.57275e-08
 Reference value :  2.57525e-08
 Reference value :  2.57775e-08
 Reference value :  2.57975e-08
 Reference value :  2.58175e-08
 Reference value :  2.58375e-08
 Reference value :  2.58625e-08
 Reference value :  2.58875e-08
 Reference value :  2.59125e-08
 Reference value :  2.59325e-08
 Reference value :  2.59575e-08
 Reference value :  2.59825e-08
 Reference value :  2.60025e-08
 Reference value :  2.60325e-08
 Reference value :  2.60575e-08
 Reference value :  2.60825e-08
 Reference value :  2.61075e-08
 Reference value :  2.61325e-08
 Reference value :  2.61575e-08
 Reference value :  2.61875e-08
 Reference value :  2.62175e-08
 Reference value :  2.62425e-08
 Reference value :  2.62625e-08
 Reference value :  2.62925e-08
 Reference value :  2.63175e-08
 Reference value :  2.63375e-08
 Reference value :  2.63625e-08
 Reference value :  2.63875e-08
 Reference value :  2.64075e-08
 Reference value :  2.64325e-08
 Reference value :  2.64575e-08
 Reference value :  2.64825e-08
 Reference value :  2.65075e-08
 Reference value :  2.65275e-08
 Reference value :  2.65475e-08
 Reference value :  2.65675e-08
 Reference value :  2.65925e-08
 Reference value :  2.66225e-08
 Reference value :  2.66425e-08
 Reference value :  2.66675e-08
 Reference value :  2.66975e-08
 Reference value :  2.67175e-08
 Reference value :  2.67425e-08
 Reference value :  2.67575e-08
 Reference value :  2.67825e-08
 Reference value :  2.68025e-08
 Reference value :  2.68275e-08
 Reference value :  2.68525e-08
 Reference value :  2.68775e-08
 Reference value :  2.68975e-08
 Reference value :  2.69225e-08
 Reference value :  2.69475e-08
 Reference value :  2.69725e-08
 Reference value :  2.69925e-08
 Reference value :  2.70125e-08
 Reference value :  2.70375e-08
 Reference value :  2.70575e-08
 Reference value :  2.70825e-08
 Reference value :  2.71025e-08
 Reference value :  2.71225e-08
 Reference value :  2.71525e-08
 Reference value :  2.71775e-08
 Reference value :  2.72025e-08
 Reference value :  2.72275e-08
 Reference value :  2.72525e-08
 Reference value :  2.72775e-08
 Reference value :  2.73025e-08
 Reference value :  2.73275e-08
 Reference value :  2.73525e-08
 Reference value :  2.73725e-08
 Reference value :  2.74025e-08
 Reference value :  2.74325e-08
 Reference value :  2.74575e-08
 Reference value :  2.74825e-08
 Reference value :  2.75025e-08
 Reference value :  2.75275e-08
 Reference value :  2.75525e-08
 Reference value :  2.75775e-08
 Reference value :  2.76025e-08
 Reference value :  2.76225e-08
 Reference value :  2.76425e-08
 Reference value :  2.76675e-08
 Reference value :  2.76925e-08
 Reference value :  2.77125e-08
 Reference value :  2.77375e-08
 Reference value :  2.77575e-08
 Reference value :  2.77825e-08
 Reference value :  2.78075e-08
 Reference value :  2.78225e-08
 Reference value :  2.78475e-08
 Reference value :  2.78725e-08
 Reference value :  2.78925e-08
 Reference value :  2.79175e-08
 Reference value :  2.79475e-08
 Reference value :  2.79725e-08
 Reference value :  2.80025e-08
 Reference value :  2.80275e-08
 Reference value :  2.80525e-08
 Reference value :  2.80775e-08
 Reference value :  2.80925e-08
 Reference value :  2.81125e-08
 Reference value :  2.81325e-08
 Reference value :  2.81675e-08
 Reference value :  2.81975e-08
 Reference value :  2.82225e-08
 Reference value :  2.82475e-08
 Reference value :  2.82725e-08
 Reference value :  2.82975e-08
 Reference value :  2.83225e-08
 Reference value :  2.83525e-08
 Reference value :  2.83825e-08
 Reference value :  2.84075e-08
 Reference value :  2.84325e-08
 Reference value :  2.84725e-08
 Reference value :  2.84975e-08
 Reference value :  2.85225e-08
 Reference value :  2.85425e-08
 Reference value :  2.85625e-08
 Reference value :  2.85825e-08
 Reference value :  2.85975e-08
 Reference value :  2.86225e-08
 Reference value :  2.86475e-08
 Reference value :  2.86675e-08
 Reference value :  2.86925e-08
 Reference value :  2.87175e-08
 Reference value :  2.87375e-08
 Reference value :  2.87575e-08
 Reference value :  2.87775e-08
 Reference value :  2.87975e-08
 Reference value :  2.88175e-08
 Reference value :  2.88375e-08
 Reference value :  2.88575e-08
 Reference value :  2.88825e-08
 Reference value :  2.89075e-08
 Reference value :  2.89325e-08
 Reference value :  2.89525e-08
 Reference value :  2.89675e-08
 Reference value :  2.89925e-08
 Reference value :  2.90125e-08
 Reference value :  2.90375e-08
 Reference value :  2.90625e-08
 Reference value :  2.90925e-08
 Reference value :  2.91175e-08
 Reference value :  2.91325e-08
 Reference value :  2.91525e-08
 Reference value :  2.91675e-08
 Reference value :  2.91825e-08
 Reference value :  2.92025e-08
 Reference value :  2.92225e-08
 Reference value :  2.92475e-08
 Reference value :  2.92675e-08
 Reference value :  2.92875e-08
 Reference value :  2.93075e-08
 Reference value :  2.93275e-08
 Reference value :  2.93425e-08
 Reference value :  2.93625e-08
 Reference value :  2.93875e-08
 Reference value :  2.94125e-08
 Reference value :  2.94375e-08
 Reference value :  2.94625e-08
 Reference value :  2.94925e-08
 Reference value :  2.95175e-08
 Reference value :  2.95425e-08
 Reference value :  2.95675e-08
 Reference value :  2.95925e-08
 Reference value :  2.96175e-08
 Reference value :  2.96375e-08
 Reference value :  2.96625e-08
 Reference value :  2.96875e-08
 Reference value :  2.97125e-08
 Reference value :  2.97375e-08
 Reference value :  2.97625e-08
 Reference value :  2.97825e-08
 Reference value :  2.98125e-08
 Reference value :  2.98375e-08
 Reference value :  2.98625e-08
 Reference value :  2.98875e-08
 Reference value :  2.99175e-08
 Reference value :  2.99425e-08
 Reference value :  2.99625e-08
 Reference value :  2.99875e-08
 Reference value :  3.00125e-08
 Reference value :  3.00375e-08
 Reference value :  3.00625e-08
 Reference value :  3.00875e-08
 Reference value :  3.01075e-08
 Reference value :  3.01275e-08
 Reference value :  3.01475e-08
 Reference value :  3.01675e-08
 Reference value :  3.01925e-08
 Reference value :  3.02125e-08
 Reference value :  3.02325e-08
 Reference value :  3.02575e-08
 Reference value :  3.02775e-08
 Reference value :  3.03025e-08
 Reference value :  3.03225e-08
 Reference value :  3.03425e-08
 Reference value :  3.03575e-08
 Reference value :  3.03775e-08
 Reference value :  3.03925e-08
 Reference value :  3.04075e-08
 Reference value :  3.04275e-08
 Reference value :  3.04525e-08
 Reference value :  3.04775e-08
 Reference value :  3.05025e-08
 Reference value :  3.05275e-08
 Reference value :  3.05525e-08
 Reference value :  3.05725e-08
 Reference value :  3.05975e-08
 Reference value :  3.06175e-08
 Reference value :  3.06375e-08
 Reference value :  3.06625e-08
 Reference value :  3.06875e-08
 Reference value :  3.07125e-08
 Reference value :  3.07325e-08
 Reference value :  3.07475e-08
 Reference value :  3.07625e-08
 Reference value :  3.07825e-08
 Reference value :  3.08025e-08
 Reference value :  3.08275e-08
 Reference value :  3.08525e-08
 Reference value :  3.08775e-08
 Reference value :  3.08975e-08
 Reference value :  3.09175e-08
 Reference value :  3.09425e-08
 Reference value :  3.09675e-08
 Reference value :  3.09875e-08
 Reference value :  3.10125e-08
 Reference value :  3.10325e-08
 Reference value :  3.10575e-08
 Reference value :  3.10775e-08
 Reference value :  3.11025e-08
 Reference value :  3.11175e-08
 Reference value :  3.11375e-08
 Reference value :  3.11575e-08
 Reference value :  3.11775e-08
 Reference value :  3.11925e-08
 Reference value :  3.12125e-08
 Reference value :  3.12275e-08
 Reference value :  3.12475e-08
 Reference value :  3.12675e-08
 Reference value :  3.12925e-08
 Reference value :  3.13175e-08
 Reference value :  3.13425e-08
 Reference value :  3.13675e-08
 Reference value :  3.13875e-08
 Reference value :  3.14075e-08
 Reference value :  3.14275e-08
 Reference value :  3.14525e-08
 Reference value :  3.14775e-08
 Reference value :  3.14975e-08
 Reference value :  3.15175e-08
 Reference value :  3.15375e-08
 Reference value :  3.15575e-08
 Reference value :  3.15825e-08
 Reference value :  3.16075e-08
 Reference value :  3.16325e-08
 Reference value :  3.16525e-08
 Reference value :  3.16775e-08
 Reference value :  3.16975e-08
 Reference value :  3.17175e-08
 Reference value :  3.17375e-08
 Reference value :  3.17575e-08
 Reference value :  3.17875e-08
 Reference value :  3.18075e-08
 Reference value :  3.18275e-08
 Reference value :  3.18475e-08
 Reference value :  3.18675e-08
 Reference value :  3.18925e-08
 Reference value :  3.19175e-08
 Reference value :  3.19375e-08
 Reference value :  3.19625e-08
 Reference value :  3.19875e-08
 Reference value :  3.20125e-08
 Reference value :  3.20325e-08
 Reference value :  3.20575e-08
 Reference value :  3.20825e-08
 Reference value :  3.21025e-08
 Reference value :  3.21225e-08
 Reference value :  3.21425e-08
 Reference value :  3.21625e-08
 Reference value :  3.21775e-08
 Reference value :  3.21975e-08
 Reference value :  3.22175e-08
 Reference value :  3.22375e-08
 Reference value :  3.22575e-08
 Reference value :  3.22775e-08
 Reference value :  3.22975e-08
 Reference value :  3.23225e-08
 Reference value :  3.23425e-08
 Reference value :  3.23725e-08
 Reference value :  3.24025e-08
 Reference value :  3.24225e-08
 Reference value :  3.24425e-08
 Reference value :  3.24625e-08
 Reference value :  3.24825e-08
 Reference value :  3.25025e-08
 Reference value :  3.25225e-08
 Reference value :  3.25425e-08
 Reference value :  3.25675e-08
 Reference value :  3.25925e-08
 Reference value :  3.26175e-08
 Reference value :  3.26475e-08
 Reference value :  3.26625e-08
 Reference value :  3.26825e-08
 Reference value :  3.27025e-08
 Reference value :  3.27225e-08
 Reference value :  3.27425e-08
 Reference value :  3.27575e-08
 Reference value :  3.27775e-08
 Reference value :  3.27975e-08
 Reference value :  3.28225e-08
 Reference value :  3.28425e-08
 Reference value :  3.28675e-08
 Reference value :  3.28925e-08
 Reference value :  3.29175e-08
 Reference value :  3.29375e-08
 Reference value :  3.29625e-08
 Reference value :  3.29825e-08
 Reference value :  3.30075e-08
 Reference value :  3.30275e-08
 Reference value :  3.30525e-08
 Reference value :  3.30725e-08
 Reference value :  3.30975e-08
 Reference value :  3.31225e-08
 Reference value :  3.31475e-08
 Reference value :  3.31775e-08
 Reference value :  3.31975e-08
 Reference value :  3.32175e-08
 Reference value :  3.32375e-08
 Reference value :  3.32575e-08
 Reference value :  3.32825e-08
 Reference value :  3.33075e-08
 Reference value :  3.33325e-08
 Reference value :  3.33525e-08
 Reference value :  3.33725e-08
 Reference value :  3.34025e-08
 Reference value :  3.34275e-08
 Reference value :  3.34475e-08
 Reference value :  3.34675e-08
 Reference value :  3.34875e-08
 Reference value :  3.35175e-08
 Reference value :  3.35425e-08
 Reference value :  3.35675e-08
 Reference value :  3.35875e-08
 Reference value :  3.36075e-08
 Reference value :  3.36375e-08
 Reference value :  3.36675e-08
 Reference value :  3.36925e-08
 Reference value :  3.37175e-08
 Reference value :  3.37375e-08
 Reference value :  3.37625e-08
 Reference value :  3.37875e-08
 Reference value :  3.38075e-08
 Reference value :  3.38325e-08
 Reference value :  3.38575e-08
 Reference value :  3.38825e-08
 Reference value :  3.39075e-08
 Reference value :  3.39375e-08
 Reference value :  3.39625e-08
 Reference value :  3.39925e-08
 Reference value :  3.40175e-08
 Reference value :  3.40325e-08
 Reference value :  3.40525e-08
 Reference value :  3.40825e-08
 Reference value :  3.41075e-08
 Reference value :  3.41275e-08
 Reference value :  3.41475e-08
 Reference value :  3.41675e-08
 Reference value :  3.41875e-08
 Reference value :  3.42025e-08
 Reference value :  3.42225e-08
 Reference value :  3.42475e-08
 Reference value :  3.42675e-08
 Reference value :  3.42875e-08
 Reference value :  3.43025e-08
 Reference value :  3.43275e-08
 Reference value :  3.43525e-08
 Reference value :  3.43775e-08
 Reference value :  3.44025e-08
 Reference value :  3.44275e-08
 Reference value :  3.44475e-08
 Reference value :  3.44675e-08
 Reference value :  3.44975e-08
 Reference value :  3.45175e-08
 Reference value :  3.45425e-08
 Reference value :  3.45675e-08
 Reference value :  3.45925e-08
 Reference value :  3.46175e-08
 Reference value :  3.46375e-08
 Reference value :  3.46575e-08
 Reference value :  3.46775e-08
 Reference value :  3.46975e-08
 Reference value :  3.47175e-08
 Reference value :  3.47425e-08
 Reference value :  3.47625e-08
 Reference value :  3.47825e-08
 Reference value :  3.48025e-08
 Reference value :  3.48225e-08
 Reference value :  3.48425e-08
 Reference value :  3.48625e-08
 Reference value :  3.48875e-08
 Reference value :  3.49125e-08
 Reference value :  3.49325e-08
 Reference value :  3.49475e-08
 Reference value :  3.49675e-08
 Reference value :  3.49825e-08
 Reference value :  3.50025e-08
 Reference value :  3.50225e-08
 Reference value :  3.50475e-08
 Reference value :  3.50725e-08
 Reference value :  3.50975e-08
 Reference value :  3.51175e-08
 Reference value :  3.51375e-08
 Reference value :  3.51575e-08
 Reference value :  3.51825e-08
 Reference value :  3.52025e-08
 Reference value :  3.52275e-08
 Reference value :  3.52525e-08
 Reference value :  3.52725e-08
 Reference value :  3.52925e-08
 Reference value :  3.53125e-08
 Reference value :  3.53275e-08
 Reference value :  3.53575e-08
 Reference value :  3.53775e-08
 Reference value :  3.53975e-08
 Reference value :  3.54225e-08
 Reference value :  3.54475e-08
 Reference value :  3.54675e-08
 Reference value :  3.54875e-08
 Reference value :  3.55075e-08
 Reference value :  3.55275e-08
 Reference value :  3.55475e-08
 Reference value :  3.55775e-08
 Reference value :  3.56025e-08
 Reference value :  3.56275e-08
 Reference value :  3.56475e-08
 Reference value :  3.56725e-08
 Reference value :  3.56975e-08
 Reference value :  3.57175e-08
 Reference value :  3.57325e-08
 Reference value :  3.57525e-08
 Reference value :  3.57775e-08
 Reference value :  3.58025e-08
 Reference value :  3.58275e-08
 Reference value :  3.58525e-08
 Reference value :  3.58675e-08
 Reference value :  3.58875e-08
 Reference value :  3.59125e-08
 Reference value :  3.59325e-08
 Reference value :  3.59575e-08
 Reference value :  3.59775e-08
 Reference value :  3.59975e-08
 Reference value :  3.60225e-08
 Reference value :  3.60475e-08
 Reference value :  3.60725e-08
 Reference value :  3.60975e-08
 Reference value :  3.61175e-08
 Reference value :  3.61375e-08
 Reference value :  3.61575e-08
 Reference value :  3.61775e-08
 Reference value :  3.61975e-08
 Reference value :  3.62225e-08
 Reference value :  3.62375e-08
 Reference value :  3.62625e-08
 Reference value :  3.62825e-08
 Reference value :  3.63025e-08
 Reference value :  3.63275e-08
 Reference value :  3.63475e-08
 Reference value :  3.63725e-08
 Reference value :  3.64025e-08
 Reference value :  3.64375e-08
 Reference value :  3.64575e-08
 Reference value :  3.64825e-08
 Reference value :  3.65025e-08
 Reference value :  3.65275e-08
 Reference value :  3.65525e-08
 Reference value :  3.65775e-08
 Reference value :  3.66025e-08
 Reference value :  3.66225e-08
 Reference value :  3.66425e-08
 Reference value :  3.66675e-08
 Reference value :  3.66875e-08
 Reference value :  3.67125e-08
 Reference value :  3.67375e-08
 Reference value :  3.67625e-08
 Reference value :  3.67825e-08
 Reference value :  3.67975e-08
 Reference value :  3.68175e-08
 Reference value :  3.68425e-08
 Reference value :  3.68625e-08
 Reference value :  3.68825e-08
 Reference value :  3.69075e-08
 Reference value :  3.69275e-08
 Reference value :  3.69475e-08
 Reference value :  3.69675e-08
 Reference value :  3.69825e-08
 Reference value :  3.70025e-08
 Reference value :  3.70175e-08
 Reference value :  3.70525e-08
 Reference value :  3.70925e-08
 Reference value :  3.71125e-08
 Reference value :  3.71325e-08
 Reference value :  3.71525e-08
 Reference value :  3.71675e-08
 Reference value :  3.71875e-08
 Reference value :  3.72075e-08
 Reference value :  3.72275e-08
 Reference value :  3.72475e-08
 Reference value :  3.72725e-08
 Reference value :  3.72975e-08
 Reference value :  3.73175e-08
 Reference value :  3.73375e-08
 Reference value :  3.73575e-08
 Reference value :  3.73825e-08
 Reference value :  3.74075e-08
 Reference value :  3.74325e-08
 Reference value :  3.74525e-08
 Reference value :  3.74725e-08
 Reference value :  3.74925e-08
 Reference value :  3.75075e-08
 Reference value :  3.75225e-08
 Reference value :  3.75475e-08
 Reference value :  3.75725e-08
 Reference value :  3.75925e-08
 Reference value :  3.76125e-08
 Reference value :  3.76325e-08
 Reference value :  3.76475e-08
 Reference value :  3.76675e-08
 Reference value :  3.76875e-08
 Reference value :  3.77125e-08
 Reference value :  3.77375e-08
 Reference value :  3.77625e-08
 Reference value :  3.77825e-08
 Reference value :  3.78075e-08
 Reference value :  3.78325e-08
 Reference value :  3.78525e-08
 Reference value :  3.78775e-08
 Reference value :  3.79025e-08
 Reference value :  3.79225e-08
 Reference value :  3.79425e-08
 Reference value :  3.79625e-08
 Reference value :  3.79875e-08
 Reference value :  3.80075e-08
 Reference value :  3.80225e-08
 Reference value :  3.80375e-08
 Reference value :  3.80625e-08
 Reference value :  3.80825e-08
 Reference value :  3.81025e-08
 Reference value :  3.81175e-08
 Reference value :  3.81375e-08
 Reference value :  3.81575e-08
 Reference value :  3.81725e-08
 Reference value :  3.81925e-08
 Reference value :  3.82075e-08
 Reference value :  3.82275e-08
 Reference value :  3.82475e-08
 Reference value :  3.82725e-08
 Reference value :  3.82975e-08
 Reference value :  3.83275e-08
 Reference value :  3.83525e-08
 Reference value :  3.83725e-08
 Reference value :  3.83925e-08
 Reference value :  3.84175e-08
 Reference value :  3.84375e-08
 Reference value :  3.84625e-08
 Reference value :  3.84825e-08
 Reference value :  3.85025e-08
 Reference value :  3.85275e-08
 Reference value :  3.85475e-08
 Reference value :  3.85625e-08
 Reference value :  3.85825e-08
 Reference value :  3.85975e-08
 Reference value :  3.86175e-08
 Reference value :  3.86375e-08
 Reference value :  3.86575e-08
 Reference value :  3.86775e-08
 Reference value :  3.86975e-08
 Reference value :  3.87225e-08
 Reference value :  3.87425e-08
 Reference value :  3.87625e-08
 Reference value :  3.87825e-08
 Reference value :  3.88025e-08
 Reference value :  3.88225e-08
 Reference value :  3.88475e-08
 Reference value :  3.88725e-08
 Reference value :  3.89025e-08
 Reference value :  3.89225e-08
 Reference value :  3.89425e-08
 Reference value :  3.89625e-08
 Reference value :  3.89825e-08
 Reference value :  3.90025e-08
 Reference value :  3.90275e-08
 Reference value :  3.90475e-08
 Reference value :  3.90725e-08
 Reference value :  3.90925e-08
 Reference value :  3.91125e-08
 Reference value :  3.91325e-08
 Reference value :  3.91525e-08
 Reference value :  3.91725e-08
 Reference value :  3.91925e-08
 Reference value :  3.92125e-08
 Reference value :  3.92325e-08
 Reference value :  3.92575e-08
 Reference value :  3.92725e-08
 Reference value :  3.92975e-08
 Reference value :  3.93175e-08
 Reference value :  3.93425e-08
 Reference value :  3.93625e-08
 Reference value :  3.93875e-08
 Reference value :  3.94125e-08
 Reference value :  3.94325e-08
 Reference value :  3.94525e-08
 Reference value :  3.94725e-08
 Reference value :  3.94875e-08
 Reference value :  3.95075e-08
 Reference value :  3.95275e-08
 Reference value :  3.95475e-08
 Reference value :  3.95725e-08
 Reference value :  3.95925e-08
 Reference value :  3.96125e-08
 Reference value :  3.96425e-08
 Reference value :  3.96775e-08
 Reference value :  3.97075e-08
 Reference value :  3.97275e-08
 Reference value :  3.97475e-08
 Reference value :  3.97725e-08
 Reference value :  3.97975e-08
 Reference value :  3.98225e-08
 Reference value :  3.98425e-08
 Reference value :  3.98625e-08
 Reference value :  3.98925e-08
 Reference value :  3.99175e-08
 Reference value :  3.99375e-08
 Reference value :  3.99625e-08
 Reference value :  4.07775e-08
 Reference value :  4.19225e-08
 Reference value :  4.19425e-08
 Reference value :  4.19675e-08
 Reference value :  4.19975e-08
 Reference value :  4.20175e-08
 Reference value :  4.20325e-08
 Reference value :  4.20575e-08
 Reference value :  4.20825e-08
 Reference value :  4.21075e-08
 Reference value :  4.21275e-08
 Reference value :  4.21525e-08
 Reference value :  4.21775e-08
 Reference value :  4.22025e-08
 Reference value :  4.22325e-08
 Reference value :  4.22625e-08
 Reference value :  4.22875e-08
 Reference value :  4.23075e-08
 Reference value :  4.23375e-08
 Reference value :  4.23625e-08
 Reference value :  4.23825e-08
 Reference value :  4.24025e-08
 Reference value :  4.24275e-08
 Reference value :  4.24525e-08
 Reference value :  4.24725e-08
 Reference value :  4.24925e-08
 Reference value :  4.25175e-08
 Reference value :  4.25375e-08
 Reference value :  4.25675e-08
 Reference value :  4.25925e-08
 Reference value :  4.26125e-08
 Reference value :  4.26375e-08
 Reference value :  4.26625e-08
 Reference value :  4.26875e-08
 Reference value :  4.27125e-08
 Reference value :  4.27475e-08
 Reference value :  4.27775e-08
 Reference value :  4.28075e-08
 Reference value :  4.28425e-08
 Reference value :  4.28725e-08
 Reference value :  4.28975e-08
 Reference value :  4.29225e-08
 Reference value :  4.29475e-08
 Reference value :  4.29725e-08
 Reference value :  4.30025e-08
 Reference value :  4.30275e-08
 Reference value :  4.30475e-08
 Reference value :  4.30725e-08
 Reference value :  4.30975e-08
 Reference value :  4.31175e-08
 Reference value :  4.31375e-08
 Reference value :  4.31625e-08
 Reference value :  4.31875e-08
 Reference value :  4.32075e-08
 Reference value :  4.32325e-08
 Reference value :  4.32575e-08
 Reference value :  4.32825e-08
 Reference value :  4.33025e-08
 Reference value :  4.33325e-08
 Reference value :  4.33575e-08
 Reference value :  4.33825e-08
 Reference value :  4.34025e-08
 Reference value :  4.34225e-08
 Reference value :  4.34475e-08
 Reference value :  4.34725e-08
 Reference value :  4.34975e-08
 Reference value :  4.35225e-08
 Reference value :  4.35475e-08
 Reference value :  4.35725e-08
 Reference value :  4.35975e-08
 Reference value :  4.36225e-08
 Reference value :  4.36475e-08
 Reference value :  4.36725e-08
 Reference value :  4.36925e-08
 Reference value :  4.37125e-08
 Reference value :  4.37375e-08
 Reference value :  4.37625e-08
 Reference value :  4.37825e-08
 Reference value :  4.38075e-08
 Reference value :  4.38325e-08
 Reference value :  4.38525e-08
 Reference value :  4.38775e-08
 Reference value :  4.38975e-08
 Reference value :  4.39175e-08
 Reference value :  4.39375e-08
 Reference value :  4.39575e-08
 Reference value :  4.39725e-08
 Reference value :  4.39925e-08
 Reference value :  4.40125e-08
 Reference value :  4.40325e-08
 Reference value :  4.40625e-08
 Reference value :  4.40875e-08
 Reference value :  4.41125e-08
 Reference value :  4.41375e-08
 Reference value :  4.41625e-08
 Reference value :  4.41825e-08
 Reference value :  4.42025e-08
 Reference value :  4.42275e-08
 Reference value :  4.42475e-08
 Reference value :  4.42725e-08
 Reference value :  4.42925e-08
 Reference value :  4.43075e-08
 Reference value :  4.43275e-08
 Reference value :  4.43475e-08
 Reference value :  4.43725e-08
 Reference value :  4.43925e-08
 Reference value :  4.44125e-08
 Reference value :  4.44375e-08
 Reference value :  4.44625e-08
 Reference value :  4.44875e-08
 Reference value :  4.45125e-08
 Reference value :  4.45375e-08
 Reference value :  4.45625e-08
 Reference value :  4.45825e-08
 Reference value :  4.46075e-08
 Reference value :  4.46375e-08
 Reference value :  4.46625e-08
 Reference value :  4.46875e-08
 Reference value :  4.47175e-08
 Reference value :  4.47475e-08
 Reference value :  4.47725e-08
 Reference value :  4.48025e-08
 Reference value :  4.48275e-08
 Reference value :  4.48475e-08
 Reference value :  4.48675e-08
 Reference value :  4.48925e-08
 Reference value :  4.49125e-08
 Reference value :  4.49425e-08
 Reference value :  4.49675e-08
 Reference value :  4.49875e-08
 Reference value :  4.50075e-08
 Reference value :  4.50275e-08
 Reference value :  4.50525e-08
 Reference value :  4.50775e-08
 Reference value :  4.50962e-08
No. of Data Rows : 9034
Note: Simulation executed from .control section 
