
Note: Compatibility modes selected: hs a


Circuit: * comparator-decision regen-time sweep -- vindiff=-10mv corner=ff temp=125.0c (issue #9)

option SCALE: Scale is set to 1e-06 for instance and model parameters
option SCALE: Scale is set to 1e-06 for instance and model parameters
option SCALE: Scale is set to 1e-06 for instance and model parameters
option SCALE: Scale is set to 1e-06 for instance and model parameters
Doing analysis at TEMP = 125.000000 and TNOM = 27.000000

Using KLU as Direct Linear Solver
 Reference value :  0.00000e+00
 Reference value :  4.00000e-13
 Reference value :  6.40000e-12
 Reference value :  2.64000e-11
 Reference value :  4.64000e-11
 Reference value :  6.14000e-11
 Reference value :  8.64000e-11
 Reference value :  1.06400e-10
 Reference value :  1.21400e-10
 Reference value :  1.46400e-10
 Reference value :  1.66400e-10
 Reference value :  1.86400e-10
 Reference value :  2.11400e-10
 Reference value :  2.26400e-10
 Reference value :  2.46400e-10
 Reference value :  2.66400e-10
 Reference value :  2.86400e-10
 Reference value :  3.01400e-10
 Reference value :  3.21400e-10
 Reference value :  3.46400e-10
 Reference value :  3.61400e-10
 Reference value :  3.81400e-10
 Reference value :  4.01400e-10
 Reference value :  4.21400e-10
 Reference value :  4.41400e-10
 Reference value :  4.66400e-10
 Reference value :  4.86400e-10
 Reference value :  5.06400e-10
 Reference value :  5.31400e-10
 Reference value :  5.51400e-10
 Reference value :  5.71400e-10
 Reference value :  5.91400e-10
 Reference value :  6.06400e-10
 Reference value :  6.21400e-10
 Reference value :  6.41400e-10
 Reference value :  6.56400e-10
 Reference value :  6.76400e-10
 Reference value :  6.96400e-10
 Reference value :  7.16400e-10
 Reference value :  7.41400e-10
 Reference value :  7.61400e-10
 Reference value :  7.81400e-10
 Reference value :  8.01400e-10
 Reference value :  8.21400e-10
 Reference value :  8.41400e-10
 Reference value :  8.61400e-10
 Reference value :  8.81400e-10
 Reference value :  9.01400e-10
 Reference value :  9.21400e-10
 Reference value :  9.46400e-10
 Reference value :  9.76400e-10
 Reference value :  9.96400e-10
 Reference value :  1.01640e-09
 Reference value :  1.03640e-09
 Reference value :  1.06140e-09
 Reference value :  1.08140e-09
 Reference value :  1.10140e-09
 Reference value :  1.12140e-09
 Reference value :  1.14140e-09
 Reference value :  1.16140e-09
 Reference value :  1.18140e-09
 Reference value :  1.20140e-09
 Reference value :  1.22640e-09
 Reference value :  1.24640e-09
 Reference value :  1.26640e-09
 Reference value :  1.29640e-09
 Reference value :  1.31640e-09
 Reference value :  1.33140e-09
 Reference value :  1.35140e-09
 Reference value :  1.37140e-09
 Reference value :  1.39140e-09
 Reference value :  1.41640e-09
 Reference value :  1.43640e-09
 Reference value :  1.45640e-09
 Reference value :  1.47640e-09
 Reference value :  1.50140e-09
 Reference value :  1.52140e-09
 Reference value :  1.54140e-09
 Reference value :  1.56140e-09
 Reference value :  1.58140e-09
 Reference value :  1.60140e-09
 Reference value :  1.62640e-09
 Reference value :  1.65640e-09
 Reference value :  1.67640e-09
 Reference value :  1.70140e-09
 Reference value :  1.72140e-09
 Reference value :  1.74140e-09
 Reference value :  1.76640e-09
 Reference value :  1.78640e-09
 Reference value :  1.80640e-09
 Reference value :  1.82640e-09
 Reference value :  1.84640e-09
 Reference value :  1.86640e-09
 Reference value :  1.88640e-09
 Reference value :  1.90640e-09
 Reference value :  1.92640e-09
 Reference value :  1.95140e-09
 Reference value :  1.97140e-09
 Reference value :  1.99640e-09
 Reference value :  2.01640e-09
 Reference value :  2.04140e-09
 Reference value :  2.06140e-09
 Reference value :  2.08140e-09
 Reference value :  2.11140e-09
 Reference value :  2.13140e-09
 Reference value :  2.15140e-09
 Reference value :  2.17140e-09
 Reference value :  2.19140e-09
 Reference value :  2.23140e-09
 Reference value :  2.25140e-09
 Reference value :  2.26640e-09
 Reference value :  2.28640e-09
 Reference value :  2.30640e-09
 Reference value :  2.32640e-09
 Reference value :  2.34640e-09
 Reference value :  2.36640e-09
 Reference value :  2.39140e-09
 Reference value :  2.41140e-09
 Reference value :  2.43140e-09
 Reference value :  2.45640e-09
 Reference value :  2.48140e-09
 Reference value :  2.50640e-09
 Reference value :  2.52640e-09
 Reference value :  2.54140e-09
 Reference value :  2.56140e-09
 Reference value :  2.58140e-09
 Reference value :  2.60640e-09
 Reference value :  2.65140e-09
 Reference value :  2.67140e-09
 Reference value :  2.69140e-09
 Reference value :  2.71140e-09
 Reference value :  2.73640e-09
 Reference value :  2.76140e-09
 Reference value :  2.78140e-09
 Reference value :  2.80140e-09
 Reference value :  2.82640e-09
 Reference value :  2.84640e-09
 Reference value :  2.87640e-09
 Reference value :  2.89640e-09
 Reference value :  2.91640e-09
 Reference value :  2.93640e-09
 Reference value :  2.95640e-09
 Reference value :  2.97640e-09
 Reference value :  2.99640e-09
 Reference value :  3.01640e-09
 Reference value :  3.04140e-09
 Reference value :  3.06140e-09
 Reference value :  3.08140e-09
 Reference value :  3.10140e-09
 Reference value :  3.12140e-09
 Reference value :  3.14140e-09
 Reference value :  3.16140e-09
 Reference value :  3.18140e-09
 Reference value :  3.20140e-09
 Reference value :  3.22140e-09
 Reference value :  3.24640e-09
 Reference value :  3.26640e-09
 Reference value :  3.28640e-09
 Reference value :  3.31140e-09
 Reference value :  3.33140e-09
 Reference value :  3.34640e-09
 Reference value :  3.36640e-09
 Reference value :  3.38640e-09
 Reference value :  3.40640e-09
 Reference value :  3.42640e-09
 Reference value :  3.44640e-09
 Reference value :  3.47140e-09
 Reference value :  3.49140e-09
 Reference value :  3.51140e-09
 Reference value :  3.53140e-09
 Reference value :  3.55140e-09
 Reference value :  3.57140e-09
 Reference value :  3.58640e-09
 Reference value :  3.60640e-09
 Reference value :  3.62640e-09
 Reference value :  3.65140e-09
 Reference value :  3.67640e-09
 Reference value :  3.69640e-09
 Reference value :  3.71140e-09
 Reference value :  3.73140e-09
 Reference value :  3.75640e-09
 Reference value :  3.78140e-09
 Reference value :  3.80140e-09
 Reference value :  3.82140e-09
 Reference value :  3.84140e-09
 Reference value :  3.86140e-09
 Reference value :  3.88140e-09
 Reference value :  3.90140e-09
 Reference value :  3.92140e-09
 Reference value :  3.94140e-09
 Reference value :  3.95640e-09
 Reference value :  3.97640e-09
 Reference value :  3.99640e-09
 Reference value :  4.01640e-09
 Reference value :  4.03140e-09
 Reference value :  4.05140e-09
 Reference value :  4.06640e-09
 Reference value :  4.08640e-09
 Reference value :  4.10640e-09
 Reference value :  4.13140e-09
 Reference value :  4.15140e-09
 Reference value :  4.16640e-09
 Reference value :  4.19140e-09
 Reference value :  4.21140e-09
 Reference value :  4.23640e-09
 Reference value :  4.25640e-09
 Reference value :  4.28140e-09
 Reference value :  4.30140e-09
 Reference value :  4.32140e-09
 Reference value :  4.33640e-09
 Reference value :  4.35140e-09
 Reference value :  4.37140e-09
 Reference value :  4.39640e-09
 Reference value :  4.42140e-09
 Reference value :  4.44640e-09
 Reference value :  4.47140e-09
 Reference value :  4.51140e-09
 Reference value :  4.52640e-09
 Reference value :  4.54640e-09
 Reference value :  4.56140e-09
 Reference value :  4.58140e-09
 Reference value :  4.60140e-09
 Reference value :  4.61640e-09
 Reference value :  4.64140e-09
 Reference value :  4.66140e-09
 Reference value :  4.67640e-09
 Reference value :  4.69640e-09
 Reference value :  4.71640e-09
 Reference value :  4.73640e-09
 Reference value :  4.75640e-09
 Reference value :  4.77640e-09
 Reference value :  4.79640e-09
 Reference value :  4.81640e-09
 Reference value :  4.84140e-09
 Reference value :  4.86640e-09
 Reference value :  4.89140e-09
 Reference value :  4.91640e-09
 Reference value :  4.93640e-09
 Reference value :  4.96140e-09
 Reference value :  4.98140e-09
 Reference value :  4.99570e-09
 Reference value :  5.00350e-09
 Reference value :  5.02250e-09
 Reference value :  5.04750e-09
 Reference value :  5.06750e-09
 Reference value :  5.08750e-09
 Reference value :  5.10000e-09
 Reference value :  5.10750e-09
 Reference value :  5.12250e-09
 Reference value :  5.14250e-09
 Reference value :  5.16250e-09
 Reference value :  5.18250e-09
 Reference value :  5.20250e-09
 Reference value :  5.22250e-09
 Reference value :  5.24250e-09
 Reference value :  5.26250e-09
 Reference value :  5.28250e-09
 Reference value :  5.30750e-09
 Reference value :  5.32750e-09
 Reference value :  5.34750e-09
 Reference value :  5.36750e-09
 Reference value :  5.38750e-09
 Reference value :  5.40750e-09
 Reference value :  5.41750e-09
 Reference value :  5.43250e-09
 Reference value :  5.45750e-09
 Reference value :  5.47750e-09
 Reference value :  5.49750e-09
 Reference value :  5.51250e-09
 Reference value :  5.52750e-09
 Reference value :  5.54750e-09
 Reference value :  5.57250e-09
 Reference value :  5.59250e-09
 Reference value :  5.61250e-09
 Reference value :  5.63250e-09
 Reference value :  5.65250e-09
 Reference value :  5.67250e-09
 Reference value :  5.69250e-09
 Reference value :  5.71250e-09
 Reference value :  5.73250e-09
 Reference value :  5.75750e-09
 Reference value :  5.77750e-09
 Reference value :  5.79750e-09
 Reference value :  5.81750e-09
 Reference value :  5.83750e-09
 Reference value :  5.85250e-09
 Reference value :  5.87250e-09
 Reference value :  5.89250e-09
 Reference value :  5.91250e-09
 Reference value :  5.93250e-09
 Reference value :  5.94750e-09
 Reference value :  5.96750e-09
 Reference value :  5.98750e-09
 Reference value :  6.00750e-09
 Reference value :  6.02750e-09
 Reference value :  6.04250e-09
 Reference value :  6.06250e-09
 Reference value :  6.08750e-09
 Reference value :  6.10750e-09
 Reference value :  6.12750e-09
 Reference value :  6.15250e-09
 Reference value :  6.17250e-09
 Reference value :  6.19250e-09
 Reference value :  6.20750e-09
 Reference value :  6.22750e-09
 Reference value :  6.24750e-09
 Reference value :  6.26750e-09
 Reference value :  6.28750e-09
 Reference value :  6.30750e-09
 Reference value :  6.32750e-09
 Reference value :  6.34750e-09
 Reference value :  6.36750e-09
 Reference value :  6.38750e-09
 Reference value :  6.40750e-09
 Reference value :  6.43250e-09
 Reference value :  6.45250e-09
 Reference value :  6.47250e-09
 Reference value :  6.49250e-09
 Reference value :  6.51250e-09
 Reference value :  6.53250e-09
 Reference value :  6.55250e-09
 Reference value :  6.57250e-09
 Reference value :  6.59750e-09
 Reference value :  6.61750e-09
 Reference value :  6.63750e-09
 Reference value :  6.65750e-09
 Reference value :  6.67750e-09
 Reference value :  6.69750e-09
 Reference value :  6.71250e-09
 Reference value :  6.72750e-09
 Reference value :  6.74750e-09
 Reference value :  6.76750e-09
 Reference value :  6.78750e-09
 Reference value :  6.80750e-09
 Reference value :  6.82750e-09
 Reference value :  6.84750e-09
 Reference value :  6.86750e-09
 Reference value :  6.88750e-09
 Reference value :  6.91250e-09
 Reference value :  6.93250e-09
 Reference value :  6.95250e-09
 Reference value :  6.97250e-09
 Reference value :  6.99250e-09
 Reference value :  7.01250e-09
 Reference value :  7.03250e-09
 Reference value :  7.05250e-09
 Reference value :  7.07250e-09
 Reference value :  7.09250e-09
 Reference value :  7.11250e-09
 Reference value :  7.13250e-09
 Reference value :  7.15250e-09
 Reference value :  7.17250e-09
 Reference value :  7.19250e-09
 Reference value :  7.21250e-09
 Reference value :  7.23250e-09
 Reference value :  7.25250e-09
 Reference value :  7.27250e-09
 Reference value :  7.29250e-09
 Reference value :  7.31250e-09
 Reference value :  7.33250e-09
 Reference value :  7.35250e-09
 Reference value :  7.37250e-09
 Reference value :  7.39250e-09
 Reference value :  7.41250e-09
 Reference value :  7.42750e-09
 Reference value :  7.44750e-09
 Reference value :  7.46750e-09
 Reference value :  7.48750e-09
 Reference value :  7.50750e-09
 Reference value :  7.52750e-09
 Reference value :  7.54750e-09
 Reference value :  7.56250e-09
 Reference value :  7.58250e-09
 Reference value :  7.60250e-09
 Reference value :  7.62250e-09
 Reference value :  7.64250e-09
 Reference value :  7.66250e-09
 Reference value :  7.68250e-09
 Reference value :  7.70250e-09
 Reference value :  7.72250e-09
 Reference value :  7.74250e-09
 Reference value :  7.76250e-09
 Reference value :  7.78250e-09
 Reference value :  7.80250e-09
 Reference value :  7.82250e-09
 Reference value :  7.84250e-09
 Reference value :  7.86250e-09
 Reference value :  7.88250e-09
 Reference value :  7.90250e-09
 Reference value :  7.92250e-09
 Reference value :  7.94250e-09
 Reference value :  7.96250e-09
 Reference value :  7.98250e-09
 Reference value :  8.00250e-09
 Reference value :  8.02250e-09
 Reference value :  8.04250e-09
 Reference value :  8.06250e-09
 Reference value :  8.08250e-09
 Reference value :  8.10250e-09
 Reference value :  8.12250e-09
 Reference value :  8.14250e-09
 Reference value :  8.16250e-09
 Reference value :  8.18250e-09
 Reference value :  8.20250e-09
 Reference value :  8.22250e-09
 Reference value :  8.24250e-09
 Reference value :  8.26250e-09
 Reference value :  8.28250e-09
 Reference value :  8.30250e-09
 Reference value :  8.31750e-09
 Reference value :  8.33750e-09
 Reference value :  8.35750e-09
 Reference value :  8.37750e-09
 Reference value :  8.39250e-09
 Reference value :  8.41250e-09
 Reference value :  8.43250e-09
 Reference value :  8.45250e-09
 Reference value :  8.46750e-09
 Reference value :  8.48750e-09
 Reference value :  8.50750e-09
 Reference value :  8.52750e-09
 Reference value :  8.54750e-09
 Reference value :  8.56750e-09
 Reference value :  8.58750e-09
 Reference value :  8.60750e-09
 Reference value :  8.62750e-09
 Reference value :  8.64750e-09
 Reference value :  8.66750e-09
 Reference value :  8.68750e-09
 Reference value :  8.70750e-09
 Reference value :  8.72750e-09
 Reference value :  8.74250e-09
 Reference value :  8.76250e-09
 Reference value :  8.78250e-09
 Reference value :  8.80250e-09
 Reference value :  8.82250e-09
 Reference value :  8.84250e-09
 Reference value :  8.86250e-09
 Reference value :  8.88250e-09
 Reference value :  8.90250e-09
 Reference value :  8.92250e-09
 Reference value :  8.94250e-09
 Reference value :  8.96250e-09
 Reference value :  8.98250e-09
 Reference value :  9.00250e-09
 Reference value :  9.02250e-09
 Reference value :  9.04250e-09
 Reference value :  9.06750e-09
 Reference value :  9.08750e-09
 Reference value :  9.10750e-09
 Reference value :  9.12750e-09
 Reference value :  9.14750e-09
 Reference value :  9.16750e-09
 Reference value :  9.18750e-09
 Reference value :  9.21250e-09
 Reference value :  9.23250e-09
 Reference value :  9.25250e-09
 Reference value :  9.27250e-09
 Reference value :  9.29750e-09
 Reference value :  9.31750e-09
 Reference value :  9.33750e-09
 Reference value :  9.35750e-09
 Reference value :  9.37750e-09
 Reference value :  9.39750e-09
 Reference value :  9.41750e-09
 Reference value :  9.43750e-09
 Reference value :  9.45750e-09
 Reference value :  9.48250e-09
 Reference value :  9.50250e-09
 Reference value :  9.52250e-09
 Reference value :  9.54250e-09
 Reference value :  9.56250e-09
 Reference value :  9.58250e-09
 Reference value :  9.60250e-09
 Reference value :  9.62250e-09
 Reference value :  9.64750e-09
 Reference value :  9.66750e-09
 Reference value :  9.69750e-09
 Reference value :  9.72250e-09
 Reference value :  9.74250e-09
 Reference value :  9.76750e-09
 Reference value :  9.78750e-09
 Reference value :  9.80750e-09
 Reference value :  9.83250e-09
 Reference value :  9.85250e-09
 Reference value :  9.87250e-09
 Reference value :  9.88750e-09
 Reference value :  9.90750e-09
 Reference value :  9.92750e-09
 Reference value :  9.95250e-09
 Reference value :  9.97250e-09
 Reference value :  9.98750e-09
 Reference value :  1.00175e-08
 Reference value :  1.00375e-08
 Reference value :  1.00525e-08
 Reference value :  1.00725e-08
 Reference value :  1.00925e-08
 Reference value :  1.01175e-08
 Reference value :  1.01375e-08
 Reference value :  1.01525e-08
 Reference value :  1.01775e-08
 Reference value :  1.01975e-08
 Reference value :  1.02175e-08
 Reference value :  1.02375e-08
 Reference value :  1.02525e-08
 Reference value :  1.02675e-08
 Reference value :  1.02875e-08
 Reference value :  1.03075e-08
 Reference value :  1.03325e-08
 Reference value :  1.03575e-08
 Reference value :  1.03725e-08
 Reference value :  1.03975e-08
 Reference value :  1.04225e-08
 Reference value :  1.04475e-08
 Reference value :  1.04675e-08
 Reference value :  1.04875e-08
 Reference value :  1.05075e-08
 Reference value :  1.05325e-08
 Reference value :  1.05575e-08
 Reference value :  1.05775e-08
 Reference value :  1.05925e-08
 Reference value :  1.06125e-08
 Reference value :  1.06375e-08
 Reference value :  1.06625e-08
 Reference value :  1.06875e-08
 Reference value :  1.07075e-08
 Reference value :  1.07275e-08
 Reference value :  1.07425e-08
 Reference value :  1.07625e-08
 Reference value :  1.07875e-08
 Reference value :  1.08075e-08
 Reference value :  1.08325e-08
 Reference value :  1.08525e-08
 Reference value :  1.08725e-08
 Reference value :  1.08925e-08
 Reference value :  1.09175e-08
 Reference value :  1.09375e-08
 Reference value :  1.09625e-08
 Reference value :  1.09825e-08
 Reference value :  1.10075e-08
 Reference value :  1.10275e-08
 Reference value :  1.10475e-08
 Reference value :  1.10675e-08
 Reference value :  1.10825e-08
 Reference value :  1.10975e-08
 Reference value :  1.11175e-08
 Reference value :  1.11325e-08
 Reference value :  1.11525e-08
 Reference value :  1.11775e-08
 Reference value :  1.11975e-08
 Reference value :  1.12125e-08
 Reference value :  1.12325e-08
 Reference value :  1.12475e-08
 Reference value :  1.12675e-08
 Reference value :  1.12875e-08
 Reference value :  1.13075e-08
 Reference value :  1.13275e-08
 Reference value :  1.13475e-08
 Reference value :  1.13625e-08
 Reference value :  1.13825e-08
 Reference value :  1.14025e-08
 Reference value :  1.14275e-08
 Reference value :  1.14475e-08
 Reference value :  1.14675e-08
 Reference value :  1.14875e-08
 Reference value :  1.15075e-08
 Reference value :  1.15275e-08
 Reference value :  1.15425e-08
 Reference value :  1.15625e-08
 Reference value :  1.15925e-08
 Reference value :  1.16075e-08
 Reference value :  1.16275e-08
 Reference value :  1.16475e-08
 Reference value :  1.16675e-08
 Reference value :  1.16875e-08
 Reference value :  1.17075e-08
 Reference value :  1.17275e-08
 Reference value :  1.17525e-08
 Reference value :  1.17775e-08
 Reference value :  1.17975e-08
 Reference value :  1.18175e-08
 Reference value :  1.18425e-08
 Reference value :  1.18575e-08
 Reference value :  1.18825e-08
 Reference value :  1.19075e-08
 Reference value :  1.19375e-08
 Reference value :  1.19575e-08
 Reference value :  1.19775e-08
 Reference value :  1.19975e-08
 Reference value :  1.20225e-08
 Reference value :  1.20425e-08
 Reference value :  1.20675e-08
 Reference value :  1.20875e-08
 Reference value :  1.21125e-08
 Reference value :  1.21375e-08
 Reference value :  1.21575e-08
 Reference value :  1.21825e-08
 Reference value :  1.21975e-08
 Reference value :  1.22225e-08
 Reference value :  1.22525e-08
 Reference value :  1.22775e-08
 Reference value :  1.22975e-08
 Reference value :  1.23125e-08
 Reference value :  1.23325e-08
 Reference value :  1.23525e-08
 Reference value :  1.23725e-08
 Reference value :  1.23975e-08
 Reference value :  1.24125e-08
 Reference value :  1.24375e-08
 Reference value :  1.24675e-08
 Reference value :  1.24875e-08
 Reference value :  1.25075e-08
 Reference value :  1.25275e-08
 Reference value :  1.25475e-08
 Reference value :  1.25675e-08
 Reference value :  1.25925e-08
 Reference value :  1.26175e-08
 Reference value :  1.26375e-08
 Reference value :  1.26575e-08
 Reference value :  1.26825e-08
 Reference value :  1.27025e-08
 Reference value :  1.27275e-08
 Reference value :  1.27525e-08
 Reference value :  1.27775e-08
 Reference value :  1.28025e-08
 Reference value :  1.28225e-08
 Reference value :  1.28425e-08
 Reference value :  1.28675e-08
 Reference value :  1.28875e-08
 Reference value :  1.29075e-08
 Reference value :  1.29325e-08
 Reference value :  1.29475e-08
 Reference value :  1.29675e-08
 Reference value :  1.29875e-08
 Reference value :  1.30075e-08
 Reference value :  1.30275e-08
 Reference value :  1.30475e-08
 Reference value :  1.30675e-08
 Reference value :  1.30925e-08
 Reference value :  1.31175e-08
 Reference value :  1.31425e-08
 Reference value :  1.31625e-08
 Reference value :  1.31825e-08
 Reference value :  1.32025e-08
 Reference value :  1.32225e-08
 Reference value :  1.32375e-08
 Reference value :  1.32525e-08
 Reference value :  1.32725e-08
 Reference value :  1.32975e-08
 Reference value :  1.33225e-08
 Reference value :  1.33475e-08
 Reference value :  1.33725e-08
 Reference value :  1.33925e-08
 Reference value :  1.34125e-08
 Reference value :  1.34375e-08
 Reference value :  1.34575e-08
 Reference value :  1.34775e-08
 Reference value :  1.34975e-08
 Reference value :  1.35175e-08
 Reference value :  1.35425e-08
 Reference value :  1.35725e-08
 Reference value :  1.35925e-08
 Reference value :  1.36175e-08
 Reference value :  1.36425e-08
 Reference value :  1.36675e-08
 Reference value :  1.36875e-08
 Reference value :  1.37075e-08
 Reference value :  1.37275e-08
 Reference value :  1.37475e-08
 Reference value :  1.37675e-08
 Reference value :  1.37925e-08
 Reference value :  1.38125e-08
 Reference value :  1.38325e-08
 Reference value :  1.38525e-08
 Reference value :  1.38725e-08
 Reference value :  1.38925e-08
 Reference value :  1.39175e-08
 Reference value :  1.39375e-08
 Reference value :  1.39525e-08
 Reference value :  1.39725e-08
 Reference value :  1.39925e-08
 Reference value :  1.40125e-08
 Reference value :  1.40375e-08
 Reference value :  1.40575e-08
 Reference value :  1.40825e-08
 Reference value :  1.41075e-08
 Reference value :  1.41275e-08
 Reference value :  1.41475e-08
 Reference value :  1.41725e-08
 Reference value :  1.41925e-08
 Reference value :  1.42125e-08
 Reference value :  1.42325e-08
 Reference value :  1.42475e-08
 Reference value :  1.42675e-08
 Reference value :  1.42875e-08
 Reference value :  1.43025e-08
 Reference value :  1.43225e-08
 Reference value :  1.43425e-08
 Reference value :  1.43625e-08
 Reference value :  1.43825e-08
 Reference value :  1.44075e-08
 Reference value :  1.44275e-08
 Reference value :  1.44475e-08
 Reference value :  1.44625e-08
 Reference value :  1.44825e-08
 Reference value :  1.45025e-08
 Reference value :  1.45225e-08
 Reference value :  1.45425e-08
 Reference value :  1.45625e-08
 Reference value :  1.45775e-08
 Reference value :  1.45975e-08
 Reference value :  1.46175e-08
 Reference value :  1.46375e-08
 Reference value :  1.46525e-08
 Reference value :  1.46725e-08
 Reference value :  1.46875e-08
 Reference value :  1.47025e-08
 Reference value :  1.47225e-08
 Reference value :  1.47475e-08
 Reference value :  1.47675e-08
 Reference value :  1.47875e-08
 Reference value :  1.48075e-08
 Reference value :  1.48275e-08
 Reference value :  1.48475e-08
 Reference value :  1.48675e-08
 Reference value :  1.48825e-08
 Reference value :  1.49025e-08
 Reference value :  1.49275e-08
 Reference value :  1.49475e-08
 Reference value :  1.49725e-08
 Reference value :  1.49925e-08
 Reference value :  1.50175e-08
 Reference value :  1.50375e-08
 Reference value :  1.50525e-08
 Reference value :  1.50725e-08
 Reference value :  1.50925e-08
 Reference value :  1.51125e-08
 Reference value :  1.51325e-08
 Reference value :  1.51525e-08
 Reference value :  1.51775e-08
 Reference value :  1.51975e-08
 Reference value :  1.52225e-08
 Reference value :  1.52475e-08
 Reference value :  1.52725e-08
 Reference value :  1.52925e-08
 Reference value :  1.53125e-08
 Reference value :  1.53325e-08
 Reference value :  1.53525e-08
 Reference value :  1.53725e-08
 Reference value :  1.53925e-08
 Reference value :  1.54175e-08
 Reference value :  1.54425e-08
 Reference value :  1.54625e-08
 Reference value :  1.54875e-08
 Reference value :  1.55025e-08
 Reference value :  1.55275e-08
 Reference value :  1.55575e-08
 Reference value :  1.55875e-08
 Reference value :  1.56075e-08
 Reference value :  1.56275e-08
 Reference value :  1.56475e-08
 Reference value :  1.56725e-08
 Reference value :  1.56975e-08
 Reference value :  1.57225e-08
 Reference value :  1.57475e-08
 Reference value :  1.57625e-08
 Reference value :  1.57825e-08
 Reference value :  1.57975e-08
 Reference value :  1.58325e-08
 Reference value :  1.58575e-08
 Reference value :  1.58725e-08
 Reference value :  1.58925e-08
 Reference value :  1.59125e-08
 Reference value :  1.59325e-08
 Reference value :  1.59575e-08
 Reference value :  1.59825e-08
 Reference value :  1.60025e-08
 Reference value :  1.60275e-08
 Reference value :  1.60475e-08
 Reference value :  1.60625e-08
 Reference value :  1.60775e-08
 Reference value :  1.61025e-08
 Reference value :  1.61175e-08
 Reference value :  1.61375e-08
 Reference value :  1.61625e-08
 Reference value :  1.61825e-08
 Reference value :  1.62125e-08
 Reference value :  1.62325e-08
 Reference value :  1.62525e-08
 Reference value :  1.62725e-08
 Reference value :  1.62925e-08
 Reference value :  1.64025e-08
 Reference value :  1.64225e-08
 Reference value :  1.64475e-08
 Reference value :  1.64675e-08
 Reference value :  1.64825e-08
 Reference value :  1.65025e-08
 Reference value :  1.65225e-08
 Reference value :  1.65475e-08
 Reference value :  1.65725e-08
 Reference value :  1.65975e-08
 Reference value :  1.66175e-08
 Reference value :  1.66375e-08
 Reference value :  1.66575e-08
 Reference value :  1.66775e-08
 Reference value :  1.66975e-08
 Reference value :  1.67225e-08
 Reference value :  1.67375e-08
 Reference value :  1.67625e-08
 Reference value :  1.67825e-08
 Reference value :  1.67975e-08
 Reference value :  1.68175e-08
 Reference value :  1.68425e-08
 Reference value :  1.68775e-08
 Reference value :  1.68975e-08
 Reference value :  1.69175e-08
 Reference value :  1.69375e-08
 Reference value :  1.69575e-08
 Reference value :  1.69825e-08
 Reference value :  1.70075e-08
 Reference value :  1.70325e-08
 Reference value :  1.70525e-08
 Reference value :  1.70725e-08
 Reference value :  1.70925e-08
 Reference value :  1.71125e-08
 Reference value :  1.71375e-08
 Reference value :  1.71625e-08
 Reference value :  1.71825e-08
 Reference value :  1.72075e-08
 Reference value :  1.72225e-08
 Reference value :  1.72425e-08
 Reference value :  1.72625e-08
 Reference value :  1.72875e-08
 Reference value :  1.73175e-08
 Reference value :  1.73375e-08
 Reference value :  1.73625e-08
 Reference value :  1.73825e-08
 Reference value :  1.74025e-08
 Reference value :  1.74175e-08
 Reference value :  1.74375e-08
 Reference value :  1.74575e-08
 Reference value :  1.74775e-08
 Reference value :  1.74975e-08
 Reference value :  1.75175e-08
 Reference value :  1.75375e-08
 Reference value :  1.75575e-08
 Reference value :  1.75725e-08
 Reference value :  1.75975e-08
 Reference value :  1.76225e-08
 Reference value :  1.76525e-08
 Reference value :  1.76725e-08
 Reference value :  1.76925e-08
 Reference value :  1.77175e-08
 Reference value :  1.77375e-08
 Reference value :  1.77575e-08
 Reference value :  1.77775e-08
 Reference value :  1.77975e-08
 Reference value :  1.78225e-08
 Reference value :  1.78425e-08
 Reference value :  1.78675e-08
 Reference value :  1.78925e-08
 Reference value :  1.79175e-08
 Reference value :  1.79325e-08
 Reference value :  1.79575e-08
 Reference value :  1.79825e-08
 Reference value :  1.80075e-08
 Reference value :  1.80275e-08
 Reference value :  1.80525e-08
 Reference value :  1.80725e-08
 Reference value :  1.80975e-08
 Reference value :  1.81175e-08
 Reference value :  1.81375e-08
 Reference value :  1.81575e-08
 Reference value :  1.81775e-08
 Reference value :  1.81925e-08
 Reference value :  1.82125e-08
 Reference value :  1.82325e-08
 Reference value :  1.82575e-08
 Reference value :  1.82825e-08
 Reference value :  1.83075e-08
 Reference value :  1.83275e-08
 Reference value :  1.83475e-08
 Reference value :  1.83675e-08
 Reference value :  1.83925e-08
 Reference value :  1.84125e-08
 Reference value :  1.84425e-08
 Reference value :  1.84625e-08
 Reference value :  1.84875e-08
 Reference value :  1.85125e-08
 Reference value :  1.85425e-08
 Reference value :  1.85625e-08
 Reference value :  1.85825e-08
 Reference value :  1.86075e-08
 Reference value :  1.86225e-08
 Reference value :  1.86425e-08
 Reference value :  1.86625e-08
 Reference value :  1.86775e-08
 Reference value :  1.86975e-08
 Reference value :  1.87125e-08
 Reference value :  1.87425e-08
 Reference value :  1.87625e-08
 Reference value :  1.87825e-08
 Reference value :  1.88075e-08
 Reference value :  1.88275e-08
 Reference value :  1.88475e-08
 Reference value :  1.88725e-08
 Reference value :  1.89025e-08
 Reference value :  1.89275e-08
 Reference value :  1.89475e-08
 Reference value :  1.89775e-08
 Reference value :  1.90025e-08
 Reference value :  1.90325e-08
 Reference value :  1.90575e-08
 Reference value :  1.90875e-08
 Reference value :  1.91125e-08
 Reference value :  1.91375e-08
 Reference value :  1.91625e-08
 Reference value :  1.91875e-08
 Reference value :  1.92075e-08
 Reference value :  1.92325e-08
 Reference value :  1.92525e-08
 Reference value :  1.92725e-08
 Reference value :  1.92925e-08
 Reference value :  1.93175e-08
 Reference value :  1.93375e-08
 Reference value :  1.93575e-08
 Reference value :  1.93775e-08
 Reference value :  1.94125e-08
 Reference value :  1.94325e-08
 Reference value :  1.94525e-08
 Reference value :  1.94775e-08
 Reference value :  1.94975e-08
 Reference value :  1.95225e-08
 Reference value :  1.95475e-08
 Reference value :  1.95725e-08
 Reference value :  1.95925e-08
 Reference value :  1.96125e-08
 Reference value :  1.96375e-08
 Reference value :  1.96575e-08
 Reference value :  1.96775e-08
 Reference value :  1.97025e-08
 Reference value :  1.97225e-08
 Reference value :  1.97425e-08
 Reference value :  1.97625e-08
 Reference value :  1.97825e-08
 Reference value :  1.98075e-08
 Reference value :  1.98225e-08
 Reference value :  1.98425e-08
 Reference value :  1.98725e-08
 Reference value :  1.98975e-08
 Reference value :  1.99225e-08
 Reference value :  1.99525e-08
 Reference value :  1.99725e-08
 Reference value :  1.99975e-08
 Reference value :  2.00175e-08
 Reference value :  2.00425e-08
 Reference value :  2.00625e-08
 Reference value :  2.00825e-08
 Reference value :  2.00975e-08
 Reference value :  2.01225e-08
 Reference value :  2.01475e-08
 Reference value :  2.01675e-08
 Reference value :  2.01875e-08
 Reference value :  2.02075e-08
 Reference value :  2.02275e-08
 Reference value :  2.02475e-08
 Reference value :  2.02675e-08
 Reference value :  2.02925e-08
 Reference value :  2.03175e-08
 Reference value :  2.03375e-08
 Reference value :  2.03625e-08
 Reference value :  2.03825e-08
 Reference value :  2.04025e-08
 Reference value :  2.04225e-08
 Reference value :  2.04425e-08
 Reference value :  2.04575e-08
 Reference value :  2.04775e-08
 Reference value :  2.04975e-08
 Reference value :  2.05175e-08
 Reference value :  2.05375e-08
 Reference value :  2.05575e-08
 Reference value :  2.05775e-08
 Reference value :  2.05975e-08
 Reference value :  2.06175e-08
 Reference value :  2.06375e-08
 Reference value :  2.06575e-08
 Reference value :  2.06825e-08
 Reference value :  2.07125e-08
 Reference value :  2.07425e-08
 Reference value :  2.07625e-08
 Reference value :  2.07825e-08
 Reference value :  2.08025e-08
 Reference value :  2.08325e-08
 Reference value :  2.08525e-08
 Reference value :  2.08725e-08
 Reference value :  2.08975e-08
 Reference value :  2.09275e-08
 Reference value :  2.09525e-08
 Reference value :  2.09725e-08
 Reference value :  2.09975e-08
 Reference value :  2.10225e-08
 Reference value :  2.10425e-08
 Reference value :  2.10625e-08
 Reference value :  2.10825e-08
 Reference value :  2.11075e-08
 Reference value :  2.11275e-08
 Reference value :  2.11525e-08
 Reference value :  2.11775e-08
 Reference value :  2.12025e-08
 Reference value :  2.12225e-08
 Reference value :  2.12425e-08
 Reference value :  2.12575e-08
 Reference value :  2.12775e-08
 Reference value :  2.12975e-08
 Reference value :  2.13175e-08
 Reference value :  2.13375e-08
 Reference value :  2.13625e-08
 Reference value :  2.13775e-08
 Reference value :  2.14025e-08
 Reference value :  2.14225e-08
 Reference value :  2.14425e-08
 Reference value :  2.14575e-08
 Reference value :  2.14825e-08
 Reference value :  2.15075e-08
 Reference value :  2.15275e-08
 Reference value :  2.15475e-08
 Reference value :  2.15725e-08
 Reference value :  2.15975e-08
 Reference value :  2.16175e-08
 Reference value :  2.16425e-08
 Reference value :  2.16675e-08
 Reference value :  2.16925e-08
 Reference value :  2.17125e-08
 Reference value :  2.17425e-08
 Reference value :  2.17625e-08
 Reference value :  2.17775e-08
 Reference value :  2.18025e-08
 Reference value :  2.18275e-08
 Reference value :  2.18525e-08
 Reference value :  2.18725e-08
 Reference value :  2.18875e-08
 Reference value :  2.19125e-08
 Reference value :  2.19375e-08
 Reference value :  2.19575e-08
 Reference value :  2.19775e-08
 Reference value :  2.19925e-08
 Reference value :  2.20125e-08
 Reference value :  2.20425e-08
 Reference value :  2.20625e-08
 Reference value :  2.20825e-08
 Reference value :  2.21075e-08
 Reference value :  2.21275e-08
 Reference value :  2.21525e-08
 Reference value :  2.21775e-08
 Reference value :  2.22025e-08
 Reference value :  2.22275e-08
 Reference value :  2.22475e-08
 Reference value :  2.22675e-08
 Reference value :  2.22875e-08
 Reference value :  2.23125e-08
 Reference value :  2.23375e-08
 Reference value :  2.23575e-08
 Reference value :  2.23775e-08
 Reference value :  2.23975e-08
 Reference value :  2.24225e-08
 Reference value :  2.24425e-08
 Reference value :  2.24625e-08
 Reference value :  2.24825e-08
 Reference value :  2.25025e-08
 Reference value :  2.25225e-08
 Reference value :  2.25475e-08
 Reference value :  2.25625e-08
 Reference value :  2.25775e-08
 Reference value :  2.25925e-08
 Reference value :  2.26125e-08
 Reference value :  2.26325e-08
 Reference value :  2.26525e-08
 Reference value :  2.26675e-08
 Reference value :  2.26875e-08
 Reference value :  2.27125e-08
 Reference value :  2.27325e-08
 Reference value :  2.27525e-08
 Reference value :  2.27775e-08
 Reference value :  2.28025e-08
 Reference value :  2.28225e-08
 Reference value :  2.28425e-08
 Reference value :  2.28625e-08
 Reference value :  2.28825e-08
 Reference value :  2.28975e-08
 Reference value :  2.29125e-08
 Reference value :  2.29325e-08
 Reference value :  2.29575e-08
 Reference value :  2.29825e-08
 Reference value :  2.30025e-08
 Reference value :  2.30175e-08
 Reference value :  2.30375e-08
 Reference value :  2.30625e-08
 Reference value :  2.30825e-08
 Reference value :  2.31025e-08
 Reference value :  2.31225e-08
 Reference value :  2.31475e-08
 Reference value :  2.31875e-08
 Reference value :  2.32075e-08
 Reference value :  2.32275e-08
 Reference value :  2.32525e-08
 Reference value :  2.32725e-08
 Reference value :  2.32975e-08
 Reference value :  2.33175e-08
 Reference value :  2.33375e-08
 Reference value :  2.33625e-08
 Reference value :  2.33825e-08
 Reference value :  2.34075e-08
 Reference value :  2.34275e-08
 Reference value :  2.34525e-08
 Reference value :  2.34725e-08
 Reference value :  2.34925e-08
 Reference value :  2.35075e-08
 Reference value :  2.35275e-08
 Reference value :  2.35525e-08
 Reference value :  2.35725e-08
 Reference value :  2.35925e-08
 Reference value :  2.36125e-08
 Reference value :  2.36325e-08
 Reference value :  2.36525e-08
 Reference value :  2.36775e-08
 Reference value :  2.37175e-08
 Reference value :  2.37475e-08
 Reference value :  2.37725e-08
 Reference value :  2.37975e-08
 Reference value :  2.38225e-08
 Reference value :  2.38575e-08
 Reference value :  2.41775e-08
 Reference value :  2.42025e-08
 Reference value :  2.42275e-08
 Reference value :  2.42475e-08
 Reference value :  2.42675e-08
 Reference value :  2.42825e-08
 Reference value :  2.43025e-08
 Reference value :  2.43225e-08
 Reference value :  2.43375e-08
 Reference value :  2.43575e-08
 Reference value :  2.43825e-08
 Reference value :  2.44075e-08
 Reference value :  2.44275e-08
 Reference value :  2.44475e-08
 Reference value :  2.44675e-08
 Reference value :  2.44925e-08
 Reference value :  2.45125e-08
 Reference value :  2.45325e-08
 Reference value :  2.45525e-08
 Reference value :  2.45675e-08
 Reference value :  2.45875e-08
 Reference value :  2.46075e-08
 Reference value :  2.46475e-08
 Reference value :  2.46725e-08
 Reference value :  2.46975e-08
 Reference value :  2.47225e-08
 Reference value :  2.47475e-08
 Reference value :  2.47725e-08
 Reference value :  2.47975e-08
 Reference value :  2.48225e-08
 Reference value :  2.48425e-08
 Reference value :  2.48675e-08
 Reference value :  2.48925e-08
 Reference value :  2.49125e-08
 Reference value :  2.49325e-08
 Reference value :  2.49575e-08
 Reference value :  2.49775e-08
 Reference value :  2.50025e-08
 Reference value :  2.50225e-08
 Reference value :  2.50425e-08
 Reference value :  2.50625e-08
 Reference value :  2.50825e-08
 Reference value :  2.51025e-08
 Reference value :  2.51275e-08
 Reference value :  2.51525e-08
 Reference value :  2.51825e-08
 Reference value :  2.52075e-08
 Reference value :  2.52275e-08
 Reference value :  2.52525e-08
 Reference value :  2.52825e-08
 Reference value :  2.53025e-08
 Reference value :  2.53225e-08
 Reference value :  2.53425e-08
 Reference value :  2.53625e-08
 Reference value :  2.53825e-08
 Reference value :  2.54025e-08
 Reference value :  2.54275e-08
 Reference value :  2.54475e-08
 Reference value :  2.54725e-08
 Reference value :  2.54975e-08
 Reference value :  2.55225e-08
 Reference value :  2.55475e-08
 Reference value :  2.55675e-08
 Reference value :  2.55925e-08
 Reference value :  2.56125e-08
 Reference value :  2.56325e-08
 Reference value :  2.56525e-08
 Reference value :  2.56725e-08
 Reference value :  2.56925e-08
 Reference value :  2.57125e-08
 Reference value :  2.57275e-08
 Reference value :  2.57475e-08
 Reference value :  2.57675e-08
 Reference value :  2.57875e-08
 Reference value :  2.58125e-08
 Reference value :  2.58375e-08
 Reference value :  2.58625e-08
 Reference value :  2.58825e-08
 Reference value :  2.58975e-08
 Reference value :  2.59175e-08
 Reference value :  2.59475e-08
 Reference value :  2.59675e-08
 Reference value :  2.59925e-08
 Reference value :  2.60225e-08
 Reference value :  2.60475e-08
 Reference value :  2.60675e-08
 Reference value :  2.60875e-08
 Reference value :  2.61025e-08
 Reference value :  2.61275e-08
 Reference value :  2.61475e-08
 Reference value :  2.61725e-08
 Reference value :  2.61925e-08
 Reference value :  2.62125e-08
 Reference value :  2.62375e-08
 Reference value :  2.62625e-08
 Reference value :  2.62825e-08
 Reference value :  2.63025e-08
 Reference value :  2.63275e-08
 Reference value :  2.63475e-08
 Reference value :  2.63675e-08
 Reference value :  2.63875e-08
 Reference value :  2.64125e-08
 Reference value :  2.64325e-08
 Reference value :  2.64525e-08
 Reference value :  2.64725e-08
 Reference value :  2.64975e-08
 Reference value :  2.65175e-08
 Reference value :  2.65375e-08
 Reference value :  2.65625e-08
 Reference value :  2.65875e-08
 Reference value :  2.66125e-08
 Reference value :  2.66325e-08
 Reference value :  2.66525e-08
 Reference value :  2.66725e-08
 Reference value :  2.66975e-08
 Reference value :  2.67175e-08
 Reference value :  2.67425e-08
 Reference value :  2.67625e-08
 Reference value :  2.67825e-08
 Reference value :  2.68025e-08
 Reference value :  2.68375e-08
 Reference value :  2.68675e-08
 Reference value :  2.68875e-08
 Reference value :  2.69025e-08
 Reference value :  2.69275e-08
 Reference value :  2.69475e-08
 Reference value :  2.69625e-08
 Reference value :  2.69825e-08
 Reference value :  2.70025e-08
 Reference value :  2.70225e-08
 Reference value :  2.70425e-08
 Reference value :  2.70625e-08
 Reference value :  2.70825e-08
 Reference value :  2.71025e-08
 Reference value :  2.71275e-08
 Reference value :  2.71525e-08
 Reference value :  2.71725e-08
 Reference value :  2.71925e-08
 Reference value :  2.72225e-08
 Reference value :  2.72425e-08
 Reference value :  2.72675e-08
 Reference value :  2.72825e-08
 Reference value :  2.73025e-08
 Reference value :  2.73225e-08
 Reference value :  2.73475e-08
 Reference value :  2.73675e-08
 Reference value :  2.73875e-08
 Reference value :  2.74125e-08
 Reference value :  2.74325e-08
 Reference value :  2.74525e-08
 Reference value :  2.74725e-08
 Reference value :  2.74975e-08
 Reference value :  2.75275e-08
 Reference value :  2.75525e-08
 Reference value :  2.75675e-08
 Reference value :  2.75925e-08
 Reference value :  2.76125e-08
 Reference value :  2.76325e-08
 Reference value :  2.76525e-08
 Reference value :  2.76775e-08
 Reference value :  2.77025e-08
 Reference value :  2.77275e-08
 Reference value :  2.77475e-08
 Reference value :  2.77725e-08
 Reference value :  2.77925e-08
 Reference value :  2.78175e-08
 Reference value :  2.78425e-08
 Reference value :  2.78625e-08
 Reference value :  2.78825e-08
 Reference value :  2.79025e-08
 Reference value :  2.79225e-08
 Reference value :  2.79425e-08
 Reference value :  2.79625e-08
 Reference value :  2.79825e-08
 Reference value :  2.80075e-08
 Reference value :  2.80275e-08
 Reference value :  2.80475e-08
 Reference value :  2.80675e-08
 Reference value :  2.80875e-08
 Reference value :  2.81075e-08
 Reference value :  2.81325e-08
 Reference value :  2.81525e-08
 Reference value :  2.81725e-08
 Reference value :  2.81925e-08
 Reference value :  2.82175e-08
 Reference value :  2.82375e-08
 Reference value :  2.82625e-08
 Reference value :  2.82875e-08
 Reference value :  2.83125e-08
 Reference value :  2.83325e-08
 Reference value :  2.83525e-08
 Reference value :  2.83675e-08
 Reference value :  2.83875e-08
 Reference value :  2.84125e-08
 Reference value :  2.84325e-08
 Reference value :  2.84525e-08
 Reference value :  2.84775e-08
 Reference value :  2.84975e-08
 Reference value :  2.85225e-08
 Reference value :  2.85475e-08
 Reference value :  2.85775e-08
 Reference value :  2.86075e-08
 Reference value :  2.86275e-08
 Reference value :  2.86525e-08
 Reference value :  2.86675e-08
 Reference value :  2.86925e-08
 Reference value :  2.87125e-08
 Reference value :  2.87325e-08
 Reference value :  2.87575e-08
 Reference value :  2.87825e-08
 Reference value :  2.88075e-08
 Reference value :  2.88275e-08
 Reference value :  2.88475e-08
 Reference value :  2.88675e-08
 Reference value :  2.88875e-08
 Reference value :  2.89075e-08
 Reference value :  2.89275e-08
 Reference value :  2.89525e-08
 Reference value :  2.89725e-08
 Reference value :  2.89925e-08
 Reference value :  2.90125e-08
 Reference value :  2.90325e-08
 Reference value :  2.90525e-08
 Reference value :  2.90725e-08
 Reference value :  2.90925e-08
 Reference value :  2.91175e-08
 Reference value :  2.91375e-08
 Reference value :  2.91725e-08
 Reference value :  2.91925e-08
 Reference value :  2.92125e-08
 Reference value :  2.92325e-08
 Reference value :  2.92525e-08
 Reference value :  2.92725e-08
 Reference value :  2.92875e-08
 Reference value :  2.93075e-08
 Reference value :  2.93325e-08
 Reference value :  2.93575e-08
 Reference value :  2.93775e-08
 Reference value :  2.93925e-08
 Reference value :  2.94125e-08
 Reference value :  2.94375e-08
 Reference value :  2.94625e-08
 Reference value :  2.94875e-08
 Reference value :  2.95075e-08
 Reference value :  2.95325e-08
 Reference value :  2.95575e-08
 Reference value :  2.95775e-08
 Reference value :  2.95975e-08
 Reference value :  2.96175e-08
 Reference value :  2.96325e-08
 Reference value :  2.96525e-08
 Reference value :  2.96675e-08
 Reference value :  2.96875e-08
 Reference value :  2.97075e-08
 Reference value :  2.97325e-08
 Reference value :  2.97525e-08
 Reference value :  2.97675e-08
 Reference value :  2.97875e-08
 Reference value :  2.98125e-08
 Reference value :  2.98375e-08
 Reference value :  2.98575e-08
 Reference value :  2.98775e-08
 Reference value :  2.98925e-08
 Reference value :  2.99075e-08
 Reference value :  2.99225e-08
 Reference value :  2.99425e-08
 Reference value :  2.99625e-08
 Reference value :  2.99875e-08
 Reference value :  3.00075e-08
 Reference value :  3.00275e-08
 Reference value :  3.00475e-08
 Reference value :  3.00725e-08
 Reference value :  3.00925e-08
 Reference value :  3.01125e-08
 Reference value :  3.01325e-08
 Reference value :  3.01525e-08
 Reference value :  3.01775e-08
 Reference value :  3.01975e-08
 Reference value :  3.02175e-08
 Reference value :  3.02375e-08
 Reference value :  3.02575e-08
 Reference value :  3.02775e-08
 Reference value :  3.03025e-08
 Reference value :  3.03225e-08
 Reference value :  3.03475e-08
 Reference value :  3.03675e-08
 Reference value :  3.03875e-08
 Reference value :  3.04125e-08
 Reference value :  3.04375e-08
 Reference value :  3.04575e-08
 Reference value :  3.04775e-08
 Reference value :  3.04975e-08
 Reference value :  3.05175e-08
 Reference value :  3.05375e-08
 Reference value :  3.05575e-08
 Reference value :  3.05725e-08
 Reference value :  3.05925e-08
 Reference value :  3.06125e-08
 Reference value :  3.06375e-08
 Reference value :  3.06625e-08
 Reference value :  3.06825e-08
 Reference value :  3.07025e-08
 Reference value :  3.07275e-08
 Reference value :  3.07475e-08
 Reference value :  3.07725e-08
 Reference value :  3.07975e-08
 Reference value :  3.08175e-08
 Reference value :  3.08375e-08
 Reference value :  3.08575e-08
 Reference value :  3.08825e-08
 Reference value :  3.09025e-08
 Reference value :  3.09225e-08
 Reference value :  3.09375e-08
 Reference value :  3.09525e-08
 Reference value :  3.09775e-08
 Reference value :  3.09975e-08
 Reference value :  3.10175e-08
 Reference value :  3.10375e-08
 Reference value :  3.10575e-08
 Reference value :  3.10775e-08
 Reference value :  3.10975e-08
 Reference value :  3.11175e-08
 Reference value :  3.11475e-08
 Reference value :  3.11675e-08
 Reference value :  3.11875e-08
 Reference value :  3.12075e-08
 Reference value :  3.12275e-08
 Reference value :  3.12575e-08
 Reference value :  3.12775e-08
 Reference value :  3.12975e-08
 Reference value :  3.13175e-08
 Reference value :  3.13375e-08
 Reference value :  3.13525e-08
 Reference value :  3.13675e-08
 Reference value :  3.13875e-08
 Reference value :  3.14075e-08
 Reference value :  3.14225e-08
 Reference value :  3.14425e-08
 Reference value :  3.14625e-08
 Reference value :  3.14775e-08
 Reference value :  3.15025e-08
 Reference value :  3.15175e-08
 Reference value :  3.15375e-08
 Reference value :  3.15625e-08
 Reference value :  3.15825e-08
 Reference value :  3.16075e-08
 Reference value :  3.16225e-08
 Reference value :  3.16475e-08
 Reference value :  3.16625e-08
 Reference value :  3.16925e-08
 Reference value :  3.17175e-08
 Reference value :  3.17325e-08
 Reference value :  3.17525e-08
 Reference value :  3.17775e-08
 Reference value :  3.18025e-08
 Reference value :  3.18275e-08
 Reference value :  3.18425e-08
 Reference value :  3.18625e-08
 Reference value :  3.18875e-08
 Reference value :  3.19075e-08
 Reference value :  3.19325e-08
 Reference value :  3.19525e-08
 Reference value :  3.19725e-08
 Reference value :  3.19925e-08
 Reference value :  3.20175e-08
 Reference value :  3.20425e-08
 Reference value :  3.20675e-08
 Reference value :  3.20925e-08
 Reference value :  3.21125e-08
 Reference value :  3.21325e-08
 Reference value :  3.21575e-08
 Reference value :  3.21775e-08
 Reference value :  3.22075e-08
 Reference value :  3.22325e-08
 Reference value :  3.22575e-08
 Reference value :  3.22825e-08
 Reference value :  3.23025e-08
 Reference value :  3.23275e-08
 Reference value :  3.23525e-08
 Reference value :  3.23775e-08
 Reference value :  3.24025e-08
 Reference value :  3.24275e-08
 Reference value :  3.24525e-08
 Reference value :  3.24725e-08
 Reference value :  3.24975e-08
 Reference value :  3.25225e-08
 Reference value :  3.25475e-08
 Reference value :  3.25725e-08
 Reference value :  3.25975e-08
 Reference value :  3.26225e-08
 Reference value :  3.26425e-08
 Reference value :  3.26625e-08
 Reference value :  3.26875e-08
 Reference value :  3.27125e-08
 Reference value :  3.27375e-08
 Reference value :  3.27625e-08
 Reference value :  3.27825e-08
 Reference value :  3.28025e-08
 Reference value :  3.28225e-08
 Reference value :  3.28475e-08
 Reference value :  3.28675e-08
 Reference value :  3.28875e-08
 Reference value :  3.29125e-08
 Reference value :  3.29425e-08
 Reference value :  3.29625e-08
 Reference value :  3.29825e-08
 Reference value :  3.30075e-08
 Reference value :  3.30275e-08
 Reference value :  3.30525e-08
 Reference value :  3.30825e-08
 Reference value :  3.31075e-08
 Reference value :  3.31275e-08
 Reference value :  3.31525e-08
 Reference value :  3.31725e-08
 Reference value :  3.31975e-08
 Reference value :  3.32175e-08
 Reference value :  3.32375e-08
 Reference value :  3.32525e-08
 Reference value :  3.32675e-08
 Reference value :  3.32875e-08
 Reference value :  3.33125e-08
 Reference value :  3.33325e-08
 Reference value :  3.33575e-08
 Reference value :  3.33775e-08
 Reference value :  3.34025e-08
 Reference value :  3.34225e-08
 Reference value :  3.34475e-08
 Reference value :  3.34675e-08
 Reference value :  3.34875e-08
 Reference value :  3.35025e-08
 Reference value :  3.35225e-08
 Reference value :  3.35425e-08
 Reference value :  3.35625e-08
 Reference value :  3.35775e-08
 Reference value :  3.35925e-08
 Reference value :  3.36125e-08
 Reference value :  3.36325e-08
 Reference value :  3.36525e-08
 Reference value :  3.36775e-08
 Reference value :  3.37075e-08
 Reference value :  3.37375e-08
 Reference value :  3.37625e-08
 Reference value :  3.37925e-08
 Reference value :  3.38175e-08
 Reference value :  3.38325e-08
 Reference value :  3.38575e-08
 Reference value :  3.38775e-08
 Reference value :  3.38925e-08
 Reference value :  3.39225e-08
 Reference value :  3.39475e-08
 Reference value :  3.39725e-08
 Reference value :  3.39875e-08
 Reference value :  3.40125e-08
 Reference value :  3.40325e-08
 Reference value :  3.40525e-08
 Reference value :  3.40725e-08
 Reference value :  3.41025e-08
 Reference value :  3.41275e-08
 Reference value :  3.41525e-08
 Reference value :  3.41725e-08
 Reference value :  3.41975e-08
 Reference value :  3.42225e-08
 Reference value :  3.42425e-08
 Reference value :  3.42675e-08
 Reference value :  3.42875e-08
 Reference value :  3.43075e-08
 Reference value :  3.43275e-08
 Reference value :  3.43525e-08
 Reference value :  3.43775e-08
 Reference value :  3.44025e-08
 Reference value :  3.44225e-08
 Reference value :  3.44475e-08
 Reference value :  3.44675e-08
 Reference value :  3.44875e-08
 Reference value :  3.45075e-08
 Reference value :  3.45275e-08
 Reference value :  3.45525e-08
 Reference value :  3.45725e-08
 Reference value :  3.45975e-08
 Reference value :  3.46325e-08
 Reference value :  3.46475e-08
 Reference value :  3.46675e-08
 Reference value :  3.46875e-08
 Reference value :  3.47125e-08
 Reference value :  3.47275e-08
 Reference value :  3.47425e-08
 Reference value :  3.47625e-08
 Reference value :  3.47875e-08
 Reference value :  3.48125e-08
 Reference value :  3.48325e-08
 Reference value :  3.48525e-08
 Reference value :  3.48725e-08
 Reference value :  3.48925e-08
 Reference value :  3.49075e-08
 Reference value :  3.49225e-08
 Reference value :  3.49375e-08
 Reference value :  3.49575e-08
 Reference value :  3.49775e-08
 Reference value :  3.49975e-08
 Reference value :  3.50175e-08
 Reference value :  3.50425e-08
 Reference value :  3.50625e-08
 Reference value :  3.50825e-08
 Reference value :  3.51075e-08
 Reference value :  3.51375e-08
 Reference value :  3.51625e-08
 Reference value :  3.51825e-08
 Reference value :  3.52025e-08
 Reference value :  3.52225e-08
 Reference value :  3.52425e-08
 Reference value :  3.52625e-08
 Reference value :  3.52825e-08
 Reference value :  3.53025e-08
 Reference value :  3.53225e-08
 Reference value :  3.53425e-08
 Reference value :  3.53625e-08
 Reference value :  3.53825e-08
 Reference value :  3.53975e-08
 Reference value :  3.54125e-08
 Reference value :  3.54325e-08
 Reference value :  3.54525e-08
 Reference value :  3.54675e-08
 Reference value :  3.54875e-08
 Reference value :  3.55075e-08
 Reference value :  3.55275e-08
 Reference value :  3.55475e-08
 Reference value :  3.55675e-08
 Reference value :  3.55925e-08
 Reference value :  3.56125e-08
 Reference value :  3.56325e-08
 Reference value :  3.56575e-08
 Reference value :  3.56775e-08
 Reference value :  3.56975e-08
 Reference value :  3.57175e-08
 Reference value :  3.57375e-08
 Reference value :  3.57575e-08
 Reference value :  3.57775e-08
 Reference value :  3.57975e-08
 Reference value :  3.58175e-08
 Reference value :  3.58425e-08
 Reference value :  3.58675e-08
 Reference value :  3.58875e-08
 Reference value :  3.59125e-08
 Reference value :  3.59325e-08
 Reference value :  3.59525e-08
 Reference value :  3.59725e-08
 Reference value :  3.59925e-08
 Reference value :  3.60175e-08
 Reference value :  3.60375e-08
 Reference value :  3.60675e-08
 Reference value :  3.60875e-08
 Reference value :  3.61075e-08
 Reference value :  3.61325e-08
 Reference value :  3.61525e-08
 Reference value :  3.61725e-08
 Reference value :  3.61875e-08
 Reference value :  3.62125e-08
 Reference value :  3.62375e-08
 Reference value :  3.62575e-08
 Reference value :  3.62775e-08
 Reference value :  3.62975e-08
 Reference value :  3.63175e-08
 Reference value :  3.63425e-08
 Reference value :  3.63625e-08
 Reference value :  3.63925e-08
 Reference value :  3.64175e-08
 Reference value :  3.64425e-08
 Reference value :  3.64575e-08
 Reference value :  3.64875e-08
 Reference value :  3.65025e-08
 Reference value :  3.65225e-08
 Reference value :  3.65425e-08
 Reference value :  3.65625e-08
 Reference value :  3.65875e-08
 Reference value :  3.66025e-08
 Reference value :  3.66275e-08
 Reference value :  3.66525e-08
 Reference value :  3.66725e-08
 Reference value :  3.66925e-08
 Reference value :  3.67175e-08
 Reference value :  3.67425e-08
 Reference value :  3.67625e-08
 Reference value :  3.67875e-08
 Reference value :  3.68075e-08
 Reference value :  3.68275e-08
 Reference value :  3.68475e-08
 Reference value :  3.68675e-08
 Reference value :  3.68825e-08
 Reference value :  3.69025e-08
 Reference value :  3.69225e-08
 Reference value :  3.69425e-08
 Reference value :  3.69625e-08
 Reference value :  3.69825e-08
 Reference value :  3.70025e-08
 Reference value :  3.70225e-08
 Reference value :  3.70375e-08
 Reference value :  3.70575e-08
 Reference value :  3.70725e-08
 Reference value :  3.70925e-08
 Reference value :  3.71125e-08
 Reference value :  3.71375e-08
 Reference value :  3.71625e-08
 Reference value :  3.71825e-08
 Reference value :  3.72025e-08
 Reference value :  3.72175e-08
 Reference value :  3.72375e-08
 Reference value :  3.72625e-08
 Reference value :  3.72825e-08
 Reference value :  3.72975e-08
 Reference value :  3.73125e-08
 Reference value :  3.73325e-08
 Reference value :  3.73575e-08
 Reference value :  3.73775e-08
 Reference value :  3.74125e-08
 Reference value :  3.74325e-08
 Reference value :  3.74525e-08
 Reference value :  3.74725e-08
 Reference value :  3.74975e-08
 Reference value :  3.75175e-08
 Reference value :  3.75375e-08
 Reference value :  3.75575e-08
 Reference value :  3.75775e-08
 Reference value :  3.75925e-08
 Reference value :  3.76125e-08
 Reference value :  3.76325e-08
 Reference value :  3.76525e-08
 Reference value :  3.76725e-08
 Reference value :  3.77025e-08
 Reference value :  3.77275e-08
 Reference value :  3.77525e-08
 Reference value :  3.77725e-08
 Reference value :  3.77925e-08
 Reference value :  3.78225e-08
 Reference value :  3.78425e-08
 Reference value :  3.78675e-08
 Reference value :  3.78875e-08
 Reference value :  3.79075e-08
 Reference value :  3.79325e-08
 Reference value :  3.79575e-08
 Reference value :  3.79875e-08
 Reference value :  3.80125e-08
 Reference value :  3.80375e-08
 Reference value :  3.80625e-08
 Reference value :  3.80875e-08
 Reference value :  3.81125e-08
 Reference value :  3.81325e-08
 Reference value :  3.81575e-08
 Reference value :  3.81875e-08
 Reference value :  3.82075e-08
 Reference value :  3.82425e-08
 Reference value :  3.82625e-08
 Reference value :  3.82825e-08
 Reference value :  3.83025e-08
 Reference value :  3.83175e-08
 Reference value :  3.83375e-08
 Reference value :  3.83625e-08
 Reference value :  3.83825e-08
 Reference value :  3.84075e-08
 Reference value :  3.84325e-08
 Reference value :  3.84525e-08
 Reference value :  3.84725e-08
 Reference value :  3.84925e-08
 Reference value :  3.85225e-08
 Reference value :  3.85475e-08
 Reference value :  3.85725e-08
 Reference value :  3.85925e-08
 Reference value :  3.86125e-08
 Reference value :  3.86275e-08
 Reference value :  3.86475e-08
 Reference value :  3.86675e-08
 Reference value :  3.86925e-08
 Reference value :  3.87175e-08
 Reference value :  3.87325e-08
 Reference value :  3.87525e-08
 Reference value :  3.87775e-08
 Reference value :  3.88025e-08
 Reference value :  3.88275e-08
 Reference value :  3.88525e-08
 Reference value :  3.88725e-08
 Reference value :  3.88925e-08
 Reference value :  3.89175e-08
 Reference value :  3.89425e-08
 Reference value :  3.89675e-08
 Reference value :  3.89925e-08
 Reference value :  3.90175e-08
 Reference value :  3.90375e-08
 Reference value :  3.90525e-08
 Reference value :  3.90725e-08
 Reference value :  3.90925e-08
 Reference value :  3.91175e-08
 Reference value :  3.91375e-08
 Reference value :  3.91675e-08
 Reference value :  3.91925e-08
 Reference value :  3.92125e-08
 Reference value :  3.92325e-08
 Reference value :  3.92575e-08
 Reference value :  3.92775e-08
 Reference value :  3.93025e-08
 Reference value :  3.93275e-08
 Reference value :  3.93525e-08
 Reference value :  3.93675e-08
 Reference value :  3.93875e-08
 Reference value :  3.94125e-08
 Reference value :  3.94325e-08
 Reference value :  3.94575e-08
 Reference value :  3.94775e-08
 Reference value :  3.94975e-08
 Reference value :  3.95175e-08
 Reference value :  3.95325e-08
 Reference value :  3.95575e-08
 Reference value :  3.95775e-08
 Reference value :  3.96125e-08
 Reference value :  3.96325e-08
 Reference value :  3.96625e-08
 Reference value :  3.96775e-08
 Reference value :  3.96975e-08
 Reference value :  3.97175e-08
 Reference value :  3.97425e-08
 Reference value :  3.97625e-08
 Reference value :  3.97825e-08
 Reference value :  3.98025e-08
 Reference value :  3.98275e-08
 Reference value :  3.98475e-08
 Reference value :  3.98675e-08
 Reference value :  3.98825e-08
 Reference value :  3.98975e-08
 Reference value :  3.99175e-08
 Reference value :  3.99525e-08
 Reference value :  3.99875e-08
 Reference value :  4.00075e-08
 Reference value :  4.00375e-08
 Reference value :  4.00575e-08
 Reference value :  4.00725e-08
 Reference value :  4.00925e-08
 Reference value :  4.01075e-08
 Reference value :  4.01275e-08
 Reference value :  4.01525e-08
 Reference value :  4.01775e-08
 Reference value :  4.02025e-08
 Reference value :  4.02275e-08
 Reference value :  4.02475e-08
 Reference value :  4.02725e-08
 Reference value :  4.02975e-08
 Reference value :  4.03175e-08
 Reference value :  4.03325e-08
 Reference value :  4.03575e-08
 Reference value :  4.03775e-08
 Reference value :  4.04025e-08
 Reference value :  4.04175e-08
 Reference value :  4.04325e-08
 Reference value :  4.04525e-08
 Reference value :  4.04725e-08
 Reference value :  4.04925e-08
 Reference value :  4.05175e-08
 Reference value :  4.05325e-08
 Reference value :  4.05525e-08
 Reference value :  4.05725e-08
 Reference value :  4.05875e-08
 Reference value :  4.06025e-08
 Reference value :  4.06225e-08
 Reference value :  4.06425e-08
 Reference value :  4.06625e-08
 Reference value :  4.06825e-08
 Reference value :  4.07025e-08
 Reference value :  4.07275e-08
 Reference value :  4.07525e-08
 Reference value :  4.07725e-08
 Reference value :  4.07875e-08
 Reference value :  4.08075e-08
 Reference value :  4.08275e-08
 Reference value :  4.08475e-08
 Reference value :  4.08725e-08
 Reference value :  4.08975e-08
 Reference value :  4.09225e-08
 Reference value :  4.09475e-08
 Reference value :  4.09675e-08
 Reference value :  4.09875e-08
 Reference value :  4.10075e-08
 Reference value :  4.10275e-08
 Reference value :  4.10525e-08
 Reference value :  4.10725e-08
 Reference value :  4.10925e-08
 Reference value :  4.11125e-08
 Reference value :  4.11325e-08
 Reference value :  4.11525e-08
 Reference value :  4.11775e-08
 Reference value :  4.12075e-08
 Reference value :  4.12275e-08
 Reference value :  4.12475e-08
 Reference value :  4.12675e-08
 Reference value :  4.12875e-08
 Reference value :  4.13125e-08
 Reference value :  4.13375e-08
 Reference value :  4.13575e-08
 Reference value :  4.13825e-08
 Reference value :  4.14025e-08
 Reference value :  4.14225e-08
 Reference value :  4.14475e-08
 Reference value :  4.14675e-08
 Reference value :  4.14925e-08
 Reference value :  4.15125e-08
 Reference value :  4.15325e-08
 Reference value :  4.15525e-08
 Reference value :  4.15725e-08
 Reference value :  4.15975e-08
 Reference value :  4.16175e-08
 Reference value :  4.16375e-08
 Reference value :  4.16575e-08
 Reference value :  4.16775e-08
 Reference value :  4.16975e-08
 Reference value :  4.17125e-08
 Reference value :  4.17325e-08
 Reference value :  4.17525e-08
 Reference value :  4.17725e-08
 Reference value :  4.17925e-08
 Reference value :  4.18125e-08
 Reference value :  4.18325e-08
 Reference value :  4.18525e-08
 Reference value :  4.18775e-08
 Reference value :  4.19025e-08
 Reference value :  4.19325e-08
 Reference value :  4.19475e-08
 Reference value :  4.19675e-08
 Reference value :  4.19925e-08
 Reference value :  4.20175e-08
 Reference value :  4.20375e-08
 Reference value :  4.20575e-08
 Reference value :  4.20825e-08
 Reference value :  4.21025e-08
 Reference value :  4.21375e-08
 Reference value :  4.21625e-08
 Reference value :  4.21825e-08
 Reference value :  4.22025e-08
 Reference value :  4.22275e-08
 Reference value :  4.22475e-08
 Reference value :  4.22725e-08
 Reference value :  4.22975e-08
 Reference value :  4.23225e-08
 Reference value :  4.23475e-08
 Reference value :  4.23675e-08
 Reference value :  4.23875e-08
 Reference value :  4.24075e-08
 Reference value :  4.24275e-08
 Reference value :  4.24475e-08
 Reference value :  4.24725e-08
 Reference value :  4.24925e-08
 Reference value :  4.25125e-08
 Reference value :  4.25325e-08
 Reference value :  4.25525e-08
 Reference value :  4.25775e-08
 Reference value :  4.26025e-08
 Reference value :  4.26225e-08
 Reference value :  4.26425e-08
 Reference value :  4.26575e-08
 Reference value :  4.26775e-08
 Reference value :  4.26975e-08
 Reference value :  4.27125e-08
 Reference value :  4.27275e-08
 Reference value :  4.27475e-08
 Reference value :  4.27675e-08
 Reference value :  4.27925e-08
 Reference value :  4.28175e-08
 Reference value :  4.28375e-08
 Reference value :  4.28575e-08
 Reference value :  4.28825e-08
 Reference value :  4.29025e-08
 Reference value :  4.29225e-08
 Reference value :  4.29425e-08
 Reference value :  4.29625e-08
 Reference value :  4.29825e-08
 Reference value :  4.30025e-08
 Reference value :  4.30275e-08
 Reference value :  4.30525e-08
 Reference value :  4.30725e-08
 Reference value :  4.30925e-08
 Reference value :  4.31075e-08
 Reference value :  4.31325e-08
 Reference value :  4.31525e-08
 Reference value :  4.31725e-08
 Reference value :  4.31925e-08
 Reference value :  4.32175e-08
 Reference value :  4.32375e-08
 Reference value :  4.32625e-08
 Reference value :  4.32875e-08
 Reference value :  4.33125e-08
 Reference value :  4.33375e-08
 Reference value :  4.33575e-08
 Reference value :  4.33775e-08
 Reference value :  4.33975e-08
 Reference value :  4.34225e-08
 Reference value :  4.34475e-08
 Reference value :  4.34675e-08
 Reference value :  4.34875e-08
 Reference value :  4.35025e-08
 Reference value :  4.35225e-08
 Reference value :  4.35425e-08
 Reference value :  4.35575e-08
 Reference value :  4.35775e-08
 Reference value :  4.36025e-08
 Reference value :  4.36275e-08
 Reference value :  4.36475e-08
 Reference value :  4.36725e-08
 Reference value :  4.36975e-08
 Reference value :  4.37175e-08
 Reference value :  4.37375e-08
 Reference value :  4.37575e-08
 Reference value :  4.37825e-08
 Reference value :  4.38025e-08
 Reference value :  4.38225e-08
 Reference value :  4.38425e-08
 Reference value :  4.38625e-08
 Reference value :  4.38925e-08
 Reference value :  4.39175e-08
 Reference value :  4.39375e-08
 Reference value :  4.39525e-08
 Reference value :  4.39675e-08
 Reference value :  4.39875e-08
 Reference value :  4.40175e-08
 Reference value :  4.40375e-08
 Reference value :  4.40575e-08
 Reference value :  4.40825e-08
 Reference value :  4.41075e-08
 Reference value :  4.41225e-08
 Reference value :  4.41425e-08
 Reference value :  4.41625e-08
 Reference value :  4.41825e-08
 Reference value :  4.42025e-08
 Reference value :  4.42225e-08
 Reference value :  4.42425e-08
 Reference value :  4.42625e-08
 Reference value :  4.42825e-08
 Reference value :  4.42975e-08
 Reference value :  4.43175e-08
 Reference value :  4.43375e-08
 Reference value :  4.43525e-08
 Reference value :  4.43725e-08
 Reference value :  4.43875e-08
 Reference value :  4.44075e-08
 Reference value :  4.44325e-08
 Reference value :  4.44525e-08
 Reference value :  4.44675e-08
 Reference value :  4.44875e-08
 Reference value :  4.45075e-08
 Reference value :  4.45325e-08
 Reference value :  4.45525e-08
 Reference value :  4.45775e-08
 Reference value :  4.46025e-08
 Reference value :  4.46225e-08
 Reference value :  4.46475e-08
 Reference value :  4.46675e-08
 Reference value :  4.46875e-08
 Reference value :  4.47075e-08
 Reference value :  4.47275e-08
 Reference value :  4.47525e-08
 Reference value :  4.47675e-08
 Reference value :  4.47875e-08
 Reference value :  4.48025e-08
 Reference value :  4.48225e-08
 Reference value :  4.48425e-08
 Reference value :  4.48675e-08
 Reference value :  4.48875e-08
 Reference value :  4.49075e-08
 Reference value :  4.49225e-08
 Reference value :  4.49375e-08
 Reference value :  4.49525e-08
 Reference value :  4.49775e-08
 Reference value :  4.49975e-08
 Reference value :  4.50175e-08
 Reference value :  4.50375e-08
 Reference value :  4.50725e-08
 Reference value :  4.50962e-08
No. of Data Rows : 9034
Note: Simulation executed from .control section 
