
Note: Compatibility modes selected: hs a


Circuit: * comparator-decision regen-time sweep -- vindiff=1mv corner=ff temp=125.0c (issue #9)

option SCALE: Scale is set to 1e-06 for instance and model parameters
option SCALE: Scale is set to 1e-06 for instance and model parameters
option SCALE: Scale is set to 1e-06 for instance and model parameters
option SCALE: Scale is set to 1e-06 for instance and model parameters
Doing analysis at TEMP = 125.000000 and TNOM = 27.000000

Using KLU as Direct Linear Solver
 Reference value :  0.00000e+00
 Reference value :  8.00000e-13
 Reference value :  1.14000e-11
 Reference value :  3.14000e-11
 Reference value :  5.14000e-11
 Reference value :  7.14000e-11
 Reference value :  9.14000e-11
 Reference value :  1.16400e-10
 Reference value :  1.41400e-10
 Reference value :  1.66400e-10
 Reference value :  1.91400e-10
 Reference value :  2.16400e-10
 Reference value :  2.41400e-10
 Reference value :  2.61400e-10
 Reference value :  2.81400e-10
 Reference value :  3.01400e-10
 Reference value :  3.21400e-10
 Reference value :  3.46400e-10
 Reference value :  3.66400e-10
 Reference value :  3.86400e-10
 Reference value :  4.06400e-10
 Reference value :  4.26400e-10
 Reference value :  4.46400e-10
 Reference value :  4.66400e-10
 Reference value :  4.86400e-10
 Reference value :  5.01400e-10
 Reference value :  5.21400e-10
 Reference value :  5.51400e-10
 Reference value :  5.76400e-10
 Reference value :  5.96400e-10
 Reference value :  6.16400e-10
 Reference value :  6.36400e-10
 Reference value :  6.56400e-10
 Reference value :  6.71400e-10
 Reference value :  6.91400e-10
 Reference value :  7.11400e-10
 Reference value :  7.31400e-10
 Reference value :  7.61400e-10
 Reference value :  7.81400e-10
 Reference value :  7.96400e-10
 Reference value :  8.11400e-10
 Reference value :  8.36400e-10
 Reference value :  8.51400e-10
 Reference value :  8.71400e-10
 Reference value :  8.91400e-10
 Reference value :  9.11400e-10
 Reference value :  9.31400e-10
 Reference value :  9.51400e-10
 Reference value :  9.66400e-10
 Reference value :  9.81400e-10
 Reference value :  1.00140e-09
 Reference value :  1.02140e-09
 Reference value :  1.04140e-09
 Reference value :  1.06640e-09
 Reference value :  1.08640e-09
 Reference value :  1.11140e-09
 Reference value :  1.13640e-09
 Reference value :  1.15640e-09
 Reference value :  1.18140e-09
 Reference value :  1.20140e-09
 Reference value :  1.22140e-09
 Reference value :  1.24140e-09
 Reference value :  1.26140e-09
 Reference value :  1.28640e-09
 Reference value :  1.30140e-09
 Reference value :  1.31640e-09
 Reference value :  1.34140e-09
 Reference value :  1.35640e-09
 Reference value :  1.37640e-09
 Reference value :  1.40140e-09
 Reference value :  1.42140e-09
 Reference value :  1.44140e-09
 Reference value :  1.46640e-09
 Reference value :  1.48640e-09
 Reference value :  1.50640e-09
 Reference value :  1.52640e-09
 Reference value :  1.55640e-09
 Reference value :  1.58140e-09
 Reference value :  1.61640e-09
 Reference value :  1.63640e-09
 Reference value :  1.65140e-09
 Reference value :  1.66640e-09
 Reference value :  1.68140e-09
 Reference value :  1.69640e-09
 Reference value :  1.71640e-09
 Reference value :  1.74140e-09
 Reference value :  1.76140e-09
 Reference value :  1.78640e-09
 Reference value :  1.80640e-09
 Reference value :  1.82640e-09
 Reference value :  1.84640e-09
 Reference value :  1.86640e-09
 Reference value :  1.89140e-09
 Reference value :  1.91140e-09
 Reference value :  1.93140e-09
 Reference value :  1.95640e-09
 Reference value :  1.97140e-09
 Reference value :  1.98640e-09
 Reference value :  2.00140e-09
 Reference value :  2.02140e-09
 Reference value :  2.04140e-09
 Reference value :  2.06140e-09
 Reference value :  2.08140e-09
 Reference value :  2.10140e-09
 Reference value :  2.12140e-09
 Reference value :  2.13640e-09
 Reference value :  2.15140e-09
 Reference value :  2.17140e-09
 Reference value :  2.18640e-09
 Reference value :  2.20640e-09
 Reference value :  2.22140e-09
 Reference value :  2.24140e-09
 Reference value :  2.25640e-09
 Reference value :  2.27140e-09
 Reference value :  2.29140e-09
 Reference value :  2.31640e-09
 Reference value :  2.34140e-09
 Reference value :  2.36140e-09
 Reference value :  2.38140e-09
 Reference value :  2.40640e-09
 Reference value :  2.43140e-09
 Reference value :  2.45640e-09
 Reference value :  2.48140e-09
 Reference value :  2.50640e-09
 Reference value :  2.53140e-09
 Reference value :  2.55640e-09
 Reference value :  3.65140e-09
 Reference value :  5.29250e-09
 Reference value :  5.31250e-09
 Reference value :  5.33250e-09
 Reference value :  5.35250e-09
 Reference value :  5.37750e-09
 Reference value :  5.39750e-09
 Reference value :  5.41250e-09
 Reference value :  5.42750e-09
 Reference value :  5.45250e-09
 Reference value :  5.47750e-09
 Reference value :  5.49750e-09
 Reference value :  5.52250e-09
 Reference value :  5.53750e-09
 Reference value :  5.55750e-09
 Reference value :  5.57750e-09
 Reference value :  5.59250e-09
 Reference value :  5.61250e-09
 Reference value :  5.63750e-09
 Reference value :  5.66250e-09
 Reference value :  5.68750e-09
 Reference value :  5.70750e-09
 Reference value :  5.72750e-09
 Reference value :  5.74750e-09
 Reference value :  5.77250e-09
 Reference value :  5.80250e-09
 Reference value :  5.82750e-09
 Reference value :  5.84750e-09
 Reference value :  5.86750e-09
 Reference value :  5.88750e-09
 Reference value :  5.90750e-09
 Reference value :  5.92750e-09
 Reference value :  5.94750e-09
 Reference value :  5.96250e-09
 Reference value :  5.97750e-09
 Reference value :  5.99750e-09
 Reference value :  6.02250e-09
 Reference value :  6.04750e-09
 Reference value :  6.06250e-09
 Reference value :  6.08250e-09
 Reference value :  6.10250e-09
 Reference value :  6.12750e-09
 Reference value :  6.15250e-09
 Reference value :  6.17250e-09
 Reference value :  6.19250e-09
 Reference value :  6.21250e-09
 Reference value :  6.23250e-09
 Reference value :  6.26250e-09
 Reference value :  6.28250e-09
 Reference value :  6.30250e-09
 Reference value :  6.32250e-09
 Reference value :  6.34750e-09
 Reference value :  6.36750e-09
 Reference value :  6.38750e-09
 Reference value :  6.40750e-09
 Reference value :  6.43250e-09
 Reference value :  6.45750e-09
 Reference value :  6.47250e-09
 Reference value :  7.68750e-09
 Reference value :  9.17250e-09
 Reference value :  9.19250e-09
 Reference value :  9.21250e-09
 Reference value :  9.23250e-09
 Reference value :  9.25250e-09
 Reference value :  9.27750e-09
 Reference value :  9.30250e-09
 Reference value :  9.31750e-09
 Reference value :  9.33750e-09
 Reference value :  9.36250e-09
 Reference value :  9.38250e-09
 Reference value :  9.40250e-09
 Reference value :  9.42250e-09
 Reference value :  9.44250e-09
 Reference value :  9.46250e-09
 Reference value :  9.48250e-09
 Reference value :  9.50250e-09
 Reference value :  9.52250e-09
 Reference value :  9.54250e-09
 Reference value :  9.56750e-09
 Reference value :  9.59250e-09
 Reference value :  9.61250e-09
 Reference value :  9.63250e-09
 Reference value :  9.65750e-09
 Reference value :  9.68250e-09
 Reference value :  9.70750e-09
 Reference value :  9.72750e-09
 Reference value :  9.75250e-09
 Reference value :  9.78250e-09
 Reference value :  9.80250e-09
 Reference value :  9.82250e-09
 Reference value :  9.84250e-09
 Reference value :  9.86750e-09
 Reference value :  9.88750e-09
 Reference value :  9.90250e-09
 Reference value :  9.91750e-09
 Reference value :  9.93250e-09
 Reference value :  9.95250e-09
 Reference value :  9.97750e-09
 Reference value :  9.99750e-09
 Reference value :  1.00225e-08
 Reference value :  1.00425e-08
 Reference value :  1.00575e-08
 Reference value :  1.00725e-08
 Reference value :  1.00925e-08
 Reference value :  1.01125e-08
 Reference value :  1.01325e-08
 Reference value :  1.01575e-08
 Reference value :  1.01775e-08
 Reference value :  1.01975e-08
 Reference value :  1.02175e-08
 Reference value :  1.02375e-08
 Reference value :  1.02625e-08
 Reference value :  1.02825e-08
 Reference value :  1.03025e-08
 Reference value :  1.03225e-08
 Reference value :  1.03425e-08
 Reference value :  1.03675e-08
 Reference value :  1.03925e-08
 Reference value :  1.04175e-08
 Reference value :  1.04425e-08
 Reference value :  1.04675e-08
 Reference value :  1.04875e-08
 Reference value :  1.05025e-08
 Reference value :  1.05225e-08
 Reference value :  1.05425e-08
 Reference value :  1.05675e-08
 Reference value :  1.05875e-08
 Reference value :  1.06075e-08
 Reference value :  1.06275e-08
 Reference value :  1.06425e-08
 Reference value :  1.06625e-08
 Reference value :  1.06775e-08
 Reference value :  1.07025e-08
 Reference value :  1.07275e-08
 Reference value :  1.07475e-08
 Reference value :  1.07675e-08
 Reference value :  1.07875e-08
 Reference value :  1.08075e-08
 Reference value :  1.08325e-08
 Reference value :  1.08525e-08
 Reference value :  1.08825e-08
 Reference value :  1.09075e-08
 Reference value :  1.09275e-08
 Reference value :  1.09575e-08
 Reference value :  1.09775e-08
 Reference value :  1.10025e-08
 Reference value :  1.10225e-08
 Reference value :  1.10475e-08
 Reference value :  1.10675e-08
 Reference value :  1.10825e-08
 Reference value :  1.11075e-08
 Reference value :  1.11275e-08
 Reference value :  1.11475e-08
 Reference value :  1.11675e-08
 Reference value :  1.11825e-08
 Reference value :  1.12025e-08
 Reference value :  1.12175e-08
 Reference value :  1.12425e-08
 Reference value :  1.12625e-08
 Reference value :  1.12825e-08
 Reference value :  1.13075e-08
 Reference value :  1.13325e-08
 Reference value :  1.13575e-08
 Reference value :  1.13775e-08
 Reference value :  1.13975e-08
 Reference value :  1.14225e-08
 Reference value :  1.14475e-08
 Reference value :  1.14675e-08
 Reference value :  1.14875e-08
 Reference value :  1.15025e-08
 Reference value :  1.15225e-08
 Reference value :  1.15475e-08
 Reference value :  1.15675e-08
 Reference value :  1.15875e-08
 Reference value :  1.16125e-08
 Reference value :  1.16325e-08
 Reference value :  1.16525e-08
 Reference value :  1.16725e-08
 Reference value :  1.16925e-08
 Reference value :  1.17175e-08
 Reference value :  1.17425e-08
 Reference value :  1.17625e-08
 Reference value :  1.17825e-08
 Reference value :  1.17975e-08
 Reference value :  1.18175e-08
 Reference value :  1.18425e-08
 Reference value :  1.18675e-08
 Reference value :  1.18875e-08
 Reference value :  1.19075e-08
 Reference value :  1.19225e-08
 Reference value :  1.19475e-08
 Reference value :  1.19675e-08
 Reference value :  1.19825e-08
 Reference value :  1.20075e-08
 Reference value :  1.20275e-08
 Reference value :  1.20475e-08
 Reference value :  1.20725e-08
 Reference value :  1.20975e-08
 Reference value :  1.21175e-08
 Reference value :  1.21375e-08
 Reference value :  1.21525e-08
 Reference value :  1.21725e-08
 Reference value :  1.21925e-08
 Reference value :  1.22125e-08
 Reference value :  1.22325e-08
 Reference value :  1.22525e-08
 Reference value :  1.22725e-08
 Reference value :  1.22925e-08
 Reference value :  1.23125e-08
 Reference value :  1.23425e-08
 Reference value :  1.23675e-08
 Reference value :  1.23875e-08
 Reference value :  1.24125e-08
 Reference value :  1.24325e-08
 Reference value :  1.24525e-08
 Reference value :  1.24725e-08
 Reference value :  1.24925e-08
 Reference value :  1.25125e-08
 Reference value :  1.25275e-08
 Reference value :  1.25475e-08
 Reference value :  1.25675e-08
 Reference value :  1.25875e-08
 Reference value :  1.26075e-08
 Reference value :  1.26275e-08
 Reference value :  1.26475e-08
 Reference value :  1.26675e-08
 Reference value :  1.26875e-08
 Reference value :  1.27075e-08
 Reference value :  1.27375e-08
 Reference value :  1.27625e-08
 Reference value :  1.27825e-08
 Reference value :  1.28075e-08
 Reference value :  1.28275e-08
 Reference value :  1.28475e-08
 Reference value :  1.28675e-08
 Reference value :  1.40475e-08
 Reference value :  1.40625e-08
 Reference value :  1.40825e-08
 Reference value :  1.41075e-08
 Reference value :  1.41275e-08
 Reference value :  1.41475e-08
 Reference value :  1.41675e-08
 Reference value :  1.41925e-08
 Reference value :  1.42175e-08
 Reference value :  1.42425e-08
 Reference value :  1.42675e-08
 Reference value :  1.42925e-08
 Reference value :  1.43075e-08
 Reference value :  1.43325e-08
 Reference value :  1.43525e-08
 Reference value :  1.43725e-08
 Reference value :  1.43925e-08
 Reference value :  1.44125e-08
 Reference value :  1.44325e-08
 Reference value :  1.44525e-08
 Reference value :  1.44775e-08
 Reference value :  1.44975e-08
 Reference value :  1.45175e-08
 Reference value :  1.45375e-08
 Reference value :  1.45625e-08
 Reference value :  1.45825e-08
 Reference value :  1.45975e-08
 Reference value :  1.46175e-08
 Reference value :  1.46375e-08
 Reference value :  1.46575e-08
 Reference value :  1.46825e-08
 Reference value :  1.47025e-08
 Reference value :  1.47275e-08
 Reference value :  1.47525e-08
 Reference value :  1.47775e-08
 Reference value :  1.47925e-08
 Reference value :  1.48125e-08
 Reference value :  1.48425e-08
 Reference value :  1.48625e-08
 Reference value :  1.48825e-08
 Reference value :  1.49025e-08
 Reference value :  1.49275e-08
 Reference value :  1.49475e-08
 Reference value :  1.49625e-08
 Reference value :  1.49925e-08
 Reference value :  1.50125e-08
 Reference value :  1.50325e-08
 Reference value :  1.50525e-08
 Reference value :  1.50725e-08
 Reference value :  1.50975e-08
 Reference value :  1.51175e-08
 Reference value :  1.51375e-08
 Reference value :  1.51575e-08
 Reference value :  1.51775e-08
 Reference value :  1.51975e-08
 Reference value :  1.52125e-08
 Reference value :  1.52325e-08
 Reference value :  1.52525e-08
 Reference value :  1.52725e-08
 Reference value :  1.52925e-08
 Reference value :  1.53125e-08
 Reference value :  1.53325e-08
 Reference value :  1.53475e-08
 Reference value :  1.53675e-08
 Reference value :  1.53875e-08
 Reference value :  1.54125e-08
 Reference value :  1.54375e-08
 Reference value :  1.54575e-08
 Reference value :  1.54775e-08
 Reference value :  1.54975e-08
 Reference value :  1.55175e-08
 Reference value :  1.55375e-08
 Reference value :  1.55575e-08
 Reference value :  1.55825e-08
 Reference value :  1.56025e-08
 Reference value :  1.56225e-08
 Reference value :  1.56425e-08
 Reference value :  1.56625e-08
 Reference value :  1.56775e-08
 Reference value :  1.56975e-08
 Reference value :  1.57125e-08
 Reference value :  1.57375e-08
 Reference value :  1.57575e-08
 Reference value :  1.57775e-08
 Reference value :  1.58025e-08
 Reference value :  1.58225e-08
 Reference value :  1.58425e-08
 Reference value :  1.58625e-08
 Reference value :  1.58825e-08
 Reference value :  1.59025e-08
 Reference value :  1.59225e-08
 Reference value :  1.59425e-08
 Reference value :  1.59625e-08
 Reference value :  1.59825e-08
 Reference value :  1.60025e-08
 Reference value :  1.60275e-08
 Reference value :  1.60475e-08
 Reference value :  1.60675e-08
 Reference value :  1.60875e-08
 Reference value :  1.61025e-08
 Reference value :  1.61225e-08
 Reference value :  1.61425e-08
 Reference value :  1.61625e-08
 Reference value :  1.61825e-08
 Reference value :  1.62025e-08
 Reference value :  1.62225e-08
 Reference value :  1.62425e-08
 Reference value :  1.62625e-08
 Reference value :  1.62825e-08
 Reference value :  1.63025e-08
 Reference value :  1.63275e-08
 Reference value :  1.63475e-08
 Reference value :  1.63675e-08
 Reference value :  1.63875e-08
 Reference value :  1.64075e-08
 Reference value :  1.64275e-08
 Reference value :  1.64475e-08
 Reference value :  1.64675e-08
 Reference value :  1.64875e-08
 Reference value :  1.65075e-08
 Reference value :  1.65325e-08
 Reference value :  1.65525e-08
 Reference value :  1.65725e-08
 Reference value :  1.65925e-08
 Reference value :  1.66125e-08
 Reference value :  1.66325e-08
 Reference value :  1.66575e-08
 Reference value :  1.66825e-08
 Reference value :  1.67025e-08
 Reference value :  1.67225e-08
 Reference value :  1.67425e-08
 Reference value :  1.67675e-08
 Reference value :  1.67825e-08
 Reference value :  1.68025e-08
 Reference value :  1.68225e-08
 Reference value :  1.68425e-08
 Reference value :  1.68675e-08
 Reference value :  1.68875e-08
 Reference value :  1.69075e-08
 Reference value :  1.69275e-08
 Reference value :  1.69475e-08
 Reference value :  1.69725e-08
 Reference value :  1.69925e-08
 Reference value :  1.70125e-08
 Reference value :  1.70325e-08
 Reference value :  1.70525e-08
 Reference value :  1.70775e-08
 Reference value :  1.71025e-08
 Reference value :  1.71225e-08
 Reference value :  1.71425e-08
 Reference value :  1.71575e-08
 Reference value :  1.71775e-08
 Reference value :  1.71925e-08
 Reference value :  1.72125e-08
 Reference value :  1.72325e-08
 Reference value :  1.72525e-08
 Reference value :  1.72725e-08
 Reference value :  1.72925e-08
 Reference value :  1.73125e-08
 Reference value :  1.73325e-08
 Reference value :  1.73525e-08
 Reference value :  1.73775e-08
 Reference value :  1.73925e-08
 Reference value :  1.74125e-08
 Reference value :  1.74325e-08
 Reference value :  1.74575e-08
 Reference value :  1.74775e-08
 Reference value :  1.74975e-08
 Reference value :  1.75175e-08
 Reference value :  1.75375e-08
 Reference value :  1.75575e-08
 Reference value :  1.75775e-08
 Reference value :  1.75975e-08
 Reference value :  1.76175e-08
 Reference value :  1.76375e-08
 Reference value :  1.76575e-08
 Reference value :  1.76775e-08
 Reference value :  1.76975e-08
 Reference value :  1.77175e-08
 Reference value :  1.77375e-08
 Reference value :  1.77625e-08
 Reference value :  1.77825e-08
 Reference value :  1.78075e-08
 Reference value :  1.78275e-08
 Reference value :  1.78475e-08
 Reference value :  1.78675e-08
 Reference value :  1.78875e-08
 Reference value :  1.79075e-08
 Reference value :  1.79275e-08
 Reference value :  1.79475e-08
 Reference value :  1.79675e-08
 Reference value :  1.79875e-08
 Reference value :  1.80075e-08
 Reference value :  1.80275e-08
 Reference value :  1.80525e-08
 Reference value :  1.80725e-08
 Reference value :  1.80925e-08
 Reference value :  1.81125e-08
 Reference value :  1.81325e-08
 Reference value :  1.81475e-08
 Reference value :  1.81675e-08
 Reference value :  1.81875e-08
 Reference value :  1.82075e-08
 Reference value :  1.82275e-08
 Reference value :  1.82475e-08
 Reference value :  1.82675e-08
 Reference value :  1.82875e-08
 Reference value :  1.83125e-08
 Reference value :  1.83325e-08
 Reference value :  1.83475e-08
 Reference value :  1.83675e-08
 Reference value :  1.83825e-08
 Reference value :  1.84025e-08
 Reference value :  1.84225e-08
 Reference value :  1.84425e-08
 Reference value :  1.84625e-08
 Reference value :  1.84825e-08
 Reference value :  1.84975e-08
 Reference value :  1.85175e-08
 Reference value :  1.85375e-08
 Reference value :  1.85575e-08
 Reference value :  1.85775e-08
 Reference value :  1.85975e-08
 Reference value :  1.86175e-08
 Reference value :  1.86375e-08
 Reference value :  1.86575e-08
 Reference value :  1.86775e-08
 Reference value :  1.87025e-08
 Reference value :  1.87275e-08
 Reference value :  1.87475e-08
 Reference value :  1.87675e-08
 Reference value :  1.87875e-08
 Reference value :  1.88125e-08
 Reference value :  1.88325e-08
 Reference value :  1.88525e-08
 Reference value :  1.88725e-08
 Reference value :  1.88925e-08
 Reference value :  1.89125e-08
 Reference value :  1.89325e-08
 Reference value :  1.89525e-08
 Reference value :  1.89725e-08
 Reference value :  1.89925e-08
 Reference value :  1.90125e-08
 Reference value :  1.90325e-08
 Reference value :  1.90525e-08
 Reference value :  1.90725e-08
 Reference value :  1.90925e-08
 Reference value :  1.91125e-08
 Reference value :  1.91325e-08
 Reference value :  1.91525e-08
 Reference value :  1.91725e-08
 Reference value :  1.91925e-08
 Reference value :  1.92125e-08
 Reference value :  1.92325e-08
 Reference value :  1.92525e-08
 Reference value :  1.92725e-08
 Reference value :  1.92925e-08
 Reference value :  1.93125e-08
 Reference value :  1.93325e-08
 Reference value :  1.93525e-08
 Reference value :  1.93725e-08
 Reference value :  1.93925e-08
 Reference value :  1.94125e-08
 Reference value :  1.94375e-08
 Reference value :  1.94575e-08
 Reference value :  1.94775e-08
 Reference value :  1.94975e-08
 Reference value :  1.95175e-08
 Reference value :  1.95375e-08
 Reference value :  1.95575e-08
 Reference value :  1.95775e-08
 Reference value :  1.95975e-08
 Reference value :  1.96175e-08
 Reference value :  1.96375e-08
 Reference value :  1.96625e-08
 Reference value :  1.96825e-08
 Reference value :  1.97025e-08
 Reference value :  1.97275e-08
 Reference value :  1.97475e-08
 Reference value :  1.97675e-08
 Reference value :  1.97875e-08
 Reference value :  1.98075e-08
 Reference value :  1.98275e-08
 Reference value :  1.98525e-08
 Reference value :  1.98725e-08
 Reference value :  1.98925e-08
 Reference value :  1.99125e-08
 Reference value :  1.99325e-08
 Reference value :  1.99525e-08
 Reference value :  1.99725e-08
 Reference value :  1.99925e-08
 Reference value :  2.00125e-08
 Reference value :  2.00325e-08
 Reference value :  2.00525e-08
 Reference value :  2.00725e-08
 Reference value :  2.00925e-08
 Reference value :  2.01175e-08
 Reference value :  2.01375e-08
 Reference value :  2.01575e-08
 Reference value :  2.01775e-08
 Reference value :  2.01975e-08
 Reference value :  2.02175e-08
 Reference value :  2.02375e-08
 Reference value :  2.02625e-08
 Reference value :  2.02825e-08
 Reference value :  2.03025e-08
 Reference value :  2.03225e-08
 Reference value :  2.03425e-08
 Reference value :  2.03625e-08
 Reference value :  2.03825e-08
 Reference value :  2.04025e-08
 Reference value :  2.04225e-08
 Reference value :  2.04425e-08
 Reference value :  2.04625e-08
 Reference value :  2.04825e-08
 Reference value :  2.05025e-08
 Reference value :  2.05225e-08
 Reference value :  2.05425e-08
 Reference value :  2.05625e-08
 Reference value :  2.05825e-08
 Reference value :  2.06025e-08
 Reference value :  2.06225e-08
 Reference value :  2.06425e-08
 Reference value :  2.06625e-08
 Reference value :  2.06825e-08
 Reference value :  2.07025e-08
 Reference value :  2.07225e-08
 Reference value :  2.07425e-08
 Reference value :  2.07625e-08
 Reference value :  2.07825e-08
 Reference value :  2.08025e-08
 Reference value :  2.08225e-08
 Reference value :  2.08425e-08
 Reference value :  2.08625e-08
 Reference value :  2.08825e-08
 Reference value :  2.09025e-08
 Reference value :  2.09225e-08
 Reference value :  2.09425e-08
 Reference value :  2.09625e-08
 Reference value :  2.09825e-08
 Reference value :  2.10025e-08
 Reference value :  2.10225e-08
 Reference value :  2.10425e-08
 Reference value :  2.10625e-08
 Reference value :  2.10775e-08
 Reference value :  2.10975e-08
 Reference value :  2.11175e-08
 Reference value :  2.11375e-08
 Reference value :  2.11575e-08
 Reference value :  2.11775e-08
 Reference value :  2.11975e-08
 Reference value :  2.12175e-08
 Reference value :  2.12375e-08
 Reference value :  2.12575e-08
 Reference value :  2.12775e-08
 Reference value :  2.12975e-08
 Reference value :  2.13175e-08
 Reference value :  2.13375e-08
 Reference value :  2.13575e-08
 Reference value :  2.13775e-08
 Reference value :  2.13975e-08
 Reference value :  2.14125e-08
 Reference value :  2.14325e-08
 Reference value :  2.14525e-08
 Reference value :  2.14725e-08
 Reference value :  2.14925e-08
 Reference value :  2.15125e-08
 Reference value :  2.15325e-08
 Reference value :  2.15525e-08
 Reference value :  2.15725e-08
 Reference value :  2.15925e-08
 Reference value :  2.16125e-08
 Reference value :  2.16325e-08
 Reference value :  2.16475e-08
 Reference value :  2.16675e-08
 Reference value :  2.16875e-08
 Reference value :  2.17075e-08
 Reference value :  2.17275e-08
 Reference value :  2.17475e-08
 Reference value :  2.17675e-08
 Reference value :  2.17875e-08
 Reference value :  2.18025e-08
 Reference value :  2.18275e-08
 Reference value :  2.18475e-08
 Reference value :  2.18675e-08
 Reference value :  2.18925e-08
 Reference value :  2.19175e-08
 Reference value :  2.19375e-08
 Reference value :  2.19575e-08
 Reference value :  2.19825e-08
 Reference value :  2.20025e-08
 Reference value :  2.20275e-08
 Reference value :  2.20525e-08
 Reference value :  2.20725e-08
 Reference value :  2.20975e-08
 Reference value :  2.21175e-08
 Reference value :  2.21375e-08
 Reference value :  2.21575e-08
 Reference value :  2.21775e-08
 Reference value :  2.21925e-08
 Reference value :  2.22225e-08
 Reference value :  2.22425e-08
 Reference value :  2.22675e-08
 Reference value :  2.22825e-08
 Reference value :  2.23025e-08
 Reference value :  2.23175e-08
 Reference value :  2.23425e-08
 Reference value :  2.23675e-08
 Reference value :  2.23925e-08
 Reference value :  2.24175e-08
 Reference value :  2.24425e-08
 Reference value :  2.24625e-08
 Reference value :  2.24775e-08
 Reference value :  2.24975e-08
 Reference value :  2.25175e-08
 Reference value :  2.25325e-08
 Reference value :  2.25575e-08
 Reference value :  2.25875e-08
 Reference value :  2.26125e-08
 Reference value :  2.26275e-08
 Reference value :  2.26575e-08
 Reference value :  2.26875e-08
 Reference value :  2.27075e-08
 Reference value :  2.27275e-08
 Reference value :  2.27475e-08
 Reference value :  2.27675e-08
 Reference value :  2.27875e-08
 Reference value :  2.28025e-08
 Reference value :  2.28225e-08
 Reference value :  2.28425e-08
 Reference value :  2.28625e-08
 Reference value :  2.28825e-08
 Reference value :  2.29075e-08
 Reference value :  2.29275e-08
 Reference value :  2.29475e-08
 Reference value :  2.29725e-08
 Reference value :  2.29875e-08
 Reference value :  2.30175e-08
 Reference value :  2.30375e-08
 Reference value :  2.30575e-08
 Reference value :  2.30925e-08
 Reference value :  2.31175e-08
 Reference value :  2.31475e-08
 Reference value :  2.31675e-08
 Reference value :  2.31875e-08
 Reference value :  2.32125e-08
 Reference value :  2.32375e-08
 Reference value :  2.32775e-08
 Reference value :  2.32975e-08
 Reference value :  2.33175e-08
 Reference value :  2.33375e-08
 Reference value :  2.33625e-08
 Reference value :  2.33875e-08
 Reference value :  2.34125e-08
 Reference value :  2.34425e-08
 Reference value :  2.34675e-08
 Reference value :  2.34875e-08
 Reference value :  2.35075e-08
 Reference value :  2.35275e-08
 Reference value :  2.35475e-08
 Reference value :  2.35725e-08
 Reference value :  2.36125e-08
 Reference value :  2.36375e-08
 Reference value :  2.36575e-08
 Reference value :  2.36775e-08
 Reference value :  2.36975e-08
 Reference value :  2.37175e-08
 Reference value :  2.37375e-08
 Reference value :  2.37625e-08
 Reference value :  2.37825e-08
 Reference value :  2.38025e-08
 Reference value :  2.38225e-08
 Reference value :  2.38425e-08
 Reference value :  2.38675e-08
 Reference value :  2.38925e-08
 Reference value :  2.39125e-08
 Reference value :  2.39325e-08
 Reference value :  2.39525e-08
 Reference value :  2.39725e-08
 Reference value :  2.39925e-08
 Reference value :  2.40075e-08
 Reference value :  2.40275e-08
 Reference value :  2.40525e-08
 Reference value :  2.40725e-08
 Reference value :  2.40975e-08
 Reference value :  2.41275e-08
 Reference value :  2.41575e-08
 Reference value :  2.41875e-08
 Reference value :  2.42075e-08
 Reference value :  2.42325e-08
 Reference value :  2.42475e-08
 Reference value :  2.42675e-08
 Reference value :  2.42875e-08
 Reference value :  2.43075e-08
 Reference value :  2.43275e-08
 Reference value :  2.43475e-08
 Reference value :  2.43675e-08
 Reference value :  2.43925e-08
 Reference value :  2.44125e-08
 Reference value :  2.44325e-08
 Reference value :  2.44525e-08
 Reference value :  2.44675e-08
 Reference value :  2.44925e-08
 Reference value :  2.45125e-08
 Reference value :  2.45375e-08
 Reference value :  2.45575e-08
 Reference value :  2.45775e-08
 Reference value :  2.45975e-08
 Reference value :  2.46175e-08
 Reference value :  2.46375e-08
 Reference value :  2.46575e-08
 Reference value :  2.46725e-08
 Reference value :  2.46925e-08
 Reference value :  2.47125e-08
 Reference value :  2.47375e-08
 Reference value :  2.47625e-08
 Reference value :  2.47825e-08
 Reference value :  2.48025e-08
 Reference value :  2.48175e-08
 Reference value :  2.48375e-08
 Reference value :  2.48625e-08
 Reference value :  2.48825e-08
 Reference value :  2.49025e-08
 Reference value :  2.49275e-08
 Reference value :  2.49575e-08
 Reference value :  2.49775e-08
 Reference value :  2.50025e-08
 Reference value :  2.50225e-08
 Reference value :  2.50425e-08
 Reference value :  2.50625e-08
 Reference value :  2.50825e-08
 Reference value :  2.51075e-08
 Reference value :  2.51325e-08
 Reference value :  2.51525e-08
 Reference value :  2.51725e-08
 Reference value :  2.51875e-08
 Reference value :  2.52075e-08
 Reference value :  2.52275e-08
 Reference value :  2.52475e-08
 Reference value :  2.52675e-08
 Reference value :  2.52825e-08
 Reference value :  2.53075e-08
 Reference value :  2.53325e-08
 Reference value :  2.53525e-08
 Reference value :  2.53725e-08
 Reference value :  2.53975e-08
 Reference value :  2.54175e-08
 Reference value :  2.54375e-08
 Reference value :  2.54575e-08
 Reference value :  2.54775e-08
 Reference value :  2.54975e-08
 Reference value :  2.55225e-08
 Reference value :  2.55475e-08
 Reference value :  2.55675e-08
 Reference value :  2.55875e-08
 Reference value :  2.56075e-08
 Reference value :  2.56275e-08
 Reference value :  2.56475e-08
 Reference value :  2.56675e-08
 Reference value :  2.56875e-08
 Reference value :  2.57025e-08
 Reference value :  2.57225e-08
 Reference value :  2.57475e-08
 Reference value :  2.57675e-08
 Reference value :  2.57925e-08
 Reference value :  2.58125e-08
 Reference value :  2.58325e-08
 Reference value :  2.58525e-08
 Reference value :  2.58775e-08
 Reference value :  2.58975e-08
 Reference value :  2.59375e-08
 Reference value :  2.59575e-08
 Reference value :  2.59775e-08
 Reference value :  2.59975e-08
 Reference value :  2.60175e-08
 Reference value :  2.60375e-08
 Reference value :  2.60575e-08
 Reference value :  2.60775e-08
 Reference value :  2.60975e-08
 Reference value :  2.61225e-08
 Reference value :  2.61475e-08
 Reference value :  2.61675e-08
 Reference value :  2.61875e-08
 Reference value :  2.62175e-08
 Reference value :  2.62425e-08
 Reference value :  2.62625e-08
 Reference value :  2.62825e-08
 Reference value :  2.63025e-08
 Reference value :  2.63225e-08
 Reference value :  2.63475e-08
 Reference value :  2.63625e-08
 Reference value :  2.63875e-08
 Reference value :  2.64075e-08
 Reference value :  2.64275e-08
 Reference value :  2.64425e-08
 Reference value :  2.64575e-08
 Reference value :  2.64775e-08
 Reference value :  2.64975e-08
 Reference value :  2.65125e-08
 Reference value :  2.65325e-08
 Reference value :  2.65475e-08
 Reference value :  2.65625e-08
 Reference value :  2.65775e-08
 Reference value :  2.65975e-08
 Reference value :  2.66125e-08
 Reference value :  2.66325e-08
 Reference value :  2.66525e-08
 Reference value :  2.66725e-08
 Reference value :  2.66925e-08
 Reference value :  2.67075e-08
 Reference value :  2.67225e-08
 Reference value :  2.67475e-08
 Reference value :  2.67775e-08
 Reference value :  2.67975e-08
 Reference value :  2.68175e-08
 Reference value :  2.68375e-08
 Reference value :  2.68625e-08
 Reference value :  2.68875e-08
 Reference value :  2.69075e-08
 Reference value :  2.69275e-08
 Reference value :  2.69475e-08
 Reference value :  2.69675e-08
 Reference value :  2.69875e-08
 Reference value :  2.70175e-08
 Reference value :  2.70375e-08
 Reference value :  2.70575e-08
 Reference value :  2.70775e-08
 Reference value :  2.70975e-08
 Reference value :  2.71225e-08
 Reference value :  2.71425e-08
 Reference value :  2.71625e-08
 Reference value :  2.71825e-08
 Reference value :  2.72025e-08
 Reference value :  2.72225e-08
 Reference value :  2.72425e-08
 Reference value :  2.72625e-08
 Reference value :  2.72825e-08
 Reference value :  2.73025e-08
 Reference value :  2.73225e-08
 Reference value :  2.73475e-08
 Reference value :  2.73675e-08
 Reference value :  2.73875e-08
 Reference value :  2.74075e-08
 Reference value :  2.74275e-08
 Reference value :  2.74475e-08
 Reference value :  2.74675e-08
 Reference value :  2.74925e-08
 Reference value :  2.75225e-08
 Reference value :  2.75475e-08
 Reference value :  2.75625e-08
 Reference value :  2.75825e-08
 Reference value :  2.76025e-08
 Reference value :  2.76175e-08
 Reference value :  2.76425e-08
 Reference value :  2.76625e-08
 Reference value :  2.76775e-08
 Reference value :  2.77025e-08
 Reference value :  2.77225e-08
 Reference value :  2.77425e-08
 Reference value :  2.77675e-08
 Reference value :  2.77875e-08
 Reference value :  2.78075e-08
 Reference value :  2.78325e-08
 Reference value :  2.78525e-08
 Reference value :  2.78775e-08
 Reference value :  2.79025e-08
 Reference value :  2.79175e-08
 Reference value :  2.79425e-08
 Reference value :  2.79625e-08
 Reference value :  2.79825e-08
 Reference value :  2.80025e-08
 Reference value :  2.80275e-08
 Reference value :  2.80425e-08
 Reference value :  2.80625e-08
 Reference value :  2.80825e-08
 Reference value :  2.81075e-08
 Reference value :  2.81275e-08
 Reference value :  2.81525e-08
 Reference value :  2.81725e-08
 Reference value :  2.81925e-08
 Reference value :  2.82125e-08
 Reference value :  2.82325e-08
 Reference value :  2.82525e-08
 Reference value :  2.82725e-08
 Reference value :  2.82925e-08
 Reference value :  2.83175e-08
 Reference value :  2.83425e-08
 Reference value :  2.83625e-08
 Reference value :  2.83775e-08
 Reference value :  2.84025e-08
 Reference value :  2.84175e-08
 Reference value :  2.84325e-08
 Reference value :  2.84525e-08
 Reference value :  2.84725e-08
 Reference value :  2.84925e-08
 Reference value :  2.85075e-08
 Reference value :  2.85275e-08
 Reference value :  2.85425e-08
 Reference value :  2.85625e-08
 Reference value :  2.85875e-08
 Reference value :  2.86025e-08
 Reference value :  2.86225e-08
 Reference value :  2.86375e-08
 Reference value :  2.86575e-08
 Reference value :  2.86725e-08
 Reference value :  2.86925e-08
 Reference value :  2.87175e-08
 Reference value :  2.87425e-08
 Reference value :  2.87625e-08
 Reference value :  2.87825e-08
 Reference value :  2.88025e-08
 Reference value :  2.88225e-08
 Reference value :  2.88375e-08
 Reference value :  2.88625e-08
 Reference value :  2.88825e-08
 Reference value :  2.89025e-08
 Reference value :  2.89275e-08
 Reference value :  2.89475e-08
 Reference value :  2.89675e-08
 Reference value :  2.89925e-08
 Reference value :  2.90125e-08
 Reference value :  2.90325e-08
 Reference value :  2.90525e-08
 Reference value :  2.90725e-08
 Reference value :  2.90925e-08
 Reference value :  2.91175e-08
 Reference value :  2.91375e-08
 Reference value :  2.91625e-08
 Reference value :  2.91825e-08
 Reference value :  2.92025e-08
 Reference value :  2.92225e-08
 Reference value :  2.92475e-08
 Reference value :  2.92675e-08
 Reference value :  2.92925e-08
 Reference value :  2.93125e-08
 Reference value :  2.93325e-08
 Reference value :  2.93575e-08
 Reference value :  2.93725e-08
 Reference value :  2.93925e-08
 Reference value :  2.94075e-08
 Reference value :  2.94275e-08
 Reference value :  2.94475e-08
 Reference value :  2.94675e-08
 Reference value :  2.94925e-08
 Reference value :  2.95175e-08
 Reference value :  2.95375e-08
 Reference value :  2.95575e-08
 Reference value :  2.95825e-08
 Reference value :  2.96075e-08
 Reference value :  2.96275e-08
 Reference value :  2.96525e-08
 Reference value :  2.96725e-08
 Reference value :  2.96925e-08
 Reference value :  2.97125e-08
 Reference value :  2.97325e-08
 Reference value :  2.97475e-08
 Reference value :  2.97675e-08
 Reference value :  2.97875e-08
 Reference value :  2.98075e-08
 Reference value :  2.98375e-08
 Reference value :  2.98675e-08
 Reference value :  2.98875e-08
 Reference value :  2.99125e-08
 Reference value :  2.99275e-08
 Reference value :  2.99475e-08
 Reference value :  2.99675e-08
 Reference value :  2.99875e-08
 Reference value :  3.00075e-08
 Reference value :  3.00325e-08
 Reference value :  3.00525e-08
 Reference value :  3.00725e-08
 Reference value :  3.00925e-08
 Reference value :  3.01125e-08
 Reference value :  3.01325e-08
 Reference value :  3.01475e-08
 Reference value :  3.01725e-08
 Reference value :  3.01925e-08
 Reference value :  3.02075e-08
 Reference value :  3.02425e-08
 Reference value :  3.02625e-08
 Reference value :  3.02825e-08
 Reference value :  3.03025e-08
 Reference value :  3.03225e-08
 Reference value :  3.03425e-08
 Reference value :  3.03675e-08
 Reference value :  3.03875e-08
 Reference value :  3.04025e-08
 Reference value :  3.04225e-08
 Reference value :  3.04425e-08
 Reference value :  3.04625e-08
 Reference value :  3.04875e-08
 Reference value :  3.05025e-08
 Reference value :  3.05225e-08
 Reference value :  3.05375e-08
 Reference value :  3.05575e-08
 Reference value :  3.05775e-08
 Reference value :  3.05975e-08
 Reference value :  3.06175e-08
 Reference value :  3.06475e-08
 Reference value :  3.06825e-08
 Reference value :  3.07025e-08
 Reference value :  3.07175e-08
 Reference value :  3.07325e-08
 Reference value :  3.07525e-08
 Reference value :  3.07725e-08
 Reference value :  3.07925e-08
 Reference value :  3.08125e-08
 Reference value :  3.08375e-08
 Reference value :  3.08575e-08
 Reference value :  3.08775e-08
 Reference value :  3.08975e-08
 Reference value :  3.09175e-08
 Reference value :  3.09375e-08
 Reference value :  3.09575e-08
 Reference value :  3.09775e-08
 Reference value :  3.10025e-08
 Reference value :  3.10225e-08
 Reference value :  3.10425e-08
 Reference value :  3.10675e-08
 Reference value :  3.10875e-08
 Reference value :  3.11075e-08
 Reference value :  3.11225e-08
 Reference value :  3.11425e-08
 Reference value :  3.11625e-08
 Reference value :  3.11825e-08
 Reference value :  3.12075e-08
 Reference value :  3.12275e-08
 Reference value :  3.12425e-08
 Reference value :  3.12625e-08
 Reference value :  3.12775e-08
 Reference value :  3.12975e-08
 Reference value :  3.13175e-08
 Reference value :  3.13425e-08
 Reference value :  3.13575e-08
 Reference value :  3.13725e-08
 Reference value :  3.13975e-08
 Reference value :  3.14125e-08
 Reference value :  3.14375e-08
 Reference value :  3.14525e-08
 Reference value :  3.14725e-08
 Reference value :  3.14975e-08
 Reference value :  3.15175e-08
 Reference value :  3.15425e-08
 Reference value :  3.15625e-08
 Reference value :  3.15875e-08
 Reference value :  3.16075e-08
 Reference value :  3.16275e-08
 Reference value :  3.16475e-08
 Reference value :  3.16675e-08
 Reference value :  3.16875e-08
 Reference value :  3.17075e-08
 Reference value :  3.17275e-08
 Reference value :  3.17475e-08
 Reference value :  3.17675e-08
 Reference value :  3.17875e-08
 Reference value :  3.18075e-08
 Reference value :  3.18325e-08
 Reference value :  3.18525e-08
 Reference value :  3.18725e-08
 Reference value :  3.18925e-08
 Reference value :  3.19075e-08
 Reference value :  3.19275e-08
 Reference value :  3.19525e-08
 Reference value :  3.19775e-08
 Reference value :  3.20025e-08
 Reference value :  3.20225e-08
 Reference value :  3.20375e-08
 Reference value :  3.20575e-08
 Reference value :  3.20725e-08
 Reference value :  3.20875e-08
 Reference value :  3.21075e-08
 Reference value :  3.21225e-08
 Reference value :  3.21425e-08
 Reference value :  3.21625e-08
 Reference value :  3.21875e-08
 Reference value :  3.22075e-08
 Reference value :  3.22275e-08
 Reference value :  3.22475e-08
 Reference value :  3.22775e-08
 Reference value :  3.22975e-08
 Reference value :  3.23175e-08
 Reference value :  3.23375e-08
 Reference value :  3.23575e-08
 Reference value :  3.23825e-08
 Reference value :  3.24075e-08
 Reference value :  3.24325e-08
 Reference value :  3.24575e-08
 Reference value :  3.24775e-08
 Reference value :  3.24975e-08
 Reference value :  3.25175e-08
 Reference value :  3.25375e-08
 Reference value :  3.25625e-08
 Reference value :  3.25825e-08
 Reference value :  3.25975e-08
 Reference value :  3.26225e-08
 Reference value :  3.26425e-08
 Reference value :  3.26625e-08
 Reference value :  3.26825e-08
 Reference value :  3.27025e-08
 Reference value :  3.27275e-08
 Reference value :  3.27525e-08
 Reference value :  3.27725e-08
 Reference value :  3.27925e-08
 Reference value :  3.28125e-08
 Reference value :  3.28325e-08
 Reference value :  3.28525e-08
 Reference value :  3.28675e-08
 Reference value :  3.28875e-08
 Reference value :  3.29125e-08
 Reference value :  3.29425e-08
 Reference value :  3.29625e-08
 Reference value :  3.29925e-08
 Reference value :  3.30125e-08
 Reference value :  3.30325e-08
 Reference value :  3.30525e-08
 Reference value :  3.30675e-08
 Reference value :  3.30875e-08
 Reference value :  3.31125e-08
 Reference value :  3.31275e-08
 Reference value :  3.31475e-08
 Reference value :  3.31725e-08
 Reference value :  3.31975e-08
 Reference value :  3.32175e-08
 Reference value :  3.32425e-08
 Reference value :  3.32625e-08
 Reference value :  3.32875e-08
 Reference value :  3.33125e-08
 Reference value :  3.33325e-08
 Reference value :  3.33525e-08
 Reference value :  3.33725e-08
 Reference value :  3.33875e-08
 Reference value :  3.34075e-08
 Reference value :  3.34275e-08
 Reference value :  3.34475e-08
 Reference value :  3.34725e-08
 Reference value :  3.34975e-08
 Reference value :  3.35175e-08
 Reference value :  3.35375e-08
 Reference value :  3.35525e-08
 Reference value :  3.35675e-08
 Reference value :  3.35925e-08
 Reference value :  3.36075e-08
 Reference value :  3.36275e-08
 Reference value :  3.36475e-08
 Reference value :  3.36825e-08
 Reference value :  3.37025e-08
 Reference value :  3.37325e-08
 Reference value :  3.37475e-08
 Reference value :  3.37675e-08
 Reference value :  3.37875e-08
 Reference value :  3.38075e-08
 Reference value :  3.38275e-08
 Reference value :  3.38475e-08
 Reference value :  3.38675e-08
 Reference value :  3.38875e-08
 Reference value :  3.39125e-08
 Reference value :  3.39325e-08
 Reference value :  3.39525e-08
 Reference value :  3.39725e-08
 Reference value :  3.39925e-08
 Reference value :  3.40125e-08
 Reference value :  3.40375e-08
 Reference value :  3.40625e-08
 Reference value :  3.40825e-08
 Reference value :  3.41025e-08
 Reference value :  3.41275e-08
 Reference value :  3.41475e-08
 Reference value :  3.41675e-08
 Reference value :  3.41875e-08
 Reference value :  3.42125e-08
 Reference value :  3.42325e-08
 Reference value :  3.42525e-08
 Reference value :  3.42775e-08
 Reference value :  3.42975e-08
 Reference value :  3.43175e-08
 Reference value :  3.43375e-08
 Reference value :  3.43625e-08
 Reference value :  3.43825e-08
 Reference value :  3.44025e-08
 Reference value :  3.44275e-08
 Reference value :  3.44475e-08
 Reference value :  3.44675e-08
 Reference value :  3.44875e-08
 Reference value :  3.45075e-08
 Reference value :  3.45225e-08
 Reference value :  3.45425e-08
 Reference value :  3.45625e-08
 Reference value :  3.45875e-08
 Reference value :  3.46075e-08
 Reference value :  3.46275e-08
 Reference value :  3.46425e-08
 Reference value :  3.46625e-08
 Reference value :  3.46875e-08
 Reference value :  3.47075e-08
 Reference value :  3.47325e-08
 Reference value :  3.47475e-08
 Reference value :  3.47675e-08
 Reference value :  3.47875e-08
 Reference value :  3.48075e-08
 Reference value :  3.48275e-08
 Reference value :  3.48475e-08
 Reference value :  3.48675e-08
 Reference value :  3.48875e-08
 Reference value :  3.49075e-08
 Reference value :  3.49325e-08
 Reference value :  3.49525e-08
 Reference value :  3.49725e-08
 Reference value :  3.49925e-08
 Reference value :  3.50175e-08
 Reference value :  3.50375e-08
 Reference value :  3.50625e-08
 Reference value :  3.50825e-08
 Reference value :  3.51025e-08
 Reference value :  3.51275e-08
 Reference value :  3.51475e-08
 Reference value :  3.51675e-08
 Reference value :  3.51925e-08
 Reference value :  3.52125e-08
 Reference value :  3.52325e-08
 Reference value :  3.52525e-08
 Reference value :  3.52725e-08
 Reference value :  3.52925e-08
 Reference value :  3.53175e-08
 Reference value :  3.53375e-08
 Reference value :  3.53575e-08
 Reference value :  3.53725e-08
 Reference value :  3.53925e-08
 Reference value :  3.54125e-08
 Reference value :  3.54325e-08
 Reference value :  3.54525e-08
 Reference value :  3.54775e-08
 Reference value :  3.55025e-08
 Reference value :  3.55225e-08
 Reference value :  3.55425e-08
 Reference value :  3.55675e-08
 Reference value :  3.55875e-08
 Reference value :  3.56075e-08
 Reference value :  3.56325e-08
 Reference value :  3.56575e-08
 Reference value :  3.56775e-08
 Reference value :  3.56975e-08
 Reference value :  3.57175e-08
 Reference value :  3.57425e-08
 Reference value :  3.57625e-08
 Reference value :  3.57875e-08
 Reference value :  3.58125e-08
 Reference value :  3.58375e-08
 Reference value :  3.58675e-08
 Reference value :  3.58925e-08
 Reference value :  3.59175e-08
 Reference value :  3.59425e-08
 Reference value :  3.59675e-08
 Reference value :  3.59875e-08
 Reference value :  3.60075e-08
 Reference value :  3.60275e-08
 Reference value :  3.60475e-08
 Reference value :  3.60725e-08
 Reference value :  3.60975e-08
 Reference value :  3.61175e-08
 Reference value :  3.61375e-08
 Reference value :  3.61525e-08
 Reference value :  3.61725e-08
 Reference value :  3.61925e-08
 Reference value :  3.62075e-08
 Reference value :  3.62275e-08
 Reference value :  3.62475e-08
 Reference value :  3.62725e-08
 Reference value :  3.62975e-08
 Reference value :  3.63275e-08
 Reference value :  3.63525e-08
 Reference value :  3.63775e-08
 Reference value :  3.64025e-08
 Reference value :  3.64175e-08
 Reference value :  3.64375e-08
 Reference value :  3.64575e-08
 Reference value :  3.64775e-08
 Reference value :  3.64975e-08
 Reference value :  3.65225e-08
 Reference value :  3.65525e-08
 Reference value :  3.65775e-08
 Reference value :  3.66025e-08
 Reference value :  3.66275e-08
 Reference value :  3.66475e-08
 Reference value :  3.66675e-08
 Reference value :  3.66825e-08
 Reference value :  3.67025e-08
 Reference value :  3.67225e-08
 Reference value :  3.67475e-08
 Reference value :  3.67775e-08
 Reference value :  3.67975e-08
 Reference value :  3.68175e-08
 Reference value :  3.68325e-08
 Reference value :  3.68525e-08
 Reference value :  3.68675e-08
 Reference value :  3.68875e-08
 Reference value :  3.69075e-08
 Reference value :  3.69275e-08
 Reference value :  3.69475e-08
 Reference value :  3.69775e-08
 Reference value :  3.69925e-08
 Reference value :  3.70075e-08
 Reference value :  3.70275e-08
 Reference value :  3.70475e-08
 Reference value :  3.70675e-08
 Reference value :  3.70875e-08
 Reference value :  3.71125e-08
 Reference value :  3.71375e-08
 Reference value :  3.71575e-08
 Reference value :  3.71875e-08
 Reference value :  3.72175e-08
 Reference value :  3.72425e-08
 Reference value :  3.72625e-08
 Reference value :  3.72825e-08
 Reference value :  3.73075e-08
 Reference value :  3.73275e-08
 Reference value :  3.73625e-08
 Reference value :  3.73825e-08
 Reference value :  3.73975e-08
 Reference value :  3.74175e-08
 Reference value :  3.74375e-08
 Reference value :  3.74625e-08
 Reference value :  3.74825e-08
 Reference value :  3.75025e-08
 Reference value :  3.75225e-08
 Reference value :  3.75425e-08
 Reference value :  3.75625e-08
 Reference value :  3.75825e-08
 Reference value :  3.75975e-08
 Reference value :  3.76175e-08
 Reference value :  3.76375e-08
 Reference value :  3.76575e-08
 Reference value :  3.76775e-08
 Reference value :  3.76975e-08
 Reference value :  3.77125e-08
 Reference value :  3.77325e-08
 Reference value :  3.77575e-08
 Reference value :  3.77775e-08
 Reference value :  3.77975e-08
 Reference value :  3.78175e-08
 Reference value :  3.78325e-08
 Reference value :  3.78575e-08
 Reference value :  3.78825e-08
 Reference value :  3.78975e-08
 Reference value :  3.79175e-08
 Reference value :  3.79375e-08
 Reference value :  3.79525e-08
 Reference value :  3.79725e-08
 Reference value :  3.79975e-08
 Reference value :  3.80175e-08
 Reference value :  3.80375e-08
 Reference value :  3.80575e-08
 Reference value :  3.80825e-08
 Reference value :  3.81025e-08
 Reference value :  3.81275e-08
 Reference value :  3.81475e-08
 Reference value :  3.81725e-08
 Reference value :  3.81925e-08
 Reference value :  3.82125e-08
 Reference value :  3.82325e-08
 Reference value :  3.82575e-08
 Reference value :  3.82775e-08
 Reference value :  3.82975e-08
 Reference value :  3.83175e-08
 Reference value :  3.83375e-08
 Reference value :  3.83575e-08
 Reference value :  3.83775e-08
 Reference value :  3.83925e-08
 Reference value :  3.84125e-08
 Reference value :  3.84325e-08
 Reference value :  3.84625e-08
 Reference value :  3.84875e-08
 Reference value :  3.85125e-08
 Reference value :  3.85325e-08
 Reference value :  3.85575e-08
 Reference value :  3.85775e-08
 Reference value :  3.86025e-08
 Reference value :  3.86175e-08
 Reference value :  3.86375e-08
 Reference value :  3.86575e-08
 Reference value :  3.86775e-08
 Reference value :  3.86975e-08
 Reference value :  3.87175e-08
 Reference value :  3.87375e-08
 Reference value :  3.87575e-08
 Reference value :  3.87825e-08
 Reference value :  3.87975e-08
 Reference value :  3.88175e-08
 Reference value :  3.88375e-08
 Reference value :  3.88625e-08
 Reference value :  3.88825e-08
 Reference value :  3.89125e-08
 Reference value :  3.89325e-08
 Reference value :  3.89575e-08
 Reference value :  3.89775e-08
 Reference value :  3.90025e-08
 Reference value :  3.90225e-08
 Reference value :  3.90425e-08
 Reference value :  3.90625e-08
 Reference value :  3.90825e-08
 Reference value :  3.91025e-08
 Reference value :  3.91175e-08
 Reference value :  3.91375e-08
 Reference value :  3.91625e-08
 Reference value :  3.91975e-08
 Reference value :  3.92225e-08
 Reference value :  3.92425e-08
 Reference value :  3.92575e-08
 Reference value :  3.92775e-08
 Reference value :  3.92975e-08
 Reference value :  3.93175e-08
 Reference value :  3.93375e-08
 Reference value :  3.93575e-08
 Reference value :  3.93725e-08
 Reference value :  3.93925e-08
 Reference value :  3.94125e-08
 Reference value :  3.94325e-08
 Reference value :  3.94475e-08
 Reference value :  3.94625e-08
 Reference value :  3.94825e-08
 Reference value :  3.95025e-08
 Reference value :  3.95225e-08
 Reference value :  3.95425e-08
 Reference value :  3.95625e-08
 Reference value :  3.95775e-08
 Reference value :  3.95975e-08
 Reference value :  3.96225e-08
 Reference value :  3.96425e-08
 Reference value :  3.96625e-08
 Reference value :  3.96775e-08
 Reference value :  3.96975e-08
 Reference value :  3.97175e-08
 Reference value :  3.97375e-08
 Reference value :  3.97525e-08
 Reference value :  3.97725e-08
 Reference value :  3.97925e-08
 Reference value :  3.98175e-08
 Reference value :  3.98375e-08
 Reference value :  3.98575e-08
 Reference value :  3.98775e-08
 Reference value :  3.98975e-08
 Reference value :  3.99175e-08
 Reference value :  3.99425e-08
 Reference value :  3.99625e-08
 Reference value :  3.99825e-08
 Reference value :  3.99975e-08
 Reference value :  4.00175e-08
 Reference value :  4.00375e-08
 Reference value :  4.00575e-08
 Reference value :  4.00825e-08
 Reference value :  4.01025e-08
 Reference value :  4.01225e-08
 Reference value :  4.01425e-08
 Reference value :  4.01675e-08
 Reference value :  4.01875e-08
 Reference value :  4.02075e-08
 Reference value :  4.02225e-08
 Reference value :  4.02475e-08
 Reference value :  4.02675e-08
 Reference value :  4.02825e-08
 Reference value :  4.03075e-08
 Reference value :  4.03275e-08
 Reference value :  4.03525e-08
 Reference value :  4.03725e-08
 Reference value :  4.03975e-08
 Reference value :  4.04125e-08
 Reference value :  4.04275e-08
 Reference value :  4.04525e-08
 Reference value :  4.04775e-08
 Reference value :  4.05025e-08
 Reference value :  4.05225e-08
 Reference value :  4.05425e-08
 Reference value :  4.05625e-08
 Reference value :  4.05875e-08
 Reference value :  4.06075e-08
 Reference value :  4.06375e-08
 Reference value :  4.06575e-08
 Reference value :  4.06775e-08
 Reference value :  4.06975e-08
 Reference value :  4.07225e-08
 Reference value :  4.07425e-08
 Reference value :  4.07625e-08
 Reference value :  4.07875e-08
 Reference value :  4.08125e-08
 Reference value :  4.08375e-08
 Reference value :  4.08575e-08
 Reference value :  4.08775e-08
 Reference value :  4.08925e-08
 Reference value :  4.09125e-08
 Reference value :  4.09375e-08
 Reference value :  4.09575e-08
 Reference value :  4.09775e-08
 Reference value :  4.09975e-08
 Reference value :  4.10175e-08
 Reference value :  4.10375e-08
 Reference value :  4.10575e-08
 Reference value :  4.10725e-08
 Reference value :  4.10875e-08
 Reference value :  4.11075e-08
 Reference value :  4.11275e-08
 Reference value :  4.11475e-08
 Reference value :  4.11725e-08
 Reference value :  4.11925e-08
 Reference value :  4.12125e-08
 Reference value :  4.12325e-08
 Reference value :  4.12525e-08
 Reference value :  4.12725e-08
 Reference value :  4.12925e-08
 Reference value :  4.13125e-08
 Reference value :  4.13375e-08
 Reference value :  4.13625e-08
 Reference value :  4.13825e-08
 Reference value :  4.14025e-08
 Reference value :  4.14275e-08
 Reference value :  4.14475e-08
 Reference value :  4.14675e-08
 Reference value :  4.14875e-08
 Reference value :  4.15075e-08
 Reference value :  4.15275e-08
 Reference value :  4.15475e-08
 Reference value :  4.15675e-08
 Reference value :  4.15925e-08
 Reference value :  4.16125e-08
 Reference value :  4.16325e-08
 Reference value :  4.16475e-08
 Reference value :  4.16675e-08
 Reference value :  4.16875e-08
 Reference value :  4.17075e-08
 Reference value :  4.17275e-08
 Reference value :  4.17475e-08
 Reference value :  4.17675e-08
 Reference value :  4.17925e-08
 Reference value :  4.18125e-08
 Reference value :  4.18325e-08
 Reference value :  4.18475e-08
 Reference value :  4.18775e-08
 Reference value :  4.19025e-08
 Reference value :  4.19275e-08
 Reference value :  4.19425e-08
 Reference value :  4.19675e-08
 Reference value :  4.19875e-08
 Reference value :  4.20125e-08
 Reference value :  4.20375e-08
 Reference value :  4.20575e-08
 Reference value :  4.20775e-08
 Reference value :  4.20975e-08
 Reference value :  4.21175e-08
 Reference value :  4.21425e-08
 Reference value :  4.21625e-08
 Reference value :  4.21825e-08
 Reference value :  4.22025e-08
 Reference value :  4.22225e-08
 Reference value :  4.22475e-08
 Reference value :  4.22725e-08
 Reference value :  4.22875e-08
 Reference value :  4.23075e-08
 Reference value :  4.23275e-08
 Reference value :  4.23475e-08
 Reference value :  4.23725e-08
 Reference value :  4.23875e-08
 Reference value :  4.24075e-08
 Reference value :  4.24275e-08
 Reference value :  4.24475e-08
 Reference value :  4.24675e-08
 Reference value :  4.24875e-08
 Reference value :  4.25125e-08
 Reference value :  4.25325e-08
 Reference value :  4.25525e-08
 Reference value :  4.25775e-08
 Reference value :  4.26025e-08
 Reference value :  4.26225e-08
 Reference value :  4.26425e-08
 Reference value :  4.26675e-08
 Reference value :  4.26875e-08
 Reference value :  4.27075e-08
 Reference value :  4.27325e-08
 Reference value :  4.27525e-08
 Reference value :  4.27775e-08
 Reference value :  4.27925e-08
 Reference value :  4.28175e-08
 Reference value :  4.28375e-08
 Reference value :  4.28625e-08
 Reference value :  4.28825e-08
 Reference value :  4.29075e-08
 Reference value :  4.29325e-08
 Reference value :  4.29475e-08
 Reference value :  4.29725e-08
 Reference value :  4.29975e-08
 Reference value :  4.30175e-08
 Reference value :  4.30325e-08
 Reference value :  4.30525e-08
 Reference value :  4.30675e-08
 Reference value :  4.30875e-08
 Reference value :  4.31075e-08
 Reference value :  4.31275e-08
 Reference value :  4.31425e-08
 Reference value :  4.31625e-08
 Reference value :  4.31775e-08
 Reference value :  4.31975e-08
 Reference value :  4.32125e-08
 Reference value :  4.32275e-08
 Reference value :  4.32475e-08
 Reference value :  4.32675e-08
 Reference value :  4.32875e-08
 Reference value :  4.33075e-08
 Reference value :  4.33275e-08
 Reference value :  4.33475e-08
 Reference value :  4.33675e-08
 Reference value :  4.33825e-08
 Reference value :  4.34025e-08
 Reference value :  4.34225e-08
 Reference value :  4.34425e-08
 Reference value :  4.34625e-08
 Reference value :  4.34825e-08
 Reference value :  4.35075e-08
 Reference value :  4.35325e-08
 Reference value :  4.35525e-08
 Reference value :  4.35725e-08
 Reference value :  4.35925e-08
 Reference value :  4.36125e-08
 Reference value :  4.36325e-08
 Reference value :  4.36525e-08
 Reference value :  4.36775e-08
 Reference value :  4.37025e-08
 Reference value :  4.37225e-08
 Reference value :  4.37425e-08
 Reference value :  4.37625e-08
 Reference value :  4.37825e-08
 Reference value :  4.38025e-08
 Reference value :  4.38175e-08
 Reference value :  4.38375e-08
 Reference value :  4.38575e-08
 Reference value :  4.38775e-08
 Reference value :  4.39025e-08
 Reference value :  4.39175e-08
 Reference value :  4.39375e-08
 Reference value :  4.39625e-08
 Reference value :  4.39825e-08
 Reference value :  4.40075e-08
 Reference value :  4.40275e-08
 Reference value :  4.40475e-08
 Reference value :  4.40625e-08
 Reference value :  4.40825e-08
 Reference value :  4.41075e-08
 Reference value :  4.41275e-08
 Reference value :  4.41475e-08
 Reference value :  4.41675e-08
 Reference value :  4.41825e-08
 Reference value :  4.41975e-08
 Reference value :  4.42175e-08
 Reference value :  4.42325e-08
 Reference value :  4.42525e-08
 Reference value :  4.42725e-08
 Reference value :  4.42975e-08
 Reference value :  4.43175e-08
 Reference value :  4.43425e-08
 Reference value :  4.43625e-08
 Reference value :  4.43825e-08
 Reference value :  4.44075e-08
 Reference value :  4.44325e-08
 Reference value :  4.44525e-08
 Reference value :  4.44775e-08
 Reference value :  4.44975e-08
 Reference value :  4.45275e-08
 Reference value :  4.45475e-08
 Reference value :  4.45675e-08
 Reference value :  4.45925e-08
 Reference value :  4.46125e-08
 Reference value :  4.46325e-08
 Reference value :  4.46575e-08
 Reference value :  4.46775e-08
 Reference value :  4.46925e-08
 Reference value :  4.47175e-08
 Reference value :  4.47325e-08
 Reference value :  4.47625e-08
 Reference value :  4.47875e-08
 Reference value :  4.48075e-08
 Reference value :  4.48275e-08
 Reference value :  4.48525e-08
 Reference value :  4.48775e-08
 Reference value :  4.48975e-08
 Reference value :  4.49225e-08
 Reference value :  4.49375e-08
 Reference value :  4.49575e-08
 Reference value :  4.49825e-08
 Reference value :  4.50075e-08
 Reference value :  4.50475e-08
 Reference value :  4.50675e-08
 Reference value :  4.50875e-08
No. of Data Rows : 9034
Note: Simulation executed from .control section 
