
Note: Compatibility modes selected: hs a


Circuit: * comparator-decision regen-time sweep -- vindiff=50mv corner=ff temp=125.0c (issue #9)

option SCALE: Scale is set to 1e-06 for instance and model parameters
option SCALE: Scale is set to 1e-06 for instance and model parameters
option SCALE: Scale is set to 1e-06 for instance and model parameters
option SCALE: Scale is set to 1e-06 for instance and model parameters
Doing analysis at TEMP = 125.000000 and TNOM = 27.000000

Using KLU as Direct Linear Solver
 Reference value :  0.00000e+00
 Reference value :  8.00000e-13
 Reference value :  1.14000e-11
 Reference value :  3.64000e-11
 Reference value :  5.64000e-11
 Reference value :  7.64000e-11
 Reference value :  9.64000e-11
 Reference value :  1.16400e-10
 Reference value :  1.36400e-10
 Reference value :  1.51400e-10
 Reference value :  1.71400e-10
 Reference value :  1.91400e-10
 Reference value :  2.11400e-10
 Reference value :  2.31400e-10
 Reference value :  2.51400e-10
 Reference value :  2.66400e-10
 Reference value :  2.86400e-10
 Reference value :  3.06400e-10
 Reference value :  3.31400e-10
 Reference value :  3.51400e-10
 Reference value :  3.76400e-10
 Reference value :  3.96400e-10
 Reference value :  4.11400e-10
 Reference value :  4.31400e-10
 Reference value :  4.56400e-10
 Reference value :  4.76400e-10
 Reference value :  4.96400e-10
 Reference value :  5.16400e-10
 Reference value :  5.36400e-10
 Reference value :  5.61400e-10
 Reference value :  5.81400e-10
 Reference value :  6.01400e-10
 Reference value :  6.16400e-10
 Reference value :  6.36400e-10
 Reference value :  6.61400e-10
 Reference value :  6.81400e-10
 Reference value :  7.01400e-10
 Reference value :  7.21400e-10
 Reference value :  7.41400e-10
 Reference value :  7.56400e-10
 Reference value :  7.76400e-10
 Reference value :  7.96400e-10
 Reference value :  8.21400e-10
 Reference value :  8.41400e-10
 Reference value :  8.61400e-10
 Reference value :  8.81400e-10
 Reference value :  9.01400e-10
 Reference value :  9.16400e-10
 Reference value :  9.36400e-10
 Reference value :  9.51400e-10
 Reference value :  9.71400e-10
 Reference value :  9.91400e-10
 Reference value :  1.01140e-09
 Reference value :  1.03640e-09
 Reference value :  1.07140e-09
 Reference value :  1.08640e-09
 Reference value :  1.10640e-09
 Reference value :  1.12140e-09
 Reference value :  1.14140e-09
 Reference value :  1.16640e-09
 Reference value :  1.18640e-09
 Reference value :  1.21140e-09
 Reference value :  1.23640e-09
 Reference value :  1.26140e-09
 Reference value :  1.28640e-09
 Reference value :  1.30640e-09
 Reference value :  1.32640e-09
 Reference value :  1.34640e-09
 Reference value :  1.36640e-09
 Reference value :  1.38640e-09
 Reference value :  1.40640e-09
 Reference value :  1.42640e-09
 Reference value :  1.44640e-09
 Reference value :  1.46140e-09
 Reference value :  1.48140e-09
 Reference value :  1.50140e-09
 Reference value :  1.52640e-09
 Reference value :  1.54640e-09
 Reference value :  1.57140e-09
 Reference value :  1.59140e-09
 Reference value :  1.61640e-09
 Reference value :  1.64140e-09
 Reference value :  1.66140e-09
 Reference value :  1.67640e-09
 Reference value :  1.69640e-09
 Reference value :  1.71640e-09
 Reference value :  1.73140e-09
 Reference value :  1.75640e-09
 Reference value :  1.77640e-09
 Reference value :  1.80140e-09
 Reference value :  1.82140e-09
 Reference value :  1.84140e-09
 Reference value :  1.86140e-09
 Reference value :  1.88140e-09
 Reference value :  1.90640e-09
 Reference value :  1.92640e-09
 Reference value :  1.94640e-09
 Reference value :  1.96140e-09
 Reference value :  1.98140e-09
 Reference value :  1.99640e-09
 Reference value :  2.01640e-09
 Reference value :  2.03640e-09
 Reference value :  2.05640e-09
 Reference value :  2.08140e-09
 Reference value :  2.10140e-09
 Reference value :  2.12140e-09
 Reference value :  2.14640e-09
 Reference value :  2.16640e-09
 Reference value :  2.18140e-09
 Reference value :  2.21140e-09
 Reference value :  2.23140e-09
 Reference value :  2.24640e-09
 Reference value :  2.26640e-09
 Reference value :  2.28640e-09
 Reference value :  2.30140e-09
 Reference value :  2.32140e-09
 Reference value :  2.34140e-09
 Reference value :  2.36640e-09
 Reference value :  2.38640e-09
 Reference value :  2.40640e-09
 Reference value :  2.42640e-09
 Reference value :  2.44640e-09
 Reference value :  2.47640e-09
 Reference value :  2.50140e-09
 Reference value :  2.52140e-09
 Reference value :  2.54640e-09
 Reference value :  2.56640e-09
 Reference value :  2.59140e-09
 Reference value :  2.62140e-09
 Reference value :  2.64640e-09
 Reference value :  2.67140e-09
 Reference value :  2.69140e-09
 Reference value :  2.72140e-09
 Reference value :  2.74140e-09
 Reference value :  2.76640e-09
 Reference value :  2.79140e-09
 Reference value :  2.81140e-09
 Reference value :  2.83140e-09
 Reference value :  2.85640e-09
 Reference value :  2.87640e-09
 Reference value :  2.89640e-09
 Reference value :  2.91640e-09
 Reference value :  2.93640e-09
 Reference value :  2.95140e-09
 Reference value :  2.97140e-09
 Reference value :  3.00140e-09
 Reference value :  3.02140e-09
 Reference value :  3.04640e-09
 Reference value :  3.07140e-09
 Reference value :  3.09640e-09
 Reference value :  3.11140e-09
 Reference value :  3.12640e-09
 Reference value :  3.14140e-09
 Reference value :  3.15640e-09
 Reference value :  3.18140e-09
 Reference value :  3.19640e-09
 Reference value :  3.21140e-09
 Reference value :  3.22640e-09
 Reference value :  3.24640e-09
 Reference value :  3.27140e-09
 Reference value :  3.29140e-09
 Reference value :  3.31640e-09
 Reference value :  3.34140e-09
 Reference value :  3.36640e-09
 Reference value :  3.38640e-09
 Reference value :  3.40140e-09
 Reference value :  3.42140e-09
 Reference value :  3.44140e-09
 Reference value :  3.45640e-09
 Reference value :  3.47140e-09
 Reference value :  3.48640e-09
 Reference value :  3.50140e-09
 Reference value :  3.52140e-09
 Reference value :  3.54140e-09
 Reference value :  3.56140e-09
 Reference value :  3.58640e-09
 Reference value :  3.60640e-09
 Reference value :  3.62640e-09
 Reference value :  3.66640e-09
 Reference value :  3.68640e-09
 Reference value :  3.70140e-09
 Reference value :  3.72640e-09
 Reference value :  3.74640e-09
 Reference value :  3.76640e-09
 Reference value :  3.78640e-09
 Reference value :  3.80640e-09
 Reference value :  3.83140e-09
 Reference value :  3.85140e-09
 Reference value :  3.87140e-09
 Reference value :  3.89140e-09
 Reference value :  3.90640e-09
 Reference value :  3.93640e-09
 Reference value :  3.96140e-09
 Reference value :  3.98140e-09
 Reference value :  4.00140e-09
 Reference value :  4.02140e-09
 Reference value :  4.04140e-09
 Reference value :  4.06140e-09
 Reference value :  4.08140e-09
 Reference value :  4.10640e-09
 Reference value :  4.13140e-09
 Reference value :  4.15140e-09
 Reference value :  4.17640e-09
 Reference value :  4.19640e-09
 Reference value :  4.21140e-09
 Reference value :  4.23140e-09
 Reference value :  4.25140e-09
 Reference value :  4.27140e-09
 Reference value :  4.28640e-09
 Reference value :  4.31640e-09
 Reference value :  4.33640e-09
 Reference value :  4.36140e-09
 Reference value :  4.38140e-09
 Reference value :  4.40640e-09
 Reference value :  4.42640e-09
 Reference value :  4.45140e-09
 Reference value :  4.48140e-09
 Reference value :  4.50140e-09
 Reference value :  4.52640e-09
 Reference value :  4.55140e-09
 Reference value :  4.57140e-09
 Reference value :  4.59640e-09
 Reference value :  4.61640e-09
 Reference value :  4.64140e-09
 Reference value :  4.66140e-09
 Reference value :  4.68140e-09
 Reference value :  4.69640e-09
 Reference value :  4.72140e-09
 Reference value :  4.74140e-09
 Reference value :  4.76640e-09
 Reference value :  4.79140e-09
 Reference value :  4.81640e-09
 Reference value :  4.84140e-09
 Reference value :  4.86140e-09
 Reference value :  4.88640e-09
 Reference value :  4.91140e-09
 Reference value :  4.93640e-09
 Reference value :  4.95140e-09
 Reference value :  4.96640e-09
 Reference value :  4.99140e-09
 Reference value :  5.00150e-09
 Reference value :  5.01750e-09
 Reference value :  5.03750e-09
 Reference value :  5.05750e-09
 Reference value :  5.07250e-09
 Reference value :  5.14750e-09
 Reference value :  5.16750e-09
 Reference value :  5.18250e-09
 Reference value :  5.19750e-09
 Reference value :  5.22250e-09
 Reference value :  5.24250e-09
 Reference value :  5.25750e-09
 Reference value :  5.27750e-09
 Reference value :  5.29250e-09
 Reference value :  5.31250e-09
 Reference value :  5.33750e-09
 Reference value :  5.35750e-09
 Reference value :  5.37750e-09
 Reference value :  5.39750e-09
 Reference value :  5.41750e-09
 Reference value :  5.42750e-09
 Reference value :  5.44750e-09
 Reference value :  5.46250e-09
 Reference value :  5.47750e-09
 Reference value :  5.49250e-09
 Reference value :  5.51250e-09
 Reference value :  5.53250e-09
 Reference value :  5.55250e-09
 Reference value :  5.57250e-09
 Reference value :  5.59250e-09
 Reference value :  5.61250e-09
 Reference value :  5.63250e-09
 Reference value :  5.64750e-09
 Reference value :  5.66750e-09
 Reference value :  5.68750e-09
 Reference value :  5.70250e-09
 Reference value :  5.72250e-09
 Reference value :  5.74250e-09
 Reference value :  5.76750e-09
 Reference value :  5.78750e-09
 Reference value :  5.81250e-09
 Reference value :  5.85250e-09
 Reference value :  5.87250e-09
 Reference value :  5.89250e-09
 Reference value :  5.91250e-09
 Reference value :  5.93250e-09
 Reference value :  5.95250e-09
 Reference value :  5.97250e-09
 Reference value :  5.99250e-09
 Reference value :  6.01250e-09
 Reference value :  6.03250e-09
 Reference value :  6.05250e-09
 Reference value :  6.07250e-09
 Reference value :  6.09250e-09
 Reference value :  6.13250e-09
 Reference value :  6.15750e-09
 Reference value :  6.18250e-09
 Reference value :  6.21250e-09
 Reference value :  6.24250e-09
 Reference value :  6.26250e-09
 Reference value :  6.28750e-09
 Reference value :  6.30750e-09
 Reference value :  6.32750e-09
 Reference value :  6.35250e-09
 Reference value :  6.37250e-09
 Reference value :  6.39250e-09
 Reference value :  6.41250e-09
 Reference value :  6.43750e-09
 Reference value :  6.45750e-09
 Reference value :  6.48750e-09
 Reference value :  6.50750e-09
 Reference value :  6.52750e-09
 Reference value :  6.54750e-09
 Reference value :  6.56750e-09
 Reference value :  6.58750e-09
 Reference value :  6.61250e-09
 Reference value :  6.63750e-09
 Reference value :  6.65750e-09
 Reference value :  6.68250e-09
 Reference value :  6.71750e-09
 Reference value :  6.73750e-09
 Reference value :  6.76250e-09
 Reference value :  6.78750e-09
 Reference value :  6.80750e-09
 Reference value :  6.82750e-09
 Reference value :  6.84750e-09
 Reference value :  6.87250e-09
 Reference value :  6.89750e-09
 Reference value :  6.92750e-09
 Reference value :  6.95250e-09
 Reference value :  6.98250e-09
 Reference value :  7.00250e-09
 Reference value :  7.02250e-09
 Reference value :  7.04750e-09
 Reference value :  7.06750e-09
 Reference value :  7.08750e-09
 Reference value :  7.10750e-09
 Reference value :  7.12750e-09
 Reference value :  7.15250e-09
 Reference value :  7.16750e-09
 Reference value :  7.18750e-09
 Reference value :  7.20250e-09
 Reference value :  7.21750e-09
 Reference value :  7.24250e-09
 Reference value :  7.27750e-09
 Reference value :  7.30250e-09
 Reference value :  7.31750e-09
 Reference value :  7.33750e-09
 Reference value :  7.35750e-09
 Reference value :  7.38250e-09
 Reference value :  7.40250e-09
 Reference value :  7.42250e-09
 Reference value :  7.44250e-09
 Reference value :  7.46250e-09
 Reference value :  7.48250e-09
 Reference value :  7.50250e-09
 Reference value :  7.52250e-09
 Reference value :  7.54250e-09
 Reference value :  7.56250e-09
 Reference value :  7.58250e-09
 Reference value :  7.60750e-09
 Reference value :  7.62750e-09
 Reference value :  7.64750e-09
 Reference value :  7.66750e-09
 Reference value :  7.68750e-09
 Reference value :  7.71250e-09
 Reference value :  7.73250e-09
 Reference value :  7.75250e-09
 Reference value :  7.77250e-09
 Reference value :  7.79250e-09
 Reference value :  7.81750e-09
 Reference value :  7.83750e-09
 Reference value :  7.85250e-09
 Reference value :  7.87250e-09
 Reference value :  7.89750e-09
 Reference value :  7.91250e-09
 Reference value :  7.93250e-09
 Reference value :  7.95250e-09
 Reference value :  7.97250e-09
 Reference value :  7.98750e-09
 Reference value :  8.00250e-09
 Reference value :  8.02750e-09
 Reference value :  8.04250e-09
 Reference value :  8.06250e-09
 Reference value :  8.08250e-09
 Reference value :  8.10250e-09
 Reference value :  8.11750e-09
 Reference value :  8.13750e-09
 Reference value :  8.15750e-09
 Reference value :  8.17750e-09
 Reference value :  8.19750e-09
 Reference value :  8.21750e-09
 Reference value :  8.24250e-09
 Reference value :  8.26750e-09
 Reference value :  8.28750e-09
 Reference value :  8.30750e-09
 Reference value :  8.32750e-09
 Reference value :  8.34750e-09
 Reference value :  8.36750e-09
 Reference value :  8.38750e-09
 Reference value :  8.40750e-09
 Reference value :  8.42750e-09
 Reference value :  8.44250e-09
 Reference value :  8.47250e-09
 Reference value :  8.48750e-09
 Reference value :  8.50750e-09
 Reference value :  8.52750e-09
 Reference value :  8.54750e-09
 Reference value :  8.56750e-09
 Reference value :  8.59250e-09
 Reference value :  8.61750e-09
 Reference value :  8.63750e-09
 Reference value :  8.65750e-09
 Reference value :  8.67750e-09
 Reference value :  8.70250e-09
 Reference value :  8.72250e-09
 Reference value :  8.74750e-09
 Reference value :  8.77250e-09
 Reference value :  8.79250e-09
 Reference value :  8.82750e-09
 Reference value :  8.85250e-09
 Reference value :  8.87750e-09
 Reference value :  8.89750e-09
 Reference value :  8.91750e-09
 Reference value :  8.93750e-09
 Reference value :  8.95750e-09
 Reference value :  8.97750e-09
 Reference value :  8.99750e-09
 Reference value :  9.01750e-09
 Reference value :  9.03750e-09
 Reference value :  9.05750e-09
 Reference value :  9.07750e-09
 Reference value :  9.09250e-09
 Reference value :  9.11250e-09
 Reference value :  9.13250e-09
 Reference value :  9.15250e-09
 Reference value :  9.17250e-09
 Reference value :  9.19250e-09
 Reference value :  9.21250e-09
 Reference value :  9.23250e-09
 Reference value :  9.25250e-09
 Reference value :  9.27250e-09
 Reference value :  9.29250e-09
 Reference value :  9.31250e-09
 Reference value :  9.33250e-09
 Reference value :  9.35250e-09
 Reference value :  9.37250e-09
 Reference value :  9.39250e-09
 Reference value :  9.41250e-09
 Reference value :  9.43250e-09
 Reference value :  9.45750e-09
 Reference value :  9.47750e-09
 Reference value :  9.49750e-09
 Reference value :  9.51750e-09
 Reference value :  9.53750e-09
 Reference value :  9.55750e-09
 Reference value :  9.57750e-09
 Reference value :  9.60250e-09
 Reference value :  9.61750e-09
 Reference value :  9.63750e-09
 Reference value :  9.65750e-09
 Reference value :  9.67750e-09
 Reference value :  9.69750e-09
 Reference value :  9.71250e-09
 Reference value :  9.73250e-09
 Reference value :  9.75250e-09
 Reference value :  9.77250e-09
 Reference value :  9.79250e-09
 Reference value :  9.81250e-09
 Reference value :  9.83250e-09
 Reference value :  9.85250e-09
 Reference value :  9.87750e-09
 Reference value :  9.89750e-09
 Reference value :  9.91750e-09
 Reference value :  9.93750e-09
 Reference value :  9.95750e-09
 Reference value :  9.97750e-09
 Reference value :  9.99750e-09
 Reference value :  1.00175e-08
 Reference value :  1.00375e-08
 Reference value :  1.00575e-08
 Reference value :  1.00775e-08
 Reference value :  1.00975e-08
 Reference value :  1.01175e-08
 Reference value :  1.01375e-08
 Reference value :  1.01575e-08
 Reference value :  1.01825e-08
 Reference value :  1.02025e-08
 Reference value :  1.02225e-08
 Reference value :  1.02425e-08
 Reference value :  1.02625e-08
 Reference value :  1.02825e-08
 Reference value :  1.03025e-08
 Reference value :  1.03225e-08
 Reference value :  1.03425e-08
 Reference value :  1.03625e-08
 Reference value :  1.03825e-08
 Reference value :  1.04025e-08
 Reference value :  1.04225e-08
 Reference value :  1.04425e-08
 Reference value :  1.04675e-08
 Reference value :  1.04875e-08
 Reference value :  1.05075e-08
 Reference value :  1.05275e-08
 Reference value :  1.05475e-08
 Reference value :  1.05675e-08
 Reference value :  1.05875e-08
 Reference value :  1.06075e-08
 Reference value :  1.06275e-08
 Reference value :  1.06475e-08
 Reference value :  1.06675e-08
 Reference value :  1.06875e-08
 Reference value :  1.07075e-08
 Reference value :  1.07275e-08
 Reference value :  1.07475e-08
 Reference value :  1.07675e-08
 Reference value :  1.07875e-08
 Reference value :  1.08125e-08
 Reference value :  1.08325e-08
 Reference value :  1.08525e-08
 Reference value :  1.08725e-08
 Reference value :  1.08925e-08
 Reference value :  1.09125e-08
 Reference value :  1.09325e-08
 Reference value :  1.09525e-08
 Reference value :  1.09775e-08
 Reference value :  1.09975e-08
 Reference value :  1.10175e-08
 Reference value :  1.10375e-08
 Reference value :  1.10575e-08
 Reference value :  1.10825e-08
 Reference value :  1.11025e-08
 Reference value :  1.11225e-08
 Reference value :  1.11475e-08
 Reference value :  1.11625e-08
 Reference value :  1.11825e-08
 Reference value :  1.12025e-08
 Reference value :  1.12225e-08
 Reference value :  1.12425e-08
 Reference value :  1.12625e-08
 Reference value :  1.12825e-08
 Reference value :  1.13025e-08
 Reference value :  1.13225e-08
 Reference value :  1.13425e-08
 Reference value :  1.13625e-08
 Reference value :  1.13825e-08
 Reference value :  1.14025e-08
 Reference value :  1.14225e-08
 Reference value :  1.14425e-08
 Reference value :  1.14625e-08
 Reference value :  1.14825e-08
 Reference value :  1.15025e-08
 Reference value :  1.15325e-08
 Reference value :  1.15525e-08
 Reference value :  1.15675e-08
 Reference value :  1.15875e-08
 Reference value :  1.16075e-08
 Reference value :  1.16325e-08
 Reference value :  1.16575e-08
 Reference value :  1.16775e-08
 Reference value :  1.16975e-08
 Reference value :  1.17175e-08
 Reference value :  1.17375e-08
 Reference value :  1.17575e-08
 Reference value :  1.17775e-08
 Reference value :  1.17975e-08
 Reference value :  1.18175e-08
 Reference value :  1.18425e-08
 Reference value :  1.18625e-08
 Reference value :  1.18825e-08
 Reference value :  1.19075e-08
 Reference value :  1.19275e-08
 Reference value :  1.19475e-08
 Reference value :  1.19675e-08
 Reference value :  1.19925e-08
 Reference value :  1.20125e-08
 Reference value :  1.20325e-08
 Reference value :  1.20525e-08
 Reference value :  1.20725e-08
 Reference value :  1.20925e-08
 Reference value :  1.21125e-08
 Reference value :  1.21325e-08
 Reference value :  1.21525e-08
 Reference value :  1.21725e-08
 Reference value :  1.21925e-08
 Reference value :  1.22125e-08
 Reference value :  1.22375e-08
 Reference value :  1.22575e-08
 Reference value :  1.22775e-08
 Reference value :  1.22975e-08
 Reference value :  1.23175e-08
 Reference value :  1.23375e-08
 Reference value :  1.23575e-08
 Reference value :  1.23825e-08
 Reference value :  1.24025e-08
 Reference value :  1.24225e-08
 Reference value :  1.24375e-08
 Reference value :  1.24575e-08
 Reference value :  1.24825e-08
 Reference value :  1.25025e-08
 Reference value :  1.25225e-08
 Reference value :  1.25425e-08
 Reference value :  1.25675e-08
 Reference value :  1.25875e-08
 Reference value :  1.26075e-08
 Reference value :  1.26275e-08
 Reference value :  1.26475e-08
 Reference value :  1.26675e-08
 Reference value :  1.26875e-08
 Reference value :  1.27075e-08
 Reference value :  1.27275e-08
 Reference value :  1.27475e-08
 Reference value :  1.27675e-08
 Reference value :  1.27875e-08
 Reference value :  1.28075e-08
 Reference value :  1.28275e-08
 Reference value :  1.28475e-08
 Reference value :  1.28625e-08
 Reference value :  1.28825e-08
 Reference value :  1.29025e-08
 Reference value :  1.29175e-08
 Reference value :  1.29375e-08
 Reference value :  1.29575e-08
 Reference value :  1.29775e-08
 Reference value :  1.29975e-08
 Reference value :  1.30175e-08
 Reference value :  1.30375e-08
 Reference value :  1.30575e-08
 Reference value :  1.30775e-08
 Reference value :  1.30975e-08
 Reference value :  1.31225e-08
 Reference value :  1.31425e-08
 Reference value :  1.31625e-08
 Reference value :  1.31825e-08
 Reference value :  1.32025e-08
 Reference value :  1.32225e-08
 Reference value :  1.32425e-08
 Reference value :  1.32625e-08
 Reference value :  1.32825e-08
 Reference value :  1.33025e-08
 Reference value :  1.33225e-08
 Reference value :  1.33425e-08
 Reference value :  1.33675e-08
 Reference value :  1.33875e-08
 Reference value :  1.34075e-08
 Reference value :  1.34275e-08
 Reference value :  1.34475e-08
 Reference value :  1.34675e-08
 Reference value :  1.34875e-08
 Reference value :  1.35075e-08
 Reference value :  1.35275e-08
 Reference value :  1.35525e-08
 Reference value :  1.35725e-08
 Reference value :  1.35925e-08
 Reference value :  1.36125e-08
 Reference value :  1.36325e-08
 Reference value :  1.36525e-08
 Reference value :  1.36725e-08
 Reference value :  1.36925e-08
 Reference value :  1.37125e-08
 Reference value :  1.37325e-08
 Reference value :  1.37525e-08
 Reference value :  1.37725e-08
 Reference value :  1.37925e-08
 Reference value :  1.38125e-08
 Reference value :  1.38325e-08
 Reference value :  1.38525e-08
 Reference value :  1.38675e-08
 Reference value :  1.38875e-08
 Reference value :  1.39075e-08
 Reference value :  1.39275e-08
 Reference value :  1.39475e-08
 Reference value :  1.39675e-08
 Reference value :  1.39875e-08
 Reference value :  1.40075e-08
 Reference value :  1.40275e-08
 Reference value :  1.40475e-08
 Reference value :  1.40675e-08
 Reference value :  1.40875e-08
 Reference value :  1.41075e-08
 Reference value :  1.41275e-08
 Reference value :  1.41475e-08
 Reference value :  1.41675e-08
 Reference value :  1.41875e-08
 Reference value :  1.42075e-08
 Reference value :  1.42275e-08
 Reference value :  1.42475e-08
 Reference value :  1.42675e-08
 Reference value :  1.42925e-08
 Reference value :  1.43125e-08
 Reference value :  1.43375e-08
 Reference value :  1.43625e-08
 Reference value :  1.43875e-08
 Reference value :  1.44075e-08
 Reference value :  1.44225e-08
 Reference value :  1.44425e-08
 Reference value :  1.44625e-08
 Reference value :  1.44825e-08
 Reference value :  1.45025e-08
 Reference value :  1.45225e-08
 Reference value :  1.45525e-08
 Reference value :  1.45775e-08
 Reference value :  1.45975e-08
 Reference value :  1.46175e-08
 Reference value :  1.46375e-08
 Reference value :  1.46625e-08
 Reference value :  1.46825e-08
 Reference value :  1.47025e-08
 Reference value :  1.47225e-08
 Reference value :  1.47425e-08
 Reference value :  1.47675e-08
 Reference value :  1.47925e-08
 Reference value :  1.48125e-08
 Reference value :  1.48325e-08
 Reference value :  1.48525e-08
 Reference value :  1.48775e-08
 Reference value :  1.49025e-08
 Reference value :  1.49175e-08
 Reference value :  1.49375e-08
 Reference value :  1.49575e-08
 Reference value :  1.49725e-08
 Reference value :  1.49925e-08
 Reference value :  1.50125e-08
 Reference value :  1.50275e-08
 Reference value :  1.50475e-08
 Reference value :  1.50625e-08
 Reference value :  1.50825e-08
 Reference value :  1.51025e-08
 Reference value :  1.51275e-08
 Reference value :  1.51475e-08
 Reference value :  1.51675e-08
 Reference value :  1.51925e-08
 Reference value :  1.52125e-08
 Reference value :  1.52325e-08
 Reference value :  1.52525e-08
 Reference value :  1.52725e-08
 Reference value :  1.52975e-08
 Reference value :  1.53125e-08
 Reference value :  1.53325e-08
 Reference value :  1.53525e-08
 Reference value :  1.53675e-08
 Reference value :  1.53875e-08
 Reference value :  1.54075e-08
 Reference value :  1.54275e-08
 Reference value :  1.54475e-08
 Reference value :  1.54675e-08
 Reference value :  1.54925e-08
 Reference value :  1.55125e-08
 Reference value :  1.55325e-08
 Reference value :  1.55525e-08
 Reference value :  1.55725e-08
 Reference value :  1.55975e-08
 Reference value :  1.56225e-08
 Reference value :  1.56425e-08
 Reference value :  1.56675e-08
 Reference value :  1.56875e-08
 Reference value :  1.57075e-08
 Reference value :  1.57325e-08
 Reference value :  1.57525e-08
 Reference value :  1.57725e-08
 Reference value :  1.57925e-08
 Reference value :  1.58125e-08
 Reference value :  1.58325e-08
 Reference value :  1.58575e-08
 Reference value :  1.58825e-08
 Reference value :  1.59025e-08
 Reference value :  1.59225e-08
 Reference value :  1.59425e-08
 Reference value :  1.59625e-08
 Reference value :  1.59825e-08
 Reference value :  1.60025e-08
 Reference value :  1.60225e-08
 Reference value :  1.60525e-08
 Reference value :  1.60725e-08
 Reference value :  1.60975e-08
 Reference value :  1.61175e-08
 Reference value :  1.61425e-08
 Reference value :  1.61675e-08
 Reference value :  1.61875e-08
 Reference value :  1.62125e-08
 Reference value :  1.62375e-08
 Reference value :  1.62625e-08
 Reference value :  1.62825e-08
 Reference value :  1.63075e-08
 Reference value :  1.63325e-08
 Reference value :  1.63575e-08
 Reference value :  1.63775e-08
 Reference value :  1.63975e-08
 Reference value :  1.64225e-08
 Reference value :  1.64425e-08
 Reference value :  1.64575e-08
 Reference value :  1.64775e-08
 Reference value :  1.65025e-08
 Reference value :  1.65225e-08
 Reference value :  1.65425e-08
 Reference value :  1.65625e-08
 Reference value :  1.65825e-08
 Reference value :  1.66075e-08
 Reference value :  1.66275e-08
 Reference value :  1.66525e-08
 Reference value :  1.66725e-08
 Reference value :  1.66925e-08
 Reference value :  1.67175e-08
 Reference value :  1.67375e-08
 Reference value :  1.67625e-08
 Reference value :  1.67875e-08
 Reference value :  1.68075e-08
 Reference value :  1.68325e-08
 Reference value :  1.68525e-08
 Reference value :  1.68775e-08
 Reference value :  1.68975e-08
 Reference value :  1.69175e-08
 Reference value :  1.69375e-08
 Reference value :  1.69575e-08
 Reference value :  1.69825e-08
 Reference value :  1.70025e-08
 Reference value :  1.70225e-08
 Reference value :  1.70425e-08
 Reference value :  1.70675e-08
 Reference value :  1.70875e-08
 Reference value :  1.71125e-08
 Reference value :  1.71325e-08
 Reference value :  1.71525e-08
 Reference value :  1.71775e-08
 Reference value :  1.71975e-08
 Reference value :  1.72125e-08
 Reference value :  1.72325e-08
 Reference value :  1.72525e-08
 Reference value :  1.72725e-08
 Reference value :  1.72975e-08
 Reference value :  1.73175e-08
 Reference value :  1.73375e-08
 Reference value :  1.73575e-08
 Reference value :  1.73775e-08
 Reference value :  1.73975e-08
 Reference value :  1.74175e-08
 Reference value :  1.74375e-08
 Reference value :  1.74525e-08
 Reference value :  1.74775e-08
 Reference value :  1.75025e-08
 Reference value :  1.75275e-08
 Reference value :  1.75425e-08
 Reference value :  1.75575e-08
 Reference value :  1.75775e-08
 Reference value :  1.75975e-08
 Reference value :  1.76175e-08
 Reference value :  1.76375e-08
 Reference value :  1.76575e-08
 Reference value :  1.76775e-08
 Reference value :  1.77075e-08
 Reference value :  1.77375e-08
 Reference value :  1.77525e-08
 Reference value :  1.77725e-08
 Reference value :  1.77925e-08
 Reference value :  1.78175e-08
 Reference value :  1.78375e-08
 Reference value :  1.78575e-08
 Reference value :  1.78775e-08
 Reference value :  1.79025e-08
 Reference value :  1.79275e-08
 Reference value :  1.79475e-08
 Reference value :  1.79725e-08
 Reference value :  1.79925e-08
 Reference value :  1.80125e-08
 Reference value :  1.80275e-08
 Reference value :  1.80525e-08
 Reference value :  1.80775e-08
 Reference value :  1.80975e-08
 Reference value :  1.81175e-08
 Reference value :  1.81375e-08
 Reference value :  1.81575e-08
 Reference value :  1.81775e-08
 Reference value :  1.82025e-08
 Reference value :  1.82225e-08
 Reference value :  1.82425e-08
 Reference value :  1.82675e-08
 Reference value :  1.82875e-08
 Reference value :  1.83075e-08
 Reference value :  1.83375e-08
 Reference value :  1.83575e-08
 Reference value :  1.83775e-08
 Reference value :  1.83975e-08
 Reference value :  1.84125e-08
 Reference value :  1.84325e-08
 Reference value :  1.84525e-08
 Reference value :  1.84725e-08
 Reference value :  1.84875e-08
 Reference value :  1.85075e-08
 Reference value :  1.85225e-08
 Reference value :  1.85425e-08
 Reference value :  1.85575e-08
 Reference value :  1.85775e-08
 Reference value :  1.86025e-08
 Reference value :  1.86275e-08
 Reference value :  1.86525e-08
 Reference value :  1.86725e-08
 Reference value :  1.86975e-08
 Reference value :  1.87225e-08
 Reference value :  1.87425e-08
 Reference value :  1.87675e-08
 Reference value :  1.87875e-08
 Reference value :  1.88125e-08
 Reference value :  1.88325e-08
 Reference value :  1.88475e-08
 Reference value :  1.88675e-08
 Reference value :  1.88875e-08
 Reference value :  1.89075e-08
 Reference value :  1.89275e-08
 Reference value :  1.89475e-08
 Reference value :  1.89675e-08
 Reference value :  1.89875e-08
 Reference value :  1.90075e-08
 Reference value :  1.90275e-08
 Reference value :  1.90425e-08
 Reference value :  1.90675e-08
 Reference value :  1.90925e-08
 Reference value :  1.91175e-08
 Reference value :  1.91325e-08
 Reference value :  1.91525e-08
 Reference value :  1.91675e-08
 Reference value :  1.91875e-08
 Reference value :  1.92075e-08
 Reference value :  1.92275e-08
 Reference value :  1.92425e-08
 Reference value :  1.92675e-08
 Reference value :  1.92925e-08
 Reference value :  1.93175e-08
 Reference value :  1.93375e-08
 Reference value :  1.93575e-08
 Reference value :  1.93725e-08
 Reference value :  1.93875e-08
 Reference value :  1.94125e-08
 Reference value :  1.94325e-08
 Reference value :  1.94575e-08
 Reference value :  1.94825e-08
 Reference value :  1.95025e-08
 Reference value :  1.95275e-08
 Reference value :  1.95475e-08
 Reference value :  1.95675e-08
 Reference value :  1.95925e-08
 Reference value :  1.96125e-08
 Reference value :  1.96375e-08
 Reference value :  1.96625e-08
 Reference value :  1.96825e-08
 Reference value :  1.97025e-08
 Reference value :  1.97275e-08
 Reference value :  1.97475e-08
 Reference value :  1.97675e-08
 Reference value :  1.97875e-08
 Reference value :  1.98125e-08
 Reference value :  1.98375e-08
 Reference value :  1.98575e-08
 Reference value :  1.98825e-08
 Reference value :  1.99025e-08
 Reference value :  1.99275e-08
 Reference value :  1.99575e-08
 Reference value :  1.99825e-08
 Reference value :  2.00075e-08
 Reference value :  2.00275e-08
 Reference value :  2.00525e-08
 Reference value :  2.00775e-08
 Reference value :  2.01075e-08
 Reference value :  2.01275e-08
 Reference value :  2.01475e-08
 Reference value :  2.01675e-08
 Reference value :  2.01925e-08
 Reference value :  2.02125e-08
 Reference value :  2.02275e-08
 Reference value :  2.02475e-08
 Reference value :  2.02725e-08
 Reference value :  2.02925e-08
 Reference value :  2.03075e-08
 Reference value :  2.03275e-08
 Reference value :  2.03625e-08
 Reference value :  2.03825e-08
 Reference value :  2.04025e-08
 Reference value :  2.04325e-08
 Reference value :  2.04525e-08
 Reference value :  2.04675e-08
 Reference value :  2.04825e-08
 Reference value :  2.05025e-08
 Reference value :  2.05225e-08
 Reference value :  2.05375e-08
 Reference value :  2.05525e-08
 Reference value :  2.05775e-08
 Reference value :  2.05925e-08
 Reference value :  2.06125e-08
 Reference value :  2.06325e-08
 Reference value :  2.06525e-08
 Reference value :  2.06725e-08
 Reference value :  2.06925e-08
 Reference value :  2.07125e-08
 Reference value :  2.07375e-08
 Reference value :  2.07575e-08
 Reference value :  2.07775e-08
 Reference value :  2.07975e-08
 Reference value :  2.08125e-08
 Reference value :  2.08325e-08
 Reference value :  2.08475e-08
 Reference value :  2.08675e-08
 Reference value :  2.08875e-08
 Reference value :  2.09075e-08
 Reference value :  2.09275e-08
 Reference value :  2.09475e-08
 Reference value :  2.09725e-08
 Reference value :  2.09875e-08
 Reference value :  2.10075e-08
 Reference value :  2.10275e-08
 Reference value :  2.10525e-08
 Reference value :  2.10775e-08
 Reference value :  2.10975e-08
 Reference value :  2.11125e-08
 Reference value :  2.11275e-08
 Reference value :  2.11475e-08
 Reference value :  2.11675e-08
 Reference value :  2.11925e-08
 Reference value :  2.12125e-08
 Reference value :  2.12325e-08
 Reference value :  2.12575e-08
 Reference value :  2.12775e-08
 Reference value :  2.12975e-08
 Reference value :  2.13175e-08
 Reference value :  2.13375e-08
 Reference value :  2.13575e-08
 Reference value :  2.13825e-08
 Reference value :  2.14025e-08
 Reference value :  2.14375e-08
 Reference value :  2.14575e-08
 Reference value :  2.14825e-08
 Reference value :  2.15025e-08
 Reference value :  2.15275e-08
 Reference value :  2.15475e-08
 Reference value :  2.15725e-08
 Reference value :  2.15925e-08
 Reference value :  2.16175e-08
 Reference value :  2.16375e-08
 Reference value :  2.16575e-08
 Reference value :  2.21825e-08
 Reference value :  2.22075e-08
 Reference value :  2.22325e-08
 Reference value :  2.22525e-08
 Reference value :  2.22725e-08
 Reference value :  2.22875e-08
 Reference value :  2.23075e-08
 Reference value :  2.23225e-08
 Reference value :  2.23425e-08
 Reference value :  2.23675e-08
 Reference value :  2.23875e-08
 Reference value :  2.24075e-08
 Reference value :  2.24325e-08
 Reference value :  2.24525e-08
 Reference value :  2.24725e-08
 Reference value :  2.24975e-08
 Reference value :  2.25225e-08
 Reference value :  2.25475e-08
 Reference value :  2.25675e-08
 Reference value :  2.25925e-08
 Reference value :  2.26075e-08
 Reference value :  2.26275e-08
 Reference value :  2.26575e-08
 Reference value :  2.26775e-08
 Reference value :  2.26975e-08
 Reference value :  2.27175e-08
 Reference value :  2.27375e-08
 Reference value :  2.27725e-08
 Reference value :  2.27975e-08
 Reference value :  2.28175e-08
 Reference value :  2.28425e-08
 Reference value :  2.28625e-08
 Reference value :  2.28825e-08
 Reference value :  2.29025e-08
 Reference value :  2.29225e-08
 Reference value :  2.29475e-08
 Reference value :  2.29675e-08
 Reference value :  2.29925e-08
 Reference value :  2.30225e-08
 Reference value :  2.30425e-08
 Reference value :  2.30625e-08
 Reference value :  2.30775e-08
 Reference value :  2.31075e-08
 Reference value :  2.31275e-08
 Reference value :  2.31475e-08
 Reference value :  2.31675e-08
 Reference value :  2.31925e-08
 Reference value :  2.32125e-08
 Reference value :  2.32375e-08
 Reference value :  2.32575e-08
 Reference value :  2.32825e-08
 Reference value :  2.33025e-08
 Reference value :  2.33225e-08
 Reference value :  2.33425e-08
 Reference value :  2.33625e-08
 Reference value :  2.33875e-08
 Reference value :  2.34125e-08
 Reference value :  2.34325e-08
 Reference value :  2.34525e-08
 Reference value :  2.34775e-08
 Reference value :  2.34975e-08
 Reference value :  2.35175e-08
 Reference value :  2.35375e-08
 Reference value :  2.35575e-08
 Reference value :  2.35775e-08
 Reference value :  2.36025e-08
 Reference value :  2.36225e-08
 Reference value :  2.36425e-08
 Reference value :  2.36625e-08
 Reference value :  2.36825e-08
 Reference value :  2.36975e-08
 Reference value :  2.37175e-08
 Reference value :  2.37325e-08
 Reference value :  2.37525e-08
 Reference value :  2.37675e-08
 Reference value :  2.37875e-08
 Reference value :  2.38025e-08
 Reference value :  2.38275e-08
 Reference value :  2.38475e-08
 Reference value :  2.38675e-08
 Reference value :  2.38875e-08
 Reference value :  2.39075e-08
 Reference value :  2.39375e-08
 Reference value :  2.39575e-08
 Reference value :  2.39775e-08
 Reference value :  2.39975e-08
 Reference value :  2.40175e-08
 Reference value :  2.40425e-08
 Reference value :  2.40625e-08
 Reference value :  2.40825e-08
 Reference value :  2.41025e-08
 Reference value :  2.41225e-08
 Reference value :  2.41475e-08
 Reference value :  2.41675e-08
 Reference value :  2.41875e-08
 Reference value :  2.42025e-08
 Reference value :  2.42225e-08
 Reference value :  2.42425e-08
 Reference value :  2.42625e-08
 Reference value :  2.42875e-08
 Reference value :  2.43125e-08
 Reference value :  2.43375e-08
 Reference value :  2.43575e-08
 Reference value :  2.43725e-08
 Reference value :  2.43975e-08
 Reference value :  2.44175e-08
 Reference value :  2.44375e-08
 Reference value :  2.44575e-08
 Reference value :  2.44775e-08
 Reference value :  2.44975e-08
 Reference value :  2.45175e-08
 Reference value :  2.45375e-08
 Reference value :  2.45575e-08
 Reference value :  2.45775e-08
 Reference value :  2.46025e-08
 Reference value :  2.46275e-08
 Reference value :  2.46475e-08
 Reference value :  2.46675e-08
 Reference value :  2.47025e-08
 Reference value :  2.47225e-08
 Reference value :  2.47425e-08
 Reference value :  2.47625e-08
 Reference value :  2.48075e-08
 Reference value :  2.48375e-08
 Reference value :  2.48625e-08
 Reference value :  2.48875e-08
 Reference value :  2.49075e-08
 Reference value :  2.49275e-08
 Reference value :  2.49525e-08
 Reference value :  2.49775e-08
 Reference value :  2.49975e-08
 Reference value :  2.50325e-08
 Reference value :  2.50625e-08
 Reference value :  2.50875e-08
 Reference value :  2.51325e-08
 Reference value :  2.51575e-08
 Reference value :  2.51775e-08
 Reference value :  2.51925e-08
 Reference value :  2.52075e-08
 Reference value :  2.52275e-08
 Reference value :  2.52475e-08
 Reference value :  2.52725e-08
 Reference value :  2.52975e-08
 Reference value :  2.53175e-08
 Reference value :  2.53375e-08
 Reference value :  2.53625e-08
 Reference value :  2.53825e-08
 Reference value :  2.54075e-08
 Reference value :  2.54325e-08
 Reference value :  2.54525e-08
 Reference value :  2.54775e-08
 Reference value :  2.55025e-08
 Reference value :  2.55175e-08
 Reference value :  2.55425e-08
 Reference value :  2.55625e-08
 Reference value :  2.55875e-08
 Reference value :  2.56025e-08
 Reference value :  2.56225e-08
 Reference value :  2.56475e-08
 Reference value :  2.56675e-08
 Reference value :  2.56875e-08
 Reference value :  2.57025e-08
 Reference value :  2.57225e-08
 Reference value :  2.57425e-08
 Reference value :  2.57625e-08
 Reference value :  2.57825e-08
 Reference value :  2.57975e-08
 Reference value :  2.58175e-08
 Reference value :  2.58425e-08
 Reference value :  2.58675e-08
 Reference value :  2.58875e-08
 Reference value :  2.59075e-08
 Reference value :  2.59375e-08
 Reference value :  2.61125e-08
 Reference value :  2.75725e-08
 Reference value :  2.75925e-08
 Reference value :  2.76125e-08
 Reference value :  2.76325e-08
 Reference value :  2.76575e-08
 Reference value :  2.76825e-08
 Reference value :  2.77075e-08
 Reference value :  2.77275e-08
 Reference value :  2.77475e-08
 Reference value :  2.77625e-08
 Reference value :  2.77825e-08
 Reference value :  2.78025e-08
 Reference value :  2.78225e-08
 Reference value :  2.78375e-08
 Reference value :  2.78525e-08
 Reference value :  2.78725e-08
 Reference value :  2.78925e-08
 Reference value :  2.79175e-08
 Reference value :  2.79425e-08
 Reference value :  2.79625e-08
 Reference value :  2.79825e-08
 Reference value :  2.80075e-08
 Reference value :  2.80325e-08
 Reference value :  2.80525e-08
 Reference value :  2.80775e-08
 Reference value :  2.80975e-08
 Reference value :  2.81175e-08
 Reference value :  2.81375e-08
 Reference value :  2.81525e-08
 Reference value :  2.81675e-08
 Reference value :  2.81875e-08
 Reference value :  2.82075e-08
 Reference value :  2.82425e-08
 Reference value :  2.82625e-08
 Reference value :  2.82875e-08
 Reference value :  2.83125e-08
 Reference value :  2.83275e-08
 Reference value :  2.83475e-08
 Reference value :  2.83625e-08
 Reference value :  2.83775e-08
 Reference value :  2.84025e-08
 Reference value :  2.84275e-08
 Reference value :  2.84475e-08
 Reference value :  2.84725e-08
 Reference value :  2.85075e-08
 Reference value :  2.85275e-08
 Reference value :  2.85475e-08
 Reference value :  2.85725e-08
 Reference value :  2.85975e-08
 Reference value :  2.86175e-08
 Reference value :  2.86375e-08
 Reference value :  2.86575e-08
 Reference value :  2.86775e-08
 Reference value :  2.86975e-08
 Reference value :  2.87175e-08
 Reference value :  2.87325e-08
 Reference value :  2.87525e-08
 Reference value :  2.87675e-08
 Reference value :  2.87875e-08
 Reference value :  2.88075e-08
 Reference value :  2.88375e-08
 Reference value :  2.88625e-08
 Reference value :  2.88825e-08
 Reference value :  2.89075e-08
 Reference value :  2.89275e-08
 Reference value :  2.89575e-08
 Reference value :  2.89775e-08
 Reference value :  2.89975e-08
 Reference value :  2.90275e-08
 Reference value :  2.90475e-08
 Reference value :  2.90775e-08
 Reference value :  2.90975e-08
 Reference value :  2.91225e-08
 Reference value :  2.91425e-08
 Reference value :  2.91675e-08
 Reference value :  2.91875e-08
 Reference value :  2.92075e-08
 Reference value :  2.92275e-08
 Reference value :  2.92475e-08
 Reference value :  2.92675e-08
 Reference value :  2.92875e-08
 Reference value :  2.93075e-08
 Reference value :  2.93325e-08
 Reference value :  2.93525e-08
 Reference value :  2.93775e-08
 Reference value :  2.94025e-08
 Reference value :  2.94275e-08
 Reference value :  2.94425e-08
 Reference value :  2.94625e-08
 Reference value :  2.94825e-08
 Reference value :  2.95075e-08
 Reference value :  2.95275e-08
 Reference value :  2.95525e-08
 Reference value :  2.95775e-08
 Reference value :  2.96125e-08
 Reference value :  2.96375e-08
 Reference value :  2.96575e-08
 Reference value :  2.96875e-08
 Reference value :  2.97125e-08
 Reference value :  2.97325e-08
 Reference value :  2.97525e-08
 Reference value :  2.97725e-08
 Reference value :  2.97925e-08
 Reference value :  2.98175e-08
 Reference value :  2.98325e-08
 Reference value :  2.98575e-08
 Reference value :  2.98775e-08
 Reference value :  2.98975e-08
 Reference value :  2.99175e-08
 Reference value :  2.99375e-08
 Reference value :  2.99575e-08
 Reference value :  2.99825e-08
 Reference value :  3.00025e-08
 Reference value :  3.00225e-08
 Reference value :  3.00425e-08
 Reference value :  3.00725e-08
 Reference value :  3.00975e-08
 Reference value :  3.01225e-08
 Reference value :  3.01425e-08
 Reference value :  3.01575e-08
 Reference value :  3.01775e-08
 Reference value :  3.02125e-08
 Reference value :  3.02325e-08
 Reference value :  3.02575e-08
 Reference value :  3.02825e-08
 Reference value :  3.03025e-08
 Reference value :  3.03225e-08
 Reference value :  3.03475e-08
 Reference value :  3.03625e-08
 Reference value :  3.03825e-08
 Reference value :  3.04025e-08
 Reference value :  3.04475e-08
 Reference value :  3.04725e-08
 Reference value :  3.04925e-08
 Reference value :  3.05125e-08
 Reference value :  3.05325e-08
 Reference value :  3.05575e-08
 Reference value :  3.05775e-08
 Reference value :  3.05975e-08
 Reference value :  3.06225e-08
 Reference value :  3.06475e-08
 Reference value :  3.06725e-08
 Reference value :  3.06925e-08
 Reference value :  3.07175e-08
 Reference value :  3.07425e-08
 Reference value :  3.07625e-08
 Reference value :  3.07875e-08
 Reference value :  3.08175e-08
 Reference value :  3.08425e-08
 Reference value :  3.08675e-08
 Reference value :  3.08925e-08
 Reference value :  3.09175e-08
 Reference value :  3.09425e-08
 Reference value :  3.09675e-08
 Reference value :  3.09925e-08
 Reference value :  3.10175e-08
 Reference value :  3.10325e-08
 Reference value :  3.10525e-08
 Reference value :  3.10725e-08
 Reference value :  3.10925e-08
 Reference value :  3.11125e-08
 Reference value :  3.11375e-08
 Reference value :  3.11625e-08
 Reference value :  3.11925e-08
 Reference value :  3.12175e-08
 Reference value :  3.12375e-08
 Reference value :  3.12625e-08
 Reference value :  3.12825e-08
 Reference value :  3.13075e-08
 Reference value :  3.13275e-08
 Reference value :  3.13525e-08
 Reference value :  3.13725e-08
 Reference value :  3.13925e-08
 Reference value :  3.14175e-08
 Reference value :  3.14375e-08
 Reference value :  3.14575e-08
 Reference value :  3.14775e-08
 Reference value :  3.14975e-08
 Reference value :  3.15225e-08
 Reference value :  3.15425e-08
 Reference value :  3.15625e-08
 Reference value :  3.15875e-08
 Reference value :  3.16125e-08
 Reference value :  3.16325e-08
 Reference value :  3.16575e-08
 Reference value :  3.16775e-08
 Reference value :  3.17025e-08
 Reference value :  3.17225e-08
 Reference value :  3.17375e-08
 Reference value :  3.17525e-08
 Reference value :  3.17775e-08
 Reference value :  3.17975e-08
 Reference value :  3.18225e-08
 Reference value :  3.18425e-08
 Reference value :  3.18625e-08
 Reference value :  3.18825e-08
 Reference value :  3.19025e-08
 Reference value :  3.19175e-08
 Reference value :  3.19325e-08
 Reference value :  3.19525e-08
 Reference value :  3.19725e-08
 Reference value :  3.19925e-08
 Reference value :  3.20075e-08
 Reference value :  3.20275e-08
 Reference value :  3.20475e-08
 Reference value :  3.20775e-08
 Reference value :  3.21025e-08
 Reference value :  3.21275e-08
 Reference value :  3.21525e-08
 Reference value :  3.21775e-08
 Reference value :  3.21975e-08
 Reference value :  3.22175e-08
 Reference value :  3.22425e-08
 Reference value :  3.22625e-08
 Reference value :  3.22825e-08
 Reference value :  3.23025e-08
 Reference value :  3.23225e-08
 Reference value :  3.23475e-08
 Reference value :  3.23675e-08
 Reference value :  3.23875e-08
 Reference value :  3.24175e-08
 Reference value :  3.24425e-08
 Reference value :  3.24675e-08
 Reference value :  3.24875e-08
 Reference value :  3.25075e-08
 Reference value :  3.25275e-08
 Reference value :  3.25425e-08
 Reference value :  3.25625e-08
 Reference value :  3.25825e-08
 Reference value :  3.25975e-08
 Reference value :  3.26175e-08
 Reference value :  3.26325e-08
 Reference value :  3.26475e-08
 Reference value :  3.26675e-08
 Reference value :  3.26875e-08
 Reference value :  3.27075e-08
 Reference value :  3.27275e-08
 Reference value :  3.27475e-08
 Reference value :  3.27725e-08
 Reference value :  3.27925e-08
 Reference value :  3.28175e-08
 Reference value :  3.28475e-08
 Reference value :  3.28725e-08
 Reference value :  3.28975e-08
 Reference value :  3.29175e-08
 Reference value :  3.29375e-08
 Reference value :  3.29575e-08
 Reference value :  3.29775e-08
 Reference value :  3.30025e-08
 Reference value :  3.30225e-08
 Reference value :  3.30475e-08
 Reference value :  3.30725e-08
 Reference value :  3.30975e-08
 Reference value :  3.31175e-08
 Reference value :  3.31375e-08
 Reference value :  3.31625e-08
 Reference value :  3.31875e-08
 Reference value :  3.32075e-08
 Reference value :  3.32275e-08
 Reference value :  3.32525e-08
 Reference value :  3.32775e-08
 Reference value :  3.33025e-08
 Reference value :  3.33275e-08
 Reference value :  3.33525e-08
 Reference value :  3.33725e-08
 Reference value :  3.33925e-08
 Reference value :  3.34125e-08
 Reference value :  3.34425e-08
 Reference value :  3.34675e-08
 Reference value :  3.34875e-08
 Reference value :  3.35125e-08
 Reference value :  3.35275e-08
 Reference value :  3.35475e-08
 Reference value :  3.35675e-08
 Reference value :  3.35875e-08
 Reference value :  3.36075e-08
 Reference value :  3.36325e-08
 Reference value :  3.36525e-08
 Reference value :  3.36725e-08
 Reference value :  3.36975e-08
 Reference value :  3.37175e-08
 Reference value :  3.37425e-08
 Reference value :  3.37625e-08
 Reference value :  3.37925e-08
 Reference value :  3.38225e-08
 Reference value :  3.38425e-08
 Reference value :  3.38625e-08
 Reference value :  3.38825e-08
 Reference value :  3.38975e-08
 Reference value :  3.39125e-08
 Reference value :  3.39275e-08
 Reference value :  3.39425e-08
 Reference value :  3.39575e-08
 Reference value :  3.39775e-08
 Reference value :  3.40025e-08
 Reference value :  3.40275e-08
 Reference value :  3.40475e-08
 Reference value :  3.40775e-08
 Reference value :  3.40925e-08
 Reference value :  3.41075e-08
 Reference value :  3.41225e-08
 Reference value :  3.41475e-08
 Reference value :  3.41625e-08
 Reference value :  3.41825e-08
 Reference value :  3.42025e-08
 Reference value :  3.42275e-08
 Reference value :  3.42525e-08
 Reference value :  3.42775e-08
 Reference value :  3.42975e-08
 Reference value :  3.43125e-08
 Reference value :  3.43325e-08
 Reference value :  3.43525e-08
 Reference value :  3.43725e-08
 Reference value :  3.43925e-08
 Reference value :  3.44175e-08
 Reference value :  3.44425e-08
 Reference value :  3.44625e-08
 Reference value :  3.44825e-08
 Reference value :  3.45075e-08
 Reference value :  3.45275e-08
 Reference value :  3.45475e-08
 Reference value :  3.45625e-08
 Reference value :  3.45825e-08
 Reference value :  3.46025e-08
 Reference value :  3.46225e-08
 Reference value :  3.46425e-08
 Reference value :  3.46625e-08
 Reference value :  3.46875e-08
 Reference value :  3.47125e-08
 Reference value :  3.47325e-08
 Reference value :  3.47575e-08
 Reference value :  3.47775e-08
 Reference value :  3.48025e-08
 Reference value :  3.48225e-08
 Reference value :  3.48475e-08
 Reference value :  3.48725e-08
 Reference value :  3.48875e-08
 Reference value :  3.49125e-08
 Reference value :  3.49325e-08
 Reference value :  3.49525e-08
 Reference value :  3.49725e-08
 Reference value :  3.49975e-08
 Reference value :  3.50175e-08
 Reference value :  3.50475e-08
 Reference value :  3.50725e-08
 Reference value :  3.50925e-08
 Reference value :  3.51125e-08
 Reference value :  3.51275e-08
 Reference value :  3.51475e-08
 Reference value :  3.51675e-08
 Reference value :  3.51975e-08
 Reference value :  3.52175e-08
 Reference value :  3.52375e-08
 Reference value :  3.52575e-08
 Reference value :  3.52775e-08
 Reference value :  3.52975e-08
 Reference value :  3.53125e-08
 Reference value :  3.53325e-08
 Reference value :  3.53575e-08
 Reference value :  3.53825e-08
 Reference value :  3.54025e-08
 Reference value :  3.54225e-08
 Reference value :  3.54425e-08
 Reference value :  3.54575e-08
 Reference value :  3.54775e-08
 Reference value :  3.54975e-08
 Reference value :  3.55125e-08
 Reference value :  3.55325e-08
 Reference value :  3.55525e-08
 Reference value :  3.55675e-08
 Reference value :  3.55825e-08
 Reference value :  3.56025e-08
 Reference value :  3.56225e-08
 Reference value :  3.56425e-08
 Reference value :  3.56625e-08
 Reference value :  3.56825e-08
 Reference value :  3.57075e-08
 Reference value :  3.57275e-08
 Reference value :  3.57475e-08
 Reference value :  3.57675e-08
 Reference value :  3.57875e-08
 Reference value :  3.58075e-08
 Reference value :  3.58275e-08
 Reference value :  3.58525e-08
 Reference value :  3.58725e-08
 Reference value :  3.58925e-08
 Reference value :  3.59175e-08
 Reference value :  3.59325e-08
 Reference value :  3.59525e-08
 Reference value :  3.59775e-08
 Reference value :  3.60025e-08
 Reference value :  3.60225e-08
 Reference value :  3.60425e-08
 Reference value :  3.60625e-08
 Reference value :  3.60925e-08
 Reference value :  3.61125e-08
 Reference value :  3.61325e-08
 Reference value :  3.61525e-08
 Reference value :  3.61725e-08
 Reference value :  3.61925e-08
 Reference value :  3.62125e-08
 Reference value :  3.62275e-08
 Reference value :  3.62475e-08
 Reference value :  3.62725e-08
 Reference value :  3.62975e-08
 Reference value :  3.63275e-08
 Reference value :  3.63475e-08
 Reference value :  3.63675e-08
 Reference value :  3.63875e-08
 Reference value :  3.64075e-08
 Reference value :  3.64225e-08
 Reference value :  3.64425e-08
 Reference value :  3.64625e-08
 Reference value :  3.64875e-08
 Reference value :  3.65125e-08
 Reference value :  3.65375e-08
 Reference value :  3.65575e-08
 Reference value :  3.65825e-08
 Reference value :  3.66025e-08
 Reference value :  3.66225e-08
 Reference value :  3.66475e-08
 Reference value :  3.66675e-08
 Reference value :  3.66975e-08
 Reference value :  3.67125e-08
 Reference value :  3.67275e-08
 Reference value :  3.67475e-08
 Reference value :  3.67675e-08
 Reference value :  3.67925e-08
 Reference value :  3.68125e-08
 Reference value :  3.68275e-08
 Reference value :  3.68425e-08
 Reference value :  3.68625e-08
 Reference value :  3.68825e-08
 Reference value :  3.69075e-08
 Reference value :  3.69275e-08
 Reference value :  3.69575e-08
 Reference value :  3.69725e-08
 Reference value :  3.69975e-08
 Reference value :  3.70175e-08
 Reference value :  3.70425e-08
 Reference value :  3.70575e-08
 Reference value :  3.70775e-08
 Reference value :  3.71025e-08
 Reference value :  3.71225e-08
 Reference value :  3.71425e-08
 Reference value :  3.71675e-08
 Reference value :  3.71925e-08
 Reference value :  3.72125e-08
 Reference value :  3.72325e-08
 Reference value :  3.72525e-08
 Reference value :  3.72775e-08
 Reference value :  3.72975e-08
 Reference value :  3.73125e-08
 Reference value :  3.86325e-08
 Reference value :  3.86475e-08
 Reference value :  3.86625e-08
 Reference value :  3.86825e-08
 Reference value :  3.86975e-08
 Reference value :  3.87175e-08
 Reference value :  3.87425e-08
 Reference value :  3.87625e-08
 Reference value :  3.87825e-08
 Reference value :  3.88025e-08
 Reference value :  3.88175e-08
 Reference value :  3.88425e-08
 Reference value :  3.88625e-08
 Reference value :  3.88825e-08
 Reference value :  3.89025e-08
 Reference value :  3.89225e-08
 Reference value :  3.89425e-08
 Reference value :  3.89625e-08
 Reference value :  3.89825e-08
 Reference value :  3.89975e-08
 Reference value :  3.90225e-08
 Reference value :  3.90475e-08
 Reference value :  3.90725e-08
 Reference value :  3.91025e-08
 Reference value :  3.91275e-08
 Reference value :  3.91475e-08
 Reference value :  3.91725e-08
 Reference value :  3.91975e-08
 Reference value :  3.92225e-08
 Reference value :  3.92425e-08
 Reference value :  3.92625e-08
 Reference value :  3.92875e-08
 Reference value :  3.93125e-08
 Reference value :  3.93275e-08
 Reference value :  3.93475e-08
 Reference value :  3.93675e-08
 Reference value :  3.93875e-08
 Reference value :  3.94075e-08
 Reference value :  3.94325e-08
 Reference value :  3.94525e-08
 Reference value :  3.94725e-08
 Reference value :  3.94925e-08
 Reference value :  3.95125e-08
 Reference value :  3.95375e-08
 Reference value :  3.95575e-08
 Reference value :  3.95775e-08
 Reference value :  3.95975e-08
 Reference value :  3.96175e-08
 Reference value :  3.96375e-08
 Reference value :  3.96525e-08
 Reference value :  3.96775e-08
 Reference value :  3.96975e-08
 Reference value :  3.97125e-08
 Reference value :  3.97375e-08
 Reference value :  3.97575e-08
 Reference value :  3.97825e-08
 Reference value :  3.98075e-08
 Reference value :  3.98325e-08
 Reference value :  3.98525e-08
 Reference value :  3.98775e-08
 Reference value :  3.99025e-08
 Reference value :  3.99275e-08
 Reference value :  3.99525e-08
 Reference value :  3.99725e-08
 Reference value :  3.99925e-08
 Reference value :  4.00175e-08
 Reference value :  4.00425e-08
 Reference value :  4.00625e-08
 Reference value :  4.00875e-08
 Reference value :  4.01075e-08
 Reference value :  4.01275e-08
 Reference value :  4.01525e-08
 Reference value :  4.01725e-08
 Reference value :  4.01925e-08
 Reference value :  4.02075e-08
 Reference value :  4.02275e-08
 Reference value :  4.02575e-08
 Reference value :  4.02775e-08
 Reference value :  4.02925e-08
 Reference value :  4.03125e-08
 Reference value :  4.03425e-08
 Reference value :  4.03675e-08
 Reference value :  4.03825e-08
 Reference value :  4.04025e-08
 Reference value :  4.04225e-08
 Reference value :  4.04375e-08
 Reference value :  4.04525e-08
 Reference value :  4.04725e-08
 Reference value :  4.04925e-08
 Reference value :  4.05125e-08
 Reference value :  4.05325e-08
 Reference value :  4.05575e-08
 Reference value :  4.05775e-08
 Reference value :  4.06025e-08
 Reference value :  4.06225e-08
 Reference value :  4.06425e-08
 Reference value :  4.06625e-08
 Reference value :  4.06775e-08
 Reference value :  4.07025e-08
 Reference value :  4.07275e-08
 Reference value :  4.07475e-08
 Reference value :  4.07675e-08
 Reference value :  4.07925e-08
 Reference value :  4.08125e-08
 Reference value :  4.08425e-08
 Reference value :  4.08625e-08
 Reference value :  4.08875e-08
 Reference value :  4.09125e-08
 Reference value :  4.09375e-08
 Reference value :  4.09625e-08
 Reference value :  4.09875e-08
 Reference value :  4.10075e-08
 Reference value :  4.10325e-08
 Reference value :  4.10525e-08
 Reference value :  4.10725e-08
 Reference value :  4.10875e-08
 Reference value :  4.11125e-08
 Reference value :  4.11425e-08
 Reference value :  4.11675e-08
 Reference value :  4.11825e-08
 Reference value :  4.12025e-08
 Reference value :  4.12225e-08
 Reference value :  4.12475e-08
 Reference value :  4.12725e-08
 Reference value :  4.12875e-08
 Reference value :  4.13025e-08
 Reference value :  4.13225e-08
 Reference value :  4.13425e-08
 Reference value :  4.13675e-08
 Reference value :  4.13925e-08
 Reference value :  4.14125e-08
 Reference value :  4.14325e-08
 Reference value :  4.14475e-08
 Reference value :  4.14825e-08
 Reference value :  4.15025e-08
 Reference value :  4.15225e-08
 Reference value :  4.15425e-08
 Reference value :  4.15625e-08
 Reference value :  4.15825e-08
 Reference value :  4.16075e-08
 Reference value :  4.16275e-08
 Reference value :  4.16475e-08
 Reference value :  4.16725e-08
 Reference value :  4.16975e-08
 Reference value :  4.17175e-08
 Reference value :  4.17425e-08
 Reference value :  4.17775e-08
 Reference value :  4.17975e-08
 Reference value :  4.18175e-08
 Reference value :  4.18375e-08
 Reference value :  4.18575e-08
 Reference value :  4.18725e-08
 Reference value :  4.18875e-08
 Reference value :  4.19075e-08
 Reference value :  4.19325e-08
 Reference value :  4.19525e-08
 Reference value :  4.19775e-08
 Reference value :  4.19975e-08
 Reference value :  4.20175e-08
 Reference value :  4.20525e-08
 Reference value :  4.20725e-08
 Reference value :  4.20925e-08
 Reference value :  4.21225e-08
 Reference value :  4.21475e-08
 Reference value :  4.21675e-08
 Reference value :  4.21875e-08
 Reference value :  4.22075e-08
 Reference value :  4.22225e-08
 Reference value :  4.22475e-08
 Reference value :  4.22675e-08
 Reference value :  4.22875e-08
 Reference value :  4.23075e-08
 Reference value :  4.23375e-08
 Reference value :  4.23625e-08
 Reference value :  4.23875e-08
 Reference value :  4.24125e-08
 Reference value :  4.24325e-08
 Reference value :  4.24525e-08
 Reference value :  4.24725e-08
 Reference value :  4.24925e-08
 Reference value :  4.25125e-08
 Reference value :  4.25375e-08
 Reference value :  4.25525e-08
 Reference value :  4.25825e-08
 Reference value :  4.26025e-08
 Reference value :  4.26275e-08
 Reference value :  4.26475e-08
 Reference value :  4.26625e-08
 Reference value :  4.26825e-08
 Reference value :  4.26975e-08
 Reference value :  4.27225e-08
 Reference value :  4.27425e-08
 Reference value :  4.27675e-08
 Reference value :  4.27925e-08
 Reference value :  4.28175e-08
 Reference value :  4.28425e-08
 Reference value :  4.28625e-08
 Reference value :  4.28825e-08
 Reference value :  4.29025e-08
 Reference value :  4.29275e-08
 Reference value :  4.29475e-08
 Reference value :  4.29725e-08
 Reference value :  4.30025e-08
 Reference value :  4.30275e-08
 Reference value :  4.30525e-08
 Reference value :  4.30675e-08
 Reference value :  4.30925e-08
 Reference value :  4.31125e-08
 Reference value :  4.31325e-08
 Reference value :  4.31575e-08
 Reference value :  4.31775e-08
 Reference value :  4.32025e-08
 Reference value :  4.32225e-08
 Reference value :  4.32375e-08
 Reference value :  4.32575e-08
 Reference value :  4.32775e-08
 Reference value :  4.32975e-08
 Reference value :  4.33175e-08
 Reference value :  4.33375e-08
 Reference value :  4.33575e-08
 Reference value :  4.33775e-08
 Reference value :  4.33975e-08
 Reference value :  4.34225e-08
 Reference value :  4.34425e-08
 Reference value :  4.34625e-08
 Reference value :  4.34825e-08
 Reference value :  4.35025e-08
 Reference value :  4.35225e-08
 Reference value :  4.35425e-08
 Reference value :  4.35675e-08
 Reference value :  4.35875e-08
 Reference value :  4.36075e-08
 Reference value :  4.36225e-08
 Reference value :  4.36475e-08
 Reference value :  4.36725e-08
 Reference value :  4.36975e-08
 Reference value :  4.37225e-08
 Reference value :  4.37475e-08
 Reference value :  4.37725e-08
 Reference value :  4.37925e-08
 Reference value :  4.38175e-08
 Reference value :  4.38425e-08
 Reference value :  4.38675e-08
 Reference value :  4.38925e-08
 Reference value :  4.39125e-08
 Reference value :  4.39375e-08
 Reference value :  4.39625e-08
 Reference value :  4.39875e-08
 Reference value :  4.40125e-08
 Reference value :  4.40325e-08
 Reference value :  4.40525e-08
 Reference value :  4.40725e-08
 Reference value :  4.40875e-08
 Reference value :  4.41025e-08
 Reference value :  4.41175e-08
 Reference value :  4.41375e-08
 Reference value :  4.41575e-08
 Reference value :  4.41825e-08
 Reference value :  4.42025e-08
 Reference value :  4.42225e-08
 Reference value :  4.42375e-08
 Reference value :  4.42575e-08
 Reference value :  4.42775e-08
 Reference value :  4.43025e-08
 Reference value :  4.43275e-08
 Reference value :  4.43525e-08
 Reference value :  4.43775e-08
 Reference value :  4.44075e-08
 Reference value :  4.44275e-08
 Reference value :  4.44525e-08
 Reference value :  4.44775e-08
 Reference value :  4.44975e-08
 Reference value :  4.45225e-08
 Reference value :  4.45425e-08
 Reference value :  4.45625e-08
 Reference value :  4.45825e-08
 Reference value :  4.46075e-08
 Reference value :  4.46275e-08
 Reference value :  4.46475e-08
 Reference value :  4.46675e-08
 Reference value :  4.46875e-08
 Reference value :  4.47125e-08
 Reference value :  4.47375e-08
 Reference value :  4.47575e-08
 Reference value :  4.47775e-08
 Reference value :  4.47975e-08
 Reference value :  4.48175e-08
 Reference value :  4.48375e-08
 Reference value :  4.48575e-08
 Reference value :  4.48775e-08
 Reference value :  4.49025e-08
 Reference value :  4.49225e-08
 Reference value :  4.49425e-08
 Reference value :  4.49625e-08
 Reference value :  4.49775e-08
 Reference value :  4.50025e-08
 Reference value :  4.50275e-08
 Reference value :  4.50575e-08
 Reference value :  4.50875e-08
No. of Data Rows : 9034
Note: Simulation executed from .control section 
