
Note: Compatibility modes selected: hs a


Circuit: * comparator-decision regen-time sweep -- vindiff=20mv corner=fs temp=-40.0c (issue #9)

option SCALE: Scale is set to 1e-06 for instance and model parameters
option SCALE: Scale is set to 1e-06 for instance and model parameters
option SCALE: Scale is set to 1e-06 for instance and model parameters
option SCALE: Scale is set to 1e-06 for instance and model parameters
Doing analysis at TEMP = -40.000000 and TNOM = 27.000000

Using KLU as Direct Linear Solver
 Reference value :  0.00000e+00
 Reference value :  4.00000e-13
 Reference value :  6.40000e-12
 Reference value :  2.64000e-11
 Reference value :  4.64000e-11
 Reference value :  6.64000e-11
 Reference value :  8.64000e-11
 Reference value :  1.06400e-10
 Reference value :  1.31400e-10
 Reference value :  1.51400e-10
 Reference value :  1.76400e-10
 Reference value :  2.06400e-10
 Reference value :  2.26400e-10
 Reference value :  2.46400e-10
 Reference value :  2.71400e-10
 Reference value :  2.96400e-10
 Reference value :  3.21400e-10
 Reference value :  3.41400e-10
 Reference value :  3.61400e-10
 Reference value :  3.86400e-10
 Reference value :  4.06400e-10
 Reference value :  4.31400e-10
 Reference value :  4.56400e-10
 Reference value :  4.81400e-10
 Reference value :  5.06400e-10
 Reference value :  5.31400e-10
 Reference value :  5.51400e-10
 Reference value :  5.71400e-10
 Reference value :  5.96400e-10
 Reference value :  6.16400e-10
 Reference value :  6.46400e-10
 Reference value :  6.71400e-10
 Reference value :  6.91400e-10
 Reference value :  7.11400e-10
 Reference value :  7.36400e-10
 Reference value :  7.61400e-10
 Reference value :  7.86400e-10
 Reference value :  8.16400e-10
 Reference value :  8.41400e-10
 Reference value :  8.66400e-10
 Reference value :  8.91400e-10
 Reference value :  9.16400e-10
 Reference value :  9.41400e-10
 Reference value :  9.66400e-10
 Reference value :  9.96400e-10
 Reference value :  1.01640e-09
 Reference value :  1.04640e-09
 Reference value :  1.08140e-09
 Reference value :  1.10640e-09
 Reference value :  1.13140e-09
 Reference value :  1.15640e-09
 Reference value :  1.18140e-09
 Reference value :  1.20640e-09
 Reference value :  1.23140e-09
 Reference value :  1.25640e-09
 Reference value :  1.28140e-09
 Reference value :  1.31140e-09
 Reference value :  1.33640e-09
 Reference value :  1.36140e-09
 Reference value :  1.37640e-09
 Reference value :  1.39140e-09
 Reference value :  1.41640e-09
 Reference value :  1.44140e-09
 Reference value :  1.46640e-09
 Reference value :  1.49140e-09
 Reference value :  1.52140e-09
 Reference value :  1.54640e-09
 Reference value :  1.57140e-09
 Reference value :  1.59640e-09
 Reference value :  1.61640e-09
 Reference value :  1.64140e-09
 Reference value :  1.66640e-09
 Reference value :  1.69140e-09
 Reference value :  1.71640e-09
 Reference value :  1.73640e-09
 Reference value :  1.76140e-09
 Reference value :  3.36140e-09
 Reference value :  5.77250e-09
 Reference value :  7.06750e-09
 Reference value :  7.08250e-09
 Reference value :  7.10250e-09
 Reference value :  7.12250e-09
 Reference value :  7.14750e-09
 Reference value :  7.17250e-09
 Reference value :  7.19750e-09
 Reference value :  7.22250e-09
 Reference value :  7.24750e-09
 Reference value :  7.26750e-09
 Reference value :  7.29250e-09
 Reference value :  7.32250e-09
 Reference value :  7.34250e-09
 Reference value :  7.36250e-09
 Reference value :  7.38250e-09
 Reference value :  7.40250e-09
 Reference value :  7.42750e-09
 Reference value :  7.45250e-09
 Reference value :  7.47750e-09
 Reference value :  7.49750e-09
 Reference value :  7.51250e-09
 Reference value :  7.52750e-09
 Reference value :  7.54750e-09
 Reference value :  7.56750e-09
 Reference value :  7.58250e-09
 Reference value :  7.60250e-09
 Reference value :  7.62250e-09
 Reference value :  7.63750e-09
 Reference value :  7.66250e-09
 Reference value :  7.68250e-09
 Reference value :  7.70750e-09
 Reference value :  7.72750e-09
 Reference value :  7.75250e-09
 Reference value :  7.77750e-09
 Reference value :  7.79750e-09
 Reference value :  7.81750e-09
 Reference value :  7.84250e-09
 Reference value :  7.86750e-09
 Reference value :  7.89250e-09
 Reference value :  7.91250e-09
 Reference value :  7.93750e-09
 Reference value :  7.97250e-09
 Reference value :  7.99750e-09
 Reference value :  8.01750e-09
 Reference value :  8.04250e-09
 Reference value :  8.23750e-09
 Reference value :  1.12625e-08
 Reference value :  1.25525e-08
 Reference value :  1.25725e-08
 Reference value :  1.25925e-08
 Reference value :  1.26175e-08
 Reference value :  1.26375e-08
 Reference value :  1.26675e-08
 Reference value :  1.26975e-08
 Reference value :  1.27225e-08
 Reference value :  1.27575e-08
 Reference value :  1.27825e-08
 Reference value :  1.28075e-08
 Reference value :  1.28325e-08
 Reference value :  1.28575e-08
 Reference value :  1.28775e-08
 Reference value :  1.28975e-08
 Reference value :  1.29225e-08
 Reference value :  1.29475e-08
 Reference value :  1.29725e-08
 Reference value :  1.29975e-08
 Reference value :  1.30275e-08
 Reference value :  1.30575e-08
 Reference value :  1.30825e-08
 Reference value :  1.31075e-08
 Reference value :  1.31275e-08
 Reference value :  1.31475e-08
 Reference value :  1.31675e-08
 Reference value :  1.31875e-08
 Reference value :  1.32125e-08
 Reference value :  1.32375e-08
 Reference value :  1.32525e-08
 Reference value :  1.32775e-08
 Reference value :  1.33025e-08
 Reference value :  1.33275e-08
 Reference value :  1.33525e-08
 Reference value :  1.33675e-08
 Reference value :  1.33875e-08
 Reference value :  1.34175e-08
 Reference value :  1.34425e-08
 Reference value :  1.34725e-08
 Reference value :  1.34975e-08
 Reference value :  1.35225e-08
 Reference value :  1.35475e-08
 Reference value :  1.35675e-08
 Reference value :  1.35875e-08
 Reference value :  1.36125e-08
 Reference value :  1.36375e-08
 Reference value :  1.36625e-08
 Reference value :  1.36875e-08
 Reference value :  1.37075e-08
 Reference value :  1.37375e-08
 Reference value :  1.37575e-08
 Reference value :  1.37875e-08
 Reference value :  1.38125e-08
 Reference value :  1.38325e-08
 Reference value :  1.38525e-08
 Reference value :  1.38925e-08
 Reference value :  1.39175e-08
 Reference value :  1.39425e-08
 Reference value :  1.39625e-08
 Reference value :  1.39825e-08
 Reference value :  1.40075e-08
 Reference value :  1.40325e-08
 Reference value :  1.40575e-08
 Reference value :  1.40775e-08
 Reference value :  1.40925e-08
 Reference value :  1.41125e-08
 Reference value :  1.41375e-08
 Reference value :  1.41625e-08
 Reference value :  1.41825e-08
 Reference value :  1.42075e-08
 Reference value :  1.42275e-08
 Reference value :  1.42525e-08
 Reference value :  1.42775e-08
 Reference value :  1.43075e-08
 Reference value :  1.43275e-08
 Reference value :  1.43525e-08
 Reference value :  1.43725e-08
 Reference value :  1.43975e-08
 Reference value :  1.44175e-08
 Reference value :  1.44475e-08
 Reference value :  1.44725e-08
 Reference value :  1.45025e-08
 Reference value :  1.45325e-08
 Reference value :  1.45525e-08
 Reference value :  1.45725e-08
 Reference value :  1.45975e-08
 Reference value :  1.46225e-08
 Reference value :  1.46475e-08
 Reference value :  1.46725e-08
 Reference value :  1.46975e-08
 Reference value :  1.47225e-08
 Reference value :  1.47425e-08
 Reference value :  1.47625e-08
 Reference value :  1.47775e-08
 Reference value :  1.47975e-08
 Reference value :  1.48225e-08
 Reference value :  1.48425e-08
 Reference value :  1.48625e-08
 Reference value :  1.48875e-08
 Reference value :  1.49175e-08
 Reference value :  1.49375e-08
 Reference value :  1.49575e-08
 Reference value :  1.49775e-08
 Reference value :  1.49975e-08
 Reference value :  1.50175e-08
 Reference value :  1.50375e-08
 Reference value :  1.50575e-08
 Reference value :  1.50825e-08
 Reference value :  1.51075e-08
 Reference value :  1.51325e-08
 Reference value :  1.51625e-08
 Reference value :  1.51925e-08
 Reference value :  1.52125e-08
 Reference value :  1.52325e-08
 Reference value :  1.52475e-08
 Reference value :  1.52675e-08
 Reference value :  1.52925e-08
 Reference value :  1.53125e-08
 Reference value :  1.53375e-08
 Reference value :  1.53625e-08
 Reference value :  1.53825e-08
 Reference value :  1.54025e-08
 Reference value :  1.54275e-08
 Reference value :  1.54475e-08
 Reference value :  1.54675e-08
 Reference value :  1.54875e-08
 Reference value :  1.55025e-08
 Reference value :  1.55225e-08
 Reference value :  1.55475e-08
 Reference value :  1.55725e-08
 Reference value :  1.55925e-08
 Reference value :  1.56125e-08
 Reference value :  1.56325e-08
 Reference value :  1.56525e-08
 Reference value :  1.56725e-08
 Reference value :  1.56925e-08
 Reference value :  1.57225e-08
 Reference value :  1.57475e-08
 Reference value :  1.57775e-08
 Reference value :  1.58025e-08
 Reference value :  1.58275e-08
 Reference value :  1.58525e-08
 Reference value :  1.58725e-08
 Reference value :  1.59075e-08
 Reference value :  1.59275e-08
 Reference value :  1.59525e-08
 Reference value :  1.59725e-08
 Reference value :  1.59975e-08
 Reference value :  1.60175e-08
 Reference value :  1.60325e-08
 Reference value :  1.60575e-08
 Reference value :  1.60775e-08
 Reference value :  1.60975e-08
 Reference value :  1.61175e-08
 Reference value :  1.61425e-08
 Reference value :  1.61625e-08
 Reference value :  1.61825e-08
 Reference value :  1.62025e-08
 Reference value :  1.62225e-08
 Reference value :  1.62525e-08
 Reference value :  1.62775e-08
 Reference value :  1.63025e-08
 Reference value :  1.63225e-08
 Reference value :  1.63425e-08
 Reference value :  1.63675e-08
 Reference value :  1.63875e-08
 Reference value :  1.64025e-08
 Reference value :  1.64275e-08
 Reference value :  1.64525e-08
 Reference value :  1.64725e-08
 Reference value :  1.64875e-08
 Reference value :  1.65125e-08
 Reference value :  1.65375e-08
 Reference value :  1.65575e-08
 Reference value :  1.65775e-08
 Reference value :  1.65975e-08
 Reference value :  1.66175e-08
 Reference value :  1.66375e-08
 Reference value :  1.66575e-08
 Reference value :  1.66825e-08
 Reference value :  1.67025e-08
 Reference value :  1.67225e-08
 Reference value :  1.67425e-08
 Reference value :  1.67625e-08
 Reference value :  1.67775e-08
 Reference value :  1.67975e-08
 Reference value :  1.68125e-08
 Reference value :  1.68375e-08
 Reference value :  1.68625e-08
 Reference value :  1.68875e-08
 Reference value :  1.69075e-08
 Reference value :  1.69225e-08
 Reference value :  1.69425e-08
 Reference value :  1.69625e-08
 Reference value :  1.69825e-08
 Reference value :  1.70025e-08
 Reference value :  1.70325e-08
 Reference value :  1.70525e-08
 Reference value :  1.70775e-08
 Reference value :  1.71025e-08
 Reference value :  1.71275e-08
 Reference value :  1.71525e-08
 Reference value :  1.71775e-08
 Reference value :  1.72075e-08
 Reference value :  1.72275e-08
 Reference value :  1.72525e-08
 Reference value :  1.72775e-08
 Reference value :  1.73025e-08
 Reference value :  1.73225e-08
 Reference value :  1.73425e-08
 Reference value :  1.73625e-08
 Reference value :  1.73775e-08
 Reference value :  1.73975e-08
 Reference value :  1.74175e-08
 Reference value :  1.74325e-08
 Reference value :  1.74475e-08
 Reference value :  1.74625e-08
 Reference value :  1.74825e-08
 Reference value :  1.75025e-08
 Reference value :  1.75225e-08
 Reference value :  1.75375e-08
 Reference value :  1.75625e-08
 Reference value :  1.75825e-08
 Reference value :  1.76025e-08
 Reference value :  1.76275e-08
 Reference value :  1.76525e-08
 Reference value :  1.76675e-08
 Reference value :  1.76825e-08
 Reference value :  1.77025e-08
 Reference value :  1.77175e-08
 Reference value :  1.77375e-08
 Reference value :  1.77525e-08
 Reference value :  1.77825e-08
 Reference value :  1.78175e-08
 Reference value :  1.78425e-08
 Reference value :  1.78675e-08
 Reference value :  1.78925e-08
 Reference value :  1.79125e-08
 Reference value :  1.79375e-08
 Reference value :  1.79675e-08
 Reference value :  1.79875e-08
 Reference value :  1.80075e-08
 Reference value :  1.80275e-08
 Reference value :  1.80475e-08
 Reference value :  1.80625e-08
 Reference value :  1.80825e-08
 Reference value :  1.81025e-08
 Reference value :  1.81225e-08
 Reference value :  1.81425e-08
 Reference value :  1.81675e-08
 Reference value :  1.81925e-08
 Reference value :  1.82125e-08
 Reference value :  1.82325e-08
 Reference value :  1.82475e-08
 Reference value :  1.82825e-08
 Reference value :  1.83125e-08
 Reference value :  1.83375e-08
 Reference value :  1.83575e-08
 Reference value :  1.83775e-08
 Reference value :  1.84025e-08
 Reference value :  1.84225e-08
 Reference value :  1.84475e-08
 Reference value :  1.84675e-08
 Reference value :  1.84925e-08
 Reference value :  1.85225e-08
 Reference value :  1.85475e-08
 Reference value :  1.85775e-08
 Reference value :  1.86025e-08
 Reference value :  1.86225e-08
 Reference value :  1.86425e-08
 Reference value :  1.86625e-08
 Reference value :  1.86825e-08
 Reference value :  1.87025e-08
 Reference value :  1.87325e-08
 Reference value :  1.87475e-08
 Reference value :  1.87675e-08
 Reference value :  1.87875e-08
 Reference value :  1.88075e-08
 Reference value :  1.88325e-08
 Reference value :  1.88575e-08
 Reference value :  1.88725e-08
 Reference value :  1.88925e-08
 Reference value :  1.89075e-08
 Reference value :  1.89225e-08
 Reference value :  1.89375e-08
 Reference value :  1.89525e-08
 Reference value :  1.89775e-08
 Reference value :  1.89975e-08
 Reference value :  1.90225e-08
 Reference value :  1.90425e-08
 Reference value :  1.90725e-08
 Reference value :  1.90975e-08
 Reference value :  1.91225e-08
 Reference value :  1.91425e-08
 Reference value :  1.91625e-08
 Reference value :  1.91825e-08
 Reference value :  1.92025e-08
 Reference value :  1.92275e-08
 Reference value :  1.92575e-08
 Reference value :  1.92775e-08
 Reference value :  1.93025e-08
 Reference value :  1.93275e-08
 Reference value :  1.93525e-08
 Reference value :  1.93725e-08
 Reference value :  1.93925e-08
 Reference value :  1.94225e-08
 Reference value :  1.94525e-08
 Reference value :  1.94775e-08
 Reference value :  1.94925e-08
 Reference value :  1.95175e-08
 Reference value :  1.95375e-08
 Reference value :  1.95625e-08
 Reference value :  1.95875e-08
 Reference value :  1.96125e-08
 Reference value :  1.96375e-08
 Reference value :  1.96625e-08
 Reference value :  1.96775e-08
 Reference value :  1.96975e-08
 Reference value :  1.97175e-08
 Reference value :  1.97375e-08
 Reference value :  1.97525e-08
 Reference value :  1.97725e-08
 Reference value :  1.97975e-08
 Reference value :  1.98225e-08
 Reference value :  1.98475e-08
 Reference value :  1.98725e-08
 Reference value :  1.98975e-08
 Reference value :  1.99225e-08
 Reference value :  1.99425e-08
 Reference value :  1.99625e-08
 Reference value :  1.99825e-08
 Reference value :  2.00075e-08
 Reference value :  2.00225e-08
 Reference value :  2.00375e-08
 Reference value :  2.00575e-08
 Reference value :  2.00775e-08
 Reference value :  2.00975e-08
 Reference value :  2.01125e-08
 Reference value :  2.01325e-08
 Reference value :  2.01475e-08
 Reference value :  2.01675e-08
 Reference value :  2.01875e-08
 Reference value :  2.02175e-08
 Reference value :  2.02425e-08
 Reference value :  2.02625e-08
 Reference value :  2.02825e-08
 Reference value :  2.03075e-08
 Reference value :  2.03275e-08
 Reference value :  2.03525e-08
 Reference value :  2.03725e-08
 Reference value :  2.03925e-08
 Reference value :  2.04175e-08
 Reference value :  2.04375e-08
 Reference value :  2.04575e-08
 Reference value :  2.04775e-08
 Reference value :  2.04975e-08
 Reference value :  2.05225e-08
 Reference value :  2.05425e-08
 Reference value :  2.05625e-08
 Reference value :  2.05875e-08
 Reference value :  2.06125e-08
 Reference value :  2.06425e-08
 Reference value :  2.06675e-08
 Reference value :  2.06875e-08
 Reference value :  2.07125e-08
 Reference value :  2.07375e-08
 Reference value :  2.07575e-08
 Reference value :  2.07825e-08
 Reference value :  2.08075e-08
 Reference value :  2.08275e-08
 Reference value :  2.08475e-08
 Reference value :  2.08775e-08
 Reference value :  2.09025e-08
 Reference value :  2.09275e-08
 Reference value :  2.09625e-08
 Reference value :  2.09925e-08
 Reference value :  2.10225e-08
 Reference value :  2.10575e-08
 Reference value :  2.10825e-08
 Reference value :  2.11025e-08
 Reference value :  2.11275e-08
 Reference value :  2.11475e-08
 Reference value :  2.11675e-08
 Reference value :  2.11875e-08
 Reference value :  2.12125e-08
 Reference value :  2.12375e-08
 Reference value :  2.12575e-08
 Reference value :  2.12775e-08
 Reference value :  2.12975e-08
 Reference value :  2.13175e-08
 Reference value :  2.13325e-08
 Reference value :  2.13575e-08
 Reference value :  2.13775e-08
 Reference value :  2.14025e-08
 Reference value :  2.14275e-08
 Reference value :  2.14475e-08
 Reference value :  2.14775e-08
 Reference value :  2.15025e-08
 Reference value :  2.15275e-08
 Reference value :  2.15525e-08
 Reference value :  2.15775e-08
 Reference value :  2.16025e-08
 Reference value :  2.16275e-08
 Reference value :  2.16525e-08
 Reference value :  2.16725e-08
 Reference value :  2.16975e-08
 Reference value :  2.17225e-08
 Reference value :  2.17475e-08
 Reference value :  2.17725e-08
 Reference value :  2.17975e-08
 Reference value :  2.18175e-08
 Reference value :  2.18425e-08
 Reference value :  2.18725e-08
 Reference value :  2.18975e-08
 Reference value :  2.19225e-08
 Reference value :  2.19475e-08
 Reference value :  2.19625e-08
 Reference value :  2.19825e-08
 Reference value :  2.20025e-08
 Reference value :  2.20225e-08
 Reference value :  2.20425e-08
 Reference value :  2.20625e-08
 Reference value :  2.20825e-08
 Reference value :  2.20975e-08
 Reference value :  2.21175e-08
 Reference value :  2.21375e-08
 Reference value :  2.21625e-08
 Reference value :  2.21925e-08
 Reference value :  2.22075e-08
 Reference value :  2.22275e-08
 Reference value :  2.22475e-08
 Reference value :  2.22675e-08
 Reference value :  2.22875e-08
 Reference value :  2.23175e-08
 Reference value :  2.23475e-08
 Reference value :  2.23725e-08
 Reference value :  2.24025e-08
 Reference value :  2.24275e-08
 Reference value :  2.24425e-08
 Reference value :  2.24575e-08
 Reference value :  2.24725e-08
 Reference value :  2.24925e-08
 Reference value :  2.25125e-08
 Reference value :  2.25275e-08
 Reference value :  2.25425e-08
 Reference value :  2.25625e-08
 Reference value :  2.25875e-08
 Reference value :  2.26075e-08
 Reference value :  2.26275e-08
 Reference value :  2.26525e-08
 Reference value :  2.26775e-08
 Reference value :  2.27025e-08
 Reference value :  2.27225e-08
 Reference value :  2.27475e-08
 Reference value :  2.27675e-08
 Reference value :  2.27825e-08
 Reference value :  2.27975e-08
 Reference value :  2.28175e-08
 Reference value :  2.28375e-08
 Reference value :  2.28575e-08
 Reference value :  2.28825e-08
 Reference value :  2.28975e-08
 Reference value :  2.29175e-08
 Reference value :  2.29375e-08
 Reference value :  2.29575e-08
 Reference value :  2.29775e-08
 Reference value :  2.29975e-08
 Reference value :  2.30175e-08
 Reference value :  2.30425e-08
 Reference value :  2.30625e-08
 Reference value :  2.30825e-08
 Reference value :  2.30975e-08
 Reference value :  2.31175e-08
 Reference value :  2.31375e-08
 Reference value :  2.31575e-08
 Reference value :  2.31825e-08
 Reference value :  2.32075e-08
 Reference value :  2.32325e-08
 Reference value :  2.32525e-08
 Reference value :  2.32725e-08
 Reference value :  2.32925e-08
 Reference value :  2.33125e-08
 Reference value :  2.33325e-08
 Reference value :  2.33525e-08
 Reference value :  2.33725e-08
 Reference value :  2.33875e-08
 Reference value :  2.34075e-08
 Reference value :  2.34325e-08
 Reference value :  2.34525e-08
 Reference value :  2.34725e-08
 Reference value :  2.34925e-08
 Reference value :  2.35125e-08
 Reference value :  2.35325e-08
 Reference value :  2.35525e-08
 Reference value :  2.35775e-08
 Reference value :  2.36025e-08
 Reference value :  2.36225e-08
 Reference value :  2.36375e-08
 Reference value :  2.36625e-08
 Reference value :  2.36875e-08
 Reference value :  2.37075e-08
 Reference value :  2.37225e-08
 Reference value :  2.37375e-08
 Reference value :  2.37575e-08
 Reference value :  2.37775e-08
 Reference value :  2.37975e-08
 Reference value :  2.38225e-08
 Reference value :  2.38425e-08
 Reference value :  2.38575e-08
 Reference value :  2.38775e-08
 Reference value :  2.39025e-08
 Reference value :  2.39225e-08
 Reference value :  2.39475e-08
 Reference value :  2.39725e-08
 Reference value :  2.39975e-08
 Reference value :  2.40175e-08
 Reference value :  2.40375e-08
 Reference value :  2.40575e-08
 Reference value :  2.40775e-08
 Reference value :  2.40925e-08
 Reference value :  2.41125e-08
 Reference value :  2.41375e-08
 Reference value :  2.41575e-08
 Reference value :  2.41775e-08
 Reference value :  2.42025e-08
 Reference value :  2.42275e-08
 Reference value :  2.42475e-08
 Reference value :  2.42675e-08
 Reference value :  2.42925e-08
 Reference value :  2.43125e-08
 Reference value :  2.43325e-08
 Reference value :  2.43525e-08
 Reference value :  2.43725e-08
 Reference value :  2.43925e-08
 Reference value :  2.44125e-08
 Reference value :  2.44325e-08
 Reference value :  2.44525e-08
 Reference value :  2.44725e-08
 Reference value :  2.44925e-08
 Reference value :  2.45125e-08
 Reference value :  2.45375e-08
 Reference value :  2.45575e-08
 Reference value :  2.45775e-08
 Reference value :  2.45975e-08
 Reference value :  2.46175e-08
 Reference value :  2.46375e-08
 Reference value :  2.46575e-08
 Reference value :  2.46775e-08
 Reference value :  2.46975e-08
 Reference value :  2.47175e-08
 Reference value :  2.47375e-08
 Reference value :  2.47575e-08
 Reference value :  2.47825e-08
 Reference value :  2.48025e-08
 Reference value :  2.48225e-08
 Reference value :  2.48425e-08
 Reference value :  2.48675e-08
 Reference value :  2.48825e-08
 Reference value :  2.49025e-08
 Reference value :  2.49225e-08
 Reference value :  2.49425e-08
 Reference value :  2.49625e-08
 Reference value :  2.49825e-08
 Reference value :  2.50025e-08
 Reference value :  2.50225e-08
 Reference value :  2.50425e-08
 Reference value :  2.50625e-08
 Reference value :  2.50875e-08
 Reference value :  2.51125e-08
 Reference value :  2.51325e-08
 Reference value :  2.51575e-08
 Reference value :  2.51775e-08
 Reference value :  2.51975e-08
 Reference value :  2.52175e-08
 Reference value :  2.52375e-08
 Reference value :  2.52525e-08
 Reference value :  2.52725e-08
 Reference value :  2.52925e-08
 Reference value :  2.53175e-08
 Reference value :  2.53325e-08
 Reference value :  2.53525e-08
 Reference value :  2.53775e-08
 Reference value :  2.53925e-08
 Reference value :  2.54175e-08
 Reference value :  2.54375e-08
 Reference value :  2.54575e-08
 Reference value :  2.54775e-08
 Reference value :  2.54925e-08
 Reference value :  2.55125e-08
 Reference value :  2.55325e-08
 Reference value :  2.55525e-08
 Reference value :  2.55725e-08
 Reference value :  2.55925e-08
 Reference value :  2.56125e-08
 Reference value :  2.56275e-08
 Reference value :  2.56525e-08
 Reference value :  2.56725e-08
 Reference value :  2.56925e-08
 Reference value :  2.57225e-08
 Reference value :  2.57425e-08
 Reference value :  2.57675e-08
 Reference value :  2.57925e-08
 Reference value :  2.58125e-08
 Reference value :  2.58325e-08
 Reference value :  2.58525e-08
 Reference value :  2.58725e-08
 Reference value :  2.58875e-08
 Reference value :  2.59075e-08
 Reference value :  2.59275e-08
 Reference value :  2.59475e-08
 Reference value :  2.59675e-08
 Reference value :  2.59825e-08
 Reference value :  2.60025e-08
 Reference value :  2.60225e-08
 Reference value :  2.60425e-08
 Reference value :  2.60625e-08
 Reference value :  2.60825e-08
 Reference value :  2.61025e-08
 Reference value :  2.61225e-08
 Reference value :  2.61425e-08
 Reference value :  2.61675e-08
 Reference value :  2.61925e-08
 Reference value :  2.62125e-08
 Reference value :  2.62325e-08
 Reference value :  2.62475e-08
 Reference value :  2.62675e-08
 Reference value :  2.62875e-08
 Reference value :  2.63075e-08
 Reference value :  2.63275e-08
 Reference value :  2.63475e-08
 Reference value :  2.63675e-08
 Reference value :  2.63825e-08
 Reference value :  2.64075e-08
 Reference value :  2.64275e-08
 Reference value :  2.64475e-08
 Reference value :  2.64725e-08
 Reference value :  2.64925e-08
 Reference value :  2.65125e-08
 Reference value :  2.65375e-08
 Reference value :  2.65525e-08
 Reference value :  2.65675e-08
 Reference value :  2.65875e-08
 Reference value :  2.66025e-08
 Reference value :  2.66225e-08
 Reference value :  2.66425e-08
 Reference value :  2.66625e-08
 Reference value :  2.66825e-08
 Reference value :  2.67025e-08
 Reference value :  2.67275e-08
 Reference value :  2.67525e-08
 Reference value :  2.67725e-08
 Reference value :  2.67925e-08
 Reference value :  2.68125e-08
 Reference value :  2.68275e-08
 Reference value :  2.68475e-08
 Reference value :  2.68675e-08
 Reference value :  2.68875e-08
 Reference value :  2.69075e-08
 Reference value :  2.69275e-08
 Reference value :  2.69475e-08
 Reference value :  2.69725e-08
 Reference value :  2.69975e-08
 Reference value :  2.70175e-08
 Reference value :  2.70375e-08
 Reference value :  2.70575e-08
 Reference value :  2.70825e-08
 Reference value :  2.70975e-08
 Reference value :  2.71125e-08
 Reference value :  2.71325e-08
 Reference value :  2.71525e-08
 Reference value :  2.71725e-08
 Reference value :  2.71925e-08
 Reference value :  2.72175e-08
 Reference value :  2.72425e-08
 Reference value :  2.72625e-08
 Reference value :  2.72875e-08
 Reference value :  2.73075e-08
 Reference value :  2.73275e-08
 Reference value :  2.73525e-08
 Reference value :  2.73725e-08
 Reference value :  2.73925e-08
 Reference value :  2.74125e-08
 Reference value :  2.74325e-08
 Reference value :  2.74525e-08
 Reference value :  2.74775e-08
 Reference value :  2.74975e-08
 Reference value :  2.75225e-08
 Reference value :  2.75425e-08
 Reference value :  2.75625e-08
 Reference value :  2.75825e-08
 Reference value :  2.76025e-08
 Reference value :  2.76225e-08
 Reference value :  2.76475e-08
 Reference value :  2.76675e-08
 Reference value :  2.76875e-08
 Reference value :  2.77075e-08
 Reference value :  2.77325e-08
 Reference value :  2.77525e-08
 Reference value :  2.77725e-08
 Reference value :  2.77925e-08
 Reference value :  2.78125e-08
 Reference value :  2.78375e-08
 Reference value :  2.78575e-08
 Reference value :  2.78825e-08
 Reference value :  2.79075e-08
 Reference value :  2.79325e-08
 Reference value :  2.79525e-08
 Reference value :  2.79725e-08
 Reference value :  2.79975e-08
 Reference value :  2.80175e-08
 Reference value :  2.80375e-08
 Reference value :  2.80575e-08
 Reference value :  2.80775e-08
 Reference value :  2.80975e-08
 Reference value :  2.81175e-08
 Reference value :  2.81325e-08
 Reference value :  2.81525e-08
 Reference value :  2.81725e-08
 Reference value :  2.81925e-08
 Reference value :  2.82075e-08
 Reference value :  2.82275e-08
 Reference value :  2.82475e-08
 Reference value :  2.82675e-08
 Reference value :  2.82875e-08
 Reference value :  2.83075e-08
 Reference value :  2.83325e-08
 Reference value :  2.83525e-08
 Reference value :  2.83725e-08
 Reference value :  2.83925e-08
 Reference value :  2.84075e-08
 Reference value :  2.84225e-08
 Reference value :  2.84375e-08
 Reference value :  2.84575e-08
 Reference value :  2.84775e-08
 Reference value :  2.84975e-08
 Reference value :  2.85125e-08
 Reference value :  2.85325e-08
 Reference value :  2.85525e-08
 Reference value :  2.85725e-08
 Reference value :  2.85875e-08
 Reference value :  2.86075e-08
 Reference value :  2.86275e-08
 Reference value :  2.86475e-08
 Reference value :  2.86675e-08
 Reference value :  2.86875e-08
 Reference value :  2.87125e-08
 Reference value :  2.87425e-08
 Reference value :  2.87675e-08
 Reference value :  2.87875e-08
 Reference value :  2.88075e-08
 Reference value :  2.88275e-08
 Reference value :  2.88475e-08
 Reference value :  2.88675e-08
 Reference value :  2.88875e-08
 Reference value :  2.89075e-08
 Reference value :  2.89275e-08
 Reference value :  2.89475e-08
 Reference value :  2.89675e-08
 Reference value :  2.89875e-08
 Reference value :  2.90075e-08
 Reference value :  2.90275e-08
 Reference value :  2.90475e-08
 Reference value :  2.90675e-08
 Reference value :  2.90875e-08
 Reference value :  2.91075e-08
 Reference value :  2.91275e-08
 Reference value :  2.91475e-08
 Reference value :  2.91675e-08
 Reference value :  2.91875e-08
 Reference value :  2.92125e-08
 Reference value :  2.92325e-08
 Reference value :  2.92525e-08
 Reference value :  2.92775e-08
 Reference value :  2.92975e-08
 Reference value :  2.93175e-08
 Reference value :  2.93425e-08
 Reference value :  2.93625e-08
 Reference value :  2.93875e-08
 Reference value :  2.94075e-08
 Reference value :  2.94275e-08
 Reference value :  2.94475e-08
 Reference value :  2.94675e-08
 Reference value :  2.94875e-08
 Reference value :  2.95025e-08
 Reference value :  2.95225e-08
 Reference value :  2.95425e-08
 Reference value :  2.95625e-08
 Reference value :  2.95825e-08
 Reference value :  2.96125e-08
 Reference value :  2.96275e-08
 Reference value :  2.96475e-08
 Reference value :  2.96725e-08
 Reference value :  2.96925e-08
 Reference value :  2.97125e-08
 Reference value :  2.97275e-08
 Reference value :  2.97475e-08
 Reference value :  2.97675e-08
 Reference value :  2.97875e-08
 Reference value :  2.98175e-08
 Reference value :  2.98375e-08
 Reference value :  2.98575e-08
 Reference value :  2.98775e-08
 Reference value :  2.98975e-08
 Reference value :  2.99175e-08
 Reference value :  2.99375e-08
 Reference value :  2.99575e-08
 Reference value :  2.99775e-08
 Reference value :  2.99975e-08
 Reference value :  3.00175e-08
 Reference value :  3.00375e-08
 Reference value :  3.00575e-08
 Reference value :  3.00775e-08
 Reference value :  3.00975e-08
 Reference value :  3.01175e-08
 Reference value :  3.01375e-08
 Reference value :  3.01575e-08
 Reference value :  3.01775e-08
 Reference value :  3.01975e-08
 Reference value :  3.02175e-08
 Reference value :  3.02375e-08
 Reference value :  3.02575e-08
 Reference value :  3.02775e-08
 Reference value :  3.02975e-08
 Reference value :  3.03125e-08
 Reference value :  3.03325e-08
 Reference value :  3.03525e-08
 Reference value :  3.03725e-08
 Reference value :  3.03925e-08
 Reference value :  3.04175e-08
 Reference value :  3.04375e-08
 Reference value :  3.04575e-08
 Reference value :  3.04775e-08
 Reference value :  3.04975e-08
 Reference value :  3.05175e-08
 Reference value :  3.05375e-08
 Reference value :  3.05625e-08
 Reference value :  3.05825e-08
 Reference value :  3.06025e-08
 Reference value :  3.06225e-08
 Reference value :  3.06425e-08
 Reference value :  3.06625e-08
 Reference value :  3.06875e-08
 Reference value :  3.07125e-08
 Reference value :  3.07275e-08
 Reference value :  3.07525e-08
 Reference value :  3.07775e-08
 Reference value :  3.07975e-08
 Reference value :  3.08175e-08
 Reference value :  3.08375e-08
 Reference value :  3.08575e-08
 Reference value :  3.08775e-08
 Reference value :  3.09025e-08
 Reference value :  3.09225e-08
 Reference value :  3.09425e-08
 Reference value :  3.09625e-08
 Reference value :  3.09825e-08
 Reference value :  3.10025e-08
 Reference value :  3.10225e-08
 Reference value :  3.10425e-08
 Reference value :  3.10625e-08
 Reference value :  3.10825e-08
 Reference value :  3.11025e-08
 Reference value :  3.11225e-08
 Reference value :  3.11425e-08
 Reference value :  3.11625e-08
 Reference value :  3.11825e-08
 Reference value :  3.12025e-08
 Reference value :  3.12225e-08
 Reference value :  3.12425e-08
 Reference value :  3.12625e-08
 Reference value :  3.12825e-08
 Reference value :  3.13025e-08
 Reference value :  3.13225e-08
 Reference value :  3.13425e-08
 Reference value :  3.13625e-08
 Reference value :  3.13825e-08
 Reference value :  3.14025e-08
 Reference value :  3.14225e-08
 Reference value :  3.14425e-08
 Reference value :  3.14625e-08
 Reference value :  3.14825e-08
 Reference value :  3.15075e-08
 Reference value :  3.15225e-08
 Reference value :  3.15425e-08
 Reference value :  3.15625e-08
 Reference value :  3.15825e-08
 Reference value :  3.16025e-08
 Reference value :  3.16225e-08
 Reference value :  3.16425e-08
 Reference value :  3.16625e-08
 Reference value :  3.16825e-08
 Reference value :  3.17025e-08
 Reference value :  3.17225e-08
 Reference value :  3.17425e-08
 Reference value :  3.17625e-08
 Reference value :  3.17825e-08
 Reference value :  3.18025e-08
 Reference value :  3.18225e-08
 Reference value :  3.18425e-08
 Reference value :  3.18625e-08
 Reference value :  3.18825e-08
 Reference value :  3.19025e-08
 Reference value :  3.19175e-08
 Reference value :  3.19375e-08
 Reference value :  3.19575e-08
 Reference value :  3.19775e-08
 Reference value :  3.19975e-08
 Reference value :  3.20175e-08
 Reference value :  3.20325e-08
 Reference value :  3.20575e-08
 Reference value :  3.20775e-08
 Reference value :  3.20975e-08
 Reference value :  3.21225e-08
 Reference value :  3.21425e-08
 Reference value :  3.21625e-08
 Reference value :  3.21875e-08
 Reference value :  3.22075e-08
 Reference value :  3.22275e-08
 Reference value :  3.22475e-08
 Reference value :  3.22675e-08
 Reference value :  3.22925e-08
 Reference value :  3.23125e-08
 Reference value :  3.23325e-08
 Reference value :  3.23525e-08
 Reference value :  3.23725e-08
 Reference value :  3.23975e-08
 Reference value :  3.24175e-08
 Reference value :  3.24375e-08
 Reference value :  3.24575e-08
 Reference value :  3.24775e-08
 Reference value :  3.24975e-08
 Reference value :  3.25175e-08
 Reference value :  3.25375e-08
 Reference value :  3.25575e-08
 Reference value :  3.25775e-08
 Reference value :  3.25975e-08
 Reference value :  3.26225e-08
 Reference value :  3.26475e-08
 Reference value :  3.26625e-08
 Reference value :  3.26825e-08
 Reference value :  3.27025e-08
 Reference value :  3.27275e-08
 Reference value :  3.27475e-08
 Reference value :  3.27675e-08
 Reference value :  3.27925e-08
 Reference value :  3.28175e-08
 Reference value :  3.28375e-08
 Reference value :  3.28575e-08
 Reference value :  3.28775e-08
 Reference value :  3.28975e-08
 Reference value :  3.29175e-08
 Reference value :  3.29425e-08
 Reference value :  3.29625e-08
 Reference value :  3.29825e-08
 Reference value :  3.30025e-08
 Reference value :  3.30225e-08
 Reference value :  3.30475e-08
 Reference value :  3.30725e-08
 Reference value :  3.30975e-08
 Reference value :  3.31175e-08
 Reference value :  3.31375e-08
 Reference value :  3.31575e-08
 Reference value :  3.31775e-08
 Reference value :  3.31975e-08
 Reference value :  3.32175e-08
 Reference value :  3.32375e-08
 Reference value :  3.32575e-08
 Reference value :  3.32775e-08
 Reference value :  3.32975e-08
 Reference value :  3.33175e-08
 Reference value :  3.33425e-08
 Reference value :  3.33625e-08
 Reference value :  3.33825e-08
 Reference value :  3.34025e-08
 Reference value :  3.34225e-08
 Reference value :  3.34425e-08
 Reference value :  3.34575e-08
 Reference value :  3.34825e-08
 Reference value :  3.34975e-08
 Reference value :  3.35175e-08
 Reference value :  3.35375e-08
 Reference value :  3.35575e-08
 Reference value :  3.35725e-08
 Reference value :  3.35925e-08
 Reference value :  3.36125e-08
 Reference value :  3.36325e-08
 Reference value :  3.36575e-08
 Reference value :  3.36725e-08
 Reference value :  3.36875e-08
 Reference value :  3.37075e-08
 Reference value :  3.37275e-08
 Reference value :  3.37425e-08
 Reference value :  3.37675e-08
 Reference value :  3.37875e-08
 Reference value :  3.38075e-08
 Reference value :  3.38275e-08
 Reference value :  3.38475e-08
 Reference value :  3.38675e-08
 Reference value :  3.38875e-08
 Reference value :  3.39075e-08
 Reference value :  3.39275e-08
 Reference value :  3.39475e-08
 Reference value :  3.39625e-08
 Reference value :  3.39825e-08
 Reference value :  3.40025e-08
 Reference value :  3.40275e-08
 Reference value :  3.40525e-08
 Reference value :  3.40725e-08
 Reference value :  3.40925e-08
 Reference value :  3.41175e-08
 Reference value :  3.41425e-08
 Reference value :  3.41675e-08
 Reference value :  3.41925e-08
 Reference value :  3.42125e-08
 Reference value :  3.42375e-08
 Reference value :  3.42575e-08
 Reference value :  3.42775e-08
 Reference value :  3.43025e-08
 Reference value :  3.43225e-08
 Reference value :  3.43425e-08
 Reference value :  3.43625e-08
 Reference value :  3.43875e-08
 Reference value :  3.44125e-08
 Reference value :  3.44325e-08
 Reference value :  3.44575e-08
 Reference value :  3.44775e-08
 Reference value :  3.44925e-08
 Reference value :  3.45125e-08
 Reference value :  3.45325e-08
 Reference value :  3.45525e-08
 Reference value :  3.45775e-08
 Reference value :  3.46025e-08
 Reference value :  3.46225e-08
 Reference value :  3.46425e-08
 Reference value :  3.46625e-08
 Reference value :  3.46825e-08
 Reference value :  3.47025e-08
 Reference value :  3.47275e-08
 Reference value :  3.47475e-08
 Reference value :  3.47675e-08
 Reference value :  3.47875e-08
 Reference value :  3.48075e-08
 Reference value :  3.48275e-08
 Reference value :  3.48475e-08
 Reference value :  3.48725e-08
 Reference value :  3.48875e-08
 Reference value :  3.49075e-08
 Reference value :  3.49275e-08
 Reference value :  3.49425e-08
 Reference value :  3.49625e-08
 Reference value :  3.49825e-08
 Reference value :  3.50025e-08
 Reference value :  3.50225e-08
 Reference value :  3.50475e-08
 Reference value :  3.50675e-08
 Reference value :  3.50875e-08
 Reference value :  3.51075e-08
 Reference value :  3.51275e-08
 Reference value :  3.51475e-08
 Reference value :  3.51725e-08
 Reference value :  3.51875e-08
 Reference value :  3.52075e-08
 Reference value :  3.52225e-08
 Reference value :  3.52425e-08
 Reference value :  3.52625e-08
 Reference value :  3.52875e-08
 Reference value :  3.53125e-08
 Reference value :  3.53325e-08
 Reference value :  3.53575e-08
 Reference value :  3.53775e-08
 Reference value :  3.54025e-08
 Reference value :  3.54225e-08
 Reference value :  3.54475e-08
 Reference value :  3.54725e-08
 Reference value :  3.54925e-08
 Reference value :  3.55125e-08
 Reference value :  3.55325e-08
 Reference value :  3.55625e-08
 Reference value :  3.55775e-08
 Reference value :  3.55925e-08
 Reference value :  3.56125e-08
 Reference value :  3.56375e-08
 Reference value :  3.56575e-08
 Reference value :  3.56775e-08
 Reference value :  3.56925e-08
 Reference value :  3.57175e-08
 Reference value :  3.57375e-08
 Reference value :  3.57575e-08
 Reference value :  3.57825e-08
 Reference value :  3.58025e-08
 Reference value :  3.58175e-08
 Reference value :  3.58325e-08
 Reference value :  3.58475e-08
 Reference value :  3.58675e-08
 Reference value :  3.58925e-08
 Reference value :  3.59125e-08
 Reference value :  3.59375e-08
 Reference value :  3.59575e-08
 Reference value :  3.59875e-08
 Reference value :  3.60075e-08
 Reference value :  3.60225e-08
 Reference value :  3.60425e-08
 Reference value :  3.60675e-08
 Reference value :  3.60875e-08
 Reference value :  3.61175e-08
 Reference value :  3.61375e-08
 Reference value :  3.61575e-08
 Reference value :  3.61825e-08
 Reference value :  3.62025e-08
 Reference value :  3.62225e-08
 Reference value :  3.62425e-08
 Reference value :  3.62625e-08
 Reference value :  3.62875e-08
 Reference value :  3.63075e-08
 Reference value :  3.63325e-08
 Reference value :  3.63525e-08
 Reference value :  3.63725e-08
 Reference value :  3.63925e-08
 Reference value :  3.64125e-08
 Reference value :  3.64375e-08
 Reference value :  3.64575e-08
 Reference value :  3.64775e-08
 Reference value :  3.64975e-08
 Reference value :  3.65175e-08
 Reference value :  3.65375e-08
 Reference value :  3.65575e-08
 Reference value :  3.65775e-08
 Reference value :  3.65975e-08
 Reference value :  3.66175e-08
 Reference value :  3.66425e-08
 Reference value :  3.66675e-08
 Reference value :  3.66975e-08
 Reference value :  3.67175e-08
 Reference value :  3.67375e-08
 Reference value :  3.67625e-08
 Reference value :  3.67825e-08
 Reference value :  3.68075e-08
 Reference value :  3.68325e-08
 Reference value :  3.68525e-08
 Reference value :  3.68975e-08
 Reference value :  3.69175e-08
 Reference value :  3.69425e-08
 Reference value :  3.69625e-08
 Reference value :  3.69875e-08
 Reference value :  3.70075e-08
 Reference value :  3.70325e-08
 Reference value :  3.70525e-08
 Reference value :  3.70725e-08
 Reference value :  3.71025e-08
 Reference value :  3.71275e-08
 Reference value :  3.71475e-08
 Reference value :  3.71725e-08
 Reference value :  3.71975e-08
 Reference value :  3.72175e-08
 Reference value :  3.72475e-08
 Reference value :  3.72725e-08
 Reference value :  3.72925e-08
 Reference value :  3.73125e-08
 Reference value :  3.73325e-08
 Reference value :  3.73525e-08
 Reference value :  3.73725e-08
 Reference value :  3.73925e-08
 Reference value :  3.74125e-08
 Reference value :  3.74325e-08
 Reference value :  3.74525e-08
 Reference value :  3.74725e-08
 Reference value :  3.74975e-08
 Reference value :  3.75125e-08
 Reference value :  3.75325e-08
 Reference value :  3.75575e-08
 Reference value :  3.75775e-08
 Reference value :  3.75975e-08
 Reference value :  3.76175e-08
 Reference value :  3.76375e-08
 Reference value :  3.76625e-08
 Reference value :  3.76825e-08
 Reference value :  3.77025e-08
 Reference value :  3.77225e-08
 Reference value :  3.77425e-08
 Reference value :  3.77675e-08
 Reference value :  3.77875e-08
 Reference value :  3.78075e-08
 Reference value :  3.78225e-08
 Reference value :  3.78425e-08
 Reference value :  3.78625e-08
 Reference value :  3.78825e-08
 Reference value :  3.79075e-08
 Reference value :  3.79325e-08
 Reference value :  3.79525e-08
 Reference value :  3.79775e-08
 Reference value :  3.80075e-08
 Reference value :  3.80275e-08
 Reference value :  3.80525e-08
 Reference value :  3.80725e-08
 Reference value :  3.80925e-08
 Reference value :  3.81125e-08
 Reference value :  3.81275e-08
 Reference value :  3.81425e-08
 Reference value :  3.81575e-08
 Reference value :  3.81775e-08
 Reference value :  3.82025e-08
 Reference value :  3.82225e-08
 Reference value :  3.82425e-08
 Reference value :  3.82625e-08
 Reference value :  3.82875e-08
 Reference value :  3.83075e-08
 Reference value :  3.83325e-08
 Reference value :  3.83525e-08
 Reference value :  3.83725e-08
 Reference value :  3.83875e-08
 Reference value :  3.84075e-08
 Reference value :  3.84325e-08
 Reference value :  3.84575e-08
 Reference value :  3.84775e-08
 Reference value :  3.84975e-08
 Reference value :  3.85225e-08
 Reference value :  3.85425e-08
 Reference value :  3.85575e-08
 Reference value :  3.85725e-08
 Reference value :  3.85925e-08
 Reference value :  3.86125e-08
 Reference value :  3.86375e-08
 Reference value :  3.86575e-08
 Reference value :  3.87125e-08
 Reference value :  3.87375e-08
 Reference value :  3.87575e-08
 Reference value :  3.87825e-08
 Reference value :  3.88025e-08
 Reference value :  3.88275e-08
 Reference value :  3.88475e-08
 Reference value :  3.88675e-08
 Reference value :  3.88875e-08
 Reference value :  3.89125e-08
 Reference value :  3.89375e-08
 Reference value :  3.89575e-08
 Reference value :  3.89825e-08
 Reference value :  3.90025e-08
 Reference value :  3.90225e-08
 Reference value :  3.90425e-08
 Reference value :  3.90625e-08
 Reference value :  3.90825e-08
 Reference value :  3.91075e-08
 Reference value :  3.91275e-08
 Reference value :  3.91475e-08
 Reference value :  3.91725e-08
 Reference value :  3.91975e-08
 Reference value :  3.92225e-08
 Reference value :  3.92425e-08
 Reference value :  3.92625e-08
 Reference value :  3.92875e-08
 Reference value :  3.93075e-08
 Reference value :  3.93325e-08
 Reference value :  3.93575e-08
 Reference value :  3.93825e-08
 Reference value :  3.94075e-08
 Reference value :  3.94325e-08
 Reference value :  3.94525e-08
 Reference value :  3.94725e-08
 Reference value :  3.94925e-08
 Reference value :  3.95125e-08
 Reference value :  3.95375e-08
 Reference value :  3.95625e-08
 Reference value :  3.95875e-08
 Reference value :  3.96125e-08
 Reference value :  3.96275e-08
 Reference value :  3.96475e-08
 Reference value :  3.96625e-08
 Reference value :  3.96825e-08
 Reference value :  3.96975e-08
 Reference value :  3.97175e-08
 Reference value :  3.97325e-08
 Reference value :  3.97525e-08
 Reference value :  3.97725e-08
 Reference value :  3.97925e-08
 Reference value :  3.98175e-08
 Reference value :  3.98375e-08
 Reference value :  3.98575e-08
 Reference value :  3.98825e-08
 Reference value :  3.99025e-08
 Reference value :  3.99275e-08
 Reference value :  3.99575e-08
 Reference value :  3.99825e-08
 Reference value :  4.00025e-08
 Reference value :  4.00275e-08
 Reference value :  4.00475e-08
 Reference value :  4.00725e-08
 Reference value :  4.00925e-08
 Reference value :  4.01125e-08
 Reference value :  4.01375e-08
 Reference value :  4.01575e-08
 Reference value :  4.01775e-08
 Reference value :  4.01975e-08
 Reference value :  4.02175e-08
 Reference value :  4.02375e-08
 Reference value :  4.02525e-08
 Reference value :  4.02725e-08
 Reference value :  4.02925e-08
 Reference value :  4.03125e-08
 Reference value :  4.03325e-08
 Reference value :  4.03525e-08
 Reference value :  4.03725e-08
 Reference value :  4.03925e-08
 Reference value :  4.04075e-08
 Reference value :  4.04275e-08
 Reference value :  4.04475e-08
 Reference value :  4.04725e-08
 Reference value :  4.04925e-08
 Reference value :  4.05125e-08
 Reference value :  4.05275e-08
 Reference value :  4.05475e-08
 Reference value :  4.05675e-08
 Reference value :  4.05875e-08
 Reference value :  4.06075e-08
 Reference value :  4.06275e-08
 Reference value :  4.06475e-08
 Reference value :  4.06775e-08
 Reference value :  4.07075e-08
 Reference value :  4.07325e-08
 Reference value :  4.07525e-08
 Reference value :  4.07675e-08
 Reference value :  4.07925e-08
 Reference value :  4.08125e-08
 Reference value :  4.08275e-08
 Reference value :  4.08425e-08
 Reference value :  4.08625e-08
 Reference value :  4.08775e-08
 Reference value :  4.08925e-08
 Reference value :  4.09125e-08
 Reference value :  4.09325e-08
 Reference value :  4.09575e-08
 Reference value :  4.09775e-08
 Reference value :  4.09975e-08
 Reference value :  4.10175e-08
 Reference value :  4.10375e-08
 Reference value :  4.10575e-08
 Reference value :  4.10775e-08
 Reference value :  4.10975e-08
 Reference value :  4.11225e-08
 Reference value :  4.11475e-08
 Reference value :  4.11675e-08
 Reference value :  4.11875e-08
 Reference value :  4.12075e-08
 Reference value :  4.12275e-08
 Reference value :  4.12425e-08
 Reference value :  4.12575e-08
 Reference value :  4.12875e-08
 Reference value :  4.13175e-08
 Reference value :  4.13375e-08
 Reference value :  4.13575e-08
 Reference value :  4.13875e-08
 Reference value :  4.14075e-08
 Reference value :  4.14325e-08
 Reference value :  4.14625e-08
 Reference value :  4.14825e-08
 Reference value :  4.15025e-08
 Reference value :  4.15275e-08
 Reference value :  4.15475e-08
 Reference value :  4.15675e-08
 Reference value :  4.15875e-08
 Reference value :  4.16025e-08
 Reference value :  4.16275e-08
 Reference value :  4.16625e-08
 Reference value :  4.16825e-08
 Reference value :  4.17025e-08
 Reference value :  4.17325e-08
 Reference value :  4.17575e-08
 Reference value :  4.17775e-08
 Reference value :  4.17975e-08
 Reference value :  4.18225e-08
 Reference value :  4.18425e-08
 Reference value :  4.18625e-08
 Reference value :  4.18825e-08
 Reference value :  4.19075e-08
 Reference value :  4.19225e-08
 Reference value :  4.19475e-08
 Reference value :  4.19725e-08
 Reference value :  4.19875e-08
 Reference value :  4.20175e-08
 Reference value :  4.20375e-08
 Reference value :  4.20575e-08
 Reference value :  4.20775e-08
 Reference value :  4.20975e-08
 Reference value :  4.21225e-08
 Reference value :  4.21475e-08
 Reference value :  4.21775e-08
 Reference value :  4.22025e-08
 Reference value :  4.22175e-08
 Reference value :  4.22475e-08
 Reference value :  4.22725e-08
 Reference value :  4.22925e-08
 Reference value :  4.23175e-08
 Reference value :  4.23375e-08
 Reference value :  4.23575e-08
 Reference value :  4.23775e-08
 Reference value :  4.24025e-08
 Reference value :  4.24175e-08
 Reference value :  4.24375e-08
 Reference value :  4.24625e-08
 Reference value :  4.24825e-08
 Reference value :  4.24975e-08
 Reference value :  4.25175e-08
 Reference value :  4.25375e-08
 Reference value :  4.25575e-08
 Reference value :  4.25775e-08
 Reference value :  4.26075e-08
 Reference value :  4.26225e-08
 Reference value :  4.26425e-08
 Reference value :  4.26575e-08
 Reference value :  4.26775e-08
 Reference value :  4.26975e-08
 Reference value :  4.27125e-08
 Reference value :  4.27325e-08
 Reference value :  4.27525e-08
 Reference value :  4.27775e-08
 Reference value :  4.27975e-08
 Reference value :  4.28175e-08
 Reference value :  4.28375e-08
 Reference value :  4.28525e-08
 Reference value :  4.28725e-08
 Reference value :  4.28925e-08
 Reference value :  4.29075e-08
 Reference value :  4.29275e-08
 Reference value :  4.29475e-08
 Reference value :  4.29625e-08
 Reference value :  4.29875e-08
 Reference value :  4.30025e-08
 Reference value :  4.30225e-08
 Reference value :  4.30375e-08
 Reference value :  4.30575e-08
 Reference value :  4.30775e-08
 Reference value :  4.30975e-08
 Reference value :  4.31175e-08
 Reference value :  4.31325e-08
 Reference value :  4.31575e-08
 Reference value :  4.31775e-08
 Reference value :  4.31975e-08
 Reference value :  4.32175e-08
 Reference value :  4.32375e-08
 Reference value :  4.32625e-08
 Reference value :  4.32825e-08
 Reference value :  4.32975e-08
 Reference value :  4.33175e-08
 Reference value :  4.33375e-08
 Reference value :  4.33625e-08
 Reference value :  4.33825e-08
 Reference value :  4.34025e-08
 Reference value :  4.34225e-08
 Reference value :  4.34425e-08
 Reference value :  4.34625e-08
 Reference value :  4.34775e-08
 Reference value :  4.34975e-08
 Reference value :  4.35175e-08
 Reference value :  4.35425e-08
 Reference value :  4.35625e-08
 Reference value :  4.35825e-08
 Reference value :  4.36025e-08
 Reference value :  4.36175e-08
 Reference value :  4.36425e-08
 Reference value :  4.36625e-08
 Reference value :  4.36825e-08
 Reference value :  4.37025e-08
 Reference value :  4.37225e-08
 Reference value :  4.37475e-08
 Reference value :  4.37725e-08
 Reference value :  4.37975e-08
 Reference value :  4.38175e-08
 Reference value :  4.38375e-08
 Reference value :  4.38575e-08
 Reference value :  4.38775e-08
 Reference value :  4.39025e-08
 Reference value :  4.39225e-08
 Reference value :  4.39425e-08
 Reference value :  4.39575e-08
 Reference value :  4.39825e-08
 Reference value :  4.40025e-08
 Reference value :  4.40325e-08
 Reference value :  4.40575e-08
 Reference value :  4.40775e-08
 Reference value :  4.40975e-08
 Reference value :  4.41175e-08
 Reference value :  4.41325e-08
 Reference value :  4.41525e-08
 Reference value :  4.41725e-08
 Reference value :  4.41925e-08
 Reference value :  4.43725e-08
 Reference value :  4.43925e-08
 Reference value :  4.44175e-08
 Reference value :  4.44425e-08
 Reference value :  4.44625e-08
 Reference value :  4.44825e-08
 Reference value :  4.45025e-08
 Reference value :  4.45225e-08
 Reference value :  4.45425e-08
 Reference value :  4.45575e-08
 Reference value :  4.45775e-08
 Reference value :  4.45975e-08
 Reference value :  4.46225e-08
 Reference value :  4.46425e-08
 Reference value :  4.46625e-08
 Reference value :  4.46825e-08
 Reference value :  4.47025e-08
 Reference value :  4.47225e-08
 Reference value :  4.47425e-08
 Reference value :  4.47625e-08
 Reference value :  4.47825e-08
 Reference value :  4.48025e-08
 Reference value :  4.48225e-08
 Reference value :  4.48425e-08
 Reference value :  4.48625e-08
 Reference value :  4.48825e-08
 Reference value :  4.49025e-08
 Reference value :  4.49225e-08
 Reference value :  4.49475e-08
 Reference value :  4.49675e-08
 Reference value :  4.49925e-08
 Reference value :  4.50075e-08
 Reference value :  4.50275e-08
 Reference value :  4.50525e-08
 Reference value :  4.50725e-08
 Reference value :  4.51000e-08
No. of Data Rows : 9034
Note: Simulation executed from .control section 
