
Note: Compatibility modes selected: hs a


Circuit: * comparator-decision regen-time sweep -- vindiff=1mv corner=fs temp=-40.0c (issue #9)

option SCALE: Scale is set to 1e-06 for instance and model parameters
option SCALE: Scale is set to 1e-06 for instance and model parameters
option SCALE: Scale is set to 1e-06 for instance and model parameters
option SCALE: Scale is set to 1e-06 for instance and model parameters
Doing analysis at TEMP = -40.000000 and TNOM = 27.000000

Using KLU as Direct Linear Solver
 Reference value :  0.00000e+00
 Reference value :  8.00000e-13
 Reference value :  1.14000e-11
 Reference value :  3.64000e-11
 Reference value :  5.64000e-11
 Reference value :  8.14000e-11
 Reference value :  1.06400e-10
 Reference value :  1.26400e-10
 Reference value :  1.46400e-10
 Reference value :  1.66400e-10
 Reference value :  1.81400e-10
 Reference value :  1.96400e-10
 Reference value :  2.16400e-10
 Reference value :  2.36400e-10
 Reference value :  2.51400e-10
 Reference value :  2.66400e-10
 Reference value :  2.86400e-10
 Reference value :  3.11400e-10
 Reference value :  3.26400e-10
 Reference value :  3.51400e-10
 Reference value :  3.76400e-10
 Reference value :  3.96400e-10
 Reference value :  4.16400e-10
 Reference value :  4.31400e-10
 Reference value :  4.51400e-10
 Reference value :  4.71400e-10
 Reference value :  4.91400e-10
 Reference value :  5.06400e-10
 Reference value :  5.21400e-10
 Reference value :  5.36400e-10
 Reference value :  5.61400e-10
 Reference value :  5.81400e-10
 Reference value :  6.06400e-10
 Reference value :  6.26400e-10
 Reference value :  6.41400e-10
 Reference value :  6.61400e-10
 Reference value :  6.76400e-10
 Reference value :  7.06400e-10
 Reference value :  7.26400e-10
 Reference value :  7.41400e-10
 Reference value :  7.61400e-10
 Reference value :  7.81400e-10
 Reference value :  8.01400e-10
 Reference value :  8.21400e-10
 Reference value :  8.41400e-10
 Reference value :  8.61400e-10
 Reference value :  8.81400e-10
 Reference value :  9.01400e-10
 Reference value :  9.21400e-10
 Reference value :  9.41400e-10
 Reference value :  9.61400e-10
 Reference value :  9.81400e-10
 Reference value :  1.00140e-09
 Reference value :  1.02140e-09
 Reference value :  1.04140e-09
 Reference value :  1.06140e-09
 Reference value :  1.08140e-09
 Reference value :  1.09640e-09
 Reference value :  1.11640e-09
 Reference value :  1.14140e-09
 Reference value :  1.16640e-09
 Reference value :  1.18640e-09
 Reference value :  1.20140e-09
 Reference value :  1.22140e-09
 Reference value :  1.23640e-09
 Reference value :  1.25640e-09
 Reference value :  1.27640e-09
 Reference value :  1.29640e-09
 Reference value :  1.31640e-09
 Reference value :  1.33640e-09
 Reference value :  1.35640e-09
 Reference value :  1.37140e-09
 Reference value :  1.39640e-09
 Reference value :  1.41640e-09
 Reference value :  1.43640e-09
 Reference value :  1.45640e-09
 Reference value :  1.47640e-09
 Reference value :  1.49640e-09
 Reference value :  1.51140e-09
 Reference value :  1.52640e-09
 Reference value :  1.54640e-09
 Reference value :  1.57140e-09
 Reference value :  1.59140e-09
 Reference value :  1.61140e-09
 Reference value :  1.63140e-09
 Reference value :  1.65140e-09
 Reference value :  1.67140e-09
 Reference value :  1.69140e-09
 Reference value :  1.70640e-09
 Reference value :  1.72140e-09
 Reference value :  1.74140e-09
 Reference value :  1.75640e-09
 Reference value :  1.77140e-09
 Reference value :  1.78640e-09
 Reference value :  1.80140e-09
 Reference value :  1.82140e-09
 Reference value :  1.84640e-09
 Reference value :  1.86640e-09
 Reference value :  1.88640e-09
 Reference value :  1.90640e-09
 Reference value :  1.93140e-09
 Reference value :  1.95140e-09
 Reference value :  1.97140e-09
 Reference value :  1.99140e-09
 Reference value :  2.01140e-09
 Reference value :  2.03140e-09
 Reference value :  2.05640e-09
 Reference value :  2.07640e-09
 Reference value :  2.09140e-09
 Reference value :  2.11140e-09
 Reference value :  2.13140e-09
 Reference value :  2.15640e-09
 Reference value :  2.18140e-09
 Reference value :  2.19640e-09
 Reference value :  2.21140e-09
 Reference value :  2.23140e-09
 Reference value :  2.25640e-09
 Reference value :  2.28640e-09
 Reference value :  2.30640e-09
 Reference value :  2.32640e-09
 Reference value :  2.34640e-09
 Reference value :  2.36640e-09
 Reference value :  2.38640e-09
 Reference value :  2.40140e-09
 Reference value :  2.42140e-09
 Reference value :  2.44140e-09
 Reference value :  2.46640e-09
 Reference value :  2.48640e-09
 Reference value :  2.50640e-09
 Reference value :  2.53140e-09
 Reference value :  2.55140e-09
 Reference value :  2.57140e-09
 Reference value :  2.59640e-09
 Reference value :  2.62140e-09
 Reference value :  2.64640e-09
 Reference value :  2.66640e-09
 Reference value :  2.68640e-09
 Reference value :  2.71140e-09
 Reference value :  2.73140e-09
 Reference value :  2.74640e-09
 Reference value :  2.76640e-09
 Reference value :  2.79140e-09
 Reference value :  2.81140e-09
 Reference value :  2.83140e-09
 Reference value :  2.85140e-09
 Reference value :  2.87140e-09
 Reference value :  2.88640e-09
 Reference value :  2.90640e-09
 Reference value :  2.92140e-09
 Reference value :  2.94140e-09
 Reference value :  2.96140e-09
 Reference value :  2.98140e-09
 Reference value :  3.00140e-09
 Reference value :  3.01640e-09
 Reference value :  3.03140e-09
 Reference value :  3.04640e-09
 Reference value :  3.06640e-09
 Reference value :  3.09140e-09
 Reference value :  3.11140e-09
 Reference value :  3.13140e-09
 Reference value :  3.15140e-09
 Reference value :  3.17140e-09
 Reference value :  3.19140e-09
 Reference value :  3.21140e-09
 Reference value :  3.23140e-09
 Reference value :  3.25140e-09
 Reference value :  3.27140e-09
 Reference value :  3.30140e-09
 Reference value :  3.31640e-09
 Reference value :  3.33640e-09
 Reference value :  3.35640e-09
 Reference value :  3.37640e-09
 Reference value :  3.39640e-09
 Reference value :  3.42140e-09
 Reference value :  3.44140e-09
 Reference value :  3.46640e-09
 Reference value :  3.48640e-09
 Reference value :  3.51140e-09
 Reference value :  3.53140e-09
 Reference value :  3.55140e-09
 Reference value :  3.57140e-09
 Reference value :  3.59140e-09
 Reference value :  3.60640e-09
 Reference value :  3.62640e-09
 Reference value :  3.64640e-09
 Reference value :  3.67140e-09
 Reference value :  3.69140e-09
 Reference value :  3.71140e-09
 Reference value :  3.72640e-09
 Reference value :  3.74640e-09
 Reference value :  3.76640e-09
 Reference value :  3.79140e-09
 Reference value :  3.81140e-09
 Reference value :  3.83140e-09
 Reference value :  3.85140e-09
 Reference value :  3.86640e-09
 Reference value :  3.88640e-09
 Reference value :  3.90140e-09
 Reference value :  3.92140e-09
 Reference value :  3.94140e-09
 Reference value :  3.96140e-09
 Reference value :  3.98140e-09
 Reference value :  4.00140e-09
 Reference value :  4.02140e-09
 Reference value :  4.03640e-09
 Reference value :  4.05640e-09
 Reference value :  4.07640e-09
 Reference value :  4.09640e-09
 Reference value :  4.11640e-09
 Reference value :  4.13640e-09
 Reference value :  4.15640e-09
 Reference value :  4.17640e-09
 Reference value :  4.19640e-09
 Reference value :  4.21640e-09
 Reference value :  4.23640e-09
 Reference value :  4.25640e-09
 Reference value :  4.27640e-09
 Reference value :  4.29640e-09
 Reference value :  4.31640e-09
 Reference value :  4.33640e-09
 Reference value :  4.35640e-09
 Reference value :  4.38140e-09
 Reference value :  4.40140e-09
 Reference value :  4.42140e-09
 Reference value :  4.44140e-09
 Reference value :  4.46140e-09
 Reference value :  4.48140e-09
 Reference value :  4.50140e-09
 Reference value :  4.52140e-09
 Reference value :  4.54140e-09
 Reference value :  4.55640e-09
 Reference value :  4.58140e-09
 Reference value :  4.60640e-09
 Reference value :  4.62640e-09
 Reference value :  4.64640e-09
 Reference value :  4.67140e-09
 Reference value :  4.69140e-09
 Reference value :  4.70640e-09
 Reference value :  4.72640e-09
 Reference value :  4.74140e-09
 Reference value :  4.76140e-09
 Reference value :  4.78640e-09
 Reference value :  4.81640e-09
 Reference value :  4.83640e-09
 Reference value :  4.85640e-09
 Reference value :  4.88140e-09
 Reference value :  4.90140e-09
 Reference value :  4.92640e-09
 Reference value :  4.94640e-09
 Reference value :  4.96640e-09
 Reference value :  4.98640e-09
 Reference value :  5.00050e-09
 Reference value :  5.01250e-09
 Reference value :  5.03250e-09
 Reference value :  5.05250e-09
 Reference value :  5.07250e-09
 Reference value :  5.09250e-09
 Reference value :  5.10150e-09
 Reference value :  5.11750e-09
 Reference value :  5.14250e-09
 Reference value :  5.16250e-09
 Reference value :  5.18750e-09
 Reference value :  5.20750e-09
 Reference value :  5.22750e-09
 Reference value :  5.24250e-09
 Reference value :  5.25750e-09
 Reference value :  5.27750e-09
 Reference value :  5.29250e-09
 Reference value :  5.30750e-09
 Reference value :  5.32750e-09
 Reference value :  5.35250e-09
 Reference value :  5.37750e-09
 Reference value :  5.39250e-09
 Reference value :  5.40750e-09
 Reference value :  5.42750e-09
 Reference value :  5.44250e-09
 Reference value :  5.46250e-09
 Reference value :  5.48250e-09
 Reference value :  5.49750e-09
 Reference value :  5.51750e-09
 Reference value :  5.53750e-09
 Reference value :  5.56250e-09
 Reference value :  5.58250e-09
 Reference value :  5.60250e-09
 Reference value :  5.62250e-09
 Reference value :  5.64750e-09
 Reference value :  5.66750e-09
 Reference value :  5.68750e-09
 Reference value :  5.71250e-09
 Reference value :  5.73750e-09
 Reference value :  5.75750e-09
 Reference value :  5.77750e-09
 Reference value :  5.80250e-09
 Reference value :  5.82750e-09
 Reference value :  5.84750e-09
 Reference value :  5.86750e-09
 Reference value :  5.88750e-09
 Reference value :  5.90250e-09
 Reference value :  5.91750e-09
 Reference value :  5.93750e-09
 Reference value :  5.95750e-09
 Reference value :  5.97750e-09
 Reference value :  5.99250e-09
 Reference value :  6.01250e-09
 Reference value :  6.02750e-09
 Reference value :  6.04250e-09
 Reference value :  6.06250e-09
 Reference value :  6.08250e-09
 Reference value :  6.10250e-09
 Reference value :  6.12250e-09
 Reference value :  6.13750e-09
 Reference value :  6.15750e-09
 Reference value :  6.17750e-09
 Reference value :  6.19750e-09
 Reference value :  6.21750e-09
 Reference value :  6.23750e-09
 Reference value :  6.25750e-09
 Reference value :  6.27750e-09
 Reference value :  6.29750e-09
 Reference value :  6.31250e-09
 Reference value :  6.33250e-09
 Reference value :  6.35250e-09
 Reference value :  6.36750e-09
 Reference value :  6.38750e-09
 Reference value :  6.40250e-09
 Reference value :  6.42750e-09
 Reference value :  6.44750e-09
 Reference value :  6.46750e-09
 Reference value :  6.48750e-09
 Reference value :  6.50750e-09
 Reference value :  6.52750e-09
 Reference value :  6.54250e-09
 Reference value :  6.56250e-09
 Reference value :  6.58750e-09
 Reference value :  6.60750e-09
 Reference value :  6.62750e-09
 Reference value :  6.64750e-09
 Reference value :  6.66750e-09
 Reference value :  6.68750e-09
 Reference value :  6.70750e-09
 Reference value :  6.72750e-09
 Reference value :  6.75250e-09
 Reference value :  6.78250e-09
 Reference value :  6.80250e-09
 Reference value :  6.82750e-09
 Reference value :  6.84750e-09
 Reference value :  6.86750e-09
 Reference value :  6.88750e-09
 Reference value :  6.90250e-09
 Reference value :  6.92750e-09
 Reference value :  6.94750e-09
 Reference value :  6.96250e-09
 Reference value :  6.98250e-09
 Reference value :  7.00250e-09
 Reference value :  7.02250e-09
 Reference value :  7.03750e-09
 Reference value :  7.05750e-09
 Reference value :  7.07750e-09
 Reference value :  7.09750e-09
 Reference value :  7.12250e-09
 Reference value :  7.14250e-09
 Reference value :  7.16250e-09
 Reference value :  7.18250e-09
 Reference value :  7.20250e-09
 Reference value :  7.21750e-09
 Reference value :  7.23250e-09
 Reference value :  7.24750e-09
 Reference value :  7.26250e-09
 Reference value :  7.28250e-09
 Reference value :  7.30250e-09
 Reference value :  7.32250e-09
 Reference value :  7.34250e-09
 Reference value :  7.36750e-09
 Reference value :  7.39250e-09
 Reference value :  7.41250e-09
 Reference value :  7.43750e-09
 Reference value :  7.45750e-09
 Reference value :  7.47250e-09
 Reference value :  7.48750e-09
 Reference value :  7.50750e-09
 Reference value :  7.53250e-09
 Reference value :  7.55750e-09
 Reference value :  7.57750e-09
 Reference value :  7.59750e-09
 Reference value :  7.61250e-09
 Reference value :  7.63250e-09
 Reference value :  7.64750e-09
 Reference value :  7.66750e-09
 Reference value :  7.68750e-09
 Reference value :  7.70750e-09
 Reference value :  7.72750e-09
 Reference value :  7.75250e-09
 Reference value :  7.76750e-09
 Reference value :  7.79250e-09
 Reference value :  7.81250e-09
 Reference value :  7.83250e-09
 Reference value :  7.85250e-09
 Reference value :  7.87250e-09
 Reference value :  7.89250e-09
 Reference value :  7.91250e-09
 Reference value :  7.93250e-09
 Reference value :  7.95250e-09
 Reference value :  7.97250e-09
 Reference value :  7.99250e-09
 Reference value :  8.01250e-09
 Reference value :  8.03250e-09
 Reference value :  8.05250e-09
 Reference value :  8.07250e-09
 Reference value :  8.08750e-09
 Reference value :  8.10750e-09
 Reference value :  8.12250e-09
 Reference value :  8.14250e-09
 Reference value :  8.16250e-09
 Reference value :  8.18250e-09
 Reference value :  8.20250e-09
 Reference value :  8.22250e-09
 Reference value :  8.23750e-09
 Reference value :  8.25750e-09
 Reference value :  8.27750e-09
 Reference value :  8.29750e-09
 Reference value :  8.31750e-09
 Reference value :  8.33750e-09
 Reference value :  8.35750e-09
 Reference value :  8.37750e-09
 Reference value :  8.39750e-09
 Reference value :  8.41750e-09
 Reference value :  8.43750e-09
 Reference value :  8.45750e-09
 Reference value :  8.47750e-09
 Reference value :  8.49750e-09
 Reference value :  8.51750e-09
 Reference value :  8.53750e-09
 Reference value :  8.56250e-09
 Reference value :  8.58250e-09
 Reference value :  8.60750e-09
 Reference value :  8.63250e-09
 Reference value :  8.65250e-09
 Reference value :  8.66750e-09
 Reference value :  8.68750e-09
 Reference value :  8.71250e-09
 Reference value :  8.73250e-09
 Reference value :  8.75250e-09
 Reference value :  8.77250e-09
 Reference value :  8.79250e-09
 Reference value :  8.81250e-09
 Reference value :  8.83250e-09
 Reference value :  8.84750e-09
 Reference value :  8.86250e-09
 Reference value :  8.88250e-09
 Reference value :  8.90250e-09
 Reference value :  8.92250e-09
 Reference value :  8.94250e-09
 Reference value :  8.95750e-09
 Reference value :  8.97750e-09
 Reference value :  8.99750e-09
 Reference value :  9.01750e-09
 Reference value :  9.03750e-09
 Reference value :  9.05750e-09
 Reference value :  9.07750e-09
 Reference value :  9.10250e-09
 Reference value :  9.12250e-09
 Reference value :  9.14250e-09
 Reference value :  9.16750e-09
 Reference value :  9.18250e-09
 Reference value :  9.20250e-09
 Reference value :  9.21750e-09
 Reference value :  9.24250e-09
 Reference value :  9.25750e-09
 Reference value :  9.27750e-09
 Reference value :  9.30250e-09
 Reference value :  9.33250e-09
 Reference value :  9.35250e-09
 Reference value :  9.37250e-09
 Reference value :  9.38750e-09
 Reference value :  9.40750e-09
 Reference value :  9.42750e-09
 Reference value :  9.44250e-09
 Reference value :  9.45750e-09
 Reference value :  9.47750e-09
 Reference value :  9.49750e-09
 Reference value :  9.51750e-09
 Reference value :  9.53750e-09
 Reference value :  9.55250e-09
 Reference value :  9.57750e-09
 Reference value :  9.59250e-09
 Reference value :  9.61250e-09
 Reference value :  9.63250e-09
 Reference value :  9.65250e-09
 Reference value :  9.67750e-09
 Reference value :  9.69750e-09
 Reference value :  9.71750e-09
 Reference value :  9.73750e-09
 Reference value :  9.75250e-09
 Reference value :  9.76750e-09
 Reference value :  9.78750e-09
 Reference value :  9.80750e-09
 Reference value :  9.82750e-09
 Reference value :  9.84750e-09
 Reference value :  9.86750e-09
 Reference value :  9.88750e-09
 Reference value :  9.90750e-09
 Reference value :  9.92750e-09
 Reference value :  9.94750e-09
 Reference value :  9.97250e-09
 Reference value :  9.99250e-09
 Reference value :  1.00125e-08
 Reference value :  1.00375e-08
 Reference value :  1.00575e-08
 Reference value :  1.00775e-08
 Reference value :  1.00975e-08
 Reference value :  1.01175e-08
 Reference value :  1.01375e-08
 Reference value :  1.01575e-08
 Reference value :  1.01775e-08
 Reference value :  1.01975e-08
 Reference value :  1.02175e-08
 Reference value :  1.02375e-08
 Reference value :  1.02625e-08
 Reference value :  1.02775e-08
 Reference value :  1.02975e-08
 Reference value :  1.03175e-08
 Reference value :  1.03375e-08
 Reference value :  1.03575e-08
 Reference value :  1.03725e-08
 Reference value :  1.03925e-08
 Reference value :  1.04125e-08
 Reference value :  1.04275e-08
 Reference value :  1.04425e-08
 Reference value :  1.04625e-08
 Reference value :  1.04825e-08
 Reference value :  1.04975e-08
 Reference value :  1.05175e-08
 Reference value :  1.05325e-08
 Reference value :  1.05475e-08
 Reference value :  1.05675e-08
 Reference value :  1.05875e-08
 Reference value :  1.06025e-08
 Reference value :  1.06175e-08
 Reference value :  1.06375e-08
 Reference value :  1.06575e-08
 Reference value :  1.06775e-08
 Reference value :  1.06975e-08
 Reference value :  1.07175e-08
 Reference value :  1.07375e-08
 Reference value :  1.07575e-08
 Reference value :  1.07725e-08
 Reference value :  1.07925e-08
 Reference value :  1.08125e-08
 Reference value :  1.08325e-08
 Reference value :  1.08525e-08
 Reference value :  1.08775e-08
 Reference value :  1.08975e-08
 Reference value :  1.09175e-08
 Reference value :  1.09425e-08
 Reference value :  1.09625e-08
 Reference value :  1.09825e-08
 Reference value :  1.09975e-08
 Reference value :  1.10125e-08
 Reference value :  1.10275e-08
 Reference value :  1.10475e-08
 Reference value :  1.10725e-08
 Reference value :  1.10925e-08
 Reference value :  1.11125e-08
 Reference value :  1.11275e-08
 Reference value :  1.11475e-08
 Reference value :  1.11675e-08
 Reference value :  1.11825e-08
 Reference value :  1.12075e-08
 Reference value :  1.12275e-08
 Reference value :  1.12475e-08
 Reference value :  1.12625e-08
 Reference value :  1.12775e-08
 Reference value :  1.12975e-08
 Reference value :  1.13175e-08
 Reference value :  1.13375e-08
 Reference value :  1.13625e-08
 Reference value :  1.13825e-08
 Reference value :  1.13975e-08
 Reference value :  1.14175e-08
 Reference value :  1.14325e-08
 Reference value :  1.14525e-08
 Reference value :  1.14725e-08
 Reference value :  1.14975e-08
 Reference value :  1.15125e-08
 Reference value :  1.15375e-08
 Reference value :  1.15575e-08
 Reference value :  1.15725e-08
 Reference value :  1.15925e-08
 Reference value :  1.16075e-08
 Reference value :  1.16275e-08
 Reference value :  1.16425e-08
 Reference value :  1.16625e-08
 Reference value :  1.16825e-08
 Reference value :  1.17025e-08
 Reference value :  1.17175e-08
 Reference value :  1.17375e-08
 Reference value :  1.17575e-08
 Reference value :  1.17775e-08
 Reference value :  1.17975e-08
 Reference value :  1.18175e-08
 Reference value :  1.18375e-08
 Reference value :  1.18575e-08
 Reference value :  1.18775e-08
 Reference value :  1.18925e-08
 Reference value :  1.19125e-08
 Reference value :  1.19325e-08
 Reference value :  1.19475e-08
 Reference value :  1.19675e-08
 Reference value :  1.19825e-08
 Reference value :  1.20025e-08
 Reference value :  1.20275e-08
 Reference value :  1.20475e-08
 Reference value :  1.20675e-08
 Reference value :  1.20875e-08
 Reference value :  1.21025e-08
 Reference value :  1.21225e-08
 Reference value :  1.21425e-08
 Reference value :  1.21625e-08
 Reference value :  1.21825e-08
 Reference value :  1.22025e-08
 Reference value :  1.22225e-08
 Reference value :  1.22475e-08
 Reference value :  1.22725e-08
 Reference value :  1.22925e-08
 Reference value :  1.23075e-08
 Reference value :  1.23325e-08
 Reference value :  1.23525e-08
 Reference value :  1.23675e-08
 Reference value :  1.23875e-08
 Reference value :  1.24025e-08
 Reference value :  1.24275e-08
 Reference value :  1.24525e-08
 Reference value :  1.24675e-08
 Reference value :  1.24875e-08
 Reference value :  1.25075e-08
 Reference value :  1.25225e-08
 Reference value :  1.25425e-08
 Reference value :  1.25625e-08
 Reference value :  1.25775e-08
 Reference value :  1.25925e-08
 Reference value :  1.30125e-08
 Reference value :  1.39025e-08
 Reference value :  1.39225e-08
 Reference value :  1.39425e-08
 Reference value :  1.39625e-08
 Reference value :  1.39875e-08
 Reference value :  1.40075e-08
 Reference value :  1.40275e-08
 Reference value :  1.40475e-08
 Reference value :  1.40675e-08
 Reference value :  1.40825e-08
 Reference value :  1.41025e-08
 Reference value :  1.41225e-08
 Reference value :  1.41375e-08
 Reference value :  1.41625e-08
 Reference value :  1.41775e-08
 Reference value :  1.42025e-08
 Reference value :  1.42275e-08
 Reference value :  1.42475e-08
 Reference value :  1.42675e-08
 Reference value :  1.42975e-08
 Reference value :  1.43175e-08
 Reference value :  1.43375e-08
 Reference value :  1.43625e-08
 Reference value :  1.43875e-08
 Reference value :  1.44075e-08
 Reference value :  1.44275e-08
 Reference value :  1.44525e-08
 Reference value :  1.44725e-08
 Reference value :  1.44975e-08
 Reference value :  1.45225e-08
 Reference value :  1.45425e-08
 Reference value :  1.45625e-08
 Reference value :  1.45825e-08
 Reference value :  1.46025e-08
 Reference value :  1.46225e-08
 Reference value :  1.46375e-08
 Reference value :  1.46575e-08
 Reference value :  1.46775e-08
 Reference value :  1.46925e-08
 Reference value :  1.47125e-08
 Reference value :  1.47325e-08
 Reference value :  1.47525e-08
 Reference value :  1.47725e-08
 Reference value :  1.47925e-08
 Reference value :  1.48175e-08
 Reference value :  1.48425e-08
 Reference value :  1.48625e-08
 Reference value :  1.48825e-08
 Reference value :  1.49025e-08
 Reference value :  1.49225e-08
 Reference value :  1.49425e-08
 Reference value :  1.49725e-08
 Reference value :  1.49975e-08
 Reference value :  1.50175e-08
 Reference value :  1.50375e-08
 Reference value :  1.50525e-08
 Reference value :  1.50725e-08
 Reference value :  1.50925e-08
 Reference value :  1.51075e-08
 Reference value :  1.51275e-08
 Reference value :  1.51475e-08
 Reference value :  1.51675e-08
 Reference value :  1.51875e-08
 Reference value :  1.52075e-08
 Reference value :  1.52275e-08
 Reference value :  1.52475e-08
 Reference value :  1.52675e-08
 Reference value :  1.52875e-08
 Reference value :  1.53075e-08
 Reference value :  1.53225e-08
 Reference value :  1.53425e-08
 Reference value :  1.53625e-08
 Reference value :  1.53825e-08
 Reference value :  1.54025e-08
 Reference value :  1.54225e-08
 Reference value :  1.54425e-08
 Reference value :  1.54625e-08
 Reference value :  1.54825e-08
 Reference value :  1.55075e-08
 Reference value :  1.55275e-08
 Reference value :  1.55475e-08
 Reference value :  1.55675e-08
 Reference value :  1.55925e-08
 Reference value :  1.56125e-08
 Reference value :  1.56325e-08
 Reference value :  1.56525e-08
 Reference value :  1.56675e-08
 Reference value :  1.56825e-08
 Reference value :  1.57025e-08
 Reference value :  1.57225e-08
 Reference value :  1.57425e-08
 Reference value :  1.57625e-08
 Reference value :  1.57875e-08
 Reference value :  1.58075e-08
 Reference value :  1.58275e-08
 Reference value :  1.58475e-08
 Reference value :  1.58675e-08
 Reference value :  1.58875e-08
 Reference value :  1.59075e-08
 Reference value :  1.59275e-08
 Reference value :  1.59475e-08
 Reference value :  1.59675e-08
 Reference value :  1.59875e-08
 Reference value :  1.60075e-08
 Reference value :  1.60275e-08
 Reference value :  1.60475e-08
 Reference value :  1.60675e-08
 Reference value :  1.60875e-08
 Reference value :  1.61075e-08
 Reference value :  1.61275e-08
 Reference value :  1.61475e-08
 Reference value :  1.61675e-08
 Reference value :  1.61875e-08
 Reference value :  1.62075e-08
 Reference value :  1.62225e-08
 Reference value :  1.62475e-08
 Reference value :  1.62675e-08
 Reference value :  1.62825e-08
 Reference value :  1.63025e-08
 Reference value :  1.63225e-08
 Reference value :  1.63475e-08
 Reference value :  1.63675e-08
 Reference value :  1.63825e-08
 Reference value :  1.64075e-08
 Reference value :  1.64325e-08
 Reference value :  1.64525e-08
 Reference value :  1.64675e-08
 Reference value :  1.64875e-08
 Reference value :  1.65075e-08
 Reference value :  1.65275e-08
 Reference value :  1.65475e-08
 Reference value :  1.65675e-08
 Reference value :  1.65925e-08
 Reference value :  1.66125e-08
 Reference value :  1.66325e-08
 Reference value :  1.66525e-08
 Reference value :  1.66725e-08
 Reference value :  1.66925e-08
 Reference value :  1.67175e-08
 Reference value :  1.67375e-08
 Reference value :  1.67575e-08
 Reference value :  1.67775e-08
 Reference value :  1.67975e-08
 Reference value :  1.68225e-08
 Reference value :  1.68475e-08
 Reference value :  1.68725e-08
 Reference value :  1.68925e-08
 Reference value :  1.69175e-08
 Reference value :  1.69375e-08
 Reference value :  1.69625e-08
 Reference value :  1.69825e-08
 Reference value :  1.70025e-08
 Reference value :  1.70225e-08
 Reference value :  1.70475e-08
 Reference value :  1.70725e-08
 Reference value :  1.70925e-08
 Reference value :  1.71125e-08
 Reference value :  1.71325e-08
 Reference value :  1.71575e-08
 Reference value :  1.71775e-08
 Reference value :  1.71975e-08
 Reference value :  1.72125e-08
 Reference value :  1.72325e-08
 Reference value :  1.72525e-08
 Reference value :  1.72775e-08
 Reference value :  1.73025e-08
 Reference value :  1.73275e-08
 Reference value :  1.73475e-08
 Reference value :  1.73675e-08
 Reference value :  1.73875e-08
 Reference value :  1.74075e-08
 Reference value :  1.74225e-08
 Reference value :  1.74425e-08
 Reference value :  1.74675e-08
 Reference value :  1.74825e-08
 Reference value :  1.75025e-08
 Reference value :  1.75275e-08
 Reference value :  1.75475e-08
 Reference value :  1.75675e-08
 Reference value :  1.75875e-08
 Reference value :  1.76075e-08
 Reference value :  1.76325e-08
 Reference value :  1.76525e-08
 Reference value :  1.76725e-08
 Reference value :  1.76975e-08
 Reference value :  1.77225e-08
 Reference value :  1.77425e-08
 Reference value :  1.77625e-08
 Reference value :  1.77825e-08
 Reference value :  1.78025e-08
 Reference value :  1.78275e-08
 Reference value :  1.78475e-08
 Reference value :  1.78675e-08
 Reference value :  1.78875e-08
 Reference value :  1.79075e-08
 Reference value :  1.79275e-08
 Reference value :  1.79425e-08
 Reference value :  1.79625e-08
 Reference value :  1.79825e-08
 Reference value :  1.80025e-08
 Reference value :  1.80225e-08
 Reference value :  1.80425e-08
 Reference value :  1.80625e-08
 Reference value :  1.80825e-08
 Reference value :  1.81025e-08
 Reference value :  1.81225e-08
 Reference value :  1.81425e-08
 Reference value :  1.81625e-08
 Reference value :  1.81775e-08
 Reference value :  1.81925e-08
 Reference value :  1.82175e-08
 Reference value :  1.82375e-08
 Reference value :  1.82575e-08
 Reference value :  1.82775e-08
 Reference value :  1.82975e-08
 Reference value :  1.83175e-08
 Reference value :  1.83375e-08
 Reference value :  1.83525e-08
 Reference value :  1.83725e-08
 Reference value :  1.83875e-08
 Reference value :  1.84075e-08
 Reference value :  1.84325e-08
 Reference value :  1.84525e-08
 Reference value :  1.84725e-08
 Reference value :  1.84875e-08
 Reference value :  1.85075e-08
 Reference value :  1.85275e-08
 Reference value :  1.85425e-08
 Reference value :  1.85625e-08
 Reference value :  1.85775e-08
 Reference value :  1.85925e-08
 Reference value :  1.86125e-08
 Reference value :  1.86275e-08
 Reference value :  1.86475e-08
 Reference value :  1.86725e-08
 Reference value :  1.86925e-08
 Reference value :  1.87075e-08
 Reference value :  1.87325e-08
 Reference value :  1.87575e-08
 Reference value :  1.87775e-08
 Reference value :  1.87975e-08
 Reference value :  1.88125e-08
 Reference value :  1.88325e-08
 Reference value :  1.88525e-08
 Reference value :  1.88725e-08
 Reference value :  1.88925e-08
 Reference value :  1.89125e-08
 Reference value :  1.89325e-08
 Reference value :  1.89525e-08
 Reference value :  1.89725e-08
 Reference value :  1.89975e-08
 Reference value :  1.90175e-08
 Reference value :  1.90375e-08
 Reference value :  1.90575e-08
 Reference value :  1.90975e-08
 Reference value :  1.91175e-08
 Reference value :  1.91375e-08
 Reference value :  1.91525e-08
 Reference value :  1.91725e-08
 Reference value :  1.91925e-08
 Reference value :  1.92125e-08
 Reference value :  1.92325e-08
 Reference value :  1.92525e-08
 Reference value :  1.92725e-08
 Reference value :  1.92925e-08
 Reference value :  1.93125e-08
 Reference value :  1.93325e-08
 Reference value :  1.93525e-08
 Reference value :  1.93775e-08
 Reference value :  1.94075e-08
 Reference value :  1.94275e-08
 Reference value :  1.94475e-08
 Reference value :  1.94725e-08
 Reference value :  1.94925e-08
 Reference value :  1.95075e-08
 Reference value :  1.96225e-08
 Reference value :  1.96375e-08
 Reference value :  1.96525e-08
 Reference value :  1.96725e-08
 Reference value :  1.96925e-08
 Reference value :  1.97125e-08
 Reference value :  1.97325e-08
 Reference value :  1.97475e-08
 Reference value :  1.97625e-08
 Reference value :  1.97825e-08
 Reference value :  1.98025e-08
 Reference value :  1.98225e-08
 Reference value :  1.98375e-08
 Reference value :  1.98575e-08
 Reference value :  1.98725e-08
 Reference value :  1.98925e-08
 Reference value :  1.99125e-08
 Reference value :  1.99275e-08
 Reference value :  1.99425e-08
 Reference value :  1.99625e-08
 Reference value :  1.99775e-08
 Reference value :  1.99925e-08
 Reference value :  2.00075e-08
 Reference value :  2.00275e-08
 Reference value :  2.00475e-08
 Reference value :  2.00675e-08
 Reference value :  2.00925e-08
 Reference value :  2.01125e-08
 Reference value :  2.01325e-08
 Reference value :  2.01475e-08
 Reference value :  2.01725e-08
 Reference value :  2.01925e-08
 Reference value :  2.02125e-08
 Reference value :  2.02325e-08
 Reference value :  2.02525e-08
 Reference value :  2.02725e-08
 Reference value :  2.02925e-08
 Reference value :  2.03125e-08
 Reference value :  2.03375e-08
 Reference value :  2.03575e-08
 Reference value :  2.03775e-08
 Reference value :  2.03975e-08
 Reference value :  2.04125e-08
 Reference value :  2.04325e-08
 Reference value :  2.04475e-08
 Reference value :  2.04675e-08
 Reference value :  2.04875e-08
 Reference value :  2.05075e-08
 Reference value :  2.05275e-08
 Reference value :  2.05425e-08
 Reference value :  2.05575e-08
 Reference value :  2.05825e-08
 Reference value :  2.06075e-08
 Reference value :  2.06325e-08
 Reference value :  2.06525e-08
 Reference value :  2.06775e-08
 Reference value :  2.06975e-08
 Reference value :  2.07175e-08
 Reference value :  2.07375e-08
 Reference value :  2.07575e-08
 Reference value :  2.07725e-08
 Reference value :  2.07875e-08
 Reference value :  2.08075e-08
 Reference value :  2.08275e-08
 Reference value :  2.08475e-08
 Reference value :  2.08675e-08
 Reference value :  2.08875e-08
 Reference value :  2.09075e-08
 Reference value :  2.09275e-08
 Reference value :  2.09475e-08
 Reference value :  2.09675e-08
 Reference value :  2.09925e-08
 Reference value :  2.10125e-08
 Reference value :  2.10325e-08
 Reference value :  2.10525e-08
 Reference value :  2.10725e-08
 Reference value :  2.10925e-08
 Reference value :  2.11125e-08
 Reference value :  2.11325e-08
 Reference value :  2.11525e-08
 Reference value :  2.11675e-08
 Reference value :  2.11875e-08
 Reference value :  2.12075e-08
 Reference value :  2.12275e-08
 Reference value :  2.12475e-08
 Reference value :  2.12675e-08
 Reference value :  2.12875e-08
 Reference value :  2.13075e-08
 Reference value :  2.13275e-08
 Reference value :  2.13525e-08
 Reference value :  2.13725e-08
 Reference value :  2.13925e-08
 Reference value :  2.14075e-08
 Reference value :  2.14275e-08
 Reference value :  2.14525e-08
 Reference value :  2.14725e-08
 Reference value :  2.14925e-08
 Reference value :  2.15175e-08
 Reference value :  2.15375e-08
 Reference value :  2.15575e-08
 Reference value :  2.15775e-08
 Reference value :  2.15975e-08
 Reference value :  2.16175e-08
 Reference value :  2.16375e-08
 Reference value :  2.16575e-08
 Reference value :  2.16775e-08
 Reference value :  2.16975e-08
 Reference value :  2.17175e-08
 Reference value :  2.17375e-08
 Reference value :  2.17625e-08
 Reference value :  2.17825e-08
 Reference value :  2.18075e-08
 Reference value :  2.18275e-08
 Reference value :  2.18475e-08
 Reference value :  2.18725e-08
 Reference value :  2.18975e-08
 Reference value :  2.19175e-08
 Reference value :  2.19375e-08
 Reference value :  2.19575e-08
 Reference value :  2.19725e-08
 Reference value :  2.19975e-08
 Reference value :  2.20225e-08
 Reference value :  2.20475e-08
 Reference value :  2.20675e-08
 Reference value :  2.20925e-08
 Reference value :  2.21175e-08
 Reference value :  2.21375e-08
 Reference value :  2.21575e-08
 Reference value :  2.21775e-08
 Reference value :  2.21975e-08
 Reference value :  2.22175e-08
 Reference value :  2.22325e-08
 Reference value :  2.22525e-08
 Reference value :  2.22725e-08
 Reference value :  2.22975e-08
 Reference value :  2.23175e-08
 Reference value :  2.23425e-08
 Reference value :  2.23625e-08
 Reference value :  2.23825e-08
 Reference value :  2.23975e-08
 Reference value :  2.24175e-08
 Reference value :  2.24425e-08
 Reference value :  2.24625e-08
 Reference value :  2.24775e-08
 Reference value :  2.25025e-08
 Reference value :  2.25225e-08
 Reference value :  2.25425e-08
 Reference value :  2.25625e-08
 Reference value :  2.25825e-08
 Reference value :  2.26025e-08
 Reference value :  2.26225e-08
 Reference value :  2.26425e-08
 Reference value :  2.26625e-08
 Reference value :  2.26775e-08
 Reference value :  2.26925e-08
 Reference value :  2.27175e-08
 Reference value :  2.27375e-08
 Reference value :  2.27525e-08
 Reference value :  2.27725e-08
 Reference value :  2.27875e-08
 Reference value :  2.28125e-08
 Reference value :  2.28325e-08
 Reference value :  2.28525e-08
 Reference value :  2.28725e-08
 Reference value :  2.28925e-08
 Reference value :  2.29075e-08
 Reference value :  2.29275e-08
 Reference value :  2.29475e-08
 Reference value :  2.29675e-08
 Reference value :  2.29875e-08
 Reference value :  2.30075e-08
 Reference value :  2.30275e-08
 Reference value :  2.30475e-08
 Reference value :  2.30675e-08
 Reference value :  2.30875e-08
 Reference value :  2.31075e-08
 Reference value :  2.31275e-08
 Reference value :  2.31475e-08
 Reference value :  2.31675e-08
 Reference value :  2.31925e-08
 Reference value :  2.32175e-08
 Reference value :  2.32325e-08
 Reference value :  2.32625e-08
 Reference value :  2.32825e-08
 Reference value :  2.33025e-08
 Reference value :  2.33225e-08
 Reference value :  2.33475e-08
 Reference value :  2.33675e-08
 Reference value :  2.33825e-08
 Reference value :  2.34025e-08
 Reference value :  2.34175e-08
 Reference value :  2.34375e-08
 Reference value :  2.34625e-08
 Reference value :  2.34825e-08
 Reference value :  2.35025e-08
 Reference value :  2.35225e-08
 Reference value :  2.35375e-08
 Reference value :  2.35575e-08
 Reference value :  2.35775e-08
 Reference value :  2.35925e-08
 Reference value :  2.36125e-08
 Reference value :  2.36325e-08
 Reference value :  2.36525e-08
 Reference value :  2.36725e-08
 Reference value :  2.36925e-08
 Reference value :  2.37125e-08
 Reference value :  2.37325e-08
 Reference value :  2.37525e-08
 Reference value :  2.37675e-08
 Reference value :  2.37875e-08
 Reference value :  2.38075e-08
 Reference value :  2.38275e-08
 Reference value :  2.38425e-08
 Reference value :  2.38625e-08
 Reference value :  2.38825e-08
 Reference value :  2.38975e-08
 Reference value :  2.39125e-08
 Reference value :  2.39375e-08
 Reference value :  2.39575e-08
 Reference value :  2.39775e-08
 Reference value :  2.40025e-08
 Reference value :  2.40225e-08
 Reference value :  2.40475e-08
 Reference value :  2.40675e-08
 Reference value :  2.40875e-08
 Reference value :  2.41175e-08
 Reference value :  2.41575e-08
 Reference value :  2.41825e-08
 Reference value :  2.42025e-08
 Reference value :  2.42225e-08
 Reference value :  2.42425e-08
 Reference value :  2.42625e-08
 Reference value :  2.42825e-08
 Reference value :  2.43025e-08
 Reference value :  2.43225e-08
 Reference value :  2.43425e-08
 Reference value :  2.43625e-08
 Reference value :  2.43825e-08
 Reference value :  2.44025e-08
 Reference value :  2.44225e-08
 Reference value :  2.44425e-08
 Reference value :  2.44625e-08
 Reference value :  2.44825e-08
 Reference value :  2.44975e-08
 Reference value :  2.45175e-08
 Reference value :  2.45375e-08
 Reference value :  2.45525e-08
 Reference value :  2.45675e-08
 Reference value :  2.45875e-08
 Reference value :  2.46075e-08
 Reference value :  2.46275e-08
 Reference value :  2.46475e-08
 Reference value :  2.46675e-08
 Reference value :  2.46875e-08
 Reference value :  2.47025e-08
 Reference value :  2.47225e-08
 Reference value :  2.47375e-08
 Reference value :  2.47575e-08
 Reference value :  2.47775e-08
 Reference value :  2.47975e-08
 Reference value :  2.48225e-08
 Reference value :  2.48425e-08
 Reference value :  2.48575e-08
 Reference value :  2.48775e-08
 Reference value :  2.48925e-08
 Reference value :  2.49075e-08
 Reference value :  2.49275e-08
 Reference value :  2.49475e-08
 Reference value :  2.49675e-08
 Reference value :  2.49925e-08
 Reference value :  2.50125e-08
 Reference value :  2.50325e-08
 Reference value :  2.50575e-08
 Reference value :  2.50725e-08
 Reference value :  2.50875e-08
 Reference value :  2.51075e-08
 Reference value :  2.51325e-08
 Reference value :  2.51475e-08
 Reference value :  2.51675e-08
 Reference value :  2.51925e-08
 Reference value :  2.52175e-08
 Reference value :  2.52425e-08
 Reference value :  2.52625e-08
 Reference value :  2.52825e-08
 Reference value :  2.53025e-08
 Reference value :  2.53225e-08
 Reference value :  2.53475e-08
 Reference value :  2.53775e-08
 Reference value :  2.53975e-08
 Reference value :  2.54275e-08
 Reference value :  2.54475e-08
 Reference value :  2.54725e-08
 Reference value :  2.54925e-08
 Reference value :  2.55125e-08
 Reference value :  2.55375e-08
 Reference value :  2.55625e-08
 Reference value :  2.55875e-08
 Reference value :  2.56125e-08
 Reference value :  2.56325e-08
 Reference value :  2.56525e-08
 Reference value :  2.56725e-08
 Reference value :  2.56975e-08
 Reference value :  2.57175e-08
 Reference value :  2.57325e-08
 Reference value :  2.57525e-08
 Reference value :  2.57725e-08
 Reference value :  2.57875e-08
 Reference value :  2.58075e-08
 Reference value :  2.58275e-08
 Reference value :  2.58475e-08
 Reference value :  2.58725e-08
 Reference value :  2.58925e-08
 Reference value :  2.59125e-08
 Reference value :  2.59425e-08
 Reference value :  2.59625e-08
 Reference value :  2.59825e-08
 Reference value :  2.60075e-08
 Reference value :  2.60325e-08
 Reference value :  2.60525e-08
 Reference value :  2.60725e-08
 Reference value :  2.60925e-08
 Reference value :  2.61125e-08
 Reference value :  2.61325e-08
 Reference value :  2.61475e-08
 Reference value :  2.61625e-08
 Reference value :  2.61825e-08
 Reference value :  2.61975e-08
 Reference value :  2.62225e-08
 Reference value :  2.62475e-08
 Reference value :  2.62675e-08
 Reference value :  2.62825e-08
 Reference value :  2.63025e-08
 Reference value :  2.63225e-08
 Reference value :  2.63425e-08
 Reference value :  2.63625e-08
 Reference value :  2.63875e-08
 Reference value :  2.64075e-08
 Reference value :  2.64325e-08
 Reference value :  2.64525e-08
 Reference value :  2.64725e-08
 Reference value :  2.64925e-08
 Reference value :  2.65175e-08
 Reference value :  2.65325e-08
 Reference value :  2.65525e-08
 Reference value :  2.65675e-08
 Reference value :  2.65925e-08
 Reference value :  2.66125e-08
 Reference value :  2.66325e-08
 Reference value :  2.66525e-08
 Reference value :  2.66725e-08
 Reference value :  2.66975e-08
 Reference value :  2.67125e-08
 Reference value :  2.67375e-08
 Reference value :  2.67625e-08
 Reference value :  2.67825e-08
 Reference value :  2.68075e-08
 Reference value :  2.68275e-08
 Reference value :  2.68475e-08
 Reference value :  2.68675e-08
 Reference value :  2.68875e-08
 Reference value :  2.69075e-08
 Reference value :  2.69325e-08
 Reference value :  2.69525e-08
 Reference value :  2.69725e-08
 Reference value :  2.69925e-08
 Reference value :  2.70125e-08
 Reference value :  2.70325e-08
 Reference value :  2.70525e-08
 Reference value :  2.70725e-08
 Reference value :  2.70875e-08
 Reference value :  2.71075e-08
 Reference value :  2.71225e-08
 Reference value :  2.71425e-08
 Reference value :  2.71625e-08
 Reference value :  2.71775e-08
 Reference value :  2.71925e-08
 Reference value :  2.72125e-08
 Reference value :  2.72275e-08
 Reference value :  2.72475e-08
 Reference value :  2.72675e-08
 Reference value :  2.72875e-08
 Reference value :  2.73075e-08
 Reference value :  2.73225e-08
 Reference value :  2.73375e-08
 Reference value :  2.73525e-08
 Reference value :  2.73725e-08
 Reference value :  2.73875e-08
 Reference value :  2.74075e-08
 Reference value :  2.74275e-08
 Reference value :  2.74525e-08
 Reference value :  2.74725e-08
 Reference value :  2.74925e-08
 Reference value :  2.75075e-08
 Reference value :  2.75275e-08
 Reference value :  2.75425e-08
 Reference value :  2.75575e-08
 Reference value :  2.75775e-08
 Reference value :  2.75975e-08
 Reference value :  2.76175e-08
 Reference value :  2.76425e-08
 Reference value :  2.76675e-08
 Reference value :  2.76925e-08
 Reference value :  2.77175e-08
 Reference value :  2.77375e-08
 Reference value :  2.77575e-08
 Reference value :  2.77775e-08
 Reference value :  2.77925e-08
 Reference value :  2.78125e-08
 Reference value :  2.78325e-08
 Reference value :  2.78525e-08
 Reference value :  2.78725e-08
 Reference value :  2.78875e-08
 Reference value :  2.79075e-08
 Reference value :  2.79225e-08
 Reference value :  2.79425e-08
 Reference value :  2.79675e-08
 Reference value :  2.79875e-08
 Reference value :  2.80075e-08
 Reference value :  2.80275e-08
 Reference value :  2.80425e-08
 Reference value :  2.80625e-08
 Reference value :  2.80825e-08
 Reference value :  2.80975e-08
 Reference value :  2.81175e-08
 Reference value :  2.81325e-08
 Reference value :  2.81575e-08
 Reference value :  2.81775e-08
 Reference value :  2.82075e-08
 Reference value :  2.82275e-08
 Reference value :  2.82525e-08
 Reference value :  2.82725e-08
 Reference value :  2.82925e-08
 Reference value :  2.83125e-08
 Reference value :  2.83375e-08
 Reference value :  2.83525e-08
 Reference value :  2.83725e-08
 Reference value :  2.83925e-08
 Reference value :  2.84125e-08
 Reference value :  2.84325e-08
 Reference value :  2.84475e-08
 Reference value :  2.84725e-08
 Reference value :  2.84875e-08
 Reference value :  2.85075e-08
 Reference value :  2.85325e-08
 Reference value :  2.85525e-08
 Reference value :  2.85675e-08
 Reference value :  2.85875e-08
 Reference value :  2.86075e-08
 Reference value :  2.86325e-08
 Reference value :  2.86475e-08
 Reference value :  2.86675e-08
 Reference value :  2.86875e-08
 Reference value :  2.87075e-08
 Reference value :  2.87325e-08
 Reference value :  2.87525e-08
 Reference value :  2.87775e-08
 Reference value :  2.87925e-08
 Reference value :  2.88075e-08
 Reference value :  2.88325e-08
 Reference value :  2.88575e-08
 Reference value :  2.88775e-08
 Reference value :  2.89025e-08
 Reference value :  2.89225e-08
 Reference value :  2.89375e-08
 Reference value :  2.89575e-08
 Reference value :  2.89825e-08
 Reference value :  2.89975e-08
 Reference value :  2.90175e-08
 Reference value :  2.90375e-08
 Reference value :  2.90575e-08
 Reference value :  2.90825e-08
 Reference value :  2.90975e-08
 Reference value :  2.91225e-08
 Reference value :  2.91425e-08
 Reference value :  2.91675e-08
 Reference value :  2.91875e-08
 Reference value :  2.92175e-08
 Reference value :  2.92425e-08
 Reference value :  2.92625e-08
 Reference value :  2.92825e-08
 Reference value :  2.93025e-08
 Reference value :  2.93225e-08
 Reference value :  2.93425e-08
 Reference value :  2.93625e-08
 Reference value :  2.93825e-08
 Reference value :  2.94025e-08
 Reference value :  2.94175e-08
 Reference value :  2.94425e-08
 Reference value :  2.94675e-08
 Reference value :  2.94925e-08
 Reference value :  2.95175e-08
 Reference value :  2.95425e-08
 Reference value :  2.95625e-08
 Reference value :  2.95775e-08
 Reference value :  2.95975e-08
 Reference value :  2.96175e-08
 Reference value :  2.96425e-08
 Reference value :  2.96625e-08
 Reference value :  2.96825e-08
 Reference value :  2.97025e-08
 Reference value :  2.97225e-08
 Reference value :  2.97425e-08
 Reference value :  2.97625e-08
 Reference value :  2.97825e-08
 Reference value :  2.98025e-08
 Reference value :  2.98225e-08
 Reference value :  2.98475e-08
 Reference value :  2.98675e-08
 Reference value :  2.98875e-08
 Reference value :  2.99075e-08
 Reference value :  2.99275e-08
 Reference value :  2.99475e-08
 Reference value :  2.99675e-08
 Reference value :  2.99875e-08
 Reference value :  3.00125e-08
 Reference value :  3.00325e-08
 Reference value :  3.00575e-08
 Reference value :  3.00725e-08
 Reference value :  3.00925e-08
 Reference value :  3.01175e-08
 Reference value :  3.01325e-08
 Reference value :  3.01575e-08
 Reference value :  3.01775e-08
 Reference value :  3.01975e-08
 Reference value :  3.02125e-08
 Reference value :  3.02275e-08
 Reference value :  3.02475e-08
 Reference value :  3.02675e-08
 Reference value :  3.02875e-08
 Reference value :  3.03075e-08
 Reference value :  3.03275e-08
 Reference value :  3.03425e-08
 Reference value :  3.03575e-08
 Reference value :  3.03775e-08
 Reference value :  3.03975e-08
 Reference value :  3.04175e-08
 Reference value :  3.04375e-08
 Reference value :  3.04625e-08
 Reference value :  3.04875e-08
 Reference value :  3.05075e-08
 Reference value :  3.05275e-08
 Reference value :  3.05425e-08
 Reference value :  3.05625e-08
 Reference value :  3.05825e-08
 Reference value :  3.06025e-08
 Reference value :  3.06175e-08
 Reference value :  3.06375e-08
 Reference value :  3.06525e-08
 Reference value :  3.06725e-08
 Reference value :  3.06925e-08
 Reference value :  3.07125e-08
 Reference value :  3.07325e-08
 Reference value :  3.07525e-08
 Reference value :  3.07775e-08
 Reference value :  3.07925e-08
 Reference value :  3.08125e-08
 Reference value :  3.08325e-08
 Reference value :  3.08625e-08
 Reference value :  3.08775e-08
 Reference value :  3.08975e-08
 Reference value :  3.09175e-08
 Reference value :  3.09325e-08
 Reference value :  3.09575e-08
 Reference value :  3.09725e-08
 Reference value :  3.09925e-08
 Reference value :  3.10125e-08
 Reference value :  3.10325e-08
 Reference value :  3.10525e-08
 Reference value :  3.10775e-08
 Reference value :  3.11025e-08
 Reference value :  3.11225e-08
 Reference value :  3.11425e-08
 Reference value :  3.11575e-08
 Reference value :  3.11775e-08
 Reference value :  3.11975e-08
 Reference value :  3.12225e-08
 Reference value :  3.12375e-08
 Reference value :  3.12625e-08
 Reference value :  3.12875e-08
 Reference value :  3.13075e-08
 Reference value :  3.13275e-08
 Reference value :  3.13475e-08
 Reference value :  3.13725e-08
 Reference value :  3.13925e-08
 Reference value :  3.14175e-08
 Reference value :  3.14375e-08
 Reference value :  3.14575e-08
 Reference value :  3.14775e-08
 Reference value :  3.14975e-08
 Reference value :  3.15175e-08
 Reference value :  3.15325e-08
 Reference value :  3.15525e-08
 Reference value :  3.15775e-08
 Reference value :  3.15975e-08
 Reference value :  3.16175e-08
 Reference value :  3.16375e-08
 Reference value :  3.16575e-08
 Reference value :  3.16775e-08
 Reference value :  3.16975e-08
 Reference value :  3.17225e-08
 Reference value :  3.17425e-08
 Reference value :  3.17625e-08
 Reference value :  3.17775e-08
 Reference value :  3.17975e-08
 Reference value :  3.18175e-08
 Reference value :  3.18425e-08
 Reference value :  3.18625e-08
 Reference value :  3.18825e-08
 Reference value :  3.19075e-08
 Reference value :  3.19275e-08
 Reference value :  3.19475e-08
 Reference value :  3.19675e-08
 Reference value :  3.19875e-08
 Reference value :  3.20025e-08
 Reference value :  3.20275e-08
 Reference value :  3.20425e-08
 Reference value :  3.20625e-08
 Reference value :  3.20825e-08
 Reference value :  3.21025e-08
 Reference value :  3.21225e-08
 Reference value :  3.21425e-08
 Reference value :  3.21575e-08
 Reference value :  3.21775e-08
 Reference value :  3.21975e-08
 Reference value :  3.22175e-08
 Reference value :  3.22325e-08
 Reference value :  3.22475e-08
 Reference value :  3.22675e-08
 Reference value :  3.22875e-08
 Reference value :  3.23075e-08
 Reference value :  3.23325e-08
 Reference value :  3.23575e-08
 Reference value :  3.23775e-08
 Reference value :  3.23975e-08
 Reference value :  3.24175e-08
 Reference value :  3.24425e-08
 Reference value :  3.24625e-08
 Reference value :  3.24825e-08
 Reference value :  3.25075e-08
 Reference value :  3.25275e-08
 Reference value :  3.25475e-08
 Reference value :  3.25625e-08
 Reference value :  3.25775e-08
 Reference value :  3.26025e-08
 Reference value :  3.26225e-08
 Reference value :  3.26475e-08
 Reference value :  3.26675e-08
 Reference value :  3.26875e-08
 Reference value :  3.27025e-08
 Reference value :  3.27225e-08
 Reference value :  3.27375e-08
 Reference value :  3.27575e-08
 Reference value :  3.27775e-08
 Reference value :  3.27925e-08
 Reference value :  3.28125e-08
 Reference value :  3.28325e-08
 Reference value :  3.28525e-08
 Reference value :  3.28725e-08
 Reference value :  3.28925e-08
 Reference value :  3.29125e-08
 Reference value :  3.29275e-08
 Reference value :  3.29425e-08
 Reference value :  3.29625e-08
 Reference value :  3.29825e-08
 Reference value :  3.30025e-08
 Reference value :  3.30225e-08
 Reference value :  3.30475e-08
 Reference value :  3.30725e-08
 Reference value :  3.30925e-08
 Reference value :  3.31125e-08
 Reference value :  3.31375e-08
 Reference value :  3.31575e-08
 Reference value :  3.31775e-08
 Reference value :  3.31925e-08
 Reference value :  3.32125e-08
 Reference value :  3.32325e-08
 Reference value :  3.32525e-08
 Reference value :  3.32725e-08
 Reference value :  3.32925e-08
 Reference value :  3.33175e-08
 Reference value :  3.33375e-08
 Reference value :  3.33575e-08
 Reference value :  3.33775e-08
 Reference value :  3.33975e-08
 Reference value :  3.34125e-08
 Reference value :  3.34325e-08
 Reference value :  3.34525e-08
 Reference value :  3.34825e-08
 Reference value :  3.35025e-08
 Reference value :  3.35225e-08
 Reference value :  3.35425e-08
 Reference value :  3.35625e-08
 Reference value :  3.35775e-08
 Reference value :  3.35925e-08
 Reference value :  3.36175e-08
 Reference value :  3.36375e-08
 Reference value :  3.36625e-08
 Reference value :  3.36875e-08
 Reference value :  3.37125e-08
 Reference value :  3.37325e-08
 Reference value :  3.37525e-08
 Reference value :  3.37725e-08
 Reference value :  3.37925e-08
 Reference value :  3.38125e-08
 Reference value :  3.38325e-08
 Reference value :  3.38575e-08
 Reference value :  3.38775e-08
 Reference value :  3.39025e-08
 Reference value :  3.39225e-08
 Reference value :  3.39425e-08
 Reference value :  3.39625e-08
 Reference value :  3.39825e-08
 Reference value :  3.40025e-08
 Reference value :  3.40275e-08
 Reference value :  3.40475e-08
 Reference value :  3.40675e-08
 Reference value :  3.40875e-08
 Reference value :  3.41075e-08
 Reference value :  3.41275e-08
 Reference value :  3.41525e-08
 Reference value :  3.41725e-08
 Reference value :  3.41925e-08
 Reference value :  3.42125e-08
 Reference value :  3.42325e-08
 Reference value :  3.42575e-08
 Reference value :  3.42775e-08
 Reference value :  3.42975e-08
 Reference value :  3.43175e-08
 Reference value :  3.43325e-08
 Reference value :  3.43525e-08
 Reference value :  3.43725e-08
 Reference value :  3.43925e-08
 Reference value :  3.44125e-08
 Reference value :  3.44275e-08
 Reference value :  3.44475e-08
 Reference value :  3.44625e-08
 Reference value :  3.44775e-08
 Reference value :  3.44975e-08
 Reference value :  3.45175e-08
 Reference value :  3.45375e-08
 Reference value :  3.45575e-08
 Reference value :  3.45775e-08
 Reference value :  3.45975e-08
 Reference value :  3.46175e-08
 Reference value :  3.46375e-08
 Reference value :  3.46575e-08
 Reference value :  3.46775e-08
 Reference value :  3.46925e-08
 Reference value :  3.47075e-08
 Reference value :  3.47275e-08
 Reference value :  3.47475e-08
 Reference value :  3.47675e-08
 Reference value :  3.47875e-08
 Reference value :  3.48025e-08
 Reference value :  3.48225e-08
 Reference value :  3.48375e-08
 Reference value :  3.48575e-08
 Reference value :  3.48825e-08
 Reference value :  3.49025e-08
 Reference value :  3.49275e-08
 Reference value :  3.49475e-08
 Reference value :  3.49625e-08
 Reference value :  3.49775e-08
 Reference value :  3.49975e-08
 Reference value :  3.50175e-08
 Reference value :  3.50325e-08
 Reference value :  3.50525e-08
 Reference value :  3.50725e-08
 Reference value :  3.50925e-08
 Reference value :  3.51125e-08
 Reference value :  3.51375e-08
 Reference value :  3.51575e-08
 Reference value :  3.51725e-08
 Reference value :  3.51875e-08
 Reference value :  3.52075e-08
 Reference value :  3.52275e-08
 Reference value :  3.52475e-08
 Reference value :  3.52675e-08
 Reference value :  3.52875e-08
 Reference value :  3.53025e-08
 Reference value :  3.53225e-08
 Reference value :  3.53425e-08
 Reference value :  3.53625e-08
 Reference value :  3.53825e-08
 Reference value :  3.54025e-08
 Reference value :  3.54225e-08
 Reference value :  3.54425e-08
 Reference value :  3.54625e-08
 Reference value :  3.54825e-08
 Reference value :  3.55025e-08
 Reference value :  3.55275e-08
 Reference value :  3.55475e-08
 Reference value :  3.55725e-08
 Reference value :  3.55975e-08
 Reference value :  3.56225e-08
 Reference value :  3.56425e-08
 Reference value :  3.56625e-08
 Reference value :  3.56875e-08
 Reference value :  3.57075e-08
 Reference value :  3.57275e-08
 Reference value :  3.57425e-08
 Reference value :  3.57625e-08
 Reference value :  3.57825e-08
 Reference value :  3.58075e-08
 Reference value :  3.58275e-08
 Reference value :  3.58475e-08
 Reference value :  3.58675e-08
 Reference value :  3.58875e-08
 Reference value :  3.59075e-08
 Reference value :  3.59275e-08
 Reference value :  3.59525e-08
 Reference value :  3.59775e-08
 Reference value :  3.60025e-08
 Reference value :  3.60225e-08
 Reference value :  3.60475e-08
 Reference value :  3.60675e-08
 Reference value :  3.60875e-08
 Reference value :  3.61075e-08
 Reference value :  3.61325e-08
 Reference value :  3.61475e-08
 Reference value :  3.61675e-08
 Reference value :  3.61925e-08
 Reference value :  3.62075e-08
 Reference value :  3.62275e-08
 Reference value :  3.62525e-08
 Reference value :  3.62725e-08
 Reference value :  3.62925e-08
 Reference value :  3.63125e-08
 Reference value :  3.63325e-08
 Reference value :  3.63525e-08
 Reference value :  3.63725e-08
 Reference value :  3.63925e-08
 Reference value :  3.64125e-08
 Reference value :  3.64325e-08
 Reference value :  3.64575e-08
 Reference value :  3.64725e-08
 Reference value :  3.64875e-08
 Reference value :  3.65125e-08
 Reference value :  3.65325e-08
 Reference value :  3.65525e-08
 Reference value :  3.65775e-08
 Reference value :  3.65925e-08
 Reference value :  3.66125e-08
 Reference value :  3.66325e-08
 Reference value :  3.66525e-08
 Reference value :  3.66675e-08
 Reference value :  3.66925e-08
 Reference value :  3.67175e-08
 Reference value :  3.67425e-08
 Reference value :  3.67675e-08
 Reference value :  3.67875e-08
 Reference value :  3.68075e-08
 Reference value :  3.68225e-08
 Reference value :  3.68425e-08
 Reference value :  3.68625e-08
 Reference value :  3.68825e-08
 Reference value :  3.69025e-08
 Reference value :  3.69225e-08
 Reference value :  3.69425e-08
 Reference value :  3.69625e-08
 Reference value :  3.69775e-08
 Reference value :  3.69975e-08
 Reference value :  3.70225e-08
 Reference value :  3.70475e-08
 Reference value :  3.70675e-08
 Reference value :  3.70825e-08
 Reference value :  3.71025e-08
 Reference value :  3.71275e-08
 Reference value :  3.71475e-08
 Reference value :  3.71675e-08
 Reference value :  3.71825e-08
 Reference value :  3.72025e-08
 Reference value :  3.72175e-08
 Reference value :  3.72375e-08
 Reference value :  3.72525e-08
 Reference value :  3.72725e-08
 Reference value :  3.72925e-08
 Reference value :  3.73075e-08
 Reference value :  3.73275e-08
 Reference value :  3.73475e-08
 Reference value :  3.73625e-08
 Reference value :  3.73825e-08
 Reference value :  3.74025e-08
 Reference value :  3.74225e-08
 Reference value :  3.74425e-08
 Reference value :  3.74675e-08
 Reference value :  3.74875e-08
 Reference value :  3.75125e-08
 Reference value :  3.75275e-08
 Reference value :  3.75475e-08
 Reference value :  3.75675e-08
 Reference value :  3.75925e-08
 Reference value :  3.76175e-08
 Reference value :  3.76375e-08
 Reference value :  3.76625e-08
 Reference value :  3.76825e-08
 Reference value :  3.77025e-08
 Reference value :  3.77225e-08
 Reference value :  3.77425e-08
 Reference value :  3.77625e-08
 Reference value :  3.77825e-08
 Reference value :  3.78025e-08
 Reference value :  3.78225e-08
 Reference value :  3.78425e-08
 Reference value :  3.78625e-08
 Reference value :  3.78825e-08
 Reference value :  3.79075e-08
 Reference value :  3.79225e-08
 Reference value :  3.79425e-08
 Reference value :  3.79625e-08
 Reference value :  3.79925e-08
 Reference value :  3.80175e-08
 Reference value :  3.80375e-08
 Reference value :  3.80575e-08
 Reference value :  3.80775e-08
 Reference value :  3.81025e-08
 Reference value :  3.81225e-08
 Reference value :  3.81375e-08
 Reference value :  3.81625e-08
 Reference value :  3.81825e-08
 Reference value :  3.82025e-08
 Reference value :  3.82225e-08
 Reference value :  3.82375e-08
 Reference value :  3.82575e-08
 Reference value :  3.82775e-08
 Reference value :  3.83025e-08
 Reference value :  3.83275e-08
 Reference value :  3.83525e-08
 Reference value :  3.83725e-08
 Reference value :  3.83925e-08
 Reference value :  3.84125e-08
 Reference value :  3.84375e-08
 Reference value :  3.84525e-08
 Reference value :  3.84725e-08
 Reference value :  3.84925e-08
 Reference value :  3.85075e-08
 Reference value :  3.85225e-08
 Reference value :  3.85425e-08
 Reference value :  3.85575e-08
 Reference value :  3.85775e-08
 Reference value :  3.85975e-08
 Reference value :  3.86225e-08
 Reference value :  3.86425e-08
 Reference value :  3.86725e-08
 Reference value :  3.87025e-08
 Reference value :  3.87275e-08
 Reference value :  3.87525e-08
 Reference value :  3.87725e-08
 Reference value :  3.87925e-08
 Reference value :  3.88125e-08
 Reference value :  3.88325e-08
 Reference value :  3.88525e-08
 Reference value :  3.88725e-08
 Reference value :  3.88975e-08
 Reference value :  3.89175e-08
 Reference value :  3.89375e-08
 Reference value :  3.89575e-08
 Reference value :  3.89825e-08
 Reference value :  3.90075e-08
 Reference value :  3.90325e-08
 Reference value :  3.90475e-08
 Reference value :  3.90675e-08
 Reference value :  3.90825e-08
 Reference value :  3.91025e-08
 Reference value :  3.91225e-08
 Reference value :  3.91475e-08
 Reference value :  3.91675e-08
 Reference value :  3.91875e-08
 Reference value :  3.92075e-08
 Reference value :  3.92275e-08
 Reference value :  3.92475e-08
 Reference value :  3.92675e-08
 Reference value :  3.92825e-08
 Reference value :  3.92975e-08
 Reference value :  3.93175e-08
 Reference value :  3.93325e-08
 Reference value :  3.93475e-08
 Reference value :  3.93625e-08
 Reference value :  3.93825e-08
 Reference value :  3.94075e-08
 Reference value :  3.94275e-08
 Reference value :  3.94525e-08
 Reference value :  3.94775e-08
 Reference value :  3.95025e-08
 Reference value :  3.95225e-08
 Reference value :  3.95425e-08
 Reference value :  3.95575e-08
 Reference value :  3.95775e-08
 Reference value :  3.95975e-08
 Reference value :  3.96225e-08
 Reference value :  3.96475e-08
 Reference value :  3.96675e-08
 Reference value :  3.96875e-08
 Reference value :  3.97125e-08
 Reference value :  3.97325e-08
 Reference value :  3.97525e-08
 Reference value :  3.97725e-08
 Reference value :  3.97925e-08
 Reference value :  3.98175e-08
 Reference value :  3.98325e-08
 Reference value :  3.98525e-08
 Reference value :  3.98775e-08
 Reference value :  3.98975e-08
 Reference value :  3.99175e-08
 Reference value :  3.99375e-08
 Reference value :  3.99575e-08
 Reference value :  3.99775e-08
 Reference value :  3.99975e-08
 Reference value :  4.00225e-08
 Reference value :  4.00425e-08
 Reference value :  4.00575e-08
 Reference value :  4.00725e-08
 Reference value :  4.00925e-08
 Reference value :  4.01125e-08
 Reference value :  4.01325e-08
 Reference value :  4.01525e-08
 Reference value :  4.01725e-08
 Reference value :  4.01925e-08
 Reference value :  4.02075e-08
 Reference value :  4.02275e-08
 Reference value :  4.02475e-08
 Reference value :  4.02675e-08
 Reference value :  4.02875e-08
 Reference value :  4.03075e-08
 Reference value :  4.03275e-08
 Reference value :  4.03475e-08
 Reference value :  4.03675e-08
 Reference value :  4.03875e-08
 Reference value :  4.04125e-08
 Reference value :  4.04325e-08
 Reference value :  4.04525e-08
 Reference value :  4.04725e-08
 Reference value :  4.04925e-08
 Reference value :  4.05125e-08
 Reference value :  4.05325e-08
 Reference value :  4.05525e-08
 Reference value :  4.05675e-08
 Reference value :  4.05825e-08
 Reference value :  4.06075e-08
 Reference value :  4.06225e-08
 Reference value :  4.06425e-08
 Reference value :  4.06625e-08
 Reference value :  4.06825e-08
 Reference value :  4.06975e-08
 Reference value :  4.07125e-08
 Reference value :  4.07325e-08
 Reference value :  4.07525e-08
 Reference value :  4.07725e-08
 Reference value :  4.07925e-08
 Reference value :  4.08125e-08
 Reference value :  4.08375e-08
 Reference value :  4.08625e-08
 Reference value :  4.08775e-08
 Reference value :  4.08925e-08
 Reference value :  4.09125e-08
 Reference value :  4.09275e-08
 Reference value :  4.09475e-08
 Reference value :  4.09675e-08
 Reference value :  4.09925e-08
 Reference value :  4.10125e-08
 Reference value :  4.10325e-08
 Reference value :  4.10575e-08
 Reference value :  4.10825e-08
 Reference value :  4.11075e-08
 Reference value :  4.11325e-08
 Reference value :  4.11525e-08
 Reference value :  4.11675e-08
 Reference value :  4.11875e-08
 Reference value :  4.12175e-08
 Reference value :  4.12425e-08
 Reference value :  4.12625e-08
 Reference value :  4.12875e-08
 Reference value :  4.13125e-08
 Reference value :  4.13375e-08
 Reference value :  4.13575e-08
 Reference value :  4.13775e-08
 Reference value :  4.13975e-08
 Reference value :  4.14225e-08
 Reference value :  4.14475e-08
 Reference value :  4.14675e-08
 Reference value :  4.14875e-08
 Reference value :  4.15125e-08
 Reference value :  4.15325e-08
 Reference value :  4.15575e-08
 Reference value :  4.15775e-08
 Reference value :  4.15975e-08
 Reference value :  4.16175e-08
 Reference value :  4.16475e-08
 Reference value :  4.16725e-08
 Reference value :  4.16925e-08
 Reference value :  4.17125e-08
 Reference value :  4.17325e-08
 Reference value :  4.17525e-08
 Reference value :  4.17725e-08
 Reference value :  4.17925e-08
 Reference value :  4.18125e-08
 Reference value :  4.18375e-08
 Reference value :  4.18575e-08
 Reference value :  4.18775e-08
 Reference value :  4.18975e-08
 Reference value :  4.19125e-08
 Reference value :  4.19275e-08
 Reference value :  4.19475e-08
 Reference value :  4.19675e-08
 Reference value :  4.19875e-08
 Reference value :  4.20075e-08
 Reference value :  4.20275e-08
 Reference value :  4.20575e-08
 Reference value :  4.20825e-08
 Reference value :  4.21025e-08
 Reference value :  4.21175e-08
 Reference value :  4.21375e-08
 Reference value :  4.21625e-08
 Reference value :  4.21875e-08
 Reference value :  4.22075e-08
 Reference value :  4.22275e-08
 Reference value :  4.22475e-08
 Reference value :  4.22625e-08
 Reference value :  4.22825e-08
 Reference value :  4.23025e-08
 Reference value :  4.23225e-08
 Reference value :  4.23425e-08
 Reference value :  4.23625e-08
 Reference value :  4.23825e-08
 Reference value :  4.24025e-08
 Reference value :  4.24225e-08
 Reference value :  4.24425e-08
 Reference value :  4.24625e-08
 Reference value :  4.24775e-08
 Reference value :  4.25075e-08
 Reference value :  4.25325e-08
 Reference value :  4.25475e-08
 Reference value :  4.25675e-08
 Reference value :  4.25875e-08
 Reference value :  4.26075e-08
 Reference value :  4.26325e-08
 Reference value :  4.26475e-08
 Reference value :  4.26675e-08
 Reference value :  4.26875e-08
 Reference value :  4.27175e-08
 Reference value :  4.27425e-08
 Reference value :  4.27575e-08
 Reference value :  4.27775e-08
 Reference value :  4.27975e-08
 Reference value :  4.28125e-08
 Reference value :  4.28375e-08
 Reference value :  4.28575e-08
 Reference value :  4.28775e-08
 Reference value :  4.28975e-08
 Reference value :  4.29175e-08
 Reference value :  4.29375e-08
 Reference value :  4.29575e-08
 Reference value :  4.29775e-08
 Reference value :  4.29975e-08
 Reference value :  4.30175e-08
 Reference value :  4.30325e-08
 Reference value :  4.30475e-08
 Reference value :  4.30625e-08
 Reference value :  4.30775e-08
 Reference value :  4.30975e-08
 Reference value :  4.31175e-08
 Reference value :  4.31325e-08
 Reference value :  4.31525e-08
 Reference value :  4.31725e-08
 Reference value :  4.31925e-08
 Reference value :  4.32175e-08
 Reference value :  4.32425e-08
 Reference value :  4.32625e-08
 Reference value :  4.32825e-08
 Reference value :  4.33075e-08
 Reference value :  4.33325e-08
 Reference value :  4.33525e-08
 Reference value :  4.33725e-08
 Reference value :  4.33925e-08
 Reference value :  4.34125e-08
 Reference value :  4.34425e-08
 Reference value :  4.34725e-08
 Reference value :  4.34975e-08
 Reference value :  4.35125e-08
 Reference value :  4.35325e-08
 Reference value :  4.35525e-08
 Reference value :  4.35725e-08
 Reference value :  4.35975e-08
 Reference value :  4.36125e-08
 Reference value :  4.36275e-08
 Reference value :  4.36525e-08
 Reference value :  4.36925e-08
 Reference value :  4.37125e-08
 Reference value :  4.37275e-08
 Reference value :  4.37475e-08
 Reference value :  4.37675e-08
 Reference value :  4.37875e-08
 Reference value :  4.38125e-08
 Reference value :  4.38275e-08
 Reference value :  4.38525e-08
 Reference value :  4.38725e-08
 Reference value :  4.38975e-08
 Reference value :  4.39125e-08
 Reference value :  4.39325e-08
 Reference value :  4.39525e-08
 Reference value :  4.39725e-08
 Reference value :  4.39975e-08
 Reference value :  4.40225e-08
 Reference value :  4.40475e-08
 Reference value :  4.40675e-08
 Reference value :  4.40875e-08
 Reference value :  4.41125e-08
 Reference value :  4.41375e-08
 Reference value :  4.41575e-08
 Reference value :  4.41825e-08
 Reference value :  4.41975e-08
 Reference value :  4.42175e-08
 Reference value :  4.42375e-08
 Reference value :  4.42625e-08
 Reference value :  4.42825e-08
 Reference value :  4.43025e-08
 Reference value :  4.43225e-08
 Reference value :  4.43425e-08
 Reference value :  4.43625e-08
 Reference value :  4.43875e-08
 Reference value :  4.44075e-08
 Reference value :  4.44275e-08
 Reference value :  4.44475e-08
 Reference value :  4.44675e-08
 Reference value :  4.44875e-08
 Reference value :  4.45025e-08
 Reference value :  4.45225e-08
 Reference value :  4.45425e-08
 Reference value :  4.45575e-08
 Reference value :  4.45825e-08
 Reference value :  4.46025e-08
 Reference value :  4.46175e-08
 Reference value :  4.46375e-08
 Reference value :  4.46575e-08
 Reference value :  4.46725e-08
 Reference value :  4.46925e-08
 Reference value :  4.47125e-08
 Reference value :  4.50425e-08
 Reference value :  4.50625e-08
 Reference value :  4.50825e-08
 Reference value :  4.51000e-08
No. of Data Rows : 9034
Note: Simulation executed from .control section 
