
Note: Compatibility modes selected: hs a


Circuit: * comparator-decision regen-time sweep -- vindiff=0.5mv corner=fs temp=-40.0c (issue #9)

option SCALE: Scale is set to 1e-06 for instance and model parameters
option SCALE: Scale is set to 1e-06 for instance and model parameters
option SCALE: Scale is set to 1e-06 for instance and model parameters
option SCALE: Scale is set to 1e-06 for instance and model parameters
Doing analysis at TEMP = -40.000000 and TNOM = 27.000000

Using KLU as Direct Linear Solver
 Reference value :  0.00000e+00
 Reference value :  4.00000e-13
 Reference value :  6.40000e-12
 Reference value :  2.14000e-11
 Reference value :  4.14000e-11
 Reference value :  6.14000e-11
 Reference value :  8.14000e-11
 Reference value :  1.06400e-10
 Reference value :  1.26400e-10
 Reference value :  1.46400e-10
 Reference value :  1.66400e-10
 Reference value :  1.86400e-10
 Reference value :  2.01400e-10
 Reference value :  2.16400e-10
 Reference value :  2.36400e-10
 Reference value :  2.56400e-10
 Reference value :  2.76400e-10
 Reference value :  3.01400e-10
 Reference value :  3.26400e-10
 Reference value :  3.46400e-10
 Reference value :  3.66400e-10
 Reference value :  3.86400e-10
 Reference value :  4.06400e-10
 Reference value :  4.26400e-10
 Reference value :  4.46400e-10
 Reference value :  4.66400e-10
 Reference value :  4.91400e-10
 Reference value :  5.06400e-10
 Reference value :  5.26400e-10
 Reference value :  5.46400e-10
 Reference value :  5.66400e-10
 Reference value :  5.91400e-10
 Reference value :  6.06400e-10
 Reference value :  6.26400e-10
 Reference value :  6.41400e-10
 Reference value :  6.61400e-10
 Reference value :  6.91400e-10
 Reference value :  7.16400e-10
 Reference value :  7.36400e-10
 Reference value :  7.56400e-10
 Reference value :  7.76400e-10
 Reference value :  7.96400e-10
 Reference value :  8.21400e-10
 Reference value :  8.41400e-10
 Reference value :  8.61400e-10
 Reference value :  8.81400e-10
 Reference value :  9.01400e-10
 Reference value :  9.16400e-10
 Reference value :  9.36400e-10
 Reference value :  9.56400e-10
 Reference value :  9.76400e-10
 Reference value :  1.00640e-09
 Reference value :  1.08140e-09
 Reference value :  1.10140e-09
 Reference value :  1.12140e-09
 Reference value :  1.13640e-09
 Reference value :  1.15640e-09
 Reference value :  1.17640e-09
 Reference value :  1.19640e-09
 Reference value :  1.22140e-09
 Reference value :  1.24640e-09
 Reference value :  1.27140e-09
 Reference value :  1.29140e-09
 Reference value :  1.30640e-09
 Reference value :  1.33140e-09
 Reference value :  1.35640e-09
 Reference value :  1.37640e-09
 Reference value :  1.39640e-09
 Reference value :  1.41640e-09
 Reference value :  1.43640e-09
 Reference value :  1.46140e-09
 Reference value :  1.48140e-09
 Reference value :  1.50140e-09
 Reference value :  1.52140e-09
 Reference value :  1.54140e-09
 Reference value :  1.56140e-09
 Reference value :  1.58140e-09
 Reference value :  1.59640e-09
 Reference value :  1.61640e-09
 Reference value :  1.64140e-09
 Reference value :  1.66140e-09
 Reference value :  1.68140e-09
 Reference value :  1.70140e-09
 Reference value :  1.72140e-09
 Reference value :  1.74140e-09
 Reference value :  1.76140e-09
 Reference value :  1.78140e-09
 Reference value :  1.80140e-09
 Reference value :  1.81640e-09
 Reference value :  1.83640e-09
 Reference value :  1.85640e-09
 Reference value :  1.87640e-09
 Reference value :  1.89140e-09
 Reference value :  1.91140e-09
 Reference value :  1.93640e-09
 Reference value :  1.95640e-09
 Reference value :  1.98140e-09
 Reference value :  2.00140e-09
 Reference value :  2.02140e-09
 Reference value :  2.04140e-09
 Reference value :  2.06140e-09
 Reference value :  2.08140e-09
 Reference value :  2.09640e-09
 Reference value :  2.12140e-09
 Reference value :  2.14640e-09
 Reference value :  2.16640e-09
 Reference value :  2.18640e-09
 Reference value :  2.20140e-09
 Reference value :  2.21640e-09
 Reference value :  2.23640e-09
 Reference value :  2.25140e-09
 Reference value :  2.27140e-09
 Reference value :  2.28640e-09
 Reference value :  2.30140e-09
 Reference value :  2.32640e-09
 Reference value :  2.34140e-09
 Reference value :  2.35640e-09
 Reference value :  2.38140e-09
 Reference value :  2.40640e-09
 Reference value :  2.43140e-09
 Reference value :  2.45640e-09
 Reference value :  2.47640e-09
 Reference value :  2.49640e-09
 Reference value :  2.52140e-09
 Reference value :  2.54640e-09
 Reference value :  2.57140e-09
 Reference value :  2.59140e-09
 Reference value :  2.61140e-09
 Reference value :  2.63140e-09
 Reference value :  2.64640e-09
 Reference value :  2.66140e-09
 Reference value :  2.68640e-09
 Reference value :  2.70640e-09
 Reference value :  2.72640e-09
 Reference value :  2.74640e-09
 Reference value :  2.76640e-09
 Reference value :  2.79140e-09
 Reference value :  2.81140e-09
 Reference value :  2.83140e-09
 Reference value :  2.85640e-09
 Reference value :  2.87640e-09
 Reference value :  2.89640e-09
 Reference value :  2.91140e-09
 Reference value :  2.93140e-09
 Reference value :  2.94640e-09
 Reference value :  2.96640e-09
 Reference value :  2.98640e-09
 Reference value :  3.00640e-09
 Reference value :  3.02640e-09
 Reference value :  3.04640e-09
 Reference value :  3.06640e-09
 Reference value :  3.08640e-09
 Reference value :  3.10640e-09
 Reference value :  3.12640e-09
 Reference value :  3.14640e-09
 Reference value :  3.16140e-09
 Reference value :  3.18140e-09
 Reference value :  3.20140e-09
 Reference value :  3.21640e-09
 Reference value :  3.24140e-09
 Reference value :  3.26140e-09
 Reference value :  3.28140e-09
 Reference value :  3.30140e-09
 Reference value :  3.32140e-09
 Reference value :  3.34640e-09
 Reference value :  3.36640e-09
 Reference value :  3.38140e-09
 Reference value :  3.40640e-09
 Reference value :  3.42640e-09
 Reference value :  3.44640e-09
 Reference value :  3.46640e-09
 Reference value :  3.48640e-09
 Reference value :  3.50640e-09
 Reference value :  3.53140e-09
 Reference value :  3.54640e-09
 Reference value :  3.56640e-09
 Reference value :  3.58140e-09
 Reference value :  3.60140e-09
 Reference value :  3.62140e-09
 Reference value :  3.64140e-09
 Reference value :  3.67140e-09
 Reference value :  3.69140e-09
 Reference value :  3.71140e-09
 Reference value :  3.73640e-09
 Reference value :  3.75140e-09
 Reference value :  3.77140e-09
 Reference value :  3.79140e-09
 Reference value :  3.81140e-09
 Reference value :  3.83140e-09
 Reference value :  3.85140e-09
 Reference value :  3.87140e-09
 Reference value :  3.89140e-09
 Reference value :  3.91640e-09
 Reference value :  3.93640e-09
 Reference value :  3.95140e-09
 Reference value :  3.96640e-09
 Reference value :  3.98640e-09
 Reference value :  4.00140e-09
 Reference value :  4.02140e-09
 Reference value :  4.03640e-09
 Reference value :  4.05640e-09
 Reference value :  4.07140e-09
 Reference value :  4.09140e-09
 Reference value :  4.10640e-09
 Reference value :  4.12140e-09
 Reference value :  4.13640e-09
 Reference value :  4.15640e-09
 Reference value :  4.17640e-09
 Reference value :  4.20140e-09
 Reference value :  4.22640e-09
 Reference value :  4.24140e-09
 Reference value :  4.26140e-09
 Reference value :  4.28140e-09
 Reference value :  4.30140e-09
 Reference value :  4.31640e-09
 Reference value :  4.33640e-09
 Reference value :  4.35140e-09
 Reference value :  4.37140e-09
 Reference value :  4.39140e-09
 Reference value :  4.41140e-09
 Reference value :  4.43640e-09
 Reference value :  4.45640e-09
 Reference value :  4.48140e-09
 Reference value :  4.49640e-09
 Reference value :  4.51640e-09
 Reference value :  4.54140e-09
 Reference value :  4.56140e-09
 Reference value :  4.58140e-09
 Reference value :  4.60140e-09
 Reference value :  4.62140e-09
 Reference value :  4.64640e-09
 Reference value :  4.66140e-09
 Reference value :  4.68140e-09
 Reference value :  4.70140e-09
 Reference value :  4.72140e-09
 Reference value :  4.74140e-09
 Reference value :  4.76640e-09
 Reference value :  4.78640e-09
 Reference value :  4.80140e-09
 Reference value :  4.81640e-09
 Reference value :  4.83640e-09
 Reference value :  4.85640e-09
 Reference value :  4.87640e-09
 Reference value :  4.89640e-09
 Reference value :  4.92140e-09
 Reference value :  4.94640e-09
 Reference value :  4.96640e-09
 Reference value :  4.98140e-09
 Reference value :  5.00050e-09
 Reference value :  5.00750e-09
 Reference value :  5.03250e-09
 Reference value :  5.04750e-09
 Reference value :  5.06750e-09
 Reference value :  5.08750e-09
 Reference value :  5.10000e-09
 Reference value :  5.11250e-09
 Reference value :  5.12750e-09
 Reference value :  5.14250e-09
 Reference value :  5.16750e-09
 Reference value :  5.18750e-09
 Reference value :  5.20250e-09
 Reference value :  5.21750e-09
 Reference value :  5.23750e-09
 Reference value :  5.25750e-09
 Reference value :  5.27750e-09
 Reference value :  5.29750e-09
 Reference value :  5.31250e-09
 Reference value :  5.33250e-09
 Reference value :  5.35250e-09
 Reference value :  5.37250e-09
 Reference value :  5.39250e-09
 Reference value :  5.40750e-09
 Reference value :  5.42750e-09
 Reference value :  5.44750e-09
 Reference value :  5.47250e-09
 Reference value :  5.49250e-09
 Reference value :  5.51750e-09
 Reference value :  5.53750e-09
 Reference value :  5.56250e-09
 Reference value :  5.58750e-09
 Reference value :  5.60750e-09
 Reference value :  5.62750e-09
 Reference value :  5.65250e-09
 Reference value :  5.66750e-09
 Reference value :  5.68250e-09
 Reference value :  5.70250e-09
 Reference value :  5.72250e-09
 Reference value :  5.74250e-09
 Reference value :  5.75750e-09
 Reference value :  5.77250e-09
 Reference value :  5.79250e-09
 Reference value :  5.80750e-09
 Reference value :  5.82250e-09
 Reference value :  5.84250e-09
 Reference value :  5.86250e-09
 Reference value :  5.88250e-09
 Reference value :  5.89750e-09
 Reference value :  5.91750e-09
 Reference value :  5.93250e-09
 Reference value :  5.94750e-09
 Reference value :  5.96750e-09
 Reference value :  5.98750e-09
 Reference value :  6.00750e-09
 Reference value :  6.02750e-09
 Reference value :  6.04750e-09
 Reference value :  6.06250e-09
 Reference value :  6.07750e-09
 Reference value :  6.09750e-09
 Reference value :  6.12250e-09
 Reference value :  6.14750e-09
 Reference value :  6.16750e-09
 Reference value :  6.18750e-09
 Reference value :  6.20750e-09
 Reference value :  6.23250e-09
 Reference value :  6.25250e-09
 Reference value :  6.27250e-09
 Reference value :  6.29250e-09
 Reference value :  6.30750e-09
 Reference value :  6.32750e-09
 Reference value :  6.34750e-09
 Reference value :  6.36250e-09
 Reference value :  6.39750e-09
 Reference value :  6.41750e-09
 Reference value :  6.43250e-09
 Reference value :  6.45250e-09
 Reference value :  6.47250e-09
 Reference value :  6.49750e-09
 Reference value :  6.51750e-09
 Reference value :  6.54250e-09
 Reference value :  6.56750e-09
 Reference value :  6.58750e-09
 Reference value :  6.60750e-09
 Reference value :  6.62750e-09
 Reference value :  6.64750e-09
 Reference value :  6.66750e-09
 Reference value :  6.69250e-09
 Reference value :  6.71250e-09
 Reference value :  6.73250e-09
 Reference value :  6.74750e-09
 Reference value :  6.76250e-09
 Reference value :  6.78250e-09
 Reference value :  6.80750e-09
 Reference value :  6.82750e-09
 Reference value :  6.85250e-09
 Reference value :  6.87250e-09
 Reference value :  6.88750e-09
 Reference value :  6.90750e-09
 Reference value :  6.92750e-09
 Reference value :  6.94750e-09
 Reference value :  6.96250e-09
 Reference value :  6.98250e-09
 Reference value :  6.99750e-09
 Reference value :  7.02250e-09
 Reference value :  7.04250e-09
 Reference value :  7.06750e-09
 Reference value :  7.08750e-09
 Reference value :  7.10250e-09
 Reference value :  7.12250e-09
 Reference value :  7.14250e-09
 Reference value :  7.16250e-09
 Reference value :  7.17750e-09
 Reference value :  7.19750e-09
 Reference value :  7.21750e-09
 Reference value :  7.23750e-09
 Reference value :  7.25750e-09
 Reference value :  7.27750e-09
 Reference value :  7.29750e-09
 Reference value :  7.31750e-09
 Reference value :  7.33250e-09
 Reference value :  7.35250e-09
 Reference value :  7.36750e-09
 Reference value :  7.38750e-09
 Reference value :  7.40750e-09
 Reference value :  7.43250e-09
 Reference value :  7.45250e-09
 Reference value :  7.48250e-09
 Reference value :  7.50750e-09
 Reference value :  7.53250e-09
 Reference value :  7.55250e-09
 Reference value :  7.57750e-09
 Reference value :  7.59750e-09
 Reference value :  7.62250e-09
 Reference value :  7.63750e-09
 Reference value :  7.65750e-09
 Reference value :  7.68250e-09
 Reference value :  7.69750e-09
 Reference value :  7.71750e-09
 Reference value :  7.73750e-09
 Reference value :  7.75750e-09
 Reference value :  7.78250e-09
 Reference value :  7.80250e-09
 Reference value :  7.82250e-09
 Reference value :  7.84250e-09
 Reference value :  7.85750e-09
 Reference value :  7.87750e-09
 Reference value :  7.89750e-09
 Reference value :  7.91750e-09
 Reference value :  7.93750e-09
 Reference value :  7.96250e-09
 Reference value :  7.98750e-09
 Reference value :  8.00750e-09
 Reference value :  8.02750e-09
 Reference value :  8.04750e-09
 Reference value :  8.06250e-09
 Reference value :  8.08250e-09
 Reference value :  8.10250e-09
 Reference value :  8.12250e-09
 Reference value :  8.14750e-09
 Reference value :  8.17250e-09
 Reference value :  8.19750e-09
 Reference value :  8.21750e-09
 Reference value :  8.24250e-09
 Reference value :  8.26750e-09
 Reference value :  8.28250e-09
 Reference value :  8.30250e-09
 Reference value :  8.32250e-09
 Reference value :  8.34750e-09
 Reference value :  8.36750e-09
 Reference value :  8.38750e-09
 Reference value :  8.40250e-09
 Reference value :  8.42250e-09
 Reference value :  8.43750e-09
 Reference value :  8.45750e-09
 Reference value :  8.47250e-09
 Reference value :  8.49250e-09
 Reference value :  8.51250e-09
 Reference value :  8.53750e-09
 Reference value :  8.56750e-09
 Reference value :  8.58750e-09
 Reference value :  8.61250e-09
 Reference value :  8.63250e-09
 Reference value :  8.65250e-09
 Reference value :  8.67250e-09
 Reference value :  8.69250e-09
 Reference value :  8.71750e-09
 Reference value :  8.73250e-09
 Reference value :  8.74750e-09
 Reference value :  8.76750e-09
 Reference value :  8.78750e-09
 Reference value :  8.80750e-09
 Reference value :  8.82750e-09
 Reference value :  8.84750e-09
 Reference value :  8.86750e-09
 Reference value :  8.89250e-09
 Reference value :  8.91250e-09
 Reference value :  8.93250e-09
 Reference value :  8.95250e-09
 Reference value :  8.97750e-09
 Reference value :  8.99750e-09
 Reference value :  9.01750e-09
 Reference value :  9.03250e-09
 Reference value :  9.05250e-09
 Reference value :  9.07250e-09
 Reference value :  9.09250e-09
 Reference value :  9.11250e-09
 Reference value :  9.13750e-09
 Reference value :  9.15750e-09
 Reference value :  9.17750e-09
 Reference value :  9.19750e-09
 Reference value :  9.21250e-09
 Reference value :  9.23250e-09
 Reference value :  9.24750e-09
 Reference value :  9.26750e-09
 Reference value :  9.28750e-09
 Reference value :  9.30750e-09
 Reference value :  9.32750e-09
 Reference value :  9.34750e-09
 Reference value :  9.36750e-09
 Reference value :  9.38750e-09
 Reference value :  9.41250e-09
 Reference value :  9.43250e-09
 Reference value :  9.44750e-09
 Reference value :  9.46750e-09
 Reference value :  9.48250e-09
 Reference value :  9.50250e-09
 Reference value :  9.52250e-09
 Reference value :  9.54250e-09
 Reference value :  9.56250e-09
 Reference value :  9.58250e-09
 Reference value :  9.60750e-09
 Reference value :  9.63250e-09
 Reference value :  9.65250e-09
 Reference value :  9.66750e-09
 Reference value :  9.69250e-09
 Reference value :  9.71250e-09
 Reference value :  9.73750e-09
 Reference value :  9.76250e-09
 Reference value :  9.78250e-09
 Reference value :  9.80750e-09
 Reference value :  9.82750e-09
 Reference value :  9.84750e-09
 Reference value :  9.87250e-09
 Reference value :  9.89250e-09
 Reference value :  9.91250e-09
 Reference value :  9.93250e-09
 Reference value :  9.95250e-09
 Reference value :  9.97250e-09
 Reference value :  9.99250e-09
 Reference value :  1.00125e-08
 Reference value :  1.00325e-08
 Reference value :  1.00525e-08
 Reference value :  1.00675e-08
 Reference value :  1.00925e-08
 Reference value :  1.01175e-08
 Reference value :  1.01375e-08
 Reference value :  1.01525e-08
 Reference value :  1.01775e-08
 Reference value :  1.01975e-08
 Reference value :  1.02225e-08
 Reference value :  1.02425e-08
 Reference value :  1.02625e-08
 Reference value :  1.02825e-08
 Reference value :  1.03025e-08
 Reference value :  1.03225e-08
 Reference value :  1.03425e-08
 Reference value :  1.03625e-08
 Reference value :  1.03825e-08
 Reference value :  1.04075e-08
 Reference value :  1.04275e-08
 Reference value :  1.04525e-08
 Reference value :  1.04725e-08
 Reference value :  1.04975e-08
 Reference value :  1.05175e-08
 Reference value :  1.05375e-08
 Reference value :  1.05575e-08
 Reference value :  1.05775e-08
 Reference value :  1.05975e-08
 Reference value :  1.06225e-08
 Reference value :  1.06425e-08
 Reference value :  1.06575e-08
 Reference value :  1.06825e-08
 Reference value :  1.07075e-08
 Reference value :  1.07225e-08
 Reference value :  1.07475e-08
 Reference value :  1.07675e-08
 Reference value :  1.07925e-08
 Reference value :  1.08125e-08
 Reference value :  1.08325e-08
 Reference value :  1.08525e-08
 Reference value :  1.08775e-08
 Reference value :  1.09025e-08
 Reference value :  1.09225e-08
 Reference value :  1.09425e-08
 Reference value :  1.09625e-08
 Reference value :  1.09825e-08
 Reference value :  1.09975e-08
 Reference value :  1.10125e-08
 Reference value :  1.10325e-08
 Reference value :  1.10625e-08
 Reference value :  1.10825e-08
 Reference value :  1.10975e-08
 Reference value :  1.11175e-08
 Reference value :  1.11375e-08
 Reference value :  1.11625e-08
 Reference value :  1.11825e-08
 Reference value :  1.12025e-08
 Reference value :  1.12225e-08
 Reference value :  1.12425e-08
 Reference value :  1.12625e-08
 Reference value :  1.12775e-08
 Reference value :  1.12975e-08
 Reference value :  1.13175e-08
 Reference value :  1.13425e-08
 Reference value :  1.13575e-08
 Reference value :  1.13775e-08
 Reference value :  1.14025e-08
 Reference value :  1.14225e-08
 Reference value :  1.14375e-08
 Reference value :  1.14575e-08
 Reference value :  1.14775e-08
 Reference value :  1.14975e-08
 Reference value :  1.15175e-08
 Reference value :  1.15425e-08
 Reference value :  1.15625e-08
 Reference value :  1.15875e-08
 Reference value :  1.16075e-08
 Reference value :  1.16275e-08
 Reference value :  1.16475e-08
 Reference value :  1.16725e-08
 Reference value :  1.16925e-08
 Reference value :  1.17175e-08
 Reference value :  1.17375e-08
 Reference value :  1.17575e-08
 Reference value :  1.17875e-08
 Reference value :  1.18075e-08
 Reference value :  1.18325e-08
 Reference value :  1.18525e-08
 Reference value :  1.18775e-08
 Reference value :  1.18975e-08
 Reference value :  1.19125e-08
 Reference value :  1.19325e-08
 Reference value :  1.19525e-08
 Reference value :  1.19725e-08
 Reference value :  1.19875e-08
 Reference value :  1.20075e-08
 Reference value :  1.20275e-08
 Reference value :  1.20475e-08
 Reference value :  1.20675e-08
 Reference value :  1.20825e-08
 Reference value :  1.21025e-08
 Reference value :  1.21175e-08
 Reference value :  1.21375e-08
 Reference value :  1.21525e-08
 Reference value :  1.21725e-08
 Reference value :  1.21925e-08
 Reference value :  1.22175e-08
 Reference value :  1.22375e-08
 Reference value :  1.22575e-08
 Reference value :  1.22825e-08
 Reference value :  1.22975e-08
 Reference value :  1.23175e-08
 Reference value :  1.23375e-08
 Reference value :  1.23525e-08
 Reference value :  1.23675e-08
 Reference value :  1.23875e-08
 Reference value :  1.24075e-08
 Reference value :  1.24275e-08
 Reference value :  1.24525e-08
 Reference value :  1.24725e-08
 Reference value :  1.24925e-08
 Reference value :  1.25175e-08
 Reference value :  1.25375e-08
 Reference value :  1.25625e-08
 Reference value :  1.25875e-08
 Reference value :  1.26075e-08
 Reference value :  1.26275e-08
 Reference value :  1.26525e-08
 Reference value :  1.26775e-08
 Reference value :  1.26975e-08
 Reference value :  1.27225e-08
 Reference value :  1.27425e-08
 Reference value :  1.27575e-08
 Reference value :  1.27825e-08
 Reference value :  1.28025e-08
 Reference value :  1.28225e-08
 Reference value :  1.28425e-08
 Reference value :  1.28625e-08
 Reference value :  1.28775e-08
 Reference value :  1.28925e-08
 Reference value :  1.29125e-08
 Reference value :  1.29325e-08
 Reference value :  1.29525e-08
 Reference value :  1.29675e-08
 Reference value :  1.29875e-08
 Reference value :  1.30075e-08
 Reference value :  1.30325e-08
 Reference value :  1.30575e-08
 Reference value :  1.30775e-08
 Reference value :  1.30925e-08
 Reference value :  1.31175e-08
 Reference value :  1.31375e-08
 Reference value :  1.31625e-08
 Reference value :  1.31825e-08
 Reference value :  1.32025e-08
 Reference value :  1.32275e-08
 Reference value :  1.32525e-08
 Reference value :  1.32775e-08
 Reference value :  1.32975e-08
 Reference value :  1.33175e-08
 Reference value :  1.33425e-08
 Reference value :  1.33675e-08
 Reference value :  1.33825e-08
 Reference value :  1.34025e-08
 Reference value :  1.34225e-08
 Reference value :  1.34425e-08
 Reference value :  1.34675e-08
 Reference value :  1.34925e-08
 Reference value :  1.35175e-08
 Reference value :  1.35425e-08
 Reference value :  1.35675e-08
 Reference value :  1.35875e-08
 Reference value :  1.36075e-08
 Reference value :  1.36275e-08
 Reference value :  1.36475e-08
 Reference value :  1.36725e-08
 Reference value :  1.36975e-08
 Reference value :  1.37175e-08
 Reference value :  1.37375e-08
 Reference value :  1.37575e-08
 Reference value :  1.37775e-08
 Reference value :  1.37975e-08
 Reference value :  1.38175e-08
 Reference value :  1.38375e-08
 Reference value :  1.38575e-08
 Reference value :  1.38825e-08
 Reference value :  1.39025e-08
 Reference value :  1.39275e-08
 Reference value :  1.39525e-08
 Reference value :  1.39725e-08
 Reference value :  1.39925e-08
 Reference value :  1.40175e-08
 Reference value :  1.40425e-08
 Reference value :  1.40625e-08
 Reference value :  1.40825e-08
 Reference value :  1.41075e-08
 Reference value :  1.41275e-08
 Reference value :  1.41475e-08
 Reference value :  1.41675e-08
 Reference value :  1.41875e-08
 Reference value :  1.42075e-08
 Reference value :  1.42275e-08
 Reference value :  1.42475e-08
 Reference value :  1.42675e-08
 Reference value :  1.42875e-08
 Reference value :  1.43075e-08
 Reference value :  1.43275e-08
 Reference value :  1.43525e-08
 Reference value :  1.43775e-08
 Reference value :  1.44025e-08
 Reference value :  1.44275e-08
 Reference value :  1.44475e-08
 Reference value :  1.44675e-08
 Reference value :  1.44875e-08
 Reference value :  1.45025e-08
 Reference value :  1.45225e-08
 Reference value :  1.45475e-08
 Reference value :  1.45775e-08
 Reference value :  1.46025e-08
 Reference value :  1.46175e-08
 Reference value :  1.46375e-08
 Reference value :  1.46575e-08
 Reference value :  1.46825e-08
 Reference value :  1.47075e-08
 Reference value :  1.47275e-08
 Reference value :  1.47475e-08
 Reference value :  1.47725e-08
 Reference value :  1.47925e-08
 Reference value :  1.48125e-08
 Reference value :  1.48325e-08
 Reference value :  1.48525e-08
 Reference value :  1.48725e-08
 Reference value :  1.48925e-08
 Reference value :  1.49125e-08
 Reference value :  1.49325e-08
 Reference value :  1.49525e-08
 Reference value :  1.49725e-08
 Reference value :  1.49925e-08
 Reference value :  1.50175e-08
 Reference value :  1.50375e-08
 Reference value :  1.50525e-08
 Reference value :  1.50725e-08
 Reference value :  1.50975e-08
 Reference value :  1.51225e-08
 Reference value :  1.51425e-08
 Reference value :  1.51625e-08
 Reference value :  1.51875e-08
 Reference value :  1.52075e-08
 Reference value :  1.52275e-08
 Reference value :  1.52475e-08
 Reference value :  1.52675e-08
 Reference value :  1.52875e-08
 Reference value :  1.53125e-08
 Reference value :  1.53375e-08
 Reference value :  1.53625e-08
 Reference value :  1.53875e-08
 Reference value :  1.54125e-08
 Reference value :  1.54325e-08
 Reference value :  1.54475e-08
 Reference value :  1.54675e-08
 Reference value :  1.54875e-08
 Reference value :  1.55075e-08
 Reference value :  1.55225e-08
 Reference value :  1.55475e-08
 Reference value :  1.55725e-08
 Reference value :  1.55925e-08
 Reference value :  1.56075e-08
 Reference value :  1.56275e-08
 Reference value :  1.56475e-08
 Reference value :  1.56675e-08
 Reference value :  1.56875e-08
 Reference value :  1.57075e-08
 Reference value :  1.57275e-08
 Reference value :  1.57475e-08
 Reference value :  1.57675e-08
 Reference value :  1.57875e-08
 Reference value :  1.58025e-08
 Reference value :  1.58175e-08
 Reference value :  1.58375e-08
 Reference value :  1.58575e-08
 Reference value :  1.58725e-08
 Reference value :  1.58925e-08
 Reference value :  1.59125e-08
 Reference value :  1.59375e-08
 Reference value :  1.59625e-08
 Reference value :  1.59825e-08
 Reference value :  1.60025e-08
 Reference value :  1.60175e-08
 Reference value :  1.60325e-08
 Reference value :  1.60475e-08
 Reference value :  1.60625e-08
 Reference value :  1.60825e-08
 Reference value :  1.61025e-08
 Reference value :  1.61275e-08
 Reference value :  1.61425e-08
 Reference value :  1.61625e-08
 Reference value :  1.61825e-08
 Reference value :  1.61975e-08
 Reference value :  1.62175e-08
 Reference value :  1.62375e-08
 Reference value :  1.62575e-08
 Reference value :  1.62825e-08
 Reference value :  1.63075e-08
 Reference value :  1.63275e-08
 Reference value :  1.63475e-08
 Reference value :  1.63725e-08
 Reference value :  1.63925e-08
 Reference value :  1.64125e-08
 Reference value :  1.64325e-08
 Reference value :  1.64525e-08
 Reference value :  1.64675e-08
 Reference value :  1.64925e-08
 Reference value :  1.65125e-08
 Reference value :  1.65325e-08
 Reference value :  1.65575e-08
 Reference value :  1.65775e-08
 Reference value :  1.66025e-08
 Reference value :  1.66225e-08
 Reference value :  1.66425e-08
 Reference value :  1.66625e-08
 Reference value :  1.66825e-08
 Reference value :  1.67025e-08
 Reference value :  1.67275e-08
 Reference value :  1.67425e-08
 Reference value :  1.67625e-08
 Reference value :  1.67825e-08
 Reference value :  1.68025e-08
 Reference value :  1.68275e-08
 Reference value :  1.68425e-08
 Reference value :  1.68625e-08
 Reference value :  1.68875e-08
 Reference value :  1.69075e-08
 Reference value :  1.69325e-08
 Reference value :  1.69525e-08
 Reference value :  1.69775e-08
 Reference value :  1.70025e-08
 Reference value :  1.70225e-08
 Reference value :  1.70375e-08
 Reference value :  1.70575e-08
 Reference value :  1.70775e-08
 Reference value :  1.70975e-08
 Reference value :  1.71125e-08
 Reference value :  1.71325e-08
 Reference value :  1.71475e-08
 Reference value :  1.71675e-08
 Reference value :  1.71875e-08
 Reference value :  1.72075e-08
 Reference value :  1.72325e-08
 Reference value :  1.72525e-08
 Reference value :  1.72725e-08
 Reference value :  1.72875e-08
 Reference value :  1.73025e-08
 Reference value :  1.73225e-08
 Reference value :  1.73425e-08
 Reference value :  1.73675e-08
 Reference value :  1.73875e-08
 Reference value :  1.74025e-08
 Reference value :  1.74225e-08
 Reference value :  1.74425e-08
 Reference value :  1.74625e-08
 Reference value :  1.74825e-08
 Reference value :  1.75075e-08
 Reference value :  1.75275e-08
 Reference value :  1.75425e-08
 Reference value :  1.75675e-08
 Reference value :  1.75875e-08
 Reference value :  1.76075e-08
 Reference value :  1.76275e-08
 Reference value :  1.76475e-08
 Reference value :  1.76675e-08
 Reference value :  1.76875e-08
 Reference value :  1.77075e-08
 Reference value :  1.77275e-08
 Reference value :  1.77475e-08
 Reference value :  1.77675e-08
 Reference value :  1.77875e-08
 Reference value :  1.78025e-08
 Reference value :  1.78175e-08
 Reference value :  1.78375e-08
 Reference value :  1.78575e-08
 Reference value :  1.78775e-08
 Reference value :  1.78975e-08
 Reference value :  1.79175e-08
 Reference value :  1.79375e-08
 Reference value :  1.79575e-08
 Reference value :  1.79775e-08
 Reference value :  1.80025e-08
 Reference value :  1.80225e-08
 Reference value :  1.80425e-08
 Reference value :  1.80625e-08
 Reference value :  1.80825e-08
 Reference value :  1.81025e-08
 Reference value :  1.81275e-08
 Reference value :  1.81425e-08
 Reference value :  1.81625e-08
 Reference value :  1.81825e-08
 Reference value :  1.81975e-08
 Reference value :  1.82175e-08
 Reference value :  1.82375e-08
 Reference value :  1.82525e-08
 Reference value :  1.82825e-08
 Reference value :  1.83025e-08
 Reference value :  1.83275e-08
 Reference value :  1.83425e-08
 Reference value :  1.83625e-08
 Reference value :  1.83825e-08
 Reference value :  1.83975e-08
 Reference value :  1.84125e-08
 Reference value :  1.84325e-08
 Reference value :  1.84475e-08
 Reference value :  1.84675e-08
 Reference value :  1.84975e-08
 Reference value :  1.85225e-08
 Reference value :  1.85425e-08
 Reference value :  1.85675e-08
 Reference value :  1.85875e-08
 Reference value :  1.86075e-08
 Reference value :  1.86275e-08
 Reference value :  1.86525e-08
 Reference value :  1.86775e-08
 Reference value :  1.87025e-08
 Reference value :  1.87275e-08
 Reference value :  1.87475e-08
 Reference value :  1.87725e-08
 Reference value :  1.87925e-08
 Reference value :  1.88125e-08
 Reference value :  1.88325e-08
 Reference value :  1.88575e-08
 Reference value :  1.88775e-08
 Reference value :  1.89025e-08
 Reference value :  1.89275e-08
 Reference value :  1.89475e-08
 Reference value :  1.89675e-08
 Reference value :  1.89875e-08
 Reference value :  1.90075e-08
 Reference value :  1.90275e-08
 Reference value :  1.90525e-08
 Reference value :  1.90775e-08
 Reference value :  1.90975e-08
 Reference value :  1.91175e-08
 Reference value :  1.91375e-08
 Reference value :  1.91575e-08
 Reference value :  1.91775e-08
 Reference value :  1.92025e-08
 Reference value :  1.92225e-08
 Reference value :  1.92425e-08
 Reference value :  1.92625e-08
 Reference value :  1.92775e-08
 Reference value :  1.92975e-08
 Reference value :  1.93225e-08
 Reference value :  1.93475e-08
 Reference value :  1.93675e-08
 Reference value :  1.93875e-08
 Reference value :  1.94025e-08
 Reference value :  1.94225e-08
 Reference value :  1.94425e-08
 Reference value :  1.94625e-08
 Reference value :  1.94775e-08
 Reference value :  1.95025e-08
 Reference value :  1.95275e-08
 Reference value :  1.95475e-08
 Reference value :  1.95725e-08
 Reference value :  1.95925e-08
 Reference value :  1.96125e-08
 Reference value :  1.96375e-08
 Reference value :  1.96575e-08
 Reference value :  1.96775e-08
 Reference value :  1.96975e-08
 Reference value :  1.97225e-08
 Reference value :  1.97475e-08
 Reference value :  1.97775e-08
 Reference value :  1.98025e-08
 Reference value :  1.98225e-08
 Reference value :  1.98425e-08
 Reference value :  1.98625e-08
 Reference value :  1.98775e-08
 Reference value :  1.98975e-08
 Reference value :  1.99175e-08
 Reference value :  1.99375e-08
 Reference value :  1.99575e-08
 Reference value :  1.99775e-08
 Reference value :  1.99975e-08
 Reference value :  2.00225e-08
 Reference value :  2.00475e-08
 Reference value :  2.00675e-08
 Reference value :  2.00875e-08
 Reference value :  2.01025e-08
 Reference value :  2.01225e-08
 Reference value :  2.01525e-08
 Reference value :  2.01775e-08
 Reference value :  2.02025e-08
 Reference value :  2.02225e-08
 Reference value :  2.02425e-08
 Reference value :  2.02675e-08
 Reference value :  2.02875e-08
 Reference value :  2.03075e-08
 Reference value :  2.03275e-08
 Reference value :  2.03475e-08
 Reference value :  2.03675e-08
 Reference value :  2.03825e-08
 Reference value :  2.04025e-08
 Reference value :  2.04225e-08
 Reference value :  2.04425e-08
 Reference value :  2.04625e-08
 Reference value :  2.04825e-08
 Reference value :  2.05025e-08
 Reference value :  2.05225e-08
 Reference value :  2.05475e-08
 Reference value :  2.05675e-08
 Reference value :  2.05875e-08
 Reference value :  2.06075e-08
 Reference value :  2.06275e-08
 Reference value :  2.06525e-08
 Reference value :  2.06775e-08
 Reference value :  2.07025e-08
 Reference value :  2.07275e-08
 Reference value :  2.07475e-08
 Reference value :  2.07675e-08
 Reference value :  2.07875e-08
 Reference value :  2.08075e-08
 Reference value :  2.08275e-08
 Reference value :  2.08425e-08
 Reference value :  2.08625e-08
 Reference value :  2.08775e-08
 Reference value :  2.08975e-08
 Reference value :  2.09125e-08
 Reference value :  2.09325e-08
 Reference value :  2.09475e-08
 Reference value :  2.09725e-08
 Reference value :  2.09925e-08
 Reference value :  2.10125e-08
 Reference value :  2.10325e-08
 Reference value :  2.10525e-08
 Reference value :  2.10775e-08
 Reference value :  2.10975e-08
 Reference value :  2.11175e-08
 Reference value :  2.11425e-08
 Reference value :  2.11725e-08
 Reference value :  2.11975e-08
 Reference value :  2.12225e-08
 Reference value :  2.12425e-08
 Reference value :  2.12575e-08
 Reference value :  2.12775e-08
 Reference value :  2.12975e-08
 Reference value :  2.13125e-08
 Reference value :  2.13325e-08
 Reference value :  2.13475e-08
 Reference value :  2.13675e-08
 Reference value :  2.13925e-08
 Reference value :  2.14125e-08
 Reference value :  2.14325e-08
 Reference value :  2.14525e-08
 Reference value :  2.14775e-08
 Reference value :  2.14975e-08
 Reference value :  2.15175e-08
 Reference value :  2.15325e-08
 Reference value :  2.15525e-08
 Reference value :  2.15775e-08
 Reference value :  2.15925e-08
 Reference value :  2.16175e-08
 Reference value :  2.16325e-08
 Reference value :  2.16525e-08
 Reference value :  2.16725e-08
 Reference value :  2.16975e-08
 Reference value :  2.17175e-08
 Reference value :  2.17375e-08
 Reference value :  2.17575e-08
 Reference value :  2.17775e-08
 Reference value :  2.17975e-08
 Reference value :  2.18175e-08
 Reference value :  2.18375e-08
 Reference value :  2.18575e-08
 Reference value :  2.20125e-08
 Reference value :  2.20325e-08
 Reference value :  2.20525e-08
 Reference value :  2.20775e-08
 Reference value :  2.21025e-08
 Reference value :  2.21275e-08
 Reference value :  2.21425e-08
 Reference value :  2.21625e-08
 Reference value :  2.21825e-08
 Reference value :  2.22025e-08
 Reference value :  2.22225e-08
 Reference value :  2.22425e-08
 Reference value :  2.22625e-08
 Reference value :  2.22875e-08
 Reference value :  2.23025e-08
 Reference value :  2.23225e-08
 Reference value :  2.23425e-08
 Reference value :  2.23625e-08
 Reference value :  2.23825e-08
 Reference value :  2.24025e-08
 Reference value :  2.24225e-08
 Reference value :  2.24425e-08
 Reference value :  2.24625e-08
 Reference value :  2.24825e-08
 Reference value :  2.24975e-08
 Reference value :  2.25175e-08
 Reference value :  2.25425e-08
 Reference value :  2.25675e-08
 Reference value :  2.25925e-08
 Reference value :  2.26125e-08
 Reference value :  2.26375e-08
 Reference value :  2.26575e-08
 Reference value :  2.26775e-08
 Reference value :  2.26975e-08
 Reference value :  2.27175e-08
 Reference value :  2.27375e-08
 Reference value :  2.27525e-08
 Reference value :  2.27725e-08
 Reference value :  2.27925e-08
 Reference value :  2.28125e-08
 Reference value :  2.28375e-08
 Reference value :  2.28625e-08
 Reference value :  2.28825e-08
 Reference value :  2.29075e-08
 Reference value :  2.29275e-08
 Reference value :  2.29475e-08
 Reference value :  2.29725e-08
 Reference value :  2.29925e-08
 Reference value :  2.30125e-08
 Reference value :  2.30325e-08
 Reference value :  2.30575e-08
 Reference value :  2.30775e-08
 Reference value :  2.30975e-08
 Reference value :  2.31175e-08
 Reference value :  2.31375e-08
 Reference value :  2.31575e-08
 Reference value :  2.31775e-08
 Reference value :  2.31975e-08
 Reference value :  2.32125e-08
 Reference value :  2.32325e-08
 Reference value :  2.32525e-08
 Reference value :  2.32775e-08
 Reference value :  2.32925e-08
 Reference value :  2.33175e-08
 Reference value :  2.33375e-08
 Reference value :  2.33575e-08
 Reference value :  2.33725e-08
 Reference value :  2.33925e-08
 Reference value :  2.34125e-08
 Reference value :  2.34275e-08
 Reference value :  2.34475e-08
 Reference value :  2.34675e-08
 Reference value :  2.34875e-08
 Reference value :  2.35125e-08
 Reference value :  2.35325e-08
 Reference value :  2.35525e-08
 Reference value :  2.35725e-08
 Reference value :  2.35925e-08
 Reference value :  2.36125e-08
 Reference value :  2.36325e-08
 Reference value :  2.36525e-08
 Reference value :  2.36775e-08
 Reference value :  2.36925e-08
 Reference value :  2.37175e-08
 Reference value :  2.37425e-08
 Reference value :  2.37625e-08
 Reference value :  2.37825e-08
 Reference value :  2.38025e-08
 Reference value :  2.38225e-08
 Reference value :  2.38425e-08
 Reference value :  2.38675e-08
 Reference value :  2.38875e-08
 Reference value :  2.39025e-08
 Reference value :  2.39225e-08
 Reference value :  2.39425e-08
 Reference value :  2.39625e-08
 Reference value :  2.39825e-08
 Reference value :  2.40025e-08
 Reference value :  2.40275e-08
 Reference value :  2.40525e-08
 Reference value :  2.40725e-08
 Reference value :  2.40975e-08
 Reference value :  2.41225e-08
 Reference value :  2.41425e-08
 Reference value :  2.41625e-08
 Reference value :  2.41825e-08
 Reference value :  2.42025e-08
 Reference value :  2.42225e-08
 Reference value :  2.42475e-08
 Reference value :  2.42675e-08
 Reference value :  2.42875e-08
 Reference value :  2.43075e-08
 Reference value :  2.43275e-08
 Reference value :  2.43475e-08
 Reference value :  2.43675e-08
 Reference value :  2.43875e-08
 Reference value :  2.44075e-08
 Reference value :  2.44225e-08
 Reference value :  2.44425e-08
 Reference value :  2.44625e-08
 Reference value :  2.44875e-08
 Reference value :  2.45075e-08
 Reference value :  2.45225e-08
 Reference value :  2.45425e-08
 Reference value :  2.45625e-08
 Reference value :  2.45825e-08
 Reference value :  2.46025e-08
 Reference value :  2.46225e-08
 Reference value :  2.46475e-08
 Reference value :  2.46675e-08
 Reference value :  2.46925e-08
 Reference value :  2.47075e-08
 Reference value :  2.47275e-08
 Reference value :  2.47475e-08
 Reference value :  2.47675e-08
 Reference value :  2.47875e-08
 Reference value :  2.48075e-08
 Reference value :  2.48275e-08
 Reference value :  2.48525e-08
 Reference value :  2.48725e-08
 Reference value :  2.48925e-08
 Reference value :  2.49125e-08
 Reference value :  2.49325e-08
 Reference value :  2.49525e-08
 Reference value :  2.49725e-08
 Reference value :  2.49875e-08
 Reference value :  2.50075e-08
 Reference value :  2.50275e-08
 Reference value :  2.50475e-08
 Reference value :  2.50675e-08
 Reference value :  2.50875e-08
 Reference value :  2.51075e-08
 Reference value :  2.51225e-08
 Reference value :  2.51425e-08
 Reference value :  2.51625e-08
 Reference value :  2.51825e-08
 Reference value :  2.52025e-08
 Reference value :  2.52225e-08
 Reference value :  2.52425e-08
 Reference value :  2.52625e-08
 Reference value :  2.52825e-08
 Reference value :  2.53025e-08
 Reference value :  2.53225e-08
 Reference value :  2.53425e-08
 Reference value :  2.53575e-08
 Reference value :  2.53725e-08
 Reference value :  2.53925e-08
 Reference value :  2.54175e-08
 Reference value :  2.54375e-08
 Reference value :  2.54575e-08
 Reference value :  2.54725e-08
 Reference value :  2.54925e-08
 Reference value :  2.55125e-08
 Reference value :  2.55375e-08
 Reference value :  2.55575e-08
 Reference value :  2.55775e-08
 Reference value :  2.55975e-08
 Reference value :  2.56175e-08
 Reference value :  2.56375e-08
 Reference value :  2.56575e-08
 Reference value :  2.56775e-08
 Reference value :  2.56975e-08
 Reference value :  2.57225e-08
 Reference value :  2.57425e-08
 Reference value :  2.57625e-08
 Reference value :  2.57825e-08
 Reference value :  2.58025e-08
 Reference value :  2.58225e-08
 Reference value :  2.58425e-08
 Reference value :  2.58625e-08
 Reference value :  2.58775e-08
 Reference value :  2.58975e-08
 Reference value :  2.59175e-08
 Reference value :  2.59325e-08
 Reference value :  2.59525e-08
 Reference value :  2.59725e-08
 Reference value :  2.59925e-08
 Reference value :  2.60125e-08
 Reference value :  2.60325e-08
 Reference value :  2.60475e-08
 Reference value :  2.60675e-08
 Reference value :  2.60875e-08
 Reference value :  2.61125e-08
 Reference value :  2.61325e-08
 Reference value :  2.61525e-08
 Reference value :  2.61725e-08
 Reference value :  2.61925e-08
 Reference value :  2.62125e-08
 Reference value :  2.62325e-08
 Reference value :  2.62525e-08
 Reference value :  2.62675e-08
 Reference value :  2.62925e-08
 Reference value :  2.63175e-08
 Reference value :  2.63425e-08
 Reference value :  2.63575e-08
 Reference value :  2.63775e-08
 Reference value :  2.63975e-08
 Reference value :  2.64175e-08
 Reference value :  2.64425e-08
 Reference value :  2.64625e-08
 Reference value :  2.64775e-08
 Reference value :  2.64975e-08
 Reference value :  2.65175e-08
 Reference value :  2.65375e-08
 Reference value :  2.65525e-08
 Reference value :  2.65725e-08
 Reference value :  2.65875e-08
 Reference value :  2.66075e-08
 Reference value :  2.66275e-08
 Reference value :  2.66475e-08
 Reference value :  2.66675e-08
 Reference value :  2.66875e-08
 Reference value :  2.67075e-08
 Reference value :  2.67275e-08
 Reference value :  2.67475e-08
 Reference value :  2.67725e-08
 Reference value :  2.67925e-08
 Reference value :  2.68125e-08
 Reference value :  2.68325e-08
 Reference value :  2.68525e-08
 Reference value :  2.68725e-08
 Reference value :  2.68925e-08
 Reference value :  2.69125e-08
 Reference value :  2.69325e-08
 Reference value :  2.69575e-08
 Reference value :  2.69825e-08
 Reference value :  2.70025e-08
 Reference value :  2.70225e-08
 Reference value :  2.70425e-08
 Reference value :  2.70625e-08
 Reference value :  2.70775e-08
 Reference value :  2.70925e-08
 Reference value :  2.71125e-08
 Reference value :  2.71275e-08
 Reference value :  2.71475e-08
 Reference value :  2.71625e-08
 Reference value :  2.71825e-08
 Reference value :  2.71975e-08
 Reference value :  2.72175e-08
 Reference value :  2.72425e-08
 Reference value :  2.72625e-08
 Reference value :  2.72825e-08
 Reference value :  2.73025e-08
 Reference value :  2.73225e-08
 Reference value :  2.73375e-08
 Reference value :  2.73575e-08
 Reference value :  2.73775e-08
 Reference value :  2.73975e-08
 Reference value :  2.74175e-08
 Reference value :  2.74325e-08
 Reference value :  2.74475e-08
 Reference value :  2.74675e-08
 Reference value :  2.74875e-08
 Reference value :  2.75075e-08
 Reference value :  2.75275e-08
 Reference value :  2.75525e-08
 Reference value :  2.75775e-08
 Reference value :  2.75975e-08
 Reference value :  2.76175e-08
 Reference value :  2.76375e-08
 Reference value :  2.76575e-08
 Reference value :  2.76775e-08
 Reference value :  2.76925e-08
 Reference value :  2.77125e-08
 Reference value :  2.77275e-08
 Reference value :  2.77475e-08
 Reference value :  2.77675e-08
 Reference value :  2.77875e-08
 Reference value :  2.78075e-08
 Reference value :  2.78275e-08
 Reference value :  2.78525e-08
 Reference value :  2.78675e-08
 Reference value :  2.78875e-08
 Reference value :  2.79075e-08
 Reference value :  2.79225e-08
 Reference value :  2.79475e-08
 Reference value :  2.79625e-08
 Reference value :  2.79825e-08
 Reference value :  2.80025e-08
 Reference value :  2.80225e-08
 Reference value :  2.80425e-08
 Reference value :  2.80625e-08
 Reference value :  2.80825e-08
 Reference value :  2.81025e-08
 Reference value :  2.81225e-08
 Reference value :  2.81425e-08
 Reference value :  2.81625e-08
 Reference value :  2.81825e-08
 Reference value :  2.81975e-08
 Reference value :  2.82175e-08
 Reference value :  2.82375e-08
 Reference value :  2.82625e-08
 Reference value :  2.82775e-08
 Reference value :  2.83025e-08
 Reference value :  2.83225e-08
 Reference value :  2.83425e-08
 Reference value :  2.83625e-08
 Reference value :  2.83825e-08
 Reference value :  2.84025e-08
 Reference value :  2.84225e-08
 Reference value :  2.84425e-08
 Reference value :  2.84575e-08
 Reference value :  2.84825e-08
 Reference value :  2.85025e-08
 Reference value :  2.85225e-08
 Reference value :  2.85425e-08
 Reference value :  2.85625e-08
 Reference value :  2.85775e-08
 Reference value :  2.85975e-08
 Reference value :  2.86175e-08
 Reference value :  2.86375e-08
 Reference value :  2.86525e-08
 Reference value :  2.86725e-08
 Reference value :  2.86925e-08
 Reference value :  2.87075e-08
 Reference value :  2.87275e-08
 Reference value :  2.87525e-08
 Reference value :  2.87725e-08
 Reference value :  2.87975e-08
 Reference value :  2.88225e-08
 Reference value :  2.88425e-08
 Reference value :  2.88625e-08
 Reference value :  2.88875e-08
 Reference value :  2.89075e-08
 Reference value :  2.89275e-08
 Reference value :  2.89475e-08
 Reference value :  2.89675e-08
 Reference value :  2.89875e-08
 Reference value :  2.90125e-08
 Reference value :  2.90325e-08
 Reference value :  2.90525e-08
 Reference value :  2.90775e-08
 Reference value :  2.90975e-08
 Reference value :  2.91175e-08
 Reference value :  2.91425e-08
 Reference value :  2.91675e-08
 Reference value :  2.91875e-08
 Reference value :  2.92075e-08
 Reference value :  2.92225e-08
 Reference value :  2.92425e-08
 Reference value :  2.92625e-08
 Reference value :  2.92875e-08
 Reference value :  2.93075e-08
 Reference value :  2.93275e-08
 Reference value :  2.93475e-08
 Reference value :  2.93625e-08
 Reference value :  2.93825e-08
 Reference value :  2.94025e-08
 Reference value :  2.94225e-08
 Reference value :  2.94425e-08
 Reference value :  2.94625e-08
 Reference value :  2.94775e-08
 Reference value :  2.95025e-08
 Reference value :  2.95225e-08
 Reference value :  2.95425e-08
 Reference value :  2.95625e-08
 Reference value :  2.95825e-08
 Reference value :  2.96025e-08
 Reference value :  2.96225e-08
 Reference value :  2.96425e-08
 Reference value :  2.96625e-08
 Reference value :  2.96875e-08
 Reference value :  2.97075e-08
 Reference value :  2.97275e-08
 Reference value :  2.97475e-08
 Reference value :  2.97675e-08
 Reference value :  2.97875e-08
 Reference value :  2.98075e-08
 Reference value :  2.98275e-08
 Reference value :  2.98525e-08
 Reference value :  2.98725e-08
 Reference value :  2.98925e-08
 Reference value :  2.99125e-08
 Reference value :  2.99325e-08
 Reference value :  2.99525e-08
 Reference value :  2.99725e-08
 Reference value :  2.99875e-08
 Reference value :  3.00075e-08
 Reference value :  3.00275e-08
 Reference value :  3.00475e-08
 Reference value :  3.00675e-08
 Reference value :  3.00875e-08
 Reference value :  3.01075e-08
 Reference value :  3.01275e-08
 Reference value :  3.01475e-08
 Reference value :  3.01675e-08
 Reference value :  3.01875e-08
 Reference value :  3.02025e-08
 Reference value :  3.02225e-08
 Reference value :  3.02425e-08
 Reference value :  3.02675e-08
 Reference value :  3.02875e-08
 Reference value :  3.03125e-08
 Reference value :  3.03325e-08
 Reference value :  3.03525e-08
 Reference value :  3.03725e-08
 Reference value :  3.03925e-08
 Reference value :  3.04125e-08
 Reference value :  3.04325e-08
 Reference value :  3.04525e-08
 Reference value :  3.04725e-08
 Reference value :  3.04925e-08
 Reference value :  3.05075e-08
 Reference value :  3.05275e-08
 Reference value :  3.05475e-08
 Reference value :  3.05675e-08
 Reference value :  3.05875e-08
 Reference value :  3.06075e-08
 Reference value :  3.06275e-08
 Reference value :  3.06525e-08
 Reference value :  3.06725e-08
 Reference value :  3.06925e-08
 Reference value :  3.07075e-08
 Reference value :  3.07275e-08
 Reference value :  3.07475e-08
 Reference value :  3.07675e-08
 Reference value :  3.07875e-08
 Reference value :  3.08075e-08
 Reference value :  3.08225e-08
 Reference value :  3.08525e-08
 Reference value :  3.08775e-08
 Reference value :  3.08975e-08
 Reference value :  3.09175e-08
 Reference value :  3.09375e-08
 Reference value :  3.10575e-08
 Reference value :  3.10775e-08
 Reference value :  3.10975e-08
 Reference value :  3.11175e-08
 Reference value :  3.11425e-08
 Reference value :  3.11625e-08
 Reference value :  3.11825e-08
 Reference value :  3.12025e-08
 Reference value :  3.12225e-08
 Reference value :  3.12425e-08
 Reference value :  3.12625e-08
 Reference value :  3.12875e-08
 Reference value :  3.13075e-08
 Reference value :  3.13275e-08
 Reference value :  3.13475e-08
 Reference value :  3.13675e-08
 Reference value :  3.13875e-08
 Reference value :  3.14025e-08
 Reference value :  3.14225e-08
 Reference value :  3.14425e-08
 Reference value :  3.14625e-08
 Reference value :  3.14825e-08
 Reference value :  3.15025e-08
 Reference value :  3.15225e-08
 Reference value :  3.15425e-08
 Reference value :  3.15625e-08
 Reference value :  3.15875e-08
 Reference value :  3.16075e-08
 Reference value :  3.16325e-08
 Reference value :  3.16525e-08
 Reference value :  3.16725e-08
 Reference value :  3.16975e-08
 Reference value :  3.17175e-08
 Reference value :  3.17375e-08
 Reference value :  3.17575e-08
 Reference value :  3.17775e-08
 Reference value :  3.17925e-08
 Reference value :  3.18125e-08
 Reference value :  3.18325e-08
 Reference value :  3.18525e-08
 Reference value :  3.18725e-08
 Reference value :  3.18925e-08
 Reference value :  3.19075e-08
 Reference value :  3.19275e-08
 Reference value :  3.19475e-08
 Reference value :  3.19675e-08
 Reference value :  3.19875e-08
 Reference value :  3.20075e-08
 Reference value :  3.20325e-08
 Reference value :  3.20525e-08
 Reference value :  3.20775e-08
 Reference value :  3.20975e-08
 Reference value :  3.21225e-08
 Reference value :  3.21375e-08
 Reference value :  3.21525e-08
 Reference value :  3.21725e-08
 Reference value :  3.21925e-08
 Reference value :  3.22125e-08
 Reference value :  3.22275e-08
 Reference value :  3.22425e-08
 Reference value :  3.22625e-08
 Reference value :  3.22775e-08
 Reference value :  3.22925e-08
 Reference value :  3.23125e-08
 Reference value :  3.23325e-08
 Reference value :  3.23525e-08
 Reference value :  3.23675e-08
 Reference value :  3.23925e-08
 Reference value :  3.24075e-08
 Reference value :  3.24275e-08
 Reference value :  3.24425e-08
 Reference value :  3.24625e-08
 Reference value :  3.24825e-08
 Reference value :  3.25025e-08
 Reference value :  3.25175e-08
 Reference value :  3.25375e-08
 Reference value :  3.25625e-08
 Reference value :  3.25775e-08
 Reference value :  3.25975e-08
 Reference value :  3.26225e-08
 Reference value :  3.26425e-08
 Reference value :  3.26625e-08
 Reference value :  3.26775e-08
 Reference value :  3.26975e-08
 Reference value :  3.27225e-08
 Reference value :  3.27425e-08
 Reference value :  3.27675e-08
 Reference value :  3.27875e-08
 Reference value :  3.28025e-08
 Reference value :  3.28275e-08
 Reference value :  3.28575e-08
 Reference value :  3.28775e-08
 Reference value :  3.28975e-08
 Reference value :  3.29225e-08
 Reference value :  3.29425e-08
 Reference value :  3.29625e-08
 Reference value :  3.29825e-08
 Reference value :  3.30025e-08
 Reference value :  3.30225e-08
 Reference value :  3.30425e-08
 Reference value :  3.30675e-08
 Reference value :  3.30875e-08
 Reference value :  3.31025e-08
 Reference value :  3.31225e-08
 Reference value :  3.31475e-08
 Reference value :  3.31725e-08
 Reference value :  3.31975e-08
 Reference value :  3.32225e-08
 Reference value :  3.32425e-08
 Reference value :  3.32675e-08
 Reference value :  3.32875e-08
 Reference value :  3.33075e-08
 Reference value :  3.33325e-08
 Reference value :  3.33525e-08
 Reference value :  3.33725e-08
 Reference value :  3.33875e-08
 Reference value :  3.34025e-08
 Reference value :  3.34225e-08
 Reference value :  3.34425e-08
 Reference value :  3.34625e-08
 Reference value :  3.34825e-08
 Reference value :  3.35075e-08
 Reference value :  3.35275e-08
 Reference value :  3.35475e-08
 Reference value :  3.35625e-08
 Reference value :  3.35875e-08
 Reference value :  3.36075e-08
 Reference value :  3.36325e-08
 Reference value :  3.36525e-08
 Reference value :  3.36775e-08
 Reference value :  3.36975e-08
 Reference value :  3.37175e-08
 Reference value :  3.37375e-08
 Reference value :  3.37625e-08
 Reference value :  3.37775e-08
 Reference value :  3.37975e-08
 Reference value :  3.38175e-08
 Reference value :  3.38375e-08
 Reference value :  3.38625e-08
 Reference value :  3.38825e-08
 Reference value :  3.39025e-08
 Reference value :  3.39175e-08
 Reference value :  3.39375e-08
 Reference value :  3.39575e-08
 Reference value :  3.39775e-08
 Reference value :  3.39925e-08
 Reference value :  3.40125e-08
 Reference value :  3.40325e-08
 Reference value :  3.40525e-08
 Reference value :  3.40775e-08
 Reference value :  3.40975e-08
 Reference value :  3.41175e-08
 Reference value :  3.41375e-08
 Reference value :  3.41575e-08
 Reference value :  3.41775e-08
 Reference value :  3.41975e-08
 Reference value :  3.42175e-08
 Reference value :  3.42375e-08
 Reference value :  3.42525e-08
 Reference value :  3.42725e-08
 Reference value :  3.42925e-08
 Reference value :  3.43075e-08
 Reference value :  3.43275e-08
 Reference value :  3.43525e-08
 Reference value :  3.43725e-08
 Reference value :  3.43925e-08
 Reference value :  3.44125e-08
 Reference value :  3.44275e-08
 Reference value :  3.44475e-08
 Reference value :  3.44675e-08
 Reference value :  3.44875e-08
 Reference value :  3.45075e-08
 Reference value :  3.45225e-08
 Reference value :  3.45425e-08
 Reference value :  3.45625e-08
 Reference value :  3.45925e-08
 Reference value :  3.46125e-08
 Reference value :  3.46325e-08
 Reference value :  3.46575e-08
 Reference value :  3.46725e-08
 Reference value :  3.46925e-08
 Reference value :  3.47125e-08
 Reference value :  3.47275e-08
 Reference value :  3.47475e-08
 Reference value :  3.47675e-08
 Reference value :  3.47875e-08
 Reference value :  3.48025e-08
 Reference value :  3.48225e-08
 Reference value :  3.48425e-08
 Reference value :  3.48675e-08
 Reference value :  3.48875e-08
 Reference value :  3.49125e-08
 Reference value :  3.49325e-08
 Reference value :  3.49525e-08
 Reference value :  3.49725e-08
 Reference value :  3.49925e-08
 Reference value :  3.50125e-08
 Reference value :  3.50375e-08
 Reference value :  3.50575e-08
 Reference value :  3.50775e-08
 Reference value :  3.51025e-08
 Reference value :  3.51275e-08
 Reference value :  3.51475e-08
 Reference value :  3.51625e-08
 Reference value :  3.51825e-08
 Reference value :  3.52025e-08
 Reference value :  3.52225e-08
 Reference value :  3.52425e-08
 Reference value :  3.52725e-08
 Reference value :  3.52925e-08
 Reference value :  3.53175e-08
 Reference value :  3.53325e-08
 Reference value :  3.53525e-08
 Reference value :  3.53825e-08
 Reference value :  3.54025e-08
 Reference value :  3.54275e-08
 Reference value :  3.54475e-08
 Reference value :  3.54675e-08
 Reference value :  3.54875e-08
 Reference value :  3.55075e-08
 Reference value :  3.55275e-08
 Reference value :  3.55475e-08
 Reference value :  3.55675e-08
 Reference value :  3.55925e-08
 Reference value :  3.56125e-08
 Reference value :  3.56325e-08
 Reference value :  3.56525e-08
 Reference value :  3.56725e-08
 Reference value :  3.56925e-08
 Reference value :  3.57125e-08
 Reference value :  3.57375e-08
 Reference value :  3.57625e-08
 Reference value :  3.57825e-08
 Reference value :  3.58025e-08
 Reference value :  3.58225e-08
 Reference value :  3.58425e-08
 Reference value :  3.58625e-08
 Reference value :  3.58825e-08
 Reference value :  3.59025e-08
 Reference value :  3.59275e-08
 Reference value :  3.59475e-08
 Reference value :  3.59675e-08
 Reference value :  3.59875e-08
 Reference value :  3.60075e-08
 Reference value :  3.60275e-08
 Reference value :  3.60425e-08
 Reference value :  3.60625e-08
 Reference value :  3.60775e-08
 Reference value :  3.60975e-08
 Reference value :  3.61225e-08
 Reference value :  3.61425e-08
 Reference value :  3.61625e-08
 Reference value :  3.61825e-08
 Reference value :  3.62175e-08
 Reference value :  3.62375e-08
 Reference value :  3.62575e-08
 Reference value :  3.62775e-08
 Reference value :  3.62975e-08
 Reference value :  3.63175e-08
 Reference value :  3.63325e-08
 Reference value :  3.63525e-08
 Reference value :  3.63725e-08
 Reference value :  3.63925e-08
 Reference value :  3.64175e-08
 Reference value :  3.64325e-08
 Reference value :  3.64525e-08
 Reference value :  3.64775e-08
 Reference value :  3.64975e-08
 Reference value :  3.65175e-08
 Reference value :  3.65425e-08
 Reference value :  3.65675e-08
 Reference value :  3.65825e-08
 Reference value :  3.66025e-08
 Reference value :  3.66225e-08
 Reference value :  3.66425e-08
 Reference value :  3.66575e-08
 Reference value :  3.66775e-08
 Reference value :  3.66975e-08
 Reference value :  3.67175e-08
 Reference value :  3.67375e-08
 Reference value :  3.67575e-08
 Reference value :  3.67775e-08
 Reference value :  3.68025e-08
 Reference value :  3.68225e-08
 Reference value :  3.68425e-08
 Reference value :  3.68675e-08
 Reference value :  3.68875e-08
 Reference value :  3.69025e-08
 Reference value :  3.69175e-08
 Reference value :  3.69375e-08
 Reference value :  3.69525e-08
 Reference value :  3.69675e-08
 Reference value :  3.69875e-08
 Reference value :  3.70075e-08
 Reference value :  3.70375e-08
 Reference value :  3.70575e-08
 Reference value :  3.70775e-08
 Reference value :  3.70925e-08
 Reference value :  3.71175e-08
 Reference value :  3.71375e-08
 Reference value :  3.71575e-08
 Reference value :  3.71775e-08
 Reference value :  3.72025e-08
 Reference value :  3.72225e-08
 Reference value :  3.72425e-08
 Reference value :  3.72625e-08
 Reference value :  3.72775e-08
 Reference value :  3.72975e-08
 Reference value :  3.73125e-08
 Reference value :  3.73325e-08
 Reference value :  3.73525e-08
 Reference value :  3.73725e-08
 Reference value :  3.73925e-08
 Reference value :  3.74125e-08
 Reference value :  3.74375e-08
 Reference value :  3.74625e-08
 Reference value :  3.74825e-08
 Reference value :  3.75025e-08
 Reference value :  3.75275e-08
 Reference value :  3.75475e-08
 Reference value :  3.75675e-08
 Reference value :  3.75875e-08
 Reference value :  3.76025e-08
 Reference value :  3.76275e-08
 Reference value :  3.76425e-08
 Reference value :  3.76625e-08
 Reference value :  3.76825e-08
 Reference value :  3.77025e-08
 Reference value :  3.77225e-08
 Reference value :  3.77425e-08
 Reference value :  3.77675e-08
 Reference value :  3.77875e-08
 Reference value :  3.78075e-08
 Reference value :  3.78225e-08
 Reference value :  3.78375e-08
 Reference value :  3.78575e-08
 Reference value :  3.78825e-08
 Reference value :  3.79075e-08
 Reference value :  3.79325e-08
 Reference value :  3.79525e-08
 Reference value :  3.79725e-08
 Reference value :  3.79925e-08
 Reference value :  3.80125e-08
 Reference value :  3.80275e-08
 Reference value :  3.80425e-08
 Reference value :  3.80625e-08
 Reference value :  3.80825e-08
 Reference value :  3.81025e-08
 Reference value :  3.81175e-08
 Reference value :  3.81375e-08
 Reference value :  3.81525e-08
 Reference value :  3.81675e-08
 Reference value :  3.81875e-08
 Reference value :  3.82025e-08
 Reference value :  3.82225e-08
 Reference value :  3.82375e-08
 Reference value :  3.82575e-08
 Reference value :  3.82825e-08
 Reference value :  3.83075e-08
 Reference value :  3.83325e-08
 Reference value :  3.83525e-08
 Reference value :  3.83725e-08
 Reference value :  3.83975e-08
 Reference value :  3.84175e-08
 Reference value :  3.84425e-08
 Reference value :  3.84575e-08
 Reference value :  3.84775e-08
 Reference value :  3.85025e-08
 Reference value :  3.85225e-08
 Reference value :  3.85425e-08
 Reference value :  3.85625e-08
 Reference value :  3.85825e-08
 Reference value :  3.85975e-08
 Reference value :  3.86175e-08
 Reference value :  3.86375e-08
 Reference value :  3.86575e-08
 Reference value :  3.86775e-08
 Reference value :  3.86925e-08
 Reference value :  3.87125e-08
 Reference value :  3.87325e-08
 Reference value :  3.87525e-08
 Reference value :  3.87725e-08
 Reference value :  3.87925e-08
 Reference value :  3.88125e-08
 Reference value :  3.88275e-08
 Reference value :  3.88475e-08
 Reference value :  3.88625e-08
 Reference value :  3.88825e-08
 Reference value :  3.89075e-08
 Reference value :  3.89275e-08
 Reference value :  3.89475e-08
 Reference value :  3.89625e-08
 Reference value :  3.89825e-08
 Reference value :  3.90025e-08
 Reference value :  3.90225e-08
 Reference value :  3.90425e-08
 Reference value :  3.90675e-08
 Reference value :  3.90875e-08
 Reference value :  3.91075e-08
 Reference value :  3.91275e-08
 Reference value :  3.91475e-08
 Reference value :  3.91675e-08
 Reference value :  3.91875e-08
 Reference value :  3.92075e-08
 Reference value :  3.92275e-08
 Reference value :  3.92475e-08
 Reference value :  3.92675e-08
 Reference value :  3.92875e-08
 Reference value :  3.93025e-08
 Reference value :  3.93275e-08
 Reference value :  3.93475e-08
 Reference value :  3.93675e-08
 Reference value :  3.93825e-08
 Reference value :  3.94025e-08
 Reference value :  3.94225e-08
 Reference value :  3.94425e-08
 Reference value :  3.94625e-08
 Reference value :  3.94825e-08
 Reference value :  3.95025e-08
 Reference value :  3.95225e-08
 Reference value :  3.95475e-08
 Reference value :  3.95675e-08
 Reference value :  3.95825e-08
 Reference value :  3.96025e-08
 Reference value :  3.96225e-08
 Reference value :  3.96425e-08
 Reference value :  3.96625e-08
 Reference value :  3.96825e-08
 Reference value :  3.97025e-08
 Reference value :  3.97225e-08
 Reference value :  3.97475e-08
 Reference value :  3.97675e-08
 Reference value :  3.97925e-08
 Reference value :  3.98175e-08
 Reference value :  3.98425e-08
 Reference value :  3.98675e-08
 Reference value :  3.98875e-08
 Reference value :  3.99075e-08
 Reference value :  3.99275e-08
 Reference value :  3.99475e-08
 Reference value :  3.99675e-08
 Reference value :  3.99875e-08
 Reference value :  4.00075e-08
 Reference value :  4.00275e-08
 Reference value :  4.00525e-08
 Reference value :  4.00725e-08
 Reference value :  4.00925e-08
 Reference value :  4.01125e-08
 Reference value :  4.01275e-08
 Reference value :  4.01475e-08
 Reference value :  4.01725e-08
 Reference value :  4.01925e-08
 Reference value :  4.02075e-08
 Reference value :  4.02225e-08
 Reference value :  4.02425e-08
 Reference value :  4.02625e-08
 Reference value :  4.02825e-08
 Reference value :  4.03025e-08
 Reference value :  4.03225e-08
 Reference value :  4.03375e-08
 Reference value :  4.03575e-08
 Reference value :  4.03775e-08
 Reference value :  4.04025e-08
 Reference value :  4.04225e-08
 Reference value :  4.04425e-08
 Reference value :  4.04625e-08
 Reference value :  4.04825e-08
 Reference value :  4.05025e-08
 Reference value :  4.05225e-08
 Reference value :  4.05375e-08
 Reference value :  4.05575e-08
 Reference value :  4.05775e-08
 Reference value :  4.05975e-08
 Reference value :  4.06225e-08
 Reference value :  4.06475e-08
 Reference value :  4.06725e-08
 Reference value :  4.06875e-08
 Reference value :  4.07075e-08
 Reference value :  4.07225e-08
 Reference value :  4.07425e-08
 Reference value :  4.07625e-08
 Reference value :  4.07875e-08
 Reference value :  4.08025e-08
 Reference value :  4.08225e-08
 Reference value :  4.08425e-08
 Reference value :  4.08625e-08
 Reference value :  4.08825e-08
 Reference value :  4.09025e-08
 Reference value :  4.09175e-08
 Reference value :  4.09425e-08
 Reference value :  4.09625e-08
 Reference value :  4.09825e-08
 Reference value :  4.10025e-08
 Reference value :  4.10225e-08
 Reference value :  4.10425e-08
 Reference value :  4.10625e-08
 Reference value :  4.10825e-08
 Reference value :  4.11025e-08
 Reference value :  4.11225e-08
 Reference value :  4.11375e-08
 Reference value :  4.11575e-08
 Reference value :  4.11775e-08
 Reference value :  4.12025e-08
 Reference value :  4.12225e-08
 Reference value :  4.12425e-08
 Reference value :  4.12675e-08
 Reference value :  4.12875e-08
 Reference value :  4.13125e-08
 Reference value :  4.13325e-08
 Reference value :  4.13475e-08
 Reference value :  4.13675e-08
 Reference value :  4.13875e-08
 Reference value :  4.14075e-08
 Reference value :  4.14275e-08
 Reference value :  4.14475e-08
 Reference value :  4.14675e-08
 Reference value :  4.14875e-08
 Reference value :  4.15075e-08
 Reference value :  4.15275e-08
 Reference value :  4.15475e-08
 Reference value :  4.15625e-08
 Reference value :  4.15825e-08
 Reference value :  4.16025e-08
 Reference value :  4.16225e-08
 Reference value :  4.16475e-08
 Reference value :  4.16675e-08
 Reference value :  4.16825e-08
 Reference value :  4.17025e-08
 Reference value :  4.17175e-08
 Reference value :  4.17375e-08
 Reference value :  4.17625e-08
 Reference value :  4.17825e-08
 Reference value :  4.18025e-08
 Reference value :  4.18225e-08
 Reference value :  4.18425e-08
 Reference value :  4.18625e-08
 Reference value :  4.18875e-08
 Reference value :  4.19025e-08
 Reference value :  4.19175e-08
 Reference value :  4.19375e-08
 Reference value :  4.19575e-08
 Reference value :  4.19825e-08
 Reference value :  4.20025e-08
 Reference value :  4.20225e-08
 Reference value :  4.20475e-08
 Reference value :  4.20675e-08
 Reference value :  4.20925e-08
 Reference value :  4.21125e-08
 Reference value :  4.21325e-08
 Reference value :  4.21525e-08
 Reference value :  4.21725e-08
 Reference value :  4.21925e-08
 Reference value :  4.22175e-08
 Reference value :  4.22425e-08
 Reference value :  4.22625e-08
 Reference value :  4.22875e-08
 Reference value :  4.23075e-08
 Reference value :  4.23275e-08
 Reference value :  4.23475e-08
 Reference value :  4.23675e-08
 Reference value :  4.23825e-08
 Reference value :  4.24025e-08
 Reference value :  4.24175e-08
 Reference value :  4.24375e-08
 Reference value :  4.24575e-08
 Reference value :  4.24775e-08
 Reference value :  4.24975e-08
 Reference value :  4.25175e-08
 Reference value :  4.25375e-08
 Reference value :  4.25575e-08
 Reference value :  4.25775e-08
 Reference value :  4.25975e-08
 Reference value :  4.26175e-08
 Reference value :  4.26325e-08
 Reference value :  4.26575e-08
 Reference value :  4.26775e-08
 Reference value :  4.26925e-08
 Reference value :  4.27125e-08
 Reference value :  4.27325e-08
 Reference value :  4.27575e-08
 Reference value :  4.27775e-08
 Reference value :  4.27975e-08
 Reference value :  4.28175e-08
 Reference value :  4.28375e-08
 Reference value :  4.28575e-08
 Reference value :  4.28775e-08
 Reference value :  4.29025e-08
 Reference value :  4.29275e-08
 Reference value :  4.29475e-08
 Reference value :  4.29675e-08
 Reference value :  4.29825e-08
 Reference value :  4.30025e-08
 Reference value :  4.30225e-08
 Reference value :  4.30375e-08
 Reference value :  4.30525e-08
 Reference value :  4.30725e-08
 Reference value :  4.30875e-08
 Reference value :  4.31075e-08
 Reference value :  4.31275e-08
 Reference value :  4.31475e-08
 Reference value :  4.31675e-08
 Reference value :  4.31875e-08
 Reference value :  4.32075e-08
 Reference value :  4.32275e-08
 Reference value :  4.32475e-08
 Reference value :  4.32675e-08
 Reference value :  4.32925e-08
 Reference value :  4.33175e-08
 Reference value :  4.33425e-08
 Reference value :  4.33675e-08
 Reference value :  4.33925e-08
 Reference value :  4.34175e-08
 Reference value :  4.34375e-08
 Reference value :  4.34625e-08
 Reference value :  4.34825e-08
 Reference value :  4.35025e-08
 Reference value :  4.35225e-08
 Reference value :  4.35375e-08
 Reference value :  4.35575e-08
 Reference value :  4.35775e-08
 Reference value :  4.35975e-08
 Reference value :  4.36125e-08
 Reference value :  4.36325e-08
 Reference value :  4.36475e-08
 Reference value :  4.36725e-08
 Reference value :  4.36925e-08
 Reference value :  4.37125e-08
 Reference value :  4.37325e-08
 Reference value :  4.37475e-08
 Reference value :  4.37675e-08
 Reference value :  4.37875e-08
 Reference value :  4.38025e-08
 Reference value :  4.38225e-08
 Reference value :  4.38425e-08
 Reference value :  4.38625e-08
 Reference value :  4.38875e-08
 Reference value :  4.39075e-08
 Reference value :  4.39275e-08
 Reference value :  4.39425e-08
 Reference value :  4.39625e-08
 Reference value :  4.39825e-08
 Reference value :  4.40025e-08
 Reference value :  4.40225e-08
 Reference value :  4.40425e-08
 Reference value :  4.40625e-08
 Reference value :  4.40825e-08
 Reference value :  4.41025e-08
 Reference value :  4.41175e-08
 Reference value :  4.41375e-08
 Reference value :  4.41625e-08
 Reference value :  4.41875e-08
 Reference value :  4.42075e-08
 Reference value :  4.42275e-08
 Reference value :  4.42475e-08
 Reference value :  4.42675e-08
 Reference value :  4.42875e-08
 Reference value :  4.43125e-08
 Reference value :  4.43325e-08
 Reference value :  4.43475e-08
 Reference value :  4.43625e-08
 Reference value :  4.43825e-08
 Reference value :  4.44025e-08
 Reference value :  4.44225e-08
 Reference value :  4.44425e-08
 Reference value :  4.44625e-08
 Reference value :  4.44825e-08
 Reference value :  4.45025e-08
 Reference value :  4.45225e-08
 Reference value :  4.45375e-08
 Reference value :  4.45575e-08
 Reference value :  4.45725e-08
 Reference value :  4.45925e-08
 Reference value :  4.46175e-08
 Reference value :  4.46375e-08
 Reference value :  4.46575e-08
 Reference value :  4.46775e-08
 Reference value :  4.46975e-08
 Reference value :  4.47225e-08
 Reference value :  4.47475e-08
 Reference value :  4.47675e-08
 Reference value :  4.47875e-08
 Reference value :  4.48075e-08
 Reference value :  4.48275e-08
 Reference value :  4.48475e-08
 Reference value :  4.48675e-08
 Reference value :  4.48875e-08
 Reference value :  4.49075e-08
 Reference value :  4.49275e-08
 Reference value :  4.49475e-08
 Reference value :  4.49675e-08
 Reference value :  4.49875e-08
 Reference value :  4.50075e-08
 Reference value :  4.50225e-08
 Reference value :  4.50425e-08
 Reference value :  4.50625e-08
 Reference value :  4.50875e-08
 Reference value :  4.51000e-08
No. of Data Rows : 9034
Note: Simulation executed from .control section 
