
Note: Compatibility modes selected: hs a


Circuit: * comparator-decision offset pick-off -- vindiff=0.0mv corner=tt_mm temp=27.0c seed=1 (issue #9)

option SCALE: Scale is set to 1e-06 for instance and model parameters
option SCALE: Scale is set to 1e-06 for instance and model parameters
option SCALE: Scale is set to 1e-06 for instance and model parameters
option SCALE: Scale is set to 1e-06 for instance and model parameters
Doing analysis at TEMP = 27.000000 and TNOM = 27.000000

Using KLU as Direct Linear Solver
 Reference value :  0.00000e+00
 Reference value :  1.60000e-13
 Reference value :  1.28000e-12
 Reference value :  1.20560e-10
 Reference value :  2.10560e-10
 Reference value :  6.16560e-10
 Reference value :  6.24560e-10
 Reference value :  6.32560e-10
 Reference value :  6.40560e-10
 Reference value :  6.48560e-10
 Reference value :  7.44560e-10
 Reference value :  1.12256e-09
 Reference value :  1.20456e-09
 Reference value :  1.21256e-09
 Reference value :  1.44456e-09
 Reference value :  2.27056e-09
 Reference value :  2.49256e-09
 Reference value :  2.49856e-09
 Reference value :  2.50656e-09
 Reference value :  3.33856e-09
 Reference value :  4.09656e-09
 Reference value :  4.18256e-09
 Reference value :  4.19056e-09
 Reference value :  4.43456e-09
 Reference value :  5.27300e-09
 Reference value :  6.02300e-09
 Reference value :  6.85900e-09
 Reference value :  7.10500e-09
 Reference value :  7.11300e-09
 Reference value :  7.12100e-09
 Reference value :  7.12900e-09
 Reference value :  7.13700e-09
 Reference value :  7.14500e-09
 Reference value :  7.15300e-09
 Reference value :  7.19700e-09
No. of Data Rows : 3814
Note: Simulation executed from .control section 
