
Note: Compatibility modes selected: hs a


Circuit: * comparator-decision offset pick-off -- vindiff=0.0mv corner=tt_mm temp=27.0c seed=4 (issue #9)

option SCALE: Scale is set to 1e-06 for instance and model parameters
option SCALE: Scale is set to 1e-06 for instance and model parameters
option SCALE: Scale is set to 1e-06 for instance and model parameters
option SCALE: Scale is set to 1e-06 for instance and model parameters
Doing analysis at TEMP = 27.000000 and TNOM = 27.000000

Using KLU as Direct Linear Solver
 Reference value :  0.00000e+00
 Reference value :  1.15056e-09
 Reference value :  1.64056e-09
 Reference value :  1.77256e-09
 Reference value :  2.44656e-09
 Reference value :  3.45656e-09
 Reference value :  4.00056e-09
 Reference value :  4.00656e-09
 Reference value :  4.03456e-09
 Reference value :  4.16656e-09
 Reference value :  4.80656e-09
 Reference value :  4.81856e-09
 Reference value :  4.82656e-09
 Reference value :  4.84856e-09
 Reference value :  5.87500e-09
 Reference value :  6.44700e-09
 Reference value :  7.47700e-09
No. of Data Rows : 3814
Note: Simulation executed from .control section 
