
Note: Compatibility modes selected: hs a


Circuit: * comparator-decision offset pick-off -- vindiff=0.0mv corner=tt_mm temp=27.0c seed=2 (issue #9)

option SCALE: Scale is set to 1e-06 for instance and model parameters
option SCALE: Scale is set to 1e-06 for instance and model parameters
option SCALE: Scale is set to 1e-06 for instance and model parameters
option SCALE: Scale is set to 1e-06 for instance and model parameters
Doing analysis at TEMP = 27.000000 and TNOM = 27.000000

Using KLU as Direct Linear Solver
 Reference value :  0.00000e+00
 Reference value :  2.16560e-10
 Reference value :  2.24560e-10
 Reference value :  2.32560e-10
 Reference value :  2.38560e-10
 Reference value :  2.44560e-10
 Reference value :  2.52560e-10
 Reference value :  2.60560e-10
 Reference value :  2.66560e-10
 Reference value :  2.74560e-10
 Reference value :  2.82560e-10
 Reference value :  2.90560e-10
 Reference value :  3.08560e-10
 Reference value :  3.14560e-10
 Reference value :  9.96560e-10
 Reference value :  1.94256e-09
 Reference value :  2.24256e-09
 Reference value :  3.26056e-09
 Reference value :  3.45256e-09
 Reference value :  3.46056e-09
 Reference value :  3.46856e-09
 Reference value :  3.56456e-09
 Reference value :  3.65656e-09
 Reference value :  3.66456e-09
 Reference value :  3.67256e-09
 Reference value :  3.68056e-09
 Reference value :  4.28456e-09
 Reference value :  5.33300e-09
 Reference value :  5.50300e-09
 Reference value :  5.51100e-09
 Reference value :  5.51900e-09
 Reference value :  6.63900e-09
 Reference value :  7.30700e-09
No. of Data Rows : 3814
Note: Simulation executed from .control section 
