
Note: Compatibility modes selected: hs a


Circuit: * comparator-decision offset pick-off -- vindiff=0.0mv corner=tt_mm temp=27.0c seed=5 (issue #9)

option SCALE: Scale is set to 1e-06 for instance and model parameters
option SCALE: Scale is set to 1e-06 for instance and model parameters
option SCALE: Scale is set to 1e-06 for instance and model parameters
option SCALE: Scale is set to 1e-06 for instance and model parameters
Doing analysis at TEMP = 27.000000 and TNOM = 27.000000

Using KLU as Direct Linear Solver
 Reference value :  0.00000e+00
 Reference value :  5.20560e-10
 Reference value :  1.43656e-09
 Reference value :  2.16856e-09
 Reference value :  2.20856e-09
 Reference value :  2.21656e-09
 Reference value :  2.78456e-09
 Reference value :  3.81056e-09
 Reference value :  4.77656e-09
 Reference value :  4.98056e-09
 Reference value :  4.98856e-09
 Reference value :  5.01500e-09
 Reference value :  6.01700e-09
 Reference value :  6.88100e-09
No. of Data Rows : 3814
Note: Simulation executed from .control section 
