
Note: Compatibility modes selected: hs a


Circuit: * comparator-decision offset pick-off -- vindiff=0.0mv corner=tt_mm temp=27.0c seed=6 (issue #9)

option SCALE: Scale is set to 1e-06 for instance and model parameters
option SCALE: Scale is set to 1e-06 for instance and model parameters
option SCALE: Scale is set to 1e-06 for instance and model parameters
option SCALE: Scale is set to 1e-06 for instance and model parameters
Doing analysis at TEMP = 27.000000 and TNOM = 27.000000

Using KLU as Direct Linear Solver
 Reference value :  0.00000e+00
 Reference value :  4.48560e-10
 Reference value :  1.60056e-09
 Reference value :  2.11056e-09
 Reference value :  2.19856e-09
 Reference value :  2.20656e-09
 Reference value :  2.25056e-09
 Reference value :  2.34256e-09
 Reference value :  2.35056e-09
 Reference value :  2.35856e-09
 Reference value :  2.36656e-09
 Reference value :  2.37456e-09
 Reference value :  2.38256e-09
 Reference value :  2.39256e-09
 Reference value :  2.40056e-09
 Reference value :  2.40856e-09
 Reference value :  2.41656e-09
 Reference value :  2.42456e-09
 Reference value :  2.43256e-09
 Reference value :  2.44056e-09
 Reference value :  2.44856e-09
 Reference value :  2.45656e-09
 Reference value :  2.46456e-09
 Reference value :  2.47256e-09
 Reference value :  2.48056e-09
 Reference value :  2.48856e-09
 Reference value :  2.49656e-09
 Reference value :  2.50456e-09
 Reference value :  2.51256e-09
 Reference value :  2.52056e-09
 Reference value :  2.52856e-09
 Reference value :  3.09456e-09
 Reference value :  3.91256e-09
 Reference value :  3.97256e-09
 Reference value :  3.97856e-09
 Reference value :  3.98656e-09
 Reference value :  4.96656e-09
 Reference value :  5.80300e-09
 Reference value :  6.75100e-09
 Reference value :  6.83700e-09
 Reference value :  6.84500e-09
 Reference value :  6.85900e-09
No. of Data Rows : 3814
Note: Simulation executed from .control section 
