
Note: Compatibility modes selected: hs a


Circuit: * comparator-decision offset pick-off -- vindiff=5mv corner=tt temp=27.0c seed=none (issue #9)

option SCALE: Scale is set to 1e-06 for instance and model parameters
option SCALE: Scale is set to 1e-06 for instance and model parameters
option SCALE: Scale is set to 1e-06 for instance and model parameters
option SCALE: Scale is set to 1e-06 for instance and model parameters
Doing analysis at TEMP = 27.000000 and TNOM = 27.000000

Using KLU as Direct Linear Solver
 Reference value :  0.00000e+00
 Reference value :  1.60000e-13
 Reference value :  6.28560e-10
 Reference value :  6.36560e-10
 Reference value :  6.44560e-10
 Reference value :  6.50560e-10
 Reference value :  8.82560e-10
 Reference value :  1.25456e-09
 Reference value :  1.26256e-09
 Reference value :  1.27056e-09
 Reference value :  1.27856e-09
 Reference value :  1.28656e-09
 Reference value :  1.42856e-09
 Reference value :  1.94256e-09
 Reference value :  2.58256e-09
 Reference value :  2.59456e-09
 Reference value :  2.60256e-09
 Reference value :  2.61056e-09
 Reference value :  3.27256e-09
 Reference value :  3.59256e-09
 Reference value :  3.59856e-09
 Reference value :  3.60656e-09
 Reference value :  3.77256e-09
 Reference value :  4.68256e-09
 Reference value :  4.85056e-09
 Reference value :  4.85856e-09
 Reference value :  4.86656e-09
 Reference value :  5.70500e-09
 Reference value :  6.06100e-09
 Reference value :  6.06700e-09
 Reference value :  6.07500e-09
 Reference value :  6.59100e-09
 Reference value :  7.12500e-09
No. of Data Rows : 3814
Note: Simulation executed from .control section 
