
Note: Compatibility modes selected: hs a


Circuit: * comparator-decision offset pick-off -- vindiff=0.0mv corner=tt temp=27.0c seed=10 (issue #9)

option SCALE: Scale is set to 1e-06 for instance and model parameters
option SCALE: Scale is set to 1e-06 for instance and model parameters
option SCALE: Scale is set to 1e-06 for instance and model parameters
option SCALE: Scale is set to 1e-06 for instance and model parameters
Doing analysis at TEMP = 27.000000 and TNOM = 27.000000

Using KLU as Direct Linear Solver
 Reference value :  0.00000e+00
 Reference value :  1.03256e-09
 Reference value :  1.90856e-09
 Reference value :  2.73056e-09
 Reference value :  3.36456e-09
 Reference value :  4.32256e-09
 Reference value :  5.00500e-09
 Reference value :  5.65900e-09
 Reference value :  6.54300e-09
 Reference value :  6.84100e-09
 Reference value :  7.10500e-09
 Reference value :  7.20100e-09
No. of Data Rows : 3814
Note: Simulation executed from .control section 
