
Note: Compatibility modes selected: hs a


Circuit: * comparator-decision decision-flip offset bisection -- vindiff=-8.59375mv corner=ss temp=-40.0c (issue #66)

option SCALE: Scale is set to 1e-06 for instance and model parameters
option SCALE: Scale is set to 1e-06 for instance and model parameters
option SCALE: Scale is set to 1e-06 for instance and model parameters
option SCALE: Scale is set to 1e-06 for instance and model parameters
Doing analysis at TEMP = -40.000000 and TNOM = 27.000000

Using KLU as Direct Linear Solver
 Reference value :  0.00000e+00
 Reference value :  1.65075e-08
 Reference value :  3.24475e-08
 Reference value :  4.85425e-08
 Reference value :  6.26475e-08
 Reference value :  7.63875e-08
 Reference value :  8.93475e-08
 Reference value :  1.04043e-07
 Reference value :  1.16893e-07
 Reference value :  1.31428e-07
 Reference value :  1.46773e-07
 Reference value :  1.62743e-07
 Reference value :  1.79248e-07
 Reference value :  1.95373e-07
No. of Data Rows : 41034
Note: Simulation executed from .control section 
