
Note: Compatibility modes selected: hs a


Circuit: * comparator-decision decision-flip offset bisection -- vindiff=-9.0625mv corner=ss temp=-40.0c (issue #66)

option SCALE: Scale is set to 1e-06 for instance and model parameters
option SCALE: Scale is set to 1e-06 for instance and model parameters
option SCALE: Scale is set to 1e-06 for instance and model parameters
option SCALE: Scale is set to 1e-06 for instance and model parameters
Doing analysis at TEMP = -40.000000 and TNOM = 27.000000

Using KLU as Direct Linear Solver
 Reference value :  0.00000e+00
 Reference value :  1.52175e-08
 Reference value :  3.06025e-08
 Reference value :  4.53375e-08
 Reference value :  6.02875e-08
 Reference value :  7.50475e-08
 Reference value :  8.97225e-08
 Reference value :  1.04383e-07
 Reference value :  1.19058e-07
 Reference value :  1.33273e-07
 Reference value :  1.47938e-07
 Reference value :  1.62873e-07
 Reference value :  1.77933e-07
 Reference value :  1.92583e-07
No. of Data Rows : 41034
Note: Simulation executed from .control section 
