
Note: Compatibility modes selected: hs a


Circuit: * comparator-decision decision-flip offset bisection -- vindiff=12.5mv corner=ss temp=-40.0c (issue #66)

option SCALE: Scale is set to 1e-06 for instance and model parameters
option SCALE: Scale is set to 1e-06 for instance and model parameters
option SCALE: Scale is set to 1e-06 for instance and model parameters
option SCALE: Scale is set to 1e-06 for instance and model parameters
Doing analysis at TEMP = -40.000000 and TNOM = 27.000000

Using KLU as Direct Linear Solver
 Reference value :  0.00000e+00
 Reference value :  1.48475e-08
 Reference value :  2.90375e-08
 Reference value :  4.27075e-08
 Reference value :  5.74625e-08
 Reference value :  7.03525e-08
 Reference value :  8.33125e-08
 Reference value :  9.69025e-08
 Reference value :  1.11273e-07
 Reference value :  1.26898e-07
 Reference value :  1.42393e-07
 Reference value :  1.57863e-07
 Reference value :  1.73058e-07
 Reference value :  1.86753e-07
 Reference value :  1.99553e-07
No. of Data Rows : 41034
Note: Simulation executed from .control section 
