
Note: Compatibility modes selected: hs a


Circuit: * comparator-decision decision-flip offset bisection -- vindiff=19.765625mv corner=ss temp=-40.0c (issue #66)

option SCALE: Scale is set to 1e-06 for instance and model parameters
option SCALE: Scale is set to 1e-06 for instance and model parameters
option SCALE: Scale is set to 1e-06 for instance and model parameters
option SCALE: Scale is set to 1e-06 for instance and model parameters
Doing analysis at TEMP = -40.000000 and TNOM = 27.000000

Using KLU as Direct Linear Solver
 Reference value :  0.00000e+00
 Reference value :  1.00925e-08
 Reference value :  1.93675e-08
 Reference value :  2.85525e-08
 Reference value :  3.88925e-08
 Reference value :  5.12075e-08
 Reference value :  6.59175e-08
 Reference value :  8.03775e-08
 Reference value :  9.40975e-08
 Reference value :  1.08153e-07
 Reference value :  1.21568e-07
 Reference value :  1.35758e-07
 Reference value :  1.50543e-07
 Reference value :  1.64433e-07
 Reference value :  1.78358e-07
 Reference value :  1.92733e-07
No. of Data Rows : 41034
Note: Simulation executed from .control section 
