
Note: Compatibility modes selected: hs a


Circuit: * comparator-decision decision-flip offset bisection -- vindiff=20.0mv corner=ss temp=-40.0c (issue #66)

option SCALE: Scale is set to 1e-06 for instance and model parameters
option SCALE: Scale is set to 1e-06 for instance and model parameters
option SCALE: Scale is set to 1e-06 for instance and model parameters
option SCALE: Scale is set to 1e-06 for instance and model parameters
Doing analysis at TEMP = -40.000000 and TNOM = 27.000000

Using KLU as Direct Linear Solver
 Reference value :  0.00000e+00
 Reference value :  1.46475e-08
 Reference value :  2.88825e-08
 Reference value :  4.34125e-08
 Reference value :  5.86825e-08
 Reference value :  7.49675e-08
 Reference value :  9.17975e-08
 Reference value :  1.08228e-07
 Reference value :  1.24668e-07
 Reference value :  1.40873e-07
 Reference value :  1.56758e-07
 Reference value :  1.73203e-07
 Reference value :  1.89738e-07
No. of Data Rows : 41034
Note: Simulation executed from .control section 
