
Note: Compatibility modes selected: hs a


Circuit: * comparator-decision decision-flip offset bisection -- vindiff=19.0625mv corner=ss temp=-40.0c (issue #66)

option SCALE: Scale is set to 1e-06 for instance and model parameters
option SCALE: Scale is set to 1e-06 for instance and model parameters
option SCALE: Scale is set to 1e-06 for instance and model parameters
option SCALE: Scale is set to 1e-06 for instance and model parameters
Doing analysis at TEMP = -40.000000 and TNOM = 27.000000

Using KLU as Direct Linear Solver
 Reference value :  0.00000e+00
 Reference value :  1.26825e-08
 Reference value :  2.57225e-08
 Reference value :  3.92725e-08
 Reference value :  5.20025e-08
 Reference value :  6.46275e-08
 Reference value :  7.76925e-08
 Reference value :  9.11675e-08
 Reference value :  1.04733e-07
 Reference value :  1.16753e-07
 Reference value :  1.28078e-07
 Reference value :  1.39443e-07
 Reference value :  1.51188e-07
 Reference value :  1.62968e-07
 Reference value :  1.74893e-07
 Reference value :  1.87593e-07
 Reference value :  1.99533e-07
No. of Data Rows : 41034
Note: Simulation executed from .control section 
