
Note: Compatibility modes selected: hs a


Circuit: * comparator-decision decision-flip offset bisection -- vindiff=-2.5mv corner=ss temp=-40.0c (issue #66)

option SCALE: Scale is set to 1e-06 for instance and model parameters
option SCALE: Scale is set to 1e-06 for instance and model parameters
option SCALE: Scale is set to 1e-06 for instance and model parameters
option SCALE: Scale is set to 1e-06 for instance and model parameters
Doing analysis at TEMP = -40.000000 and TNOM = 27.000000

Using KLU as Direct Linear Solver
 Reference value :  0.00000e+00
 Reference value :  1.62975e-08
 Reference value :  3.24075e-08
 Reference value :  4.79625e-08
 Reference value :  6.35275e-08
 Reference value :  7.91625e-08
 Reference value :  9.57675e-08
 Reference value :  1.12473e-07
 Reference value :  1.28998e-07
 Reference value :  1.45803e-07
 Reference value :  1.61573e-07
 Reference value :  1.75823e-07
 Reference value :  1.92483e-07
No. of Data Rows : 41034
Note: Simulation executed from .control section 
