
Note: Compatibility modes selected: hs a


Circuit: * comparator-decision decision-flip offset bisection -- vindiff=-8.2421875mv corner=ss temp=-40.0c (issue #66)

option SCALE: Scale is set to 1e-06 for instance and model parameters
option SCALE: Scale is set to 1e-06 for instance and model parameters
option SCALE: Scale is set to 1e-06 for instance and model parameters
option SCALE: Scale is set to 1e-06 for instance and model parameters
Doing analysis at TEMP = -40.000000 and TNOM = 27.000000

Using KLU as Direct Linear Solver
 Reference value :  0.00000e+00
 Reference value :  1.50725e-08
 Reference value :  2.97875e-08
 Reference value :  4.43425e-08
 Reference value :  5.90725e-08
 Reference value :  7.44175e-08
 Reference value :  8.94175e-08
 Reference value :  1.04763e-07
 Reference value :  1.20138e-07
 Reference value :  1.33703e-07
 Reference value :  1.47108e-07
 Reference value :  1.60748e-07
 Reference value :  1.74178e-07
 Reference value :  1.86973e-07
 Reference value :  2.00423e-07
No. of Data Rows : 41034
Note: Simulation executed from .control section 
