
Note: Compatibility modes selected: hs a


Circuit: * comparator-decision decision-flip offset bisection -- vindiff=5.0mv corner=ss temp=-40.0c (issue #66)

option SCALE: Scale is set to 1e-06 for instance and model parameters
option SCALE: Scale is set to 1e-06 for instance and model parameters
option SCALE: Scale is set to 1e-06 for instance and model parameters
option SCALE: Scale is set to 1e-06 for instance and model parameters
Doing analysis at TEMP = -40.000000 and TNOM = 27.000000

Using KLU as Direct Linear Solver
 Reference value :  0.00000e+00
 Reference value :  1.32625e-08
 Reference value :  2.66775e-08
 Reference value :  3.99475e-08
 Reference value :  5.26225e-08
 Reference value :  6.79825e-08
 Reference value :  8.32725e-08
 Reference value :  9.92225e-08
 Reference value :  1.14898e-07
 Reference value :  1.29783e-07
 Reference value :  1.43623e-07
 Reference value :  1.57313e-07
 Reference value :  1.71528e-07
 Reference value :  1.85473e-07
 Reference value :  1.99768e-07
No. of Data Rows : 41034
Note: Simulation executed from .control section 
