
Note: Compatibility modes selected: hs a


Circuit: * comparator-decision decision-flip offset bisection -- vindiff=-8.359375mv corner=ss temp=-40.0c (issue #66)

option SCALE: Scale is set to 1e-06 for instance and model parameters
option SCALE: Scale is set to 1e-06 for instance and model parameters
option SCALE: Scale is set to 1e-06 for instance and model parameters
option SCALE: Scale is set to 1e-06 for instance and model parameters
Doing analysis at TEMP = -40.000000 and TNOM = 27.000000

Using KLU as Direct Linear Solver
 Reference value :  0.00000e+00
 Reference value :  1.55425e-08
 Reference value :  2.94375e-08
 Reference value :  4.33125e-08
 Reference value :  5.70925e-08
 Reference value :  7.17525e-08
 Reference value :  8.64275e-08
 Reference value :  1.00448e-07
 Reference value :  1.14968e-07
 Reference value :  1.28733e-07
 Reference value :  1.42808e-07
 Reference value :  1.57133e-07
 Reference value :  1.71193e-07
 Reference value :  1.85558e-07
 Reference value :  1.98753e-07
No. of Data Rows : 41034
Note: Simulation executed from .control section 
