
Note: Compatibility modes selected: hs a


Circuit: * comparator-decision decision-flip offset bisection -- vindiff=18.125mv corner=ss temp=-40.0c (issue #66)

option SCALE: Scale is set to 1e-06 for instance and model parameters
option SCALE: Scale is set to 1e-06 for instance and model parameters
option SCALE: Scale is set to 1e-06 for instance and model parameters
option SCALE: Scale is set to 1e-06 for instance and model parameters
Doing analysis at TEMP = -40.000000 and TNOM = 27.000000

Using KLU as Direct Linear Solver
 Reference value :  0.00000e+00
 Reference value :  1.57975e-08
 Reference value :  3.16875e-08
 Reference value :  4.81225e-08
 Reference value :  6.43875e-08
 Reference value :  7.94175e-08
 Reference value :  9.50225e-08
 Reference value :  1.11028e-07
 Reference value :  1.26538e-07
 Reference value :  1.42283e-07
 Reference value :  1.56788e-07
 Reference value :  1.71538e-07
 Reference value :  1.86343e-07
 Reference value :  2.02358e-07
No. of Data Rows : 41034
Note: Simulation executed from .control section 
