
Note: Compatibility modes selected: hs a


Circuit: * comparator-decision regen-time sweep -- vindiff=-10mv corner=ss temp=-40.0c (issue #9)

option SCALE: Scale is set to 1e-06 for instance and model parameters
option SCALE: Scale is set to 1e-06 for instance and model parameters
option SCALE: Scale is set to 1e-06 for instance and model parameters
option SCALE: Scale is set to 1e-06 for instance and model parameters
Doing analysis at TEMP = -40.000000 and TNOM = 27.000000

Using KLU as Direct Linear Solver
 Reference value :  0.00000e+00
 Reference value :  4.00000e-13
 Reference value :  6.40000e-12
 Reference value :  2.14000e-11
 Reference value :  3.64000e-11
 Reference value :  5.64000e-11
 Reference value :  7.64000e-11
 Reference value :  9.64000e-11
 Reference value :  1.21400e-10
 Reference value :  1.41400e-10
 Reference value :  1.66400e-10
 Reference value :  1.91400e-10
 Reference value :  2.06400e-10
 Reference value :  2.21400e-10
 Reference value :  2.41400e-10
 Reference value :  2.61400e-10
 Reference value :  2.86400e-10
 Reference value :  3.11400e-10
 Reference value :  3.31400e-10
 Reference value :  3.51400e-10
 Reference value :  3.71400e-10
 Reference value :  3.86400e-10
 Reference value :  4.06400e-10
 Reference value :  4.31400e-10
 Reference value :  4.46400e-10
 Reference value :  4.66400e-10
 Reference value :  4.86400e-10
 Reference value :  5.11400e-10
 Reference value :  5.31400e-10
 Reference value :  5.56400e-10
 Reference value :  5.76400e-10
 Reference value :  5.96400e-10
 Reference value :  6.21400e-10
 Reference value :  6.41400e-10
 Reference value :  6.56400e-10
 Reference value :  6.76400e-10
 Reference value :  6.96400e-10
 Reference value :  7.11400e-10
 Reference value :  7.31400e-10
 Reference value :  7.56400e-10
 Reference value :  7.76400e-10
 Reference value :  7.96400e-10
 Reference value :  8.16400e-10
 Reference value :  8.36400e-10
 Reference value :  8.56400e-10
 Reference value :  8.81400e-10
 Reference value :  8.96400e-10
 Reference value :  9.16400e-10
 Reference value :  9.36400e-10
 Reference value :  9.56400e-10
 Reference value :  9.76400e-10
 Reference value :  9.91400e-10
 Reference value :  1.00640e-09
 Reference value :  1.02140e-09
 Reference value :  1.03640e-09
 Reference value :  1.05640e-09
 Reference value :  1.07640e-09
 Reference value :  1.10140e-09
 Reference value :  1.12140e-09
 Reference value :  1.14140e-09
 Reference value :  1.16140e-09
 Reference value :  1.18140e-09
 Reference value :  1.20640e-09
 Reference value :  1.23140e-09
 Reference value :  1.25140e-09
 Reference value :  1.27640e-09
 Reference value :  1.29640e-09
 Reference value :  1.31640e-09
 Reference value :  1.33140e-09
 Reference value :  1.35140e-09
 Reference value :  1.37640e-09
 Reference value :  1.39640e-09
 Reference value :  1.41140e-09
 Reference value :  1.43140e-09
 Reference value :  1.45640e-09
 Reference value :  1.47640e-09
 Reference value :  1.49640e-09
 Reference value :  1.51140e-09
 Reference value :  1.53640e-09
 Reference value :  1.56140e-09
 Reference value :  1.58140e-09
 Reference value :  1.60140e-09
 Reference value :  1.62140e-09
 Reference value :  1.64140e-09
 Reference value :  1.66140e-09
 Reference value :  1.68640e-09
 Reference value :  1.71140e-09
 Reference value :  1.73640e-09
 Reference value :  1.76140e-09
 Reference value :  1.77640e-09
 Reference value :  1.79640e-09
 Reference value :  1.81640e-09
 Reference value :  1.83640e-09
 Reference value :  1.85640e-09
 Reference value :  1.88140e-09
 Reference value :  1.89640e-09
 Reference value :  1.91140e-09
 Reference value :  1.93140e-09
 Reference value :  1.95140e-09
 Reference value :  1.97640e-09
 Reference value :  1.99640e-09
 Reference value :  2.02140e-09
 Reference value :  2.03640e-09
 Reference value :  2.05140e-09
 Reference value :  2.07140e-09
 Reference value :  2.09140e-09
 Reference value :  2.11140e-09
 Reference value :  2.13140e-09
 Reference value :  2.15140e-09
 Reference value :  2.17640e-09
 Reference value :  2.20140e-09
 Reference value :  2.21640e-09
 Reference value :  2.23140e-09
 Reference value :  2.25140e-09
 Reference value :  2.27140e-09
 Reference value :  2.28640e-09
 Reference value :  2.30640e-09
 Reference value :  2.32640e-09
 Reference value :  2.34140e-09
 Reference value :  2.35640e-09
 Reference value :  2.37640e-09
 Reference value :  2.39140e-09
 Reference value :  2.40640e-09
 Reference value :  2.43140e-09
 Reference value :  2.45140e-09
 Reference value :  2.46640e-09
 Reference value :  2.48640e-09
 Reference value :  2.50640e-09
 Reference value :  2.52640e-09
 Reference value :  2.54640e-09
 Reference value :  2.57140e-09
 Reference value :  2.59140e-09
 Reference value :  2.61140e-09
 Reference value :  2.63140e-09
 Reference value :  2.65640e-09
 Reference value :  2.68140e-09
 Reference value :  2.70640e-09
 Reference value :  2.73140e-09
 Reference value :  2.75640e-09
 Reference value :  2.78140e-09
 Reference value :  2.80140e-09
 Reference value :  2.82140e-09
 Reference value :  2.84140e-09
 Reference value :  2.86140e-09
 Reference value :  2.88140e-09
 Reference value :  2.90140e-09
 Reference value :  2.92140e-09
 Reference value :  2.94140e-09
 Reference value :  2.95640e-09
 Reference value :  2.97140e-09
 Reference value :  2.98640e-09
 Reference value :  3.00640e-09
 Reference value :  3.03140e-09
 Reference value :  3.05140e-09
 Reference value :  3.07140e-09
 Reference value :  3.09640e-09
 Reference value :  3.12140e-09
 Reference value :  3.14640e-09
 Reference value :  3.17140e-09
 Reference value :  3.19140e-09
 Reference value :  3.21640e-09
 Reference value :  3.23140e-09
 Reference value :  3.25140e-09
 Reference value :  3.27640e-09
 Reference value :  3.30140e-09
 Reference value :  3.32140e-09
 Reference value :  3.34140e-09
 Reference value :  3.36140e-09
 Reference value :  3.38140e-09
 Reference value :  3.39640e-09
 Reference value :  3.41140e-09
 Reference value :  3.43140e-09
 Reference value :  3.45140e-09
 Reference value :  3.47140e-09
 Reference value :  3.49140e-09
 Reference value :  3.51140e-09
 Reference value :  3.53140e-09
 Reference value :  3.55640e-09
 Reference value :  3.58140e-09
 Reference value :  3.59640e-09
 Reference value :  3.61140e-09
 Reference value :  3.63140e-09
 Reference value :  3.65640e-09
 Reference value :  3.67640e-09
 Reference value :  3.69640e-09
 Reference value :  3.71640e-09
 Reference value :  3.73640e-09
 Reference value :  3.75640e-09
 Reference value :  3.77640e-09
 Reference value :  3.79640e-09
 Reference value :  3.82140e-09
 Reference value :  3.84140e-09
 Reference value :  3.86140e-09
 Reference value :  3.88140e-09
 Reference value :  3.90140e-09
 Reference value :  3.92140e-09
 Reference value :  3.94140e-09
 Reference value :  3.96140e-09
 Reference value :  3.98640e-09
 Reference value :  4.01140e-09
 Reference value :  4.03140e-09
 Reference value :  4.05140e-09
 Reference value :  4.07140e-09
 Reference value :  4.09140e-09
 Reference value :  4.11640e-09
 Reference value :  4.14140e-09
 Reference value :  4.16140e-09
 Reference value :  4.18140e-09
 Reference value :  4.20140e-09
 Reference value :  4.22140e-09
 Reference value :  4.23640e-09
 Reference value :  4.25640e-09
 Reference value :  4.27640e-09
 Reference value :  4.29640e-09
 Reference value :  4.31640e-09
 Reference value :  4.33640e-09
 Reference value :  4.35640e-09
 Reference value :  4.37640e-09
 Reference value :  4.39640e-09
 Reference value :  4.41640e-09
 Reference value :  4.43640e-09
 Reference value :  4.45640e-09
 Reference value :  4.47640e-09
 Reference value :  4.49640e-09
 Reference value :  4.51640e-09
 Reference value :  4.53140e-09
 Reference value :  4.55140e-09
 Reference value :  4.57140e-09
 Reference value :  4.59140e-09
 Reference value :  4.61140e-09
 Reference value :  4.62640e-09
 Reference value :  4.64140e-09
 Reference value :  4.66640e-09
 Reference value :  4.68640e-09
 Reference value :  4.70140e-09
 Reference value :  4.71640e-09
 Reference value :  4.73140e-09
 Reference value :  4.75140e-09
 Reference value :  4.77140e-09
 Reference value :  4.79140e-09
 Reference value :  4.80640e-09
 Reference value :  4.82640e-09
 Reference value :  4.84640e-09
 Reference value :  4.86640e-09
 Reference value :  4.89140e-09
 Reference value :  4.90640e-09
 Reference value :  4.92640e-09
 Reference value :  4.95140e-09
 Reference value :  4.97140e-09
 Reference value :  4.99140e-09
 Reference value :  5.00150e-09
 Reference value :  5.01750e-09
 Reference value :  5.03250e-09
 Reference value :  5.05250e-09
 Reference value :  5.07250e-09
 Reference value :  5.09250e-09
 Reference value :  5.10150e-09
 Reference value :  5.12250e-09
 Reference value :  5.14750e-09
 Reference value :  5.16750e-09
 Reference value :  5.18750e-09
 Reference value :  5.20750e-09
 Reference value :  5.22750e-09
 Reference value :  5.25250e-09
 Reference value :  5.27250e-09
 Reference value :  5.29250e-09
 Reference value :  5.31250e-09
 Reference value :  5.33250e-09
 Reference value :  5.35250e-09
 Reference value :  5.37250e-09
 Reference value :  5.38750e-09
 Reference value :  5.40250e-09
 Reference value :  5.42750e-09
 Reference value :  5.44750e-09
 Reference value :  5.46250e-09
 Reference value :  5.47750e-09
 Reference value :  5.49750e-09
 Reference value :  5.51750e-09
 Reference value :  5.53750e-09
 Reference value :  5.55250e-09
 Reference value :  5.57250e-09
 Reference value :  5.58750e-09
 Reference value :  5.60750e-09
 Reference value :  5.62750e-09
 Reference value :  5.65750e-09
 Reference value :  5.67750e-09
 Reference value :  5.70250e-09
 Reference value :  5.72250e-09
 Reference value :  5.74250e-09
 Reference value :  5.76250e-09
 Reference value :  5.78250e-09
 Reference value :  5.80250e-09
 Reference value :  5.82250e-09
 Reference value :  5.84250e-09
 Reference value :  5.86250e-09
 Reference value :  5.88250e-09
 Reference value :  5.89250e-09
 Reference value :  5.90750e-09
 Reference value :  6.26750e-09
 Reference value :  6.28750e-09
 Reference value :  6.30750e-09
 Reference value :  6.32750e-09
 Reference value :  6.34750e-09
 Reference value :  6.36750e-09
 Reference value :  6.39250e-09
 Reference value :  6.41250e-09
 Reference value :  6.43250e-09
 Reference value :  6.45750e-09
 Reference value :  6.47750e-09
 Reference value :  6.49750e-09
 Reference value :  6.51750e-09
 Reference value :  6.54250e-09
 Reference value :  6.56750e-09
 Reference value :  6.59250e-09
 Reference value :  6.61250e-09
 Reference value :  6.63250e-09
 Reference value :  6.65250e-09
 Reference value :  6.67750e-09
 Reference value :  6.70250e-09
 Reference value :  6.72250e-09
 Reference value :  6.74250e-09
 Reference value :  6.76250e-09
 Reference value :  6.78250e-09
 Reference value :  6.80250e-09
 Reference value :  6.82250e-09
 Reference value :  6.84250e-09
 Reference value :  6.86750e-09
 Reference value :  6.88250e-09
 Reference value :  6.89750e-09
 Reference value :  6.92250e-09
 Reference value :  6.94750e-09
 Reference value :  6.96250e-09
 Reference value :  6.97750e-09
 Reference value :  6.99750e-09
 Reference value :  7.02250e-09
 Reference value :  7.04750e-09
 Reference value :  7.06750e-09
 Reference value :  7.08250e-09
 Reference value :  7.10250e-09
 Reference value :  7.11750e-09
 Reference value :  7.13750e-09
 Reference value :  7.19750e-09
 Reference value :  7.21750e-09
 Reference value :  7.24750e-09
 Reference value :  7.27250e-09
 Reference value :  7.28750e-09
 Reference value :  7.30250e-09
 Reference value :  7.32250e-09
 Reference value :  7.34250e-09
 Reference value :  7.36250e-09
 Reference value :  7.38750e-09
 Reference value :  7.40750e-09
 Reference value :  7.42750e-09
 Reference value :  7.45250e-09
 Reference value :  7.47250e-09
 Reference value :  7.49250e-09
 Reference value :  7.51250e-09
 Reference value :  7.53250e-09
 Reference value :  7.54750e-09
 Reference value :  7.56250e-09
 Reference value :  7.58250e-09
 Reference value :  7.60250e-09
 Reference value :  7.62750e-09
 Reference value :  7.65250e-09
 Reference value :  7.67250e-09
 Reference value :  7.69250e-09
 Reference value :  7.71250e-09
 Reference value :  7.73250e-09
 Reference value :  7.75250e-09
 Reference value :  7.77750e-09
 Reference value :  7.79750e-09
 Reference value :  7.81750e-09
 Reference value :  7.84250e-09
 Reference value :  7.86250e-09
 Reference value :  7.88250e-09
 Reference value :  7.90250e-09
 Reference value :  7.92750e-09
 Reference value :  7.94750e-09
 Reference value :  7.97250e-09
 Reference value :  7.99750e-09
 Reference value :  8.01750e-09
 Reference value :  8.03750e-09
 Reference value :  8.06250e-09
 Reference value :  8.08250e-09
 Reference value :  8.10250e-09
 Reference value :  8.12250e-09
 Reference value :  8.14250e-09
 Reference value :  8.16250e-09
 Reference value :  8.18250e-09
 Reference value :  8.20250e-09
 Reference value :  8.22250e-09
 Reference value :  8.24250e-09
 Reference value :  8.26750e-09
 Reference value :  8.28750e-09
 Reference value :  8.30750e-09
 Reference value :  8.32750e-09
 Reference value :  8.35250e-09
 Reference value :  8.37750e-09
 Reference value :  8.40250e-09
 Reference value :  8.41750e-09
 Reference value :  8.43250e-09
 Reference value :  8.45250e-09
 Reference value :  8.47250e-09
 Reference value :  8.48750e-09
 Reference value :  8.50750e-09
 Reference value :  8.53250e-09
 Reference value :  8.55250e-09
 Reference value :  8.57750e-09
 Reference value :  8.59750e-09
 Reference value :  8.62250e-09
 Reference value :  8.64250e-09
 Reference value :  8.66250e-09
 Reference value :  8.68750e-09
 Reference value :  8.70750e-09
 Reference value :  8.72250e-09
 Reference value :  8.74750e-09
 Reference value :  8.76250e-09
 Reference value :  8.77750e-09
 Reference value :  8.79750e-09
 Reference value :  8.81250e-09
 Reference value :  8.82750e-09
 Reference value :  8.84750e-09
 Reference value :  8.87250e-09
 Reference value :  8.89750e-09
 Reference value :  8.91750e-09
 Reference value :  8.93750e-09
 Reference value :  8.95750e-09
 Reference value :  8.97250e-09
 Reference value :  8.99750e-09
 Reference value :  9.01750e-09
 Reference value :  9.04250e-09
 Reference value :  9.06750e-09
 Reference value :  9.09250e-09
 Reference value :  9.11750e-09
 Reference value :  9.13750e-09
 Reference value :  9.15750e-09
 Reference value :  9.17750e-09
 Reference value :  9.19750e-09
 Reference value :  9.21750e-09
 Reference value :  9.23750e-09
 Reference value :  9.25750e-09
 Reference value :  9.28250e-09
 Reference value :  9.29750e-09
 Reference value :  9.31750e-09
 Reference value :  9.34250e-09
 Reference value :  9.36250e-09
 Reference value :  9.38250e-09
 Reference value :  9.40250e-09
 Reference value :  9.42250e-09
 Reference value :  9.44750e-09
 Reference value :  9.47250e-09
 Reference value :  9.49250e-09
 Reference value :  9.51250e-09
 Reference value :  9.53750e-09
 Reference value :  9.55750e-09
 Reference value :  9.57750e-09
 Reference value :  9.60250e-09
 Reference value :  9.62750e-09
 Reference value :  9.64750e-09
 Reference value :  9.66750e-09
 Reference value :  9.69250e-09
 Reference value :  9.71250e-09
 Reference value :  9.73250e-09
 Reference value :  9.75750e-09
 Reference value :  9.77750e-09
 Reference value :  9.79750e-09
 Reference value :  9.81750e-09
 Reference value :  9.83750e-09
 Reference value :  9.85750e-09
 Reference value :  9.87750e-09
 Reference value :  9.89250e-09
 Reference value :  9.91250e-09
 Reference value :  9.93250e-09
 Reference value :  9.95250e-09
 Reference value :  9.97250e-09
 Reference value :  9.99250e-09
 Reference value :  1.00075e-08
 Reference value :  1.00275e-08
 Reference value :  1.00425e-08
 Reference value :  1.00625e-08
 Reference value :  1.00875e-08
 Reference value :  1.01075e-08
 Reference value :  1.01275e-08
 Reference value :  1.01475e-08
 Reference value :  1.01675e-08
 Reference value :  1.01875e-08
 Reference value :  1.02075e-08
 Reference value :  1.02275e-08
 Reference value :  1.02475e-08
 Reference value :  1.02675e-08
 Reference value :  1.02875e-08
 Reference value :  1.03075e-08
 Reference value :  1.03325e-08
 Reference value :  1.03625e-08
 Reference value :  1.03775e-08
 Reference value :  1.03975e-08
 Reference value :  1.04175e-08
 Reference value :  1.04375e-08
 Reference value :  1.04525e-08
 Reference value :  1.04725e-08
 Reference value :  1.04975e-08
 Reference value :  1.05175e-08
 Reference value :  1.05425e-08
 Reference value :  1.05625e-08
 Reference value :  1.05875e-08
 Reference value :  1.06125e-08
 Reference value :  1.06325e-08
 Reference value :  1.06575e-08
 Reference value :  1.06825e-08
 Reference value :  1.07075e-08
 Reference value :  1.07325e-08
 Reference value :  1.07525e-08
 Reference value :  1.07725e-08
 Reference value :  1.07925e-08
 Reference value :  1.08075e-08
 Reference value :  1.08225e-08
 Reference value :  1.08375e-08
 Reference value :  1.08525e-08
 Reference value :  1.08725e-08
 Reference value :  1.08975e-08
 Reference value :  1.09225e-08
 Reference value :  1.09425e-08
 Reference value :  1.09625e-08
 Reference value :  1.09825e-08
 Reference value :  1.10025e-08
 Reference value :  1.10225e-08
 Reference value :  1.10425e-08
 Reference value :  1.10625e-08
 Reference value :  1.10775e-08
 Reference value :  1.11025e-08
 Reference value :  1.11175e-08
 Reference value :  1.11325e-08
 Reference value :  1.11575e-08
 Reference value :  1.11775e-08
 Reference value :  1.11975e-08
 Reference value :  1.12175e-08
 Reference value :  1.12375e-08
 Reference value :  1.12525e-08
 Reference value :  1.12725e-08
 Reference value :  1.12875e-08
 Reference value :  1.13075e-08
 Reference value :  1.13275e-08
 Reference value :  1.13475e-08
 Reference value :  1.13725e-08
 Reference value :  1.13975e-08
 Reference value :  1.14175e-08
 Reference value :  1.14425e-08
 Reference value :  1.14625e-08
 Reference value :  1.14825e-08
 Reference value :  1.14975e-08
 Reference value :  1.15125e-08
 Reference value :  1.15325e-08
 Reference value :  1.15575e-08
 Reference value :  1.15825e-08
 Reference value :  1.16025e-08
 Reference value :  1.16225e-08
 Reference value :  1.16425e-08
 Reference value :  1.16625e-08
 Reference value :  1.16775e-08
 Reference value :  1.16975e-08
 Reference value :  1.17225e-08
 Reference value :  1.17475e-08
 Reference value :  1.17775e-08
 Reference value :  1.17975e-08
 Reference value :  1.18175e-08
 Reference value :  1.18325e-08
 Reference value :  1.18525e-08
 Reference value :  1.18725e-08
 Reference value :  1.18975e-08
 Reference value :  1.19225e-08
 Reference value :  1.19425e-08
 Reference value :  1.19575e-08
 Reference value :  1.19775e-08
 Reference value :  1.19975e-08
 Reference value :  1.20225e-08
 Reference value :  1.20425e-08
 Reference value :  1.20625e-08
 Reference value :  1.20875e-08
 Reference value :  1.21075e-08
 Reference value :  1.21275e-08
 Reference value :  1.21475e-08
 Reference value :  1.21675e-08
 Reference value :  1.21925e-08
 Reference value :  1.22125e-08
 Reference value :  1.22375e-08
 Reference value :  1.22625e-08
 Reference value :  1.22875e-08
 Reference value :  1.23075e-08
 Reference value :  1.23225e-08
 Reference value :  1.23425e-08
 Reference value :  1.23575e-08
 Reference value :  1.23775e-08
 Reference value :  1.23975e-08
 Reference value :  1.24175e-08
 Reference value :  1.24425e-08
 Reference value :  1.24675e-08
 Reference value :  1.24875e-08
 Reference value :  1.25025e-08
 Reference value :  1.25175e-08
 Reference value :  1.25375e-08
 Reference value :  1.25575e-08
 Reference value :  1.25775e-08
 Reference value :  1.25975e-08
 Reference value :  1.26225e-08
 Reference value :  1.26425e-08
 Reference value :  1.26625e-08
 Reference value :  1.26825e-08
 Reference value :  1.26975e-08
 Reference value :  1.27175e-08
 Reference value :  1.27375e-08
 Reference value :  1.27525e-08
 Reference value :  1.27725e-08
 Reference value :  1.27925e-08
 Reference value :  1.28125e-08
 Reference value :  1.28375e-08
 Reference value :  1.28625e-08
 Reference value :  1.28825e-08
 Reference value :  1.29025e-08
 Reference value :  1.29275e-08
 Reference value :  1.29525e-08
 Reference value :  1.29775e-08
 Reference value :  1.29975e-08
 Reference value :  1.30125e-08
 Reference value :  1.30325e-08
 Reference value :  1.30525e-08
 Reference value :  1.30775e-08
 Reference value :  1.31025e-08
 Reference value :  1.31275e-08
 Reference value :  1.31475e-08
 Reference value :  1.32975e-08
 Reference value :  1.33225e-08
 Reference value :  1.35675e-08
 Reference value :  1.35825e-08
 Reference value :  1.36025e-08
 Reference value :  1.36225e-08
 Reference value :  1.36475e-08
 Reference value :  1.36725e-08
 Reference value :  1.36975e-08
 Reference value :  1.37175e-08
 Reference value :  1.37425e-08
 Reference value :  1.37625e-08
 Reference value :  1.37825e-08
 Reference value :  1.38025e-08
 Reference value :  1.38175e-08
 Reference value :  1.38325e-08
 Reference value :  1.38525e-08
 Reference value :  1.38675e-08
 Reference value :  1.38875e-08
 Reference value :  1.39025e-08
 Reference value :  1.39175e-08
 Reference value :  1.39375e-08
 Reference value :  1.39575e-08
 Reference value :  1.39825e-08
 Reference value :  1.40025e-08
 Reference value :  1.40275e-08
 Reference value :  1.40475e-08
 Reference value :  1.40675e-08
 Reference value :  1.40875e-08
 Reference value :  1.41075e-08
 Reference value :  1.41275e-08
 Reference value :  1.41525e-08
 Reference value :  1.41725e-08
 Reference value :  1.41925e-08
 Reference value :  1.42125e-08
 Reference value :  1.42375e-08
 Reference value :  1.42525e-08
 Reference value :  1.42675e-08
 Reference value :  1.42875e-08
 Reference value :  1.43075e-08
 Reference value :  1.43275e-08
 Reference value :  1.43425e-08
 Reference value :  1.43625e-08
 Reference value :  1.43925e-08
 Reference value :  1.44125e-08
 Reference value :  1.44275e-08
 Reference value :  1.44425e-08
 Reference value :  1.44625e-08
 Reference value :  1.44825e-08
 Reference value :  1.45075e-08
 Reference value :  1.45225e-08
 Reference value :  1.45425e-08
 Reference value :  1.45625e-08
 Reference value :  1.45825e-08
 Reference value :  1.45975e-08
 Reference value :  1.46125e-08
 Reference value :  1.46375e-08
 Reference value :  1.46575e-08
 Reference value :  1.46775e-08
 Reference value :  1.46925e-08
 Reference value :  1.47175e-08
 Reference value :  1.47425e-08
 Reference value :  1.47675e-08
 Reference value :  1.47875e-08
 Reference value :  1.48075e-08
 Reference value :  1.48925e-08
 Reference value :  1.49125e-08
 Reference value :  1.49375e-08
 Reference value :  1.49575e-08
 Reference value :  1.49775e-08
 Reference value :  1.49975e-08
 Reference value :  1.50175e-08
 Reference value :  1.50375e-08
 Reference value :  1.50575e-08
 Reference value :  1.50775e-08
 Reference value :  1.50975e-08
 Reference value :  1.51175e-08
 Reference value :  1.51325e-08
 Reference value :  1.51525e-08
 Reference value :  1.51775e-08
 Reference value :  1.52025e-08
 Reference value :  1.52225e-08
 Reference value :  1.52475e-08
 Reference value :  1.52675e-08
 Reference value :  1.52925e-08
 Reference value :  1.53125e-08
 Reference value :  1.53325e-08
 Reference value :  1.53525e-08
 Reference value :  1.53725e-08
 Reference value :  1.53925e-08
 Reference value :  1.54075e-08
 Reference value :  1.54275e-08
 Reference value :  1.54475e-08
 Reference value :  1.54725e-08
 Reference value :  1.54925e-08
 Reference value :  1.55175e-08
 Reference value :  1.55425e-08
 Reference value :  1.55625e-08
 Reference value :  1.55825e-08
 Reference value :  1.56025e-08
 Reference value :  1.56275e-08
 Reference value :  1.56525e-08
 Reference value :  1.56725e-08
 Reference value :  1.56925e-08
 Reference value :  1.57125e-08
 Reference value :  1.57325e-08
 Reference value :  1.57525e-08
 Reference value :  1.57725e-08
 Reference value :  1.57975e-08
 Reference value :  1.58175e-08
 Reference value :  1.58375e-08
 Reference value :  1.58575e-08
 Reference value :  1.58775e-08
 Reference value :  1.59025e-08
 Reference value :  1.59275e-08
 Reference value :  1.59525e-08
 Reference value :  1.59725e-08
 Reference value :  1.59925e-08
 Reference value :  1.60125e-08
 Reference value :  1.60325e-08
 Reference value :  1.60475e-08
 Reference value :  1.60675e-08
 Reference value :  1.60925e-08
 Reference value :  1.61175e-08
 Reference value :  1.61375e-08
 Reference value :  1.61625e-08
 Reference value :  1.61875e-08
 Reference value :  1.62075e-08
 Reference value :  1.62275e-08
 Reference value :  1.62525e-08
 Reference value :  1.62725e-08
 Reference value :  1.62875e-08
 Reference value :  1.63075e-08
 Reference value :  1.63275e-08
 Reference value :  1.63475e-08
 Reference value :  1.63675e-08
 Reference value :  1.63875e-08
 Reference value :  1.64075e-08
 Reference value :  1.64275e-08
 Reference value :  1.64475e-08
 Reference value :  1.64625e-08
 Reference value :  1.64825e-08
 Reference value :  1.65025e-08
 Reference value :  1.65275e-08
 Reference value :  1.65525e-08
 Reference value :  1.65725e-08
 Reference value :  1.65875e-08
 Reference value :  1.66075e-08
 Reference value :  1.66225e-08
 Reference value :  1.66475e-08
 Reference value :  1.66675e-08
 Reference value :  1.66875e-08
 Reference value :  1.67075e-08
 Reference value :  1.67275e-08
 Reference value :  1.67475e-08
 Reference value :  1.67625e-08
 Reference value :  1.67825e-08
 Reference value :  1.68025e-08
 Reference value :  1.68225e-08
 Reference value :  1.68425e-08
 Reference value :  1.68625e-08
 Reference value :  1.68875e-08
 Reference value :  1.69125e-08
 Reference value :  1.69325e-08
 Reference value :  1.69575e-08
 Reference value :  1.69825e-08
 Reference value :  1.70075e-08
 Reference value :  1.70325e-08
 Reference value :  1.70525e-08
 Reference value :  1.70775e-08
 Reference value :  1.71075e-08
 Reference value :  1.71325e-08
 Reference value :  1.71575e-08
 Reference value :  1.72675e-08
 Reference value :  1.72925e-08
 Reference value :  1.73175e-08
 Reference value :  1.73475e-08
 Reference value :  1.73725e-08
 Reference value :  1.73925e-08
 Reference value :  1.74125e-08
 Reference value :  1.74375e-08
 Reference value :  1.74575e-08
 Reference value :  1.74775e-08
 Reference value :  1.75025e-08
 Reference value :  1.75225e-08
 Reference value :  1.75475e-08
 Reference value :  1.75725e-08
 Reference value :  1.75975e-08
 Reference value :  1.76225e-08
 Reference value :  1.76425e-08
 Reference value :  1.76625e-08
 Reference value :  1.76775e-08
 Reference value :  1.76975e-08
 Reference value :  1.77225e-08
 Reference value :  1.77425e-08
 Reference value :  1.77625e-08
 Reference value :  1.77825e-08
 Reference value :  1.78025e-08
 Reference value :  1.78175e-08
 Reference value :  1.78325e-08
 Reference value :  1.78525e-08
 Reference value :  1.78725e-08
 Reference value :  1.78875e-08
 Reference value :  1.79025e-08
 Reference value :  1.79175e-08
 Reference value :  1.79375e-08
 Reference value :  1.79575e-08
 Reference value :  1.79775e-08
 Reference value :  1.79975e-08
 Reference value :  1.80175e-08
 Reference value :  1.80425e-08
 Reference value :  1.80725e-08
 Reference value :  1.80925e-08
 Reference value :  1.81125e-08
 Reference value :  1.81325e-08
 Reference value :  1.81575e-08
 Reference value :  1.81775e-08
 Reference value :  1.81975e-08
 Reference value :  1.82175e-08
 Reference value :  1.82325e-08
 Reference value :  1.82525e-08
 Reference value :  1.82775e-08
 Reference value :  1.82975e-08
 Reference value :  1.83175e-08
 Reference value :  1.83375e-08
 Reference value :  1.83525e-08
 Reference value :  1.83725e-08
 Reference value :  1.83975e-08
 Reference value :  1.84225e-08
 Reference value :  1.84425e-08
 Reference value :  1.84675e-08
 Reference value :  1.84875e-08
 Reference value :  1.85075e-08
 Reference value :  1.85275e-08
 Reference value :  1.85475e-08
 Reference value :  1.85675e-08
 Reference value :  1.85875e-08
 Reference value :  1.86075e-08
 Reference value :  1.86275e-08
 Reference value :  1.86475e-08
 Reference value :  1.86725e-08
 Reference value :  1.86975e-08
 Reference value :  1.87125e-08
 Reference value :  1.87325e-08
 Reference value :  1.87525e-08
 Reference value :  1.87725e-08
 Reference value :  1.87875e-08
 Reference value :  1.88025e-08
 Reference value :  1.88175e-08
 Reference value :  1.88375e-08
 Reference value :  1.88625e-08
 Reference value :  1.88875e-08
 Reference value :  1.89075e-08
 Reference value :  1.89225e-08
 Reference value :  1.89425e-08
 Reference value :  1.89625e-08
 Reference value :  1.89825e-08
 Reference value :  1.89975e-08
 Reference value :  1.90125e-08
 Reference value :  1.90325e-08
 Reference value :  1.90525e-08
 Reference value :  1.90725e-08
 Reference value :  1.90975e-08
 Reference value :  1.91175e-08
 Reference value :  1.91375e-08
 Reference value :  1.91525e-08
 Reference value :  1.91725e-08
 Reference value :  1.91925e-08
 Reference value :  1.92125e-08
 Reference value :  1.92325e-08
 Reference value :  1.92575e-08
 Reference value :  1.92725e-08
 Reference value :  1.92875e-08
 Reference value :  1.93025e-08
 Reference value :  1.93225e-08
 Reference value :  1.93375e-08
 Reference value :  1.93575e-08
 Reference value :  1.93775e-08
 Reference value :  1.94025e-08
 Reference value :  1.94275e-08
 Reference value :  1.94425e-08
 Reference value :  1.94625e-08
 Reference value :  1.94825e-08
 Reference value :  1.95025e-08
 Reference value :  1.95175e-08
 Reference value :  1.95375e-08
 Reference value :  1.95625e-08
 Reference value :  1.95875e-08
 Reference value :  1.96125e-08
 Reference value :  1.96375e-08
 Reference value :  1.96625e-08
 Reference value :  1.96875e-08
 Reference value :  1.97075e-08
 Reference value :  1.97275e-08
 Reference value :  1.97525e-08
 Reference value :  1.97725e-08
 Reference value :  1.97925e-08
 Reference value :  1.98125e-08
 Reference value :  1.98275e-08
 Reference value :  1.98425e-08
 Reference value :  1.98625e-08
 Reference value :  1.98825e-08
 Reference value :  1.99025e-08
 Reference value :  1.99175e-08
 Reference value :  1.99375e-08
 Reference value :  1.99625e-08
 Reference value :  1.99825e-08
 Reference value :  2.00025e-08
 Reference value :  2.00225e-08
 Reference value :  2.00425e-08
 Reference value :  2.00625e-08
 Reference value :  2.00825e-08
 Reference value :  2.01075e-08
 Reference value :  2.01275e-08
 Reference value :  2.01525e-08
 Reference value :  2.01725e-08
 Reference value :  2.01925e-08
 Reference value :  2.02075e-08
 Reference value :  2.02325e-08
 Reference value :  2.02525e-08
 Reference value :  2.02675e-08
 Reference value :  2.02925e-08
 Reference value :  2.03075e-08
 Reference value :  2.03275e-08
 Reference value :  2.03475e-08
 Reference value :  2.03725e-08
 Reference value :  2.03925e-08
 Reference value :  2.04125e-08
 Reference value :  2.04325e-08
 Reference value :  2.04525e-08
 Reference value :  2.04675e-08
 Reference value :  2.04825e-08
 Reference value :  2.05025e-08
 Reference value :  2.05225e-08
 Reference value :  2.05425e-08
 Reference value :  2.05675e-08
 Reference value :  2.05925e-08
 Reference value :  2.06175e-08
 Reference value :  2.06425e-08
 Reference value :  2.06725e-08
 Reference value :  2.06975e-08
 Reference value :  2.07225e-08
 Reference value :  2.07425e-08
 Reference value :  2.07675e-08
 Reference value :  2.07875e-08
 Reference value :  2.08075e-08
 Reference value :  2.08275e-08
 Reference value :  2.08475e-08
 Reference value :  2.08675e-08
 Reference value :  2.08825e-08
 Reference value :  2.09025e-08
 Reference value :  2.09225e-08
 Reference value :  2.09425e-08
 Reference value :  2.09625e-08
 Reference value :  2.09825e-08
 Reference value :  2.10025e-08
 Reference value :  2.10275e-08
 Reference value :  2.10525e-08
 Reference value :  2.10725e-08
 Reference value :  2.10925e-08
 Reference value :  2.11075e-08
 Reference value :  2.11275e-08
 Reference value :  2.11475e-08
 Reference value :  2.11675e-08
 Reference value :  2.11875e-08
 Reference value :  2.12075e-08
 Reference value :  2.12275e-08
 Reference value :  2.12525e-08
 Reference value :  2.12675e-08
 Reference value :  2.12875e-08
 Reference value :  2.13075e-08
 Reference value :  2.13275e-08
 Reference value :  2.13425e-08
 Reference value :  2.13575e-08
 Reference value :  2.13725e-08
 Reference value :  2.13925e-08
 Reference value :  2.14125e-08
 Reference value :  2.14325e-08
 Reference value :  2.14575e-08
 Reference value :  2.14825e-08
 Reference value :  2.15025e-08
 Reference value :  2.15275e-08
 Reference value :  2.15525e-08
 Reference value :  2.15775e-08
 Reference value :  2.15975e-08
 Reference value :  2.16125e-08
 Reference value :  2.16275e-08
 Reference value :  2.16425e-08
 Reference value :  2.16625e-08
 Reference value :  2.16775e-08
 Reference value :  2.16925e-08
 Reference value :  2.17125e-08
 Reference value :  2.17325e-08
 Reference value :  2.17475e-08
 Reference value :  2.17725e-08
 Reference value :  2.17925e-08
 Reference value :  2.18125e-08
 Reference value :  2.18275e-08
 Reference value :  2.18525e-08
 Reference value :  2.18675e-08
 Reference value :  2.18875e-08
 Reference value :  2.19075e-08
 Reference value :  2.19325e-08
 Reference value :  2.19525e-08
 Reference value :  2.19725e-08
 Reference value :  2.19925e-08
 Reference value :  2.20075e-08
 Reference value :  2.20225e-08
 Reference value :  2.20375e-08
 Reference value :  2.20575e-08
 Reference value :  2.20775e-08
 Reference value :  2.20975e-08
 Reference value :  2.21175e-08
 Reference value :  2.21375e-08
 Reference value :  2.21575e-08
 Reference value :  2.21775e-08
 Reference value :  2.21975e-08
 Reference value :  2.22175e-08
 Reference value :  2.22325e-08
 Reference value :  2.22475e-08
 Reference value :  2.22675e-08
 Reference value :  2.22925e-08
 Reference value :  2.23175e-08
 Reference value :  2.23425e-08
 Reference value :  2.23675e-08
 Reference value :  2.23925e-08
 Reference value :  2.24125e-08
 Reference value :  2.24275e-08
 Reference value :  2.24475e-08
 Reference value :  2.24675e-08
 Reference value :  2.24875e-08
 Reference value :  2.25075e-08
 Reference value :  2.25275e-08
 Reference value :  2.25475e-08
 Reference value :  2.25675e-08
 Reference value :  2.25875e-08
 Reference value :  2.26075e-08
 Reference value :  2.26225e-08
 Reference value :  2.26375e-08
 Reference value :  2.26525e-08
 Reference value :  2.26675e-08
 Reference value :  2.26825e-08
 Reference value :  2.27075e-08
 Reference value :  2.27225e-08
 Reference value :  2.27425e-08
 Reference value :  2.27625e-08
 Reference value :  2.27775e-08
 Reference value :  2.27975e-08
 Reference value :  2.28175e-08
 Reference value :  2.28375e-08
 Reference value :  2.28575e-08
 Reference value :  2.28825e-08
 Reference value :  2.29025e-08
 Reference value :  2.29275e-08
 Reference value :  2.29525e-08
 Reference value :  2.29725e-08
 Reference value :  2.29925e-08
 Reference value :  2.30175e-08
 Reference value :  2.30375e-08
 Reference value :  2.30575e-08
 Reference value :  2.30775e-08
 Reference value :  2.30975e-08
 Reference value :  2.31125e-08
 Reference value :  2.31325e-08
 Reference value :  2.31525e-08
 Reference value :  2.31725e-08
 Reference value :  2.31925e-08
 Reference value :  2.32175e-08
 Reference value :  2.32375e-08
 Reference value :  2.33225e-08
 Reference value :  2.33425e-08
 Reference value :  2.33625e-08
 Reference value :  2.33775e-08
 Reference value :  2.33975e-08
 Reference value :  2.34175e-08
 Reference value :  2.34325e-08
 Reference value :  2.34525e-08
 Reference value :  2.34725e-08
 Reference value :  2.34925e-08
 Reference value :  2.35075e-08
 Reference value :  2.35225e-08
 Reference value :  2.35425e-08
 Reference value :  2.35625e-08
 Reference value :  2.35775e-08
 Reference value :  2.36025e-08
 Reference value :  2.36275e-08
 Reference value :  2.36475e-08
 Reference value :  2.36675e-08
 Reference value :  2.36875e-08
 Reference value :  2.37025e-08
 Reference value :  2.37225e-08
 Reference value :  2.37425e-08
 Reference value :  2.37625e-08
 Reference value :  2.37775e-08
 Reference value :  2.37975e-08
 Reference value :  2.38175e-08
 Reference value :  2.38375e-08
 Reference value :  2.38575e-08
 Reference value :  2.38825e-08
 Reference value :  2.39025e-08
 Reference value :  2.39225e-08
 Reference value :  2.39475e-08
 Reference value :  2.39675e-08
 Reference value :  2.39875e-08
 Reference value :  2.40075e-08
 Reference value :  2.40225e-08
 Reference value :  2.40475e-08
 Reference value :  2.40675e-08
 Reference value :  2.40925e-08
 Reference value :  2.41175e-08
 Reference value :  2.41325e-08
 Reference value :  2.41475e-08
 Reference value :  2.41625e-08
 Reference value :  2.41825e-08
 Reference value :  2.42025e-08
 Reference value :  2.42225e-08
 Reference value :  2.42475e-08
 Reference value :  2.42725e-08
 Reference value :  2.42925e-08
 Reference value :  2.43075e-08
 Reference value :  2.43275e-08
 Reference value :  2.43425e-08
 Reference value :  2.43575e-08
 Reference value :  2.43775e-08
 Reference value :  2.43925e-08
 Reference value :  2.44075e-08
 Reference value :  2.44275e-08
 Reference value :  2.44475e-08
 Reference value :  2.44725e-08
 Reference value :  2.44925e-08
 Reference value :  2.45125e-08
 Reference value :  2.45375e-08
 Reference value :  2.45575e-08
 Reference value :  2.45725e-08
 Reference value :  2.45925e-08
 Reference value :  2.46125e-08
 Reference value :  2.46325e-08
 Reference value :  2.46525e-08
 Reference value :  2.46675e-08
 Reference value :  2.46875e-08
 Reference value :  2.47075e-08
 Reference value :  2.47225e-08
 Reference value :  2.47375e-08
 Reference value :  2.47575e-08
 Reference value :  2.47725e-08
 Reference value :  2.47925e-08
 Reference value :  2.48075e-08
 Reference value :  2.48275e-08
 Reference value :  2.48425e-08
 Reference value :  2.48625e-08
 Reference value :  2.48775e-08
 Reference value :  2.48975e-08
 Reference value :  2.49125e-08
 Reference value :  2.49325e-08
 Reference value :  2.49525e-08
 Reference value :  2.49675e-08
 Reference value :  2.49825e-08
 Reference value :  2.50025e-08
 Reference value :  2.50175e-08
 Reference value :  2.50375e-08
 Reference value :  2.50625e-08
 Reference value :  2.50875e-08
 Reference value :  2.51075e-08
 Reference value :  2.51225e-08
 Reference value :  2.51375e-08
 Reference value :  2.51575e-08
 Reference value :  2.51725e-08
 Reference value :  2.51875e-08
 Reference value :  2.52025e-08
 Reference value :  2.52225e-08
 Reference value :  2.52425e-08
 Reference value :  2.52625e-08
 Reference value :  2.52825e-08
 Reference value :  2.53025e-08
 Reference value :  2.53225e-08
 Reference value :  2.53425e-08
 Reference value :  2.53625e-08
 Reference value :  2.53825e-08
 Reference value :  2.54025e-08
 Reference value :  2.54225e-08
 Reference value :  2.54425e-08
 Reference value :  2.54625e-08
 Reference value :  2.54775e-08
 Reference value :  2.54975e-08
 Reference value :  2.55175e-08
 Reference value :  2.55425e-08
 Reference value :  2.55625e-08
 Reference value :  2.55775e-08
 Reference value :  2.55975e-08
 Reference value :  2.56175e-08
 Reference value :  2.56375e-08
 Reference value :  2.56575e-08
 Reference value :  2.56775e-08
 Reference value :  2.56975e-08
 Reference value :  2.57175e-08
 Reference value :  2.57325e-08
 Reference value :  2.57525e-08
 Reference value :  2.57725e-08
 Reference value :  2.57925e-08
 Reference value :  2.58125e-08
 Reference value :  2.58325e-08
 Reference value :  2.58525e-08
 Reference value :  2.58725e-08
 Reference value :  2.58875e-08
 Reference value :  2.59025e-08
 Reference value :  2.59225e-08
 Reference value :  2.59375e-08
 Reference value :  2.59575e-08
 Reference value :  2.59775e-08
 Reference value :  2.59975e-08
 Reference value :  2.60125e-08
 Reference value :  2.60325e-08
 Reference value :  2.60475e-08
 Reference value :  2.60625e-08
 Reference value :  2.60825e-08
 Reference value :  2.61025e-08
 Reference value :  2.61175e-08
 Reference value :  2.61375e-08
 Reference value :  2.61525e-08
 Reference value :  2.61725e-08
 Reference value :  2.61875e-08
 Reference value :  2.62075e-08
 Reference value :  2.62275e-08
 Reference value :  2.62425e-08
 Reference value :  2.62625e-08
 Reference value :  2.62825e-08
 Reference value :  2.63025e-08
 Reference value :  2.63175e-08
 Reference value :  2.63325e-08
 Reference value :  2.63575e-08
 Reference value :  2.63725e-08
 Reference value :  2.63875e-08
 Reference value :  2.64075e-08
 Reference value :  2.64275e-08
 Reference value :  2.64425e-08
 Reference value :  2.64625e-08
 Reference value :  2.64775e-08
 Reference value :  2.65025e-08
 Reference value :  2.65275e-08
 Reference value :  2.65475e-08
 Reference value :  2.65625e-08
 Reference value :  2.65825e-08
 Reference value :  2.66025e-08
 Reference value :  2.66225e-08
 Reference value :  2.66425e-08
 Reference value :  2.66575e-08
 Reference value :  2.66775e-08
 Reference value :  2.66925e-08
 Reference value :  2.67125e-08
 Reference value :  2.67275e-08
 Reference value :  2.67475e-08
 Reference value :  2.67675e-08
 Reference value :  2.67875e-08
 Reference value :  2.68075e-08
 Reference value :  2.68225e-08
 Reference value :  2.68425e-08
 Reference value :  2.68675e-08
 Reference value :  2.68875e-08
 Reference value :  2.69125e-08
 Reference value :  2.69375e-08
 Reference value :  2.69525e-08
 Reference value :  2.69725e-08
 Reference value :  2.69975e-08
 Reference value :  2.70175e-08
 Reference value :  2.70375e-08
 Reference value :  2.70625e-08
 Reference value :  2.70825e-08
 Reference value :  2.71075e-08
 Reference value :  2.71275e-08
 Reference value :  2.71425e-08
 Reference value :  2.71675e-08
 Reference value :  2.71875e-08
 Reference value :  2.72075e-08
 Reference value :  2.72275e-08
 Reference value :  2.72475e-08
 Reference value :  2.72675e-08
 Reference value :  2.72875e-08
 Reference value :  2.73075e-08
 Reference value :  2.73225e-08
 Reference value :  2.73375e-08
 Reference value :  2.73575e-08
 Reference value :  2.73725e-08
 Reference value :  2.73875e-08
 Reference value :  2.74025e-08
 Reference value :  2.74225e-08
 Reference value :  2.74375e-08
 Reference value :  2.74525e-08
 Reference value :  2.74675e-08
 Reference value :  2.74875e-08
 Reference value :  2.75075e-08
 Reference value :  2.76675e-08
 Reference value :  2.76875e-08
 Reference value :  2.77025e-08
 Reference value :  2.77275e-08
 Reference value :  2.77475e-08
 Reference value :  2.77625e-08
 Reference value :  2.77825e-08
 Reference value :  2.77975e-08
 Reference value :  2.78175e-08
 Reference value :  2.78375e-08
 Reference value :  2.78525e-08
 Reference value :  2.78725e-08
 Reference value :  2.78875e-08
 Reference value :  2.79075e-08
 Reference value :  2.79225e-08
 Reference value :  2.79375e-08
 Reference value :  2.79575e-08
 Reference value :  2.79775e-08
 Reference value :  2.79925e-08
 Reference value :  2.80075e-08
 Reference value :  2.80225e-08
 Reference value :  2.80375e-08
 Reference value :  2.80575e-08
 Reference value :  2.80725e-08
 Reference value :  2.80875e-08
 Reference value :  2.81025e-08
 Reference value :  2.81225e-08
 Reference value :  2.81425e-08
 Reference value :  2.81675e-08
 Reference value :  2.81925e-08
 Reference value :  2.82075e-08
 Reference value :  2.82275e-08
 Reference value :  2.82525e-08
 Reference value :  2.82675e-08
 Reference value :  2.82925e-08
 Reference value :  2.83175e-08
 Reference value :  2.83375e-08
 Reference value :  2.83575e-08
 Reference value :  2.83775e-08
 Reference value :  2.83975e-08
 Reference value :  2.84175e-08
 Reference value :  2.84325e-08
 Reference value :  2.84475e-08
 Reference value :  2.84625e-08
 Reference value :  2.84775e-08
 Reference value :  2.84975e-08
 Reference value :  2.85175e-08
 Reference value :  2.85325e-08
 Reference value :  2.85525e-08
 Reference value :  2.85675e-08
 Reference value :  2.85825e-08
 Reference value :  2.86025e-08
 Reference value :  2.86225e-08
 Reference value :  2.86425e-08
 Reference value :  2.86625e-08
 Reference value :  2.86825e-08
 Reference value :  2.87025e-08
 Reference value :  2.87225e-08
 Reference value :  2.87375e-08
 Reference value :  2.87575e-08
 Reference value :  2.87725e-08
 Reference value :  2.87875e-08
 Reference value :  2.88025e-08
 Reference value :  2.88275e-08
 Reference value :  2.88525e-08
 Reference value :  2.88725e-08
 Reference value :  2.88975e-08
 Reference value :  2.89225e-08
 Reference value :  2.89425e-08
 Reference value :  2.89625e-08
 Reference value :  2.89875e-08
 Reference value :  2.90125e-08
 Reference value :  2.90275e-08
 Reference value :  2.90475e-08
 Reference value :  2.90675e-08
 Reference value :  2.90875e-08
 Reference value :  2.91025e-08
 Reference value :  2.91225e-08
 Reference value :  2.91425e-08
 Reference value :  2.91625e-08
 Reference value :  2.91775e-08
 Reference value :  2.91975e-08
 Reference value :  2.92125e-08
 Reference value :  2.92325e-08
 Reference value :  2.92525e-08
 Reference value :  2.92675e-08
 Reference value :  2.92875e-08
 Reference value :  2.93025e-08
 Reference value :  2.93225e-08
 Reference value :  2.93425e-08
 Reference value :  2.93675e-08
 Reference value :  2.93875e-08
 Reference value :  2.94075e-08
 Reference value :  2.94275e-08
 Reference value :  2.94475e-08
 Reference value :  2.94625e-08
 Reference value :  2.94825e-08
 Reference value :  2.94975e-08
 Reference value :  2.95175e-08
 Reference value :  2.95325e-08
 Reference value :  2.95525e-08
 Reference value :  2.95675e-08
 Reference value :  2.95825e-08
 Reference value :  2.96025e-08
 Reference value :  2.96225e-08
 Reference value :  2.96375e-08
 Reference value :  2.96625e-08
 Reference value :  2.96875e-08
 Reference value :  2.97075e-08
 Reference value :  2.97275e-08
 Reference value :  2.97475e-08
 Reference value :  2.97675e-08
 Reference value :  2.97875e-08
 Reference value :  2.98025e-08
 Reference value :  2.98175e-08
 Reference value :  2.98375e-08
 Reference value :  2.98575e-08
 Reference value :  2.98775e-08
 Reference value :  2.98975e-08
 Reference value :  2.99175e-08
 Reference value :  2.99375e-08
 Reference value :  2.99525e-08
 Reference value :  2.99725e-08
 Reference value :  2.99975e-08
 Reference value :  3.00175e-08
 Reference value :  3.00375e-08
 Reference value :  3.00575e-08
 Reference value :  3.00725e-08
 Reference value :  3.00925e-08
 Reference value :  3.01075e-08
 Reference value :  3.01275e-08
 Reference value :  3.01475e-08
 Reference value :  3.01675e-08
 Reference value :  3.01825e-08
 Reference value :  3.01975e-08
 Reference value :  3.02125e-08
 Reference value :  3.02325e-08
 Reference value :  3.02525e-08
 Reference value :  3.02675e-08
 Reference value :  3.02825e-08
 Reference value :  3.03025e-08
 Reference value :  3.03225e-08
 Reference value :  3.03425e-08
 Reference value :  3.03625e-08
 Reference value :  3.03825e-08
 Reference value :  3.03975e-08
 Reference value :  3.04125e-08
 Reference value :  3.04275e-08
 Reference value :  3.04525e-08
 Reference value :  3.04775e-08
 Reference value :  3.05025e-08
 Reference value :  3.05225e-08
 Reference value :  3.05375e-08
 Reference value :  3.05575e-08
 Reference value :  3.05725e-08
 Reference value :  3.05925e-08
 Reference value :  3.06075e-08
 Reference value :  3.06275e-08
 Reference value :  3.06475e-08
 Reference value :  3.06675e-08
 Reference value :  3.06875e-08
 Reference value :  3.07075e-08
 Reference value :  3.07275e-08
 Reference value :  3.07425e-08
 Reference value :  3.07575e-08
 Reference value :  3.07825e-08
 Reference value :  3.08075e-08
 Reference value :  3.08275e-08
 Reference value :  3.08475e-08
 Reference value :  3.08625e-08
 Reference value :  3.08775e-08
 Reference value :  3.08975e-08
 Reference value :  3.09225e-08
 Reference value :  3.09425e-08
 Reference value :  3.09625e-08
 Reference value :  3.09825e-08
 Reference value :  3.10075e-08
 Reference value :  3.10275e-08
 Reference value :  3.10475e-08
 Reference value :  3.10675e-08
 Reference value :  3.10825e-08
 Reference value :  3.10975e-08
 Reference value :  3.11125e-08
 Reference value :  3.11275e-08
 Reference value :  3.11475e-08
 Reference value :  3.11625e-08
 Reference value :  3.11875e-08
 Reference value :  3.12075e-08
 Reference value :  3.12275e-08
 Reference value :  3.12525e-08
 Reference value :  3.12675e-08
 Reference value :  3.12875e-08
 Reference value :  3.13025e-08
 Reference value :  3.13225e-08
 Reference value :  3.13475e-08
 Reference value :  3.13675e-08
 Reference value :  3.13875e-08
 Reference value :  3.14075e-08
 Reference value :  3.14275e-08
 Reference value :  3.14425e-08
 Reference value :  3.14625e-08
 Reference value :  3.14825e-08
 Reference value :  3.14975e-08
 Reference value :  3.15125e-08
 Reference value :  3.15275e-08
 Reference value :  3.15525e-08
 Reference value :  3.15725e-08
 Reference value :  3.15925e-08
 Reference value :  3.16125e-08
 Reference value :  3.16375e-08
 Reference value :  3.16575e-08
 Reference value :  3.16825e-08
 Reference value :  3.17075e-08
 Reference value :  3.17275e-08
 Reference value :  3.17425e-08
 Reference value :  3.17625e-08
 Reference value :  3.17825e-08
 Reference value :  3.17975e-08
 Reference value :  3.18125e-08
 Reference value :  3.18325e-08
 Reference value :  3.18475e-08
 Reference value :  3.18675e-08
 Reference value :  3.18875e-08
 Reference value :  3.19075e-08
 Reference value :  3.19275e-08
 Reference value :  3.19425e-08
 Reference value :  3.19575e-08
 Reference value :  3.19725e-08
 Reference value :  3.19925e-08
 Reference value :  3.20075e-08
 Reference value :  3.20325e-08
 Reference value :  3.20525e-08
 Reference value :  3.20725e-08
 Reference value :  3.20875e-08
 Reference value :  3.21025e-08
 Reference value :  3.21275e-08
 Reference value :  3.21525e-08
 Reference value :  3.21725e-08
 Reference value :  3.21975e-08
 Reference value :  3.22175e-08
 Reference value :  3.22375e-08
 Reference value :  3.22575e-08
 Reference value :  3.22825e-08
 Reference value :  3.23025e-08
 Reference value :  3.23175e-08
 Reference value :  3.23375e-08
 Reference value :  3.23575e-08
 Reference value :  3.23775e-08
 Reference value :  3.23925e-08
 Reference value :  3.24175e-08
 Reference value :  3.24375e-08
 Reference value :  3.24575e-08
 Reference value :  3.24825e-08
 Reference value :  3.25025e-08
 Reference value :  3.25225e-08
 Reference value :  3.25425e-08
 Reference value :  3.25625e-08
 Reference value :  3.25775e-08
 Reference value :  3.25975e-08
 Reference value :  3.26175e-08
 Reference value :  3.26375e-08
 Reference value :  3.26525e-08
 Reference value :  3.26725e-08
 Reference value :  3.26975e-08
 Reference value :  3.27175e-08
 Reference value :  3.27425e-08
 Reference value :  3.27625e-08
 Reference value :  3.27875e-08
 Reference value :  3.28075e-08
 Reference value :  3.28275e-08
 Reference value :  3.28425e-08
 Reference value :  3.28575e-08
 Reference value :  3.28725e-08
 Reference value :  3.28875e-08
 Reference value :  3.29075e-08
 Reference value :  3.29325e-08
 Reference value :  3.29575e-08
 Reference value :  3.29775e-08
 Reference value :  3.30025e-08
 Reference value :  3.30225e-08
 Reference value :  3.30475e-08
 Reference value :  3.30725e-08
 Reference value :  3.30925e-08
 Reference value :  3.31075e-08
 Reference value :  3.31325e-08
 Reference value :  3.31575e-08
 Reference value :  3.31825e-08
 Reference value :  3.32025e-08
 Reference value :  3.32175e-08
 Reference value :  3.32325e-08
 Reference value :  3.32525e-08
 Reference value :  3.32725e-08
 Reference value :  3.32925e-08
 Reference value :  3.33125e-08
 Reference value :  3.33375e-08
 Reference value :  3.33625e-08
 Reference value :  3.33875e-08
 Reference value :  3.34125e-08
 Reference value :  3.34275e-08
 Reference value :  3.34425e-08
 Reference value :  3.34625e-08
 Reference value :  3.34875e-08
 Reference value :  3.35075e-08
 Reference value :  3.35325e-08
 Reference value :  3.35525e-08
 Reference value :  3.35675e-08
 Reference value :  3.35925e-08
 Reference value :  3.36125e-08
 Reference value :  3.36325e-08
 Reference value :  3.36475e-08
 Reference value :  3.36675e-08
 Reference value :  3.36825e-08
 Reference value :  3.37075e-08
 Reference value :  3.37275e-08
 Reference value :  3.37475e-08
 Reference value :  3.37675e-08
 Reference value :  3.37875e-08
 Reference value :  3.38075e-08
 Reference value :  3.38325e-08
 Reference value :  3.38575e-08
 Reference value :  3.38775e-08
 Reference value :  3.38975e-08
 Reference value :  3.39175e-08
 Reference value :  3.39375e-08
 Reference value :  3.39575e-08
 Reference value :  3.39775e-08
 Reference value :  3.39975e-08
 Reference value :  3.40175e-08
 Reference value :  3.40375e-08
 Reference value :  3.40625e-08
 Reference value :  3.40825e-08
 Reference value :  3.41075e-08
 Reference value :  3.41275e-08
 Reference value :  3.41475e-08
 Reference value :  3.41725e-08
 Reference value :  3.41975e-08
 Reference value :  3.42175e-08
 Reference value :  3.42425e-08
 Reference value :  3.42675e-08
 Reference value :  3.42925e-08
 Reference value :  3.43175e-08
 Reference value :  3.43375e-08
 Reference value :  3.43575e-08
 Reference value :  3.43775e-08
 Reference value :  3.44025e-08
 Reference value :  3.44225e-08
 Reference value :  3.44425e-08
 Reference value :  3.44675e-08
 Reference value :  3.44825e-08
 Reference value :  3.45025e-08
 Reference value :  3.45275e-08
 Reference value :  3.45475e-08
 Reference value :  3.45625e-08
 Reference value :  3.45825e-08
 Reference value :  3.46025e-08
 Reference value :  3.46175e-08
 Reference value :  3.46375e-08
 Reference value :  3.46625e-08
 Reference value :  3.46875e-08
 Reference value :  3.47075e-08
 Reference value :  3.47275e-08
 Reference value :  3.47475e-08
 Reference value :  3.47675e-08
 Reference value :  3.47875e-08
 Reference value :  3.48075e-08
 Reference value :  3.48275e-08
 Reference value :  3.48475e-08
 Reference value :  3.48675e-08
 Reference value :  3.48875e-08
 Reference value :  3.49075e-08
 Reference value :  3.49225e-08
 Reference value :  3.49475e-08
 Reference value :  3.49675e-08
 Reference value :  3.49925e-08
 Reference value :  3.50125e-08
 Reference value :  3.50325e-08
 Reference value :  3.50525e-08
 Reference value :  3.50725e-08
 Reference value :  3.50975e-08
 Reference value :  3.51225e-08
 Reference value :  3.51425e-08
 Reference value :  3.51625e-08
 Reference value :  3.51875e-08
 Reference value :  3.52125e-08
 Reference value :  3.52325e-08
 Reference value :  3.52575e-08
 Reference value :  3.52775e-08
 Reference value :  3.53025e-08
 Reference value :  3.53225e-08
 Reference value :  3.53425e-08
 Reference value :  3.53625e-08
 Reference value :  3.53825e-08
 Reference value :  3.54025e-08
 Reference value :  3.54225e-08
 Reference value :  3.54475e-08
 Reference value :  3.54675e-08
 Reference value :  3.54875e-08
 Reference value :  3.55075e-08
 Reference value :  3.55275e-08
 Reference value :  3.55525e-08
 Reference value :  3.55675e-08
 Reference value :  3.55875e-08
 Reference value :  3.56025e-08
 Reference value :  3.56225e-08
 Reference value :  3.56425e-08
 Reference value :  3.56675e-08
 Reference value :  3.56875e-08
 Reference value :  3.57075e-08
 Reference value :  3.57275e-08
 Reference value :  3.57475e-08
 Reference value :  3.57725e-08
 Reference value :  3.57925e-08
 Reference value :  3.58125e-08
 Reference value :  3.58275e-08
 Reference value :  3.58475e-08
 Reference value :  3.58675e-08
 Reference value :  3.58875e-08
 Reference value :  3.59075e-08
 Reference value :  3.59325e-08
 Reference value :  3.59575e-08
 Reference value :  3.62725e-08
 Reference value :  3.62925e-08
 Reference value :  3.63125e-08
 Reference value :  3.63375e-08
 Reference value :  3.63575e-08
 Reference value :  3.63775e-08
 Reference value :  3.63975e-08
 Reference value :  3.64125e-08
 Reference value :  3.64275e-08
 Reference value :  3.64475e-08
 Reference value :  3.64625e-08
 Reference value :  3.64825e-08
 Reference value :  3.65075e-08
 Reference value :  3.65325e-08
 Reference value :  3.65575e-08
 Reference value :  3.65775e-08
 Reference value :  3.65975e-08
 Reference value :  3.66175e-08
 Reference value :  3.66375e-08
 Reference value :  3.66575e-08
 Reference value :  3.66775e-08
 Reference value :  3.66975e-08
 Reference value :  3.67175e-08
 Reference value :  3.67425e-08
 Reference value :  3.67625e-08
 Reference value :  3.67825e-08
 Reference value :  3.68025e-08
 Reference value :  3.68225e-08
 Reference value :  3.68425e-08
 Reference value :  3.68625e-08
 Reference value :  3.68825e-08
 Reference value :  3.68975e-08
 Reference value :  3.69175e-08
 Reference value :  3.69375e-08
 Reference value :  3.69525e-08
 Reference value :  3.69775e-08
 Reference value :  3.69975e-08
 Reference value :  3.70225e-08
 Reference value :  3.70425e-08
 Reference value :  3.70625e-08
 Reference value :  3.70875e-08
 Reference value :  3.71075e-08
 Reference value :  3.71275e-08
 Reference value :  3.71425e-08
 Reference value :  3.71575e-08
 Reference value :  3.71775e-08
 Reference value :  3.71975e-08
 Reference value :  3.72175e-08
 Reference value :  3.72325e-08
 Reference value :  3.72525e-08
 Reference value :  3.72725e-08
 Reference value :  3.72925e-08
 Reference value :  3.73175e-08
 Reference value :  3.73375e-08
 Reference value :  3.73525e-08
 Reference value :  3.73725e-08
 Reference value :  3.73875e-08
 Reference value :  3.74025e-08
 Reference value :  3.74175e-08
 Reference value :  3.74325e-08
 Reference value :  3.74575e-08
 Reference value :  3.74825e-08
 Reference value :  3.75075e-08
 Reference value :  3.75325e-08
 Reference value :  3.75525e-08
 Reference value :  3.75725e-08
 Reference value :  3.75925e-08
 Reference value :  3.76125e-08
 Reference value :  3.76325e-08
 Reference value :  3.76525e-08
 Reference value :  3.76775e-08
 Reference value :  3.76975e-08
 Reference value :  3.77225e-08
 Reference value :  3.77475e-08
 Reference value :  3.77775e-08
 Reference value :  3.78025e-08
 Reference value :  3.78275e-08
 Reference value :  3.78525e-08
 Reference value :  3.78675e-08
 Reference value :  3.78825e-08
 Reference value :  3.79075e-08
 Reference value :  3.79325e-08
 Reference value :  3.79525e-08
 Reference value :  3.79775e-08
 Reference value :  3.79975e-08
 Reference value :  3.80225e-08
 Reference value :  3.80475e-08
 Reference value :  3.80675e-08
 Reference value :  3.80875e-08
 Reference value :  3.81125e-08
 Reference value :  3.81375e-08
 Reference value :  3.81575e-08
 Reference value :  3.81775e-08
 Reference value :  3.82025e-08
 Reference value :  3.82225e-08
 Reference value :  3.82375e-08
 Reference value :  3.82575e-08
 Reference value :  3.82725e-08
 Reference value :  3.82875e-08
 Reference value :  3.83075e-08
 Reference value :  3.83275e-08
 Reference value :  3.83475e-08
 Reference value :  3.83675e-08
 Reference value :  3.83925e-08
 Reference value :  3.84125e-08
 Reference value :  3.84375e-08
 Reference value :  3.84575e-08
 Reference value :  3.84775e-08
 Reference value :  3.84925e-08
 Reference value :  3.85125e-08
 Reference value :  3.85325e-08
 Reference value :  3.85475e-08
 Reference value :  3.85675e-08
 Reference value :  3.85875e-08
 Reference value :  3.86075e-08
 Reference value :  3.86325e-08
 Reference value :  3.86525e-08
 Reference value :  3.86725e-08
 Reference value :  3.86925e-08
 Reference value :  3.87125e-08
 Reference value :  3.87375e-08
 Reference value :  3.87575e-08
 Reference value :  3.87775e-08
 Reference value :  3.88025e-08
 Reference value :  3.88175e-08
 Reference value :  3.88325e-08
 Reference value :  3.88525e-08
 Reference value :  3.88725e-08
 Reference value :  3.88975e-08
 Reference value :  3.89225e-08
 Reference value :  3.89475e-08
 Reference value :  3.89675e-08
 Reference value :  3.89925e-08
 Reference value :  3.90125e-08
 Reference value :  3.90325e-08
 Reference value :  3.90525e-08
 Reference value :  3.90725e-08
 Reference value :  3.90975e-08
 Reference value :  3.91175e-08
 Reference value :  3.91375e-08
 Reference value :  3.91625e-08
 Reference value :  3.91825e-08
 Reference value :  3.92075e-08
 Reference value :  3.92275e-08
 Reference value :  3.92475e-08
 Reference value :  3.92675e-08
 Reference value :  3.92875e-08
 Reference value :  3.93075e-08
 Reference value :  3.93275e-08
 Reference value :  3.93525e-08
 Reference value :  3.93725e-08
 Reference value :  3.93925e-08
 Reference value :  3.94125e-08
 Reference value :  3.94325e-08
 Reference value :  3.94525e-08
 Reference value :  3.94675e-08
 Reference value :  3.94825e-08
 Reference value :  3.94975e-08
 Reference value :  3.95225e-08
 Reference value :  3.95425e-08
 Reference value :  3.95625e-08
 Reference value :  3.95825e-08
 Reference value :  3.96025e-08
 Reference value :  3.96225e-08
 Reference value :  3.96425e-08
 Reference value :  3.96575e-08
 Reference value :  3.96775e-08
 Reference value :  3.96925e-08
 Reference value :  3.97125e-08
 Reference value :  3.97375e-08
 Reference value :  3.97625e-08
 Reference value :  3.97825e-08
 Reference value :  3.98025e-08
 Reference value :  3.98275e-08
 Reference value :  3.98475e-08
 Reference value :  3.98625e-08
 Reference value :  3.98825e-08
 Reference value :  3.98975e-08
 Reference value :  3.99175e-08
 Reference value :  3.99375e-08
 Reference value :  3.99575e-08
 Reference value :  3.99725e-08
 Reference value :  3.99925e-08
 Reference value :  4.00075e-08
 Reference value :  4.00225e-08
 Reference value :  4.00425e-08
 Reference value :  4.00675e-08
 Reference value :  4.00875e-08
 Reference value :  4.01125e-08
 Reference value :  4.01325e-08
 Reference value :  4.01575e-08
 Reference value :  4.01825e-08
 Reference value :  4.02075e-08
 Reference value :  4.02275e-08
 Reference value :  4.02475e-08
 Reference value :  4.02725e-08
 Reference value :  4.02975e-08
 Reference value :  4.03175e-08
 Reference value :  4.03375e-08
 Reference value :  4.03575e-08
 Reference value :  4.03775e-08
 Reference value :  4.04025e-08
 Reference value :  4.04225e-08
 Reference value :  4.04425e-08
 Reference value :  4.04575e-08
 Reference value :  4.04775e-08
 Reference value :  4.04925e-08
 Reference value :  4.05075e-08
 Reference value :  4.05275e-08
 Reference value :  4.05475e-08
 Reference value :  4.05675e-08
 Reference value :  4.05825e-08
 Reference value :  4.06025e-08
 Reference value :  4.06225e-08
 Reference value :  4.06375e-08
 Reference value :  4.06575e-08
 Reference value :  4.06725e-08
 Reference value :  4.06925e-08
 Reference value :  4.07175e-08
 Reference value :  4.07325e-08
 Reference value :  4.07525e-08
 Reference value :  4.07725e-08
 Reference value :  4.07925e-08
 Reference value :  4.08125e-08
 Reference value :  4.08325e-08
 Reference value :  4.08575e-08
 Reference value :  4.08775e-08
 Reference value :  4.08975e-08
 Reference value :  4.09175e-08
 Reference value :  4.09375e-08
 Reference value :  4.09625e-08
 Reference value :  4.09875e-08
 Reference value :  4.10075e-08
 Reference value :  4.10275e-08
 Reference value :  4.10525e-08
 Reference value :  4.10775e-08
 Reference value :  4.11025e-08
 Reference value :  4.11225e-08
 Reference value :  4.11425e-08
 Reference value :  4.14075e-08
 Reference value :  4.14275e-08
 Reference value :  4.14525e-08
 Reference value :  4.14725e-08
 Reference value :  4.14925e-08
 Reference value :  4.15175e-08
 Reference value :  4.15375e-08
 Reference value :  4.15625e-08
 Reference value :  4.15825e-08
 Reference value :  4.16075e-08
 Reference value :  4.16375e-08
 Reference value :  4.16625e-08
 Reference value :  4.16775e-08
 Reference value :  4.16975e-08
 Reference value :  4.17175e-08
 Reference value :  4.17375e-08
 Reference value :  4.17575e-08
 Reference value :  4.17775e-08
 Reference value :  4.18025e-08
 Reference value :  4.18275e-08
 Reference value :  4.18475e-08
 Reference value :  4.18675e-08
 Reference value :  4.18925e-08
 Reference value :  4.19175e-08
 Reference value :  4.19325e-08
 Reference value :  4.19575e-08
 Reference value :  4.19725e-08
 Reference value :  4.19925e-08
 Reference value :  4.20125e-08
 Reference value :  4.20325e-08
 Reference value :  4.20475e-08
 Reference value :  4.20675e-08
 Reference value :  4.20925e-08
 Reference value :  4.22375e-08
 Reference value :  4.22575e-08
 Reference value :  4.22775e-08
 Reference value :  4.22975e-08
 Reference value :  4.23175e-08
 Reference value :  4.23375e-08
 Reference value :  4.23575e-08
 Reference value :  4.23775e-08
 Reference value :  4.23975e-08
 Reference value :  4.24175e-08
 Reference value :  4.24375e-08
 Reference value :  4.24525e-08
 Reference value :  4.24725e-08
 Reference value :  4.24975e-08
 Reference value :  4.25225e-08
 Reference value :  4.25425e-08
 Reference value :  4.25625e-08
 Reference value :  4.25825e-08
 Reference value :  4.26025e-08
 Reference value :  4.26225e-08
 Reference value :  4.26475e-08
 Reference value :  4.26725e-08
 Reference value :  4.26925e-08
 Reference value :  4.27175e-08
 Reference value :  4.27375e-08
 Reference value :  4.27575e-08
 Reference value :  4.27775e-08
 Reference value :  4.28025e-08
 Reference value :  4.28275e-08
 Reference value :  4.28525e-08
 Reference value :  4.28775e-08
 Reference value :  4.28975e-08
 Reference value :  4.29175e-08
 Reference value :  4.29425e-08
 Reference value :  4.29675e-08
 Reference value :  4.29875e-08
 Reference value :  4.30075e-08
 Reference value :  4.30275e-08
 Reference value :  4.30525e-08
 Reference value :  4.30725e-08
 Reference value :  4.30875e-08
 Reference value :  4.31025e-08
 Reference value :  4.31175e-08
 Reference value :  4.31375e-08
 Reference value :  4.31625e-08
 Reference value :  4.31825e-08
 Reference value :  4.32075e-08
 Reference value :  4.32275e-08
 Reference value :  4.32475e-08
 Reference value :  4.32675e-08
 Reference value :  4.32875e-08
 Reference value :  4.33075e-08
 Reference value :  4.33325e-08
 Reference value :  4.33525e-08
 Reference value :  4.33675e-08
 Reference value :  4.33925e-08
 Reference value :  4.34175e-08
 Reference value :  4.34375e-08
 Reference value :  4.34575e-08
 Reference value :  4.34775e-08
 Reference value :  4.34925e-08
 Reference value :  4.35125e-08
 Reference value :  4.35275e-08
 Reference value :  4.35475e-08
 Reference value :  4.35675e-08
 Reference value :  4.35875e-08
 Reference value :  4.36075e-08
 Reference value :  4.36275e-08
 Reference value :  4.36525e-08
 Reference value :  4.36725e-08
 Reference value :  4.36975e-08
 Reference value :  4.37175e-08
 Reference value :  4.37325e-08
 Reference value :  4.37525e-08
 Reference value :  4.37725e-08
 Reference value :  4.37925e-08
 Reference value :  4.38075e-08
 Reference value :  4.38225e-08
 Reference value :  4.38375e-08
 Reference value :  4.38525e-08
 Reference value :  4.38725e-08
 Reference value :  4.38925e-08
 Reference value :  4.39175e-08
 Reference value :  4.39375e-08
 Reference value :  4.39525e-08
 Reference value :  4.39725e-08
 Reference value :  4.39875e-08
 Reference value :  4.40075e-08
 Reference value :  4.40325e-08
 Reference value :  4.40525e-08
 Reference value :  4.40675e-08
 Reference value :  4.40875e-08
 Reference value :  4.41075e-08
 Reference value :  4.41225e-08
 Reference value :  4.41425e-08
 Reference value :  4.41625e-08
 Reference value :  4.41825e-08
 Reference value :  4.42025e-08
 Reference value :  4.42175e-08
 Reference value :  4.42325e-08
 Reference value :  4.42475e-08
 Reference value :  4.42625e-08
 Reference value :  4.42775e-08
 Reference value :  4.42925e-08
 Reference value :  4.43125e-08
 Reference value :  4.43375e-08
 Reference value :  4.43625e-08
 Reference value :  4.43875e-08
 Reference value :  4.44075e-08
 Reference value :  4.44225e-08
 Reference value :  4.44425e-08
 Reference value :  4.44625e-08
 Reference value :  4.44875e-08
 Reference value :  4.45125e-08
 Reference value :  4.45325e-08
 Reference value :  4.45575e-08
 Reference value :  4.45825e-08
 Reference value :  4.46025e-08
 Reference value :  4.46225e-08
 Reference value :  4.46475e-08
No. of Data Rows : 9034
Note: Simulation executed from .control section 
