
Note: Compatibility modes selected: hs a


Circuit: * comparator-decision regen-time sweep -- vindiff=10mv corner=ss temp=-40.0c (issue #9)

option SCALE: Scale is set to 1e-06 for instance and model parameters
option SCALE: Scale is set to 1e-06 for instance and model parameters
option SCALE: Scale is set to 1e-06 for instance and model parameters
option SCALE: Scale is set to 1e-06 for instance and model parameters
Doing analysis at TEMP = -40.000000 and TNOM = 27.000000

Using KLU as Direct Linear Solver
 Reference value :  0.00000e+00
 Reference value :  4.00000e-13
 Reference value :  6.40000e-12
 Reference value :  2.14000e-11
 Reference value :  3.64000e-11
 Reference value :  5.14000e-11
 Reference value :  7.14000e-11
 Reference value :  9.14000e-11
 Reference value :  1.06400e-10
 Reference value :  1.21400e-10
 Reference value :  1.36400e-10
 Reference value :  1.51400e-10
 Reference value :  1.71400e-10
 Reference value :  1.86400e-10
 Reference value :  2.06400e-10
 Reference value :  2.26400e-10
 Reference value :  2.46400e-10
 Reference value :  2.61400e-10
 Reference value :  2.76400e-10
 Reference value :  2.96400e-10
 Reference value :  3.11400e-10
 Reference value :  3.26400e-10
 Reference value :  3.46400e-10
 Reference value :  3.66400e-10
 Reference value :  3.86400e-10
 Reference value :  4.06400e-10
 Reference value :  4.21400e-10
 Reference value :  4.41400e-10
 Reference value :  4.61400e-10
 Reference value :  4.76400e-10
 Reference value :  4.96400e-10
 Reference value :  5.16400e-10
 Reference value :  5.36400e-10
 Reference value :  5.51400e-10
 Reference value :  5.71400e-10
 Reference value :  5.96400e-10
 Reference value :  6.11400e-10
 Reference value :  6.31400e-10
 Reference value :  6.56400e-10
 Reference value :  6.71400e-10
 Reference value :  6.91400e-10
 Reference value :  7.11400e-10
 Reference value :  7.36400e-10
 Reference value :  7.56400e-10
 Reference value :  7.81400e-10
 Reference value :  8.01400e-10
 Reference value :  8.21400e-10
 Reference value :  8.46400e-10
 Reference value :  8.66400e-10
 Reference value :  8.86400e-10
 Reference value :  9.06400e-10
 Reference value :  9.26400e-10
 Reference value :  9.46400e-10
 Reference value :  9.66400e-10
 Reference value :  9.86400e-10
 Reference value :  1.00640e-09
 Reference value :  1.02640e-09
 Reference value :  1.04640e-09
 Reference value :  1.06140e-09
 Reference value :  1.08140e-09
 Reference value :  1.10140e-09
 Reference value :  1.11640e-09
 Reference value :  1.13140e-09
 Reference value :  1.15640e-09
 Reference value :  1.17640e-09
 Reference value :  1.19640e-09
 Reference value :  1.21640e-09
 Reference value :  1.23640e-09
 Reference value :  1.25640e-09
 Reference value :  1.27640e-09
 Reference value :  1.29640e-09
 Reference value :  1.31640e-09
 Reference value :  1.33640e-09
 Reference value :  1.36140e-09
 Reference value :  1.38140e-09
 Reference value :  1.40140e-09
 Reference value :  1.42140e-09
 Reference value :  1.44140e-09
 Reference value :  1.46640e-09
 Reference value :  1.48140e-09
 Reference value :  1.50140e-09
 Reference value :  1.52140e-09
 Reference value :  1.54640e-09
 Reference value :  1.57140e-09
 Reference value :  1.59140e-09
 Reference value :  1.61140e-09
 Reference value :  1.62640e-09
 Reference value :  1.64140e-09
 Reference value :  1.65640e-09
 Reference value :  1.67140e-09
 Reference value :  1.68640e-09
 Reference value :  1.70140e-09
 Reference value :  1.72140e-09
 Reference value :  1.74140e-09
 Reference value :  1.76140e-09
 Reference value :  1.78140e-09
 Reference value :  1.80140e-09
 Reference value :  1.82140e-09
 Reference value :  1.84140e-09
 Reference value :  1.86140e-09
 Reference value :  1.88140e-09
 Reference value :  1.90140e-09
 Reference value :  1.92140e-09
 Reference value :  1.94640e-09
 Reference value :  1.96640e-09
 Reference value :  1.98640e-09
 Reference value :  2.01140e-09
 Reference value :  2.03140e-09
 Reference value :  2.05140e-09
 Reference value :  2.07140e-09
 Reference value :  2.09140e-09
 Reference value :  2.11140e-09
 Reference value :  2.13640e-09
 Reference value :  2.15640e-09
 Reference value :  2.17640e-09
 Reference value :  2.20140e-09
 Reference value :  2.22140e-09
 Reference value :  2.24140e-09
 Reference value :  2.25640e-09
 Reference value :  2.27640e-09
 Reference value :  2.30140e-09
 Reference value :  2.32140e-09
 Reference value :  2.34140e-09
 Reference value :  2.35640e-09
 Reference value :  2.37640e-09
 Reference value :  2.39640e-09
 Reference value :  2.41640e-09
 Reference value :  2.43640e-09
 Reference value :  2.45640e-09
 Reference value :  2.47640e-09
 Reference value :  2.49140e-09
 Reference value :  2.50640e-09
 Reference value :  2.52140e-09
 Reference value :  2.54140e-09
 Reference value :  2.56140e-09
 Reference value :  2.58640e-09
 Reference value :  2.61140e-09
 Reference value :  2.63140e-09
 Reference value :  2.65140e-09
 Reference value :  2.66640e-09
 Reference value :  2.68140e-09
 Reference value :  2.69640e-09
 Reference value :  2.71640e-09
 Reference value :  2.73640e-09
 Reference value :  2.75640e-09
 Reference value :  2.77640e-09
 Reference value :  2.79640e-09
 Reference value :  2.81640e-09
 Reference value :  2.83640e-09
 Reference value :  2.85640e-09
 Reference value :  2.88140e-09
 Reference value :  2.90140e-09
 Reference value :  2.91640e-09
 Reference value :  3.12640e-09
 Reference value :  3.14140e-09
 Reference value :  3.16640e-09
 Reference value :  3.18640e-09
 Reference value :  3.20640e-09
 Reference value :  3.22640e-09
 Reference value :  3.24640e-09
 Reference value :  3.26640e-09
 Reference value :  3.28640e-09
 Reference value :  3.30640e-09
 Reference value :  3.32640e-09
 Reference value :  3.34640e-09
 Reference value :  3.36640e-09
 Reference value :  3.38640e-09
 Reference value :  3.40140e-09
 Reference value :  3.42140e-09
 Reference value :  3.44140e-09
 Reference value :  3.46140e-09
 Reference value :  3.47640e-09
 Reference value :  3.49640e-09
 Reference value :  3.51640e-09
 Reference value :  3.53140e-09
 Reference value :  3.55140e-09
 Reference value :  3.57140e-09
 Reference value :  3.59640e-09
 Reference value :  3.61140e-09
 Reference value :  3.63140e-09
 Reference value :  3.65140e-09
 Reference value :  3.67140e-09
 Reference value :  3.69640e-09
 Reference value :  3.71640e-09
 Reference value :  3.73640e-09
 Reference value :  3.76140e-09
 Reference value :  3.78640e-09
 Reference value :  3.80140e-09
 Reference value :  3.82140e-09
 Reference value :  3.84140e-09
 Reference value :  3.86140e-09
 Reference value :  3.88640e-09
 Reference value :  3.90640e-09
 Reference value :  3.92640e-09
 Reference value :  3.94640e-09
 Reference value :  3.97140e-09
 Reference value :  3.99140e-09
 Reference value :  4.01640e-09
 Reference value :  4.04140e-09
 Reference value :  4.06640e-09
 Reference value :  4.09140e-09
 Reference value :  4.11640e-09
 Reference value :  4.13640e-09
 Reference value :  4.15640e-09
 Reference value :  4.17640e-09
 Reference value :  4.19640e-09
 Reference value :  4.21640e-09
 Reference value :  4.24140e-09
 Reference value :  4.26140e-09
 Reference value :  4.28640e-09
 Reference value :  4.30640e-09
 Reference value :  4.32140e-09
 Reference value :  4.34140e-09
 Reference value :  4.36640e-09
 Reference value :  4.39140e-09
 Reference value :  4.40640e-09
 Reference value :  4.42140e-09
 Reference value :  4.44140e-09
 Reference value :  4.46140e-09
 Reference value :  4.48140e-09
 Reference value :  4.50140e-09
 Reference value :  4.52140e-09
 Reference value :  4.54640e-09
 Reference value :  4.56640e-09
 Reference value :  4.59140e-09
 Reference value :  4.61140e-09
 Reference value :  4.62640e-09
 Reference value :  4.65140e-09
 Reference value :  4.66640e-09
 Reference value :  4.68640e-09
 Reference value :  4.71140e-09
 Reference value :  4.73140e-09
 Reference value :  4.75640e-09
 Reference value :  4.77640e-09
 Reference value :  4.79640e-09
 Reference value :  4.81640e-09
 Reference value :  4.84140e-09
 Reference value :  4.86140e-09
 Reference value :  4.88140e-09
 Reference value :  4.89640e-09
 Reference value :  4.92140e-09
 Reference value :  4.94640e-09
 Reference value :  4.97140e-09
 Reference value :  4.99140e-09
 Reference value :  5.00050e-09
 Reference value :  5.00750e-09
 Reference value :  5.02250e-09
 Reference value :  5.04250e-09
 Reference value :  5.06750e-09
 Reference value :  5.08750e-09
 Reference value :  5.10050e-09
 Reference value :  5.10750e-09
 Reference value :  5.12750e-09
 Reference value :  5.14250e-09
 Reference value :  5.15750e-09
 Reference value :  5.18250e-09
 Reference value :  5.20250e-09
 Reference value :  5.22250e-09
 Reference value :  5.24750e-09
 Reference value :  5.26750e-09
 Reference value :  5.28750e-09
 Reference value :  5.31250e-09
 Reference value :  5.33250e-09
 Reference value :  5.35250e-09
 Reference value :  5.36750e-09
 Reference value :  5.38250e-09
 Reference value :  5.39750e-09
 Reference value :  5.41750e-09
 Reference value :  5.43750e-09
 Reference value :  5.45750e-09
 Reference value :  5.48250e-09
 Reference value :  5.50250e-09
 Reference value :  5.52750e-09
 Reference value :  5.55250e-09
 Reference value :  5.56750e-09
 Reference value :  5.58750e-09
 Reference value :  5.60750e-09
 Reference value :  5.62750e-09
 Reference value :  5.64750e-09
 Reference value :  5.67250e-09
 Reference value :  5.69750e-09
 Reference value :  5.72250e-09
 Reference value :  5.75250e-09
 Reference value :  5.76750e-09
 Reference value :  5.78750e-09
 Reference value :  5.80750e-09
 Reference value :  5.82750e-09
 Reference value :  5.84750e-09
 Reference value :  5.86750e-09
 Reference value :  5.88750e-09
 Reference value :  5.90250e-09
 Reference value :  5.91750e-09
 Reference value :  5.93250e-09
 Reference value :  5.94750e-09
 Reference value :  5.96750e-09
 Reference value :  5.98750e-09
 Reference value :  6.00750e-09
 Reference value :  6.02750e-09
 Reference value :  6.04750e-09
 Reference value :  6.06750e-09
 Reference value :  6.08750e-09
 Reference value :  6.11250e-09
 Reference value :  6.13250e-09
 Reference value :  6.15250e-09
 Reference value :  6.17250e-09
 Reference value :  6.19250e-09
 Reference value :  6.20750e-09
 Reference value :  6.22750e-09
 Reference value :  6.24250e-09
 Reference value :  6.26250e-09
 Reference value :  6.27750e-09
 Reference value :  6.29750e-09
 Reference value :  6.31250e-09
 Reference value :  6.32750e-09
 Reference value :  6.34750e-09
 Reference value :  6.36250e-09
 Reference value :  6.38250e-09
 Reference value :  6.40250e-09
 Reference value :  6.42250e-09
 Reference value :  6.44250e-09
 Reference value :  6.46250e-09
 Reference value :  6.48250e-09
 Reference value :  6.50250e-09
 Reference value :  6.51750e-09
 Reference value :  6.53750e-09
 Reference value :  6.55250e-09
 Reference value :  6.57250e-09
 Reference value :  6.59250e-09
 Reference value :  6.60750e-09
 Reference value :  6.62250e-09
 Reference value :  6.64250e-09
 Reference value :  6.66250e-09
 Reference value :  6.67750e-09
 Reference value :  6.69750e-09
 Reference value :  6.71750e-09
 Reference value :  6.74250e-09
 Reference value :  6.76250e-09
 Reference value :  6.78250e-09
 Reference value :  6.79750e-09
 Reference value :  6.81750e-09
 Reference value :  6.83750e-09
 Reference value :  6.85750e-09
 Reference value :  6.87250e-09
 Reference value :  6.89250e-09
 Reference value :  6.91250e-09
 Reference value :  6.93250e-09
 Reference value :  6.95750e-09
 Reference value :  6.97750e-09
 Reference value :  6.99750e-09
 Reference value :  7.01750e-09
 Reference value :  7.03750e-09
 Reference value :  7.05750e-09
 Reference value :  7.07750e-09
 Reference value :  7.09750e-09
 Reference value :  7.11750e-09
 Reference value :  7.13750e-09
 Reference value :  7.15250e-09
 Reference value :  7.16750e-09
 Reference value :  7.18750e-09
 Reference value :  7.20250e-09
 Reference value :  7.22250e-09
 Reference value :  7.24250e-09
 Reference value :  7.26250e-09
 Reference value :  7.28250e-09
 Reference value :  7.29750e-09
 Reference value :  7.31750e-09
 Reference value :  7.33250e-09
 Reference value :  7.35250e-09
 Reference value :  7.36750e-09
 Reference value :  7.38250e-09
 Reference value :  7.40250e-09
 Reference value :  7.41750e-09
 Reference value :  7.43250e-09
 Reference value :  7.45250e-09
 Reference value :  7.46750e-09
 Reference value :  7.48750e-09
 Reference value :  7.50750e-09
 Reference value :  7.52750e-09
 Reference value :  7.54250e-09
 Reference value :  7.56250e-09
 Reference value :  7.58250e-09
 Reference value :  7.60250e-09
 Reference value :  7.62250e-09
 Reference value :  7.64250e-09
 Reference value :  7.66250e-09
 Reference value :  7.68250e-09
 Reference value :  7.70250e-09
 Reference value :  7.72250e-09
 Reference value :  7.74250e-09
 Reference value :  7.76750e-09
 Reference value :  7.78750e-09
 Reference value :  7.80750e-09
 Reference value :  7.82250e-09
 Reference value :  7.84750e-09
 Reference value :  7.86750e-09
 Reference value :  7.88250e-09
 Reference value :  7.90250e-09
 Reference value :  7.92250e-09
 Reference value :  7.94750e-09
 Reference value :  7.97250e-09
 Reference value :  7.98750e-09
 Reference value :  8.01250e-09
 Reference value :  8.03250e-09
 Reference value :  8.05250e-09
 Reference value :  8.07250e-09
 Reference value :  8.09250e-09
 Reference value :  8.11250e-09
 Reference value :  8.12750e-09
 Reference value :  8.14750e-09
 Reference value :  8.16750e-09
 Reference value :  8.18750e-09
 Reference value :  8.20750e-09
 Reference value :  8.22750e-09
 Reference value :  8.25250e-09
 Reference value :  8.26750e-09
 Reference value :  8.28750e-09
 Reference value :  8.31250e-09
 Reference value :  8.33250e-09
 Reference value :  8.34750e-09
 Reference value :  8.36750e-09
 Reference value :  8.38750e-09
 Reference value :  8.40750e-09
 Reference value :  8.42750e-09
 Reference value :  8.44750e-09
 Reference value :  8.46750e-09
 Reference value :  8.48250e-09
 Reference value :  8.50250e-09
 Reference value :  8.52250e-09
 Reference value :  8.53750e-09
 Reference value :  8.55750e-09
 Reference value :  8.58250e-09
 Reference value :  8.60250e-09
 Reference value :  8.62250e-09
 Reference value :  8.64250e-09
 Reference value :  8.65750e-09
 Reference value :  8.67750e-09
 Reference value :  8.69750e-09
 Reference value :  8.71750e-09
 Reference value :  8.83750e-09
 Reference value :  8.85750e-09
 Reference value :  8.87750e-09
 Reference value :  8.89750e-09
 Reference value :  8.91750e-09
 Reference value :  8.93750e-09
 Reference value :  8.95750e-09
 Reference value :  8.97750e-09
 Reference value :  8.99250e-09
 Reference value :  9.01750e-09
 Reference value :  9.04250e-09
 Reference value :  9.06750e-09
 Reference value :  9.08250e-09
 Reference value :  9.10250e-09
 Reference value :  9.12250e-09
 Reference value :  9.14250e-09
 Reference value :  9.16250e-09
 Reference value :  9.18250e-09
 Reference value :  9.19750e-09
 Reference value :  9.21250e-09
 Reference value :  9.23250e-09
 Reference value :  9.25750e-09
 Reference value :  9.27750e-09
 Reference value :  9.29250e-09
 Reference value :  9.31250e-09
 Reference value :  9.33250e-09
 Reference value :  9.35250e-09
 Reference value :  9.37250e-09
 Reference value :  9.39250e-09
 Reference value :  9.41250e-09
 Reference value :  9.43250e-09
 Reference value :  9.44750e-09
 Reference value :  9.46250e-09
 Reference value :  9.47750e-09
 Reference value :  9.49750e-09
 Reference value :  9.51750e-09
 Reference value :  9.53750e-09
 Reference value :  9.55250e-09
 Reference value :  9.57250e-09
 Reference value :  9.58750e-09
 Reference value :  9.60250e-09
 Reference value :  9.62250e-09
 Reference value :  9.64250e-09
 Reference value :  9.66250e-09
 Reference value :  9.67750e-09
 Reference value :  9.70250e-09
 Reference value :  9.72750e-09
 Reference value :  9.74250e-09
 Reference value :  9.76250e-09
 Reference value :  9.78250e-09
 Reference value :  9.80750e-09
 Reference value :  9.82750e-09
 Reference value :  9.84750e-09
 Reference value :  9.86750e-09
 Reference value :  9.88250e-09
 Reference value :  9.89750e-09
 Reference value :  9.91750e-09
 Reference value :  9.93250e-09
 Reference value :  9.95250e-09
 Reference value :  9.96750e-09
 Reference value :  9.98250e-09
 Reference value :  1.00025e-08
 Reference value :  1.00225e-08
 Reference value :  1.00425e-08
 Reference value :  1.00625e-08
 Reference value :  1.00875e-08
 Reference value :  1.01075e-08
 Reference value :  1.01275e-08
 Reference value :  1.01525e-08
 Reference value :  1.01725e-08
 Reference value :  1.01975e-08
 Reference value :  1.02175e-08
 Reference value :  1.02325e-08
 Reference value :  1.02525e-08
 Reference value :  1.02725e-08
 Reference value :  1.02925e-08
 Reference value :  1.03075e-08
 Reference value :  1.03275e-08
 Reference value :  1.03475e-08
 Reference value :  1.03675e-08
 Reference value :  1.03825e-08
 Reference value :  1.03975e-08
 Reference value :  1.04225e-08
 Reference value :  1.04425e-08
 Reference value :  1.04675e-08
 Reference value :  1.04875e-08
 Reference value :  1.05025e-08
 Reference value :  1.05175e-08
 Reference value :  1.05375e-08
 Reference value :  1.05575e-08
 Reference value :  1.05775e-08
 Reference value :  1.05975e-08
 Reference value :  1.06175e-08
 Reference value :  1.06425e-08
 Reference value :  1.06625e-08
 Reference value :  1.06775e-08
 Reference value :  1.06975e-08
 Reference value :  1.07125e-08
 Reference value :  1.07275e-08
 Reference value :  1.07475e-08
 Reference value :  1.07725e-08
 Reference value :  1.07975e-08
 Reference value :  1.08175e-08
 Reference value :  1.08375e-08
 Reference value :  1.08575e-08
 Reference value :  1.08725e-08
 Reference value :  1.08925e-08
 Reference value :  1.09075e-08
 Reference value :  1.09225e-08
 Reference value :  1.09375e-08
 Reference value :  1.09575e-08
 Reference value :  1.09725e-08
 Reference value :  1.09925e-08
 Reference value :  1.10125e-08
 Reference value :  1.10325e-08
 Reference value :  1.10525e-08
 Reference value :  1.10675e-08
 Reference value :  1.10875e-08
 Reference value :  1.11025e-08
 Reference value :  1.11225e-08
 Reference value :  1.11425e-08
 Reference value :  1.11675e-08
 Reference value :  1.11875e-08
 Reference value :  1.12025e-08
 Reference value :  1.12175e-08
 Reference value :  1.12375e-08
 Reference value :  1.12525e-08
 Reference value :  1.12725e-08
 Reference value :  1.12875e-08
 Reference value :  1.13025e-08
 Reference value :  1.13175e-08
 Reference value :  1.13375e-08
 Reference value :  1.13575e-08
 Reference value :  1.13775e-08
 Reference value :  1.13925e-08
 Reference value :  1.14075e-08
 Reference value :  1.14275e-08
 Reference value :  1.14475e-08
 Reference value :  1.14625e-08
 Reference value :  1.14825e-08
 Reference value :  1.15025e-08
 Reference value :  1.15175e-08
 Reference value :  1.15375e-08
 Reference value :  1.15575e-08
 Reference value :  1.15775e-08
 Reference value :  1.15925e-08
 Reference value :  1.16125e-08
 Reference value :  1.16275e-08
 Reference value :  1.16475e-08
 Reference value :  1.16675e-08
 Reference value :  1.16825e-08
 Reference value :  1.17025e-08
 Reference value :  1.17275e-08
 Reference value :  1.17475e-08
 Reference value :  1.17675e-08
 Reference value :  1.17875e-08
 Reference value :  1.18025e-08
 Reference value :  1.18225e-08
 Reference value :  1.18475e-08
 Reference value :  1.18625e-08
 Reference value :  1.18775e-08
 Reference value :  1.18975e-08
 Reference value :  1.19175e-08
 Reference value :  1.19325e-08
 Reference value :  1.19475e-08
 Reference value :  1.19675e-08
 Reference value :  1.19825e-08
 Reference value :  1.20025e-08
 Reference value :  1.20175e-08
 Reference value :  1.20375e-08
 Reference value :  1.20625e-08
 Reference value :  1.20875e-08
 Reference value :  1.21025e-08
 Reference value :  1.21225e-08
 Reference value :  1.21375e-08
 Reference value :  1.21575e-08
 Reference value :  1.21775e-08
 Reference value :  1.22025e-08
 Reference value :  1.22275e-08
 Reference value :  1.22425e-08
 Reference value :  1.22625e-08
 Reference value :  1.22825e-08
 Reference value :  1.23025e-08
 Reference value :  1.23225e-08
 Reference value :  1.23425e-08
 Reference value :  1.23575e-08
 Reference value :  1.23775e-08
 Reference value :  1.23975e-08
 Reference value :  1.24175e-08
 Reference value :  1.24375e-08
 Reference value :  1.24575e-08
 Reference value :  1.24775e-08
 Reference value :  1.24975e-08
 Reference value :  1.25175e-08
 Reference value :  1.25375e-08
 Reference value :  1.25625e-08
 Reference value :  1.25925e-08
 Reference value :  1.26125e-08
 Reference value :  1.26275e-08
 Reference value :  1.26425e-08
 Reference value :  1.26625e-08
 Reference value :  1.26875e-08
 Reference value :  1.27075e-08
 Reference value :  1.27325e-08
 Reference value :  1.27525e-08
 Reference value :  1.27775e-08
 Reference value :  1.27975e-08
 Reference value :  1.28175e-08
 Reference value :  1.28425e-08
 Reference value :  1.28625e-08
 Reference value :  1.28825e-08
 Reference value :  1.29075e-08
 Reference value :  1.29275e-08
 Reference value :  1.29425e-08
 Reference value :  1.29675e-08
 Reference value :  1.29825e-08
 Reference value :  1.29975e-08
 Reference value :  1.30125e-08
 Reference value :  1.30325e-08
 Reference value :  1.30575e-08
 Reference value :  1.30775e-08
 Reference value :  1.30975e-08
 Reference value :  1.31125e-08
 Reference value :  1.31275e-08
 Reference value :  1.31425e-08
 Reference value :  1.31675e-08
 Reference value :  1.31875e-08
 Reference value :  1.32075e-08
 Reference value :  1.32275e-08
 Reference value :  1.32425e-08
 Reference value :  1.32625e-08
 Reference value :  1.32875e-08
 Reference value :  1.33025e-08
 Reference value :  1.33225e-08
 Reference value :  1.33425e-08
 Reference value :  1.33625e-08
 Reference value :  1.33825e-08
 Reference value :  1.33975e-08
 Reference value :  1.34225e-08
 Reference value :  1.34375e-08
 Reference value :  1.34575e-08
 Reference value :  1.34725e-08
 Reference value :  1.34925e-08
 Reference value :  1.35125e-08
 Reference value :  1.35325e-08
 Reference value :  1.35525e-08
 Reference value :  1.35725e-08
 Reference value :  1.35925e-08
 Reference value :  1.36125e-08
 Reference value :  1.36325e-08
 Reference value :  1.36525e-08
 Reference value :  1.36725e-08
 Reference value :  1.36925e-08
 Reference value :  1.37125e-08
 Reference value :  1.37325e-08
 Reference value :  1.37525e-08
 Reference value :  1.37725e-08
 Reference value :  1.37925e-08
 Reference value :  1.38125e-08
 Reference value :  1.38325e-08
 Reference value :  1.38575e-08
 Reference value :  1.38775e-08
 Reference value :  1.38975e-08
 Reference value :  1.39175e-08
 Reference value :  1.39375e-08
 Reference value :  1.39575e-08
 Reference value :  1.39825e-08
 Reference value :  1.40025e-08
 Reference value :  1.40225e-08
 Reference value :  1.40425e-08
 Reference value :  1.40625e-08
 Reference value :  1.40825e-08
 Reference value :  1.41025e-08
 Reference value :  1.41175e-08
 Reference value :  1.41375e-08
 Reference value :  1.41625e-08
 Reference value :  1.41875e-08
 Reference value :  1.42075e-08
 Reference value :  1.42275e-08
 Reference value :  1.42475e-08
 Reference value :  1.42725e-08
 Reference value :  1.42925e-08
 Reference value :  1.43125e-08
 Reference value :  1.43325e-08
 Reference value :  1.43525e-08
 Reference value :  1.43725e-08
 Reference value :  1.43875e-08
 Reference value :  1.44075e-08
 Reference value :  1.44225e-08
 Reference value :  1.44375e-08
 Reference value :  1.44575e-08
 Reference value :  1.44775e-08
 Reference value :  1.44925e-08
 Reference value :  1.45125e-08
 Reference value :  1.45325e-08
 Reference value :  1.45525e-08
 Reference value :  1.45775e-08
 Reference value :  1.45975e-08
 Reference value :  1.46175e-08
 Reference value :  1.46375e-08
 Reference value :  1.46575e-08
 Reference value :  1.46725e-08
 Reference value :  1.46925e-08
 Reference value :  1.47125e-08
 Reference value :  1.47275e-08
 Reference value :  1.47475e-08
 Reference value :  1.47675e-08
 Reference value :  1.47925e-08
 Reference value :  1.48175e-08
 Reference value :  1.48375e-08
 Reference value :  1.48625e-08
 Reference value :  1.48825e-08
 Reference value :  1.49025e-08
 Reference value :  1.49275e-08
 Reference value :  1.49525e-08
 Reference value :  1.49725e-08
 Reference value :  1.49925e-08
 Reference value :  1.50125e-08
 Reference value :  1.50325e-08
 Reference value :  1.50525e-08
 Reference value :  1.50725e-08
 Reference value :  1.50925e-08
 Reference value :  1.51075e-08
 Reference value :  1.51275e-08
 Reference value :  1.51475e-08
 Reference value :  1.51675e-08
 Reference value :  1.51875e-08
 Reference value :  1.52075e-08
 Reference value :  1.52225e-08
 Reference value :  1.52425e-08
 Reference value :  1.52625e-08
 Reference value :  1.52825e-08
 Reference value :  1.53025e-08
 Reference value :  1.53225e-08
 Reference value :  1.53375e-08
 Reference value :  1.53625e-08
 Reference value :  1.53875e-08
 Reference value :  1.54075e-08
 Reference value :  1.54225e-08
 Reference value :  1.54425e-08
 Reference value :  1.54575e-08
 Reference value :  1.54775e-08
 Reference value :  1.54925e-08
 Reference value :  1.55125e-08
 Reference value :  1.55325e-08
 Reference value :  1.55575e-08
 Reference value :  1.55875e-08
 Reference value :  1.56075e-08
 Reference value :  1.56225e-08
 Reference value :  1.56375e-08
 Reference value :  1.56575e-08
 Reference value :  1.56825e-08
 Reference value :  1.57025e-08
 Reference value :  1.57225e-08
 Reference value :  1.57425e-08
 Reference value :  1.57625e-08
 Reference value :  1.57875e-08
 Reference value :  1.58075e-08
 Reference value :  1.58275e-08
 Reference value :  1.58475e-08
 Reference value :  1.58625e-08
 Reference value :  1.58825e-08
 Reference value :  1.59025e-08
 Reference value :  1.59225e-08
 Reference value :  1.59425e-08
 Reference value :  1.59675e-08
 Reference value :  1.59875e-08
 Reference value :  1.60075e-08
 Reference value :  1.60325e-08
 Reference value :  1.60525e-08
 Reference value :  1.60725e-08
 Reference value :  1.60975e-08
 Reference value :  1.61175e-08
 Reference value :  1.61425e-08
 Reference value :  1.61675e-08
 Reference value :  1.61875e-08
 Reference value :  1.62025e-08
 Reference value :  1.62225e-08
 Reference value :  1.62425e-08
 Reference value :  1.62575e-08
 Reference value :  1.62775e-08
 Reference value :  1.62975e-08
 Reference value :  1.63175e-08
 Reference value :  1.63425e-08
 Reference value :  1.63625e-08
 Reference value :  1.63775e-08
 Reference value :  1.63975e-08
 Reference value :  1.64175e-08
 Reference value :  1.64325e-08
 Reference value :  1.64475e-08
 Reference value :  1.64625e-08
 Reference value :  1.64875e-08
 Reference value :  1.65075e-08
 Reference value :  1.65275e-08
 Reference value :  1.65475e-08
 Reference value :  1.65625e-08
 Reference value :  1.65825e-08
 Reference value :  1.66025e-08
 Reference value :  1.66175e-08
 Reference value :  1.66375e-08
 Reference value :  1.66525e-08
 Reference value :  1.66725e-08
 Reference value :  1.66875e-08
 Reference value :  1.67075e-08
 Reference value :  1.67225e-08
 Reference value :  1.67425e-08
 Reference value :  1.67675e-08
 Reference value :  1.67825e-08
 Reference value :  1.68025e-08
 Reference value :  1.68275e-08
 Reference value :  1.68475e-08
 Reference value :  1.68625e-08
 Reference value :  1.68825e-08
 Reference value :  1.68975e-08
 Reference value :  1.69125e-08
 Reference value :  1.69375e-08
 Reference value :  1.69525e-08
 Reference value :  1.69725e-08
 Reference value :  1.69925e-08
 Reference value :  1.70175e-08
 Reference value :  1.70375e-08
 Reference value :  1.70525e-08
 Reference value :  1.70725e-08
 Reference value :  1.70925e-08
 Reference value :  1.71125e-08
 Reference value :  1.71325e-08
 Reference value :  1.71525e-08
 Reference value :  1.71725e-08
 Reference value :  1.71925e-08
 Reference value :  1.72125e-08
 Reference value :  1.72325e-08
 Reference value :  1.72475e-08
 Reference value :  1.72725e-08
 Reference value :  1.72925e-08
 Reference value :  1.73125e-08
 Reference value :  1.73275e-08
 Reference value :  1.73475e-08
 Reference value :  1.73725e-08
 Reference value :  1.73925e-08
 Reference value :  1.74175e-08
 Reference value :  1.74425e-08
 Reference value :  1.74625e-08
 Reference value :  1.74825e-08
 Reference value :  1.74975e-08
 Reference value :  1.75125e-08
 Reference value :  1.75325e-08
 Reference value :  1.75575e-08
 Reference value :  1.75825e-08
 Reference value :  1.75975e-08
 Reference value :  1.76175e-08
 Reference value :  1.76375e-08
 Reference value :  1.76525e-08
 Reference value :  1.76725e-08
 Reference value :  1.76925e-08
 Reference value :  1.77125e-08
 Reference value :  1.77275e-08
 Reference value :  1.77475e-08
 Reference value :  1.77625e-08
 Reference value :  1.77775e-08
 Reference value :  1.77975e-08
 Reference value :  1.78225e-08
 Reference value :  1.78425e-08
 Reference value :  1.78675e-08
 Reference value :  1.78925e-08
 Reference value :  1.79125e-08
 Reference value :  1.79275e-08
 Reference value :  1.79425e-08
 Reference value :  1.79625e-08
 Reference value :  1.79875e-08
 Reference value :  1.80125e-08
 Reference value :  1.80325e-08
 Reference value :  1.80525e-08
 Reference value :  1.80725e-08
 Reference value :  1.80925e-08
 Reference value :  1.81175e-08
 Reference value :  1.81375e-08
 Reference value :  1.81525e-08
 Reference value :  1.81675e-08
 Reference value :  1.81925e-08
 Reference value :  1.82125e-08
 Reference value :  1.82325e-08
 Reference value :  1.82525e-08
 Reference value :  1.82725e-08
 Reference value :  1.82925e-08
 Reference value :  1.83125e-08
 Reference value :  1.83325e-08
 Reference value :  1.83575e-08
 Reference value :  1.83825e-08
 Reference value :  1.84075e-08
 Reference value :  1.84325e-08
 Reference value :  1.84525e-08
 Reference value :  1.84725e-08
 Reference value :  1.84925e-08
 Reference value :  1.85175e-08
 Reference value :  1.85425e-08
 Reference value :  1.85625e-08
 Reference value :  1.85825e-08
 Reference value :  1.86025e-08
 Reference value :  1.86175e-08
 Reference value :  1.86325e-08
 Reference value :  1.86525e-08
 Reference value :  1.86725e-08
 Reference value :  1.86925e-08
 Reference value :  1.87075e-08
 Reference value :  1.87225e-08
 Reference value :  1.87375e-08
 Reference value :  1.87575e-08
 Reference value :  1.87725e-08
 Reference value :  1.87925e-08
 Reference value :  1.88075e-08
 Reference value :  1.88275e-08
 Reference value :  1.88425e-08
 Reference value :  1.88625e-08
 Reference value :  1.88825e-08
 Reference value :  1.88975e-08
 Reference value :  1.89125e-08
 Reference value :  1.89325e-08
 Reference value :  1.89525e-08
 Reference value :  1.89725e-08
 Reference value :  1.89975e-08
 Reference value :  1.90225e-08
 Reference value :  1.90375e-08
 Reference value :  1.90525e-08
 Reference value :  1.90725e-08
 Reference value :  1.90875e-08
 Reference value :  1.91025e-08
 Reference value :  1.91175e-08
 Reference value :  1.91375e-08
 Reference value :  1.91575e-08
 Reference value :  1.91725e-08
 Reference value :  1.91975e-08
 Reference value :  1.92125e-08
 Reference value :  1.92375e-08
 Reference value :  1.92525e-08
 Reference value :  1.92675e-08
 Reference value :  1.92825e-08
 Reference value :  1.93025e-08
 Reference value :  1.93225e-08
 Reference value :  1.93425e-08
 Reference value :  1.93675e-08
 Reference value :  1.93925e-08
 Reference value :  1.94125e-08
 Reference value :  1.94325e-08
 Reference value :  1.94525e-08
 Reference value :  1.94725e-08
 Reference value :  1.94875e-08
 Reference value :  1.95125e-08
 Reference value :  1.95325e-08
 Reference value :  1.95525e-08
 Reference value :  1.95725e-08
 Reference value :  1.95975e-08
 Reference value :  1.96175e-08
 Reference value :  1.96325e-08
 Reference value :  1.96575e-08
 Reference value :  1.96775e-08
 Reference value :  1.96975e-08
 Reference value :  1.97175e-08
 Reference value :  1.97425e-08
 Reference value :  1.97675e-08
 Reference value :  1.97875e-08
 Reference value :  1.98175e-08
 Reference value :  1.98375e-08
 Reference value :  1.98575e-08
 Reference value :  1.98775e-08
 Reference value :  1.99025e-08
 Reference value :  1.99275e-08
 Reference value :  1.99475e-08
 Reference value :  1.99725e-08
 Reference value :  1.99925e-08
 Reference value :  2.00125e-08
 Reference value :  2.00325e-08
 Reference value :  2.00525e-08
 Reference value :  2.02125e-08
 Reference value :  2.02325e-08
 Reference value :  2.02525e-08
 Reference value :  2.02725e-08
 Reference value :  2.02875e-08
 Reference value :  2.03075e-08
 Reference value :  2.03225e-08
 Reference value :  2.03425e-08
 Reference value :  2.03625e-08
 Reference value :  2.03825e-08
 Reference value :  2.04025e-08
 Reference value :  2.04275e-08
 Reference value :  2.04525e-08
 Reference value :  2.04725e-08
 Reference value :  2.04975e-08
 Reference value :  2.05175e-08
 Reference value :  2.05425e-08
 Reference value :  2.05625e-08
 Reference value :  2.05825e-08
 Reference value :  2.06025e-08
 Reference value :  2.06225e-08
 Reference value :  2.06425e-08
 Reference value :  2.06625e-08
 Reference value :  2.06825e-08
 Reference value :  2.07025e-08
 Reference value :  2.07275e-08
 Reference value :  2.07475e-08
 Reference value :  2.07675e-08
 Reference value :  2.07875e-08
 Reference value :  2.08075e-08
 Reference value :  2.08275e-08
 Reference value :  2.08475e-08
 Reference value :  2.08725e-08
 Reference value :  2.08925e-08
 Reference value :  2.09125e-08
 Reference value :  2.09325e-08
 Reference value :  2.09475e-08
 Reference value :  2.09675e-08
 Reference value :  2.09875e-08
 Reference value :  2.10125e-08
 Reference value :  2.10325e-08
 Reference value :  2.10475e-08
 Reference value :  2.10675e-08
 Reference value :  2.10825e-08
 Reference value :  2.11025e-08
 Reference value :  2.11225e-08
 Reference value :  2.11425e-08
 Reference value :  2.11625e-08
 Reference value :  2.11825e-08
 Reference value :  2.12025e-08
 Reference value :  2.12225e-08
 Reference value :  2.12425e-08
 Reference value :  2.12625e-08
 Reference value :  2.12825e-08
 Reference value :  2.13025e-08
 Reference value :  2.13175e-08
 Reference value :  2.13375e-08
 Reference value :  2.13575e-08
 Reference value :  2.13725e-08
 Reference value :  2.13975e-08
 Reference value :  2.14175e-08
 Reference value :  2.14375e-08
 Reference value :  2.14625e-08
 Reference value :  2.14825e-08
 Reference value :  2.15025e-08
 Reference value :  2.15225e-08
 Reference value :  2.15425e-08
 Reference value :  2.15625e-08
 Reference value :  2.15825e-08
 Reference value :  2.16075e-08
 Reference value :  2.16275e-08
 Reference value :  2.16475e-08
 Reference value :  2.16675e-08
 Reference value :  2.16875e-08
 Reference value :  2.17075e-08
 Reference value :  2.17275e-08
 Reference value :  2.17475e-08
 Reference value :  2.17675e-08
 Reference value :  2.17875e-08
 Reference value :  2.18125e-08
 Reference value :  2.18325e-08
 Reference value :  2.18525e-08
 Reference value :  2.18675e-08
 Reference value :  2.18825e-08
 Reference value :  2.19075e-08
 Reference value :  2.19275e-08
 Reference value :  2.19475e-08
 Reference value :  2.19675e-08
 Reference value :  2.19875e-08
 Reference value :  2.20125e-08
 Reference value :  2.20325e-08
 Reference value :  2.20575e-08
 Reference value :  2.20725e-08
 Reference value :  2.20875e-08
 Reference value :  2.21075e-08
 Reference value :  2.21275e-08
 Reference value :  2.21425e-08
 Reference value :  2.21625e-08
 Reference value :  2.21875e-08
 Reference value :  2.22125e-08
 Reference value :  2.22375e-08
 Reference value :  2.22525e-08
 Reference value :  2.22725e-08
 Reference value :  2.23825e-08
 Reference value :  2.24025e-08
 Reference value :  2.24225e-08
 Reference value :  2.24425e-08
 Reference value :  2.24625e-08
 Reference value :  2.24825e-08
 Reference value :  2.25075e-08
 Reference value :  2.25275e-08
 Reference value :  2.25525e-08
 Reference value :  2.25725e-08
 Reference value :  2.25925e-08
 Reference value :  2.26125e-08
 Reference value :  2.26325e-08
 Reference value :  2.26475e-08
 Reference value :  2.26675e-08
 Reference value :  2.26875e-08
 Reference value :  2.27125e-08
 Reference value :  2.27375e-08
 Reference value :  2.27525e-08
 Reference value :  2.27675e-08
 Reference value :  2.27875e-08
 Reference value :  2.28075e-08
 Reference value :  2.28275e-08
 Reference value :  2.28475e-08
 Reference value :  2.28675e-08
 Reference value :  2.28875e-08
 Reference value :  2.29075e-08
 Reference value :  2.29275e-08
 Reference value :  2.29475e-08
 Reference value :  2.29725e-08
 Reference value :  2.29925e-08
 Reference value :  2.30175e-08
 Reference value :  2.30375e-08
 Reference value :  2.30575e-08
 Reference value :  2.30775e-08
 Reference value :  2.31025e-08
 Reference value :  2.31225e-08
 Reference value :  2.31375e-08
 Reference value :  2.31575e-08
 Reference value :  2.31775e-08
 Reference value :  2.31925e-08
 Reference value :  2.32125e-08
 Reference value :  2.32325e-08
 Reference value :  2.32625e-08
 Reference value :  2.32875e-08
 Reference value :  2.33075e-08
 Reference value :  2.33275e-08
 Reference value :  2.33525e-08
 Reference value :  2.33775e-08
 Reference value :  2.34025e-08
 Reference value :  2.34225e-08
 Reference value :  2.34375e-08
 Reference value :  2.34525e-08
 Reference value :  2.34675e-08
 Reference value :  2.34875e-08
 Reference value :  2.35125e-08
 Reference value :  2.35325e-08
 Reference value :  2.35575e-08
 Reference value :  2.35775e-08
 Reference value :  2.35975e-08
 Reference value :  2.36175e-08
 Reference value :  2.36425e-08
 Reference value :  2.36625e-08
 Reference value :  2.36775e-08
 Reference value :  2.36975e-08
 Reference value :  2.37225e-08
 Reference value :  2.37425e-08
 Reference value :  2.37625e-08
 Reference value :  2.37825e-08
 Reference value :  2.38025e-08
 Reference value :  2.38275e-08
 Reference value :  2.38525e-08
 Reference value :  2.38775e-08
 Reference value :  2.38975e-08
 Reference value :  2.39175e-08
 Reference value :  2.39325e-08
 Reference value :  2.39525e-08
 Reference value :  2.39725e-08
 Reference value :  2.39875e-08
 Reference value :  2.40075e-08
 Reference value :  2.40325e-08
 Reference value :  2.40475e-08
 Reference value :  2.40675e-08
 Reference value :  2.40875e-08
 Reference value :  2.41075e-08
 Reference value :  2.41275e-08
 Reference value :  2.41475e-08
 Reference value :  2.41675e-08
 Reference value :  2.41825e-08
 Reference value :  2.42075e-08
 Reference value :  2.42275e-08
 Reference value :  2.42475e-08
 Reference value :  2.42675e-08
 Reference value :  2.42825e-08
 Reference value :  2.43025e-08
 Reference value :  2.43225e-08
 Reference value :  2.43475e-08
 Reference value :  2.43675e-08
 Reference value :  2.43825e-08
 Reference value :  2.44025e-08
 Reference value :  2.44175e-08
 Reference value :  2.44325e-08
 Reference value :  2.44475e-08
 Reference value :  2.44675e-08
 Reference value :  2.44925e-08
 Reference value :  2.45175e-08
 Reference value :  2.45425e-08
 Reference value :  2.45675e-08
 Reference value :  2.45875e-08
 Reference value :  2.46075e-08
 Reference value :  2.46225e-08
 Reference value :  2.46425e-08
 Reference value :  2.46575e-08
 Reference value :  2.46775e-08
 Reference value :  2.47025e-08
 Reference value :  2.47225e-08
 Reference value :  2.47375e-08
 Reference value :  2.47525e-08
 Reference value :  2.47725e-08
 Reference value :  2.47925e-08
 Reference value :  2.48125e-08
 Reference value :  2.48325e-08
 Reference value :  2.48575e-08
 Reference value :  2.48775e-08
 Reference value :  2.48975e-08
 Reference value :  2.49175e-08
 Reference value :  2.49425e-08
 Reference value :  2.49675e-08
 Reference value :  2.49925e-08
 Reference value :  2.50175e-08
 Reference value :  2.50375e-08
 Reference value :  2.50625e-08
 Reference value :  2.50825e-08
 Reference value :  2.51075e-08
 Reference value :  2.51325e-08
 Reference value :  2.51525e-08
 Reference value :  2.51725e-08
 Reference value :  2.51925e-08
 Reference value :  2.52125e-08
 Reference value :  2.52375e-08
 Reference value :  2.52575e-08
 Reference value :  2.52775e-08
 Reference value :  2.52975e-08
 Reference value :  2.53175e-08
 Reference value :  2.53325e-08
 Reference value :  2.53525e-08
 Reference value :  2.53725e-08
 Reference value :  2.53925e-08
 Reference value :  2.54075e-08
 Reference value :  2.54225e-08
 Reference value :  2.54425e-08
 Reference value :  2.54675e-08
 Reference value :  2.54925e-08
 Reference value :  2.55125e-08
 Reference value :  2.55275e-08
 Reference value :  2.55475e-08
 Reference value :  2.55675e-08
 Reference value :  2.55875e-08
 Reference value :  2.56075e-08
 Reference value :  2.56275e-08
 Reference value :  2.56525e-08
 Reference value :  2.56725e-08
 Reference value :  2.56875e-08
 Reference value :  2.57125e-08
 Reference value :  2.57325e-08
 Reference value :  2.57475e-08
 Reference value :  2.57625e-08
 Reference value :  2.57825e-08
 Reference value :  2.58025e-08
 Reference value :  2.58275e-08
 Reference value :  2.58475e-08
 Reference value :  2.58675e-08
 Reference value :  2.58875e-08
 Reference value :  2.59075e-08
 Reference value :  2.60525e-08
 Reference value :  2.60675e-08
 Reference value :  2.60875e-08
 Reference value :  2.61025e-08
 Reference value :  2.61225e-08
 Reference value :  2.61425e-08
 Reference value :  2.61625e-08
 Reference value :  2.61825e-08
 Reference value :  2.61975e-08
 Reference value :  2.62125e-08
 Reference value :  2.62325e-08
 Reference value :  2.62525e-08
 Reference value :  2.62725e-08
 Reference value :  2.62875e-08
 Reference value :  2.63125e-08
 Reference value :  2.63325e-08
 Reference value :  2.63475e-08
 Reference value :  2.63725e-08
 Reference value :  2.63975e-08
 Reference value :  2.64125e-08
 Reference value :  2.64325e-08
 Reference value :  2.64575e-08
 Reference value :  2.64825e-08
 Reference value :  2.65025e-08
 Reference value :  2.65175e-08
 Reference value :  2.65425e-08
 Reference value :  2.65575e-08
 Reference value :  2.65775e-08
 Reference value :  2.66025e-08
 Reference value :  2.66175e-08
 Reference value :  2.66325e-08
 Reference value :  2.66475e-08
 Reference value :  2.66675e-08
 Reference value :  2.66925e-08
 Reference value :  2.67125e-08
 Reference value :  2.67325e-08
 Reference value :  2.67525e-08
 Reference value :  2.67725e-08
 Reference value :  2.67975e-08
 Reference value :  2.68175e-08
 Reference value :  2.68425e-08
 Reference value :  2.68625e-08
 Reference value :  2.68825e-08
 Reference value :  2.69025e-08
 Reference value :  2.69225e-08
 Reference value :  2.69375e-08
 Reference value :  2.69525e-08
 Reference value :  2.69725e-08
 Reference value :  2.69925e-08
 Reference value :  2.70075e-08
 Reference value :  2.70275e-08
 Reference value :  2.70475e-08
 Reference value :  2.70675e-08
 Reference value :  2.70925e-08
 Reference value :  2.71175e-08
 Reference value :  2.71425e-08
 Reference value :  2.71625e-08
 Reference value :  2.71775e-08
 Reference value :  2.71975e-08
 Reference value :  2.72175e-08
 Reference value :  2.72425e-08
 Reference value :  2.72575e-08
 Reference value :  2.72775e-08
 Reference value :  2.72925e-08
 Reference value :  2.73125e-08
 Reference value :  2.73375e-08
 Reference value :  2.73575e-08
 Reference value :  2.73775e-08
 Reference value :  2.73975e-08
 Reference value :  2.74175e-08
 Reference value :  2.74425e-08
 Reference value :  2.74625e-08
 Reference value :  2.74825e-08
 Reference value :  2.74975e-08
 Reference value :  2.75225e-08
 Reference value :  2.75375e-08
 Reference value :  2.75575e-08
 Reference value :  2.75775e-08
 Reference value :  2.76025e-08
 Reference value :  2.76225e-08
 Reference value :  2.76425e-08
 Reference value :  2.76625e-08
 Reference value :  2.76825e-08
 Reference value :  2.77025e-08
 Reference value :  2.77225e-08
 Reference value :  2.77425e-08
 Reference value :  2.77625e-08
 Reference value :  2.77875e-08
 Reference value :  2.78125e-08
 Reference value :  2.78375e-08
 Reference value :  2.78575e-08
 Reference value :  2.78775e-08
 Reference value :  2.78975e-08
 Reference value :  2.79225e-08
 Reference value :  2.79475e-08
 Reference value :  2.79625e-08
 Reference value :  2.79825e-08
 Reference value :  2.80025e-08
 Reference value :  2.80225e-08
 Reference value :  2.80475e-08
 Reference value :  2.80625e-08
 Reference value :  2.80775e-08
 Reference value :  2.80925e-08
 Reference value :  2.81125e-08
 Reference value :  2.81325e-08
 Reference value :  2.81525e-08
 Reference value :  2.81775e-08
 Reference value :  2.82025e-08
 Reference value :  2.82175e-08
 Reference value :  2.82375e-08
 Reference value :  2.82625e-08
 Reference value :  2.82875e-08
 Reference value :  2.83075e-08
 Reference value :  2.83275e-08
 Reference value :  2.83475e-08
 Reference value :  2.83725e-08
 Reference value :  2.83925e-08
 Reference value :  2.84175e-08
 Reference value :  2.84425e-08
 Reference value :  2.84625e-08
 Reference value :  2.84875e-08
 Reference value :  2.85025e-08
 Reference value :  2.85225e-08
 Reference value :  2.85475e-08
 Reference value :  2.85675e-08
 Reference value :  2.86075e-08
 Reference value :  2.86275e-08
 Reference value :  2.86475e-08
 Reference value :  2.86675e-08
 Reference value :  2.86825e-08
 Reference value :  2.87075e-08
 Reference value :  2.87275e-08
 Reference value :  2.87475e-08
 Reference value :  2.87675e-08
 Reference value :  2.87875e-08
 Reference value :  2.88075e-08
 Reference value :  2.88275e-08
 Reference value :  2.88475e-08
 Reference value :  2.88675e-08
 Reference value :  2.88875e-08
 Reference value :  2.89075e-08
 Reference value :  2.89225e-08
 Reference value :  2.89475e-08
 Reference value :  2.89675e-08
 Reference value :  2.89875e-08
 Reference value :  2.90075e-08
 Reference value :  2.90275e-08
 Reference value :  2.90525e-08
 Reference value :  2.90675e-08
 Reference value :  2.90875e-08
 Reference value :  2.91125e-08
 Reference value :  2.91325e-08
 Reference value :  2.91475e-08
 Reference value :  2.91675e-08
 Reference value :  2.91875e-08
 Reference value :  2.92075e-08
 Reference value :  2.92275e-08
 Reference value :  2.92475e-08
 Reference value :  2.92725e-08
 Reference value :  2.92975e-08
 Reference value :  2.93125e-08
 Reference value :  2.93325e-08
 Reference value :  2.93525e-08
 Reference value :  2.93725e-08
 Reference value :  2.93925e-08
 Reference value :  2.94125e-08
 Reference value :  2.94325e-08
 Reference value :  2.94525e-08
 Reference value :  2.94725e-08
 Reference value :  2.94925e-08
 Reference value :  2.95175e-08
 Reference value :  2.95425e-08
 Reference value :  2.95675e-08
 Reference value :  2.95925e-08
 Reference value :  2.96125e-08
 Reference value :  2.96325e-08
 Reference value :  2.96525e-08
 Reference value :  2.96725e-08
 Reference value :  2.96925e-08
 Reference value :  2.97075e-08
 Reference value :  2.97225e-08
 Reference value :  2.97375e-08
 Reference value :  2.97525e-08
 Reference value :  2.97725e-08
 Reference value :  2.97925e-08
 Reference value :  2.98125e-08
 Reference value :  2.98325e-08
 Reference value :  2.98525e-08
 Reference value :  2.98725e-08
 Reference value :  2.98875e-08
 Reference value :  2.99125e-08
 Reference value :  2.99325e-08
 Reference value :  2.99575e-08
 Reference value :  2.99775e-08
 Reference value :  2.99975e-08
 Reference value :  3.00175e-08
 Reference value :  3.00375e-08
 Reference value :  3.00525e-08
 Reference value :  3.00675e-08
 Reference value :  3.00825e-08
 Reference value :  3.01025e-08
 Reference value :  3.01225e-08
 Reference value :  3.01475e-08
 Reference value :  3.01675e-08
 Reference value :  3.01875e-08
 Reference value :  3.02075e-08
 Reference value :  3.02225e-08
 Reference value :  3.02425e-08
 Reference value :  3.02625e-08
 Reference value :  3.02825e-08
 Reference value :  3.03025e-08
 Reference value :  3.03225e-08
 Reference value :  3.03425e-08
 Reference value :  3.03625e-08
 Reference value :  3.03825e-08
 Reference value :  3.04025e-08
 Reference value :  3.04275e-08
 Reference value :  3.04475e-08
 Reference value :  3.04625e-08
 Reference value :  3.04875e-08
 Reference value :  3.05125e-08
 Reference value :  3.05375e-08
 Reference value :  3.05575e-08
 Reference value :  3.05775e-08
 Reference value :  3.06025e-08
 Reference value :  3.06225e-08
 Reference value :  3.06425e-08
 Reference value :  3.06675e-08
 Reference value :  3.06925e-08
 Reference value :  3.07125e-08
 Reference value :  3.07375e-08
 Reference value :  3.07575e-08
 Reference value :  3.07775e-08
 Reference value :  3.07925e-08
 Reference value :  3.08075e-08
 Reference value :  3.08225e-08
 Reference value :  3.08425e-08
 Reference value :  3.08625e-08
 Reference value :  3.08875e-08
 Reference value :  3.09075e-08
 Reference value :  3.09325e-08
 Reference value :  3.09525e-08
 Reference value :  3.09775e-08
 Reference value :  3.10025e-08
 Reference value :  3.10225e-08
 Reference value :  3.10425e-08
 Reference value :  3.10575e-08
 Reference value :  3.10725e-08
 Reference value :  3.10875e-08
 Reference value :  3.11075e-08
 Reference value :  3.11275e-08
 Reference value :  3.11475e-08
 Reference value :  3.11675e-08
 Reference value :  3.11875e-08
 Reference value :  3.12025e-08
 Reference value :  3.12175e-08
 Reference value :  3.12325e-08
 Reference value :  3.12525e-08
 Reference value :  3.12775e-08
 Reference value :  3.13025e-08
 Reference value :  3.13225e-08
 Reference value :  3.13425e-08
 Reference value :  3.13575e-08
 Reference value :  3.13725e-08
 Reference value :  3.13875e-08
 Reference value :  3.14075e-08
 Reference value :  3.14275e-08
 Reference value :  3.14475e-08
 Reference value :  3.14625e-08
 Reference value :  3.14825e-08
 Reference value :  3.14975e-08
 Reference value :  3.15175e-08
 Reference value :  3.15375e-08
 Reference value :  3.15575e-08
 Reference value :  3.15725e-08
 Reference value :  3.15925e-08
 Reference value :  3.16075e-08
 Reference value :  3.16225e-08
 Reference value :  3.16425e-08
 Reference value :  3.16625e-08
 Reference value :  3.16825e-08
 Reference value :  3.17025e-08
 Reference value :  3.17275e-08
 Reference value :  3.17475e-08
 Reference value :  3.17675e-08
 Reference value :  3.17875e-08
 Reference value :  3.18075e-08
 Reference value :  3.18325e-08
 Reference value :  3.18525e-08
 Reference value :  3.18775e-08
 Reference value :  3.18975e-08
 Reference value :  3.19225e-08
 Reference value :  3.19425e-08
 Reference value :  3.19625e-08
 Reference value :  3.19775e-08
 Reference value :  3.19975e-08
 Reference value :  3.20225e-08
 Reference value :  3.20425e-08
 Reference value :  3.20675e-08
 Reference value :  3.20875e-08
 Reference value :  3.21075e-08
 Reference value :  3.21325e-08
 Reference value :  3.21525e-08
 Reference value :  3.21675e-08
 Reference value :  3.21875e-08
 Reference value :  3.22025e-08
 Reference value :  3.22225e-08
 Reference value :  3.22425e-08
 Reference value :  3.22575e-08
 Reference value :  3.22775e-08
 Reference value :  3.22925e-08
 Reference value :  3.23175e-08
 Reference value :  3.23375e-08
 Reference value :  3.23575e-08
 Reference value :  3.23775e-08
 Reference value :  3.24025e-08
 Reference value :  3.24225e-08
 Reference value :  3.24375e-08
 Reference value :  3.24525e-08
 Reference value :  3.24675e-08
 Reference value :  3.24875e-08
 Reference value :  3.25025e-08
 Reference value :  3.25275e-08
 Reference value :  3.25525e-08
 Reference value :  3.25775e-08
 Reference value :  3.25975e-08
 Reference value :  3.26225e-08
 Reference value :  3.26425e-08
 Reference value :  3.26675e-08
 Reference value :  3.26925e-08
 Reference value :  3.27125e-08
 Reference value :  3.27325e-08
 Reference value :  3.27525e-08
 Reference value :  3.27725e-08
 Reference value :  3.27925e-08
 Reference value :  3.28125e-08
 Reference value :  3.28325e-08
 Reference value :  3.28575e-08
 Reference value :  3.28775e-08
 Reference value :  3.29025e-08
 Reference value :  3.29275e-08
 Reference value :  3.29475e-08
 Reference value :  3.29725e-08
 Reference value :  3.29925e-08
 Reference value :  3.30125e-08
 Reference value :  3.30325e-08
 Reference value :  3.30525e-08
 Reference value :  3.30725e-08
 Reference value :  3.30925e-08
 Reference value :  3.31175e-08
 Reference value :  3.31425e-08
 Reference value :  3.31625e-08
 Reference value :  3.31875e-08
 Reference value :  3.32125e-08
 Reference value :  3.32325e-08
 Reference value :  3.32525e-08
 Reference value :  3.32775e-08
 Reference value :  3.33025e-08
 Reference value :  3.33275e-08
 Reference value :  3.33425e-08
 Reference value :  3.33575e-08
 Reference value :  3.33725e-08
 Reference value :  3.33875e-08
 Reference value :  3.34075e-08
 Reference value :  3.34275e-08
 Reference value :  3.34525e-08
 Reference value :  3.34775e-08
 Reference value :  3.34975e-08
 Reference value :  3.35225e-08
 Reference value :  3.35425e-08
 Reference value :  3.35625e-08
 Reference value :  3.35825e-08
 Reference value :  3.36025e-08
 Reference value :  3.36275e-08
 Reference value :  3.36525e-08
 Reference value :  3.36775e-08
 Reference value :  3.36975e-08
 Reference value :  3.37225e-08
 Reference value :  3.37475e-08
 Reference value :  3.37675e-08
 Reference value :  3.37875e-08
 Reference value :  3.38075e-08
 Reference value :  3.38275e-08
 Reference value :  3.38475e-08
 Reference value :  3.38675e-08
 Reference value :  3.38875e-08
 Reference value :  3.39075e-08
 Reference value :  3.39325e-08
 Reference value :  3.39525e-08
 Reference value :  3.39775e-08
 Reference value :  3.39975e-08
 Reference value :  3.40225e-08
 Reference value :  3.40425e-08
 Reference value :  3.40625e-08
 Reference value :  3.40825e-08
 Reference value :  3.41025e-08
 Reference value :  3.41225e-08
 Reference value :  3.41425e-08
 Reference value :  3.41625e-08
 Reference value :  3.41825e-08
 Reference value :  3.42075e-08
 Reference value :  3.42325e-08
 Reference value :  3.42475e-08
 Reference value :  3.42725e-08
 Reference value :  3.42925e-08
 Reference value :  3.43175e-08
 Reference value :  3.43425e-08
 Reference value :  3.43675e-08
 Reference value :  3.43925e-08
 Reference value :  3.44125e-08
 Reference value :  3.44375e-08
 Reference value :  3.44625e-08
 Reference value :  3.44875e-08
 Reference value :  3.45125e-08
 Reference value :  3.45375e-08
 Reference value :  3.45575e-08
 Reference value :  3.45725e-08
 Reference value :  3.45925e-08
 Reference value :  3.46125e-08
 Reference value :  3.46325e-08
 Reference value :  3.46575e-08
 Reference value :  3.46775e-08
 Reference value :  3.46975e-08
 Reference value :  3.47175e-08
 Reference value :  3.47375e-08
 Reference value :  3.47525e-08
 Reference value :  3.47725e-08
 Reference value :  3.47975e-08
 Reference value :  3.48225e-08
 Reference value :  3.48475e-08
 Reference value :  3.48625e-08
 Reference value :  3.48825e-08
 Reference value :  3.49075e-08
 Reference value :  3.49325e-08
 Reference value :  3.49575e-08
 Reference value :  3.49775e-08
 Reference value :  3.49925e-08
 Reference value :  3.50075e-08
 Reference value :  3.50275e-08
 Reference value :  3.50475e-08
 Reference value :  3.50625e-08
 Reference value :  3.50875e-08
 Reference value :  3.51075e-08
 Reference value :  3.51275e-08
 Reference value :  3.51475e-08
 Reference value :  3.51725e-08
 Reference value :  3.51925e-08
 Reference value :  3.52075e-08
 Reference value :  3.52275e-08
 Reference value :  3.52525e-08
 Reference value :  3.52725e-08
 Reference value :  3.52925e-08
 Reference value :  3.53125e-08
 Reference value :  3.53325e-08
 Reference value :  3.53525e-08
 Reference value :  3.53725e-08
 Reference value :  3.53925e-08
 Reference value :  3.54125e-08
 Reference value :  3.54375e-08
 Reference value :  3.54575e-08
 Reference value :  3.54775e-08
 Reference value :  3.54975e-08
 Reference value :  3.55225e-08
 Reference value :  3.55425e-08
 Reference value :  3.55675e-08
 Reference value :  3.55925e-08
 Reference value :  3.56125e-08
 Reference value :  3.56325e-08
 Reference value :  3.56625e-08
 Reference value :  3.56825e-08
 Reference value :  3.57075e-08
 Reference value :  3.57325e-08
 Reference value :  3.57525e-08
 Reference value :  3.57725e-08
 Reference value :  3.57925e-08
 Reference value :  3.58125e-08
 Reference value :  3.58325e-08
 Reference value :  3.58525e-08
 Reference value :  3.58725e-08
 Reference value :  3.58925e-08
 Reference value :  3.59125e-08
 Reference value :  3.59325e-08
 Reference value :  3.59525e-08
 Reference value :  3.59725e-08
 Reference value :  3.59925e-08
 Reference value :  3.60125e-08
 Reference value :  3.60275e-08
 Reference value :  3.60425e-08
 Reference value :  3.60625e-08
 Reference value :  3.60875e-08
 Reference value :  3.61075e-08
 Reference value :  3.61275e-08
 Reference value :  3.61475e-08
 Reference value :  3.61675e-08
 Reference value :  3.61925e-08
 Reference value :  3.62125e-08
 Reference value :  3.62325e-08
 Reference value :  3.62575e-08
 Reference value :  3.62725e-08
 Reference value :  3.62925e-08
 Reference value :  3.63125e-08
 Reference value :  3.63325e-08
 Reference value :  3.63525e-08
 Reference value :  3.63675e-08
 Reference value :  3.63825e-08
 Reference value :  3.64025e-08
 Reference value :  3.64225e-08
 Reference value :  3.64375e-08
 Reference value :  3.64575e-08
 Reference value :  3.64825e-08
 Reference value :  3.65025e-08
 Reference value :  3.65175e-08
 Reference value :  3.65325e-08
 Reference value :  3.65525e-08
 Reference value :  3.65725e-08
 Reference value :  3.65975e-08
 Reference value :  3.66225e-08
 Reference value :  3.66475e-08
 Reference value :  3.66675e-08
 Reference value :  3.66925e-08
 Reference value :  3.67125e-08
 Reference value :  3.67325e-08
 Reference value :  3.67575e-08
 Reference value :  3.67775e-08
 Reference value :  3.67975e-08
 Reference value :  3.68225e-08
 Reference value :  3.68475e-08
 Reference value :  3.68675e-08
 Reference value :  3.68875e-08
 Reference value :  3.69075e-08
 Reference value :  3.69275e-08
 Reference value :  3.69525e-08
 Reference value :  3.69775e-08
 Reference value :  3.69975e-08
 Reference value :  3.70125e-08
 Reference value :  3.70325e-08
 Reference value :  3.70525e-08
 Reference value :  3.70725e-08
 Reference value :  3.70925e-08
 Reference value :  3.71125e-08
 Reference value :  3.71325e-08
 Reference value :  3.71525e-08
 Reference value :  3.71725e-08
 Reference value :  3.71925e-08
 Reference value :  3.72125e-08
 Reference value :  3.72325e-08
 Reference value :  3.72525e-08
 Reference value :  3.72725e-08
 Reference value :  3.72925e-08
 Reference value :  3.73125e-08
 Reference value :  3.73325e-08
 Reference value :  3.73575e-08
 Reference value :  3.73825e-08
 Reference value :  3.74075e-08
 Reference value :  3.74275e-08
 Reference value :  3.74525e-08
 Reference value :  3.74725e-08
 Reference value :  3.74925e-08
 Reference value :  3.75125e-08
 Reference value :  3.75325e-08
 Reference value :  3.75525e-08
 Reference value :  3.75725e-08
 Reference value :  3.75925e-08
 Reference value :  3.76125e-08
 Reference value :  3.76325e-08
 Reference value :  3.76575e-08
 Reference value :  3.76775e-08
 Reference value :  3.76975e-08
 Reference value :  3.77175e-08
 Reference value :  3.77375e-08
 Reference value :  3.77625e-08
 Reference value :  3.77825e-08
 Reference value :  3.78075e-08
 Reference value :  3.78275e-08
 Reference value :  3.78475e-08
 Reference value :  3.78675e-08
 Reference value :  3.78875e-08
 Reference value :  3.79125e-08
 Reference value :  3.79375e-08
 Reference value :  3.79625e-08
 Reference value :  3.79825e-08
 Reference value :  3.80075e-08
 Reference value :  3.80225e-08
 Reference value :  3.80425e-08
 Reference value :  3.80675e-08
 Reference value :  3.80875e-08
 Reference value :  3.81075e-08
 Reference value :  3.81275e-08
 Reference value :  3.81425e-08
 Reference value :  3.81625e-08
 Reference value :  3.81775e-08
 Reference value :  3.81925e-08
 Reference value :  3.82075e-08
 Reference value :  3.82325e-08
 Reference value :  3.82575e-08
 Reference value :  3.82775e-08
 Reference value :  3.82975e-08
 Reference value :  3.83175e-08
 Reference value :  3.83375e-08
 Reference value :  3.83575e-08
 Reference value :  3.83775e-08
 Reference value :  3.83975e-08
 Reference value :  3.84175e-08
 Reference value :  3.84425e-08
 Reference value :  3.84625e-08
 Reference value :  3.84875e-08
 Reference value :  3.85125e-08
 Reference value :  3.85425e-08
 Reference value :  3.85575e-08
 Reference value :  3.85725e-08
 Reference value :  3.85875e-08
 Reference value :  3.86075e-08
 Reference value :  3.86225e-08
 Reference value :  3.86475e-08
 Reference value :  3.86725e-08
 Reference value :  3.86975e-08
 Reference value :  3.87175e-08
 Reference value :  3.87375e-08
 Reference value :  3.87575e-08
 Reference value :  3.87775e-08
 Reference value :  3.87975e-08
 Reference value :  3.88125e-08
 Reference value :  3.88375e-08
 Reference value :  3.88575e-08
 Reference value :  3.88775e-08
 Reference value :  3.88975e-08
 Reference value :  3.89175e-08
 Reference value :  3.89375e-08
 Reference value :  3.89525e-08
 Reference value :  3.89675e-08
 Reference value :  3.89875e-08
 Reference value :  3.90075e-08
 Reference value :  3.90325e-08
 Reference value :  3.90525e-08
 Reference value :  3.90675e-08
 Reference value :  3.90825e-08
 Reference value :  3.91025e-08
 Reference value :  3.93325e-08
 Reference value :  3.93525e-08
 Reference value :  3.93675e-08
 Reference value :  3.93875e-08
 Reference value :  3.94075e-08
 Reference value :  3.94275e-08
 Reference value :  3.94525e-08
 Reference value :  3.94725e-08
 Reference value :  3.95525e-08
 Reference value :  3.95725e-08
 Reference value :  3.95925e-08
 Reference value :  3.96125e-08
 Reference value :  3.96325e-08
 Reference value :  3.96525e-08
 Reference value :  3.96725e-08
 Reference value :  3.96925e-08
 Reference value :  3.97125e-08
 Reference value :  3.97325e-08
 Reference value :  3.97525e-08
 Reference value :  3.97725e-08
 Reference value :  3.97925e-08
 Reference value :  3.98125e-08
 Reference value :  3.98325e-08
 Reference value :  3.98525e-08
 Reference value :  3.98775e-08
 Reference value :  3.98975e-08
 Reference value :  3.99175e-08
 Reference value :  3.99425e-08
 Reference value :  3.99625e-08
 Reference value :  3.99775e-08
 Reference value :  3.99975e-08
 Reference value :  4.00175e-08
 Reference value :  4.00375e-08
 Reference value :  4.00575e-08
 Reference value :  4.00775e-08
 Reference value :  4.00975e-08
 Reference value :  4.01175e-08
 Reference value :  4.01375e-08
 Reference value :  4.01625e-08
 Reference value :  4.01875e-08
 Reference value :  4.02125e-08
 Reference value :  4.02275e-08
 Reference value :  4.02425e-08
 Reference value :  4.02675e-08
 Reference value :  4.02875e-08
 Reference value :  4.03075e-08
 Reference value :  4.03325e-08
 Reference value :  4.03525e-08
 Reference value :  4.03725e-08
 Reference value :  4.05425e-08
 Reference value :  4.05575e-08
 Reference value :  4.05775e-08
 Reference value :  4.05975e-08
 Reference value :  4.06175e-08
 Reference value :  4.06375e-08
 Reference value :  4.06575e-08
 Reference value :  4.06775e-08
 Reference value :  4.06975e-08
 Reference value :  4.07175e-08
 Reference value :  4.07375e-08
 Reference value :  4.07575e-08
 Reference value :  4.07725e-08
 Reference value :  4.07925e-08
 Reference value :  4.08175e-08
 Reference value :  4.08375e-08
 Reference value :  4.08575e-08
 Reference value :  4.08825e-08
 Reference value :  4.09025e-08
 Reference value :  4.09275e-08
 Reference value :  4.09525e-08
 Reference value :  4.09775e-08
 Reference value :  4.09975e-08
 Reference value :  4.10175e-08
 Reference value :  4.10375e-08
 Reference value :  4.10575e-08
 Reference value :  4.10775e-08
 Reference value :  4.10925e-08
 Reference value :  4.11125e-08
 Reference value :  4.11325e-08
 Reference value :  4.11575e-08
 Reference value :  4.11775e-08
 Reference value :  4.11925e-08
 Reference value :  4.12125e-08
 Reference value :  4.12275e-08
 Reference value :  4.12425e-08
 Reference value :  4.12675e-08
 Reference value :  4.12925e-08
 Reference value :  4.13125e-08
 Reference value :  4.13275e-08
 Reference value :  4.13525e-08
 Reference value :  4.13725e-08
 Reference value :  4.13875e-08
 Reference value :  4.14025e-08
 Reference value :  4.14225e-08
 Reference value :  4.14475e-08
 Reference value :  4.14725e-08
 Reference value :  4.14925e-08
 Reference value :  4.15125e-08
 Reference value :  4.15375e-08
 Reference value :  4.15625e-08
 Reference value :  4.15825e-08
 Reference value :  4.16025e-08
 Reference value :  4.16275e-08
 Reference value :  4.16475e-08
 Reference value :  4.16725e-08
 Reference value :  4.16975e-08
 Reference value :  4.17175e-08
 Reference value :  4.17375e-08
 Reference value :  4.17525e-08
 Reference value :  4.17775e-08
 Reference value :  4.18025e-08
 Reference value :  4.18225e-08
 Reference value :  4.18425e-08
 Reference value :  4.18675e-08
 Reference value :  4.18875e-08
 Reference value :  4.19125e-08
 Reference value :  4.19325e-08
 Reference value :  4.19525e-08
 Reference value :  4.19775e-08
 Reference value :  4.20025e-08
 Reference value :  4.20275e-08
 Reference value :  4.20525e-08
 Reference value :  4.20725e-08
 Reference value :  4.20875e-08
 Reference value :  4.21075e-08
 Reference value :  4.21275e-08
 Reference value :  4.21475e-08
 Reference value :  4.21625e-08
 Reference value :  4.21875e-08
 Reference value :  4.22075e-08
 Reference value :  4.22325e-08
 Reference value :  4.22525e-08
 Reference value :  4.22675e-08
 Reference value :  4.22875e-08
 Reference value :  4.23075e-08
 Reference value :  4.23325e-08
 Reference value :  4.23525e-08
 Reference value :  4.23775e-08
 Reference value :  4.23975e-08
 Reference value :  4.24125e-08
 Reference value :  4.24325e-08
 Reference value :  4.24475e-08
 Reference value :  4.24625e-08
 Reference value :  4.24825e-08
 Reference value :  4.24975e-08
 Reference value :  4.25125e-08
 Reference value :  4.25275e-08
 Reference value :  4.25475e-08
 Reference value :  4.25675e-08
 Reference value :  4.25875e-08
 Reference value :  4.26075e-08
 Reference value :  4.26275e-08
 Reference value :  4.26475e-08
 Reference value :  4.26675e-08
 Reference value :  4.26875e-08
 Reference value :  4.27075e-08
 Reference value :  4.27275e-08
 Reference value :  4.27475e-08
 Reference value :  4.27675e-08
 Reference value :  4.27925e-08
 Reference value :  4.28125e-08
 Reference value :  4.28325e-08
 Reference value :  4.28525e-08
 Reference value :  4.28725e-08
 Reference value :  4.28975e-08
 Reference value :  4.29175e-08
 Reference value :  4.29375e-08
 Reference value :  4.29625e-08
 Reference value :  4.29825e-08
 Reference value :  4.30075e-08
 Reference value :  4.30275e-08
 Reference value :  4.30475e-08
 Reference value :  4.30675e-08
 Reference value :  4.30875e-08
 Reference value :  4.31125e-08
 Reference value :  4.31375e-08
 Reference value :  4.31575e-08
 Reference value :  4.31775e-08
 Reference value :  4.32025e-08
 Reference value :  4.32175e-08
 Reference value :  4.32375e-08
 Reference value :  4.32575e-08
 Reference value :  4.32725e-08
 Reference value :  4.32925e-08
 Reference value :  4.33175e-08
 Reference value :  4.33375e-08
 Reference value :  4.33575e-08
 Reference value :  4.33825e-08
 Reference value :  4.34025e-08
 Reference value :  4.34175e-08
 Reference value :  4.34375e-08
 Reference value :  4.34575e-08
 Reference value :  4.34775e-08
 Reference value :  4.34975e-08
 Reference value :  4.35175e-08
 Reference value :  4.35375e-08
 Reference value :  4.35625e-08
 Reference value :  4.35825e-08
 Reference value :  4.35975e-08
 Reference value :  4.36175e-08
 Reference value :  4.36375e-08
 Reference value :  4.36525e-08
 Reference value :  4.36775e-08
 Reference value :  4.36975e-08
 Reference value :  4.37175e-08
 Reference value :  4.37425e-08
 Reference value :  4.37675e-08
 Reference value :  4.37875e-08
 Reference value :  4.38025e-08
 Reference value :  4.38225e-08
 Reference value :  4.38375e-08
 Reference value :  4.38575e-08
 Reference value :  4.38725e-08
 Reference value :  4.38875e-08
 Reference value :  4.39025e-08
 Reference value :  4.39175e-08
 Reference value :  4.39325e-08
 Reference value :  4.39525e-08
 Reference value :  4.39675e-08
 Reference value :  4.39825e-08
 Reference value :  4.40025e-08
 Reference value :  4.40175e-08
 Reference value :  4.40375e-08
 Reference value :  4.40575e-08
 Reference value :  4.40775e-08
 Reference value :  4.41025e-08
 Reference value :  4.41275e-08
 Reference value :  4.41475e-08
 Reference value :  4.41675e-08
 Reference value :  4.41875e-08
 Reference value :  4.42075e-08
 Reference value :  4.42275e-08
 Reference value :  4.42475e-08
 Reference value :  4.42675e-08
 Reference value :  4.42825e-08
 Reference value :  4.43025e-08
 Reference value :  4.43275e-08
 Reference value :  4.43475e-08
 Reference value :  4.43675e-08
 Reference value :  4.43875e-08
 Reference value :  4.44125e-08
 Reference value :  4.44325e-08
 Reference value :  4.44525e-08
 Reference value :  4.44675e-08
 Reference value :  4.44875e-08
 Reference value :  4.45075e-08
 Reference value :  4.45275e-08
 Reference value :  4.45475e-08
 Reference value :  4.45675e-08
 Reference value :  4.45875e-08
 Reference value :  4.46075e-08
 Reference value :  4.46275e-08
 Reference value :  4.46475e-08
 Reference value :  4.46625e-08
 Reference value :  4.46825e-08
 Reference value :  4.47075e-08
 Reference value :  4.47275e-08
 Reference value :  4.47475e-08
 Reference value :  4.47675e-08
 Reference value :  4.47875e-08
 Reference value :  4.48125e-08
 Reference value :  4.48275e-08
 Reference value :  4.48475e-08
 Reference value :  4.48675e-08
 Reference value :  4.48875e-08
 Reference value :  4.49075e-08
 Reference value :  4.49275e-08
 Reference value :  4.49475e-08
 Reference value :  4.49675e-08
 Reference value :  4.49875e-08
 Reference value :  4.50075e-08
 Reference value :  4.50275e-08
 Reference value :  4.50475e-08
 Reference value :  4.50675e-08
No. of Data Rows : 9034
Note: Simulation executed from .control section 
