
Note: Compatibility modes selected: hs a


Circuit: * comparator-decision regen-time sweep -- vindiff=50mv corner=ss temp=-40.0c (issue #9)

option SCALE: Scale is set to 1e-06 for instance and model parameters
option SCALE: Scale is set to 1e-06 for instance and model parameters
option SCALE: Scale is set to 1e-06 for instance and model parameters
option SCALE: Scale is set to 1e-06 for instance and model parameters
Doing analysis at TEMP = -40.000000 and TNOM = 27.000000

Using KLU as Direct Linear Solver
 Reference value :  0.00000e+00
 Reference value :  4.00000e-13
 Reference value :  6.40000e-12
 Reference value :  2.64000e-11
 Reference value :  4.64000e-11
 Reference value :  6.64000e-11
 Reference value :  8.64000e-11
 Reference value :  1.06400e-10
 Reference value :  1.26400e-10
 Reference value :  1.46400e-10
 Reference value :  1.66400e-10
 Reference value :  1.86400e-10
 Reference value :  2.06400e-10
 Reference value :  2.26400e-10
 Reference value :  2.46400e-10
 Reference value :  2.66400e-10
 Reference value :  2.86400e-10
 Reference value :  3.06400e-10
 Reference value :  3.26400e-10
 Reference value :  3.46400e-10
 Reference value :  3.66400e-10
 Reference value :  3.86400e-10
 Reference value :  4.06400e-10
 Reference value :  4.26400e-10
 Reference value :  4.56400e-10
 Reference value :  4.76400e-10
 Reference value :  4.96400e-10
 Reference value :  5.16400e-10
 Reference value :  5.31400e-10
 Reference value :  5.51400e-10
 Reference value :  5.66400e-10
 Reference value :  5.86400e-10
 Reference value :  6.06400e-10
 Reference value :  6.26400e-10
 Reference value :  6.46400e-10
 Reference value :  6.66400e-10
 Reference value :  6.81400e-10
 Reference value :  7.01400e-10
 Reference value :  7.21400e-10
 Reference value :  7.36400e-10
 Reference value :  7.56400e-10
 Reference value :  7.76400e-10
 Reference value :  7.96400e-10
 Reference value :  8.16400e-10
 Reference value :  8.36400e-10
 Reference value :  8.61400e-10
 Reference value :  8.86400e-10
 Reference value :  9.06400e-10
 Reference value :  9.31400e-10
 Reference value :  9.51400e-10
 Reference value :  9.76400e-10
 Reference value :  1.00140e-09
 Reference value :  1.02140e-09
 Reference value :  1.04140e-09
 Reference value :  1.05640e-09
 Reference value :  1.07640e-09
 Reference value :  1.09640e-09
 Reference value :  1.11140e-09
 Reference value :  1.12640e-09
 Reference value :  1.15140e-09
 Reference value :  1.17140e-09
 Reference value :  1.19140e-09
 Reference value :  1.21140e-09
 Reference value :  1.22640e-09
 Reference value :  1.24640e-09
 Reference value :  1.26140e-09
 Reference value :  1.28640e-09
 Reference value :  1.30640e-09
 Reference value :  1.32640e-09
 Reference value :  1.34640e-09
 Reference value :  1.37140e-09
 Reference value :  1.39140e-09
 Reference value :  1.41140e-09
 Reference value :  1.43640e-09
 Reference value :  1.45640e-09
 Reference value :  1.70140e-09
 Reference value :  1.72640e-09
 Reference value :  1.75140e-09
 Reference value :  1.77640e-09
 Reference value :  1.79640e-09
 Reference value :  1.81640e-09
 Reference value :  1.83640e-09
 Reference value :  1.85640e-09
 Reference value :  1.88140e-09
 Reference value :  1.90140e-09
 Reference value :  1.92140e-09
 Reference value :  1.93640e-09
 Reference value :  1.95640e-09
 Reference value :  1.97640e-09
 Reference value :  2.00140e-09
 Reference value :  2.02140e-09
 Reference value :  2.04140e-09
 Reference value :  2.05640e-09
 Reference value :  2.07640e-09
 Reference value :  2.09640e-09
 Reference value :  2.11640e-09
 Reference value :  2.13640e-09
 Reference value :  2.16140e-09
 Reference value :  2.18140e-09
 Reference value :  2.20140e-09
 Reference value :  2.22140e-09
 Reference value :  2.23640e-09
 Reference value :  2.25140e-09
 Reference value :  2.26640e-09
 Reference value :  2.28140e-09
 Reference value :  2.30140e-09
 Reference value :  2.32140e-09
 Reference value :  2.34640e-09
 Reference value :  2.37140e-09
 Reference value :  2.39140e-09
 Reference value :  2.41640e-09
 Reference value :  2.43640e-09
 Reference value :  2.45640e-09
 Reference value :  2.47640e-09
 Reference value :  2.50140e-09
 Reference value :  2.52140e-09
 Reference value :  2.53640e-09
 Reference value :  2.55140e-09
 Reference value :  2.56640e-09
 Reference value :  2.58140e-09
 Reference value :  2.59640e-09
 Reference value :  2.61140e-09
 Reference value :  2.62640e-09
 Reference value :  2.64640e-09
 Reference value :  2.66640e-09
 Reference value :  2.69140e-09
 Reference value :  2.71140e-09
 Reference value :  2.73640e-09
 Reference value :  2.76140e-09
 Reference value :  2.78140e-09
 Reference value :  2.80140e-09
 Reference value :  2.82140e-09
 Reference value :  2.83640e-09
 Reference value :  2.85140e-09
 Reference value :  2.87140e-09
 Reference value :  2.89640e-09
 Reference value :  2.91640e-09
 Reference value :  2.93640e-09
 Reference value :  2.95640e-09
 Reference value :  2.97640e-09
 Reference value :  2.99640e-09
 Reference value :  3.01640e-09
 Reference value :  3.04140e-09
 Reference value :  3.06140e-09
 Reference value :  3.08140e-09
 Reference value :  3.10140e-09
 Reference value :  3.12140e-09
 Reference value :  3.14140e-09
 Reference value :  3.16140e-09
 Reference value :  3.18140e-09
 Reference value :  3.19640e-09
 Reference value :  3.21140e-09
 Reference value :  3.23140e-09
 Reference value :  3.24640e-09
 Reference value :  3.26140e-09
 Reference value :  3.27640e-09
 Reference value :  3.29640e-09
 Reference value :  3.32140e-09
 Reference value :  3.34640e-09
 Reference value :  3.37140e-09
 Reference value :  3.39640e-09
 Reference value :  3.42140e-09
 Reference value :  3.44640e-09
 Reference value :  3.47140e-09
 Reference value :  3.49640e-09
 Reference value :  3.52140e-09
 Reference value :  3.53640e-09
 Reference value :  3.55640e-09
 Reference value :  3.57640e-09
 Reference value :  3.60140e-09
 Reference value :  3.61640e-09
 Reference value :  3.63640e-09
 Reference value :  3.66140e-09
 Reference value :  3.68140e-09
 Reference value :  3.69640e-09
 Reference value :  3.71640e-09
 Reference value :  3.73140e-09
 Reference value :  3.75640e-09
 Reference value :  3.77640e-09
 Reference value :  3.79640e-09
 Reference value :  3.81640e-09
 Reference value :  3.83640e-09
 Reference value :  3.86140e-09
 Reference value :  3.88640e-09
 Reference value :  3.90640e-09
 Reference value :  3.93140e-09
 Reference value :  3.95640e-09
 Reference value :  3.98140e-09
 Reference value :  4.00640e-09
 Reference value :  4.02640e-09
 Reference value :  4.05140e-09
 Reference value :  4.07140e-09
 Reference value :  4.09140e-09
 Reference value :  4.11140e-09
 Reference value :  4.13640e-09
 Reference value :  4.15640e-09
 Reference value :  4.17640e-09
 Reference value :  4.19640e-09
 Reference value :  4.22140e-09
 Reference value :  4.24140e-09
 Reference value :  4.25640e-09
 Reference value :  4.27640e-09
 Reference value :  4.29640e-09
 Reference value :  4.32140e-09
 Reference value :  4.34640e-09
 Reference value :  4.36640e-09
 Reference value :  4.38640e-09
 Reference value :  4.40140e-09
 Reference value :  4.41640e-09
 Reference value :  4.43640e-09
 Reference value :  4.46140e-09
 Reference value :  4.47640e-09
 Reference value :  4.49140e-09
 Reference value :  4.51140e-09
 Reference value :  4.52640e-09
 Reference value :  4.54640e-09
 Reference value :  4.56640e-09
 Reference value :  4.75140e-09
 Reference value :  4.77140e-09
 Reference value :  4.79140e-09
 Reference value :  4.80640e-09
 Reference value :  4.82640e-09
 Reference value :  4.85140e-09
 Reference value :  4.87140e-09
 Reference value :  4.89140e-09
 Reference value :  4.91140e-09
 Reference value :  4.93640e-09
 Reference value :  4.96140e-09
 Reference value :  4.98640e-09
 Reference value :  5.00050e-09
 Reference value :  5.01250e-09
 Reference value :  5.03250e-09
 Reference value :  5.05250e-09
 Reference value :  5.07250e-09
 Reference value :  5.09250e-09
 Reference value :  5.10150e-09
 Reference value :  5.11750e-09
 Reference value :  5.13750e-09
 Reference value :  5.15750e-09
 Reference value :  5.17250e-09
 Reference value :  5.18750e-09
 Reference value :  5.20250e-09
 Reference value :  5.22750e-09
 Reference value :  5.24750e-09
 Reference value :  5.26750e-09
 Reference value :  5.28250e-09
 Reference value :  5.30250e-09
 Reference value :  5.32750e-09
 Reference value :  5.35250e-09
 Reference value :  5.37250e-09
 Reference value :  5.38750e-09
 Reference value :  5.40250e-09
 Reference value :  5.42250e-09
 Reference value :  5.43750e-09
 Reference value :  5.45750e-09
 Reference value :  5.47750e-09
 Reference value :  5.49750e-09
 Reference value :  5.51250e-09
 Reference value :  5.53250e-09
 Reference value :  5.55250e-09
 Reference value :  5.57750e-09
 Reference value :  5.60250e-09
 Reference value :  5.61750e-09
 Reference value :  5.63750e-09
 Reference value :  5.65250e-09
 Reference value :  5.66750e-09
 Reference value :  5.68250e-09
 Reference value :  5.70250e-09
 Reference value :  5.71750e-09
 Reference value :  5.73750e-09
 Reference value :  5.75750e-09
 Reference value :  5.77750e-09
 Reference value :  5.79750e-09
 Reference value :  5.81750e-09
 Reference value :  5.83750e-09
 Reference value :  5.85750e-09
 Reference value :  5.87250e-09
 Reference value :  5.89250e-09
 Reference value :  5.91250e-09
 Reference value :  5.93250e-09
 Reference value :  5.95250e-09
 Reference value :  5.97250e-09
 Reference value :  5.99250e-09
 Reference value :  6.01250e-09
 Reference value :  6.03250e-09
 Reference value :  6.05250e-09
 Reference value :  6.07250e-09
 Reference value :  6.09250e-09
 Reference value :  6.11750e-09
 Reference value :  6.14250e-09
 Reference value :  6.16250e-09
 Reference value :  6.18250e-09
 Reference value :  6.20250e-09
 Reference value :  6.22250e-09
 Reference value :  6.24250e-09
 Reference value :  6.26250e-09
 Reference value :  6.28250e-09
 Reference value :  6.30250e-09
 Reference value :  6.32250e-09
 Reference value :  6.34750e-09
 Reference value :  6.36750e-09
 Reference value :  6.39250e-09
 Reference value :  6.41750e-09
 Reference value :  6.44250e-09
 Reference value :  6.46750e-09
 Reference value :  6.48750e-09
 Reference value :  6.50750e-09
 Reference value :  6.52750e-09
 Reference value :  6.55250e-09
 Reference value :  6.57250e-09
 Reference value :  6.58750e-09
 Reference value :  6.60250e-09
 Reference value :  6.61750e-09
 Reference value :  6.63250e-09
 Reference value :  6.64750e-09
 Reference value :  6.66750e-09
 Reference value :  6.68750e-09
 Reference value :  6.70750e-09
 Reference value :  6.72250e-09
 Reference value :  6.73750e-09
 Reference value :  6.75750e-09
 Reference value :  6.78250e-09
 Reference value :  6.80750e-09
 Reference value :  6.82750e-09
 Reference value :  6.84250e-09
 Reference value :  6.86250e-09
 Reference value :  6.88250e-09
 Reference value :  6.90250e-09
 Reference value :  6.92250e-09
 Reference value :  6.94750e-09
 Reference value :  6.97250e-09
 Reference value :  6.99250e-09
 Reference value :  7.01250e-09
 Reference value :  7.03250e-09
 Reference value :  7.05750e-09
 Reference value :  7.08250e-09
 Reference value :  7.10250e-09
 Reference value :  7.12250e-09
 Reference value :  7.14750e-09
 Reference value :  7.16250e-09
 Reference value :  7.18250e-09
 Reference value :  7.20250e-09
 Reference value :  7.22250e-09
 Reference value :  7.24250e-09
 Reference value :  7.26750e-09
 Reference value :  7.28750e-09
 Reference value :  7.31250e-09
 Reference value :  7.33750e-09
 Reference value :  7.35750e-09
 Reference value :  7.37750e-09
 Reference value :  7.39750e-09
 Reference value :  7.50750e-09
 Reference value :  7.52750e-09
 Reference value :  7.54750e-09
 Reference value :  7.56750e-09
 Reference value :  7.58750e-09
 Reference value :  7.61250e-09
 Reference value :  7.63250e-09
 Reference value :  7.65250e-09
 Reference value :  7.67250e-09
 Reference value :  7.69250e-09
 Reference value :  7.71250e-09
 Reference value :  7.72750e-09
 Reference value :  7.74750e-09
 Reference value :  7.77250e-09
 Reference value :  7.79750e-09
 Reference value :  7.81750e-09
 Reference value :  7.83250e-09
 Reference value :  7.85250e-09
 Reference value :  7.87750e-09
 Reference value :  7.90250e-09
 Reference value :  7.92250e-09
 Reference value :  7.94750e-09
 Reference value :  7.96750e-09
 Reference value :  7.98250e-09
 Reference value :  8.00250e-09
 Reference value :  8.02750e-09
 Reference value :  8.04750e-09
 Reference value :  8.07250e-09
 Reference value :  8.09750e-09
 Reference value :  8.12250e-09
 Reference value :  8.14250e-09
 Reference value :  8.16750e-09
 Reference value :  8.19250e-09
 Reference value :  8.21250e-09
 Reference value :  8.23250e-09
 Reference value :  8.25250e-09
 Reference value :  8.27250e-09
 Reference value :  8.29250e-09
 Reference value :  8.31250e-09
 Reference value :  8.32750e-09
 Reference value :  8.34750e-09
 Reference value :  8.36250e-09
 Reference value :  8.38750e-09
 Reference value :  8.40250e-09
 Reference value :  8.42750e-09
 Reference value :  8.44750e-09
 Reference value :  8.47250e-09
 Reference value :  8.49750e-09
 Reference value :  8.51750e-09
 Reference value :  8.53750e-09
 Reference value :  8.55750e-09
 Reference value :  8.58250e-09
 Reference value :  8.60250e-09
 Reference value :  8.61750e-09
 Reference value :  8.63750e-09
 Reference value :  8.66250e-09
 Reference value :  8.68750e-09
 Reference value :  8.71250e-09
 Reference value :  8.73250e-09
 Reference value :  8.75750e-09
 Reference value :  8.77750e-09
 Reference value :  8.79750e-09
 Reference value :  8.81750e-09
 Reference value :  8.84250e-09
 Reference value :  8.86250e-09
 Reference value :  8.88250e-09
 Reference value :  8.89750e-09
 Reference value :  8.92250e-09
 Reference value :  8.93750e-09
 Reference value :  8.95750e-09
 Reference value :  8.97250e-09
 Reference value :  8.99250e-09
 Reference value :  9.01250e-09
 Reference value :  9.03250e-09
 Reference value :  9.05250e-09
 Reference value :  9.07750e-09
 Reference value :  9.09750e-09
 Reference value :  9.12250e-09
 Reference value :  9.14250e-09
 Reference value :  9.15750e-09
 Reference value :  9.17250e-09
 Reference value :  9.18750e-09
 Reference value :  9.20250e-09
 Reference value :  9.22750e-09
 Reference value :  9.24750e-09
 Reference value :  9.26750e-09
 Reference value :  9.28750e-09
 Reference value :  9.30250e-09
 Reference value :  9.31750e-09
 Reference value :  9.33250e-09
 Reference value :  9.35250e-09
 Reference value :  9.37250e-09
 Reference value :  9.39750e-09
 Reference value :  9.41250e-09
 Reference value :  9.42750e-09
 Reference value :  9.44250e-09
 Reference value :  9.46250e-09
 Reference value :  9.48250e-09
 Reference value :  9.50250e-09
 Reference value :  9.52250e-09
 Reference value :  9.54250e-09
 Reference value :  9.55750e-09
 Reference value :  9.57250e-09
 Reference value :  9.58750e-09
 Reference value :  9.60250e-09
 Reference value :  9.61750e-09
 Reference value :  9.63250e-09
 Reference value :  9.65250e-09
 Reference value :  9.67250e-09
 Reference value :  9.69250e-09
 Reference value :  9.71250e-09
 Reference value :  9.73250e-09
 Reference value :  9.75750e-09
 Reference value :  9.77750e-09
 Reference value :  9.79750e-09
 Reference value :  9.82250e-09
 Reference value :  9.84750e-09
 Reference value :  9.86750e-09
 Reference value :  9.88250e-09
 Reference value :  9.90250e-09
 Reference value :  9.92250e-09
 Reference value :  9.94250e-09
 Reference value :  9.95750e-09
 Reference value :  9.97750e-09
 Reference value :  9.99750e-09
 Reference value :  1.00175e-08
 Reference value :  1.00375e-08
 Reference value :  1.00625e-08
 Reference value :  1.00875e-08
 Reference value :  1.01025e-08
 Reference value :  1.01225e-08
 Reference value :  1.01425e-08
 Reference value :  1.01625e-08
 Reference value :  1.01825e-08
 Reference value :  1.02025e-08
 Reference value :  1.02275e-08
 Reference value :  1.02475e-08
 Reference value :  1.02675e-08
 Reference value :  1.02875e-08
 Reference value :  1.03075e-08
 Reference value :  1.03225e-08
 Reference value :  1.03425e-08
 Reference value :  1.03625e-08
 Reference value :  1.03775e-08
 Reference value :  1.04075e-08
 Reference value :  1.04275e-08
 Reference value :  1.04475e-08
 Reference value :  1.04675e-08
 Reference value :  1.04875e-08
 Reference value :  1.05125e-08
 Reference value :  1.05325e-08
 Reference value :  1.05475e-08
 Reference value :  1.05725e-08
 Reference value :  1.05875e-08
 Reference value :  1.06025e-08
 Reference value :  1.06225e-08
 Reference value :  1.07375e-08
 Reference value :  1.07575e-08
 Reference value :  1.07775e-08
 Reference value :  1.07975e-08
 Reference value :  1.08175e-08
 Reference value :  1.08425e-08
 Reference value :  1.08625e-08
 Reference value :  1.08825e-08
 Reference value :  1.09075e-08
 Reference value :  1.09325e-08
 Reference value :  1.09575e-08
 Reference value :  1.09825e-08
 Reference value :  1.10075e-08
 Reference value :  1.10275e-08
 Reference value :  1.10475e-08
 Reference value :  1.10675e-08
 Reference value :  1.10875e-08
 Reference value :  1.11125e-08
 Reference value :  1.11275e-08
 Reference value :  1.11525e-08
 Reference value :  1.11775e-08
 Reference value :  1.11925e-08
 Reference value :  1.12125e-08
 Reference value :  1.12325e-08
 Reference value :  1.12525e-08
 Reference value :  1.12725e-08
 Reference value :  1.12875e-08
 Reference value :  1.13075e-08
 Reference value :  1.13325e-08
 Reference value :  1.13525e-08
 Reference value :  1.13725e-08
 Reference value :  1.13925e-08
 Reference value :  1.14175e-08
 Reference value :  1.14425e-08
 Reference value :  1.14625e-08
 Reference value :  1.14825e-08
 Reference value :  1.15025e-08
 Reference value :  1.15175e-08
 Reference value :  1.15375e-08
 Reference value :  1.15625e-08
 Reference value :  1.15825e-08
 Reference value :  1.16075e-08
 Reference value :  1.16225e-08
 Reference value :  1.16425e-08
 Reference value :  1.16675e-08
 Reference value :  1.16875e-08
 Reference value :  1.17075e-08
 Reference value :  1.17325e-08
 Reference value :  1.17575e-08
 Reference value :  1.17775e-08
 Reference value :  1.17975e-08
 Reference value :  1.18175e-08
 Reference value :  1.18325e-08
 Reference value :  1.18525e-08
 Reference value :  1.18725e-08
 Reference value :  1.18975e-08
 Reference value :  1.19175e-08
 Reference value :  1.19375e-08
 Reference value :  1.19575e-08
 Reference value :  1.19775e-08
 Reference value :  1.20025e-08
 Reference value :  1.20325e-08
 Reference value :  1.20575e-08
 Reference value :  1.20775e-08
 Reference value :  1.21025e-08
 Reference value :  1.21225e-08
 Reference value :  1.21425e-08
 Reference value :  1.21575e-08
 Reference value :  1.21775e-08
 Reference value :  1.21925e-08
 Reference value :  1.22125e-08
 Reference value :  1.22325e-08
 Reference value :  1.22575e-08
 Reference value :  1.22725e-08
 Reference value :  1.22875e-08
 Reference value :  1.23025e-08
 Reference value :  1.23175e-08
 Reference value :  1.23325e-08
 Reference value :  1.23525e-08
 Reference value :  1.23775e-08
 Reference value :  1.23975e-08
 Reference value :  1.24125e-08
 Reference value :  1.24325e-08
 Reference value :  1.24525e-08
 Reference value :  1.24775e-08
 Reference value :  1.25025e-08
 Reference value :  1.25275e-08
 Reference value :  1.25475e-08
 Reference value :  1.25675e-08
 Reference value :  1.25875e-08
 Reference value :  1.26075e-08
 Reference value :  1.26325e-08
 Reference value :  1.26525e-08
 Reference value :  1.26775e-08
 Reference value :  1.27025e-08
 Reference value :  1.27225e-08
 Reference value :  1.27425e-08
 Reference value :  1.27625e-08
 Reference value :  1.27875e-08
 Reference value :  1.28075e-08
 Reference value :  1.28325e-08
 Reference value :  1.28575e-08
 Reference value :  1.28825e-08
 Reference value :  1.29075e-08
 Reference value :  1.29275e-08
 Reference value :  1.29475e-08
 Reference value :  1.29675e-08
 Reference value :  1.29875e-08
 Reference value :  1.30075e-08
 Reference value :  1.30325e-08
 Reference value :  1.30525e-08
 Reference value :  1.30725e-08
 Reference value :  1.30975e-08
 Reference value :  1.31175e-08
 Reference value :  1.31375e-08
 Reference value :  1.31575e-08
 Reference value :  1.31725e-08
 Reference value :  1.31925e-08
 Reference value :  1.32125e-08
 Reference value :  1.32275e-08
 Reference value :  1.32475e-08
 Reference value :  1.32675e-08
 Reference value :  1.32925e-08
 Reference value :  1.33125e-08
 Reference value :  1.33325e-08
 Reference value :  1.33525e-08
 Reference value :  1.33725e-08
 Reference value :  1.33975e-08
 Reference value :  1.34225e-08
 Reference value :  1.34475e-08
 Reference value :  1.34675e-08
 Reference value :  1.34925e-08
 Reference value :  1.35125e-08
 Reference value :  1.35325e-08
 Reference value :  1.35525e-08
 Reference value :  1.35725e-08
 Reference value :  1.35925e-08
 Reference value :  1.36125e-08
 Reference value :  1.36375e-08
 Reference value :  1.36625e-08
 Reference value :  1.36825e-08
 Reference value :  1.37075e-08
 Reference value :  1.37325e-08
 Reference value :  1.37525e-08
 Reference value :  1.37725e-08
 Reference value :  1.37925e-08
 Reference value :  1.38125e-08
 Reference value :  1.38325e-08
 Reference value :  1.38525e-08
 Reference value :  1.38725e-08
 Reference value :  1.38975e-08
 Reference value :  1.39225e-08
 Reference value :  1.39375e-08
 Reference value :  1.39525e-08
 Reference value :  1.39725e-08
 Reference value :  1.39975e-08
 Reference value :  1.40175e-08
 Reference value :  1.40425e-08
 Reference value :  1.40575e-08
 Reference value :  1.40775e-08
 Reference value :  1.40975e-08
 Reference value :  1.41175e-08
 Reference value :  1.41425e-08
 Reference value :  1.41625e-08
 Reference value :  1.41775e-08
 Reference value :  1.41975e-08
 Reference value :  1.42175e-08
 Reference value :  1.42325e-08
 Reference value :  1.42525e-08
 Reference value :  1.42725e-08
 Reference value :  1.42925e-08
 Reference value :  1.43175e-08
 Reference value :  1.43375e-08
 Reference value :  1.43575e-08
 Reference value :  1.43775e-08
 Reference value :  1.43975e-08
 Reference value :  1.44175e-08
 Reference value :  1.44325e-08
 Reference value :  1.44525e-08
 Reference value :  1.44725e-08
 Reference value :  1.44925e-08
 Reference value :  1.45125e-08
 Reference value :  1.45375e-08
 Reference value :  1.45525e-08
 Reference value :  1.45675e-08
 Reference value :  1.45875e-08
 Reference value :  1.46075e-08
 Reference value :  1.46275e-08
 Reference value :  1.46525e-08
 Reference value :  1.46725e-08
 Reference value :  1.46925e-08
 Reference value :  1.47125e-08
 Reference value :  1.47325e-08
 Reference value :  1.47575e-08
 Reference value :  1.47775e-08
 Reference value :  1.47975e-08
 Reference value :  1.48125e-08
 Reference value :  1.48325e-08
 Reference value :  1.48575e-08
 Reference value :  1.48825e-08
 Reference value :  1.48975e-08
 Reference value :  1.49125e-08
 Reference value :  1.49325e-08
 Reference value :  1.49525e-08
 Reference value :  1.49725e-08
 Reference value :  1.49925e-08
 Reference value :  1.50125e-08
 Reference value :  1.50325e-08
 Reference value :  1.50525e-08
 Reference value :  1.50725e-08
 Reference value :  1.50925e-08
 Reference value :  1.51175e-08
 Reference value :  1.51425e-08
 Reference value :  1.51625e-08
 Reference value :  1.51825e-08
 Reference value :  1.51975e-08
 Reference value :  1.52225e-08
 Reference value :  1.52425e-08
 Reference value :  1.52625e-08
 Reference value :  1.52825e-08
 Reference value :  1.53025e-08
 Reference value :  1.53225e-08
 Reference value :  1.53425e-08
 Reference value :  1.53675e-08
 Reference value :  1.53875e-08
 Reference value :  1.54075e-08
 Reference value :  1.54275e-08
 Reference value :  1.54475e-08
 Reference value :  1.54675e-08
 Reference value :  1.54875e-08
 Reference value :  1.55125e-08
 Reference value :  1.55375e-08
 Reference value :  1.55575e-08
 Reference value :  1.55775e-08
 Reference value :  1.55975e-08
 Reference value :  1.56175e-08
 Reference value :  1.56425e-08
 Reference value :  1.56625e-08
 Reference value :  1.56875e-08
 Reference value :  1.57075e-08
 Reference value :  1.57275e-08
 Reference value :  1.57475e-08
 Reference value :  1.57625e-08
 Reference value :  1.57775e-08
 Reference value :  1.57925e-08
 Reference value :  1.58075e-08
 Reference value :  1.58225e-08
 Reference value :  1.58375e-08
 Reference value :  1.58575e-08
 Reference value :  1.58825e-08
 Reference value :  1.59075e-08
 Reference value :  1.59275e-08
 Reference value :  1.59525e-08
 Reference value :  1.59775e-08
 Reference value :  1.59975e-08
 Reference value :  1.60225e-08
 Reference value :  1.60375e-08
 Reference value :  1.60525e-08
 Reference value :  1.60675e-08
 Reference value :  1.60875e-08
 Reference value :  1.61075e-08
 Reference value :  1.61275e-08
 Reference value :  1.61525e-08
 Reference value :  1.61775e-08
 Reference value :  1.61975e-08
 Reference value :  1.62175e-08
 Reference value :  1.62375e-08
 Reference value :  1.62575e-08
 Reference value :  1.62825e-08
 Reference value :  1.63075e-08
 Reference value :  1.63275e-08
 Reference value :  1.63475e-08
 Reference value :  1.63625e-08
 Reference value :  1.63825e-08
 Reference value :  1.63975e-08
 Reference value :  1.64125e-08
 Reference value :  1.64325e-08
 Reference value :  1.64575e-08
 Reference value :  1.64775e-08
 Reference value :  1.64975e-08
 Reference value :  1.65175e-08
 Reference value :  1.65375e-08
 Reference value :  1.65625e-08
 Reference value :  1.65825e-08
 Reference value :  1.66025e-08
 Reference value :  1.66225e-08
 Reference value :  1.66425e-08
 Reference value :  1.66625e-08
 Reference value :  1.66825e-08
 Reference value :  1.67025e-08
 Reference value :  1.67225e-08
 Reference value :  1.67475e-08
 Reference value :  1.67675e-08
 Reference value :  1.67875e-08
 Reference value :  1.68075e-08
 Reference value :  1.68275e-08
 Reference value :  1.68525e-08
 Reference value :  1.68725e-08
 Reference value :  1.68925e-08
 Reference value :  1.69125e-08
 Reference value :  1.69325e-08
 Reference value :  1.69525e-08
 Reference value :  1.69675e-08
 Reference value :  1.69875e-08
 Reference value :  1.70075e-08
 Reference value :  1.70275e-08
 Reference value :  1.70475e-08
 Reference value :  1.70625e-08
 Reference value :  1.70775e-08
 Reference value :  1.70975e-08
 Reference value :  1.71225e-08
 Reference value :  1.71425e-08
 Reference value :  1.71625e-08
 Reference value :  1.71825e-08
 Reference value :  1.72075e-08
 Reference value :  1.72325e-08
 Reference value :  1.72525e-08
 Reference value :  1.72725e-08
 Reference value :  1.72875e-08
 Reference value :  1.73125e-08
 Reference value :  1.73325e-08
 Reference value :  1.73525e-08
 Reference value :  1.73725e-08
 Reference value :  1.73975e-08
 Reference value :  1.74175e-08
 Reference value :  1.74375e-08
 Reference value :  1.74625e-08
 Reference value :  1.74825e-08
 Reference value :  1.75025e-08
 Reference value :  1.75225e-08
 Reference value :  1.75475e-08
 Reference value :  1.75725e-08
 Reference value :  1.75975e-08
 Reference value :  1.76175e-08
 Reference value :  1.76375e-08
 Reference value :  1.76525e-08
 Reference value :  1.76725e-08
 Reference value :  1.76875e-08
 Reference value :  1.77075e-08
 Reference value :  1.77325e-08
 Reference value :  1.77575e-08
 Reference value :  1.77775e-08
 Reference value :  1.78025e-08
 Reference value :  1.78225e-08
 Reference value :  1.78475e-08
 Reference value :  1.78725e-08
 Reference value :  1.79025e-08
 Reference value :  1.79275e-08
 Reference value :  1.79525e-08
 Reference value :  1.79725e-08
 Reference value :  1.79975e-08
 Reference value :  1.80175e-08
 Reference value :  1.80375e-08
 Reference value :  1.80525e-08
 Reference value :  1.80725e-08
 Reference value :  1.80925e-08
 Reference value :  1.81075e-08
 Reference value :  1.81275e-08
 Reference value :  1.81475e-08
 Reference value :  1.81675e-08
 Reference value :  1.81925e-08
 Reference value :  1.82125e-08
 Reference value :  1.82325e-08
 Reference value :  1.82525e-08
 Reference value :  1.82725e-08
 Reference value :  1.82975e-08
 Reference value :  1.83175e-08
 Reference value :  1.83425e-08
 Reference value :  1.83675e-08
 Reference value :  1.83925e-08
 Reference value :  1.84075e-08
 Reference value :  1.84225e-08
 Reference value :  1.84375e-08
 Reference value :  1.84575e-08
 Reference value :  1.84775e-08
 Reference value :  1.85025e-08
 Reference value :  1.85225e-08
 Reference value :  1.85425e-08
 Reference value :  1.85575e-08
 Reference value :  1.85825e-08
 Reference value :  1.85975e-08
 Reference value :  1.86175e-08
 Reference value :  1.86375e-08
 Reference value :  1.86675e-08
 Reference value :  1.86875e-08
 Reference value :  1.87075e-08
 Reference value :  1.87275e-08
 Reference value :  1.87525e-08
 Reference value :  1.87725e-08
 Reference value :  1.87925e-08
 Reference value :  1.88125e-08
 Reference value :  1.88325e-08
 Reference value :  1.88525e-08
 Reference value :  1.88775e-08
 Reference value :  1.88975e-08
 Reference value :  1.89225e-08
 Reference value :  1.89425e-08
 Reference value :  1.89625e-08
 Reference value :  1.89875e-08
 Reference value :  1.90125e-08
 Reference value :  1.90375e-08
 Reference value :  1.90575e-08
 Reference value :  1.90775e-08
 Reference value :  1.90925e-08
 Reference value :  1.91075e-08
 Reference value :  1.91275e-08
 Reference value :  1.91425e-08
 Reference value :  1.91675e-08
 Reference value :  1.91875e-08
 Reference value :  1.92075e-08
 Reference value :  1.92225e-08
 Reference value :  1.92475e-08
 Reference value :  1.92675e-08
 Reference value :  1.92875e-08
 Reference value :  1.93025e-08
 Reference value :  1.93225e-08
 Reference value :  1.93425e-08
 Reference value :  1.93625e-08
 Reference value :  1.93875e-08
 Reference value :  1.94075e-08
 Reference value :  1.94325e-08
 Reference value :  1.94525e-08
 Reference value :  1.94775e-08
 Reference value :  1.95025e-08
 Reference value :  1.95275e-08
 Reference value :  1.95475e-08
 Reference value :  1.95675e-08
 Reference value :  1.95875e-08
 Reference value :  1.96025e-08
 Reference value :  1.96225e-08
 Reference value :  1.96425e-08
 Reference value :  1.96625e-08
 Reference value :  1.96875e-08
 Reference value :  1.97075e-08
 Reference value :  1.97275e-08
 Reference value :  1.97475e-08
 Reference value :  1.97725e-08
 Reference value :  1.97975e-08
 Reference value :  1.98225e-08
 Reference value :  1.98475e-08
 Reference value :  1.98675e-08
 Reference value :  1.98925e-08
 Reference value :  1.99125e-08
 Reference value :  1.99325e-08
 Reference value :  1.99575e-08
 Reference value :  1.99775e-08
 Reference value :  1.99975e-08
 Reference value :  2.00225e-08
 Reference value :  2.00425e-08
 Reference value :  2.00675e-08
 Reference value :  2.00925e-08
 Reference value :  2.01125e-08
 Reference value :  2.01375e-08
 Reference value :  2.01625e-08
 Reference value :  2.01875e-08
 Reference value :  2.02075e-08
 Reference value :  2.02275e-08
 Reference value :  2.02475e-08
 Reference value :  2.02675e-08
 Reference value :  2.02875e-08
 Reference value :  2.03125e-08
 Reference value :  2.03375e-08
 Reference value :  2.03575e-08
 Reference value :  2.03775e-08
 Reference value :  2.04025e-08
 Reference value :  2.04275e-08
 Reference value :  2.04425e-08
 Reference value :  2.04625e-08
 Reference value :  2.04875e-08
 Reference value :  2.05075e-08
 Reference value :  2.05275e-08
 Reference value :  2.05475e-08
 Reference value :  2.05675e-08
 Reference value :  2.05825e-08
 Reference value :  2.06025e-08
 Reference value :  2.06275e-08
 Reference value :  2.06475e-08
 Reference value :  2.06725e-08
 Reference value :  2.06925e-08
 Reference value :  2.07125e-08
 Reference value :  2.07275e-08
 Reference value :  2.07475e-08
 Reference value :  2.07675e-08
 Reference value :  2.07925e-08
 Reference value :  2.08075e-08
 Reference value :  2.08225e-08
 Reference value :  2.08425e-08
 Reference value :  2.08675e-08
 Reference value :  2.08875e-08
 Reference value :  2.09075e-08
 Reference value :  2.09275e-08
 Reference value :  2.09475e-08
 Reference value :  2.09675e-08
 Reference value :  2.09875e-08
 Reference value :  2.10075e-08
 Reference value :  2.10275e-08
 Reference value :  2.10475e-08
 Reference value :  2.10725e-08
 Reference value :  2.10975e-08
 Reference value :  2.11175e-08
 Reference value :  2.11375e-08
 Reference value :  2.11575e-08
 Reference value :  2.11775e-08
 Reference value :  2.12025e-08
 Reference value :  2.12275e-08
 Reference value :  2.12475e-08
 Reference value :  2.12675e-08
 Reference value :  2.12875e-08
 Reference value :  2.13075e-08
 Reference value :  2.13275e-08
 Reference value :  2.13475e-08
 Reference value :  2.13675e-08
 Reference value :  2.13925e-08
 Reference value :  2.15325e-08
 Reference value :  2.15525e-08
 Reference value :  2.15725e-08
 Reference value :  2.15875e-08
 Reference value :  2.16125e-08
 Reference value :  2.16325e-08
 Reference value :  2.16575e-08
 Reference value :  2.16775e-08
 Reference value :  2.17025e-08
 Reference value :  2.17225e-08
 Reference value :  2.17375e-08
 Reference value :  2.17525e-08
 Reference value :  2.17725e-08
 Reference value :  2.17925e-08
 Reference value :  2.18125e-08
 Reference value :  2.18325e-08
 Reference value :  2.18525e-08
 Reference value :  2.18675e-08
 Reference value :  2.18925e-08
 Reference value :  2.19125e-08
 Reference value :  2.19325e-08
 Reference value :  2.19525e-08
 Reference value :  2.19675e-08
 Reference value :  2.19875e-08
 Reference value :  2.20075e-08
 Reference value :  2.20225e-08
 Reference value :  2.20425e-08
 Reference value :  2.20625e-08
 Reference value :  2.20825e-08
 Reference value :  2.21025e-08
 Reference value :  2.21225e-08
 Reference value :  2.21425e-08
 Reference value :  2.21625e-08
 Reference value :  2.21875e-08
 Reference value :  2.22075e-08
 Reference value :  2.22325e-08
 Reference value :  2.22525e-08
 Reference value :  2.22725e-08
 Reference value :  2.22975e-08
 Reference value :  2.23175e-08
 Reference value :  2.23375e-08
 Reference value :  2.23525e-08
 Reference value :  2.23725e-08
 Reference value :  2.23925e-08
 Reference value :  2.24125e-08
 Reference value :  2.24325e-08
 Reference value :  2.24575e-08
 Reference value :  2.24775e-08
 Reference value :  2.25025e-08
 Reference value :  2.25275e-08
 Reference value :  2.25525e-08
 Reference value :  2.25725e-08
 Reference value :  2.25925e-08
 Reference value :  2.26175e-08
 Reference value :  2.26425e-08
 Reference value :  2.26675e-08
 Reference value :  2.26875e-08
 Reference value :  2.27125e-08
 Reference value :  2.27375e-08
 Reference value :  2.27575e-08
 Reference value :  2.27775e-08
 Reference value :  2.27975e-08
 Reference value :  2.28175e-08
 Reference value :  2.28375e-08
 Reference value :  2.28575e-08
 Reference value :  2.28775e-08
 Reference value :  2.28975e-08
 Reference value :  2.29125e-08
 Reference value :  2.29275e-08
 Reference value :  2.29475e-08
 Reference value :  2.29725e-08
 Reference value :  2.29925e-08
 Reference value :  2.30175e-08
 Reference value :  2.30425e-08
 Reference value :  2.30625e-08
 Reference value :  2.30825e-08
 Reference value :  2.31025e-08
 Reference value :  2.31225e-08
 Reference value :  2.31425e-08
 Reference value :  2.31575e-08
 Reference value :  2.31775e-08
 Reference value :  2.31925e-08
 Reference value :  2.32125e-08
 Reference value :  2.32325e-08
 Reference value :  2.32525e-08
 Reference value :  2.32725e-08
 Reference value :  2.32925e-08
 Reference value :  2.33075e-08
 Reference value :  2.33325e-08
 Reference value :  2.33525e-08
 Reference value :  2.33725e-08
 Reference value :  2.33925e-08
 Reference value :  2.34175e-08
 Reference value :  2.34375e-08
 Reference value :  2.34625e-08
 Reference value :  2.34825e-08
 Reference value :  2.35075e-08
 Reference value :  2.35325e-08
 Reference value :  2.35525e-08
 Reference value :  2.35725e-08
 Reference value :  2.35875e-08
 Reference value :  2.36125e-08
 Reference value :  2.36325e-08
 Reference value :  2.36525e-08
 Reference value :  2.36725e-08
 Reference value :  2.36975e-08
 Reference value :  2.37175e-08
 Reference value :  2.37425e-08
 Reference value :  2.37625e-08
 Reference value :  2.37825e-08
 Reference value :  2.38025e-08
 Reference value :  2.38275e-08
 Reference value :  2.38475e-08
 Reference value :  2.38675e-08
 Reference value :  2.38875e-08
 Reference value :  2.39075e-08
 Reference value :  2.39275e-08
 Reference value :  2.39475e-08
 Reference value :  2.39675e-08
 Reference value :  2.39925e-08
 Reference value :  2.40125e-08
 Reference value :  2.40325e-08
 Reference value :  2.40525e-08
 Reference value :  2.40725e-08
 Reference value :  2.40925e-08
 Reference value :  2.41125e-08
 Reference value :  2.41325e-08
 Reference value :  2.41525e-08
 Reference value :  2.41775e-08
 Reference value :  2.42025e-08
 Reference value :  2.42225e-08
 Reference value :  2.42425e-08
 Reference value :  2.42575e-08
 Reference value :  2.42725e-08
 Reference value :  2.42875e-08
 Reference value :  2.43075e-08
 Reference value :  2.43275e-08
 Reference value :  2.43475e-08
 Reference value :  2.43625e-08
 Reference value :  2.43775e-08
 Reference value :  2.43925e-08
 Reference value :  2.44175e-08
 Reference value :  2.44375e-08
 Reference value :  2.44525e-08
 Reference value :  2.44775e-08
 Reference value :  2.44975e-08
 Reference value :  2.45125e-08
 Reference value :  2.45275e-08
 Reference value :  2.45475e-08
 Reference value :  2.45675e-08
 Reference value :  2.45925e-08
 Reference value :  2.46075e-08
 Reference value :  2.46275e-08
 Reference value :  2.46475e-08
 Reference value :  2.46675e-08
 Reference value :  2.46875e-08
 Reference value :  2.47075e-08
 Reference value :  2.47275e-08
 Reference value :  2.47475e-08
 Reference value :  2.47675e-08
 Reference value :  2.47825e-08
 Reference value :  2.48025e-08
 Reference value :  2.48225e-08
 Reference value :  2.48425e-08
 Reference value :  2.48675e-08
 Reference value :  2.48825e-08
 Reference value :  2.49025e-08
 Reference value :  2.49225e-08
 Reference value :  2.49475e-08
 Reference value :  2.49675e-08
 Reference value :  2.49875e-08
 Reference value :  2.50075e-08
 Reference value :  2.50275e-08
 Reference value :  2.50425e-08
 Reference value :  2.50625e-08
 Reference value :  2.50825e-08
 Reference value :  2.51025e-08
 Reference value :  2.51225e-08
 Reference value :  2.51375e-08
 Reference value :  2.51625e-08
 Reference value :  2.51825e-08
 Reference value :  2.52075e-08
 Reference value :  2.52325e-08
 Reference value :  2.52575e-08
 Reference value :  2.52725e-08
 Reference value :  2.52925e-08
 Reference value :  2.53125e-08
 Reference value :  2.53325e-08
 Reference value :  2.53525e-08
 Reference value :  2.53725e-08
 Reference value :  2.53925e-08
 Reference value :  2.54175e-08
 Reference value :  2.54425e-08
 Reference value :  2.54725e-08
 Reference value :  2.54875e-08
 Reference value :  2.55025e-08
 Reference value :  2.55225e-08
 Reference value :  2.55425e-08
 Reference value :  2.55575e-08
 Reference value :  2.55775e-08
 Reference value :  2.55975e-08
 Reference value :  2.56125e-08
 Reference value :  2.56325e-08
 Reference value :  2.56525e-08
 Reference value :  2.56675e-08
 Reference value :  2.56825e-08
 Reference value :  2.56975e-08
 Reference value :  2.57175e-08
 Reference value :  2.57375e-08
 Reference value :  2.57575e-08
 Reference value :  2.57725e-08
 Reference value :  2.57925e-08
 Reference value :  2.58075e-08
 Reference value :  2.58225e-08
 Reference value :  2.58425e-08
 Reference value :  2.58625e-08
 Reference value :  2.58825e-08
 Reference value :  2.59025e-08
 Reference value :  2.59225e-08
 Reference value :  2.59425e-08
 Reference value :  2.59675e-08
 Reference value :  2.59925e-08
 Reference value :  2.60175e-08
 Reference value :  2.60425e-08
 Reference value :  2.60625e-08
 Reference value :  2.60875e-08
 Reference value :  2.61125e-08
 Reference value :  2.61375e-08
 Reference value :  2.61625e-08
 Reference value :  2.61825e-08
 Reference value :  2.62025e-08
 Reference value :  2.62225e-08
 Reference value :  2.62425e-08
 Reference value :  2.62625e-08
 Reference value :  2.62775e-08
 Reference value :  2.62925e-08
 Reference value :  2.63125e-08
 Reference value :  2.65225e-08
 Reference value :  2.65375e-08
 Reference value :  2.65525e-08
 Reference value :  2.65725e-08
 Reference value :  2.65975e-08
 Reference value :  2.66175e-08
 Reference value :  2.66375e-08
 Reference value :  2.66625e-08
 Reference value :  2.66825e-08
 Reference value :  2.67025e-08
 Reference value :  2.67225e-08
 Reference value :  2.67375e-08
 Reference value :  2.67525e-08
 Reference value :  2.67675e-08
 Reference value :  2.67875e-08
 Reference value :  2.68025e-08
 Reference value :  2.68225e-08
 Reference value :  2.68425e-08
 Reference value :  2.68625e-08
 Reference value :  2.68775e-08
 Reference value :  2.68975e-08
 Reference value :  2.69125e-08
 Reference value :  2.69325e-08
 Reference value :  2.69525e-08
 Reference value :  2.69725e-08
 Reference value :  2.69925e-08
 Reference value :  2.70175e-08
 Reference value :  2.70325e-08
 Reference value :  2.70475e-08
 Reference value :  2.70675e-08
 Reference value :  2.70825e-08
 Reference value :  2.71025e-08
 Reference value :  2.71175e-08
 Reference value :  2.71425e-08
 Reference value :  2.71675e-08
 Reference value :  2.71875e-08
 Reference value :  2.72075e-08
 Reference value :  2.72275e-08
 Reference value :  2.72475e-08
 Reference value :  2.72675e-08
 Reference value :  2.72875e-08
 Reference value :  2.73075e-08
 Reference value :  2.73225e-08
 Reference value :  2.73375e-08
 Reference value :  2.73525e-08
 Reference value :  2.73725e-08
 Reference value :  2.73925e-08
 Reference value :  2.74075e-08
 Reference value :  2.74275e-08
 Reference value :  2.74425e-08
 Reference value :  2.74675e-08
 Reference value :  2.74875e-08
 Reference value :  2.75125e-08
 Reference value :  2.75375e-08
 Reference value :  2.75625e-08
 Reference value :  2.75875e-08
 Reference value :  2.76075e-08
 Reference value :  2.76275e-08
 Reference value :  2.76475e-08
 Reference value :  2.76675e-08
 Reference value :  2.76875e-08
 Reference value :  2.77075e-08
 Reference value :  2.77275e-08
 Reference value :  2.77425e-08
 Reference value :  2.77625e-08
 Reference value :  2.77775e-08
 Reference value :  2.77975e-08
 Reference value :  2.78175e-08
 Reference value :  2.78425e-08
 Reference value :  2.78575e-08
 Reference value :  2.78725e-08
 Reference value :  2.78875e-08
 Reference value :  2.79075e-08
 Reference value :  2.79225e-08
 Reference value :  2.79425e-08
 Reference value :  2.79625e-08
 Reference value :  2.79775e-08
 Reference value :  2.79975e-08
 Reference value :  2.80175e-08
 Reference value :  2.80375e-08
 Reference value :  2.80575e-08
 Reference value :  2.80775e-08
 Reference value :  2.81025e-08
 Reference value :  2.81225e-08
 Reference value :  2.81375e-08
 Reference value :  2.81525e-08
 Reference value :  2.81675e-08
 Reference value :  2.81875e-08
 Reference value :  2.82075e-08
 Reference value :  2.82225e-08
 Reference value :  2.82375e-08
 Reference value :  2.82575e-08
 Reference value :  2.82775e-08
 Reference value :  2.82975e-08
 Reference value :  2.83225e-08
 Reference value :  2.83375e-08
 Reference value :  2.83575e-08
 Reference value :  2.83825e-08
 Reference value :  2.84025e-08
 Reference value :  2.84325e-08
 Reference value :  2.84575e-08
 Reference value :  2.84775e-08
 Reference value :  2.85025e-08
 Reference value :  2.85225e-08
 Reference value :  2.85425e-08
 Reference value :  2.85575e-08
 Reference value :  2.85725e-08
 Reference value :  2.85875e-08
 Reference value :  2.86075e-08
 Reference value :  2.86225e-08
 Reference value :  2.86375e-08
 Reference value :  2.86525e-08
 Reference value :  2.86675e-08
 Reference value :  2.86875e-08
 Reference value :  2.87025e-08
 Reference value :  2.87175e-08
 Reference value :  2.87375e-08
 Reference value :  2.87575e-08
 Reference value :  2.87775e-08
 Reference value :  2.87975e-08
 Reference value :  2.88175e-08
 Reference value :  2.88375e-08
 Reference value :  2.88525e-08
 Reference value :  2.88775e-08
 Reference value :  2.88975e-08
 Reference value :  2.89175e-08
 Reference value :  2.89375e-08
 Reference value :  2.89575e-08
 Reference value :  2.89725e-08
 Reference value :  2.89925e-08
 Reference value :  2.90125e-08
 Reference value :  2.90325e-08
 Reference value :  2.90525e-08
 Reference value :  2.90725e-08
 Reference value :  2.90875e-08
 Reference value :  2.91075e-08
 Reference value :  2.91275e-08
 Reference value :  2.91475e-08
 Reference value :  2.91625e-08
 Reference value :  2.91825e-08
 Reference value :  2.92025e-08
 Reference value :  2.92175e-08
 Reference value :  2.92375e-08
 Reference value :  2.92525e-08
 Reference value :  2.92725e-08
 Reference value :  2.92925e-08
 Reference value :  2.93125e-08
 Reference value :  2.93375e-08
 Reference value :  2.93525e-08
 Reference value :  2.93725e-08
 Reference value :  2.94025e-08
 Reference value :  2.94225e-08
 Reference value :  2.94375e-08
 Reference value :  2.94525e-08
 Reference value :  2.94725e-08
 Reference value :  2.94925e-08
 Reference value :  2.95125e-08
 Reference value :  2.95275e-08
 Reference value :  2.95475e-08
 Reference value :  2.95675e-08
 Reference value :  2.95825e-08
 Reference value :  2.95975e-08
 Reference value :  2.96175e-08
 Reference value :  2.96325e-08
 Reference value :  2.96475e-08
 Reference value :  2.96675e-08
 Reference value :  2.96875e-08
 Reference value :  2.97075e-08
 Reference value :  2.97275e-08
 Reference value :  2.97475e-08
 Reference value :  2.97725e-08
 Reference value :  2.97925e-08
 Reference value :  2.98125e-08
 Reference value :  2.98375e-08
 Reference value :  2.98575e-08
 Reference value :  2.98775e-08
 Reference value :  2.98925e-08
 Reference value :  2.99125e-08
 Reference value :  2.99275e-08
 Reference value :  2.99425e-08
 Reference value :  2.99625e-08
 Reference value :  2.99825e-08
 Reference value :  3.00025e-08
 Reference value :  3.00225e-08
 Reference value :  3.00425e-08
 Reference value :  3.00675e-08
 Reference value :  3.00875e-08
 Reference value :  3.01075e-08
 Reference value :  3.01275e-08
 Reference value :  3.01525e-08
 Reference value :  3.01725e-08
 Reference value :  3.01925e-08
 Reference value :  3.02125e-08
 Reference value :  3.02275e-08
 Reference value :  3.02475e-08
 Reference value :  3.02675e-08
 Reference value :  3.02875e-08
 Reference value :  3.03075e-08
 Reference value :  3.03325e-08
 Reference value :  3.03525e-08
 Reference value :  3.03675e-08
 Reference value :  3.03875e-08
 Reference value :  3.04125e-08
 Reference value :  3.04325e-08
 Reference value :  3.04575e-08
 Reference value :  3.04825e-08
 Reference value :  3.05025e-08
 Reference value :  3.05225e-08
 Reference value :  3.05425e-08
 Reference value :  3.05575e-08
 Reference value :  3.05775e-08
 Reference value :  3.05975e-08
 Reference value :  3.06175e-08
 Reference value :  3.06375e-08
 Reference value :  3.06575e-08
 Reference value :  3.06775e-08
 Reference value :  3.06925e-08
 Reference value :  3.07125e-08
 Reference value :  3.07325e-08
 Reference value :  3.07575e-08
 Reference value :  3.07825e-08
 Reference value :  3.08025e-08
 Reference value :  3.08175e-08
 Reference value :  3.08375e-08
 Reference value :  3.08525e-08
 Reference value :  3.08725e-08
 Reference value :  3.08925e-08
 Reference value :  3.09125e-08
 Reference value :  3.09275e-08
 Reference value :  3.09425e-08
 Reference value :  3.09575e-08
 Reference value :  3.09725e-08
 Reference value :  3.09925e-08
 Reference value :  3.10125e-08
 Reference value :  3.10275e-08
 Reference value :  3.10475e-08
 Reference value :  3.10675e-08
 Reference value :  3.10825e-08
 Reference value :  3.11025e-08
 Reference value :  3.11225e-08
 Reference value :  3.11425e-08
 Reference value :  3.11625e-08
 Reference value :  3.11775e-08
 Reference value :  3.11975e-08
 Reference value :  3.12125e-08
 Reference value :  3.12275e-08
 Reference value :  3.12475e-08
 Reference value :  3.12675e-08
 Reference value :  3.12875e-08
 Reference value :  3.13075e-08
 Reference value :  3.13275e-08
 Reference value :  3.13425e-08
 Reference value :  3.13575e-08
 Reference value :  3.13725e-08
 Reference value :  3.13875e-08
 Reference value :  3.14025e-08
 Reference value :  3.14225e-08
 Reference value :  3.14475e-08
 Reference value :  3.14675e-08
 Reference value :  3.14875e-08
 Reference value :  3.15125e-08
 Reference value :  3.15325e-08
 Reference value :  3.15475e-08
 Reference value :  3.15675e-08
 Reference value :  3.15875e-08
 Reference value :  3.16075e-08
 Reference value :  3.16275e-08
 Reference value :  3.16425e-08
 Reference value :  3.16625e-08
 Reference value :  3.16825e-08
 Reference value :  3.17025e-08
 Reference value :  3.17175e-08
 Reference value :  3.17425e-08
 Reference value :  3.17675e-08
 Reference value :  3.17925e-08
 Reference value :  3.18125e-08
 Reference value :  3.18275e-08
 Reference value :  3.18475e-08
 Reference value :  3.18675e-08
 Reference value :  3.18875e-08
 Reference value :  3.19075e-08
 Reference value :  3.19275e-08
 Reference value :  3.19475e-08
 Reference value :  3.19675e-08
 Reference value :  3.19875e-08
 Reference value :  3.20075e-08
 Reference value :  3.20275e-08
 Reference value :  3.20475e-08
 Reference value :  3.20625e-08
 Reference value :  3.20775e-08
 Reference value :  3.20975e-08
 Reference value :  3.21125e-08
 Reference value :  3.21325e-08
 Reference value :  3.21525e-08
 Reference value :  3.21725e-08
 Reference value :  3.21875e-08
 Reference value :  3.22125e-08
 Reference value :  3.22325e-08
 Reference value :  3.22525e-08
 Reference value :  3.22675e-08
 Reference value :  3.22875e-08
 Reference value :  3.23125e-08
 Reference value :  3.23275e-08
 Reference value :  3.23425e-08
 Reference value :  3.23575e-08
 Reference value :  3.23825e-08
 Reference value :  3.24025e-08
 Reference value :  3.24275e-08
 Reference value :  3.24475e-08
 Reference value :  3.24675e-08
 Reference value :  3.24875e-08
 Reference value :  3.25075e-08
 Reference value :  3.25225e-08
 Reference value :  3.25425e-08
 Reference value :  3.25625e-08
 Reference value :  3.25825e-08
 Reference value :  3.26025e-08
 Reference value :  3.26225e-08
 Reference value :  3.26425e-08
 Reference value :  3.26675e-08
 Reference value :  3.26875e-08
 Reference value :  3.27075e-08
 Reference value :  3.27225e-08
 Reference value :  3.27375e-08
 Reference value :  3.27525e-08
 Reference value :  3.27675e-08
 Reference value :  3.27875e-08
 Reference value :  3.28025e-08
 Reference value :  3.28225e-08
 Reference value :  3.28425e-08
 Reference value :  3.28625e-08
 Reference value :  3.28775e-08
 Reference value :  3.29025e-08
 Reference value :  3.29275e-08
 Reference value :  3.29475e-08
 Reference value :  3.29675e-08
 Reference value :  3.29825e-08
 Reference value :  3.30025e-08
 Reference value :  3.30225e-08
 Reference value :  3.30475e-08
 Reference value :  3.30675e-08
 Reference value :  3.30875e-08
 Reference value :  3.31025e-08
 Reference value :  3.31225e-08
 Reference value :  3.31425e-08
 Reference value :  3.31625e-08
 Reference value :  3.31775e-08
 Reference value :  3.31975e-08
 Reference value :  3.32175e-08
 Reference value :  3.32375e-08
 Reference value :  3.32575e-08
 Reference value :  3.32775e-08
 Reference value :  3.32975e-08
 Reference value :  3.33125e-08
 Reference value :  3.33325e-08
 Reference value :  3.33525e-08
 Reference value :  3.33725e-08
 Reference value :  3.33925e-08
 Reference value :  3.34125e-08
 Reference value :  3.34325e-08
 Reference value :  3.34525e-08
 Reference value :  3.34725e-08
 Reference value :  3.34925e-08
 Reference value :  3.35125e-08
 Reference value :  3.35275e-08
 Reference value :  3.35425e-08
 Reference value :  3.35575e-08
 Reference value :  3.35825e-08
 Reference value :  3.36075e-08
 Reference value :  3.36275e-08
 Reference value :  3.36475e-08
 Reference value :  3.36675e-08
 Reference value :  3.36925e-08
 Reference value :  3.37125e-08
 Reference value :  3.37325e-08
 Reference value :  3.37525e-08
 Reference value :  3.37675e-08
 Reference value :  3.37875e-08
 Reference value :  3.38075e-08
 Reference value :  3.38275e-08
 Reference value :  3.38475e-08
 Reference value :  3.38675e-08
 Reference value :  3.38825e-08
 Reference value :  3.38975e-08
 Reference value :  3.39175e-08
 Reference value :  3.39375e-08
 Reference value :  3.39575e-08
 Reference value :  3.39825e-08
 Reference value :  3.40025e-08
 Reference value :  3.40225e-08
 Reference value :  3.40425e-08
 Reference value :  3.40675e-08
 Reference value :  3.40875e-08
 Reference value :  3.41075e-08
 Reference value :  3.41325e-08
 Reference value :  3.41575e-08
 Reference value :  3.41775e-08
 Reference value :  3.42025e-08
 Reference value :  3.42225e-08
 Reference value :  3.42425e-08
 Reference value :  3.42675e-08
 Reference value :  3.42875e-08
 Reference value :  3.43125e-08
 Reference value :  3.43325e-08
 Reference value :  3.43525e-08
 Reference value :  3.43775e-08
 Reference value :  3.43975e-08
 Reference value :  3.44175e-08
 Reference value :  3.44425e-08
 Reference value :  3.44625e-08
 Reference value :  3.44825e-08
 Reference value :  3.45075e-08
 Reference value :  3.45225e-08
 Reference value :  3.45425e-08
 Reference value :  3.45675e-08
 Reference value :  3.45875e-08
 Reference value :  3.46025e-08
 Reference value :  3.46175e-08
 Reference value :  3.47225e-08
 Reference value :  3.47375e-08
 Reference value :  3.47525e-08
 Reference value :  3.47725e-08
 Reference value :  3.47925e-08
 Reference value :  3.48125e-08
 Reference value :  3.48275e-08
 Reference value :  3.48475e-08
 Reference value :  3.48675e-08
 Reference value :  3.48875e-08
 Reference value :  3.49075e-08
 Reference value :  3.49325e-08
 Reference value :  3.49575e-08
 Reference value :  3.49775e-08
 Reference value :  3.50025e-08
 Reference value :  3.50225e-08
 Reference value :  3.50425e-08
 Reference value :  3.50625e-08
 Reference value :  3.50825e-08
 Reference value :  3.51025e-08
 Reference value :  3.51175e-08
 Reference value :  3.51375e-08
 Reference value :  3.51525e-08
 Reference value :  3.51725e-08
 Reference value :  3.51925e-08
 Reference value :  3.52175e-08
 Reference value :  3.52375e-08
 Reference value :  3.52575e-08
 Reference value :  3.52775e-08
 Reference value :  3.52925e-08
 Reference value :  3.53125e-08
 Reference value :  3.53325e-08
 Reference value :  3.53575e-08
 Reference value :  3.53775e-08
 Reference value :  3.54025e-08
 Reference value :  3.54275e-08
 Reference value :  3.54475e-08
 Reference value :  3.54725e-08
 Reference value :  3.54875e-08
 Reference value :  3.55075e-08
 Reference value :  3.55275e-08
 Reference value :  3.55475e-08
 Reference value :  3.55675e-08
 Reference value :  3.55875e-08
 Reference value :  3.56075e-08
 Reference value :  3.56325e-08
 Reference value :  3.56525e-08
 Reference value :  3.56775e-08
 Reference value :  3.56925e-08
 Reference value :  3.57125e-08
 Reference value :  3.57375e-08
 Reference value :  3.57625e-08
 Reference value :  3.57825e-08
 Reference value :  3.57975e-08
 Reference value :  3.58125e-08
 Reference value :  3.58325e-08
 Reference value :  3.58525e-08
 Reference value :  3.58725e-08
 Reference value :  3.58925e-08
 Reference value :  3.59175e-08
 Reference value :  3.59375e-08
 Reference value :  3.59625e-08
 Reference value :  3.59825e-08
 Reference value :  3.60075e-08
 Reference value :  3.60325e-08
 Reference value :  3.60525e-08
 Reference value :  3.60775e-08
 Reference value :  3.61025e-08
 Reference value :  3.61175e-08
 Reference value :  3.61325e-08
 Reference value :  3.61525e-08
 Reference value :  3.61725e-08
 Reference value :  3.61875e-08
 Reference value :  3.62075e-08
 Reference value :  3.62275e-08
 Reference value :  3.62425e-08
 Reference value :  3.62575e-08
 Reference value :  3.62725e-08
 Reference value :  3.62925e-08
 Reference value :  3.63075e-08
 Reference value :  3.63275e-08
 Reference value :  3.63475e-08
 Reference value :  3.63625e-08
 Reference value :  3.63875e-08
 Reference value :  3.64075e-08
 Reference value :  3.64225e-08
 Reference value :  3.64375e-08
 Reference value :  3.64625e-08
 Reference value :  3.64875e-08
 Reference value :  3.65075e-08
 Reference value :  3.65275e-08
 Reference value :  3.65475e-08
 Reference value :  3.65625e-08
 Reference value :  3.65825e-08
 Reference value :  3.66025e-08
 Reference value :  3.66225e-08
 Reference value :  3.66425e-08
 Reference value :  3.66675e-08
 Reference value :  3.66875e-08
 Reference value :  3.67075e-08
 Reference value :  3.67325e-08
 Reference value :  3.67525e-08
 Reference value :  3.67725e-08
 Reference value :  3.67925e-08
 Reference value :  3.68125e-08
 Reference value :  3.68375e-08
 Reference value :  3.68575e-08
 Reference value :  3.68775e-08
 Reference value :  3.68975e-08
 Reference value :  3.69125e-08
 Reference value :  3.69275e-08
 Reference value :  3.69525e-08
 Reference value :  3.69725e-08
 Reference value :  3.69925e-08
 Reference value :  3.70175e-08
 Reference value :  3.70425e-08
 Reference value :  3.70625e-08
 Reference value :  3.70825e-08
 Reference value :  3.71075e-08
 Reference value :  3.71275e-08
 Reference value :  3.71425e-08
 Reference value :  3.71675e-08
 Reference value :  3.71925e-08
 Reference value :  3.72175e-08
 Reference value :  3.72375e-08
 Reference value :  3.72625e-08
 Reference value :  3.72775e-08
 Reference value :  3.72975e-08
 Reference value :  3.73225e-08
 Reference value :  3.73425e-08
 Reference value :  3.73675e-08
 Reference value :  3.73925e-08
 Reference value :  3.74175e-08
 Reference value :  3.74375e-08
 Reference value :  3.74575e-08
 Reference value :  3.74775e-08
 Reference value :  3.74975e-08
 Reference value :  3.75175e-08
 Reference value :  3.75375e-08
 Reference value :  3.75525e-08
 Reference value :  3.75775e-08
 Reference value :  3.75975e-08
 Reference value :  3.76125e-08
 Reference value :  3.76275e-08
 Reference value :  3.76425e-08
 Reference value :  3.76625e-08
 Reference value :  3.76775e-08
 Reference value :  3.76925e-08
 Reference value :  3.77075e-08
 Reference value :  3.77225e-08
 Reference value :  3.77425e-08
 Reference value :  3.77625e-08
 Reference value :  3.77825e-08
 Reference value :  3.78025e-08
 Reference value :  3.78225e-08
 Reference value :  3.78425e-08
 Reference value :  3.78575e-08
 Reference value :  3.78775e-08
 Reference value :  3.79025e-08
 Reference value :  3.79275e-08
 Reference value :  3.79475e-08
 Reference value :  3.79725e-08
 Reference value :  3.79975e-08
 Reference value :  3.80225e-08
 Reference value :  3.80375e-08
 Reference value :  3.80525e-08
 Reference value :  3.80775e-08
 Reference value :  3.81025e-08
 Reference value :  3.81275e-08
 Reference value :  3.81525e-08
 Reference value :  3.81725e-08
 Reference value :  3.81975e-08
 Reference value :  3.82175e-08
 Reference value :  3.82375e-08
 Reference value :  3.82525e-08
 Reference value :  3.82775e-08
 Reference value :  3.83025e-08
 Reference value :  3.83225e-08
 Reference value :  3.83475e-08
 Reference value :  3.83725e-08
 Reference value :  3.83925e-08
 Reference value :  3.84125e-08
 Reference value :  3.84375e-08
 Reference value :  3.84575e-08
 Reference value :  3.84825e-08
 Reference value :  3.85025e-08
 Reference value :  3.85225e-08
 Reference value :  3.85425e-08
 Reference value :  3.85625e-08
 Reference value :  3.85825e-08
 Reference value :  3.86025e-08
 Reference value :  3.86275e-08
 Reference value :  3.86475e-08
 Reference value :  3.86625e-08
 Reference value :  3.86825e-08
 Reference value :  3.87025e-08
 Reference value :  3.87225e-08
 Reference value :  3.87425e-08
 Reference value :  3.87625e-08
 Reference value :  3.87875e-08
 Reference value :  3.88075e-08
 Reference value :  3.88325e-08
 Reference value :  3.88575e-08
 Reference value :  3.88825e-08
 Reference value :  3.89025e-08
 Reference value :  3.89275e-08
 Reference value :  3.89525e-08
 Reference value :  3.89725e-08
 Reference value :  3.89925e-08
 Reference value :  3.90125e-08
 Reference value :  3.90375e-08
 Reference value :  3.90575e-08
 Reference value :  3.90825e-08
 Reference value :  3.91025e-08
 Reference value :  3.91275e-08
 Reference value :  3.91425e-08
 Reference value :  3.91575e-08
 Reference value :  3.91775e-08
 Reference value :  3.91975e-08
 Reference value :  3.92225e-08
 Reference value :  3.92475e-08
 Reference value :  3.92625e-08
 Reference value :  3.92775e-08
 Reference value :  3.93025e-08
 Reference value :  3.93225e-08
 Reference value :  3.93425e-08
 Reference value :  3.93625e-08
 Reference value :  3.93825e-08
 Reference value :  3.94025e-08
 Reference value :  3.94175e-08
 Reference value :  3.94325e-08
 Reference value :  3.94525e-08
 Reference value :  3.94775e-08
 Reference value :  3.94975e-08
 Reference value :  3.95225e-08
 Reference value :  3.95425e-08
 Reference value :  3.95625e-08
 Reference value :  3.95875e-08
 Reference value :  3.96075e-08
 Reference value :  3.96275e-08
 Reference value :  3.96475e-08
 Reference value :  3.96625e-08
 Reference value :  3.96775e-08
 Reference value :  3.96925e-08
 Reference value :  3.97125e-08
 Reference value :  3.97375e-08
 Reference value :  3.97525e-08
 Reference value :  3.97725e-08
 Reference value :  3.97925e-08
 Reference value :  3.98125e-08
 Reference value :  3.98375e-08
 Reference value :  3.98575e-08
 Reference value :  3.98825e-08
 Reference value :  3.99025e-08
 Reference value :  3.99175e-08
 Reference value :  3.99625e-08
 Reference value :  3.99825e-08
 Reference value :  4.00025e-08
 Reference value :  4.00225e-08
 Reference value :  4.00425e-08
 Reference value :  4.00625e-08
 Reference value :  4.00775e-08
 Reference value :  4.00975e-08
 Reference value :  4.01175e-08
 Reference value :  4.01375e-08
 Reference value :  4.01575e-08
 Reference value :  4.01775e-08
 Reference value :  4.01925e-08
 Reference value :  4.02075e-08
 Reference value :  4.02225e-08
 Reference value :  4.02425e-08
 Reference value :  4.02575e-08
 Reference value :  4.02775e-08
 Reference value :  4.02925e-08
 Reference value :  4.03075e-08
 Reference value :  4.03225e-08
 Reference value :  4.03425e-08
 Reference value :  4.03625e-08
 Reference value :  4.03875e-08
 Reference value :  4.04075e-08
 Reference value :  4.04275e-08
 Reference value :  4.04475e-08
 Reference value :  4.04675e-08
 Reference value :  4.04875e-08
 Reference value :  4.05075e-08
 Reference value :  4.05275e-08
 Reference value :  4.05475e-08
 Reference value :  4.05675e-08
 Reference value :  4.05825e-08
 Reference value :  4.06025e-08
 Reference value :  4.06275e-08
 Reference value :  4.06475e-08
 Reference value :  4.06675e-08
 Reference value :  4.06875e-08
 Reference value :  4.07075e-08
 Reference value :  4.07275e-08
 Reference value :  4.07475e-08
 Reference value :  4.07675e-08
 Reference value :  4.07875e-08
 Reference value :  4.08125e-08
 Reference value :  4.08375e-08
 Reference value :  4.08625e-08
 Reference value :  4.08875e-08
 Reference value :  4.09075e-08
 Reference value :  4.09275e-08
 Reference value :  4.09475e-08
 Reference value :  4.09725e-08
 Reference value :  4.09975e-08
 Reference value :  4.10225e-08
 Reference value :  4.10475e-08
 Reference value :  4.10675e-08
 Reference value :  4.10925e-08
 Reference value :  4.11175e-08
 Reference value :  4.11425e-08
 Reference value :  4.11625e-08
 Reference value :  4.11825e-08
 Reference value :  4.12075e-08
 Reference value :  4.12275e-08
 Reference value :  4.12475e-08
 Reference value :  4.12675e-08
 Reference value :  4.12925e-08
 Reference value :  4.13125e-08
 Reference value :  4.13275e-08
 Reference value :  4.13475e-08
 Reference value :  4.13625e-08
 Reference value :  4.13825e-08
 Reference value :  4.14025e-08
 Reference value :  4.14225e-08
 Reference value :  4.14475e-08
 Reference value :  4.14675e-08
 Reference value :  4.14875e-08
 Reference value :  4.15125e-08
 Reference value :  4.15325e-08
 Reference value :  4.15525e-08
 Reference value :  4.15725e-08
 Reference value :  4.15875e-08
 Reference value :  4.16025e-08
 Reference value :  4.16175e-08
 Reference value :  4.16375e-08
 Reference value :  4.16625e-08
 Reference value :  4.16825e-08
 Reference value :  4.17025e-08
 Reference value :  4.17175e-08
 Reference value :  4.17375e-08
 Reference value :  4.17575e-08
 Reference value :  4.17725e-08
 Reference value :  4.17875e-08
 Reference value :  4.18075e-08
 Reference value :  4.18225e-08
 Reference value :  4.18425e-08
 Reference value :  4.18675e-08
 Reference value :  4.18875e-08
 Reference value :  4.19075e-08
 Reference value :  4.19275e-08
 Reference value :  4.19475e-08
 Reference value :  4.19675e-08
 Reference value :  4.19875e-08
 Reference value :  4.20075e-08
 Reference value :  4.20225e-08
 Reference value :  4.20375e-08
 Reference value :  4.20575e-08
 Reference value :  4.20775e-08
 Reference value :  4.20975e-08
 Reference value :  4.21175e-08
 Reference value :  4.21325e-08
 Reference value :  4.21475e-08
 Reference value :  4.21675e-08
 Reference value :  4.21925e-08
 Reference value :  4.22125e-08
 Reference value :  4.22375e-08
 Reference value :  4.22575e-08
 Reference value :  4.22725e-08
 Reference value :  4.22875e-08
 Reference value :  4.23025e-08
 Reference value :  4.23175e-08
 Reference value :  4.23325e-08
 Reference value :  4.23575e-08
 Reference value :  4.23725e-08
 Reference value :  4.23925e-08
 Reference value :  4.24075e-08
 Reference value :  4.24275e-08
 Reference value :  4.24525e-08
 Reference value :  4.24725e-08
 Reference value :  4.24925e-08
 Reference value :  4.25125e-08
 Reference value :  4.25325e-08
 Reference value :  4.25575e-08
 Reference value :  4.25825e-08
 Reference value :  4.26075e-08
 Reference value :  4.26275e-08
 Reference value :  4.26525e-08
 Reference value :  4.26725e-08
 Reference value :  4.26875e-08
 Reference value :  4.27075e-08
 Reference value :  4.27225e-08
 Reference value :  4.27375e-08
 Reference value :  4.27525e-08
 Reference value :  4.27675e-08
 Reference value :  4.27875e-08
 Reference value :  4.28075e-08
 Reference value :  4.28275e-08
 Reference value :  4.28475e-08
 Reference value :  4.28625e-08
 Reference value :  4.28775e-08
 Reference value :  4.28975e-08
 Reference value :  4.29175e-08
 Reference value :  4.29325e-08
 Reference value :  4.29475e-08
 Reference value :  4.29675e-08
 Reference value :  4.29925e-08
 Reference value :  4.30125e-08
 Reference value :  4.30275e-08
 Reference value :  4.30525e-08
 Reference value :  4.30725e-08
 Reference value :  4.30875e-08
 Reference value :  4.31075e-08
 Reference value :  4.31325e-08
 Reference value :  4.31575e-08
 Reference value :  4.31775e-08
 Reference value :  4.31975e-08
 Reference value :  4.32175e-08
 Reference value :  4.32375e-08
 Reference value :  4.32625e-08
 Reference value :  4.32825e-08
 Reference value :  4.33075e-08
 Reference value :  4.33225e-08
 Reference value :  4.33425e-08
 Reference value :  4.33625e-08
 Reference value :  4.33825e-08
 Reference value :  4.34025e-08
 Reference value :  4.34175e-08
 Reference value :  4.34375e-08
 Reference value :  4.34625e-08
 Reference value :  4.34825e-08
 Reference value :  4.35025e-08
 Reference value :  4.35225e-08
 Reference value :  4.35475e-08
 Reference value :  4.35675e-08
 Reference value :  4.35925e-08
 Reference value :  4.36125e-08
 Reference value :  4.36275e-08
 Reference value :  4.36475e-08
 Reference value :  4.36725e-08
 Reference value :  4.36875e-08
 Reference value :  4.37025e-08
 Reference value :  4.37275e-08
 Reference value :  4.37525e-08
 Reference value :  4.37725e-08
 Reference value :  4.37925e-08
 Reference value :  4.38175e-08
 Reference value :  4.38375e-08
 Reference value :  4.38575e-08
 Reference value :  4.38825e-08
 Reference value :  4.39025e-08
 Reference value :  4.39225e-08
 Reference value :  4.39425e-08
 Reference value :  4.39675e-08
 Reference value :  4.39875e-08
 Reference value :  4.40075e-08
 Reference value :  4.40275e-08
 Reference value :  4.40475e-08
 Reference value :  4.40725e-08
 Reference value :  4.40925e-08
 Reference value :  4.41175e-08
 Reference value :  4.41425e-08
 Reference value :  4.41625e-08
 Reference value :  4.41825e-08
 Reference value :  4.41975e-08
 Reference value :  4.42175e-08
 Reference value :  4.42375e-08
 Reference value :  4.42575e-08
 Reference value :  4.42775e-08
 Reference value :  4.43025e-08
 Reference value :  4.43225e-08
 Reference value :  4.43425e-08
 Reference value :  4.43625e-08
 Reference value :  4.43875e-08
 Reference value :  4.44125e-08
 Reference value :  4.44325e-08
 Reference value :  4.44525e-08
 Reference value :  4.44725e-08
 Reference value :  4.44925e-08
 Reference value :  4.45125e-08
 Reference value :  4.45275e-08
 Reference value :  4.45475e-08
 Reference value :  4.45675e-08
 Reference value :  4.45875e-08
 Reference value :  4.46025e-08
 Reference value :  4.46225e-08
 Reference value :  4.46425e-08
 Reference value :  4.46625e-08
 Reference value :  4.46825e-08
 Reference value :  4.47025e-08
 Reference value :  4.47225e-08
 Reference value :  4.47475e-08
 Reference value :  4.47675e-08
 Reference value :  4.47875e-08
 Reference value :  4.48125e-08
 Reference value :  4.48275e-08
 Reference value :  4.48425e-08
 Reference value :  4.48625e-08
 Reference value :  4.48875e-08
 Reference value :  4.49075e-08
 Reference value :  4.49275e-08
 Reference value :  4.49525e-08
 Reference value :  4.49725e-08
 Reference value :  4.49925e-08
 Reference value :  4.50125e-08
 Reference value :  4.50575e-08
 Reference value :  4.50775e-08
 Reference value :  4.50962e-08
No. of Data Rows : 9034
Note: Simulation executed from .control section 
