
Note: Compatibility modes selected: hs a


Circuit: * comparator-decision regen-time sweep -- vindiff=10mv corner=sf temp=-40.0c (issue #9)

option SCALE: Scale is set to 1e-06 for instance and model parameters
option SCALE: Scale is set to 1e-06 for instance and model parameters
option SCALE: Scale is set to 1e-06 for instance and model parameters
option SCALE: Scale is set to 1e-06 for instance and model parameters
Doing analysis at TEMP = -40.000000 and TNOM = 27.000000

Using KLU as Direct Linear Solver
 Reference value :  0.00000e+00
 Reference value :  4.00000e-13
 Reference value :  3.20000e-12
 Reference value :  2.14000e-11
 Reference value :  4.64000e-11
 Reference value :  7.64000e-11
 Reference value :  9.64000e-11
 Reference value :  1.21400e-10
 Reference value :  1.41400e-10
 Reference value :  1.61400e-10
 Reference value :  1.81400e-10
 Reference value :  2.01400e-10
 Reference value :  2.26400e-10
 Reference value :  2.51400e-10
 Reference value :  2.76400e-10
 Reference value :  2.96400e-10
 Reference value :  3.16400e-10
 Reference value :  3.41400e-10
 Reference value :  3.56400e-10
 Reference value :  3.76400e-10
 Reference value :  3.91400e-10
 Reference value :  4.11400e-10
 Reference value :  4.31400e-10
 Reference value :  4.51400e-10
 Reference value :  4.71400e-10
 Reference value :  4.91400e-10
 Reference value :  5.06400e-10
 Reference value :  5.21400e-10
 Reference value :  5.41400e-10
 Reference value :  5.61400e-10
 Reference value :  5.86400e-10
 Reference value :  6.06400e-10
 Reference value :  6.31400e-10
 Reference value :  6.51400e-10
 Reference value :  6.71400e-10
 Reference value :  6.91400e-10
 Reference value :  7.11400e-10
 Reference value :  7.26400e-10
 Reference value :  7.46400e-10
 Reference value :  7.66400e-10
 Reference value :  7.81400e-10
 Reference value :  8.01400e-10
 Reference value :  8.26400e-10
 Reference value :  8.46400e-10
 Reference value :  8.66400e-10
 Reference value :  8.86400e-10
 Reference value :  9.06400e-10
 Reference value :  9.26400e-10
 Reference value :  9.51400e-10
 Reference value :  9.76400e-10
 Reference value :  1.00140e-09
 Reference value :  1.02140e-09
 Reference value :  1.04140e-09
 Reference value :  1.06640e-09
 Reference value :  1.09140e-09
 Reference value :  1.11140e-09
 Reference value :  1.13140e-09
 Reference value :  1.14640e-09
 Reference value :  1.16140e-09
 Reference value :  1.18140e-09
 Reference value :  1.20140e-09
 Reference value :  1.21640e-09
 Reference value :  1.23640e-09
 Reference value :  1.25640e-09
 Reference value :  1.27640e-09
 Reference value :  1.29640e-09
 Reference value :  1.31140e-09
 Reference value :  1.32640e-09
 Reference value :  1.34640e-09
 Reference value :  1.37140e-09
 Reference value :  1.39140e-09
 Reference value :  1.41140e-09
 Reference value :  1.43140e-09
 Reference value :  1.45640e-09
 Reference value :  1.47640e-09
 Reference value :  1.49640e-09
 Reference value :  1.52140e-09
 Reference value :  1.54640e-09
 Reference value :  1.56640e-09
 Reference value :  1.58640e-09
 Reference value :  1.60140e-09
 Reference value :  1.62140e-09
 Reference value :  1.64140e-09
 Reference value :  1.66140e-09
 Reference value :  1.68640e-09
 Reference value :  1.70640e-09
 Reference value :  1.72640e-09
 Reference value :  1.74640e-09
 Reference value :  1.76640e-09
 Reference value :  1.78640e-09
 Reference value :  1.80640e-09
 Reference value :  1.83140e-09
 Reference value :  1.85640e-09
 Reference value :  1.87640e-09
 Reference value :  1.89640e-09
 Reference value :  1.91640e-09
 Reference value :  1.93640e-09
 Reference value :  1.95640e-09
 Reference value :  1.97640e-09
 Reference value :  1.99640e-09
 Reference value :  2.02140e-09
 Reference value :  2.04140e-09
 Reference value :  2.06140e-09
 Reference value :  2.08140e-09
 Reference value :  2.10140e-09
 Reference value :  2.12140e-09
 Reference value :  2.14140e-09
 Reference value :  2.16140e-09
 Reference value :  2.18140e-09
 Reference value :  2.20140e-09
 Reference value :  2.21640e-09
 Reference value :  2.23140e-09
 Reference value :  2.25140e-09
 Reference value :  2.27140e-09
 Reference value :  2.28640e-09
 Reference value :  2.31140e-09
 Reference value :  2.33140e-09
 Reference value :  2.35640e-09
 Reference value :  2.37640e-09
 Reference value :  2.39640e-09
 Reference value :  2.42140e-09
 Reference value :  2.44140e-09
 Reference value :  2.46640e-09
 Reference value :  2.48640e-09
 Reference value :  2.50640e-09
 Reference value :  2.52640e-09
 Reference value :  2.54640e-09
 Reference value :  2.56640e-09
 Reference value :  2.58140e-09
 Reference value :  2.60640e-09
 Reference value :  2.62140e-09
 Reference value :  2.64140e-09
 Reference value :  2.66140e-09
 Reference value :  2.68640e-09
 Reference value :  2.71140e-09
 Reference value :  2.73140e-09
 Reference value :  2.75140e-09
 Reference value :  2.77140e-09
 Reference value :  2.79140e-09
 Reference value :  2.81140e-09
 Reference value :  2.83140e-09
 Reference value :  2.85140e-09
 Reference value :  2.88140e-09
 Reference value :  2.90140e-09
 Reference value :  2.92140e-09
 Reference value :  2.94640e-09
 Reference value :  2.97640e-09
 Reference value :  2.99640e-09
 Reference value :  3.01640e-09
 Reference value :  3.03640e-09
 Reference value :  3.05640e-09
 Reference value :  3.07640e-09
 Reference value :  3.09140e-09
 Reference value :  3.11140e-09
 Reference value :  3.13140e-09
 Reference value :  3.15140e-09
 Reference value :  3.16640e-09
 Reference value :  3.18640e-09
 Reference value :  3.20640e-09
 Reference value :  3.22640e-09
 Reference value :  3.25140e-09
 Reference value :  3.26640e-09
 Reference value :  3.28640e-09
 Reference value :  3.30640e-09
 Reference value :  3.32640e-09
 Reference value :  3.34640e-09
 Reference value :  3.36640e-09
 Reference value :  3.38640e-09
 Reference value :  3.40640e-09
 Reference value :  3.42640e-09
 Reference value :  3.44640e-09
 Reference value :  3.46640e-09
 Reference value :  3.48640e-09
 Reference value :  3.51140e-09
 Reference value :  3.53140e-09
 Reference value :  3.54640e-09
 Reference value :  3.56640e-09
 Reference value :  3.59140e-09
 Reference value :  3.61140e-09
 Reference value :  3.63140e-09
 Reference value :  3.65640e-09
 Reference value :  3.67640e-09
 Reference value :  3.69640e-09
 Reference value :  3.71640e-09
 Reference value :  3.73640e-09
 Reference value :  3.75640e-09
 Reference value :  3.77640e-09
 Reference value :  3.80640e-09
 Reference value :  3.82640e-09
 Reference value :  3.84640e-09
 Reference value :  3.86140e-09
 Reference value :  3.88640e-09
 Reference value :  3.90640e-09
 Reference value :  3.92640e-09
 Reference value :  3.94140e-09
 Reference value :  3.96140e-09
 Reference value :  3.98140e-09
 Reference value :  4.00140e-09
 Reference value :  4.02140e-09
 Reference value :  4.04140e-09
 Reference value :  4.06140e-09
 Reference value :  4.08140e-09
 Reference value :  4.10140e-09
 Reference value :  4.12140e-09
 Reference value :  4.14140e-09
 Reference value :  4.16140e-09
 Reference value :  4.18140e-09
 Reference value :  4.20140e-09
 Reference value :  4.22140e-09
 Reference value :  4.24640e-09
 Reference value :  4.26140e-09
 Reference value :  4.28140e-09
 Reference value :  4.30140e-09
 Reference value :  4.32640e-09
 Reference value :  4.35140e-09
 Reference value :  4.37140e-09
 Reference value :  4.39140e-09
 Reference value :  4.41140e-09
 Reference value :  4.43140e-09
 Reference value :  4.45140e-09
 Reference value :  4.46640e-09
 Reference value :  4.49140e-09
 Reference value :  4.52140e-09
 Reference value :  4.54640e-09
 Reference value :  4.56640e-09
 Reference value :  4.58640e-09
 Reference value :  4.61140e-09
 Reference value :  4.63140e-09
 Reference value :  4.65140e-09
 Reference value :  4.66640e-09
 Reference value :  4.68640e-09
 Reference value :  4.70140e-09
 Reference value :  4.71640e-09
 Reference value :  4.73640e-09
 Reference value :  4.75640e-09
 Reference value :  4.77640e-09
 Reference value :  4.80640e-09
 Reference value :  4.82640e-09
 Reference value :  4.84640e-09
 Reference value :  4.87140e-09
 Reference value :  4.89140e-09
 Reference value :  4.91140e-09
 Reference value :  4.93140e-09
 Reference value :  4.94640e-09
 Reference value :  4.96640e-09
 Reference value :  4.98140e-09
 Reference value :  5.00000e-09
 Reference value :  5.00350e-09
 Reference value :  5.02250e-09
 Reference value :  5.04250e-09
 Reference value :  5.06250e-09
 Reference value :  5.08250e-09
 Reference value :  5.10000e-09
 Reference value :  5.10750e-09
 Reference value :  5.12750e-09
 Reference value :  5.15250e-09
 Reference value :  5.17250e-09
 Reference value :  5.19250e-09
 Reference value :  5.20750e-09
 Reference value :  5.22750e-09
 Reference value :  5.24750e-09
 Reference value :  5.26750e-09
 Reference value :  5.28250e-09
 Reference value :  5.30250e-09
 Reference value :  5.32250e-09
 Reference value :  5.34250e-09
 Reference value :  5.35750e-09
 Reference value :  5.36750e-09
 Reference value :  5.38250e-09
 Reference value :  5.40750e-09
 Reference value :  5.42750e-09
 Reference value :  5.44750e-09
 Reference value :  5.46750e-09
 Reference value :  5.48750e-09
 Reference value :  5.51250e-09
 Reference value :  5.53250e-09
 Reference value :  5.55750e-09
 Reference value :  5.57750e-09
 Reference value :  5.59250e-09
 Reference value :  5.61250e-09
 Reference value :  5.63250e-09
 Reference value :  5.65750e-09
 Reference value :  5.67250e-09
 Reference value :  5.69750e-09
 Reference value :  5.71250e-09
 Reference value :  5.72750e-09
 Reference value :  5.74750e-09
 Reference value :  5.76750e-09
 Reference value :  5.79250e-09
 Reference value :  5.81250e-09
 Reference value :  5.83250e-09
 Reference value :  5.85250e-09
 Reference value :  5.86750e-09
 Reference value :  5.88250e-09
 Reference value :  5.90250e-09
 Reference value :  5.92250e-09
 Reference value :  5.94250e-09
 Reference value :  5.96250e-09
 Reference value :  5.97750e-09
 Reference value :  5.99750e-09
 Reference value :  6.01750e-09
 Reference value :  6.04750e-09
 Reference value :  6.07250e-09
 Reference value :  6.09750e-09
 Reference value :  6.11750e-09
 Reference value :  6.13750e-09
 Reference value :  6.16250e-09
 Reference value :  6.18750e-09
 Reference value :  6.20750e-09
 Reference value :  6.22750e-09
 Reference value :  6.24250e-09
 Reference value :  6.26250e-09
 Reference value :  6.27750e-09
 Reference value :  6.29750e-09
 Reference value :  6.31750e-09
 Reference value :  6.34250e-09
 Reference value :  6.36750e-09
 Reference value :  6.38750e-09
 Reference value :  6.41250e-09
 Reference value :  6.43250e-09
 Reference value :  6.45750e-09
 Reference value :  6.47750e-09
 Reference value :  6.49750e-09
 Reference value :  6.51750e-09
 Reference value :  6.53750e-09
 Reference value :  6.55750e-09
 Reference value :  6.57750e-09
 Reference value :  6.59750e-09
 Reference value :  6.61750e-09
 Reference value :  6.63750e-09
 Reference value :  6.66250e-09
 Reference value :  6.68250e-09
 Reference value :  6.71250e-09
 Reference value :  6.73250e-09
 Reference value :  6.75750e-09
 Reference value :  6.78250e-09
 Reference value :  6.80250e-09
 Reference value :  6.82250e-09
 Reference value :  6.84250e-09
 Reference value :  6.85750e-09
 Reference value :  6.87750e-09
 Reference value :  6.89750e-09
 Reference value :  6.91750e-09
 Reference value :  6.94250e-09
 Reference value :  6.96250e-09
 Reference value :  6.98250e-09
 Reference value :  7.00250e-09
 Reference value :  7.02250e-09
 Reference value :  7.04250e-09
 Reference value :  7.06750e-09
 Reference value :  7.08750e-09
 Reference value :  7.10750e-09
 Reference value :  7.12750e-09
 Reference value :  7.14250e-09
 Reference value :  7.16250e-09
 Reference value :  7.18750e-09
 Reference value :  7.20750e-09
 Reference value :  7.22250e-09
 Reference value :  7.24250e-09
 Reference value :  7.26250e-09
 Reference value :  7.27750e-09
 Reference value :  7.29750e-09
 Reference value :  7.31750e-09
 Reference value :  7.33750e-09
 Reference value :  7.35750e-09
 Reference value :  7.37750e-09
 Reference value :  7.40250e-09
 Reference value :  7.42250e-09
 Reference value :  7.43750e-09
 Reference value :  7.45750e-09
 Reference value :  7.47750e-09
 Reference value :  7.49750e-09
 Reference value :  7.51750e-09
 Reference value :  7.53250e-09
 Reference value :  7.55250e-09
 Reference value :  7.57750e-09
 Reference value :  7.59250e-09
 Reference value :  7.61250e-09
 Reference value :  7.63250e-09
 Reference value :  7.65250e-09
 Reference value :  7.67250e-09
 Reference value :  7.68750e-09
 Reference value :  7.70250e-09
 Reference value :  7.72250e-09
 Reference value :  7.74250e-09
 Reference value :  7.76250e-09
 Reference value :  7.78250e-09
 Reference value :  7.80250e-09
 Reference value :  7.82250e-09
 Reference value :  7.84750e-09
 Reference value :  7.87250e-09
 Reference value :  7.89250e-09
 Reference value :  7.91250e-09
 Reference value :  7.92750e-09
 Reference value :  7.94750e-09
 Reference value :  7.96750e-09
 Reference value :  7.98750e-09
 Reference value :  8.00750e-09
 Reference value :  8.02250e-09
 Reference value :  8.03750e-09
 Reference value :  8.06250e-09
 Reference value :  8.08250e-09
 Reference value :  8.10250e-09
 Reference value :  8.12750e-09
 Reference value :  8.15750e-09
 Reference value :  8.17750e-09
 Reference value :  8.19750e-09
 Reference value :  8.21750e-09
 Reference value :  8.23750e-09
 Reference value :  8.26250e-09
 Reference value :  8.28250e-09
 Reference value :  8.30250e-09
 Reference value :  8.32250e-09
 Reference value :  8.33750e-09
 Reference value :  8.36250e-09
 Reference value :  8.38750e-09
 Reference value :  8.40250e-09
 Reference value :  8.42750e-09
 Reference value :  8.44250e-09
 Reference value :  8.46250e-09
 Reference value :  8.48750e-09
 Reference value :  8.50750e-09
 Reference value :  8.52750e-09
 Reference value :  8.54750e-09
 Reference value :  8.57250e-09
 Reference value :  8.59750e-09
 Reference value :  8.61750e-09
 Reference value :  8.64250e-09
 Reference value :  8.66750e-09
 Reference value :  8.68750e-09
 Reference value :  8.70750e-09
 Reference value :  8.72750e-09
 Reference value :  8.75250e-09
 Reference value :  8.77250e-09
 Reference value :  8.79250e-09
 Reference value :  8.81250e-09
 Reference value :  8.83250e-09
 Reference value :  8.85250e-09
 Reference value :  8.87750e-09
 Reference value :  8.89750e-09
 Reference value :  8.92250e-09
 Reference value :  8.94250e-09
 Reference value :  8.96250e-09
 Reference value :  8.97750e-09
 Reference value :  8.99750e-09
 Reference value :  9.01750e-09
 Reference value :  9.04250e-09
 Reference value :  9.06250e-09
 Reference value :  9.08250e-09
 Reference value :  9.10250e-09
 Reference value :  9.12750e-09
 Reference value :  9.15250e-09
 Reference value :  9.16750e-09
 Reference value :  9.19250e-09
 Reference value :  9.21250e-09
 Reference value :  9.23750e-09
 Reference value :  9.26250e-09
 Reference value :  9.27750e-09
 Reference value :  9.29250e-09
 Reference value :  9.31750e-09
 Reference value :  9.33750e-09
 Reference value :  9.36250e-09
 Reference value :  9.38250e-09
 Reference value :  9.39750e-09
 Reference value :  9.41750e-09
 Reference value :  9.43750e-09
 Reference value :  9.45750e-09
 Reference value :  9.47750e-09
 Reference value :  9.50250e-09
 Reference value :  9.52750e-09
 Reference value :  9.55250e-09
 Reference value :  9.58250e-09
 Reference value :  9.60250e-09
 Reference value :  9.62250e-09
 Reference value :  9.64250e-09
 Reference value :  9.66250e-09
 Reference value :  9.68250e-09
 Reference value :  9.69750e-09
 Reference value :  9.72250e-09
 Reference value :  9.74750e-09
 Reference value :  9.76250e-09
 Reference value :  9.78250e-09
 Reference value :  9.80250e-09
 Reference value :  9.82250e-09
 Reference value :  9.83750e-09
 Reference value :  9.85750e-09
 Reference value :  9.88250e-09
 Reference value :  9.90250e-09
 Reference value :  9.92250e-09
 Reference value :  9.94250e-09
 Reference value :  9.96250e-09
 Reference value :  9.98250e-09
 Reference value :  1.00025e-08
 Reference value :  1.00225e-08
 Reference value :  1.00425e-08
 Reference value :  1.00625e-08
 Reference value :  1.00825e-08
 Reference value :  1.01025e-08
 Reference value :  1.01275e-08
 Reference value :  1.01475e-08
 Reference value :  1.01675e-08
 Reference value :  1.01825e-08
 Reference value :  1.02025e-08
 Reference value :  1.02225e-08
 Reference value :  1.02425e-08
 Reference value :  1.02625e-08
 Reference value :  1.02825e-08
 Reference value :  1.03025e-08
 Reference value :  1.03225e-08
 Reference value :  1.03425e-08
 Reference value :  1.03625e-08
 Reference value :  1.03825e-08
 Reference value :  1.04025e-08
 Reference value :  1.04225e-08
 Reference value :  1.04425e-08
 Reference value :  1.04625e-08
 Reference value :  1.04875e-08
 Reference value :  1.05075e-08
 Reference value :  1.05325e-08
 Reference value :  1.05575e-08
 Reference value :  1.05825e-08
 Reference value :  1.06025e-08
 Reference value :  1.06225e-08
 Reference value :  1.06425e-08
 Reference value :  1.06625e-08
 Reference value :  1.06825e-08
 Reference value :  1.07025e-08
 Reference value :  1.07225e-08
 Reference value :  1.07475e-08
 Reference value :  1.07675e-08
 Reference value :  1.07875e-08
 Reference value :  1.08075e-08
 Reference value :  1.08275e-08
 Reference value :  1.08475e-08
 Reference value :  1.08675e-08
 Reference value :  1.08875e-08
 Reference value :  1.09075e-08
 Reference value :  1.09275e-08
 Reference value :  1.09475e-08
 Reference value :  1.09725e-08
 Reference value :  1.09925e-08
 Reference value :  1.10125e-08
 Reference value :  1.10325e-08
 Reference value :  1.10575e-08
 Reference value :  1.10775e-08
 Reference value :  1.10975e-08
 Reference value :  1.11175e-08
 Reference value :  1.11375e-08
 Reference value :  1.11575e-08
 Reference value :  1.11775e-08
 Reference value :  1.11975e-08
 Reference value :  1.12175e-08
 Reference value :  1.12375e-08
 Reference value :  1.12525e-08
 Reference value :  1.12725e-08
 Reference value :  1.12925e-08
 Reference value :  1.13125e-08
 Reference value :  1.13275e-08
 Reference value :  1.13475e-08
 Reference value :  1.13675e-08
 Reference value :  1.13875e-08
 Reference value :  1.14025e-08
 Reference value :  1.14225e-08
 Reference value :  1.14425e-08
 Reference value :  1.14675e-08
 Reference value :  1.14875e-08
 Reference value :  1.15075e-08
 Reference value :  1.15275e-08
 Reference value :  1.15425e-08
 Reference value :  1.15625e-08
 Reference value :  1.15875e-08
 Reference value :  1.16025e-08
 Reference value :  1.16175e-08
 Reference value :  1.16375e-08
 Reference value :  1.16575e-08
 Reference value :  1.16775e-08
 Reference value :  1.16925e-08
 Reference value :  1.17075e-08
 Reference value :  1.17325e-08
 Reference value :  1.17575e-08
 Reference value :  1.17825e-08
 Reference value :  1.18025e-08
 Reference value :  1.18225e-08
 Reference value :  1.18425e-08
 Reference value :  1.18625e-08
 Reference value :  1.18825e-08
 Reference value :  1.19025e-08
 Reference value :  1.19225e-08
 Reference value :  1.19425e-08
 Reference value :  1.19675e-08
 Reference value :  1.19875e-08
 Reference value :  1.20075e-08
 Reference value :  1.20275e-08
 Reference value :  1.20475e-08
 Reference value :  1.20675e-08
 Reference value :  1.20875e-08
 Reference value :  1.21075e-08
 Reference value :  1.21325e-08
 Reference value :  1.21575e-08
 Reference value :  1.21775e-08
 Reference value :  1.21925e-08
 Reference value :  1.22125e-08
 Reference value :  1.22325e-08
 Reference value :  1.22525e-08
 Reference value :  1.22675e-08
 Reference value :  1.22925e-08
 Reference value :  1.23175e-08
 Reference value :  1.23375e-08
 Reference value :  1.23575e-08
 Reference value :  1.23775e-08
 Reference value :  1.23975e-08
 Reference value :  1.24175e-08
 Reference value :  1.24375e-08
 Reference value :  1.24525e-08
 Reference value :  1.24725e-08
 Reference value :  1.24925e-08
 Reference value :  1.25225e-08
 Reference value :  1.25475e-08
 Reference value :  1.25725e-08
 Reference value :  1.25925e-08
 Reference value :  1.26125e-08
 Reference value :  1.26325e-08
 Reference value :  1.26525e-08
 Reference value :  1.26725e-08
 Reference value :  1.26925e-08
 Reference value :  1.27125e-08
 Reference value :  1.27325e-08
 Reference value :  1.27525e-08
 Reference value :  1.27725e-08
 Reference value :  1.27925e-08
 Reference value :  1.28175e-08
 Reference value :  1.28375e-08
 Reference value :  1.28625e-08
 Reference value :  1.28825e-08
 Reference value :  1.29025e-08
 Reference value :  1.29275e-08
 Reference value :  1.29475e-08
 Reference value :  1.29725e-08
 Reference value :  1.29925e-08
 Reference value :  1.30175e-08
 Reference value :  1.30375e-08
 Reference value :  1.30525e-08
 Reference value :  1.30725e-08
 Reference value :  1.30875e-08
 Reference value :  1.31075e-08
 Reference value :  1.31325e-08
 Reference value :  1.31575e-08
 Reference value :  1.31775e-08
 Reference value :  1.31975e-08
 Reference value :  1.32175e-08
 Reference value :  1.32375e-08
 Reference value :  1.32575e-08
 Reference value :  1.32775e-08
 Reference value :  1.33175e-08
 Reference value :  1.33425e-08
 Reference value :  1.33725e-08
 Reference value :  1.33875e-08
 Reference value :  1.34125e-08
 Reference value :  1.34325e-08
 Reference value :  1.34525e-08
 Reference value :  1.34725e-08
 Reference value :  1.34925e-08
 Reference value :  1.35125e-08
 Reference value :  1.35275e-08
 Reference value :  1.35475e-08
 Reference value :  1.35675e-08
 Reference value :  1.35875e-08
 Reference value :  1.36125e-08
 Reference value :  1.36275e-08
 Reference value :  1.36525e-08
 Reference value :  1.36725e-08
 Reference value :  1.36925e-08
 Reference value :  1.37125e-08
 Reference value :  1.37375e-08
 Reference value :  1.37625e-08
 Reference value :  1.37875e-08
 Reference value :  1.38075e-08
 Reference value :  1.38275e-08
 Reference value :  1.38475e-08
 Reference value :  1.38675e-08
 Reference value :  1.38925e-08
 Reference value :  1.39125e-08
 Reference value :  1.39325e-08
 Reference value :  1.39575e-08
 Reference value :  1.39775e-08
 Reference value :  1.39925e-08
 Reference value :  1.40125e-08
 Reference value :  1.40275e-08
 Reference value :  1.40525e-08
 Reference value :  1.40675e-08
 Reference value :  1.40825e-08
 Reference value :  1.41075e-08
 Reference value :  1.41275e-08
 Reference value :  1.41475e-08
 Reference value :  1.41725e-08
 Reference value :  1.41975e-08
 Reference value :  1.42125e-08
 Reference value :  1.42325e-08
 Reference value :  1.42525e-08
 Reference value :  1.42775e-08
 Reference value :  1.42975e-08
 Reference value :  1.43175e-08
 Reference value :  1.43425e-08
 Reference value :  1.43675e-08
 Reference value :  1.43875e-08
 Reference value :  1.44075e-08
 Reference value :  1.44275e-08
 Reference value :  1.44475e-08
 Reference value :  1.44675e-08
 Reference value :  1.44875e-08
 Reference value :  1.45075e-08
 Reference value :  1.45275e-08
 Reference value :  1.45525e-08
 Reference value :  1.45725e-08
 Reference value :  1.45925e-08
 Reference value :  1.46125e-08
 Reference value :  1.46325e-08
 Reference value :  1.46525e-08
 Reference value :  1.46725e-08
 Reference value :  1.46925e-08
 Reference value :  1.47125e-08
 Reference value :  1.47325e-08
 Reference value :  1.47525e-08
 Reference value :  1.47775e-08
 Reference value :  1.47975e-08
 Reference value :  1.48225e-08
 Reference value :  1.48475e-08
 Reference value :  1.48675e-08
 Reference value :  1.48825e-08
 Reference value :  1.49075e-08
 Reference value :  1.49275e-08
 Reference value :  1.49475e-08
 Reference value :  1.49725e-08
 Reference value :  1.49925e-08
 Reference value :  1.50175e-08
 Reference value :  1.50425e-08
 Reference value :  1.50625e-08
 Reference value :  1.50825e-08
 Reference value :  1.51075e-08
 Reference value :  1.51275e-08
 Reference value :  1.51475e-08
 Reference value :  1.51725e-08
 Reference value :  1.51875e-08
 Reference value :  1.52075e-08
 Reference value :  1.52275e-08
 Reference value :  1.52475e-08
 Reference value :  1.52675e-08
 Reference value :  1.52875e-08
 Reference value :  1.53025e-08
 Reference value :  1.53175e-08
 Reference value :  1.53375e-08
 Reference value :  1.53575e-08
 Reference value :  1.53725e-08
 Reference value :  1.53925e-08
 Reference value :  1.54125e-08
 Reference value :  1.54325e-08
 Reference value :  1.54575e-08
 Reference value :  1.54775e-08
 Reference value :  1.54925e-08
 Reference value :  1.55125e-08
 Reference value :  1.55375e-08
 Reference value :  1.55575e-08
 Reference value :  1.55725e-08
 Reference value :  1.55975e-08
 Reference value :  1.56175e-08
 Reference value :  1.56375e-08
 Reference value :  1.56575e-08
 Reference value :  1.56775e-08
 Reference value :  1.56975e-08
 Reference value :  1.57175e-08
 Reference value :  1.57375e-08
 Reference value :  1.57575e-08
 Reference value :  1.57775e-08
 Reference value :  1.57975e-08
 Reference value :  1.58175e-08
 Reference value :  1.58325e-08
 Reference value :  1.58525e-08
 Reference value :  1.58725e-08
 Reference value :  1.58975e-08
 Reference value :  1.59175e-08
 Reference value :  1.59375e-08
 Reference value :  1.59575e-08
 Reference value :  1.59725e-08
 Reference value :  1.59875e-08
 Reference value :  1.60125e-08
 Reference value :  1.60325e-08
 Reference value :  1.60575e-08
 Reference value :  1.60825e-08
 Reference value :  1.60975e-08
 Reference value :  1.61175e-08
 Reference value :  1.61375e-08
 Reference value :  1.61575e-08
 Reference value :  1.61775e-08
 Reference value :  1.61925e-08
 Reference value :  1.62125e-08
 Reference value :  1.62325e-08
 Reference value :  1.62575e-08
 Reference value :  1.62775e-08
 Reference value :  1.62975e-08
 Reference value :  1.63125e-08
 Reference value :  1.63325e-08
 Reference value :  1.63525e-08
 Reference value :  1.63725e-08
 Reference value :  1.63925e-08
 Reference value :  1.64125e-08
 Reference value :  1.64325e-08
 Reference value :  1.64525e-08
 Reference value :  1.64725e-08
 Reference value :  1.64975e-08
 Reference value :  1.65225e-08
 Reference value :  1.65475e-08
 Reference value :  1.65725e-08
 Reference value :  1.65925e-08
 Reference value :  1.66075e-08
 Reference value :  1.66275e-08
 Reference value :  1.66475e-08
 Reference value :  1.66675e-08
 Reference value :  1.66875e-08
 Reference value :  1.67075e-08
 Reference value :  1.67225e-08
 Reference value :  1.67375e-08
 Reference value :  1.67575e-08
 Reference value :  1.67825e-08
 Reference value :  1.68075e-08
 Reference value :  1.68275e-08
 Reference value :  1.68475e-08
 Reference value :  1.68675e-08
 Reference value :  1.68875e-08
 Reference value :  1.69075e-08
 Reference value :  1.69275e-08
 Reference value :  1.69475e-08
 Reference value :  1.69675e-08
 Reference value :  1.69875e-08
 Reference value :  1.70125e-08
 Reference value :  1.70325e-08
 Reference value :  1.70575e-08
 Reference value :  1.70775e-08
 Reference value :  1.70975e-08
 Reference value :  1.71175e-08
 Reference value :  1.71375e-08
 Reference value :  1.71575e-08
 Reference value :  1.71775e-08
 Reference value :  1.71975e-08
 Reference value :  1.72175e-08
 Reference value :  1.72375e-08
 Reference value :  1.72525e-08
 Reference value :  1.72725e-08
 Reference value :  1.72925e-08
 Reference value :  1.73125e-08
 Reference value :  1.73325e-08
 Reference value :  1.73525e-08
 Reference value :  1.73675e-08
 Reference value :  1.73925e-08
 Reference value :  1.74125e-08
 Reference value :  1.74325e-08
 Reference value :  1.74625e-08
 Reference value :  1.74825e-08
 Reference value :  1.75075e-08
 Reference value :  1.75275e-08
 Reference value :  1.75475e-08
 Reference value :  1.75675e-08
 Reference value :  1.75825e-08
 Reference value :  1.75975e-08
 Reference value :  1.76225e-08
 Reference value :  1.76425e-08
 Reference value :  1.76675e-08
 Reference value :  1.76875e-08
 Reference value :  1.77025e-08
 Reference value :  1.77175e-08
 Reference value :  1.77375e-08
 Reference value :  1.77575e-08
 Reference value :  1.77775e-08
 Reference value :  1.78075e-08
 Reference value :  1.78275e-08
 Reference value :  1.78525e-08
 Reference value :  1.78675e-08
 Reference value :  1.78825e-08
 Reference value :  1.78975e-08
 Reference value :  1.79125e-08
 Reference value :  1.79325e-08
 Reference value :  1.79525e-08
 Reference value :  1.79725e-08
 Reference value :  1.79925e-08
 Reference value :  1.80125e-08
 Reference value :  1.80325e-08
 Reference value :  1.80475e-08
 Reference value :  1.80725e-08
 Reference value :  1.80925e-08
 Reference value :  1.81125e-08
 Reference value :  1.81325e-08
 Reference value :  1.81525e-08
 Reference value :  1.81675e-08
 Reference value :  1.81875e-08
 Reference value :  1.82075e-08
 Reference value :  1.82225e-08
 Reference value :  1.82425e-08
 Reference value :  1.82625e-08
 Reference value :  1.82825e-08
 Reference value :  1.83025e-08
 Reference value :  1.83225e-08
 Reference value :  1.83425e-08
 Reference value :  1.83575e-08
 Reference value :  1.83775e-08
 Reference value :  1.83975e-08
 Reference value :  1.84225e-08
 Reference value :  1.84425e-08
 Reference value :  1.84625e-08
 Reference value :  1.84825e-08
 Reference value :  1.85025e-08
 Reference value :  1.85225e-08
 Reference value :  1.85475e-08
 Reference value :  1.85675e-08
 Reference value :  1.85875e-08
 Reference value :  1.86125e-08
 Reference value :  1.86425e-08
 Reference value :  1.86625e-08
 Reference value :  1.86875e-08
 Reference value :  1.87075e-08
 Reference value :  1.87375e-08
 Reference value :  1.87575e-08
 Reference value :  1.87775e-08
 Reference value :  1.87975e-08
 Reference value :  1.88175e-08
 Reference value :  1.88475e-08
 Reference value :  1.88725e-08
 Reference value :  1.88925e-08
 Reference value :  1.89125e-08
 Reference value :  1.89275e-08
 Reference value :  1.89525e-08
 Reference value :  1.89725e-08
 Reference value :  1.89925e-08
 Reference value :  1.90175e-08
 Reference value :  1.90375e-08
 Reference value :  1.90625e-08
 Reference value :  1.90825e-08
 Reference value :  1.91025e-08
 Reference value :  1.91225e-08
 Reference value :  1.91425e-08
 Reference value :  1.91575e-08
 Reference value :  1.91825e-08
 Reference value :  1.92075e-08
 Reference value :  1.92325e-08
 Reference value :  1.92525e-08
 Reference value :  1.92725e-08
 Reference value :  1.92925e-08
 Reference value :  1.93125e-08
 Reference value :  1.93325e-08
 Reference value :  1.93525e-08
 Reference value :  1.93725e-08
 Reference value :  1.93875e-08
 Reference value :  1.94075e-08
 Reference value :  1.94325e-08
 Reference value :  1.94525e-08
 Reference value :  1.94725e-08
 Reference value :  1.94975e-08
 Reference value :  1.95225e-08
 Reference value :  1.95425e-08
 Reference value :  1.95625e-08
 Reference value :  1.95825e-08
 Reference value :  1.96075e-08
 Reference value :  1.96275e-08
 Reference value :  1.96475e-08
 Reference value :  1.96625e-08
 Reference value :  1.96825e-08
 Reference value :  1.97025e-08
 Reference value :  1.97225e-08
 Reference value :  1.97425e-08
 Reference value :  1.97625e-08
 Reference value :  1.97825e-08
 Reference value :  1.98075e-08
 Reference value :  1.98275e-08
 Reference value :  1.98475e-08
 Reference value :  1.98625e-08
 Reference value :  1.98875e-08
 Reference value :  1.99075e-08
 Reference value :  1.99275e-08
 Reference value :  1.99475e-08
 Reference value :  1.99675e-08
 Reference value :  1.99875e-08
 Reference value :  2.00125e-08
 Reference value :  2.00375e-08
 Reference value :  2.00575e-08
 Reference value :  2.00825e-08
 Reference value :  2.01075e-08
 Reference value :  2.01275e-08
 Reference value :  2.01475e-08
 Reference value :  2.01725e-08
 Reference value :  2.01925e-08
 Reference value :  2.02125e-08
 Reference value :  2.02325e-08
 Reference value :  2.02575e-08
 Reference value :  2.02775e-08
 Reference value :  2.02925e-08
 Reference value :  2.03125e-08
 Reference value :  2.03325e-08
 Reference value :  2.03575e-08
 Reference value :  2.03775e-08
 Reference value :  2.03925e-08
 Reference value :  2.04125e-08
 Reference value :  2.04325e-08
 Reference value :  2.04575e-08
 Reference value :  2.04775e-08
 Reference value :  2.05025e-08
 Reference value :  2.05175e-08
 Reference value :  2.05325e-08
 Reference value :  2.05525e-08
 Reference value :  2.05725e-08
 Reference value :  2.05925e-08
 Reference value :  2.06125e-08
 Reference value :  2.06325e-08
 Reference value :  2.06525e-08
 Reference value :  2.06725e-08
 Reference value :  2.06925e-08
 Reference value :  2.07125e-08
 Reference value :  2.07325e-08
 Reference value :  2.07525e-08
 Reference value :  2.07725e-08
 Reference value :  2.07925e-08
 Reference value :  2.08175e-08
 Reference value :  2.08375e-08
 Reference value :  2.08575e-08
 Reference value :  2.08725e-08
 Reference value :  2.08925e-08
 Reference value :  2.09125e-08
 Reference value :  2.09325e-08
 Reference value :  2.09625e-08
 Reference value :  2.09825e-08
 Reference value :  2.10025e-08
 Reference value :  2.10225e-08
 Reference value :  2.10425e-08
 Reference value :  2.10625e-08
 Reference value :  2.10775e-08
 Reference value :  2.11025e-08
 Reference value :  2.11275e-08
 Reference value :  2.11425e-08
 Reference value :  2.11625e-08
 Reference value :  2.11825e-08
 Reference value :  2.12075e-08
 Reference value :  2.12275e-08
 Reference value :  2.12525e-08
 Reference value :  2.12725e-08
 Reference value :  2.12975e-08
 Reference value :  2.13225e-08
 Reference value :  2.13475e-08
 Reference value :  2.13675e-08
 Reference value :  2.13875e-08
 Reference value :  2.14075e-08
 Reference value :  2.14275e-08
 Reference value :  2.14475e-08
 Reference value :  2.14675e-08
 Reference value :  2.14875e-08
 Reference value :  2.15075e-08
 Reference value :  2.15275e-08
 Reference value :  2.15475e-08
 Reference value :  2.15675e-08
 Reference value :  2.15875e-08
 Reference value :  2.16075e-08
 Reference value :  2.16275e-08
 Reference value :  2.16475e-08
 Reference value :  2.16675e-08
 Reference value :  2.16875e-08
 Reference value :  2.17075e-08
 Reference value :  2.17275e-08
 Reference value :  2.17475e-08
 Reference value :  2.17725e-08
 Reference value :  2.17925e-08
 Reference value :  2.18125e-08
 Reference value :  2.18325e-08
 Reference value :  2.18575e-08
 Reference value :  2.18825e-08
 Reference value :  2.19025e-08
 Reference value :  2.19225e-08
 Reference value :  2.19425e-08
 Reference value :  2.19675e-08
 Reference value :  2.19875e-08
 Reference value :  2.20025e-08
 Reference value :  2.20225e-08
 Reference value :  2.20425e-08
 Reference value :  2.20625e-08
 Reference value :  2.20825e-08
 Reference value :  2.21025e-08
 Reference value :  2.21225e-08
 Reference value :  2.21475e-08
 Reference value :  2.21725e-08
 Reference value :  2.21925e-08
 Reference value :  2.22125e-08
 Reference value :  2.22375e-08
 Reference value :  2.22625e-08
 Reference value :  2.22825e-08
 Reference value :  2.23025e-08
 Reference value :  2.23175e-08
 Reference value :  2.23375e-08
 Reference value :  2.23575e-08
 Reference value :  2.23775e-08
 Reference value :  2.23975e-08
 Reference value :  2.24175e-08
 Reference value :  2.24375e-08
 Reference value :  2.24625e-08
 Reference value :  2.24825e-08
 Reference value :  2.25025e-08
 Reference value :  2.25225e-08
 Reference value :  2.25425e-08
 Reference value :  2.25675e-08
 Reference value :  2.25875e-08
 Reference value :  2.26075e-08
 Reference value :  2.26275e-08
 Reference value :  2.26475e-08
 Reference value :  2.26725e-08
 Reference value :  2.26975e-08
 Reference value :  2.27175e-08
 Reference value :  2.27375e-08
 Reference value :  2.27575e-08
 Reference value :  2.27775e-08
 Reference value :  2.27975e-08
 Reference value :  2.28175e-08
 Reference value :  2.28375e-08
 Reference value :  2.28575e-08
 Reference value :  2.28775e-08
 Reference value :  2.28975e-08
 Reference value :  2.29175e-08
 Reference value :  2.29375e-08
 Reference value :  2.29575e-08
 Reference value :  2.29775e-08
 Reference value :  2.29975e-08
 Reference value :  2.30175e-08
 Reference value :  2.30375e-08
 Reference value :  2.30575e-08
 Reference value :  2.30825e-08
 Reference value :  2.31025e-08
 Reference value :  2.31275e-08
 Reference value :  2.31475e-08
 Reference value :  2.31675e-08
 Reference value :  2.31875e-08
 Reference value :  2.32075e-08
 Reference value :  2.32275e-08
 Reference value :  2.32475e-08
 Reference value :  2.32675e-08
 Reference value :  2.32875e-08
 Reference value :  2.33075e-08
 Reference value :  2.33275e-08
 Reference value :  2.33525e-08
 Reference value :  2.33725e-08
 Reference value :  2.33925e-08
 Reference value :  2.34125e-08
 Reference value :  2.34325e-08
 Reference value :  2.34525e-08
 Reference value :  2.34725e-08
 Reference value :  2.34925e-08
 Reference value :  2.35125e-08
 Reference value :  2.35325e-08
 Reference value :  2.35475e-08
 Reference value :  2.35675e-08
 Reference value :  2.35875e-08
 Reference value :  2.36075e-08
 Reference value :  2.36275e-08
 Reference value :  2.36475e-08
 Reference value :  2.36675e-08
 Reference value :  2.36875e-08
 Reference value :  2.37075e-08
 Reference value :  2.37325e-08
 Reference value :  2.37525e-08
 Reference value :  2.37725e-08
 Reference value :  2.37975e-08
 Reference value :  2.38175e-08
 Reference value :  2.38375e-08
 Reference value :  2.38575e-08
 Reference value :  2.38775e-08
 Reference value :  2.39025e-08
 Reference value :  2.39225e-08
 Reference value :  2.39425e-08
 Reference value :  2.39625e-08
 Reference value :  2.39825e-08
 Reference value :  2.40075e-08
 Reference value :  2.40275e-08
 Reference value :  2.40475e-08
 Reference value :  2.40675e-08
 Reference value :  2.40875e-08
 Reference value :  2.41075e-08
 Reference value :  2.41275e-08
 Reference value :  2.41475e-08
 Reference value :  2.41675e-08
 Reference value :  2.41875e-08
 Reference value :  2.42075e-08
 Reference value :  2.42275e-08
 Reference value :  2.42475e-08
 Reference value :  2.42725e-08
 Reference value :  2.42975e-08
 Reference value :  2.43175e-08
 Reference value :  2.43375e-08
 Reference value :  2.43575e-08
 Reference value :  2.43775e-08
 Reference value :  2.43925e-08
 Reference value :  2.44125e-08
 Reference value :  2.44375e-08
 Reference value :  2.44575e-08
 Reference value :  2.44825e-08
 Reference value :  2.45075e-08
 Reference value :  2.45275e-08
 Reference value :  2.45525e-08
 Reference value :  2.45725e-08
 Reference value :  2.45925e-08
 Reference value :  2.46175e-08
 Reference value :  2.46375e-08
 Reference value :  2.46525e-08
 Reference value :  2.46725e-08
 Reference value :  2.46925e-08
 Reference value :  2.47125e-08
 Reference value :  2.47325e-08
 Reference value :  2.47525e-08
 Reference value :  2.47725e-08
 Reference value :  2.47925e-08
 Reference value :  2.48175e-08
 Reference value :  2.48375e-08
 Reference value :  2.48625e-08
 Reference value :  2.48825e-08
 Reference value :  2.49025e-08
 Reference value :  2.49225e-08
 Reference value :  2.49425e-08
 Reference value :  2.49625e-08
 Reference value :  2.49825e-08
 Reference value :  2.49975e-08
 Reference value :  2.50175e-08
 Reference value :  2.50375e-08
 Reference value :  2.50575e-08
 Reference value :  2.50775e-08
 Reference value :  2.50975e-08
 Reference value :  2.51175e-08
 Reference value :  2.51425e-08
 Reference value :  2.51625e-08
 Reference value :  2.51825e-08
 Reference value :  2.52075e-08
 Reference value :  2.52275e-08
 Reference value :  2.52475e-08
 Reference value :  2.52675e-08
 Reference value :  2.52875e-08
 Reference value :  2.53075e-08
 Reference value :  2.53275e-08
 Reference value :  2.53475e-08
 Reference value :  2.53725e-08
 Reference value :  2.53925e-08
 Reference value :  2.54175e-08
 Reference value :  2.54475e-08
 Reference value :  2.54625e-08
 Reference value :  2.54875e-08
 Reference value :  2.55075e-08
 Reference value :  2.55275e-08
 Reference value :  2.55475e-08
 Reference value :  2.55725e-08
 Reference value :  2.55925e-08
 Reference value :  2.56175e-08
 Reference value :  2.56325e-08
 Reference value :  2.56575e-08
 Reference value :  2.56775e-08
 Reference value :  2.56925e-08
 Reference value :  2.57175e-08
 Reference value :  2.57425e-08
 Reference value :  2.57625e-08
 Reference value :  2.57825e-08
 Reference value :  2.58025e-08
 Reference value :  2.58225e-08
 Reference value :  2.58425e-08
 Reference value :  2.58575e-08
 Reference value :  2.58825e-08
 Reference value :  2.59025e-08
 Reference value :  2.59225e-08
 Reference value :  2.59425e-08
 Reference value :  2.59675e-08
 Reference value :  2.59925e-08
 Reference value :  2.60125e-08
 Reference value :  2.60325e-08
 Reference value :  2.60525e-08
 Reference value :  2.60775e-08
 Reference value :  2.60975e-08
 Reference value :  2.61175e-08
 Reference value :  2.61425e-08
 Reference value :  2.61675e-08
 Reference value :  2.61925e-08
 Reference value :  2.62125e-08
 Reference value :  2.62325e-08
 Reference value :  2.62575e-08
 Reference value :  2.62775e-08
 Reference value :  2.62975e-08
 Reference value :  2.63175e-08
 Reference value :  2.63425e-08
 Reference value :  2.63675e-08
 Reference value :  2.63875e-08
 Reference value :  2.64125e-08
 Reference value :  2.64375e-08
 Reference value :  2.64625e-08
 Reference value :  2.64775e-08
 Reference value :  2.64925e-08
 Reference value :  2.65125e-08
 Reference value :  2.65325e-08
 Reference value :  2.65575e-08
 Reference value :  2.65725e-08
 Reference value :  2.65925e-08
 Reference value :  2.66125e-08
 Reference value :  2.66325e-08
 Reference value :  2.66475e-08
 Reference value :  2.66625e-08
 Reference value :  2.66775e-08
 Reference value :  2.66975e-08
 Reference value :  2.67175e-08
 Reference value :  2.67425e-08
 Reference value :  2.67625e-08
 Reference value :  2.67875e-08
 Reference value :  2.68075e-08
 Reference value :  2.68275e-08
 Reference value :  2.68425e-08
 Reference value :  2.68675e-08
 Reference value :  2.68875e-08
 Reference value :  2.69125e-08
 Reference value :  2.69325e-08
 Reference value :  2.69525e-08
 Reference value :  2.69725e-08
 Reference value :  2.69925e-08
 Reference value :  2.70175e-08
 Reference value :  2.70375e-08
 Reference value :  2.70575e-08
 Reference value :  2.70775e-08
 Reference value :  2.70975e-08
 Reference value :  2.71175e-08
 Reference value :  2.71425e-08
 Reference value :  2.71675e-08
 Reference value :  2.71875e-08
 Reference value :  2.72075e-08
 Reference value :  2.72325e-08
 Reference value :  2.72575e-08
 Reference value :  2.72725e-08
 Reference value :  2.72875e-08
 Reference value :  2.73075e-08
 Reference value :  2.73225e-08
 Reference value :  2.73375e-08
 Reference value :  2.73575e-08
 Reference value :  2.73775e-08
 Reference value :  2.73975e-08
 Reference value :  2.74225e-08
 Reference value :  2.74475e-08
 Reference value :  2.74725e-08
 Reference value :  2.74925e-08
 Reference value :  2.75125e-08
 Reference value :  2.75325e-08
 Reference value :  2.75525e-08
 Reference value :  2.75725e-08
 Reference value :  2.75925e-08
 Reference value :  2.76125e-08
 Reference value :  2.76325e-08
 Reference value :  2.76525e-08
 Reference value :  2.76725e-08
 Reference value :  2.76925e-08
 Reference value :  2.77125e-08
 Reference value :  2.77325e-08
 Reference value :  2.77575e-08
 Reference value :  2.77775e-08
 Reference value :  2.77975e-08
 Reference value :  2.78175e-08
 Reference value :  2.78375e-08
 Reference value :  2.78625e-08
 Reference value :  2.78875e-08
 Reference value :  2.79075e-08
 Reference value :  2.79325e-08
 Reference value :  2.79525e-08
 Reference value :  2.79675e-08
 Reference value :  2.79925e-08
 Reference value :  2.80175e-08
 Reference value :  2.80375e-08
 Reference value :  2.80525e-08
 Reference value :  2.80725e-08
 Reference value :  2.80925e-08
 Reference value :  2.81125e-08
 Reference value :  2.81325e-08
 Reference value :  2.81525e-08
 Reference value :  2.81675e-08
 Reference value :  2.81925e-08
 Reference value :  2.82125e-08
 Reference value :  2.82325e-08
 Reference value :  2.82575e-08
 Reference value :  2.82725e-08
 Reference value :  2.82925e-08
 Reference value :  2.83125e-08
 Reference value :  2.83375e-08
 Reference value :  2.83525e-08
 Reference value :  2.83725e-08
 Reference value :  2.83975e-08
 Reference value :  2.84175e-08
 Reference value :  2.84425e-08
 Reference value :  2.84625e-08
 Reference value :  2.84825e-08
 Reference value :  2.85025e-08
 Reference value :  2.85225e-08
 Reference value :  2.85475e-08
 Reference value :  2.85775e-08
 Reference value :  2.85975e-08
 Reference value :  2.86175e-08
 Reference value :  2.86425e-08
 Reference value :  2.86675e-08
 Reference value :  2.86875e-08
 Reference value :  2.87075e-08
 Reference value :  2.87275e-08
 Reference value :  2.87425e-08
 Reference value :  2.87625e-08
 Reference value :  2.87825e-08
 Reference value :  2.88025e-08
 Reference value :  2.88275e-08
 Reference value :  2.88475e-08
 Reference value :  2.88725e-08
 Reference value :  2.88875e-08
 Reference value :  2.89125e-08
 Reference value :  2.89325e-08
 Reference value :  2.89475e-08
 Reference value :  2.89675e-08
 Reference value :  2.89925e-08
 Reference value :  2.90075e-08
 Reference value :  2.90275e-08
 Reference value :  2.90525e-08
 Reference value :  2.90775e-08
 Reference value :  2.90975e-08
 Reference value :  2.91175e-08
 Reference value :  2.91375e-08
 Reference value :  2.91575e-08
 Reference value :  2.91775e-08
 Reference value :  2.92025e-08
 Reference value :  2.92225e-08
 Reference value :  2.92425e-08
 Reference value :  2.92675e-08
 Reference value :  2.92825e-08
 Reference value :  2.93025e-08
 Reference value :  2.93175e-08
 Reference value :  2.93375e-08
 Reference value :  2.93625e-08
 Reference value :  2.93925e-08
 Reference value :  2.94125e-08
 Reference value :  2.94375e-08
 Reference value :  2.94575e-08
 Reference value :  2.94775e-08
 Reference value :  2.95025e-08
 Reference value :  2.95275e-08
 Reference value :  2.95475e-08
 Reference value :  2.95725e-08
 Reference value :  2.95925e-08
 Reference value :  2.96225e-08
 Reference value :  2.96475e-08
 Reference value :  2.96675e-08
 Reference value :  2.96875e-08
 Reference value :  2.97075e-08
 Reference value :  2.97225e-08
 Reference value :  2.97425e-08
 Reference value :  2.97675e-08
 Reference value :  2.97875e-08
 Reference value :  2.98125e-08
 Reference value :  2.98325e-08
 Reference value :  2.98525e-08
 Reference value :  2.98775e-08
 Reference value :  2.99025e-08
 Reference value :  2.99275e-08
 Reference value :  2.99525e-08
 Reference value :  2.99725e-08
 Reference value :  2.99925e-08
 Reference value :  3.00075e-08
 Reference value :  3.00225e-08
 Reference value :  3.00425e-08
 Reference value :  3.00625e-08
 Reference value :  3.00825e-08
 Reference value :  3.00975e-08
 Reference value :  3.01175e-08
 Reference value :  3.01425e-08
 Reference value :  3.01625e-08
 Reference value :  3.01825e-08
 Reference value :  3.02025e-08
 Reference value :  3.02275e-08
 Reference value :  3.02625e-08
 Reference value :  3.02875e-08
 Reference value :  3.03125e-08
 Reference value :  3.03375e-08
 Reference value :  3.03525e-08
 Reference value :  3.03675e-08
 Reference value :  3.03825e-08
 Reference value :  3.03975e-08
 Reference value :  3.04175e-08
 Reference value :  3.04325e-08
 Reference value :  3.04525e-08
 Reference value :  3.04725e-08
 Reference value :  3.04925e-08
 Reference value :  3.05125e-08
 Reference value :  3.05325e-08
 Reference value :  3.05525e-08
 Reference value :  3.05725e-08
 Reference value :  3.05925e-08
 Reference value :  3.06125e-08
 Reference value :  3.06375e-08
 Reference value :  3.06575e-08
 Reference value :  3.06775e-08
 Reference value :  3.06975e-08
 Reference value :  3.07175e-08
 Reference value :  3.07425e-08
 Reference value :  3.07625e-08
 Reference value :  3.07825e-08
 Reference value :  3.07975e-08
 Reference value :  3.08175e-08
 Reference value :  3.08375e-08
 Reference value :  3.08575e-08
 Reference value :  3.08775e-08
 Reference value :  3.09025e-08
 Reference value :  3.09275e-08
 Reference value :  3.09475e-08
 Reference value :  3.09675e-08
 Reference value :  3.09875e-08
 Reference value :  3.10025e-08
 Reference value :  3.10225e-08
 Reference value :  3.10425e-08
 Reference value :  3.10675e-08
 Reference value :  3.10875e-08
 Reference value :  3.11125e-08
 Reference value :  3.11325e-08
 Reference value :  3.11525e-08
 Reference value :  3.11725e-08
 Reference value :  3.11875e-08
 Reference value :  3.12125e-08
 Reference value :  3.12325e-08
 Reference value :  3.12525e-08
 Reference value :  3.12725e-08
 Reference value :  3.12925e-08
 Reference value :  3.13125e-08
 Reference value :  3.13325e-08
 Reference value :  3.13525e-08
 Reference value :  3.13725e-08
 Reference value :  3.13875e-08
 Reference value :  3.14025e-08
 Reference value :  3.14275e-08
 Reference value :  3.14475e-08
 Reference value :  3.14625e-08
 Reference value :  3.14875e-08
 Reference value :  3.15075e-08
 Reference value :  3.15275e-08
 Reference value :  3.15525e-08
 Reference value :  3.15725e-08
 Reference value :  3.15925e-08
 Reference value :  3.16175e-08
 Reference value :  3.16375e-08
 Reference value :  3.16625e-08
 Reference value :  3.16825e-08
 Reference value :  3.17025e-08
 Reference value :  3.17275e-08
 Reference value :  3.17475e-08
 Reference value :  3.17675e-08
 Reference value :  3.17925e-08
 Reference value :  3.18175e-08
 Reference value :  3.18375e-08
 Reference value :  3.18625e-08
 Reference value :  3.18875e-08
 Reference value :  3.19125e-08
 Reference value :  3.19325e-08
 Reference value :  3.19475e-08
 Reference value :  3.19675e-08
 Reference value :  3.19875e-08
 Reference value :  3.20075e-08
 Reference value :  3.20275e-08
 Reference value :  3.20525e-08
 Reference value :  3.20725e-08
 Reference value :  3.20925e-08
 Reference value :  3.21175e-08
 Reference value :  3.21325e-08
 Reference value :  3.21525e-08
 Reference value :  3.21725e-08
 Reference value :  3.21925e-08
 Reference value :  3.22125e-08
 Reference value :  3.22325e-08
 Reference value :  3.22625e-08
 Reference value :  3.22825e-08
 Reference value :  3.23025e-08
 Reference value :  3.23275e-08
 Reference value :  3.23475e-08
 Reference value :  3.23675e-08
 Reference value :  3.23825e-08
 Reference value :  3.24025e-08
 Reference value :  3.24275e-08
 Reference value :  3.24475e-08
 Reference value :  3.24725e-08
 Reference value :  3.24925e-08
 Reference value :  3.25125e-08
 Reference value :  3.25325e-08
 Reference value :  3.25525e-08
 Reference value :  3.25675e-08
 Reference value :  3.25825e-08
 Reference value :  3.26075e-08
 Reference value :  3.26225e-08
 Reference value :  3.26425e-08
 Reference value :  3.26625e-08
 Reference value :  3.26825e-08
 Reference value :  3.27025e-08
 Reference value :  3.27225e-08
 Reference value :  3.27375e-08
 Reference value :  3.27625e-08
 Reference value :  3.27825e-08
 Reference value :  3.27975e-08
 Reference value :  3.28175e-08
 Reference value :  3.28375e-08
 Reference value :  3.28575e-08
 Reference value :  3.28775e-08
 Reference value :  3.28975e-08
 Reference value :  3.29175e-08
 Reference value :  3.29325e-08
 Reference value :  3.29525e-08
 Reference value :  3.29675e-08
 Reference value :  3.29825e-08
 Reference value :  3.30025e-08
 Reference value :  3.30275e-08
 Reference value :  3.30475e-08
 Reference value :  3.30675e-08
 Reference value :  3.30875e-08
 Reference value :  3.31075e-08
 Reference value :  3.31275e-08
 Reference value :  3.31525e-08
 Reference value :  3.31725e-08
 Reference value :  3.31925e-08
 Reference value :  3.32125e-08
 Reference value :  3.32325e-08
 Reference value :  3.32525e-08
 Reference value :  3.32725e-08
 Reference value :  3.32925e-08
 Reference value :  3.33125e-08
 Reference value :  3.33325e-08
 Reference value :  3.33575e-08
 Reference value :  3.33775e-08
 Reference value :  3.33975e-08
 Reference value :  3.34175e-08
 Reference value :  3.34375e-08
 Reference value :  3.34575e-08
 Reference value :  3.34825e-08
 Reference value :  3.35025e-08
 Reference value :  3.35225e-08
 Reference value :  3.35425e-08
 Reference value :  3.35675e-08
 Reference value :  3.35875e-08
 Reference value :  3.36075e-08
 Reference value :  3.36275e-08
 Reference value :  3.36525e-08
 Reference value :  3.36725e-08
 Reference value :  3.36975e-08
 Reference value :  3.37175e-08
 Reference value :  3.37425e-08
 Reference value :  3.37575e-08
 Reference value :  3.37825e-08
 Reference value :  3.38025e-08
 Reference value :  3.38225e-08
 Reference value :  3.38425e-08
 Reference value :  3.38625e-08
 Reference value :  3.38875e-08
 Reference value :  3.39075e-08
 Reference value :  3.39275e-08
 Reference value :  3.39475e-08
 Reference value :  3.39675e-08
 Reference value :  3.39925e-08
 Reference value :  3.40125e-08
 Reference value :  3.40325e-08
 Reference value :  3.40575e-08
 Reference value :  3.40775e-08
 Reference value :  3.41025e-08
 Reference value :  3.41275e-08
 Reference value :  3.41525e-08
 Reference value :  3.41725e-08
 Reference value :  3.41975e-08
 Reference value :  3.42225e-08
 Reference value :  3.42425e-08
 Reference value :  3.42625e-08
 Reference value :  3.42775e-08
 Reference value :  3.42975e-08
 Reference value :  3.43175e-08
 Reference value :  3.43425e-08
 Reference value :  3.43625e-08
 Reference value :  3.43775e-08
 Reference value :  3.43975e-08
 Reference value :  3.44175e-08
 Reference value :  3.44375e-08
 Reference value :  3.44575e-08
 Reference value :  3.44825e-08
 Reference value :  3.45075e-08
 Reference value :  3.45225e-08
 Reference value :  3.45425e-08
 Reference value :  3.45625e-08
 Reference value :  3.45775e-08
 Reference value :  3.45975e-08
 Reference value :  3.46275e-08
 Reference value :  3.46525e-08
 Reference value :  3.46875e-08
 Reference value :  3.47125e-08
 Reference value :  3.47375e-08
 Reference value :  3.47575e-08
 Reference value :  3.47775e-08
 Reference value :  3.47975e-08
 Reference value :  3.48225e-08
 Reference value :  3.48425e-08
 Reference value :  3.48625e-08
 Reference value :  3.48875e-08
 Reference value :  3.49075e-08
 Reference value :  3.49225e-08
 Reference value :  3.49475e-08
 Reference value :  3.49775e-08
 Reference value :  3.49975e-08
 Reference value :  3.50225e-08
 Reference value :  3.50425e-08
 Reference value :  3.50675e-08
 Reference value :  3.50825e-08
 Reference value :  3.50975e-08
 Reference value :  3.51125e-08
 Reference value :  3.51375e-08
 Reference value :  3.51575e-08
 Reference value :  3.51775e-08
 Reference value :  3.51975e-08
 Reference value :  3.52175e-08
 Reference value :  3.52375e-08
 Reference value :  3.52525e-08
 Reference value :  3.52725e-08
 Reference value :  3.52925e-08
 Reference value :  3.53175e-08
 Reference value :  3.53375e-08
 Reference value :  3.53625e-08
 Reference value :  3.53825e-08
 Reference value :  3.54025e-08
 Reference value :  3.54225e-08
 Reference value :  3.54425e-08
 Reference value :  3.54625e-08
 Reference value :  3.54875e-08
 Reference value :  3.55075e-08
 Reference value :  3.55275e-08
 Reference value :  3.55475e-08
 Reference value :  3.55725e-08
 Reference value :  3.55875e-08
 Reference value :  3.56075e-08
 Reference value :  3.56275e-08
 Reference value :  3.56525e-08
 Reference value :  3.56725e-08
 Reference value :  3.56975e-08
 Reference value :  3.57175e-08
 Reference value :  3.57425e-08
 Reference value :  3.57575e-08
 Reference value :  3.57775e-08
 Reference value :  3.57975e-08
 Reference value :  3.58125e-08
 Reference value :  3.58325e-08
 Reference value :  3.58525e-08
 Reference value :  3.58775e-08
 Reference value :  3.58975e-08
 Reference value :  3.59175e-08
 Reference value :  3.59375e-08
 Reference value :  3.59575e-08
 Reference value :  3.59775e-08
 Reference value :  3.59975e-08
 Reference value :  3.60175e-08
 Reference value :  3.60375e-08
 Reference value :  3.60575e-08
 Reference value :  3.60825e-08
 Reference value :  3.61025e-08
 Reference value :  3.61225e-08
 Reference value :  3.61375e-08
 Reference value :  3.61575e-08
 Reference value :  3.61725e-08
 Reference value :  3.61925e-08
 Reference value :  3.62175e-08
 Reference value :  3.62375e-08
 Reference value :  3.62525e-08
 Reference value :  3.62725e-08
 Reference value :  3.62875e-08
 Reference value :  3.63075e-08
 Reference value :  3.63275e-08
 Reference value :  3.63475e-08
 Reference value :  3.63675e-08
 Reference value :  3.63875e-08
 Reference value :  3.64075e-08
 Reference value :  3.64275e-08
 Reference value :  3.64425e-08
 Reference value :  3.64625e-08
 Reference value :  3.64825e-08
 Reference value :  3.64975e-08
 Reference value :  3.65175e-08
 Reference value :  3.65325e-08
 Reference value :  3.65525e-08
 Reference value :  3.65725e-08
 Reference value :  3.65975e-08
 Reference value :  3.66175e-08
 Reference value :  3.66375e-08
 Reference value :  3.66575e-08
 Reference value :  3.66775e-08
 Reference value :  3.66975e-08
 Reference value :  3.67175e-08
 Reference value :  3.67375e-08
 Reference value :  3.67525e-08
 Reference value :  3.67775e-08
 Reference value :  3.67975e-08
 Reference value :  3.68175e-08
 Reference value :  3.68425e-08
 Reference value :  3.68625e-08
 Reference value :  3.68825e-08
 Reference value :  3.69075e-08
 Reference value :  3.69275e-08
 Reference value :  3.69475e-08
 Reference value :  3.69725e-08
 Reference value :  3.69925e-08
 Reference value :  3.70125e-08
 Reference value :  3.70325e-08
 Reference value :  3.70525e-08
 Reference value :  3.70725e-08
 Reference value :  3.70925e-08
 Reference value :  3.71175e-08
 Reference value :  3.71375e-08
 Reference value :  3.71625e-08
 Reference value :  3.71825e-08
 Reference value :  3.72075e-08
 Reference value :  3.72275e-08
 Reference value :  3.72475e-08
 Reference value :  3.72725e-08
 Reference value :  3.72925e-08
 Reference value :  3.73125e-08
 Reference value :  3.73325e-08
 Reference value :  3.73525e-08
 Reference value :  3.73725e-08
 Reference value :  3.73925e-08
 Reference value :  3.74125e-08
 Reference value :  3.74325e-08
 Reference value :  3.74475e-08
 Reference value :  3.74675e-08
 Reference value :  3.74925e-08
 Reference value :  3.75125e-08
 Reference value :  3.75325e-08
 Reference value :  3.75475e-08
 Reference value :  3.75675e-08
 Reference value :  3.75925e-08
 Reference value :  3.76125e-08
 Reference value :  3.76325e-08
 Reference value :  3.76525e-08
 Reference value :  3.76775e-08
 Reference value :  3.77025e-08
 Reference value :  3.77275e-08
 Reference value :  3.77525e-08
 Reference value :  3.77725e-08
 Reference value :  3.77925e-08
 Reference value :  3.78175e-08
 Reference value :  3.78325e-08
 Reference value :  3.78475e-08
 Reference value :  3.78925e-08
 Reference value :  3.79125e-08
 Reference value :  3.79325e-08
 Reference value :  3.79525e-08
 Reference value :  3.79675e-08
 Reference value :  3.79875e-08
 Reference value :  3.80075e-08
 Reference value :  3.80325e-08
 Reference value :  3.80575e-08
 Reference value :  3.80825e-08
 Reference value :  3.81025e-08
 Reference value :  3.81275e-08
 Reference value :  3.81525e-08
 Reference value :  3.81675e-08
 Reference value :  3.81875e-08
 Reference value :  3.82075e-08
 Reference value :  3.82275e-08
 Reference value :  3.82475e-08
 Reference value :  3.82725e-08
 Reference value :  3.82975e-08
 Reference value :  3.83225e-08
 Reference value :  3.83475e-08
 Reference value :  3.83725e-08
 Reference value :  3.83975e-08
 Reference value :  3.84175e-08
 Reference value :  3.84375e-08
 Reference value :  3.84525e-08
 Reference value :  3.84725e-08
 Reference value :  3.84975e-08
 Reference value :  3.85275e-08
 Reference value :  3.85575e-08
 Reference value :  3.85725e-08
 Reference value :  3.85875e-08
 Reference value :  3.86025e-08
 Reference value :  3.86225e-08
 Reference value :  3.86425e-08
 Reference value :  3.86675e-08
 Reference value :  3.86875e-08
 Reference value :  3.87125e-08
 Reference value :  3.87325e-08
 Reference value :  3.87525e-08
 Reference value :  3.87725e-08
 Reference value :  3.87925e-08
 Reference value :  3.88175e-08
 Reference value :  3.88425e-08
 Reference value :  3.88625e-08
 Reference value :  3.88825e-08
 Reference value :  3.89075e-08
 Reference value :  3.89275e-08
 Reference value :  3.89475e-08
 Reference value :  3.89675e-08
 Reference value :  3.89875e-08
 Reference value :  3.90075e-08
 Reference value :  3.90275e-08
 Reference value :  3.90425e-08
 Reference value :  3.90625e-08
 Reference value :  3.90825e-08
 Reference value :  3.91025e-08
 Reference value :  3.91275e-08
 Reference value :  3.91525e-08
 Reference value :  3.91725e-08
 Reference value :  3.91925e-08
 Reference value :  3.92175e-08
 Reference value :  3.92375e-08
 Reference value :  3.92625e-08
 Reference value :  3.92825e-08
 Reference value :  3.93075e-08
 Reference value :  3.93375e-08
 Reference value :  3.93625e-08
 Reference value :  3.93825e-08
 Reference value :  3.94075e-08
 Reference value :  3.94225e-08
 Reference value :  3.94425e-08
 Reference value :  3.94625e-08
 Reference value :  3.94825e-08
 Reference value :  3.95025e-08
 Reference value :  3.95325e-08
 Reference value :  3.95575e-08
 Reference value :  3.95825e-08
 Reference value :  3.96025e-08
 Reference value :  3.96275e-08
 Reference value :  3.96475e-08
 Reference value :  3.96625e-08
 Reference value :  3.96825e-08
 Reference value :  3.97025e-08
 Reference value :  3.97225e-08
 Reference value :  3.97425e-08
 Reference value :  3.97625e-08
 Reference value :  3.97875e-08
 Reference value :  3.98075e-08
 Reference value :  3.98275e-08
 Reference value :  3.98525e-08
 Reference value :  3.98775e-08
 Reference value :  3.98975e-08
 Reference value :  3.99125e-08
 Reference value :  3.99275e-08
 Reference value :  3.99525e-08
 Reference value :  3.99675e-08
 Reference value :  3.99925e-08
 Reference value :  4.00175e-08
 Reference value :  4.00375e-08
 Reference value :  4.00625e-08
 Reference value :  4.00875e-08
 Reference value :  4.01075e-08
 Reference value :  4.01325e-08
 Reference value :  4.01575e-08
 Reference value :  4.01925e-08
 Reference value :  4.02175e-08
 Reference value :  4.02425e-08
 Reference value :  4.02675e-08
 Reference value :  4.02925e-08
 Reference value :  4.03125e-08
 Reference value :  4.03325e-08
 Reference value :  4.03525e-08
 Reference value :  4.03725e-08
 Reference value :  4.03875e-08
 Reference value :  4.04125e-08
 Reference value :  4.04325e-08
 Reference value :  4.04525e-08
 Reference value :  4.04675e-08
 Reference value :  4.04875e-08
 Reference value :  4.05075e-08
 Reference value :  4.05275e-08
 Reference value :  4.05525e-08
 Reference value :  4.05775e-08
 Reference value :  4.06025e-08
 Reference value :  4.06275e-08
 Reference value :  4.06525e-08
 Reference value :  4.06725e-08
 Reference value :  4.06925e-08
 Reference value :  4.07125e-08
 Reference value :  4.07325e-08
 Reference value :  4.07525e-08
 Reference value :  4.07725e-08
 Reference value :  4.07975e-08
 Reference value :  4.08175e-08
 Reference value :  4.08425e-08
 Reference value :  4.08575e-08
 Reference value :  4.08725e-08
 Reference value :  4.08875e-08
 Reference value :  4.09075e-08
 Reference value :  4.09325e-08
 Reference value :  4.09525e-08
 Reference value :  4.09775e-08
 Reference value :  4.10025e-08
 Reference value :  4.10275e-08
 Reference value :  4.10575e-08
 Reference value :  4.10825e-08
 Reference value :  4.11025e-08
 Reference value :  4.11225e-08
 Reference value :  4.11425e-08
 Reference value :  4.11675e-08
 Reference value :  4.11975e-08
 Reference value :  4.12275e-08
 Reference value :  4.12475e-08
 Reference value :  4.12775e-08
 Reference value :  4.13025e-08
 Reference value :  4.13275e-08
 Reference value :  4.13475e-08
 Reference value :  4.13725e-08
 Reference value :  4.13975e-08
 Reference value :  4.14225e-08
 Reference value :  4.14475e-08
 Reference value :  4.14725e-08
 Reference value :  4.14975e-08
 Reference value :  4.15225e-08
 Reference value :  4.15475e-08
 Reference value :  4.15775e-08
 Reference value :  4.15925e-08
 Reference value :  4.16175e-08
 Reference value :  4.16675e-08
 Reference value :  4.17075e-08
 Reference value :  4.17475e-08
 Reference value :  4.17625e-08
 Reference value :  4.17775e-08
 Reference value :  4.17925e-08
 Reference value :  4.18125e-08
 Reference value :  4.18325e-08
 Reference value :  4.18525e-08
 Reference value :  4.18725e-08
 Reference value :  4.18975e-08
 Reference value :  4.19225e-08
 Reference value :  4.19525e-08
 Reference value :  4.19775e-08
 Reference value :  4.19975e-08
 Reference value :  4.20225e-08
 Reference value :  4.20575e-08
 Reference value :  4.20825e-08
 Reference value :  4.21025e-08
 Reference value :  4.21275e-08
 Reference value :  4.21575e-08
 Reference value :  4.21775e-08
 Reference value :  4.21925e-08
 Reference value :  4.22125e-08
 Reference value :  4.22325e-08
 Reference value :  4.22525e-08
 Reference value :  4.22775e-08
 Reference value :  4.23025e-08
 Reference value :  4.23275e-08
 Reference value :  4.23475e-08
 Reference value :  4.23725e-08
 Reference value :  4.23925e-08
 Reference value :  4.24125e-08
 Reference value :  4.24375e-08
 Reference value :  4.24625e-08
 Reference value :  4.24875e-08
 Reference value :  4.25075e-08
 Reference value :  4.25325e-08
 Reference value :  4.25525e-08
 Reference value :  4.25725e-08
 Reference value :  4.25925e-08
 Reference value :  4.26125e-08
 Reference value :  4.26375e-08
 Reference value :  4.26625e-08
 Reference value :  4.26825e-08
 Reference value :  4.27025e-08
 Reference value :  4.27225e-08
 Reference value :  4.27475e-08
 Reference value :  4.27675e-08
 Reference value :  4.27875e-08
 Reference value :  4.28075e-08
 Reference value :  4.28275e-08
 Reference value :  4.28525e-08
 Reference value :  4.28775e-08
 Reference value :  4.29025e-08
 Reference value :  4.29225e-08
 Reference value :  4.29375e-08
 Reference value :  4.29575e-08
 Reference value :  4.29825e-08
 Reference value :  4.30025e-08
 Reference value :  4.30275e-08
 Reference value :  4.30475e-08
 Reference value :  4.30675e-08
 Reference value :  4.30925e-08
 Reference value :  4.31175e-08
 Reference value :  4.31375e-08
 Reference value :  4.31625e-08
 Reference value :  4.31925e-08
 Reference value :  4.32125e-08
 Reference value :  4.32325e-08
 Reference value :  4.32525e-08
 Reference value :  4.32725e-08
 Reference value :  4.32925e-08
 Reference value :  4.33125e-08
 Reference value :  4.33325e-08
 Reference value :  4.33525e-08
 Reference value :  4.33725e-08
 Reference value :  4.33925e-08
 Reference value :  4.34125e-08
 Reference value :  4.34375e-08
 Reference value :  4.34625e-08
 Reference value :  4.34875e-08
 Reference value :  4.35025e-08
 Reference value :  4.35225e-08
 Reference value :  4.35425e-08
 Reference value :  4.35625e-08
 Reference value :  4.35825e-08
 Reference value :  4.36075e-08
 Reference value :  4.36275e-08
 Reference value :  4.36525e-08
 Reference value :  4.36725e-08
 Reference value :  4.36975e-08
 Reference value :  4.37175e-08
 Reference value :  4.37425e-08
 Reference value :  4.37575e-08
 Reference value :  4.37825e-08
 Reference value :  4.38075e-08
 Reference value :  4.38275e-08
 Reference value :  4.38425e-08
 Reference value :  4.38625e-08
 Reference value :  4.38825e-08
 Reference value :  4.39025e-08
 Reference value :  4.39275e-08
 Reference value :  4.39525e-08
 Reference value :  4.39775e-08
 Reference value :  4.40025e-08
 Reference value :  4.40225e-08
 Reference value :  4.40425e-08
 Reference value :  4.40625e-08
 Reference value :  4.40925e-08
 Reference value :  4.41175e-08
 Reference value :  4.41375e-08
 Reference value :  4.41525e-08
 Reference value :  4.41775e-08
 Reference value :  4.41975e-08
 Reference value :  4.42125e-08
 Reference value :  4.42375e-08
 Reference value :  4.42625e-08
 Reference value :  4.42825e-08
 Reference value :  4.43025e-08
 Reference value :  4.43275e-08
 Reference value :  4.43475e-08
 Reference value :  4.43675e-08
 Reference value :  4.43925e-08
 Reference value :  4.44175e-08
 Reference value :  4.44375e-08
 Reference value :  4.44575e-08
 Reference value :  4.44775e-08
 Reference value :  4.44975e-08
 Reference value :  4.45175e-08
 Reference value :  4.45425e-08
 Reference value :  4.45625e-08
 Reference value :  4.45825e-08
 Reference value :  4.46025e-08
 Reference value :  4.46225e-08
 Reference value :  4.46425e-08
 Reference value :  4.46625e-08
 Reference value :  4.46825e-08
 Reference value :  4.47025e-08
 Reference value :  4.47225e-08
 Reference value :  4.47425e-08
 Reference value :  4.47625e-08
 Reference value :  4.47825e-08
 Reference value :  4.47975e-08
 Reference value :  4.48225e-08
 Reference value :  4.48475e-08
 Reference value :  4.48675e-08
 Reference value :  4.48925e-08
 Reference value :  4.49125e-08
 Reference value :  4.49325e-08
 Reference value :  4.49525e-08
 Reference value :  4.49725e-08
 Reference value :  4.49975e-08
 Reference value :  4.50175e-08
 Reference value :  4.50425e-08
 Reference value :  4.50675e-08
 Reference value :  4.50925e-08
No. of Data Rows : 9034
Note: Simulation executed from .control section 
