
Note: Compatibility modes selected: hs a


Circuit: * comparator-decision regen-time sweep -- vindiff=1mv corner=sf temp=-40.0c (issue #9)

option SCALE: Scale is set to 1e-06 for instance and model parameters
option SCALE: Scale is set to 1e-06 for instance and model parameters
option SCALE: Scale is set to 1e-06 for instance and model parameters
option SCALE: Scale is set to 1e-06 for instance and model parameters
Doing analysis at TEMP = -40.000000 and TNOM = 27.000000

Using KLU as Direct Linear Solver
 Reference value :  0.00000e+00
 Reference value :  4.00000e-13
 Reference value :  1.14000e-11
 Reference value :  3.14000e-11
 Reference value :  5.64000e-11
 Reference value :  8.14000e-11
 Reference value :  1.01400e-10
 Reference value :  1.21400e-10
 Reference value :  1.46400e-10
 Reference value :  1.66400e-10
 Reference value :  1.86400e-10
 Reference value :  2.06400e-10
 Reference value :  2.31400e-10
 Reference value :  2.46400e-10
 Reference value :  2.66400e-10
 Reference value :  2.86400e-10
 Reference value :  3.06400e-10
 Reference value :  3.31400e-10
 Reference value :  3.56400e-10
 Reference value :  3.81400e-10
 Reference value :  4.01400e-10
 Reference value :  4.21400e-10
 Reference value :  4.46400e-10
 Reference value :  4.66400e-10
 Reference value :  4.86400e-10
 Reference value :  5.06400e-10
 Reference value :  5.31400e-10
 Reference value :  5.51400e-10
 Reference value :  5.76400e-10
 Reference value :  6.01400e-10
 Reference value :  6.21400e-10
 Reference value :  6.41400e-10
 Reference value :  6.66400e-10
 Reference value :  6.86400e-10
 Reference value :  7.21400e-10
 Reference value :  7.46400e-10
 Reference value :  7.66400e-10
 Reference value :  7.86400e-10
 Reference value :  8.06400e-10
 Reference value :  8.31400e-10
 Reference value :  8.51400e-10
 Reference value :  8.71400e-10
 Reference value :  8.91400e-10
 Reference value :  9.11400e-10
 Reference value :  9.31400e-10
 Reference value :  9.51400e-10
 Reference value :  9.86400e-10
 Reference value :  1.01140e-09
 Reference value :  1.04140e-09
 Reference value :  1.06140e-09
 Reference value :  1.08140e-09
 Reference value :  1.10140e-09
 Reference value :  1.12140e-09
 Reference value :  1.14640e-09
 Reference value :  1.16140e-09
 Reference value :  1.18140e-09
 Reference value :  1.20140e-09
 Reference value :  1.22140e-09
 Reference value :  1.24640e-09
 Reference value :  1.26640e-09
 Reference value :  1.28640e-09
 Reference value :  1.30640e-09
 Reference value :  1.32640e-09
 Reference value :  1.34640e-09
 Reference value :  1.36140e-09
 Reference value :  1.37640e-09
 Reference value :  1.39640e-09
 Reference value :  1.42140e-09
 Reference value :  1.44140e-09
 Reference value :  1.45640e-09
 Reference value :  1.48140e-09
 Reference value :  1.50640e-09
 Reference value :  1.52640e-09
 Reference value :  1.54640e-09
 Reference value :  1.56640e-09
 Reference value :  1.59140e-09
 Reference value :  1.61640e-09
 Reference value :  1.63640e-09
 Reference value :  1.65640e-09
 Reference value :  1.67640e-09
 Reference value :  1.69640e-09
 Reference value :  1.71640e-09
 Reference value :  1.73640e-09
 Reference value :  1.75640e-09
 Reference value :  1.77640e-09
 Reference value :  1.79640e-09
 Reference value :  1.81140e-09
 Reference value :  1.83640e-09
 Reference value :  1.86140e-09
 Reference value :  1.88140e-09
 Reference value :  1.90640e-09
 Reference value :  1.92640e-09
 Reference value :  1.94640e-09
 Reference value :  1.97140e-09
 Reference value :  1.99140e-09
 Reference value :  2.01140e-09
 Reference value :  2.02640e-09
 Reference value :  2.04140e-09
 Reference value :  2.06140e-09
 Reference value :  2.09140e-09
 Reference value :  2.11640e-09
 Reference value :  2.14140e-09
 Reference value :  2.15640e-09
 Reference value :  2.17640e-09
 Reference value :  2.19640e-09
 Reference value :  2.21640e-09
 Reference value :  2.23640e-09
 Reference value :  2.25640e-09
 Reference value :  2.28140e-09
 Reference value :  2.30140e-09
 Reference value :  2.32140e-09
 Reference value :  2.34140e-09
 Reference value :  2.36640e-09
 Reference value :  2.39640e-09
 Reference value :  2.42140e-09
 Reference value :  2.44140e-09
 Reference value :  2.46140e-09
 Reference value :  2.47640e-09
 Reference value :  2.50140e-09
 Reference value :  2.52140e-09
 Reference value :  2.54140e-09
 Reference value :  2.56140e-09
 Reference value :  2.58640e-09
 Reference value :  2.60640e-09
 Reference value :  2.63140e-09
 Reference value :  2.65640e-09
 Reference value :  2.67640e-09
 Reference value :  2.70140e-09
 Reference value :  2.72640e-09
 Reference value :  2.74640e-09
 Reference value :  2.77140e-09
 Reference value :  2.79640e-09
 Reference value :  2.81640e-09
 Reference value :  2.83140e-09
 Reference value :  2.85140e-09
 Reference value :  2.87140e-09
 Reference value :  2.89140e-09
 Reference value :  2.91640e-09
 Reference value :  2.94140e-09
 Reference value :  2.95640e-09
 Reference value :  2.97140e-09
 Reference value :  2.99140e-09
 Reference value :  3.00640e-09
 Reference value :  3.02640e-09
 Reference value :  3.04140e-09
 Reference value :  3.06140e-09
 Reference value :  3.08640e-09
 Reference value :  3.10640e-09
 Reference value :  3.13140e-09
 Reference value :  3.15140e-09
 Reference value :  3.17640e-09
 Reference value :  3.20140e-09
 Reference value :  3.22640e-09
 Reference value :  3.24640e-09
 Reference value :  3.26640e-09
 Reference value :  3.28640e-09
 Reference value :  3.31140e-09
 Reference value :  3.34140e-09
 Reference value :  3.35640e-09
 Reference value :  3.37640e-09
 Reference value :  3.39140e-09
 Reference value :  3.41140e-09
 Reference value :  3.43140e-09
 Reference value :  3.45140e-09
 Reference value :  3.48140e-09
 Reference value :  3.50140e-09
 Reference value :  3.52140e-09
 Reference value :  3.54140e-09
 Reference value :  3.56140e-09
 Reference value :  3.58140e-09
 Reference value :  3.60140e-09
 Reference value :  3.62640e-09
 Reference value :  3.64640e-09
 Reference value :  3.67140e-09
 Reference value :  3.69640e-09
 Reference value :  3.72140e-09
 Reference value :  3.74640e-09
 Reference value :  3.76640e-09
 Reference value :  3.78640e-09
 Reference value :  3.80640e-09
 Reference value :  3.82640e-09
 Reference value :  3.85140e-09
 Reference value :  3.87140e-09
 Reference value :  3.89140e-09
 Reference value :  3.91140e-09
 Reference value :  3.93640e-09
 Reference value :  3.95640e-09
 Reference value :  3.97640e-09
 Reference value :  3.99640e-09
 Reference value :  4.01640e-09
 Reference value :  4.03640e-09
 Reference value :  4.05640e-09
 Reference value :  4.07640e-09
 Reference value :  4.09640e-09
 Reference value :  4.11640e-09
 Reference value :  4.13640e-09
 Reference value :  4.16140e-09
 Reference value :  4.18640e-09
 Reference value :  4.20640e-09
 Reference value :  4.22140e-09
 Reference value :  4.24140e-09
 Reference value :  4.26640e-09
 Reference value :  4.29140e-09
 Reference value :  4.30640e-09
 Reference value :  4.32140e-09
 Reference value :  4.34140e-09
 Reference value :  4.36640e-09
 Reference value :  4.38140e-09
 Reference value :  4.39640e-09
 Reference value :  4.41640e-09
 Reference value :  4.43640e-09
 Reference value :  4.45640e-09
 Reference value :  4.47640e-09
 Reference value :  4.49640e-09
 Reference value :  4.51640e-09
 Reference value :  4.53640e-09
 Reference value :  4.55140e-09
 Reference value :  4.57140e-09
 Reference value :  4.59640e-09
 Reference value :  4.61640e-09
 Reference value :  4.63640e-09
 Reference value :  4.66140e-09
 Reference value :  4.69140e-09
 Reference value :  4.71140e-09
 Reference value :  4.73140e-09
 Reference value :  4.74640e-09
 Reference value :  4.76640e-09
 Reference value :  4.79140e-09
 Reference value :  4.81140e-09
 Reference value :  4.83140e-09
 Reference value :  4.85140e-09
 Reference value :  4.86640e-09
 Reference value :  4.88640e-09
 Reference value :  4.90140e-09
 Reference value :  4.92140e-09
 Reference value :  4.94140e-09
 Reference value :  4.96140e-09
 Reference value :  4.98640e-09
 Reference value :  5.00000e-09
 Reference value :  5.00350e-09
 Reference value :  5.02250e-09
 Reference value :  5.04750e-09
 Reference value :  5.06750e-09
 Reference value :  5.08750e-09
 Reference value :  5.10050e-09
 Reference value :  5.11250e-09
 Reference value :  5.13750e-09
 Reference value :  5.15750e-09
 Reference value :  5.17750e-09
 Reference value :  5.19250e-09
 Reference value :  5.20750e-09
 Reference value :  5.22750e-09
 Reference value :  5.25750e-09
 Reference value :  5.27250e-09
 Reference value :  5.28750e-09
 Reference value :  5.30250e-09
 Reference value :  5.33750e-09
 Reference value :  5.35750e-09
 Reference value :  5.37250e-09
 Reference value :  5.39750e-09
 Reference value :  5.42250e-09
 Reference value :  5.44250e-09
 Reference value :  5.46250e-09
 Reference value :  5.48250e-09
 Reference value :  5.50250e-09
 Reference value :  5.52750e-09
 Reference value :  5.55250e-09
 Reference value :  5.57750e-09
 Reference value :  5.60750e-09
 Reference value :  5.62750e-09
 Reference value :  5.65250e-09
 Reference value :  5.67250e-09
 Reference value :  5.69250e-09
 Reference value :  5.70750e-09
 Reference value :  5.73250e-09
 Reference value :  5.76750e-09
 Reference value :  5.79250e-09
 Reference value :  5.81750e-09
 Reference value :  5.84250e-09
 Reference value :  5.86750e-09
 Reference value :  5.89250e-09
 Reference value :  5.90750e-09
 Reference value :  5.92750e-09
 Reference value :  5.94250e-09
 Reference value :  5.95750e-09
 Reference value :  5.98250e-09
 Reference value :  6.00250e-09
 Reference value :  6.02750e-09
 Reference value :  6.04250e-09
 Reference value :  6.06250e-09
 Reference value :  6.08250e-09
 Reference value :  6.10250e-09
 Reference value :  6.12250e-09
 Reference value :  6.13750e-09
 Reference value :  6.15250e-09
 Reference value :  6.17250e-09
 Reference value :  6.19250e-09
 Reference value :  6.21250e-09
 Reference value :  6.22750e-09
 Reference value :  6.25250e-09
 Reference value :  6.27250e-09
 Reference value :  6.29750e-09
 Reference value :  6.31250e-09
 Reference value :  6.33250e-09
 Reference value :  6.36750e-09
 Reference value :  6.39250e-09
 Reference value :  6.41250e-09
 Reference value :  6.43750e-09
 Reference value :  6.45750e-09
 Reference value :  6.48250e-09
 Reference value :  6.51250e-09
 Reference value :  6.53250e-09
 Reference value :  6.56250e-09
 Reference value :  6.58750e-09
 Reference value :  6.61250e-09
 Reference value :  6.64250e-09
 Reference value :  6.66750e-09
 Reference value :  6.68750e-09
 Reference value :  6.70750e-09
 Reference value :  6.73250e-09
 Reference value :  6.75750e-09
 Reference value :  6.77250e-09
 Reference value :  6.79750e-09
 Reference value :  6.81750e-09
 Reference value :  6.83750e-09
 Reference value :  6.85750e-09
 Reference value :  6.87750e-09
 Reference value :  6.89750e-09
 Reference value :  6.91750e-09
 Reference value :  6.93750e-09
 Reference value :  6.96250e-09
 Reference value :  6.98250e-09
 Reference value :  7.00250e-09
 Reference value :  7.02750e-09
 Reference value :  7.05250e-09
 Reference value :  7.08250e-09
 Reference value :  7.10250e-09
 Reference value :  7.12250e-09
 Reference value :  7.14250e-09
 Reference value :  7.16750e-09
 Reference value :  7.18750e-09
 Reference value :  7.20750e-09
 Reference value :  7.22750e-09
 Reference value :  7.24750e-09
 Reference value :  7.27250e-09
 Reference value :  7.29250e-09
 Reference value :  7.31250e-09
 Reference value :  7.33750e-09
 Reference value :  7.35750e-09
 Reference value :  7.37750e-09
 Reference value :  7.39750e-09
 Reference value :  7.42250e-09
 Reference value :  7.44250e-09
 Reference value :  7.46250e-09
 Reference value :  7.48250e-09
 Reference value :  7.50250e-09
 Reference value :  7.52750e-09
 Reference value :  7.56750e-09
 Reference value :  7.58750e-09
 Reference value :  7.60750e-09
 Reference value :  7.63250e-09
 Reference value :  7.65750e-09
 Reference value :  7.67750e-09
 Reference value :  7.69750e-09
 Reference value :  7.71750e-09
 Reference value :  7.74250e-09
 Reference value :  7.77250e-09
 Reference value :  7.79750e-09
 Reference value :  7.81750e-09
 Reference value :  7.83750e-09
 Reference value :  7.87250e-09
 Reference value :  7.89250e-09
 Reference value :  7.91250e-09
 Reference value :  7.93750e-09
 Reference value :  7.95750e-09
 Reference value :  7.98750e-09
 Reference value :  8.01250e-09
 Reference value :  8.03250e-09
 Reference value :  8.05750e-09
 Reference value :  8.07750e-09
 Reference value :  8.09750e-09
 Reference value :  8.12250e-09
 Reference value :  8.14250e-09
 Reference value :  8.16250e-09
 Reference value :  8.18750e-09
 Reference value :  8.20750e-09
 Reference value :  8.22750e-09
 Reference value :  8.25250e-09
 Reference value :  8.27250e-09
 Reference value :  8.29750e-09
 Reference value :  8.31750e-09
 Reference value :  8.33750e-09
 Reference value :  8.35750e-09
 Reference value :  8.38250e-09
 Reference value :  8.40750e-09
 Reference value :  8.43250e-09
 Reference value :  8.45750e-09
 Reference value :  8.48250e-09
 Reference value :  8.50250e-09
 Reference value :  8.51750e-09
 Reference value :  8.53750e-09
 Reference value :  8.55750e-09
 Reference value :  8.57250e-09
 Reference value :  8.59250e-09
 Reference value :  8.61250e-09
 Reference value :  8.62750e-09
 Reference value :  8.64250e-09
 Reference value :  8.67750e-09
 Reference value :  8.69750e-09
 Reference value :  8.72250e-09
 Reference value :  8.74250e-09
 Reference value :  8.75750e-09
 Reference value :  8.77750e-09
 Reference value :  8.79750e-09
 Reference value :  8.81750e-09
 Reference value :  8.83750e-09
 Reference value :  8.85750e-09
 Reference value :  8.88250e-09
 Reference value :  8.90250e-09
 Reference value :  8.92250e-09
 Reference value :  8.94750e-09
 Reference value :  8.96750e-09
 Reference value :  8.98750e-09
 Reference value :  9.00750e-09
 Reference value :  9.02750e-09
 Reference value :  9.04750e-09
 Reference value :  9.06750e-09
 Reference value :  9.08750e-09
 Reference value :  9.10750e-09
 Reference value :  9.12250e-09
 Reference value :  9.14250e-09
 Reference value :  9.17250e-09
 Reference value :  9.19250e-09
 Reference value :  9.21750e-09
 Reference value :  9.23750e-09
 Reference value :  9.25750e-09
 Reference value :  9.27250e-09
 Reference value :  9.29750e-09
 Reference value :  9.32250e-09
 Reference value :  9.34250e-09
 Reference value :  9.36750e-09
 Reference value :  9.39250e-09
 Reference value :  9.41750e-09
 Reference value :  9.43750e-09
 Reference value :  9.46250e-09
 Reference value :  9.48250e-09
 Reference value :  9.49750e-09
 Reference value :  9.51750e-09
 Reference value :  9.54250e-09
 Reference value :  9.56250e-09
 Reference value :  9.58250e-09
 Reference value :  9.60750e-09
 Reference value :  9.62750e-09
 Reference value :  9.64750e-09
 Reference value :  9.66750e-09
 Reference value :  9.68750e-09
 Reference value :  9.70750e-09
 Reference value :  9.72750e-09
 Reference value :  9.75250e-09
 Reference value :  9.77250e-09
 Reference value :  9.79750e-09
 Reference value :  9.82750e-09
 Reference value :  9.85250e-09
 Reference value :  9.87250e-09
 Reference value :  9.89250e-09
 Reference value :  9.90750e-09
 Reference value :  9.92250e-09
 Reference value :  9.94250e-09
 Reference value :  9.96250e-09
 Reference value :  9.98750e-09
 Reference value :  1.00075e-08
 Reference value :  1.00275e-08
 Reference value :  1.00475e-08
 Reference value :  1.00675e-08
 Reference value :  1.00875e-08
 Reference value :  1.01125e-08
 Reference value :  1.01375e-08
 Reference value :  1.01525e-08
 Reference value :  1.01775e-08
 Reference value :  1.01975e-08
 Reference value :  1.02175e-08
 Reference value :  1.02325e-08
 Reference value :  1.02475e-08
 Reference value :  1.02625e-08
 Reference value :  1.02825e-08
 Reference value :  1.03075e-08
 Reference value :  1.03325e-08
 Reference value :  1.03525e-08
 Reference value :  1.03725e-08
 Reference value :  1.03975e-08
 Reference value :  1.04325e-08
 Reference value :  1.04625e-08
 Reference value :  1.04825e-08
 Reference value :  1.05025e-08
 Reference value :  1.05325e-08
 Reference value :  1.05525e-08
 Reference value :  1.05725e-08
 Reference value :  1.05925e-08
 Reference value :  1.06125e-08
 Reference value :  1.06325e-08
 Reference value :  1.06525e-08
 Reference value :  1.06725e-08
 Reference value :  1.06925e-08
 Reference value :  1.07125e-08
 Reference value :  1.07325e-08
 Reference value :  1.07525e-08
 Reference value :  1.07675e-08
 Reference value :  1.07875e-08
 Reference value :  1.08125e-08
 Reference value :  1.08375e-08
 Reference value :  1.08575e-08
 Reference value :  1.08725e-08
 Reference value :  1.08925e-08
 Reference value :  1.09125e-08
 Reference value :  1.09375e-08
 Reference value :  1.09575e-08
 Reference value :  1.09775e-08
 Reference value :  1.09975e-08
 Reference value :  1.10175e-08
 Reference value :  1.10325e-08
 Reference value :  1.10525e-08
 Reference value :  1.10725e-08
 Reference value :  1.10875e-08
 Reference value :  1.11125e-08
 Reference value :  1.11325e-08
 Reference value :  1.11525e-08
 Reference value :  1.11725e-08
 Reference value :  1.11925e-08
 Reference value :  1.12125e-08
 Reference value :  1.12325e-08
 Reference value :  1.12575e-08
 Reference value :  1.12825e-08
 Reference value :  1.13025e-08
 Reference value :  1.13275e-08
 Reference value :  1.13575e-08
 Reference value :  1.13775e-08
 Reference value :  1.14025e-08
 Reference value :  1.14225e-08
 Reference value :  1.14425e-08
 Reference value :  1.14625e-08
 Reference value :  1.14825e-08
 Reference value :  1.15025e-08
 Reference value :  1.15225e-08
 Reference value :  1.15425e-08
 Reference value :  1.15625e-08
 Reference value :  1.15825e-08
 Reference value :  1.16075e-08
 Reference value :  1.16375e-08
 Reference value :  1.16575e-08
 Reference value :  1.16725e-08
 Reference value :  1.16975e-08
 Reference value :  1.17175e-08
 Reference value :  1.17375e-08
 Reference value :  1.17625e-08
 Reference value :  1.17775e-08
 Reference value :  1.17975e-08
 Reference value :  1.18125e-08
 Reference value :  1.18375e-08
 Reference value :  1.18625e-08
 Reference value :  1.18825e-08
 Reference value :  1.19025e-08
 Reference value :  1.19175e-08
 Reference value :  1.19375e-08
 Reference value :  1.19575e-08
 Reference value :  1.19775e-08
 Reference value :  1.19975e-08
 Reference value :  1.20175e-08
 Reference value :  1.20425e-08
 Reference value :  1.20625e-08
 Reference value :  1.20825e-08
 Reference value :  1.21025e-08
 Reference value :  1.21175e-08
 Reference value :  1.21325e-08
 Reference value :  1.21575e-08
 Reference value :  1.21775e-08
 Reference value :  1.22025e-08
 Reference value :  1.22275e-08
 Reference value :  1.22475e-08
 Reference value :  1.22675e-08
 Reference value :  1.22875e-08
 Reference value :  1.23075e-08
 Reference value :  1.23325e-08
 Reference value :  1.23475e-08
 Reference value :  1.23725e-08
 Reference value :  1.23925e-08
 Reference value :  1.24075e-08
 Reference value :  1.24275e-08
 Reference value :  1.24475e-08
 Reference value :  1.24675e-08
 Reference value :  1.24925e-08
 Reference value :  1.25175e-08
 Reference value :  1.25375e-08
 Reference value :  1.25575e-08
 Reference value :  1.25825e-08
 Reference value :  1.26025e-08
 Reference value :  1.26225e-08
 Reference value :  1.26425e-08
 Reference value :  1.26675e-08
 Reference value :  1.26975e-08
 Reference value :  1.27175e-08
 Reference value :  1.27375e-08
 Reference value :  1.27575e-08
 Reference value :  1.27775e-08
 Reference value :  1.27925e-08
 Reference value :  1.28175e-08
 Reference value :  1.28425e-08
 Reference value :  1.28625e-08
 Reference value :  1.28875e-08
 Reference value :  1.29075e-08
 Reference value :  1.29275e-08
 Reference value :  1.29475e-08
 Reference value :  1.29675e-08
 Reference value :  1.29875e-08
 Reference value :  1.30175e-08
 Reference value :  1.30375e-08
 Reference value :  1.30625e-08
 Reference value :  1.30825e-08
 Reference value :  1.30975e-08
 Reference value :  1.31225e-08
 Reference value :  1.31425e-08
 Reference value :  1.31675e-08
 Reference value :  1.31875e-08
 Reference value :  1.32125e-08
 Reference value :  1.32375e-08
 Reference value :  1.32625e-08
 Reference value :  1.32875e-08
 Reference value :  1.33075e-08
 Reference value :  1.33325e-08
 Reference value :  1.33575e-08
 Reference value :  1.33825e-08
 Reference value :  1.34075e-08
 Reference value :  1.34325e-08
 Reference value :  1.34675e-08
 Reference value :  1.34875e-08
 Reference value :  1.35075e-08
 Reference value :  1.35325e-08
 Reference value :  1.35575e-08
 Reference value :  1.35825e-08
 Reference value :  1.36075e-08
 Reference value :  1.36375e-08
 Reference value :  1.36625e-08
 Reference value :  1.36975e-08
 Reference value :  1.37175e-08
 Reference value :  1.37375e-08
 Reference value :  1.37575e-08
 Reference value :  1.37775e-08
 Reference value :  1.38075e-08
 Reference value :  1.38225e-08
 Reference value :  1.38425e-08
 Reference value :  1.38725e-08
 Reference value :  1.38975e-08
 Reference value :  1.39225e-08
 Reference value :  1.39475e-08
 Reference value :  1.39675e-08
 Reference value :  1.39875e-08
 Reference value :  1.40075e-08
 Reference value :  1.40275e-08
 Reference value :  1.40475e-08
 Reference value :  1.40675e-08
 Reference value :  1.40875e-08
 Reference value :  1.41075e-08
 Reference value :  1.41325e-08
 Reference value :  1.41575e-08
 Reference value :  1.41725e-08
 Reference value :  1.41975e-08
 Reference value :  1.42225e-08
 Reference value :  1.42425e-08
 Reference value :  1.42675e-08
 Reference value :  1.42925e-08
 Reference value :  1.43125e-08
 Reference value :  1.43325e-08
 Reference value :  1.43525e-08
 Reference value :  1.43725e-08
 Reference value :  1.43925e-08
 Reference value :  1.44075e-08
 Reference value :  1.44275e-08
 Reference value :  1.44475e-08
 Reference value :  1.44675e-08
 Reference value :  1.44875e-08
 Reference value :  1.45075e-08
 Reference value :  1.45275e-08
 Reference value :  1.45525e-08
 Reference value :  1.45725e-08
 Reference value :  1.45925e-08
 Reference value :  1.46125e-08
 Reference value :  1.46375e-08
 Reference value :  1.46625e-08
 Reference value :  1.46775e-08
 Reference value :  1.46975e-08
 Reference value :  1.47225e-08
 Reference value :  1.47425e-08
 Reference value :  1.47625e-08
 Reference value :  1.47875e-08
 Reference value :  1.48125e-08
 Reference value :  1.48375e-08
 Reference value :  1.48625e-08
 Reference value :  1.48875e-08
 Reference value :  1.49025e-08
 Reference value :  1.49175e-08
 Reference value :  1.49375e-08
 Reference value :  1.49575e-08
 Reference value :  1.49775e-08
 Reference value :  1.49925e-08
 Reference value :  1.50125e-08
 Reference value :  1.50325e-08
 Reference value :  1.50475e-08
 Reference value :  1.50675e-08
 Reference value :  1.50875e-08
 Reference value :  1.51075e-08
 Reference value :  1.51275e-08
 Reference value :  1.51475e-08
 Reference value :  1.51675e-08
 Reference value :  1.51875e-08
 Reference value :  1.52125e-08
 Reference value :  1.52375e-08
 Reference value :  1.52625e-08
 Reference value :  1.52825e-08
 Reference value :  1.53025e-08
 Reference value :  1.53225e-08
 Reference value :  1.53425e-08
 Reference value :  1.53625e-08
 Reference value :  1.53825e-08
 Reference value :  1.54025e-08
 Reference value :  1.54275e-08
 Reference value :  1.54525e-08
 Reference value :  1.54725e-08
 Reference value :  1.54975e-08
 Reference value :  1.55225e-08
 Reference value :  1.55425e-08
 Reference value :  1.55625e-08
 Reference value :  1.55825e-08
 Reference value :  1.56025e-08
 Reference value :  1.56225e-08
 Reference value :  1.56375e-08
 Reference value :  1.56575e-08
 Reference value :  1.56775e-08
 Reference value :  1.57025e-08
 Reference value :  1.57225e-08
 Reference value :  1.57425e-08
 Reference value :  1.57625e-08
 Reference value :  1.57825e-08
 Reference value :  1.58025e-08
 Reference value :  1.58225e-08
 Reference value :  1.58425e-08
 Reference value :  1.58625e-08
 Reference value :  1.58825e-08
 Reference value :  1.59025e-08
 Reference value :  1.59225e-08
 Reference value :  1.59425e-08
 Reference value :  1.59625e-08
 Reference value :  1.59775e-08
 Reference value :  1.60025e-08
 Reference value :  1.60225e-08
 Reference value :  1.60475e-08
 Reference value :  1.60725e-08
 Reference value :  1.60975e-08
 Reference value :  1.61175e-08
 Reference value :  1.61375e-08
 Reference value :  1.61575e-08
 Reference value :  1.61825e-08
 Reference value :  1.62025e-08
 Reference value :  1.62275e-08
 Reference value :  1.62475e-08
 Reference value :  1.62625e-08
 Reference value :  1.62875e-08
 Reference value :  1.63075e-08
 Reference value :  1.63275e-08
 Reference value :  1.63475e-08
 Reference value :  1.63725e-08
 Reference value :  1.63875e-08
 Reference value :  1.64075e-08
 Reference value :  1.64275e-08
 Reference value :  1.64475e-08
 Reference value :  1.64625e-08
 Reference value :  1.64775e-08
 Reference value :  1.65025e-08
 Reference value :  1.65225e-08
 Reference value :  1.65475e-08
 Reference value :  1.65725e-08
 Reference value :  1.65925e-08
 Reference value :  1.66125e-08
 Reference value :  1.66375e-08
 Reference value :  1.66675e-08
 Reference value :  1.66925e-08
 Reference value :  1.67125e-08
 Reference value :  1.67325e-08
 Reference value :  1.67575e-08
 Reference value :  1.67825e-08
 Reference value :  1.68025e-08
 Reference value :  1.68275e-08
 Reference value :  1.68475e-08
 Reference value :  1.68725e-08
 Reference value :  1.68925e-08
 Reference value :  1.69125e-08
 Reference value :  1.69375e-08
 Reference value :  1.69625e-08
 Reference value :  1.69825e-08
 Reference value :  1.70025e-08
 Reference value :  1.70275e-08
 Reference value :  1.70575e-08
 Reference value :  1.70875e-08
 Reference value :  1.71175e-08
 Reference value :  1.71425e-08
 Reference value :  1.71675e-08
 Reference value :  1.71925e-08
 Reference value :  1.72125e-08
 Reference value :  1.72425e-08
 Reference value :  1.72775e-08
 Reference value :  1.72975e-08
 Reference value :  1.73225e-08
 Reference value :  1.73425e-08
 Reference value :  1.73625e-08
 Reference value :  1.73825e-08
 Reference value :  1.74075e-08
 Reference value :  1.74325e-08
 Reference value :  1.74525e-08
 Reference value :  1.74725e-08
 Reference value :  1.74925e-08
 Reference value :  1.75125e-08
 Reference value :  1.75375e-08
 Reference value :  1.75525e-08
 Reference value :  1.75825e-08
 Reference value :  1.76025e-08
 Reference value :  1.76275e-08
 Reference value :  1.76475e-08
 Reference value :  1.76675e-08
 Reference value :  1.76875e-08
 Reference value :  1.77075e-08
 Reference value :  1.77325e-08
 Reference value :  1.77525e-08
 Reference value :  1.77675e-08
 Reference value :  1.77875e-08
 Reference value :  1.78125e-08
 Reference value :  1.78375e-08
 Reference value :  1.78625e-08
 Reference value :  1.78825e-08
 Reference value :  1.79025e-08
 Reference value :  1.79225e-08
 Reference value :  1.79425e-08
 Reference value :  1.79625e-08
 Reference value :  1.79825e-08
 Reference value :  1.80075e-08
 Reference value :  1.80275e-08
 Reference value :  1.80525e-08
 Reference value :  1.80775e-08
 Reference value :  1.81075e-08
 Reference value :  1.81275e-08
 Reference value :  1.81475e-08
 Reference value :  1.81675e-08
 Reference value :  1.81825e-08
 Reference value :  1.81975e-08
 Reference value :  1.82175e-08
 Reference value :  1.82325e-08
 Reference value :  1.82575e-08
 Reference value :  1.82775e-08
 Reference value :  1.82975e-08
 Reference value :  1.83175e-08
 Reference value :  1.83375e-08
 Reference value :  1.83575e-08
 Reference value :  1.83775e-08
 Reference value :  1.84025e-08
 Reference value :  1.84275e-08
 Reference value :  1.84575e-08
 Reference value :  1.84775e-08
 Reference value :  1.84975e-08
 Reference value :  1.85225e-08
 Reference value :  1.85425e-08
 Reference value :  1.85625e-08
 Reference value :  1.85825e-08
 Reference value :  1.86025e-08
 Reference value :  1.86225e-08
 Reference value :  1.86375e-08
 Reference value :  1.86525e-08
 Reference value :  1.86725e-08
 Reference value :  1.86925e-08
 Reference value :  1.87175e-08
 Reference value :  1.87375e-08
 Reference value :  1.87625e-08
 Reference value :  1.87825e-08
 Reference value :  1.88125e-08
 Reference value :  1.88325e-08
 Reference value :  1.88525e-08
 Reference value :  1.88725e-08
 Reference value :  1.88925e-08
 Reference value :  1.89125e-08
 Reference value :  1.89375e-08
 Reference value :  1.89575e-08
 Reference value :  1.89825e-08
 Reference value :  1.89975e-08
 Reference value :  1.90175e-08
 Reference value :  1.90375e-08
 Reference value :  1.90575e-08
 Reference value :  1.90875e-08
 Reference value :  1.91075e-08
 Reference value :  1.91275e-08
 Reference value :  1.91475e-08
 Reference value :  1.91675e-08
 Reference value :  1.91875e-08
 Reference value :  1.92075e-08
 Reference value :  1.92275e-08
 Reference value :  1.92475e-08
 Reference value :  1.92675e-08
 Reference value :  1.92925e-08
 Reference value :  1.93375e-08
 Reference value :  1.93625e-08
 Reference value :  1.93875e-08
 Reference value :  1.94075e-08
 Reference value :  1.94275e-08
 Reference value :  1.94575e-08
 Reference value :  1.95025e-08
 Reference value :  1.95225e-08
 Reference value :  1.95375e-08
 Reference value :  1.95575e-08
 Reference value :  1.95725e-08
 Reference value :  1.95925e-08
 Reference value :  1.96175e-08
 Reference value :  1.96375e-08
 Reference value :  1.96575e-08
 Reference value :  1.96775e-08
 Reference value :  1.96975e-08
 Reference value :  1.97225e-08
 Reference value :  1.97525e-08
 Reference value :  1.97725e-08
 Reference value :  1.97925e-08
 Reference value :  1.98125e-08
 Reference value :  1.98375e-08
 Reference value :  1.98575e-08
 Reference value :  1.98875e-08
 Reference value :  1.99125e-08
 Reference value :  1.99325e-08
 Reference value :  1.99575e-08
 Reference value :  1.99775e-08
 Reference value :  1.99975e-08
 Reference value :  2.00175e-08
 Reference value :  2.00375e-08
 Reference value :  2.00625e-08
 Reference value :  2.00825e-08
 Reference value :  2.01025e-08
 Reference value :  2.01325e-08
 Reference value :  2.01575e-08
 Reference value :  2.01775e-08
 Reference value :  2.01975e-08
 Reference value :  2.02125e-08
 Reference value :  2.02275e-08
 Reference value :  2.02425e-08
 Reference value :  2.02625e-08
 Reference value :  2.02775e-08
 Reference value :  2.02975e-08
 Reference value :  2.03175e-08
 Reference value :  2.03425e-08
 Reference value :  2.03625e-08
 Reference value :  2.03775e-08
 Reference value :  2.04075e-08
 Reference value :  2.04325e-08
 Reference value :  2.04475e-08
 Reference value :  2.04675e-08
 Reference value :  2.04925e-08
 Reference value :  2.05325e-08
 Reference value :  2.05525e-08
 Reference value :  2.05775e-08
 Reference value :  2.06025e-08
 Reference value :  2.06225e-08
 Reference value :  2.06375e-08
 Reference value :  2.06575e-08
 Reference value :  2.06825e-08
 Reference value :  2.07025e-08
 Reference value :  2.07225e-08
 Reference value :  2.07425e-08
 Reference value :  2.07625e-08
 Reference value :  2.07825e-08
 Reference value :  2.07975e-08
 Reference value :  2.08175e-08
 Reference value :  2.08375e-08
 Reference value :  2.08625e-08
 Reference value :  2.08825e-08
 Reference value :  2.09075e-08
 Reference value :  2.09325e-08
 Reference value :  2.09525e-08
 Reference value :  2.09725e-08
 Reference value :  2.09975e-08
 Reference value :  2.10175e-08
 Reference value :  2.10425e-08
 Reference value :  2.10625e-08
 Reference value :  2.10925e-08
 Reference value :  2.11175e-08
 Reference value :  2.11425e-08
 Reference value :  2.11675e-08
 Reference value :  2.11925e-08
 Reference value :  2.12125e-08
 Reference value :  2.12325e-08
 Reference value :  2.12575e-08
 Reference value :  2.12775e-08
 Reference value :  2.12975e-08
 Reference value :  2.13175e-08
 Reference value :  2.13375e-08
 Reference value :  2.13575e-08
 Reference value :  2.13825e-08
 Reference value :  2.14025e-08
 Reference value :  2.14275e-08
 Reference value :  2.14525e-08
 Reference value :  2.14725e-08
 Reference value :  2.15025e-08
 Reference value :  2.15275e-08
 Reference value :  2.15575e-08
 Reference value :  2.15825e-08
 Reference value :  2.15975e-08
 Reference value :  2.16325e-08
 Reference value :  2.16625e-08
 Reference value :  2.16825e-08
 Reference value :  2.17075e-08
 Reference value :  2.17325e-08
 Reference value :  2.17575e-08
 Reference value :  2.17775e-08
 Reference value :  2.17975e-08
 Reference value :  2.18175e-08
 Reference value :  2.18375e-08
 Reference value :  2.18575e-08
 Reference value :  2.18775e-08
 Reference value :  2.18975e-08
 Reference value :  2.19175e-08
 Reference value :  2.19375e-08
 Reference value :  2.19625e-08
 Reference value :  2.19825e-08
 Reference value :  2.20025e-08
 Reference value :  2.20275e-08
 Reference value :  2.20525e-08
 Reference value :  2.20725e-08
 Reference value :  2.20975e-08
 Reference value :  2.21225e-08
 Reference value :  2.21375e-08
 Reference value :  2.21625e-08
 Reference value :  2.21875e-08
 Reference value :  2.22075e-08
 Reference value :  2.22325e-08
 Reference value :  2.22575e-08
 Reference value :  2.22775e-08
 Reference value :  2.23075e-08
 Reference value :  2.23325e-08
 Reference value :  2.23525e-08
 Reference value :  2.23725e-08
 Reference value :  2.23975e-08
 Reference value :  2.24175e-08
 Reference value :  2.24425e-08
 Reference value :  2.24625e-08
 Reference value :  2.24975e-08
 Reference value :  2.25225e-08
 Reference value :  2.25525e-08
 Reference value :  2.25775e-08
 Reference value :  2.26025e-08
 Reference value :  2.26225e-08
 Reference value :  2.26375e-08
 Reference value :  2.26525e-08
 Reference value :  2.26775e-08
 Reference value :  2.27075e-08
 Reference value :  2.27325e-08
 Reference value :  2.27525e-08
 Reference value :  2.27725e-08
 Reference value :  2.28025e-08
 Reference value :  2.28225e-08
 Reference value :  2.28425e-08
 Reference value :  2.28725e-08
 Reference value :  2.29025e-08
 Reference value :  2.29225e-08
 Reference value :  2.29375e-08
 Reference value :  2.29575e-08
 Reference value :  2.30025e-08
 Reference value :  2.30225e-08
 Reference value :  2.30475e-08
 Reference value :  2.30725e-08
 Reference value :  2.30975e-08
 Reference value :  2.31225e-08
 Reference value :  2.31525e-08
 Reference value :  2.31725e-08
 Reference value :  2.31925e-08
 Reference value :  2.32125e-08
 Reference value :  2.32325e-08
 Reference value :  2.32575e-08
 Reference value :  2.32875e-08
 Reference value :  2.33125e-08
 Reference value :  2.33325e-08
 Reference value :  2.33525e-08
 Reference value :  2.33725e-08
 Reference value :  2.33875e-08
 Reference value :  2.34075e-08
 Reference value :  2.34275e-08
 Reference value :  2.34475e-08
 Reference value :  2.34675e-08
 Reference value :  2.34875e-08
 Reference value :  2.35075e-08
 Reference value :  2.35425e-08
 Reference value :  2.35675e-08
 Reference value :  2.35875e-08
 Reference value :  2.36075e-08
 Reference value :  2.36275e-08
 Reference value :  2.36475e-08
 Reference value :  2.36725e-08
 Reference value :  2.36925e-08
 Reference value :  2.37175e-08
 Reference value :  2.37325e-08
 Reference value :  2.37525e-08
 Reference value :  2.37675e-08
 Reference value :  2.37875e-08
 Reference value :  2.38025e-08
 Reference value :  2.38225e-08
 Reference value :  2.38475e-08
 Reference value :  2.38675e-08
 Reference value :  2.38925e-08
 Reference value :  2.39175e-08
 Reference value :  2.39375e-08
 Reference value :  2.39575e-08
 Reference value :  2.39825e-08
 Reference value :  2.40025e-08
 Reference value :  2.40275e-08
 Reference value :  2.40475e-08
 Reference value :  2.40725e-08
 Reference value :  2.40925e-08
 Reference value :  2.41125e-08
 Reference value :  2.41325e-08
 Reference value :  2.41525e-08
 Reference value :  2.41725e-08
 Reference value :  2.41925e-08
 Reference value :  2.42125e-08
 Reference value :  2.42375e-08
 Reference value :  2.42575e-08
 Reference value :  2.42825e-08
 Reference value :  2.43075e-08
 Reference value :  2.43275e-08
 Reference value :  2.43475e-08
 Reference value :  2.43675e-08
 Reference value :  2.43875e-08
 Reference value :  2.44175e-08
 Reference value :  2.44375e-08
 Reference value :  2.44575e-08
 Reference value :  2.44775e-08
 Reference value :  2.44975e-08
 Reference value :  2.45225e-08
 Reference value :  2.45475e-08
 Reference value :  2.45675e-08
 Reference value :  2.45925e-08
 Reference value :  2.46125e-08
 Reference value :  2.46375e-08
 Reference value :  2.46575e-08
 Reference value :  2.46775e-08
 Reference value :  2.46975e-08
 Reference value :  2.47225e-08
 Reference value :  2.47475e-08
 Reference value :  2.47725e-08
 Reference value :  2.47925e-08
 Reference value :  2.48175e-08
 Reference value :  2.48375e-08
 Reference value :  2.48575e-08
 Reference value :  2.48825e-08
 Reference value :  2.49025e-08
 Reference value :  2.49225e-08
 Reference value :  2.49425e-08
 Reference value :  2.49625e-08
 Reference value :  2.49825e-08
 Reference value :  2.49975e-08
 Reference value :  2.50175e-08
 Reference value :  2.50375e-08
 Reference value :  2.50575e-08
 Reference value :  2.50775e-08
 Reference value :  2.51075e-08
 Reference value :  2.51275e-08
 Reference value :  2.51625e-08
 Reference value :  2.51925e-08
 Reference value :  2.52125e-08
 Reference value :  2.52375e-08
 Reference value :  2.52575e-08
 Reference value :  2.52775e-08
 Reference value :  2.52975e-08
 Reference value :  2.53175e-08
 Reference value :  2.53375e-08
 Reference value :  2.53625e-08
 Reference value :  2.53875e-08
 Reference value :  2.54075e-08
 Reference value :  2.54275e-08
 Reference value :  2.54525e-08
 Reference value :  2.54725e-08
 Reference value :  2.54975e-08
 Reference value :  2.55225e-08
 Reference value :  2.55425e-08
 Reference value :  2.55575e-08
 Reference value :  2.55775e-08
 Reference value :  2.55925e-08
 Reference value :  2.56075e-08
 Reference value :  2.56275e-08
 Reference value :  2.56475e-08
 Reference value :  2.56625e-08
 Reference value :  2.56875e-08
 Reference value :  2.57075e-08
 Reference value :  2.57275e-08
 Reference value :  2.57475e-08
 Reference value :  2.57625e-08
 Reference value :  2.57825e-08
 Reference value :  2.58025e-08
 Reference value :  2.58225e-08
 Reference value :  2.58425e-08
 Reference value :  2.58625e-08
 Reference value :  2.58875e-08
 Reference value :  2.59075e-08
 Reference value :  2.59325e-08
 Reference value :  2.59525e-08
 Reference value :  2.59725e-08
 Reference value :  2.59925e-08
 Reference value :  2.60125e-08
 Reference value :  2.60325e-08
 Reference value :  2.60525e-08
 Reference value :  2.60725e-08
 Reference value :  2.60925e-08
 Reference value :  2.61075e-08
 Reference value :  2.61475e-08
 Reference value :  2.61725e-08
 Reference value :  2.61875e-08
 Reference value :  2.62125e-08
 Reference value :  2.62375e-08
 Reference value :  2.62575e-08
 Reference value :  2.62825e-08
 Reference value :  2.63025e-08
 Reference value :  2.63275e-08
 Reference value :  2.63425e-08
 Reference value :  2.63675e-08
 Reference value :  2.63925e-08
 Reference value :  2.64125e-08
 Reference value :  2.64325e-08
 Reference value :  2.64575e-08
 Reference value :  2.64775e-08
 Reference value :  2.64925e-08
 Reference value :  2.65125e-08
 Reference value :  2.65325e-08
 Reference value :  2.65525e-08
 Reference value :  2.65775e-08
 Reference value :  2.66025e-08
 Reference value :  2.66275e-08
 Reference value :  2.66425e-08
 Reference value :  2.66575e-08
 Reference value :  2.66775e-08
 Reference value :  2.66975e-08
 Reference value :  2.67225e-08
 Reference value :  2.67475e-08
 Reference value :  2.67675e-08
 Reference value :  2.67925e-08
 Reference value :  2.68125e-08
 Reference value :  2.68325e-08
 Reference value :  2.68525e-08
 Reference value :  2.68725e-08
 Reference value :  2.68975e-08
 Reference value :  2.69175e-08
 Reference value :  2.69375e-08
 Reference value :  2.69575e-08
 Reference value :  2.69825e-08
 Reference value :  2.70025e-08
 Reference value :  2.70225e-08
 Reference value :  2.70475e-08
 Reference value :  2.70675e-08
 Reference value :  2.70925e-08
 Reference value :  2.71125e-08
 Reference value :  2.71325e-08
 Reference value :  2.71525e-08
 Reference value :  2.71775e-08
 Reference value :  2.71975e-08
 Reference value :  2.72175e-08
 Reference value :  2.72375e-08
 Reference value :  2.72575e-08
 Reference value :  2.72775e-08
 Reference value :  2.72925e-08
 Reference value :  2.73075e-08
 Reference value :  2.73275e-08
 Reference value :  2.73475e-08
 Reference value :  2.73725e-08
 Reference value :  2.73975e-08
 Reference value :  2.74175e-08
 Reference value :  2.74375e-08
 Reference value :  2.74575e-08
 Reference value :  2.74725e-08
 Reference value :  2.74925e-08
 Reference value :  2.75125e-08
 Reference value :  2.75325e-08
 Reference value :  2.75525e-08
 Reference value :  2.75725e-08
 Reference value :  2.75925e-08
 Reference value :  2.76125e-08
 Reference value :  2.76325e-08
 Reference value :  2.76575e-08
 Reference value :  2.76775e-08
 Reference value :  2.77025e-08
 Reference value :  2.77225e-08
 Reference value :  2.77425e-08
 Reference value :  2.77675e-08
 Reference value :  2.77875e-08
 Reference value :  2.78075e-08
 Reference value :  2.78325e-08
 Reference value :  2.78525e-08
 Reference value :  2.78725e-08
 Reference value :  2.78975e-08
 Reference value :  2.79225e-08
 Reference value :  2.79425e-08
 Reference value :  2.79675e-08
 Reference value :  2.79875e-08
 Reference value :  2.80075e-08
 Reference value :  2.80325e-08
 Reference value :  2.80625e-08
 Reference value :  2.80825e-08
 Reference value :  2.81025e-08
 Reference value :  2.81275e-08
 Reference value :  2.81475e-08
 Reference value :  2.81675e-08
 Reference value :  2.81875e-08
 Reference value :  2.82075e-08
 Reference value :  2.82275e-08
 Reference value :  2.82475e-08
 Reference value :  2.82675e-08
 Reference value :  2.82825e-08
 Reference value :  2.83025e-08
 Reference value :  2.83275e-08
 Reference value :  2.83475e-08
 Reference value :  2.83675e-08
 Reference value :  2.83875e-08
 Reference value :  2.84075e-08
 Reference value :  2.84275e-08
 Reference value :  2.84475e-08
 Reference value :  2.84675e-08
 Reference value :  2.84825e-08
 Reference value :  2.85025e-08
 Reference value :  2.85225e-08
 Reference value :  2.85425e-08
 Reference value :  2.85625e-08
 Reference value :  2.85875e-08
 Reference value :  2.86125e-08
 Reference value :  2.86375e-08
 Reference value :  2.86625e-08
 Reference value :  2.86875e-08
 Reference value :  2.87125e-08
 Reference value :  2.87375e-08
 Reference value :  2.87575e-08
 Reference value :  2.87775e-08
 Reference value :  2.87975e-08
 Reference value :  2.88175e-08
 Reference value :  2.88375e-08
 Reference value :  2.88525e-08
 Reference value :  2.88725e-08
 Reference value :  2.88975e-08
 Reference value :  2.89175e-08
 Reference value :  2.89425e-08
 Reference value :  2.89575e-08
 Reference value :  2.89775e-08
 Reference value :  2.89975e-08
 Reference value :  2.90225e-08
 Reference value :  2.90425e-08
 Reference value :  2.90625e-08
 Reference value :  2.90825e-08
 Reference value :  2.91025e-08
 Reference value :  2.91225e-08
 Reference value :  2.91425e-08
 Reference value :  2.91625e-08
 Reference value :  2.91875e-08
 Reference value :  2.92075e-08
 Reference value :  2.92425e-08
 Reference value :  2.92675e-08
 Reference value :  2.92925e-08
 Reference value :  2.93075e-08
 Reference value :  2.93275e-08
 Reference value :  2.93525e-08
 Reference value :  2.93825e-08
 Reference value :  2.94025e-08
 Reference value :  2.94275e-08
 Reference value :  2.94525e-08
 Reference value :  2.94775e-08
 Reference value :  2.95025e-08
 Reference value :  2.95225e-08
 Reference value :  2.95475e-08
 Reference value :  2.95625e-08
 Reference value :  2.95825e-08
 Reference value :  2.96075e-08
 Reference value :  2.96225e-08
 Reference value :  2.96425e-08
 Reference value :  2.96675e-08
 Reference value :  2.96925e-08
 Reference value :  2.97125e-08
 Reference value :  2.97325e-08
 Reference value :  2.97525e-08
 Reference value :  2.97725e-08
 Reference value :  2.97975e-08
 Reference value :  2.98275e-08
 Reference value :  2.98525e-08
 Reference value :  2.98775e-08
 Reference value :  2.99025e-08
 Reference value :  2.99225e-08
 Reference value :  2.99475e-08
 Reference value :  2.99725e-08
 Reference value :  2.99925e-08
 Reference value :  3.00175e-08
 Reference value :  3.00475e-08
 Reference value :  3.00675e-08
 Reference value :  3.00825e-08
 Reference value :  3.01025e-08
 Reference value :  3.01225e-08
 Reference value :  3.01375e-08
 Reference value :  3.01575e-08
 Reference value :  3.01825e-08
 Reference value :  3.02025e-08
 Reference value :  3.02225e-08
 Reference value :  3.02475e-08
 Reference value :  3.02675e-08
 Reference value :  3.02925e-08
 Reference value :  3.03125e-08
 Reference value :  3.03325e-08
 Reference value :  3.03575e-08
 Reference value :  3.03775e-08
 Reference value :  3.03975e-08
 Reference value :  3.04125e-08
 Reference value :  3.04325e-08
 Reference value :  3.04525e-08
 Reference value :  3.04725e-08
 Reference value :  3.04925e-08
 Reference value :  3.05125e-08
 Reference value :  3.05325e-08
 Reference value :  3.05575e-08
 Reference value :  3.05775e-08
 Reference value :  3.06125e-08
 Reference value :  3.06325e-08
 Reference value :  3.06525e-08
 Reference value :  3.06725e-08
 Reference value :  3.06975e-08
 Reference value :  3.07175e-08
 Reference value :  3.07375e-08
 Reference value :  3.07575e-08
 Reference value :  3.07775e-08
 Reference value :  3.08025e-08
 Reference value :  3.08225e-08
 Reference value :  3.08425e-08
 Reference value :  3.08625e-08
 Reference value :  3.08925e-08
 Reference value :  3.09175e-08
 Reference value :  3.09325e-08
 Reference value :  3.09525e-08
 Reference value :  3.09775e-08
 Reference value :  3.09975e-08
 Reference value :  3.10175e-08
 Reference value :  3.10375e-08
 Reference value :  3.10575e-08
 Reference value :  3.10725e-08
 Reference value :  3.10925e-08
 Reference value :  3.11125e-08
 Reference value :  3.11375e-08
 Reference value :  3.11575e-08
 Reference value :  3.11775e-08
 Reference value :  3.11975e-08
 Reference value :  3.12175e-08
 Reference value :  3.12375e-08
 Reference value :  3.12575e-08
 Reference value :  3.12775e-08
 Reference value :  3.12975e-08
 Reference value :  3.13175e-08
 Reference value :  3.13375e-08
 Reference value :  3.13575e-08
 Reference value :  3.13825e-08
 Reference value :  3.14075e-08
 Reference value :  3.14275e-08
 Reference value :  3.14525e-08
 Reference value :  3.18925e-08
 Reference value :  3.19125e-08
 Reference value :  3.19375e-08
 Reference value :  3.19575e-08
 Reference value :  3.19825e-08
 Reference value :  3.20025e-08
 Reference value :  3.20225e-08
 Reference value :  3.20425e-08
 Reference value :  3.20675e-08
 Reference value :  3.20925e-08
 Reference value :  3.21125e-08
 Reference value :  3.21275e-08
 Reference value :  3.21475e-08
 Reference value :  3.21725e-08
 Reference value :  3.21975e-08
 Reference value :  3.22225e-08
 Reference value :  3.22475e-08
 Reference value :  3.22725e-08
 Reference value :  3.22925e-08
 Reference value :  3.23125e-08
 Reference value :  3.23325e-08
 Reference value :  3.23525e-08
 Reference value :  3.23775e-08
 Reference value :  3.23975e-08
 Reference value :  3.24275e-08
 Reference value :  3.24475e-08
 Reference value :  3.24725e-08
 Reference value :  3.24975e-08
 Reference value :  3.25175e-08
 Reference value :  3.25375e-08
 Reference value :  3.25575e-08
 Reference value :  3.25825e-08
 Reference value :  3.26025e-08
 Reference value :  3.26275e-08
 Reference value :  3.26475e-08
 Reference value :  3.26675e-08
 Reference value :  3.26875e-08
 Reference value :  3.27075e-08
 Reference value :  3.27275e-08
 Reference value :  3.27475e-08
 Reference value :  3.27725e-08
 Reference value :  3.27925e-08
 Reference value :  3.28175e-08
 Reference value :  3.28425e-08
 Reference value :  3.28575e-08
 Reference value :  3.28775e-08
 Reference value :  3.28975e-08
 Reference value :  3.29175e-08
 Reference value :  3.29425e-08
 Reference value :  3.29625e-08
 Reference value :  3.29825e-08
 Reference value :  3.30025e-08
 Reference value :  3.30175e-08
 Reference value :  3.30425e-08
 Reference value :  3.30625e-08
 Reference value :  3.30875e-08
 Reference value :  3.31075e-08
 Reference value :  3.31275e-08
 Reference value :  3.31475e-08
 Reference value :  3.31675e-08
 Reference value :  3.31875e-08
 Reference value :  3.32075e-08
 Reference value :  3.32275e-08
 Reference value :  3.32475e-08
 Reference value :  3.32675e-08
 Reference value :  3.32925e-08
 Reference value :  3.33125e-08
 Reference value :  3.33425e-08
 Reference value :  3.33675e-08
 Reference value :  3.33875e-08
 Reference value :  3.34125e-08
 Reference value :  3.34275e-08
 Reference value :  3.34475e-08
 Reference value :  3.34725e-08
 Reference value :  3.34925e-08
 Reference value :  3.35075e-08
 Reference value :  3.35275e-08
 Reference value :  3.35525e-08
 Reference value :  3.35775e-08
 Reference value :  3.35975e-08
 Reference value :  3.36175e-08
 Reference value :  3.36425e-08
 Reference value :  3.36625e-08
 Reference value :  3.36875e-08
 Reference value :  3.37125e-08
 Reference value :  3.37325e-08
 Reference value :  3.37475e-08
 Reference value :  3.37675e-08
 Reference value :  3.37825e-08
 Reference value :  3.38025e-08
 Reference value :  3.38225e-08
 Reference value :  3.38425e-08
 Reference value :  3.38625e-08
 Reference value :  3.38825e-08
 Reference value :  3.38975e-08
 Reference value :  3.39175e-08
 Reference value :  3.39375e-08
 Reference value :  3.39575e-08
 Reference value :  3.39825e-08
 Reference value :  3.40075e-08
 Reference value :  3.40275e-08
 Reference value :  3.40525e-08
 Reference value :  3.40725e-08
 Reference value :  3.40975e-08
 Reference value :  3.41175e-08
 Reference value :  3.41375e-08
 Reference value :  3.41625e-08
 Reference value :  3.41825e-08
 Reference value :  3.42025e-08
 Reference value :  3.42225e-08
 Reference value :  3.42425e-08
 Reference value :  3.42625e-08
 Reference value :  3.42825e-08
 Reference value :  3.43025e-08
 Reference value :  3.43225e-08
 Reference value :  3.43425e-08
 Reference value :  3.43625e-08
 Reference value :  3.43875e-08
 Reference value :  3.44125e-08
 Reference value :  3.44375e-08
 Reference value :  3.44575e-08
 Reference value :  3.44775e-08
 Reference value :  3.44925e-08
 Reference value :  3.45075e-08
 Reference value :  3.45275e-08
 Reference value :  3.45475e-08
 Reference value :  3.45675e-08
 Reference value :  3.45875e-08
 Reference value :  3.46075e-08
 Reference value :  3.46225e-08
 Reference value :  3.46425e-08
 Reference value :  3.46625e-08
 Reference value :  3.46875e-08
 Reference value :  3.47075e-08
 Reference value :  3.47225e-08
 Reference value :  3.47425e-08
 Reference value :  3.47575e-08
 Reference value :  3.47775e-08
 Reference value :  3.48125e-08
 Reference value :  3.48525e-08
 Reference value :  3.48925e-08
 Reference value :  3.49125e-08
 Reference value :  3.49325e-08
 Reference value :  3.49525e-08
 Reference value :  3.49725e-08
 Reference value :  3.49925e-08
 Reference value :  3.50075e-08
 Reference value :  3.50275e-08
 Reference value :  3.50475e-08
 Reference value :  3.50675e-08
 Reference value :  3.50875e-08
 Reference value :  3.51075e-08
 Reference value :  3.51325e-08
 Reference value :  3.51575e-08
 Reference value :  3.51775e-08
 Reference value :  3.51975e-08
 Reference value :  3.52175e-08
 Reference value :  3.52375e-08
 Reference value :  3.52575e-08
 Reference value :  3.52825e-08
 Reference value :  3.53075e-08
 Reference value :  3.53275e-08
 Reference value :  3.53425e-08
 Reference value :  3.53575e-08
 Reference value :  3.53825e-08
 Reference value :  3.54075e-08
 Reference value :  3.54325e-08
 Reference value :  3.54525e-08
 Reference value :  3.54725e-08
 Reference value :  3.54975e-08
 Reference value :  3.55125e-08
 Reference value :  3.55275e-08
 Reference value :  3.55575e-08
 Reference value :  3.55825e-08
 Reference value :  3.56025e-08
 Reference value :  3.56425e-08
 Reference value :  3.56625e-08
 Reference value :  3.56875e-08
 Reference value :  3.57175e-08
 Reference value :  3.57375e-08
 Reference value :  3.57575e-08
 Reference value :  3.57775e-08
 Reference value :  3.57975e-08
 Reference value :  3.58175e-08
 Reference value :  3.58325e-08
 Reference value :  3.58525e-08
 Reference value :  3.58725e-08
 Reference value :  3.58925e-08
 Reference value :  3.59125e-08
 Reference value :  3.59275e-08
 Reference value :  3.59475e-08
 Reference value :  3.59675e-08
 Reference value :  3.59875e-08
 Reference value :  3.60075e-08
 Reference value :  3.60275e-08
 Reference value :  3.60475e-08
 Reference value :  3.60675e-08
 Reference value :  3.60875e-08
 Reference value :  3.61125e-08
 Reference value :  3.61375e-08
 Reference value :  3.61775e-08
 Reference value :  3.61975e-08
 Reference value :  3.62175e-08
 Reference value :  3.62425e-08
 Reference value :  3.62625e-08
 Reference value :  3.62825e-08
 Reference value :  3.63025e-08
 Reference value :  3.63225e-08
 Reference value :  3.63375e-08
 Reference value :  3.63625e-08
 Reference value :  3.63825e-08
 Reference value :  3.64025e-08
 Reference value :  3.64275e-08
 Reference value :  3.64575e-08
 Reference value :  3.64775e-08
 Reference value :  3.64975e-08
 Reference value :  3.65175e-08
 Reference value :  3.65375e-08
 Reference value :  3.65575e-08
 Reference value :  3.65775e-08
 Reference value :  3.66025e-08
 Reference value :  3.66225e-08
 Reference value :  3.66425e-08
 Reference value :  3.66675e-08
 Reference value :  3.66875e-08
 Reference value :  3.67075e-08
 Reference value :  3.67275e-08
 Reference value :  3.67525e-08
 Reference value :  3.67775e-08
 Reference value :  3.67975e-08
 Reference value :  3.68175e-08
 Reference value :  3.68425e-08
 Reference value :  3.68675e-08
 Reference value :  3.68925e-08
 Reference value :  3.69125e-08
 Reference value :  3.69325e-08
 Reference value :  3.69575e-08
 Reference value :  3.69825e-08
 Reference value :  3.70075e-08
 Reference value :  3.70275e-08
 Reference value :  3.70475e-08
 Reference value :  3.70725e-08
 Reference value :  3.70975e-08
 Reference value :  3.71225e-08
 Reference value :  3.71425e-08
 Reference value :  3.71725e-08
 Reference value :  3.71975e-08
 Reference value :  3.72225e-08
 Reference value :  3.72475e-08
 Reference value :  3.72675e-08
 Reference value :  3.72925e-08
 Reference value :  3.73175e-08
 Reference value :  3.73425e-08
 Reference value :  3.73675e-08
 Reference value :  3.73975e-08
 Reference value :  3.74225e-08
 Reference value :  3.74425e-08
 Reference value :  3.74675e-08
 Reference value :  3.74875e-08
 Reference value :  3.75125e-08
 Reference value :  3.75325e-08
 Reference value :  3.75575e-08
 Reference value :  3.75775e-08
 Reference value :  3.76025e-08
 Reference value :  3.76225e-08
 Reference value :  3.76425e-08
 Reference value :  3.76625e-08
 Reference value :  3.76825e-08
 Reference value :  3.77025e-08
 Reference value :  3.77175e-08
 Reference value :  3.77375e-08
 Reference value :  3.77575e-08
 Reference value :  3.77775e-08
 Reference value :  3.78075e-08
 Reference value :  3.78325e-08
 Reference value :  3.78575e-08
 Reference value :  3.78825e-08
 Reference value :  3.79075e-08
 Reference value :  3.79325e-08
 Reference value :  3.79525e-08
 Reference value :  3.79775e-08
 Reference value :  3.79975e-08
 Reference value :  3.80225e-08
 Reference value :  3.80475e-08
 Reference value :  3.80675e-08
 Reference value :  3.80875e-08
 Reference value :  3.81075e-08
 Reference value :  3.81325e-08
 Reference value :  3.81525e-08
 Reference value :  3.81725e-08
 Reference value :  3.81975e-08
 Reference value :  3.82125e-08
 Reference value :  3.82275e-08
 Reference value :  3.82475e-08
 Reference value :  3.82725e-08
 Reference value :  3.82925e-08
 Reference value :  3.83125e-08
 Reference value :  3.83325e-08
 Reference value :  3.83575e-08
 Reference value :  3.83725e-08
 Reference value :  3.83925e-08
 Reference value :  3.84075e-08
 Reference value :  3.84275e-08
 Reference value :  3.84425e-08
 Reference value :  3.84625e-08
 Reference value :  3.84775e-08
 Reference value :  3.84975e-08
 Reference value :  3.85125e-08
 Reference value :  3.85325e-08
 Reference value :  3.85525e-08
 Reference value :  3.85775e-08
 Reference value :  3.86025e-08
 Reference value :  3.86225e-08
 Reference value :  3.86475e-08
 Reference value :  3.86675e-08
 Reference value :  3.86875e-08
 Reference value :  3.87075e-08
 Reference value :  3.87275e-08
 Reference value :  3.87525e-08
 Reference value :  3.87725e-08
 Reference value :  3.87975e-08
 Reference value :  3.88175e-08
 Reference value :  3.88375e-08
 Reference value :  3.88575e-08
 Reference value :  3.88775e-08
 Reference value :  3.88975e-08
 Reference value :  3.89175e-08
 Reference value :  3.89375e-08
 Reference value :  3.89675e-08
 Reference value :  3.89875e-08
 Reference value :  3.90075e-08
 Reference value :  3.90275e-08
 Reference value :  3.90525e-08
 Reference value :  3.90725e-08
 Reference value :  3.90975e-08
 Reference value :  3.91175e-08
 Reference value :  3.91375e-08
 Reference value :  3.91625e-08
 Reference value :  3.91825e-08
 Reference value :  3.92025e-08
 Reference value :  3.92225e-08
 Reference value :  3.92425e-08
 Reference value :  3.92625e-08
 Reference value :  3.92825e-08
 Reference value :  3.92975e-08
 Reference value :  3.93175e-08
 Reference value :  3.93375e-08
 Reference value :  3.93575e-08
 Reference value :  3.93775e-08
 Reference value :  3.94025e-08
 Reference value :  3.94225e-08
 Reference value :  3.94475e-08
 Reference value :  3.94675e-08
 Reference value :  3.94875e-08
 Reference value :  3.95125e-08
 Reference value :  3.95375e-08
 Reference value :  3.95575e-08
 Reference value :  3.95775e-08
 Reference value :  3.95975e-08
 Reference value :  3.96125e-08
 Reference value :  3.96325e-08
 Reference value :  3.96525e-08
 Reference value :  3.96825e-08
 Reference value :  3.97075e-08
 Reference value :  3.97275e-08
 Reference value :  3.97525e-08
 Reference value :  3.97725e-08
 Reference value :  3.97925e-08
 Reference value :  3.98175e-08
 Reference value :  3.98325e-08
 Reference value :  3.98575e-08
 Reference value :  3.98825e-08
 Reference value :  3.99025e-08
 Reference value :  3.99225e-08
 Reference value :  3.99425e-08
 Reference value :  3.99675e-08
 Reference value :  3.99875e-08
 Reference value :  4.00125e-08
 Reference value :  4.00325e-08
 Reference value :  4.00525e-08
 Reference value :  4.00725e-08
 Reference value :  4.00925e-08
 Reference value :  4.01075e-08
 Reference value :  4.01275e-08
 Reference value :  4.01475e-08
 Reference value :  4.01675e-08
 Reference value :  4.01875e-08
 Reference value :  4.02025e-08
 Reference value :  4.02225e-08
 Reference value :  4.02425e-08
 Reference value :  4.02625e-08
 Reference value :  4.02825e-08
 Reference value :  4.03025e-08
 Reference value :  4.03225e-08
 Reference value :  4.03425e-08
 Reference value :  4.03625e-08
 Reference value :  4.03825e-08
 Reference value :  4.04025e-08
 Reference value :  4.04225e-08
 Reference value :  4.04425e-08
 Reference value :  4.04625e-08
 Reference value :  4.04825e-08
 Reference value :  4.05025e-08
 Reference value :  4.05225e-08
 Reference value :  4.05425e-08
 Reference value :  4.05625e-08
 Reference value :  4.05825e-08
 Reference value :  4.06025e-08
 Reference value :  4.06225e-08
 Reference value :  4.06425e-08
 Reference value :  4.06625e-08
 Reference value :  4.06825e-08
 Reference value :  4.07075e-08
 Reference value :  4.07325e-08
 Reference value :  4.07525e-08
 Reference value :  4.07775e-08
 Reference value :  4.07975e-08
 Reference value :  4.08175e-08
 Reference value :  4.08375e-08
 Reference value :  4.08575e-08
 Reference value :  4.08775e-08
 Reference value :  4.08925e-08
 Reference value :  4.09125e-08
 Reference value :  4.09375e-08
 Reference value :  4.09575e-08
 Reference value :  4.09775e-08
 Reference value :  4.09975e-08
 Reference value :  4.10175e-08
 Reference value :  4.10375e-08
 Reference value :  4.10575e-08
 Reference value :  4.10775e-08
 Reference value :  4.10975e-08
 Reference value :  4.11175e-08
 Reference value :  4.11375e-08
 Reference value :  4.11575e-08
 Reference value :  4.11775e-08
 Reference value :  4.11975e-08
 Reference value :  4.12175e-08
 Reference value :  4.12425e-08
 Reference value :  4.12625e-08
 Reference value :  4.12825e-08
 Reference value :  4.13025e-08
 Reference value :  4.13225e-08
 Reference value :  4.13425e-08
 Reference value :  4.13625e-08
 Reference value :  4.13825e-08
 Reference value :  4.14025e-08
 Reference value :  4.14275e-08
 Reference value :  4.14475e-08
 Reference value :  4.14675e-08
 Reference value :  4.14875e-08
 Reference value :  4.15075e-08
 Reference value :  4.15275e-08
 Reference value :  4.15475e-08
 Reference value :  4.15675e-08
 Reference value :  4.15875e-08
 Reference value :  4.16075e-08
 Reference value :  4.16275e-08
 Reference value :  4.16425e-08
 Reference value :  4.16625e-08
 Reference value :  4.16825e-08
 Reference value :  4.17025e-08
 Reference value :  4.17225e-08
 Reference value :  4.17425e-08
 Reference value :  4.17625e-08
 Reference value :  4.17775e-08
 Reference value :  4.17975e-08
 Reference value :  4.18175e-08
 Reference value :  4.18375e-08
 Reference value :  4.18575e-08
 Reference value :  4.18775e-08
 Reference value :  4.18975e-08
 Reference value :  4.19175e-08
 Reference value :  4.19375e-08
 Reference value :  4.19575e-08
 Reference value :  4.19775e-08
 Reference value :  4.19975e-08
 Reference value :  4.20175e-08
 Reference value :  4.20375e-08
 Reference value :  4.20575e-08
 Reference value :  4.20775e-08
 Reference value :  4.20975e-08
 Reference value :  4.21175e-08
 Reference value :  4.21375e-08
 Reference value :  4.21575e-08
 Reference value :  4.21775e-08
 Reference value :  4.21975e-08
 Reference value :  4.22175e-08
 Reference value :  4.22375e-08
 Reference value :  4.22575e-08
 Reference value :  4.22775e-08
 Reference value :  4.22975e-08
 Reference value :  4.23175e-08
 Reference value :  4.23375e-08
 Reference value :  4.23575e-08
 Reference value :  4.23775e-08
 Reference value :  4.23975e-08
 Reference value :  4.24175e-08
 Reference value :  4.24375e-08
 Reference value :  4.24575e-08
 Reference value :  4.24775e-08
 Reference value :  4.24975e-08
 Reference value :  4.25175e-08
 Reference value :  4.25325e-08
 Reference value :  4.25525e-08
 Reference value :  4.25725e-08
 Reference value :  4.25925e-08
 Reference value :  4.26125e-08
 Reference value :  4.26325e-08
 Reference value :  4.26525e-08
 Reference value :  4.26775e-08
 Reference value :  4.26975e-08
 Reference value :  4.27175e-08
 Reference value :  4.27375e-08
 Reference value :  4.27575e-08
 Reference value :  4.27775e-08
 Reference value :  4.27975e-08
 Reference value :  4.28175e-08
 Reference value :  4.28375e-08
 Reference value :  4.28575e-08
 Reference value :  4.28775e-08
 Reference value :  4.29025e-08
 Reference value :  4.29275e-08
 Reference value :  4.29475e-08
 Reference value :  4.29675e-08
 Reference value :  4.29875e-08
 Reference value :  4.30075e-08
 Reference value :  4.30275e-08
 Reference value :  4.30475e-08
 Reference value :  4.30675e-08
 Reference value :  4.30825e-08
 Reference value :  4.31025e-08
 Reference value :  4.31225e-08
 Reference value :  4.31425e-08
 Reference value :  4.31725e-08
 Reference value :  4.31925e-08
 Reference value :  4.32125e-08
 Reference value :  4.32325e-08
 Reference value :  4.32525e-08
 Reference value :  4.32725e-08
 Reference value :  4.32925e-08
 Reference value :  4.33125e-08
 Reference value :  4.33325e-08
 Reference value :  4.33525e-08
 Reference value :  4.33725e-08
 Reference value :  4.33925e-08
 Reference value :  4.34125e-08
 Reference value :  4.34325e-08
 Reference value :  4.34525e-08
 Reference value :  4.34725e-08
 Reference value :  4.34925e-08
 Reference value :  4.35125e-08
 Reference value :  4.35325e-08
 Reference value :  4.35525e-08
 Reference value :  4.35725e-08
 Reference value :  4.35925e-08
 Reference value :  4.36125e-08
 Reference value :  4.36325e-08
 Reference value :  4.36525e-08
 Reference value :  4.36725e-08
 Reference value :  4.36925e-08
 Reference value :  4.37125e-08
 Reference value :  4.37325e-08
 Reference value :  4.37525e-08
 Reference value :  4.37725e-08
 Reference value :  4.37925e-08
 Reference value :  4.38175e-08
 Reference value :  4.38375e-08
 Reference value :  4.38575e-08
 Reference value :  4.38775e-08
 Reference value :  4.38975e-08
 Reference value :  4.39175e-08
 Reference value :  4.39375e-08
 Reference value :  4.39575e-08
 Reference value :  4.39775e-08
 Reference value :  4.39975e-08
 Reference value :  4.40175e-08
 Reference value :  4.40375e-08
 Reference value :  4.40575e-08
 Reference value :  4.40775e-08
 Reference value :  4.41025e-08
 Reference value :  4.41225e-08
 Reference value :  4.41425e-08
 Reference value :  4.41625e-08
 Reference value :  4.41825e-08
 Reference value :  4.42025e-08
 Reference value :  4.42225e-08
 Reference value :  4.42475e-08
 Reference value :  4.42725e-08
 Reference value :  4.42925e-08
 Reference value :  4.43175e-08
 Reference value :  4.43375e-08
 Reference value :  4.43575e-08
 Reference value :  4.43775e-08
 Reference value :  4.44025e-08
 Reference value :  4.44225e-08
 Reference value :  4.44425e-08
 Reference value :  4.44625e-08
 Reference value :  4.44825e-08
 Reference value :  4.45025e-08
 Reference value :  4.45225e-08
 Reference value :  4.45425e-08
 Reference value :  4.45625e-08
 Reference value :  4.45825e-08
 Reference value :  4.46025e-08
 Reference value :  4.46275e-08
 Reference value :  4.46475e-08
 Reference value :  4.46675e-08
 Reference value :  4.46875e-08
 Reference value :  4.47075e-08
 Reference value :  4.47325e-08
 Reference value :  4.47475e-08
 Reference value :  4.47725e-08
 Reference value :  4.47925e-08
 Reference value :  4.48125e-08
 Reference value :  4.48325e-08
 Reference value :  4.48525e-08
 Reference value :  4.48725e-08
 Reference value :  4.48875e-08
 Reference value :  4.49075e-08
 Reference value :  4.49275e-08
 Reference value :  4.49475e-08
 Reference value :  4.49675e-08
 Reference value :  4.49925e-08
 Reference value :  4.50175e-08
 Reference value :  4.50375e-08
 Reference value :  4.50575e-08
 Reference value :  4.50775e-08
 Reference value :  4.50962e-08
No. of Data Rows : 9034
Note: Simulation executed from .control section 
