
Note: Compatibility modes selected: hs a


Circuit: * comparator-decision regen-time sweep -- vindiff=20mv corner=sf temp=-40.0c (issue #9)

option SCALE: Scale is set to 1e-06 for instance and model parameters
option SCALE: Scale is set to 1e-06 for instance and model parameters
option SCALE: Scale is set to 1e-06 for instance and model parameters
option SCALE: Scale is set to 1e-06 for instance and model parameters
Doing analysis at TEMP = -40.000000 and TNOM = 27.000000

Using KLU as Direct Linear Solver
 Reference value :  0.00000e+00
 Reference value :  8.00000e-13
 Reference value :  1.14000e-11
 Reference value :  5.64000e-11
 Reference value :  7.64000e-11
 Reference value :  1.01400e-10
 Reference value :  1.21400e-10
 Reference value :  1.41400e-10
 Reference value :  1.66400e-10
 Reference value :  1.86400e-10
 Reference value :  2.11400e-10
 Reference value :  2.36400e-10
 Reference value :  2.61400e-10
 Reference value :  2.81400e-10
 Reference value :  3.01400e-10
 Reference value :  3.21400e-10
 Reference value :  3.41400e-10
 Reference value :  3.61400e-10
 Reference value :  3.86400e-10
 Reference value :  4.06400e-10
 Reference value :  4.31400e-10
 Reference value :  4.56400e-10
 Reference value :  4.76400e-10
 Reference value :  5.01400e-10
 Reference value :  5.21400e-10
 Reference value :  5.41400e-10
 Reference value :  5.56400e-10
 Reference value :  5.76400e-10
 Reference value :  5.96400e-10
 Reference value :  6.16400e-10
 Reference value :  6.36400e-10
 Reference value :  6.51400e-10
 Reference value :  6.66400e-10
 Reference value :  6.86400e-10
 Reference value :  7.11400e-10
 Reference value :  7.31400e-10
 Reference value :  7.51400e-10
 Reference value :  7.71400e-10
 Reference value :  7.91400e-10
 Reference value :  8.06400e-10
 Reference value :  8.26400e-10
 Reference value :  8.46400e-10
 Reference value :  8.66400e-10
 Reference value :  8.86400e-10
 Reference value :  9.06400e-10
 Reference value :  9.26400e-10
 Reference value :  9.46400e-10
 Reference value :  9.61400e-10
 Reference value :  9.76400e-10
 Reference value :  9.91400e-10
 Reference value :  1.01640e-09
 Reference value :  1.04140e-09
 Reference value :  1.06640e-09
 Reference value :  1.09140e-09
 Reference value :  1.11140e-09
 Reference value :  1.14140e-09
 Reference value :  1.16640e-09
 Reference value :  1.18640e-09
 Reference value :  1.20640e-09
 Reference value :  1.23140e-09
 Reference value :  1.25640e-09
 Reference value :  1.27640e-09
 Reference value :  1.29140e-09
 Reference value :  1.31140e-09
 Reference value :  1.33140e-09
 Reference value :  1.35140e-09
 Reference value :  1.37140e-09
 Reference value :  1.39140e-09
 Reference value :  1.41140e-09
 Reference value :  1.43140e-09
 Reference value :  1.45640e-09
 Reference value :  1.48140e-09
 Reference value :  1.50640e-09
 Reference value :  1.53140e-09
 Reference value :  1.55140e-09
 Reference value :  1.57640e-09
 Reference value :  1.59140e-09
 Reference value :  1.61640e-09
 Reference value :  1.63640e-09
 Reference value :  1.65640e-09
 Reference value :  1.67640e-09
 Reference value :  1.69640e-09
 Reference value :  1.71640e-09
 Reference value :  1.73640e-09
 Reference value :  1.76140e-09
 Reference value :  1.78140e-09
 Reference value :  1.80140e-09
 Reference value :  1.82140e-09
 Reference value :  1.84640e-09
 Reference value :  1.86640e-09
 Reference value :  1.89140e-09
 Reference value :  1.91140e-09
 Reference value :  1.93640e-09
 Reference value :  1.96140e-09
 Reference value :  1.98140e-09
 Reference value :  2.00140e-09
 Reference value :  2.02140e-09
 Reference value :  2.03640e-09
 Reference value :  2.05640e-09
 Reference value :  2.07640e-09
 Reference value :  2.09640e-09
 Reference value :  2.12140e-09
 Reference value :  2.14140e-09
 Reference value :  2.16140e-09
 Reference value :  2.18140e-09
 Reference value :  2.20140e-09
 Reference value :  2.22640e-09
 Reference value :  2.25140e-09
 Reference value :  2.27140e-09
 Reference value :  2.29640e-09
 Reference value :  2.31140e-09
 Reference value :  2.33140e-09
 Reference value :  2.35640e-09
 Reference value :  2.37640e-09
 Reference value :  2.39640e-09
 Reference value :  2.42140e-09
 Reference value :  2.44140e-09
 Reference value :  2.46140e-09
 Reference value :  2.48140e-09
 Reference value :  2.50140e-09
 Reference value :  2.51640e-09
 Reference value :  2.53640e-09
 Reference value :  2.55640e-09
 Reference value :  2.57140e-09
 Reference value :  2.58640e-09
 Reference value :  2.61640e-09
 Reference value :  2.64140e-09
 Reference value :  2.66140e-09
 Reference value :  2.67640e-09
 Reference value :  2.69640e-09
 Reference value :  2.71640e-09
 Reference value :  2.73640e-09
 Reference value :  2.75640e-09
 Reference value :  2.78140e-09
 Reference value :  2.81140e-09
 Reference value :  2.83140e-09
 Reference value :  2.85640e-09
 Reference value :  2.87640e-09
 Reference value :  2.90640e-09
 Reference value :  2.92140e-09
 Reference value :  2.94140e-09
 Reference value :  2.96140e-09
 Reference value :  2.98640e-09
 Reference value :  3.00640e-09
 Reference value :  3.02640e-09
 Reference value :  3.05140e-09
 Reference value :  3.07140e-09
 Reference value :  3.09640e-09
 Reference value :  3.12140e-09
 Reference value :  3.14640e-09
 Reference value :  3.16640e-09
 Reference value :  3.18640e-09
 Reference value :  3.21140e-09
 Reference value :  3.23140e-09
 Reference value :  3.25140e-09
 Reference value :  3.27140e-09
 Reference value :  3.29640e-09
 Reference value :  3.32140e-09
 Reference value :  3.34640e-09
 Reference value :  3.36640e-09
 Reference value :  3.39140e-09
 Reference value :  3.41140e-09
 Reference value :  3.43140e-09
 Reference value :  3.44640e-09
 Reference value :  3.46640e-09
 Reference value :  3.48640e-09
 Reference value :  3.50640e-09
 Reference value :  3.52640e-09
 Reference value :  3.54640e-09
 Reference value :  3.56640e-09
 Reference value :  3.58640e-09
 Reference value :  3.60640e-09
 Reference value :  3.63140e-09
 Reference value :  3.65140e-09
 Reference value :  3.66640e-09
 Reference value :  3.68640e-09
 Reference value :  3.70640e-09
 Reference value :  3.72640e-09
 Reference value :  3.75140e-09
 Reference value :  3.77140e-09
 Reference value :  3.79140e-09
 Reference value :  3.81140e-09
 Reference value :  3.83140e-09
 Reference value :  3.85140e-09
 Reference value :  3.87640e-09
 Reference value :  3.89640e-09
 Reference value :  3.91640e-09
 Reference value :  3.93640e-09
 Reference value :  3.95140e-09
 Reference value :  3.97640e-09
 Reference value :  4.00140e-09
 Reference value :  4.02640e-09
 Reference value :  4.05140e-09
 Reference value :  4.07140e-09
 Reference value :  4.09140e-09
 Reference value :  4.11640e-09
 Reference value :  4.14140e-09
 Reference value :  4.16140e-09
 Reference value :  4.18140e-09
 Reference value :  4.20140e-09
 Reference value :  4.22140e-09
 Reference value :  4.23640e-09
 Reference value :  4.25640e-09
 Reference value :  4.27640e-09
 Reference value :  4.29640e-09
 Reference value :  4.32140e-09
 Reference value :  4.36140e-09
 Reference value :  4.38640e-09
 Reference value :  4.40640e-09
 Reference value :  4.42140e-09
 Reference value :  4.43640e-09
 Reference value :  4.45640e-09
 Reference value :  4.47640e-09
 Reference value :  4.49640e-09
 Reference value :  4.51640e-09
 Reference value :  4.53640e-09
 Reference value :  4.55640e-09
 Reference value :  4.58140e-09
 Reference value :  4.60140e-09
 Reference value :  4.62140e-09
 Reference value :  4.63640e-09
 Reference value :  4.65640e-09
 Reference value :  4.67640e-09
 Reference value :  4.70640e-09
 Reference value :  4.72640e-09
 Reference value :  4.74640e-09
 Reference value :  4.77140e-09
 Reference value :  4.79140e-09
 Reference value :  4.81640e-09
 Reference value :  4.83640e-09
 Reference value :  4.85640e-09
 Reference value :  4.87640e-09
 Reference value :  4.89640e-09
 Reference value :  4.91640e-09
 Reference value :  4.94140e-09
 Reference value :  4.96140e-09
 Reference value :  4.98140e-09
 Reference value :  5.00050e-09
 Reference value :  5.01250e-09
 Reference value :  5.03250e-09
 Reference value :  5.04750e-09
 Reference value :  5.06750e-09
 Reference value :  5.08250e-09
 Reference value :  5.10000e-09
 Reference value :  5.10350e-09
 Reference value :  5.12250e-09
 Reference value :  5.14250e-09
 Reference value :  5.16750e-09
 Reference value :  5.18750e-09
 Reference value :  5.20750e-09
 Reference value :  5.25750e-09
 Reference value :  5.28250e-09
 Reference value :  5.30250e-09
 Reference value :  5.32750e-09
 Reference value :  5.35250e-09
 Reference value :  5.36750e-09
 Reference value :  5.38250e-09
 Reference value :  5.40250e-09
 Reference value :  5.41750e-09
 Reference value :  5.43750e-09
 Reference value :  5.47250e-09
 Reference value :  5.48750e-09
 Reference value :  5.50750e-09
 Reference value :  5.52250e-09
 Reference value :  5.54250e-09
 Reference value :  5.56750e-09
 Reference value :  5.58750e-09
 Reference value :  5.60750e-09
 Reference value :  5.62750e-09
 Reference value :  5.64250e-09
 Reference value :  5.65750e-09
 Reference value :  5.67750e-09
 Reference value :  5.69250e-09
 Reference value :  5.71250e-09
 Reference value :  5.72750e-09
 Reference value :  5.74250e-09
 Reference value :  5.76250e-09
 Reference value :  5.79250e-09
 Reference value :  5.82750e-09
 Reference value :  5.85250e-09
 Reference value :  5.87750e-09
 Reference value :  5.89750e-09
 Reference value :  5.92250e-09
 Reference value :  5.94250e-09
 Reference value :  5.96250e-09
 Reference value :  5.98250e-09
 Reference value :  6.00250e-09
 Reference value :  6.02250e-09
 Reference value :  6.04250e-09
 Reference value :  6.06750e-09
 Reference value :  6.08750e-09
 Reference value :  6.11250e-09
 Reference value :  6.13750e-09
 Reference value :  6.15750e-09
 Reference value :  6.18250e-09
 Reference value :  6.20250e-09
 Reference value :  6.22250e-09
 Reference value :  6.24250e-09
 Reference value :  6.26250e-09
 Reference value :  6.29250e-09
 Reference value :  6.31250e-09
 Reference value :  6.33750e-09
 Reference value :  6.35750e-09
 Reference value :  6.37750e-09
 Reference value :  6.39750e-09
 Reference value :  6.41750e-09
 Reference value :  6.43750e-09
 Reference value :  6.45750e-09
 Reference value :  6.48250e-09
 Reference value :  6.50250e-09
 Reference value :  6.52750e-09
 Reference value :  6.54750e-09
 Reference value :  6.56250e-09
 Reference value :  6.58250e-09
 Reference value :  6.60250e-09
 Reference value :  6.62250e-09
 Reference value :  6.65250e-09
 Reference value :  6.67250e-09
 Reference value :  6.69250e-09
 Reference value :  6.71250e-09
 Reference value :  6.73250e-09
 Reference value :  6.75250e-09
 Reference value :  6.77250e-09
 Reference value :  6.79250e-09
 Reference value :  6.81250e-09
 Reference value :  6.82750e-09
 Reference value :  6.84750e-09
 Reference value :  6.87250e-09
 Reference value :  6.89250e-09
 Reference value :  6.90750e-09
 Reference value :  6.93250e-09
 Reference value :  6.95750e-09
 Reference value :  6.97750e-09
 Reference value :  6.99750e-09
 Reference value :  7.01250e-09
 Reference value :  7.03250e-09
 Reference value :  7.05750e-09
 Reference value :  7.07750e-09
 Reference value :  7.09750e-09
 Reference value :  7.12250e-09
 Reference value :  7.14750e-09
 Reference value :  7.17250e-09
 Reference value :  7.19750e-09
 Reference value :  7.22250e-09
 Reference value :  7.24250e-09
 Reference value :  7.26250e-09
 Reference value :  7.28250e-09
 Reference value :  7.30250e-09
 Reference value :  7.32250e-09
 Reference value :  7.34750e-09
 Reference value :  7.36750e-09
 Reference value :  7.39250e-09
 Reference value :  7.41750e-09
 Reference value :  7.43750e-09
 Reference value :  7.46250e-09
 Reference value :  7.48750e-09
 Reference value :  7.50750e-09
 Reference value :  7.52750e-09
 Reference value :  7.54750e-09
 Reference value :  7.56750e-09
 Reference value :  7.58750e-09
 Reference value :  7.60750e-09
 Reference value :  7.62750e-09
 Reference value :  7.64750e-09
 Reference value :  7.66750e-09
 Reference value :  7.68750e-09
 Reference value :  7.70750e-09
 Reference value :  7.73250e-09
 Reference value :  7.75250e-09
 Reference value :  7.77750e-09
 Reference value :  7.79750e-09
 Reference value :  7.82250e-09
 Reference value :  7.84750e-09
 Reference value :  7.87250e-09
 Reference value :  7.89750e-09
 Reference value :  7.92750e-09
 Reference value :  7.94750e-09
 Reference value :  7.96250e-09
 Reference value :  7.98250e-09
 Reference value :  8.00250e-09
 Reference value :  8.02250e-09
 Reference value :  8.05250e-09
 Reference value :  8.07250e-09
 Reference value :  8.09750e-09
 Reference value :  8.11750e-09
 Reference value :  8.13250e-09
 Reference value :  8.15250e-09
 Reference value :  8.17750e-09
 Reference value :  8.19750e-09
 Reference value :  8.22750e-09
 Reference value :  8.24750e-09
 Reference value :  8.27750e-09
 Reference value :  8.30250e-09
 Reference value :  8.32750e-09
 Reference value :  8.34750e-09
 Reference value :  8.36750e-09
 Reference value :  8.38750e-09
 Reference value :  8.40750e-09
 Reference value :  8.42750e-09
 Reference value :  8.45750e-09
 Reference value :  8.48250e-09
 Reference value :  8.50250e-09
 Reference value :  8.52250e-09
 Reference value :  8.54250e-09
 Reference value :  8.56250e-09
 Reference value :  8.58250e-09
 Reference value :  8.60750e-09
 Reference value :  8.62750e-09
 Reference value :  8.64750e-09
 Reference value :  8.66250e-09
 Reference value :  8.67750e-09
 Reference value :  8.69750e-09
 Reference value :  8.71750e-09
 Reference value :  8.74250e-09
 Reference value :  8.76750e-09
 Reference value :  8.79250e-09
 Reference value :  8.81250e-09
 Reference value :  8.83750e-09
 Reference value :  8.86250e-09
 Reference value :  8.88750e-09
 Reference value :  8.91750e-09
 Reference value :  8.94750e-09
 Reference value :  8.96750e-09
 Reference value :  8.98750e-09
 Reference value :  9.00750e-09
 Reference value :  9.02750e-09
 Reference value :  9.05250e-09
 Reference value :  9.07750e-09
 Reference value :  9.09250e-09
 Reference value :  9.10750e-09
 Reference value :  9.12750e-09
 Reference value :  9.14750e-09
 Reference value :  9.16250e-09
 Reference value :  9.17750e-09
 Reference value :  9.19750e-09
 Reference value :  9.22750e-09
 Reference value :  9.24250e-09
 Reference value :  9.26250e-09
 Reference value :  9.28250e-09
 Reference value :  9.30750e-09
 Reference value :  9.32750e-09
 Reference value :  9.34750e-09
 Reference value :  9.37250e-09
 Reference value :  9.39250e-09
 Reference value :  9.41250e-09
 Reference value :  9.43250e-09
 Reference value :  9.45250e-09
 Reference value :  9.47750e-09
 Reference value :  9.50250e-09
 Reference value :  9.52250e-09
 Reference value :  9.54250e-09
 Reference value :  9.55750e-09
 Reference value :  9.58250e-09
 Reference value :  9.60250e-09
 Reference value :  9.62250e-09
 Reference value :  9.64250e-09
 Reference value :  9.66750e-09
 Reference value :  9.69250e-09
 Reference value :  9.71250e-09
 Reference value :  9.73750e-09
 Reference value :  9.75750e-09
 Reference value :  9.78250e-09
 Reference value :  9.81250e-09
 Reference value :  9.83250e-09
 Reference value :  9.85750e-09
 Reference value :  9.88250e-09
 Reference value :  9.90250e-09
 Reference value :  9.92250e-09
 Reference value :  9.94250e-09
 Reference value :  9.96250e-09
 Reference value :  9.98750e-09
 Reference value :  1.00125e-08
 Reference value :  1.00375e-08
 Reference value :  1.00625e-08
 Reference value :  1.00825e-08
 Reference value :  1.01075e-08
 Reference value :  1.01325e-08
 Reference value :  1.01525e-08
 Reference value :  1.01725e-08
 Reference value :  1.01925e-08
 Reference value :  1.02125e-08
 Reference value :  1.02375e-08
 Reference value :  1.02625e-08
 Reference value :  1.02825e-08
 Reference value :  1.03025e-08
 Reference value :  1.03225e-08
 Reference value :  1.03425e-08
 Reference value :  1.03625e-08
 Reference value :  1.03825e-08
 Reference value :  1.04025e-08
 Reference value :  1.04225e-08
 Reference value :  1.04425e-08
 Reference value :  1.04675e-08
 Reference value :  1.04875e-08
 Reference value :  1.05075e-08
 Reference value :  1.05325e-08
 Reference value :  1.05475e-08
 Reference value :  1.05675e-08
 Reference value :  1.05925e-08
 Reference value :  1.06075e-08
 Reference value :  1.06275e-08
 Reference value :  1.06475e-08
 Reference value :  1.06675e-08
 Reference value :  1.06925e-08
 Reference value :  1.07175e-08
 Reference value :  1.07325e-08
 Reference value :  1.07475e-08
 Reference value :  1.07675e-08
 Reference value :  1.07875e-08
 Reference value :  1.08075e-08
 Reference value :  1.08275e-08
 Reference value :  1.08475e-08
 Reference value :  1.08725e-08
 Reference value :  1.08925e-08
 Reference value :  1.09125e-08
 Reference value :  1.09325e-08
 Reference value :  1.09575e-08
 Reference value :  1.09775e-08
 Reference value :  1.09975e-08
 Reference value :  1.10175e-08
 Reference value :  1.10525e-08
 Reference value :  1.10725e-08
 Reference value :  1.10925e-08
 Reference value :  1.11125e-08
 Reference value :  1.11375e-08
 Reference value :  1.11625e-08
 Reference value :  1.11825e-08
 Reference value :  1.12025e-08
 Reference value :  1.12275e-08
 Reference value :  1.12425e-08
 Reference value :  1.12675e-08
 Reference value :  1.12925e-08
 Reference value :  1.13125e-08
 Reference value :  1.13275e-08
 Reference value :  1.13475e-08
 Reference value :  1.13725e-08
 Reference value :  1.13975e-08
 Reference value :  1.14175e-08
 Reference value :  1.14425e-08
 Reference value :  1.14625e-08
 Reference value :  1.14825e-08
 Reference value :  1.15125e-08
 Reference value :  1.15325e-08
 Reference value :  1.15575e-08
 Reference value :  1.15775e-08
 Reference value :  1.16025e-08
 Reference value :  1.16225e-08
 Reference value :  1.16375e-08
 Reference value :  1.16575e-08
 Reference value :  1.16775e-08
 Reference value :  1.17025e-08
 Reference value :  1.17275e-08
 Reference value :  1.17525e-08
 Reference value :  1.17825e-08
 Reference value :  1.18075e-08
 Reference value :  1.18275e-08
 Reference value :  1.18475e-08
 Reference value :  1.18725e-08
 Reference value :  1.18925e-08
 Reference value :  1.19175e-08
 Reference value :  1.19325e-08
 Reference value :  1.19525e-08
 Reference value :  1.19725e-08
 Reference value :  1.19925e-08
 Reference value :  1.20125e-08
 Reference value :  1.20375e-08
 Reference value :  1.20575e-08
 Reference value :  1.20775e-08
 Reference value :  1.21025e-08
 Reference value :  1.21275e-08
 Reference value :  1.21525e-08
 Reference value :  1.21725e-08
 Reference value :  1.21925e-08
 Reference value :  1.22175e-08
 Reference value :  1.22375e-08
 Reference value :  1.22575e-08
 Reference value :  1.22775e-08
 Reference value :  1.23025e-08
 Reference value :  1.23275e-08
 Reference value :  1.23525e-08
 Reference value :  1.23725e-08
 Reference value :  1.26775e-08
 Reference value :  1.26975e-08
 Reference value :  1.27125e-08
 Reference value :  1.27325e-08
 Reference value :  1.27525e-08
 Reference value :  1.27725e-08
 Reference value :  1.27975e-08
 Reference value :  1.28175e-08
 Reference value :  1.28425e-08
 Reference value :  1.28675e-08
 Reference value :  1.28875e-08
 Reference value :  1.29075e-08
 Reference value :  1.29325e-08
 Reference value :  1.29575e-08
 Reference value :  1.29775e-08
 Reference value :  1.29975e-08
 Reference value :  1.30175e-08
 Reference value :  1.30425e-08
 Reference value :  1.30625e-08
 Reference value :  1.30825e-08
 Reference value :  1.31025e-08
 Reference value :  1.31225e-08
 Reference value :  1.31425e-08
 Reference value :  1.31625e-08
 Reference value :  1.31825e-08
 Reference value :  1.32025e-08
 Reference value :  1.32225e-08
 Reference value :  1.32425e-08
 Reference value :  1.32625e-08
 Reference value :  1.32775e-08
 Reference value :  1.33025e-08
 Reference value :  1.33225e-08
 Reference value :  1.34525e-08
 Reference value :  1.34725e-08
 Reference value :  1.34925e-08
 Reference value :  1.35125e-08
 Reference value :  1.35325e-08
 Reference value :  1.35525e-08
 Reference value :  1.35725e-08
 Reference value :  1.35925e-08
 Reference value :  1.36125e-08
 Reference value :  1.36325e-08
 Reference value :  1.36525e-08
 Reference value :  1.36725e-08
 Reference value :  1.36875e-08
 Reference value :  1.37075e-08
 Reference value :  1.37275e-08
 Reference value :  1.37475e-08
 Reference value :  1.37675e-08
 Reference value :  1.37875e-08
 Reference value :  1.38075e-08
 Reference value :  1.38275e-08
 Reference value :  1.38475e-08
 Reference value :  1.38675e-08
 Reference value :  1.38875e-08
 Reference value :  1.39075e-08
 Reference value :  1.39275e-08
 Reference value :  1.39475e-08
 Reference value :  1.39675e-08
 Reference value :  1.39875e-08
 Reference value :  1.40075e-08
 Reference value :  1.40275e-08
 Reference value :  1.40475e-08
 Reference value :  1.40625e-08
 Reference value :  1.40825e-08
 Reference value :  1.41025e-08
 Reference value :  1.41225e-08
 Reference value :  1.41375e-08
 Reference value :  1.41575e-08
 Reference value :  1.41775e-08
 Reference value :  1.42025e-08
 Reference value :  1.42225e-08
 Reference value :  1.42375e-08
 Reference value :  1.42575e-08
 Reference value :  1.42825e-08
 Reference value :  1.43025e-08
 Reference value :  1.43225e-08
 Reference value :  1.43425e-08
 Reference value :  1.43625e-08
 Reference value :  1.43825e-08
 Reference value :  1.44025e-08
 Reference value :  1.44225e-08
 Reference value :  1.44425e-08
 Reference value :  1.44625e-08
 Reference value :  1.44825e-08
 Reference value :  1.45025e-08
 Reference value :  1.45225e-08
 Reference value :  1.45425e-08
 Reference value :  1.45625e-08
 Reference value :  1.45825e-08
 Reference value :  1.46025e-08
 Reference value :  1.46225e-08
 Reference value :  1.46425e-08
 Reference value :  1.46625e-08
 Reference value :  1.46825e-08
 Reference value :  1.47025e-08
 Reference value :  1.47225e-08
 Reference value :  1.47425e-08
 Reference value :  1.47625e-08
 Reference value :  1.47825e-08
 Reference value :  1.48025e-08
 Reference value :  1.48225e-08
 Reference value :  1.48425e-08
 Reference value :  1.48625e-08
 Reference value :  1.48825e-08
 Reference value :  1.49075e-08
 Reference value :  1.49275e-08
 Reference value :  1.49475e-08
 Reference value :  1.49675e-08
 Reference value :  1.49875e-08
 Reference value :  1.50075e-08
 Reference value :  1.50225e-08
 Reference value :  1.50425e-08
 Reference value :  1.50625e-08
 Reference value :  1.50825e-08
 Reference value :  1.51025e-08
 Reference value :  1.51225e-08
 Reference value :  1.51425e-08
 Reference value :  1.51625e-08
 Reference value :  1.51825e-08
 Reference value :  1.52075e-08
 Reference value :  1.52275e-08
 Reference value :  1.52475e-08
 Reference value :  1.52675e-08
 Reference value :  1.52875e-08
 Reference value :  1.53075e-08
 Reference value :  1.53325e-08
 Reference value :  1.53475e-08
 Reference value :  1.53675e-08
 Reference value :  1.53875e-08
 Reference value :  1.54075e-08
 Reference value :  1.54275e-08
 Reference value :  1.54475e-08
 Reference value :  1.54675e-08
 Reference value :  1.54875e-08
 Reference value :  1.55075e-08
 Reference value :  1.55275e-08
 Reference value :  1.55475e-08
 Reference value :  1.55675e-08
 Reference value :  1.55875e-08
 Reference value :  1.56125e-08
 Reference value :  1.56325e-08
 Reference value :  1.56525e-08
 Reference value :  1.56725e-08
 Reference value :  1.56925e-08
 Reference value :  1.57125e-08
 Reference value :  1.57325e-08
 Reference value :  1.57525e-08
 Reference value :  1.57725e-08
 Reference value :  1.57925e-08
 Reference value :  1.58125e-08
 Reference value :  1.58325e-08
 Reference value :  1.58525e-08
 Reference value :  1.58725e-08
 Reference value :  1.58925e-08
 Reference value :  1.59125e-08
 Reference value :  1.59375e-08
 Reference value :  1.59625e-08
 Reference value :  1.59825e-08
 Reference value :  1.60025e-08
 Reference value :  1.60225e-08
 Reference value :  1.60475e-08
 Reference value :  1.60675e-08
 Reference value :  1.60875e-08
 Reference value :  1.61075e-08
 Reference value :  1.61325e-08
 Reference value :  1.61525e-08
 Reference value :  1.61725e-08
 Reference value :  1.61925e-08
 Reference value :  1.62125e-08
 Reference value :  1.62325e-08
 Reference value :  1.62525e-08
 Reference value :  1.62775e-08
 Reference value :  1.62975e-08
 Reference value :  1.63175e-08
 Reference value :  1.63375e-08
 Reference value :  1.63575e-08
 Reference value :  1.63775e-08
 Reference value :  1.63975e-08
 Reference value :  1.64225e-08
 Reference value :  1.64425e-08
 Reference value :  1.64625e-08
 Reference value :  1.64825e-08
 Reference value :  1.65025e-08
 Reference value :  1.65225e-08
 Reference value :  1.65425e-08
 Reference value :  1.65575e-08
 Reference value :  1.65775e-08
 Reference value :  1.65975e-08
 Reference value :  1.66175e-08
 Reference value :  1.66375e-08
 Reference value :  1.66575e-08
 Reference value :  1.66775e-08
 Reference value :  1.66975e-08
 Reference value :  1.67175e-08
 Reference value :  1.67375e-08
 Reference value :  1.67575e-08
 Reference value :  1.67775e-08
 Reference value :  1.67975e-08
 Reference value :  1.68225e-08
 Reference value :  1.68425e-08
 Reference value :  1.68625e-08
 Reference value :  1.68825e-08
 Reference value :  1.69025e-08
 Reference value :  1.69275e-08
 Reference value :  1.69525e-08
 Reference value :  1.69725e-08
 Reference value :  1.69975e-08
 Reference value :  1.70175e-08
 Reference value :  1.70375e-08
 Reference value :  1.70625e-08
 Reference value :  1.70875e-08
 Reference value :  1.71075e-08
 Reference value :  1.71275e-08
 Reference value :  1.71475e-08
 Reference value :  1.71675e-08
 Reference value :  1.71875e-08
 Reference value :  1.72025e-08
 Reference value :  1.72225e-08
 Reference value :  1.72425e-08
 Reference value :  1.72625e-08
 Reference value :  1.72825e-08
 Reference value :  1.73025e-08
 Reference value :  1.73275e-08
 Reference value :  1.73525e-08
 Reference value :  1.73725e-08
 Reference value :  1.73925e-08
 Reference value :  1.74125e-08
 Reference value :  1.74325e-08
 Reference value :  1.74525e-08
 Reference value :  1.74725e-08
 Reference value :  1.74925e-08
 Reference value :  1.75175e-08
 Reference value :  1.75375e-08
 Reference value :  1.75625e-08
 Reference value :  1.75825e-08
 Reference value :  1.75975e-08
 Reference value :  1.76225e-08
 Reference value :  1.76425e-08
 Reference value :  1.76625e-08
 Reference value :  1.76825e-08
 Reference value :  1.77025e-08
 Reference value :  1.77225e-08
 Reference value :  1.77425e-08
 Reference value :  1.77625e-08
 Reference value :  1.77775e-08
 Reference value :  1.77975e-08
 Reference value :  1.78175e-08
 Reference value :  1.78375e-08
 Reference value :  1.78575e-08
 Reference value :  1.78775e-08
 Reference value :  1.78975e-08
 Reference value :  1.79175e-08
 Reference value :  1.79375e-08
 Reference value :  1.79575e-08
 Reference value :  1.79775e-08
 Reference value :  1.79975e-08
 Reference value :  1.80175e-08
 Reference value :  1.80375e-08
 Reference value :  1.80625e-08
 Reference value :  1.80825e-08
 Reference value :  1.81025e-08
 Reference value :  1.81225e-08
 Reference value :  1.81425e-08
 Reference value :  1.81625e-08
 Reference value :  1.81825e-08
 Reference value :  1.82025e-08
 Reference value :  1.82225e-08
 Reference value :  1.82425e-08
 Reference value :  1.82625e-08
 Reference value :  1.82825e-08
 Reference value :  1.83025e-08
 Reference value :  1.83225e-08
 Reference value :  1.83425e-08
 Reference value :  1.83625e-08
 Reference value :  1.83825e-08
 Reference value :  1.84075e-08
 Reference value :  1.84275e-08
 Reference value :  1.84475e-08
 Reference value :  1.84675e-08
 Reference value :  1.84875e-08
 Reference value :  1.85075e-08
 Reference value :  1.85275e-08
 Reference value :  1.85475e-08
 Reference value :  1.85675e-08
 Reference value :  1.85875e-08
 Reference value :  1.86075e-08
 Reference value :  1.86325e-08
 Reference value :  1.86525e-08
 Reference value :  1.86725e-08
 Reference value :  1.86925e-08
 Reference value :  1.87125e-08
 Reference value :  1.87325e-08
 Reference value :  1.87525e-08
 Reference value :  1.87725e-08
 Reference value :  1.87975e-08
 Reference value :  1.88175e-08
 Reference value :  1.88325e-08
 Reference value :  1.88525e-08
 Reference value :  1.88675e-08
 Reference value :  1.88925e-08
 Reference value :  1.89125e-08
 Reference value :  1.89325e-08
 Reference value :  1.89525e-08
 Reference value :  1.89725e-08
 Reference value :  1.89925e-08
 Reference value :  1.90125e-08
 Reference value :  1.90325e-08
 Reference value :  1.90525e-08
 Reference value :  1.90675e-08
 Reference value :  1.90875e-08
 Reference value :  1.91075e-08
 Reference value :  1.91275e-08
 Reference value :  1.91475e-08
 Reference value :  1.91675e-08
 Reference value :  1.91875e-08
 Reference value :  1.92075e-08
 Reference value :  1.92275e-08
 Reference value :  1.92525e-08
 Reference value :  1.92775e-08
 Reference value :  1.92975e-08
 Reference value :  1.93175e-08
 Reference value :  1.93375e-08
 Reference value :  1.93575e-08
 Reference value :  1.93775e-08
 Reference value :  1.94025e-08
 Reference value :  1.94225e-08
 Reference value :  1.94425e-08
 Reference value :  1.94625e-08
 Reference value :  1.94825e-08
 Reference value :  1.95025e-08
 Reference value :  1.95225e-08
 Reference value :  1.95425e-08
 Reference value :  1.95675e-08
 Reference value :  1.95875e-08
 Reference value :  1.96075e-08
 Reference value :  1.96275e-08
 Reference value :  1.96475e-08
 Reference value :  1.96675e-08
 Reference value :  1.96875e-08
 Reference value :  1.97075e-08
 Reference value :  1.97275e-08
 Reference value :  1.97475e-08
 Reference value :  1.97675e-08
 Reference value :  1.97875e-08
 Reference value :  1.98075e-08
 Reference value :  1.98275e-08
 Reference value :  1.98475e-08
 Reference value :  1.98675e-08
 Reference value :  1.98875e-08
 Reference value :  1.99025e-08
 Reference value :  1.99225e-08
 Reference value :  1.99475e-08
 Reference value :  1.99675e-08
 Reference value :  1.99875e-08
 Reference value :  2.00075e-08
 Reference value :  2.00275e-08
 Reference value :  2.00525e-08
 Reference value :  2.00725e-08
 Reference value :  2.00925e-08
 Reference value :  2.01125e-08
 Reference value :  2.01425e-08
 Reference value :  2.01625e-08
 Reference value :  2.01825e-08
 Reference value :  2.02025e-08
 Reference value :  2.02275e-08
 Reference value :  2.02475e-08
 Reference value :  2.02775e-08
 Reference value :  2.03075e-08
 Reference value :  2.03275e-08
 Reference value :  2.03525e-08
 Reference value :  2.03725e-08
 Reference value :  2.03975e-08
 Reference value :  2.04225e-08
 Reference value :  2.04375e-08
 Reference value :  2.04575e-08
 Reference value :  2.04775e-08
 Reference value :  2.04975e-08
 Reference value :  2.05125e-08
 Reference value :  2.05425e-08
 Reference value :  2.05675e-08
 Reference value :  2.05875e-08
 Reference value :  2.06175e-08
 Reference value :  2.06375e-08
 Reference value :  2.06575e-08
 Reference value :  2.06825e-08
 Reference value :  2.07025e-08
 Reference value :  2.07375e-08
 Reference value :  2.07625e-08
 Reference value :  2.07875e-08
 Reference value :  2.08125e-08
 Reference value :  2.08325e-08
 Reference value :  2.08575e-08
 Reference value :  2.08825e-08
 Reference value :  2.09025e-08
 Reference value :  2.09275e-08
 Reference value :  2.09425e-08
 Reference value :  2.09575e-08
 Reference value :  2.09775e-08
 Reference value :  2.09975e-08
 Reference value :  2.10225e-08
 Reference value :  2.10475e-08
 Reference value :  2.10625e-08
 Reference value :  2.10825e-08
 Reference value :  2.11075e-08
 Reference value :  2.11225e-08
 Reference value :  2.11475e-08
 Reference value :  2.11675e-08
 Reference value :  2.11875e-08
 Reference value :  2.12025e-08
 Reference value :  2.12225e-08
 Reference value :  2.12475e-08
 Reference value :  2.12875e-08
 Reference value :  2.13125e-08
 Reference value :  2.13375e-08
 Reference value :  2.13675e-08
 Reference value :  2.13875e-08
 Reference value :  2.14175e-08
 Reference value :  2.14475e-08
 Reference value :  2.31375e-08
 Reference value :  2.38925e-08
 Reference value :  2.39175e-08
 Reference value :  2.39375e-08
 Reference value :  2.39575e-08
 Reference value :  2.39775e-08
 Reference value :  2.40025e-08
 Reference value :  2.40225e-08
 Reference value :  2.40425e-08
 Reference value :  2.40625e-08
 Reference value :  2.40825e-08
 Reference value :  2.41025e-08
 Reference value :  2.41175e-08
 Reference value :  2.41425e-08
 Reference value :  2.41675e-08
 Reference value :  2.41975e-08
 Reference value :  2.42275e-08
 Reference value :  2.42475e-08
 Reference value :  2.42725e-08
 Reference value :  2.42925e-08
 Reference value :  2.43225e-08
 Reference value :  2.43475e-08
 Reference value :  2.43675e-08
 Reference value :  2.43925e-08
 Reference value :  2.44175e-08
 Reference value :  2.44525e-08
 Reference value :  2.44725e-08
 Reference value :  2.44925e-08
 Reference value :  2.45175e-08
 Reference value :  2.45325e-08
 Reference value :  2.45475e-08
 Reference value :  2.45775e-08
 Reference value :  2.46025e-08
 Reference value :  2.46225e-08
 Reference value :  2.46425e-08
 Reference value :  2.46725e-08
 Reference value :  2.46925e-08
 Reference value :  2.47175e-08
 Reference value :  2.47425e-08
 Reference value :  2.47625e-08
 Reference value :  2.47825e-08
 Reference value :  2.48025e-08
 Reference value :  2.48225e-08
 Reference value :  2.48425e-08
 Reference value :  2.48625e-08
 Reference value :  2.48775e-08
 Reference value :  2.48925e-08
 Reference value :  2.49125e-08
 Reference value :  2.49325e-08
 Reference value :  2.49625e-08
 Reference value :  2.49875e-08
 Reference value :  2.50125e-08
 Reference value :  2.50375e-08
 Reference value :  2.50575e-08
 Reference value :  2.50825e-08
 Reference value :  2.51025e-08
 Reference value :  2.51225e-08
 Reference value :  2.51425e-08
 Reference value :  2.51675e-08
 Reference value :  2.51875e-08
 Reference value :  2.52125e-08
 Reference value :  2.52325e-08
 Reference value :  2.52625e-08
 Reference value :  2.52825e-08
 Reference value :  2.53025e-08
 Reference value :  2.53225e-08
 Reference value :  2.53525e-08
 Reference value :  2.53775e-08
 Reference value :  2.54025e-08
 Reference value :  2.54225e-08
 Reference value :  2.54425e-08
 Reference value :  2.54625e-08
 Reference value :  2.54925e-08
 Reference value :  2.55075e-08
 Reference value :  2.55275e-08
 Reference value :  2.55475e-08
 Reference value :  2.55675e-08
 Reference value :  2.55925e-08
 Reference value :  2.56225e-08
 Reference value :  2.56425e-08
 Reference value :  2.56575e-08
 Reference value :  2.56725e-08
 Reference value :  2.56875e-08
 Reference value :  2.57025e-08
 Reference value :  2.57275e-08
 Reference value :  2.57525e-08
 Reference value :  2.57725e-08
 Reference value :  2.57925e-08
 Reference value :  2.58175e-08
 Reference value :  2.58425e-08
 Reference value :  2.58675e-08
 Reference value :  2.58925e-08
 Reference value :  2.59125e-08
 Reference value :  2.59375e-08
 Reference value :  2.59625e-08
 Reference value :  2.59825e-08
 Reference value :  2.60025e-08
 Reference value :  2.60275e-08
 Reference value :  2.60475e-08
 Reference value :  2.60675e-08
 Reference value :  2.60925e-08
 Reference value :  2.61125e-08
 Reference value :  2.61325e-08
 Reference value :  2.61475e-08
 Reference value :  2.61675e-08
 Reference value :  2.61925e-08
 Reference value :  2.62125e-08
 Reference value :  2.62325e-08
 Reference value :  2.62475e-08
 Reference value :  2.62675e-08
 Reference value :  2.62875e-08
 Reference value :  2.63075e-08
 Reference value :  2.63325e-08
 Reference value :  2.63525e-08
 Reference value :  2.63825e-08
 Reference value :  2.64025e-08
 Reference value :  2.64225e-08
 Reference value :  2.64425e-08
 Reference value :  2.64625e-08
 Reference value :  2.64825e-08
 Reference value :  2.65075e-08
 Reference value :  2.65275e-08
 Reference value :  2.65475e-08
 Reference value :  2.65675e-08
 Reference value :  2.65875e-08
 Reference value :  2.66025e-08
 Reference value :  2.66275e-08
 Reference value :  2.66475e-08
 Reference value :  2.66725e-08
 Reference value :  2.66975e-08
 Reference value :  2.68625e-08
 Reference value :  2.68875e-08
 Reference value :  2.71325e-08
 Reference value :  2.71575e-08
 Reference value :  2.71775e-08
 Reference value :  2.71975e-08
 Reference value :  2.72125e-08
 Reference value :  2.72325e-08
 Reference value :  2.72525e-08
 Reference value :  2.72725e-08
 Reference value :  2.72975e-08
 Reference value :  2.73175e-08
 Reference value :  2.73325e-08
 Reference value :  2.73475e-08
 Reference value :  2.73625e-08
 Reference value :  2.73875e-08
 Reference value :  2.74075e-08
 Reference value :  2.74275e-08
 Reference value :  2.74525e-08
 Reference value :  2.74725e-08
 Reference value :  2.74975e-08
 Reference value :  2.75225e-08
 Reference value :  2.75375e-08
 Reference value :  2.75625e-08
 Reference value :  2.75875e-08
 Reference value :  2.76175e-08
 Reference value :  2.76425e-08
 Reference value :  2.76625e-08
 Reference value :  2.76925e-08
 Reference value :  2.77125e-08
 Reference value :  2.77325e-08
 Reference value :  2.77525e-08
 Reference value :  2.77775e-08
 Reference value :  2.78025e-08
 Reference value :  2.78225e-08
 Reference value :  2.78475e-08
 Reference value :  2.78675e-08
 Reference value :  2.78875e-08
 Reference value :  2.79125e-08
 Reference value :  2.79325e-08
 Reference value :  2.79525e-08
 Reference value :  2.79775e-08
 Reference value :  2.79975e-08
 Reference value :  2.80175e-08
 Reference value :  2.80375e-08
 Reference value :  2.80625e-08
 Reference value :  2.80925e-08
 Reference value :  2.81175e-08
 Reference value :  2.81375e-08
 Reference value :  2.81575e-08
 Reference value :  2.81775e-08
 Reference value :  2.82025e-08
 Reference value :  2.82225e-08
 Reference value :  2.82375e-08
 Reference value :  2.82525e-08
 Reference value :  2.82725e-08
 Reference value :  2.82975e-08
 Reference value :  2.83175e-08
 Reference value :  2.83425e-08
 Reference value :  2.83675e-08
 Reference value :  2.83875e-08
 Reference value :  2.84125e-08
 Reference value :  2.84375e-08
 Reference value :  2.84575e-08
 Reference value :  2.84775e-08
 Reference value :  2.84975e-08
 Reference value :  2.85175e-08
 Reference value :  2.85375e-08
 Reference value :  2.85575e-08
 Reference value :  2.85775e-08
 Reference value :  2.85975e-08
 Reference value :  2.86175e-08
 Reference value :  2.86425e-08
 Reference value :  2.86675e-08
 Reference value :  2.86875e-08
 Reference value :  2.87075e-08
 Reference value :  2.87275e-08
 Reference value :  2.87475e-08
 Reference value :  2.87675e-08
 Reference value :  2.87875e-08
 Reference value :  2.88125e-08
 Reference value :  2.88325e-08
 Reference value :  2.88525e-08
 Reference value :  2.88775e-08
 Reference value :  2.89025e-08
 Reference value :  2.89225e-08
 Reference value :  2.89425e-08
 Reference value :  2.89725e-08
 Reference value :  2.89875e-08
 Reference value :  2.90125e-08
 Reference value :  2.90425e-08
 Reference value :  2.90625e-08
 Reference value :  2.90825e-08
 Reference value :  2.91025e-08
 Reference value :  2.91225e-08
 Reference value :  2.91525e-08
 Reference value :  2.91775e-08
 Reference value :  2.92075e-08
 Reference value :  2.92325e-08
 Reference value :  2.92575e-08
 Reference value :  2.92825e-08
 Reference value :  2.93025e-08
 Reference value :  2.93225e-08
 Reference value :  2.93375e-08
 Reference value :  2.93575e-08
 Reference value :  2.93825e-08
 Reference value :  2.94075e-08
 Reference value :  2.94325e-08
 Reference value :  2.94575e-08
 Reference value :  2.94775e-08
 Reference value :  2.95025e-08
 Reference value :  2.95225e-08
 Reference value :  2.95425e-08
 Reference value :  2.95625e-08
 Reference value :  2.95825e-08
 Reference value :  2.96075e-08
 Reference value :  2.96275e-08
 Reference value :  2.96525e-08
 Reference value :  2.96725e-08
 Reference value :  2.96925e-08
 Reference value :  2.97125e-08
 Reference value :  2.97375e-08
 Reference value :  2.97525e-08
 Reference value :  2.97725e-08
 Reference value :  2.97925e-08
 Reference value :  2.98175e-08
 Reference value :  2.98375e-08
 Reference value :  2.98575e-08
 Reference value :  2.98825e-08
 Reference value :  2.99075e-08
 Reference value :  2.99325e-08
 Reference value :  2.99475e-08
 Reference value :  2.99675e-08
 Reference value :  2.99925e-08
 Reference value :  3.00125e-08
 Reference value :  3.00325e-08
 Reference value :  3.00525e-08
 Reference value :  3.00725e-08
 Reference value :  3.00875e-08
 Reference value :  3.01075e-08
 Reference value :  3.01275e-08
 Reference value :  3.01475e-08
 Reference value :  3.01675e-08
 Reference value :  3.01925e-08
 Reference value :  3.02125e-08
 Reference value :  3.02325e-08
 Reference value :  3.02525e-08
 Reference value :  3.02675e-08
 Reference value :  3.02925e-08
 Reference value :  3.03175e-08
 Reference value :  3.03375e-08
 Reference value :  3.03575e-08
 Reference value :  3.03775e-08
 Reference value :  3.04025e-08
 Reference value :  3.04225e-08
 Reference value :  3.04425e-08
 Reference value :  3.04575e-08
 Reference value :  3.04775e-08
 Reference value :  3.04925e-08
 Reference value :  3.05125e-08
 Reference value :  3.05325e-08
 Reference value :  3.05525e-08
 Reference value :  3.05725e-08
 Reference value :  3.05925e-08
 Reference value :  3.06125e-08
 Reference value :  3.06325e-08
 Reference value :  3.06525e-08
 Reference value :  3.06725e-08
 Reference value :  3.06975e-08
 Reference value :  3.07125e-08
 Reference value :  3.07375e-08
 Reference value :  3.07575e-08
 Reference value :  3.07775e-08
 Reference value :  3.07975e-08
 Reference value :  3.08175e-08
 Reference value :  3.08425e-08
 Reference value :  3.08675e-08
 Reference value :  3.08925e-08
 Reference value :  3.09175e-08
 Reference value :  3.09425e-08
 Reference value :  3.09625e-08
 Reference value :  3.09875e-08
 Reference value :  3.10075e-08
 Reference value :  3.10325e-08
 Reference value :  3.10525e-08
 Reference value :  3.10775e-08
 Reference value :  3.11025e-08
 Reference value :  3.11275e-08
 Reference value :  3.11525e-08
 Reference value :  3.11675e-08
 Reference value :  3.11825e-08
 Reference value :  3.12075e-08
 Reference value :  3.12275e-08
 Reference value :  3.12475e-08
 Reference value :  3.12725e-08
 Reference value :  3.12925e-08
 Reference value :  3.13125e-08
 Reference value :  3.13325e-08
 Reference value :  3.13525e-08
 Reference value :  3.13775e-08
 Reference value :  3.14025e-08
 Reference value :  3.14225e-08
 Reference value :  3.14475e-08
 Reference value :  3.14675e-08
 Reference value :  3.14925e-08
 Reference value :  3.15175e-08
 Reference value :  3.15375e-08
 Reference value :  3.15575e-08
 Reference value :  3.15775e-08
 Reference value :  3.16025e-08
 Reference value :  3.16275e-08
 Reference value :  3.16475e-08
 Reference value :  3.16675e-08
 Reference value :  3.17025e-08
 Reference value :  3.17275e-08
 Reference value :  3.17475e-08
 Reference value :  3.17675e-08
 Reference value :  3.17875e-08
 Reference value :  3.18125e-08
 Reference value :  3.18375e-08
 Reference value :  3.18625e-08
 Reference value :  3.18825e-08
 Reference value :  3.19025e-08
 Reference value :  3.19175e-08
 Reference value :  3.19375e-08
 Reference value :  3.19575e-08
 Reference value :  3.19775e-08
 Reference value :  3.19975e-08
 Reference value :  3.20175e-08
 Reference value :  3.20425e-08
 Reference value :  3.20675e-08
 Reference value :  3.20925e-08
 Reference value :  3.21225e-08
 Reference value :  3.21475e-08
 Reference value :  3.21675e-08
 Reference value :  3.21875e-08
 Reference value :  3.22075e-08
 Reference value :  3.22325e-08
 Reference value :  3.22525e-08
 Reference value :  3.22775e-08
 Reference value :  3.23025e-08
 Reference value :  3.23225e-08
 Reference value :  3.23475e-08
 Reference value :  3.23775e-08
 Reference value :  3.23975e-08
 Reference value :  3.24225e-08
 Reference value :  3.24425e-08
 Reference value :  3.24575e-08
 Reference value :  3.24825e-08
 Reference value :  3.25075e-08
 Reference value :  3.25325e-08
 Reference value :  3.25575e-08
 Reference value :  3.25775e-08
 Reference value :  3.25975e-08
 Reference value :  3.26225e-08
 Reference value :  3.26425e-08
 Reference value :  3.26675e-08
 Reference value :  3.26825e-08
 Reference value :  3.27025e-08
 Reference value :  3.27225e-08
 Reference value :  3.27475e-08
 Reference value :  3.27775e-08
 Reference value :  3.27975e-08
 Reference value :  3.28175e-08
 Reference value :  3.28375e-08
 Reference value :  3.28575e-08
 Reference value :  3.28875e-08
 Reference value :  3.29075e-08
 Reference value :  3.29275e-08
 Reference value :  3.29475e-08
 Reference value :  3.29675e-08
 Reference value :  3.29925e-08
 Reference value :  3.30175e-08
 Reference value :  3.30375e-08
 Reference value :  3.30575e-08
 Reference value :  3.30725e-08
 Reference value :  3.30875e-08
 Reference value :  3.31025e-08
 Reference value :  3.31225e-08
 Reference value :  3.31425e-08
 Reference value :  3.31625e-08
 Reference value :  3.31825e-08
 Reference value :  3.31975e-08
 Reference value :  3.32125e-08
 Reference value :  3.32325e-08
 Reference value :  3.32525e-08
 Reference value :  3.32725e-08
 Reference value :  3.32925e-08
 Reference value :  3.33125e-08
 Reference value :  3.33275e-08
 Reference value :  3.33475e-08
 Reference value :  3.33625e-08
 Reference value :  3.33875e-08
 Reference value :  3.34075e-08
 Reference value :  3.34275e-08
 Reference value :  3.34525e-08
 Reference value :  3.34775e-08
 Reference value :  3.35025e-08
 Reference value :  3.35225e-08
 Reference value :  3.35425e-08
 Reference value :  3.35625e-08
 Reference value :  3.35875e-08
 Reference value :  3.36075e-08
 Reference value :  3.36275e-08
 Reference value :  3.36475e-08
 Reference value :  3.36675e-08
 Reference value :  3.36925e-08
 Reference value :  3.37075e-08
 Reference value :  3.37275e-08
 Reference value :  3.37525e-08
 Reference value :  3.37725e-08
 Reference value :  3.37975e-08
 Reference value :  3.38175e-08
 Reference value :  3.38375e-08
 Reference value :  3.38575e-08
 Reference value :  3.38775e-08
 Reference value :  3.38975e-08
 Reference value :  3.39175e-08
 Reference value :  3.39375e-08
 Reference value :  3.39575e-08
 Reference value :  3.39775e-08
 Reference value :  3.40025e-08
 Reference value :  3.40225e-08
 Reference value :  3.40375e-08
 Reference value :  3.40575e-08
 Reference value :  3.40825e-08
 Reference value :  3.41025e-08
 Reference value :  3.41225e-08
 Reference value :  3.41375e-08
 Reference value :  3.41575e-08
 Reference value :  3.41825e-08
 Reference value :  3.42025e-08
 Reference value :  3.42225e-08
 Reference value :  3.42425e-08
 Reference value :  3.42575e-08
 Reference value :  3.42775e-08
 Reference value :  3.42975e-08
 Reference value :  3.43175e-08
 Reference value :  3.43375e-08
 Reference value :  3.43525e-08
 Reference value :  3.43725e-08
 Reference value :  3.43975e-08
 Reference value :  3.44175e-08
 Reference value :  3.44375e-08
 Reference value :  3.44575e-08
 Reference value :  3.44775e-08
 Reference value :  3.44975e-08
 Reference value :  3.45225e-08
 Reference value :  3.45475e-08
 Reference value :  3.45675e-08
 Reference value :  3.45875e-08
 Reference value :  3.46025e-08
 Reference value :  3.46275e-08
 Reference value :  3.46425e-08
 Reference value :  3.46625e-08
 Reference value :  3.46825e-08
 Reference value :  3.47025e-08
 Reference value :  3.47275e-08
 Reference value :  3.47525e-08
 Reference value :  3.47775e-08
 Reference value :  3.47975e-08
 Reference value :  3.48175e-08
 Reference value :  3.48375e-08
 Reference value :  3.48575e-08
 Reference value :  3.48775e-08
 Reference value :  3.48975e-08
 Reference value :  3.49175e-08
 Reference value :  3.49425e-08
 Reference value :  3.49575e-08
 Reference value :  3.49825e-08
 Reference value :  3.49975e-08
 Reference value :  3.50175e-08
 Reference value :  3.50425e-08
 Reference value :  3.50725e-08
 Reference value :  3.50925e-08
 Reference value :  3.51125e-08
 Reference value :  3.51275e-08
 Reference value :  3.51475e-08
 Reference value :  3.51675e-08
 Reference value :  3.51875e-08
 Reference value :  3.52025e-08
 Reference value :  3.52225e-08
 Reference value :  3.52475e-08
 Reference value :  3.52675e-08
 Reference value :  3.52925e-08
 Reference value :  3.53175e-08
 Reference value :  3.53375e-08
 Reference value :  3.53625e-08
 Reference value :  3.53825e-08
 Reference value :  3.54025e-08
 Reference value :  3.54225e-08
 Reference value :  3.54475e-08
 Reference value :  3.54625e-08
 Reference value :  3.54875e-08
 Reference value :  3.55075e-08
 Reference value :  3.55275e-08
 Reference value :  3.55475e-08
 Reference value :  3.55675e-08
 Reference value :  3.55875e-08
 Reference value :  3.56075e-08
 Reference value :  3.56275e-08
 Reference value :  3.56475e-08
 Reference value :  3.56675e-08
 Reference value :  3.56875e-08
 Reference value :  3.57075e-08
 Reference value :  3.57275e-08
 Reference value :  3.57475e-08
 Reference value :  3.57725e-08
 Reference value :  3.57975e-08
 Reference value :  3.58125e-08
 Reference value :  3.58325e-08
 Reference value :  3.58575e-08
 Reference value :  3.58825e-08
 Reference value :  3.59025e-08
 Reference value :  3.59225e-08
 Reference value :  3.59425e-08
 Reference value :  3.59625e-08
 Reference value :  3.59825e-08
 Reference value :  3.60075e-08
 Reference value :  3.60275e-08
 Reference value :  3.60475e-08
 Reference value :  3.60675e-08
 Reference value :  3.60975e-08
 Reference value :  3.61175e-08
 Reference value :  3.61375e-08
 Reference value :  3.61575e-08
 Reference value :  3.61775e-08
 Reference value :  3.61925e-08
 Reference value :  3.62125e-08
 Reference value :  3.62325e-08
 Reference value :  3.62525e-08
 Reference value :  3.62675e-08
 Reference value :  3.62875e-08
 Reference value :  3.63075e-08
 Reference value :  3.63225e-08
 Reference value :  3.63425e-08
 Reference value :  3.63575e-08
 Reference value :  3.63775e-08
 Reference value :  3.64025e-08
 Reference value :  3.64175e-08
 Reference value :  3.64375e-08
 Reference value :  3.64575e-08
 Reference value :  3.64775e-08
 Reference value :  3.65075e-08
 Reference value :  3.65325e-08
 Reference value :  3.65525e-08
 Reference value :  3.65775e-08
 Reference value :  3.65975e-08
 Reference value :  3.66175e-08
 Reference value :  3.66375e-08
 Reference value :  3.66575e-08
 Reference value :  3.66775e-08
 Reference value :  3.67025e-08
 Reference value :  3.67225e-08
 Reference value :  3.67475e-08
 Reference value :  3.67675e-08
 Reference value :  3.67875e-08
 Reference value :  3.68125e-08
 Reference value :  3.68325e-08
 Reference value :  3.68575e-08
 Reference value :  3.68775e-08
 Reference value :  3.68975e-08
 Reference value :  3.69175e-08
 Reference value :  3.69375e-08
 Reference value :  3.69625e-08
 Reference value :  3.69875e-08
 Reference value :  3.70075e-08
 Reference value :  3.70275e-08
 Reference value :  3.70525e-08
 Reference value :  3.70675e-08
 Reference value :  3.70875e-08
 Reference value :  3.71075e-08
 Reference value :  3.71275e-08
 Reference value :  3.71475e-08
 Reference value :  3.71675e-08
 Reference value :  3.71875e-08
 Reference value :  3.72125e-08
 Reference value :  3.72375e-08
 Reference value :  3.72575e-08
 Reference value :  3.72825e-08
 Reference value :  3.72975e-08
 Reference value :  3.73175e-08
 Reference value :  3.73425e-08
 Reference value :  3.73625e-08
 Reference value :  3.73825e-08
 Reference value :  3.74075e-08
 Reference value :  3.74275e-08
 Reference value :  3.74525e-08
 Reference value :  3.74725e-08
 Reference value :  3.74925e-08
 Reference value :  3.75175e-08
 Reference value :  3.75425e-08
 Reference value :  3.75625e-08
 Reference value :  3.75825e-08
 Reference value :  3.76025e-08
 Reference value :  3.76275e-08
 Reference value :  3.76475e-08
 Reference value :  3.76725e-08
 Reference value :  3.76875e-08
 Reference value :  3.77075e-08
 Reference value :  3.77275e-08
 Reference value :  3.77575e-08
 Reference value :  3.77775e-08
 Reference value :  3.77975e-08
 Reference value :  3.78225e-08
 Reference value :  3.78425e-08
 Reference value :  3.78675e-08
 Reference value :  3.78875e-08
 Reference value :  3.79075e-08
 Reference value :  3.79325e-08
 Reference value :  3.79525e-08
 Reference value :  3.79775e-08
 Reference value :  3.79975e-08
 Reference value :  3.80175e-08
 Reference value :  3.80375e-08
 Reference value :  3.80575e-08
 Reference value :  3.80825e-08
 Reference value :  3.81075e-08
 Reference value :  3.81275e-08
 Reference value :  3.81525e-08
 Reference value :  3.81775e-08
 Reference value :  3.81975e-08
 Reference value :  3.82175e-08
 Reference value :  3.82375e-08
 Reference value :  3.82575e-08
 Reference value :  3.82775e-08
 Reference value :  3.83025e-08
 Reference value :  3.83275e-08
 Reference value :  3.83525e-08
 Reference value :  3.83775e-08
 Reference value :  3.83975e-08
 Reference value :  3.84225e-08
 Reference value :  3.84475e-08
 Reference value :  3.84725e-08
 Reference value :  3.84975e-08
 Reference value :  3.85175e-08
 Reference value :  3.85375e-08
 Reference value :  3.85575e-08
 Reference value :  3.85775e-08
 Reference value :  3.85925e-08
 Reference value :  3.86125e-08
 Reference value :  3.86325e-08
 Reference value :  3.86525e-08
 Reference value :  3.86725e-08
 Reference value :  3.86975e-08
 Reference value :  3.87175e-08
 Reference value :  3.87425e-08
 Reference value :  3.87625e-08
 Reference value :  3.87875e-08
 Reference value :  3.88025e-08
 Reference value :  3.88275e-08
 Reference value :  3.88475e-08
 Reference value :  3.88675e-08
 Reference value :  3.88975e-08
 Reference value :  3.89225e-08
 Reference value :  3.89475e-08
 Reference value :  3.89625e-08
 Reference value :  3.89825e-08
 Reference value :  3.90025e-08
 Reference value :  3.90225e-08
 Reference value :  3.90475e-08
 Reference value :  3.90675e-08
 Reference value :  3.90875e-08
 Reference value :  3.91075e-08
 Reference value :  3.91325e-08
 Reference value :  3.91525e-08
 Reference value :  3.91725e-08
 Reference value :  3.91925e-08
 Reference value :  3.92125e-08
 Reference value :  3.92325e-08
 Reference value :  3.92525e-08
 Reference value :  3.92775e-08
 Reference value :  3.92925e-08
 Reference value :  3.93075e-08
 Reference value :  3.93225e-08
 Reference value :  3.93425e-08
 Reference value :  3.93625e-08
 Reference value :  3.93825e-08
 Reference value :  3.93975e-08
 Reference value :  3.94175e-08
 Reference value :  3.94375e-08
 Reference value :  3.94625e-08
 Reference value :  3.94875e-08
 Reference value :  3.95025e-08
 Reference value :  3.95225e-08
 Reference value :  3.95425e-08
 Reference value :  3.95625e-08
 Reference value :  3.95825e-08
 Reference value :  3.96025e-08
 Reference value :  3.96225e-08
 Reference value :  3.96425e-08
 Reference value :  3.96675e-08
 Reference value :  3.96925e-08
 Reference value :  3.97175e-08
 Reference value :  3.97475e-08
 Reference value :  3.97775e-08
 Reference value :  3.98025e-08
 Reference value :  3.98175e-08
 Reference value :  3.98375e-08
 Reference value :  3.98525e-08
 Reference value :  3.98725e-08
 Reference value :  3.98925e-08
 Reference value :  3.99125e-08
 Reference value :  3.99325e-08
 Reference value :  3.99575e-08
 Reference value :  4.00075e-08
 Reference value :  4.00325e-08
 Reference value :  4.00525e-08
 Reference value :  4.00725e-08
 Reference value :  4.00925e-08
 Reference value :  4.01125e-08
 Reference value :  4.01375e-08
 Reference value :  4.01575e-08
 Reference value :  4.01775e-08
 Reference value :  4.01975e-08
 Reference value :  4.02175e-08
 Reference value :  4.02375e-08
 Reference value :  4.02575e-08
 Reference value :  4.02825e-08
 Reference value :  4.02975e-08
 Reference value :  4.03275e-08
 Reference value :  4.03475e-08
 Reference value :  4.03675e-08
 Reference value :  4.03875e-08
 Reference value :  4.04075e-08
 Reference value :  4.04425e-08
 Reference value :  4.04625e-08
 Reference value :  4.04925e-08
 Reference value :  4.05125e-08
 Reference value :  4.05325e-08
 Reference value :  4.05525e-08
 Reference value :  4.05725e-08
 Reference value :  4.05925e-08
 Reference value :  4.06175e-08
 Reference value :  4.06425e-08
 Reference value :  4.06675e-08
 Reference value :  4.06875e-08
 Reference value :  4.07075e-08
 Reference value :  4.07225e-08
 Reference value :  4.07425e-08
 Reference value :  4.07675e-08
 Reference value :  4.07925e-08
 Reference value :  4.08125e-08
 Reference value :  4.08375e-08
 Reference value :  4.08525e-08
 Reference value :  4.08775e-08
 Reference value :  4.09025e-08
 Reference value :  4.09275e-08
 Reference value :  4.09475e-08
 Reference value :  4.09725e-08
 Reference value :  4.09925e-08
 Reference value :  4.10125e-08
 Reference value :  4.10325e-08
 Reference value :  4.10625e-08
 Reference value :  4.10825e-08
 Reference value :  4.11025e-08
 Reference value :  4.11225e-08
 Reference value :  4.11425e-08
 Reference value :  4.11625e-08
 Reference value :  4.11875e-08
 Reference value :  4.12075e-08
 Reference value :  4.12325e-08
 Reference value :  4.12525e-08
 Reference value :  4.12725e-08
 Reference value :  4.12875e-08
 Reference value :  4.13025e-08
 Reference value :  4.13225e-08
 Reference value :  4.13425e-08
 Reference value :  4.13575e-08
 Reference value :  4.13825e-08
 Reference value :  4.14025e-08
 Reference value :  4.14225e-08
 Reference value :  4.14425e-08
 Reference value :  4.14675e-08
 Reference value :  4.14875e-08
 Reference value :  4.15075e-08
 Reference value :  4.15325e-08
 Reference value :  4.15525e-08
 Reference value :  4.15725e-08
 Reference value :  4.16025e-08
 Reference value :  4.16225e-08
 Reference value :  4.16425e-08
 Reference value :  4.16625e-08
 Reference value :  4.16875e-08
 Reference value :  4.17125e-08
 Reference value :  4.17325e-08
 Reference value :  4.17525e-08
 Reference value :  4.17775e-08
 Reference value :  4.18025e-08
 Reference value :  4.18225e-08
 Reference value :  4.18375e-08
 Reference value :  4.18575e-08
 Reference value :  4.18825e-08
 Reference value :  4.19075e-08
 Reference value :  4.19325e-08
 Reference value :  4.19575e-08
 Reference value :  4.19775e-08
 Reference value :  4.20025e-08
 Reference value :  4.20275e-08
 Reference value :  4.20525e-08
 Reference value :  4.20725e-08
 Reference value :  4.20975e-08
 Reference value :  4.21225e-08
 Reference value :  4.21475e-08
 Reference value :  4.21725e-08
 Reference value :  4.21975e-08
 Reference value :  4.22225e-08
 Reference value :  4.22425e-08
 Reference value :  4.22675e-08
 Reference value :  4.22925e-08
 Reference value :  4.23125e-08
 Reference value :  4.23325e-08
 Reference value :  4.23525e-08
 Reference value :  4.23825e-08
 Reference value :  4.24125e-08
 Reference value :  4.24325e-08
 Reference value :  4.24625e-08
 Reference value :  4.24825e-08
 Reference value :  4.24975e-08
 Reference value :  4.25175e-08
 Reference value :  4.25325e-08
 Reference value :  4.25525e-08
 Reference value :  4.25725e-08
 Reference value :  4.25925e-08
 Reference value :  4.26125e-08
 Reference value :  4.26275e-08
 Reference value :  4.26475e-08
 Reference value :  4.26675e-08
 Reference value :  4.26875e-08
 Reference value :  4.27125e-08
 Reference value :  4.27475e-08
 Reference value :  4.27675e-08
 Reference value :  4.27925e-08
 Reference value :  4.28125e-08
 Reference value :  4.28375e-08
 Reference value :  4.28625e-08
 Reference value :  4.28825e-08
 Reference value :  4.29025e-08
 Reference value :  4.29225e-08
 Reference value :  4.29475e-08
 Reference value :  4.29775e-08
 Reference value :  4.29975e-08
 Reference value :  4.30225e-08
 Reference value :  4.30475e-08
 Reference value :  4.30725e-08
 Reference value :  4.30925e-08
 Reference value :  4.31125e-08
 Reference value :  4.31325e-08
 Reference value :  4.31525e-08
 Reference value :  4.31725e-08
 Reference value :  4.31975e-08
 Reference value :  4.32175e-08
 Reference value :  4.32375e-08
 Reference value :  4.32625e-08
 Reference value :  4.32925e-08
 Reference value :  4.33225e-08
 Reference value :  4.33475e-08
 Reference value :  4.33675e-08
 Reference value :  4.33875e-08
 Reference value :  4.34025e-08
 Reference value :  4.34275e-08
 Reference value :  4.34525e-08
 Reference value :  4.34775e-08
 Reference value :  4.34975e-08
 Reference value :  4.35225e-08
 Reference value :  4.35425e-08
 Reference value :  4.35625e-08
 Reference value :  4.35925e-08
 Reference value :  4.36125e-08
 Reference value :  4.36325e-08
 Reference value :  4.36525e-08
 Reference value :  4.36725e-08
 Reference value :  4.36925e-08
 Reference value :  4.37175e-08
 Reference value :  4.37425e-08
 Reference value :  4.37625e-08
 Reference value :  4.37875e-08
 Reference value :  4.38125e-08
 Reference value :  4.38375e-08
 Reference value :  4.38675e-08
 Reference value :  4.38875e-08
 Reference value :  4.39075e-08
 Reference value :  4.39325e-08
 Reference value :  4.39575e-08
 Reference value :  4.39725e-08
 Reference value :  4.40025e-08
 Reference value :  4.40225e-08
 Reference value :  4.40425e-08
 Reference value :  4.40625e-08
 Reference value :  4.40775e-08
 Reference value :  4.41025e-08
 Reference value :  4.41275e-08
 Reference value :  4.41525e-08
 Reference value :  4.41725e-08
 Reference value :  4.41975e-08
 Reference value :  4.42225e-08
 Reference value :  4.42425e-08
 Reference value :  4.42625e-08
 Reference value :  4.42825e-08
 Reference value :  4.43025e-08
 Reference value :  4.43225e-08
 Reference value :  4.43475e-08
 Reference value :  4.43675e-08
 Reference value :  4.43875e-08
 Reference value :  4.44125e-08
 Reference value :  4.44375e-08
 Reference value :  4.44625e-08
 Reference value :  4.44875e-08
 Reference value :  4.45125e-08
 Reference value :  4.45375e-08
 Reference value :  4.45575e-08
 Reference value :  4.45775e-08
 Reference value :  4.45975e-08
 Reference value :  4.46125e-08
 Reference value :  4.46325e-08
 Reference value :  4.46525e-08
 Reference value :  4.46725e-08
 Reference value :  4.46925e-08
 Reference value :  4.47125e-08
 Reference value :  4.49325e-08
 Reference value :  4.49525e-08
 Reference value :  4.49725e-08
 Reference value :  4.49925e-08
 Reference value :  4.50175e-08
 Reference value :  4.50375e-08
 Reference value :  4.50625e-08
 Reference value :  4.50825e-08
 Reference value :  4.50962e-08
No. of Data Rows : 9034
Note: Simulation executed from .control section 
