
Note: Compatibility modes selected: hs a


Circuit: * comparator-decision regen-time sweep -- vindiff=5mv corner=sf temp=-40.0c (issue #9)

option SCALE: Scale is set to 1e-06 for instance and model parameters
option SCALE: Scale is set to 1e-06 for instance and model parameters
option SCALE: Scale is set to 1e-06 for instance and model parameters
option SCALE: Scale is set to 1e-06 for instance and model parameters
Doing analysis at TEMP = -40.000000 and TNOM = 27.000000

Using KLU as Direct Linear Solver
 Reference value :  0.00000e+00
 Reference value :  4.00000e-13
 Reference value :  1.14000e-11
 Reference value :  3.64000e-11
 Reference value :  5.64000e-11
 Reference value :  7.64000e-11
 Reference value :  1.01400e-10
 Reference value :  1.21400e-10
 Reference value :  1.36400e-10
 Reference value :  1.61400e-10
 Reference value :  1.86400e-10
 Reference value :  2.06400e-10
 Reference value :  2.26400e-10
 Reference value :  2.41400e-10
 Reference value :  2.66400e-10
 Reference value :  2.86400e-10
 Reference value :  3.11400e-10
 Reference value :  3.31400e-10
 Reference value :  3.56400e-10
 Reference value :  3.76400e-10
 Reference value :  3.96400e-10
 Reference value :  4.16400e-10
 Reference value :  4.36400e-10
 Reference value :  4.51400e-10
 Reference value :  4.71400e-10
 Reference value :  4.91400e-10
 Reference value :  5.11400e-10
 Reference value :  5.31400e-10
 Reference value :  5.46400e-10
 Reference value :  5.71400e-10
 Reference value :  5.86400e-10
 Reference value :  6.11400e-10
 Reference value :  6.31400e-10
 Reference value :  6.51400e-10
 Reference value :  6.71400e-10
 Reference value :  6.91400e-10
 Reference value :  7.21400e-10
 Reference value :  7.41400e-10
 Reference value :  7.61400e-10
 Reference value :  7.81400e-10
 Reference value :  7.96400e-10
 Reference value :  8.16400e-10
 Reference value :  8.36400e-10
 Reference value :  8.51400e-10
 Reference value :  8.66400e-10
 Reference value :  8.86400e-10
 Reference value :  9.06400e-10
 Reference value :  9.26400e-10
 Reference value :  9.46400e-10
 Reference value :  9.66400e-10
 Reference value :  9.86400e-10
 Reference value :  1.00640e-09
 Reference value :  1.02640e-09
 Reference value :  1.04640e-09
 Reference value :  1.06640e-09
 Reference value :  1.08640e-09
 Reference value :  1.11140e-09
 Reference value :  1.13640e-09
 Reference value :  1.15640e-09
 Reference value :  1.18140e-09
 Reference value :  1.20640e-09
 Reference value :  1.22640e-09
 Reference value :  1.24640e-09
 Reference value :  1.26640e-09
 Reference value :  1.28640e-09
 Reference value :  1.30640e-09
 Reference value :  1.33640e-09
 Reference value :  1.36140e-09
 Reference value :  1.37640e-09
 Reference value :  1.39640e-09
 Reference value :  1.41640e-09
 Reference value :  1.43640e-09
 Reference value :  1.45640e-09
 Reference value :  1.47140e-09
 Reference value :  1.48640e-09
 Reference value :  1.50640e-09
 Reference value :  1.52640e-09
 Reference value :  1.54640e-09
 Reference value :  1.56640e-09
 Reference value :  1.58640e-09
 Reference value :  1.60640e-09
 Reference value :  1.62640e-09
 Reference value :  1.64140e-09
 Reference value :  1.65640e-09
 Reference value :  1.68140e-09
 Reference value :  1.70140e-09
 Reference value :  1.72140e-09
 Reference value :  1.74140e-09
 Reference value :  1.76140e-09
 Reference value :  1.78640e-09
 Reference value :  1.81140e-09
 Reference value :  1.83640e-09
 Reference value :  1.85140e-09
 Reference value :  1.88140e-09
 Reference value :  1.90140e-09
 Reference value :  1.92140e-09
 Reference value :  1.94640e-09
 Reference value :  1.97140e-09
 Reference value :  1.99140e-09
 Reference value :  2.01140e-09
 Reference value :  2.03640e-09
 Reference value :  2.06140e-09
 Reference value :  2.08640e-09
 Reference value :  2.10640e-09
 Reference value :  2.12640e-09
 Reference value :  2.14640e-09
 Reference value :  2.16640e-09
 Reference value :  2.18640e-09
 Reference value :  2.20640e-09
 Reference value :  2.22640e-09
 Reference value :  2.24140e-09
 Reference value :  2.27140e-09
 Reference value :  2.30140e-09
 Reference value :  2.32640e-09
 Reference value :  2.34640e-09
 Reference value :  2.36640e-09
 Reference value :  2.38640e-09
 Reference value :  2.40640e-09
 Reference value :  2.42640e-09
 Reference value :  2.44640e-09
 Reference value :  2.47140e-09
 Reference value :  2.49640e-09
 Reference value :  2.51640e-09
 Reference value :  2.53640e-09
 Reference value :  2.55640e-09
 Reference value :  2.57640e-09
 Reference value :  2.59640e-09
 Reference value :  2.62140e-09
 Reference value :  2.64140e-09
 Reference value :  2.66140e-09
 Reference value :  2.68140e-09
 Reference value :  2.70140e-09
 Reference value :  2.72640e-09
 Reference value :  2.74640e-09
 Reference value :  2.76140e-09
 Reference value :  2.78640e-09
 Reference value :  2.81140e-09
 Reference value :  2.83140e-09
 Reference value :  2.84640e-09
 Reference value :  2.87140e-09
 Reference value :  2.89640e-09
 Reference value :  2.91640e-09
 Reference value :  2.93640e-09
 Reference value :  2.95140e-09
 Reference value :  2.97140e-09
 Reference value :  2.99140e-09
 Reference value :  3.01140e-09
 Reference value :  3.03140e-09
 Reference value :  3.05640e-09
 Reference value :  3.07640e-09
 Reference value :  3.09640e-09
 Reference value :  3.11140e-09
 Reference value :  3.13140e-09
 Reference value :  3.15640e-09
 Reference value :  3.17640e-09
 Reference value :  3.19640e-09
 Reference value :  3.22140e-09
 Reference value :  3.24140e-09
 Reference value :  3.26140e-09
 Reference value :  3.28140e-09
 Reference value :  3.30640e-09
 Reference value :  3.32640e-09
 Reference value :  3.34640e-09
 Reference value :  3.36640e-09
 Reference value :  3.38640e-09
 Reference value :  3.40640e-09
 Reference value :  3.42640e-09
 Reference value :  3.44640e-09
 Reference value :  3.47140e-09
 Reference value :  3.49140e-09
 Reference value :  3.51140e-09
 Reference value :  3.53640e-09
 Reference value :  3.55640e-09
 Reference value :  3.58140e-09
 Reference value :  3.59640e-09
 Reference value :  3.61640e-09
 Reference value :  3.63640e-09
 Reference value :  3.65640e-09
 Reference value :  3.68140e-09
 Reference value :  3.70140e-09
 Reference value :  3.72640e-09
 Reference value :  3.75140e-09
 Reference value :  3.77640e-09
 Reference value :  3.79640e-09
 Reference value :  3.82140e-09
 Reference value :  3.84140e-09
 Reference value :  3.86640e-09
 Reference value :  3.89640e-09
 Reference value :  3.91640e-09
 Reference value :  3.93640e-09
 Reference value :  3.96640e-09
 Reference value :  3.98140e-09
 Reference value :  4.00140e-09
 Reference value :  4.02140e-09
 Reference value :  4.04140e-09
 Reference value :  4.05640e-09
 Reference value :  4.08140e-09
 Reference value :  4.10140e-09
 Reference value :  4.12140e-09
 Reference value :  4.13640e-09
 Reference value :  4.15640e-09
 Reference value :  4.17640e-09
 Reference value :  4.19140e-09
 Reference value :  4.20640e-09
 Reference value :  4.22640e-09
 Reference value :  4.25140e-09
 Reference value :  4.26640e-09
 Reference value :  4.28640e-09
 Reference value :  4.30640e-09
 Reference value :  4.33140e-09
 Reference value :  4.35140e-09
 Reference value :  4.37140e-09
 Reference value :  4.39140e-09
 Reference value :  4.41140e-09
 Reference value :  4.43140e-09
 Reference value :  4.45640e-09
 Reference value :  4.47140e-09
 Reference value :  4.49140e-09
 Reference value :  4.51640e-09
 Reference value :  4.53640e-09
 Reference value :  4.55640e-09
 Reference value :  4.57640e-09
 Reference value :  4.59640e-09
 Reference value :  4.62140e-09
 Reference value :  4.64140e-09
 Reference value :  4.66140e-09
 Reference value :  4.68140e-09
 Reference value :  4.70640e-09
 Reference value :  4.72640e-09
 Reference value :  4.74640e-09
 Reference value :  4.76640e-09
 Reference value :  4.78640e-09
 Reference value :  4.81140e-09
 Reference value :  4.83640e-09
 Reference value :  4.86640e-09
 Reference value :  4.89640e-09
 Reference value :  4.92140e-09
 Reference value :  4.94640e-09
 Reference value :  4.97640e-09
 Reference value :  4.99140e-09
 Reference value :  5.00050e-09
 Reference value :  5.01250e-09
 Reference value :  5.03750e-09
 Reference value :  5.05250e-09
 Reference value :  5.07250e-09
 Reference value :  5.09625e-09
 Reference value :  5.11250e-09
 Reference value :  5.13250e-09
 Reference value :  5.14750e-09
 Reference value :  5.16750e-09
 Reference value :  5.18750e-09
 Reference value :  5.20750e-09
 Reference value :  5.22250e-09
 Reference value :  5.24250e-09
 Reference value :  5.26250e-09
 Reference value :  5.28250e-09
 Reference value :  5.29750e-09
 Reference value :  5.32750e-09
 Reference value :  5.34750e-09
 Reference value :  5.36250e-09
 Reference value :  5.38750e-09
 Reference value :  5.41250e-09
 Reference value :  5.43750e-09
 Reference value :  5.46250e-09
 Reference value :  5.48250e-09
 Reference value :  5.50250e-09
 Reference value :  5.52250e-09
 Reference value :  5.54750e-09
 Reference value :  5.56750e-09
 Reference value :  5.59250e-09
 Reference value :  5.61250e-09
 Reference value :  5.63250e-09
 Reference value :  5.65750e-09
 Reference value :  5.67750e-09
 Reference value :  5.70250e-09
 Reference value :  5.73250e-09
 Reference value :  5.75750e-09
 Reference value :  5.77250e-09
 Reference value :  5.79750e-09
 Reference value :  5.81250e-09
 Reference value :  5.83750e-09
 Reference value :  5.85750e-09
 Reference value :  5.87250e-09
 Reference value :  5.89250e-09
 Reference value :  5.91250e-09
 Reference value :  5.92750e-09
 Reference value :  5.94250e-09
 Reference value :  5.96250e-09
 Reference value :  5.98250e-09
 Reference value :  6.00250e-09
 Reference value :  6.02250e-09
 Reference value :  6.04250e-09
 Reference value :  6.06250e-09
 Reference value :  6.08750e-09
 Reference value :  6.11250e-09
 Reference value :  6.13750e-09
 Reference value :  6.15750e-09
 Reference value :  6.17750e-09
 Reference value :  6.20250e-09
 Reference value :  6.22750e-09
 Reference value :  6.25250e-09
 Reference value :  6.27250e-09
 Reference value :  6.29250e-09
 Reference value :  6.31250e-09
 Reference value :  6.34250e-09
 Reference value :  6.36750e-09
 Reference value :  6.39250e-09
 Reference value :  6.41750e-09
 Reference value :  6.44250e-09
 Reference value :  6.46250e-09
 Reference value :  6.48250e-09
 Reference value :  6.50750e-09
 Reference value :  6.52750e-09
 Reference value :  6.55250e-09
 Reference value :  6.57250e-09
 Reference value :  6.59250e-09
 Reference value :  6.61250e-09
 Reference value :  6.63750e-09
 Reference value :  6.65750e-09
 Reference value :  6.68250e-09
 Reference value :  6.70250e-09
 Reference value :  6.72250e-09
 Reference value :  6.74750e-09
 Reference value :  6.77250e-09
 Reference value :  6.78750e-09
 Reference value :  6.80750e-09
 Reference value :  6.82750e-09
 Reference value :  6.84250e-09
 Reference value :  6.86250e-09
 Reference value :  6.88250e-09
 Reference value :  6.91250e-09
 Reference value :  6.92750e-09
 Reference value :  6.94750e-09
 Reference value :  6.97250e-09
 Reference value :  6.99250e-09
 Reference value :  7.01250e-09
 Reference value :  7.02750e-09
 Reference value :  7.04750e-09
 Reference value :  7.06250e-09
 Reference value :  7.08250e-09
 Reference value :  7.10250e-09
 Reference value :  7.12750e-09
 Reference value :  7.15250e-09
 Reference value :  7.17750e-09
 Reference value :  7.19750e-09
 Reference value :  7.21750e-09
 Reference value :  7.23750e-09
 Reference value :  7.25750e-09
 Reference value :  7.27750e-09
 Reference value :  7.30250e-09
 Reference value :  7.32750e-09
 Reference value :  7.34250e-09
 Reference value :  7.36250e-09
 Reference value :  7.38250e-09
 Reference value :  7.40250e-09
 Reference value :  7.42250e-09
 Reference value :  7.44250e-09
 Reference value :  7.46250e-09
 Reference value :  7.48250e-09
 Reference value :  7.50750e-09
 Reference value :  7.53750e-09
 Reference value :  7.55750e-09
 Reference value :  7.58750e-09
 Reference value :  7.61250e-09
 Reference value :  7.63250e-09
 Reference value :  7.65250e-09
 Reference value :  7.66750e-09
 Reference value :  7.69750e-09
 Reference value :  7.71750e-09
 Reference value :  7.73750e-09
 Reference value :  7.75750e-09
 Reference value :  7.77750e-09
 Reference value :  7.79750e-09
 Reference value :  7.81750e-09
 Reference value :  7.84250e-09
 Reference value :  7.86250e-09
 Reference value :  7.88250e-09
 Reference value :  7.89750e-09
 Reference value :  7.91750e-09
 Reference value :  7.93750e-09
 Reference value :  7.96250e-09
 Reference value :  7.98750e-09
 Reference value :  8.01750e-09
 Reference value :  8.03250e-09
 Reference value :  8.05250e-09
 Reference value :  8.07250e-09
 Reference value :  8.09250e-09
 Reference value :  8.11250e-09
 Reference value :  8.13250e-09
 Reference value :  8.15250e-09
 Reference value :  8.16750e-09
 Reference value :  8.18750e-09
 Reference value :  8.20750e-09
 Reference value :  8.22750e-09
 Reference value :  8.24750e-09
 Reference value :  8.26750e-09
 Reference value :  8.28750e-09
 Reference value :  8.30750e-09
 Reference value :  8.32750e-09
 Reference value :  8.35250e-09
 Reference value :  8.37250e-09
 Reference value :  8.39750e-09
 Reference value :  8.42250e-09
 Reference value :  8.44250e-09
 Reference value :  8.46250e-09
 Reference value :  8.48250e-09
 Reference value :  8.50250e-09
 Reference value :  8.60750e-09
 Reference value :  8.62250e-09
 Reference value :  8.64250e-09
 Reference value :  8.67250e-09
 Reference value :  8.69750e-09
 Reference value :  8.71750e-09
 Reference value :  8.73750e-09
 Reference value :  8.76250e-09
 Reference value :  8.78750e-09
 Reference value :  8.80750e-09
 Reference value :  8.82250e-09
 Reference value :  8.83750e-09
 Reference value :  8.85250e-09
 Reference value :  8.87750e-09
 Reference value :  8.90250e-09
 Reference value :  8.92250e-09
 Reference value :  8.94750e-09
 Reference value :  8.96250e-09
 Reference value :  8.98250e-09
 Reference value :  9.00250e-09
 Reference value :  9.02250e-09
 Reference value :  9.04250e-09
 Reference value :  9.06250e-09
 Reference value :  9.08750e-09
 Reference value :  9.11750e-09
 Reference value :  9.14250e-09
 Reference value :  9.16750e-09
 Reference value :  9.18750e-09
 Reference value :  9.20750e-09
 Reference value :  9.23750e-09
 Reference value :  9.25750e-09
 Reference value :  9.27750e-09
 Reference value :  9.30250e-09
 Reference value :  9.32250e-09
 Reference value :  9.34750e-09
 Reference value :  9.37750e-09
 Reference value :  9.39750e-09
 Reference value :  9.42250e-09
 Reference value :  9.44250e-09
 Reference value :  9.46750e-09
 Reference value :  9.49250e-09
 Reference value :  9.51750e-09
 Reference value :  9.53750e-09
 Reference value :  9.55750e-09
 Reference value :  9.57750e-09
 Reference value :  9.60750e-09
 Reference value :  9.63250e-09
 Reference value :  9.65750e-09
 Reference value :  9.67750e-09
 Reference value :  9.69750e-09
 Reference value :  9.71250e-09
 Reference value :  9.73250e-09
 Reference value :  9.75750e-09
 Reference value :  9.78250e-09
 Reference value :  9.80750e-09
 Reference value :  9.83250e-09
 Reference value :  9.85750e-09
 Reference value :  9.87750e-09
 Reference value :  9.89750e-09
 Reference value :  9.92250e-09
 Reference value :  9.95250e-09
 Reference value :  9.97250e-09
 Reference value :  9.99250e-09
 Reference value :  1.00075e-08
 Reference value :  1.00275e-08
 Reference value :  1.00475e-08
 Reference value :  1.00675e-08
 Reference value :  1.00925e-08
 Reference value :  1.01175e-08
 Reference value :  1.01325e-08
 Reference value :  1.01575e-08
 Reference value :  1.01775e-08
 Reference value :  1.01975e-08
 Reference value :  1.02225e-08
 Reference value :  1.02475e-08
 Reference value :  1.02725e-08
 Reference value :  1.02975e-08
 Reference value :  1.03225e-08
 Reference value :  1.03375e-08
 Reference value :  1.03575e-08
 Reference value :  1.03825e-08
 Reference value :  1.04025e-08
 Reference value :  1.04225e-08
 Reference value :  1.04425e-08
 Reference value :  1.04625e-08
 Reference value :  1.04875e-08
 Reference value :  1.05125e-08
 Reference value :  1.05325e-08
 Reference value :  1.05575e-08
 Reference value :  1.05775e-08
 Reference value :  1.06025e-08
 Reference value :  1.06275e-08
 Reference value :  1.06525e-08
 Reference value :  1.06775e-08
 Reference value :  1.07025e-08
 Reference value :  1.07275e-08
 Reference value :  1.07525e-08
 Reference value :  1.07725e-08
 Reference value :  1.07925e-08
 Reference value :  1.08125e-08
 Reference value :  1.08325e-08
 Reference value :  1.08575e-08
 Reference value :  1.08775e-08
 Reference value :  1.08975e-08
 Reference value :  1.09175e-08
 Reference value :  1.09375e-08
 Reference value :  1.09575e-08
 Reference value :  1.09725e-08
 Reference value :  1.09925e-08
 Reference value :  1.10125e-08
 Reference value :  1.10325e-08
 Reference value :  1.10525e-08
 Reference value :  1.10725e-08
 Reference value :  1.10875e-08
 Reference value :  1.11175e-08
 Reference value :  1.11425e-08
 Reference value :  1.11675e-08
 Reference value :  1.11925e-08
 Reference value :  1.12125e-08
 Reference value :  1.12325e-08
 Reference value :  1.12575e-08
 Reference value :  1.12825e-08
 Reference value :  1.13025e-08
 Reference value :  1.13225e-08
 Reference value :  1.13425e-08
 Reference value :  1.13625e-08
 Reference value :  1.13875e-08
 Reference value :  1.14075e-08
 Reference value :  1.14325e-08
 Reference value :  1.14575e-08
 Reference value :  1.14825e-08
 Reference value :  1.15025e-08
 Reference value :  1.15225e-08
 Reference value :  1.15425e-08
 Reference value :  1.15675e-08
 Reference value :  1.15875e-08
 Reference value :  1.16075e-08
 Reference value :  1.16375e-08
 Reference value :  1.16625e-08
 Reference value :  1.16825e-08
 Reference value :  1.17075e-08
 Reference value :  1.17275e-08
 Reference value :  1.17475e-08
 Reference value :  1.17675e-08
 Reference value :  1.17875e-08
 Reference value :  1.18075e-08
 Reference value :  1.18275e-08
 Reference value :  1.18475e-08
 Reference value :  1.18675e-08
 Reference value :  1.18875e-08
 Reference value :  1.19125e-08
 Reference value :  1.19375e-08
 Reference value :  1.19575e-08
 Reference value :  1.19775e-08
 Reference value :  1.20025e-08
 Reference value :  1.20225e-08
 Reference value :  1.20425e-08
 Reference value :  1.20625e-08
 Reference value :  1.20875e-08
 Reference value :  1.21125e-08
 Reference value :  1.21375e-08
 Reference value :  1.21675e-08
 Reference value :  1.21975e-08
 Reference value :  1.22225e-08
 Reference value :  1.22425e-08
 Reference value :  1.22675e-08
 Reference value :  1.22875e-08
 Reference value :  1.23125e-08
 Reference value :  1.23275e-08
 Reference value :  1.23575e-08
 Reference value :  1.23825e-08
 Reference value :  1.24075e-08
 Reference value :  1.24275e-08
 Reference value :  1.24525e-08
 Reference value :  1.24825e-08
 Reference value :  1.25025e-08
 Reference value :  1.25225e-08
 Reference value :  1.25425e-08
 Reference value :  1.25725e-08
 Reference value :  1.25975e-08
 Reference value :  1.26175e-08
 Reference value :  1.26375e-08
 Reference value :  1.26675e-08
 Reference value :  1.26975e-08
 Reference value :  1.27275e-08
 Reference value :  1.27525e-08
 Reference value :  1.27775e-08
 Reference value :  1.27975e-08
 Reference value :  1.28225e-08
 Reference value :  1.28425e-08
 Reference value :  1.28625e-08
 Reference value :  1.28825e-08
 Reference value :  1.29025e-08
 Reference value :  1.29225e-08
 Reference value :  1.29475e-08
 Reference value :  1.29675e-08
 Reference value :  1.29925e-08
 Reference value :  1.30125e-08
 Reference value :  1.30325e-08
 Reference value :  1.30525e-08
 Reference value :  1.30775e-08
 Reference value :  1.30975e-08
 Reference value :  1.31225e-08
 Reference value :  1.31475e-08
 Reference value :  1.31725e-08
 Reference value :  1.31925e-08
 Reference value :  1.32125e-08
 Reference value :  1.32375e-08
 Reference value :  1.32575e-08
 Reference value :  1.32825e-08
 Reference value :  1.33025e-08
 Reference value :  1.33175e-08
 Reference value :  1.33425e-08
 Reference value :  1.33675e-08
 Reference value :  1.33825e-08
 Reference value :  1.34025e-08
 Reference value :  1.34225e-08
 Reference value :  1.34425e-08
 Reference value :  1.34625e-08
 Reference value :  1.34875e-08
 Reference value :  1.35075e-08
 Reference value :  1.35425e-08
 Reference value :  1.35675e-08
 Reference value :  1.35975e-08
 Reference value :  1.36175e-08
 Reference value :  1.36425e-08
 Reference value :  1.36675e-08
 Reference value :  1.36875e-08
 Reference value :  1.37125e-08
 Reference value :  1.37425e-08
 Reference value :  1.37625e-08
 Reference value :  1.37775e-08
 Reference value :  1.37975e-08
 Reference value :  1.38225e-08
 Reference value :  1.38425e-08
 Reference value :  1.38625e-08
 Reference value :  1.38825e-08
 Reference value :  1.39025e-08
 Reference value :  1.39275e-08
 Reference value :  1.39525e-08
 Reference value :  1.39775e-08
 Reference value :  1.40025e-08
 Reference value :  1.40325e-08
 Reference value :  1.40575e-08
 Reference value :  1.40775e-08
 Reference value :  1.40975e-08
 Reference value :  1.41175e-08
 Reference value :  1.41375e-08
 Reference value :  1.41575e-08
 Reference value :  1.41775e-08
 Reference value :  1.42025e-08
 Reference value :  1.42275e-08
 Reference value :  1.42475e-08
 Reference value :  1.42725e-08
 Reference value :  1.42975e-08
 Reference value :  1.43175e-08
 Reference value :  1.43425e-08
 Reference value :  1.43575e-08
 Reference value :  1.43825e-08
 Reference value :  1.44025e-08
 Reference value :  1.44225e-08
 Reference value :  1.44375e-08
 Reference value :  1.44625e-08
 Reference value :  1.44875e-08
 Reference value :  1.45125e-08
 Reference value :  1.45375e-08
 Reference value :  1.45675e-08
 Reference value :  1.45925e-08
 Reference value :  1.46175e-08
 Reference value :  1.46375e-08
 Reference value :  1.46575e-08
 Reference value :  1.46825e-08
 Reference value :  1.47025e-08
 Reference value :  1.47275e-08
 Reference value :  1.47525e-08
 Reference value :  1.47725e-08
 Reference value :  1.47925e-08
 Reference value :  1.48175e-08
 Reference value :  1.48375e-08
 Reference value :  1.48575e-08
 Reference value :  1.48775e-08
 Reference value :  1.48975e-08
 Reference value :  1.49125e-08
 Reference value :  1.49275e-08
 Reference value :  1.49425e-08
 Reference value :  1.49675e-08
 Reference value :  1.49875e-08
 Reference value :  1.50075e-08
 Reference value :  1.50325e-08
 Reference value :  1.50575e-08
 Reference value :  1.50775e-08
 Reference value :  1.50975e-08
 Reference value :  1.51125e-08
 Reference value :  1.51325e-08
 Reference value :  1.51525e-08
 Reference value :  1.51725e-08
 Reference value :  1.51925e-08
 Reference value :  1.52125e-08
 Reference value :  1.52325e-08
 Reference value :  1.52575e-08
 Reference value :  1.52775e-08
 Reference value :  1.53025e-08
 Reference value :  1.53225e-08
 Reference value :  1.53475e-08
 Reference value :  1.53675e-08
 Reference value :  1.53925e-08
 Reference value :  1.54075e-08
 Reference value :  1.54275e-08
 Reference value :  1.54475e-08
 Reference value :  1.54725e-08
 Reference value :  1.54925e-08
 Reference value :  1.55125e-08
 Reference value :  1.55275e-08
 Reference value :  1.55475e-08
 Reference value :  1.55625e-08
 Reference value :  1.55825e-08
 Reference value :  1.55975e-08
 Reference value :  1.56175e-08
 Reference value :  1.56375e-08
 Reference value :  1.56575e-08
 Reference value :  1.56775e-08
 Reference value :  1.57025e-08
 Reference value :  1.57225e-08
 Reference value :  1.57475e-08
 Reference value :  1.57675e-08
 Reference value :  1.57925e-08
 Reference value :  1.58175e-08
 Reference value :  1.58425e-08
 Reference value :  1.58625e-08
 Reference value :  1.58875e-08
 Reference value :  1.59075e-08
 Reference value :  1.78825e-08
 Reference value :  1.78975e-08
 Reference value :  1.79175e-08
 Reference value :  1.79375e-08
 Reference value :  1.79575e-08
 Reference value :  1.79825e-08
 Reference value :  1.80075e-08
 Reference value :  1.80325e-08
 Reference value :  1.80575e-08
 Reference value :  1.80825e-08
 Reference value :  1.81075e-08
 Reference value :  1.81275e-08
 Reference value :  1.81525e-08
 Reference value :  1.81725e-08
 Reference value :  1.81925e-08
 Reference value :  1.82175e-08
 Reference value :  1.82475e-08
 Reference value :  1.82675e-08
 Reference value :  1.82875e-08
 Reference value :  1.83025e-08
 Reference value :  1.83275e-08
 Reference value :  1.83475e-08
 Reference value :  1.83675e-08
 Reference value :  1.83875e-08
 Reference value :  1.84125e-08
 Reference value :  1.84325e-08
 Reference value :  1.84525e-08
 Reference value :  1.84725e-08
 Reference value :  1.84925e-08
 Reference value :  1.85125e-08
 Reference value :  1.85325e-08
 Reference value :  1.85525e-08
 Reference value :  1.85775e-08
 Reference value :  1.85975e-08
 Reference value :  1.86175e-08
 Reference value :  1.86425e-08
 Reference value :  1.86575e-08
 Reference value :  1.86775e-08
 Reference value :  1.86975e-08
 Reference value :  1.87175e-08
 Reference value :  1.87425e-08
 Reference value :  1.87625e-08
 Reference value :  1.87775e-08
 Reference value :  1.87975e-08
 Reference value :  1.88175e-08
 Reference value :  1.88375e-08
 Reference value :  1.88525e-08
 Reference value :  1.88725e-08
 Reference value :  1.88925e-08
 Reference value :  1.89075e-08
 Reference value :  1.89325e-08
 Reference value :  1.89625e-08
 Reference value :  1.89825e-08
 Reference value :  1.90075e-08
 Reference value :  1.90275e-08
 Reference value :  1.90475e-08
 Reference value :  1.90725e-08
 Reference value :  1.90975e-08
 Reference value :  1.91175e-08
 Reference value :  1.91425e-08
 Reference value :  1.91625e-08
 Reference value :  1.91825e-08
 Reference value :  1.92025e-08
 Reference value :  1.92275e-08
 Reference value :  1.92475e-08
 Reference value :  1.92625e-08
 Reference value :  1.92825e-08
 Reference value :  1.93075e-08
 Reference value :  1.93325e-08
 Reference value :  1.93525e-08
 Reference value :  1.93675e-08
 Reference value :  1.93925e-08
 Reference value :  1.94125e-08
 Reference value :  1.94275e-08
 Reference value :  1.94475e-08
 Reference value :  1.94675e-08
 Reference value :  1.94875e-08
 Reference value :  1.95075e-08
 Reference value :  1.95275e-08
 Reference value :  1.95475e-08
 Reference value :  1.95675e-08
 Reference value :  1.95875e-08
 Reference value :  1.96075e-08
 Reference value :  1.96275e-08
 Reference value :  1.96475e-08
 Reference value :  1.96675e-08
 Reference value :  1.96875e-08
 Reference value :  1.97125e-08
 Reference value :  1.97325e-08
 Reference value :  1.97625e-08
 Reference value :  1.97875e-08
 Reference value :  1.98075e-08
 Reference value :  1.98275e-08
 Reference value :  1.98475e-08
 Reference value :  1.98725e-08
 Reference value :  1.98925e-08
 Reference value :  1.99175e-08
 Reference value :  1.99375e-08
 Reference value :  1.99575e-08
 Reference value :  1.99775e-08
 Reference value :  2.00025e-08
 Reference value :  2.00225e-08
 Reference value :  2.00425e-08
 Reference value :  2.00625e-08
 Reference value :  2.00825e-08
 Reference value :  2.01125e-08
 Reference value :  2.01375e-08
 Reference value :  2.01575e-08
 Reference value :  2.01775e-08
 Reference value :  2.01975e-08
 Reference value :  2.02175e-08
 Reference value :  2.02375e-08
 Reference value :  2.02625e-08
 Reference value :  2.02875e-08
 Reference value :  2.03075e-08
 Reference value :  2.03275e-08
 Reference value :  2.03525e-08
 Reference value :  2.03775e-08
 Reference value :  2.03975e-08
 Reference value :  2.04175e-08
 Reference value :  2.04375e-08
 Reference value :  2.04575e-08
 Reference value :  2.04725e-08
 Reference value :  2.04925e-08
 Reference value :  2.05175e-08
 Reference value :  2.05375e-08
 Reference value :  2.05625e-08
 Reference value :  2.05875e-08
 Reference value :  2.06125e-08
 Reference value :  2.06375e-08
 Reference value :  2.06575e-08
 Reference value :  2.06775e-08
 Reference value :  2.06975e-08
 Reference value :  2.07175e-08
 Reference value :  2.07375e-08
 Reference value :  2.07575e-08
 Reference value :  2.07775e-08
 Reference value :  2.07975e-08
 Reference value :  2.08175e-08
 Reference value :  2.08375e-08
 Reference value :  2.08575e-08
 Reference value :  2.08775e-08
 Reference value :  2.09025e-08
 Reference value :  2.09275e-08
 Reference value :  2.09525e-08
 Reference value :  2.09775e-08
 Reference value :  2.10025e-08
 Reference value :  2.10225e-08
 Reference value :  2.10425e-08
 Reference value :  2.10675e-08
 Reference value :  2.10875e-08
 Reference value :  2.11175e-08
 Reference value :  2.11375e-08
 Reference value :  2.11625e-08
 Reference value :  2.11925e-08
 Reference value :  2.12175e-08
 Reference value :  2.12475e-08
 Reference value :  2.12675e-08
 Reference value :  2.12875e-08
 Reference value :  2.13125e-08
 Reference value :  2.13325e-08
 Reference value :  2.13525e-08
 Reference value :  2.13725e-08
 Reference value :  2.13975e-08
 Reference value :  2.14175e-08
 Reference value :  2.14375e-08
 Reference value :  2.14675e-08
 Reference value :  2.14925e-08
 Reference value :  2.15125e-08
 Reference value :  2.15375e-08
 Reference value :  2.15625e-08
 Reference value :  2.15775e-08
 Reference value :  2.15925e-08
 Reference value :  2.16125e-08
 Reference value :  2.16375e-08
 Reference value :  2.16625e-08
 Reference value :  2.16875e-08
 Reference value :  2.17025e-08
 Reference value :  2.17225e-08
 Reference value :  2.17425e-08
 Reference value :  2.17675e-08
 Reference value :  2.17925e-08
 Reference value :  2.18125e-08
 Reference value :  2.18325e-08
 Reference value :  2.18525e-08
 Reference value :  2.18725e-08
 Reference value :  2.18875e-08
 Reference value :  2.19025e-08
 Reference value :  2.19275e-08
 Reference value :  2.19475e-08
 Reference value :  2.19725e-08
 Reference value :  2.19975e-08
 Reference value :  2.20125e-08
 Reference value :  2.20325e-08
 Reference value :  2.20575e-08
 Reference value :  2.20775e-08
 Reference value :  2.20975e-08
 Reference value :  2.21175e-08
 Reference value :  2.21375e-08
 Reference value :  2.21575e-08
 Reference value :  2.21825e-08
 Reference value :  2.22075e-08
 Reference value :  2.22275e-08
 Reference value :  2.22525e-08
 Reference value :  2.22775e-08
 Reference value :  2.22975e-08
 Reference value :  2.23175e-08
 Reference value :  2.23425e-08
 Reference value :  2.23625e-08
 Reference value :  2.23875e-08
 Reference value :  2.24125e-08
 Reference value :  2.24325e-08
 Reference value :  2.24675e-08
 Reference value :  2.24825e-08
 Reference value :  2.25025e-08
 Reference value :  2.25225e-08
 Reference value :  2.25475e-08
 Reference value :  2.25725e-08
 Reference value :  2.26125e-08
 Reference value :  2.26375e-08
 Reference value :  2.26575e-08
 Reference value :  2.26775e-08
 Reference value :  2.26975e-08
 Reference value :  2.27175e-08
 Reference value :  2.27425e-08
 Reference value :  2.27625e-08
 Reference value :  2.27825e-08
 Reference value :  2.28025e-08
 Reference value :  2.28225e-08
 Reference value :  2.28425e-08
 Reference value :  2.28625e-08
 Reference value :  2.28875e-08
 Reference value :  2.29125e-08
 Reference value :  2.29325e-08
 Reference value :  2.29525e-08
 Reference value :  2.29725e-08
 Reference value :  2.29925e-08
 Reference value :  2.30225e-08
 Reference value :  2.30475e-08
 Reference value :  2.30675e-08
 Reference value :  2.30875e-08
 Reference value :  2.31075e-08
 Reference value :  2.31325e-08
 Reference value :  2.31575e-08
 Reference value :  2.31825e-08
 Reference value :  2.32075e-08
 Reference value :  2.32325e-08
 Reference value :  2.32525e-08
 Reference value :  2.32725e-08
 Reference value :  2.32975e-08
 Reference value :  2.33225e-08
 Reference value :  2.33475e-08
 Reference value :  2.33675e-08
 Reference value :  2.33875e-08
 Reference value :  2.34075e-08
 Reference value :  2.34275e-08
 Reference value :  2.34575e-08
 Reference value :  2.34825e-08
 Reference value :  2.35025e-08
 Reference value :  2.35225e-08
 Reference value :  2.35475e-08
 Reference value :  2.35725e-08
 Reference value :  2.35925e-08
 Reference value :  2.36125e-08
 Reference value :  2.36325e-08
 Reference value :  2.36575e-08
 Reference value :  2.36825e-08
 Reference value :  2.37075e-08
 Reference value :  2.37325e-08
 Reference value :  2.37625e-08
 Reference value :  2.37825e-08
 Reference value :  2.38025e-08
 Reference value :  2.38225e-08
 Reference value :  2.38375e-08
 Reference value :  2.38575e-08
 Reference value :  2.38775e-08
 Reference value :  2.38975e-08
 Reference value :  2.39225e-08
 Reference value :  2.39475e-08
 Reference value :  2.39775e-08
 Reference value :  2.39975e-08
 Reference value :  2.40175e-08
 Reference value :  2.40375e-08
 Reference value :  2.40575e-08
 Reference value :  2.40775e-08
 Reference value :  2.40975e-08
 Reference value :  2.41175e-08
 Reference value :  2.41375e-08
 Reference value :  2.41575e-08
 Reference value :  2.41775e-08
 Reference value :  2.41975e-08
 Reference value :  2.42175e-08
 Reference value :  2.42425e-08
 Reference value :  2.42675e-08
 Reference value :  2.42925e-08
 Reference value :  2.43175e-08
 Reference value :  2.43475e-08
 Reference value :  2.43775e-08
 Reference value :  2.44075e-08
 Reference value :  2.44325e-08
 Reference value :  2.44575e-08
 Reference value :  2.44775e-08
 Reference value :  2.45025e-08
 Reference value :  2.45275e-08
 Reference value :  2.45575e-08
 Reference value :  2.45825e-08
 Reference value :  2.46025e-08
 Reference value :  2.46275e-08
 Reference value :  2.46475e-08
 Reference value :  2.46775e-08
 Reference value :  2.47025e-08
 Reference value :  2.47225e-08
 Reference value :  2.47475e-08
 Reference value :  2.47675e-08
 Reference value :  2.47875e-08
 Reference value :  2.48125e-08
 Reference value :  2.48375e-08
 Reference value :  2.48625e-08
 Reference value :  2.48825e-08
 Reference value :  2.49125e-08
 Reference value :  2.49375e-08
 Reference value :  2.49575e-08
 Reference value :  2.49825e-08
 Reference value :  2.50025e-08
 Reference value :  2.50225e-08
 Reference value :  2.50425e-08
 Reference value :  2.50625e-08
 Reference value :  2.50775e-08
 Reference value :  2.51025e-08
 Reference value :  2.51275e-08
 Reference value :  2.51525e-08
 Reference value :  2.51725e-08
 Reference value :  2.51925e-08
 Reference value :  2.52125e-08
 Reference value :  2.52325e-08
 Reference value :  2.52525e-08
 Reference value :  2.52725e-08
 Reference value :  2.52975e-08
 Reference value :  2.53175e-08
 Reference value :  2.53375e-08
 Reference value :  2.53575e-08
 Reference value :  2.53825e-08
 Reference value :  2.54025e-08
 Reference value :  2.54225e-08
 Reference value :  2.54425e-08
 Reference value :  2.54675e-08
 Reference value :  2.54875e-08
 Reference value :  2.55125e-08
 Reference value :  2.55375e-08
 Reference value :  2.55625e-08
 Reference value :  2.55875e-08
 Reference value :  2.56125e-08
 Reference value :  2.56375e-08
 Reference value :  2.56575e-08
 Reference value :  2.56775e-08
 Reference value :  2.57025e-08
 Reference value :  2.57275e-08
 Reference value :  2.57525e-08
 Reference value :  2.57775e-08
 Reference value :  2.58025e-08
 Reference value :  2.58225e-08
 Reference value :  2.58425e-08
 Reference value :  2.58675e-08
 Reference value :  2.58925e-08
 Reference value :  2.59075e-08
 Reference value :  2.59275e-08
 Reference value :  2.59525e-08
 Reference value :  2.59775e-08
 Reference value :  2.59975e-08
 Reference value :  2.60225e-08
 Reference value :  2.60425e-08
 Reference value :  2.60675e-08
 Reference value :  2.60875e-08
 Reference value :  2.61075e-08
 Reference value :  2.61275e-08
 Reference value :  2.61475e-08
 Reference value :  2.61675e-08
 Reference value :  2.61875e-08
 Reference value :  2.62125e-08
 Reference value :  2.62275e-08
 Reference value :  2.62525e-08
 Reference value :  2.62775e-08
 Reference value :  2.63075e-08
 Reference value :  2.63275e-08
 Reference value :  2.63475e-08
 Reference value :  2.63675e-08
 Reference value :  2.63875e-08
 Reference value :  2.64075e-08
 Reference value :  2.64275e-08
 Reference value :  2.64475e-08
 Reference value :  2.64675e-08
 Reference value :  2.64925e-08
 Reference value :  2.65275e-08
 Reference value :  2.65475e-08
 Reference value :  2.65675e-08
 Reference value :  2.65875e-08
 Reference value :  2.66125e-08
 Reference value :  2.66375e-08
 Reference value :  2.66575e-08
 Reference value :  2.66825e-08
 Reference value :  2.67025e-08
 Reference value :  2.67275e-08
 Reference value :  2.67525e-08
 Reference value :  2.67725e-08
 Reference value :  2.67975e-08
 Reference value :  2.68175e-08
 Reference value :  2.68375e-08
 Reference value :  2.68575e-08
 Reference value :  2.68775e-08
 Reference value :  2.68975e-08
 Reference value :  2.69175e-08
 Reference value :  2.69425e-08
 Reference value :  2.69625e-08
 Reference value :  2.69875e-08
 Reference value :  2.70125e-08
 Reference value :  2.70325e-08
 Reference value :  2.70525e-08
 Reference value :  2.70675e-08
 Reference value :  2.70925e-08
 Reference value :  2.71125e-08
 Reference value :  2.71325e-08
 Reference value :  2.71575e-08
 Reference value :  2.71775e-08
 Reference value :  2.71975e-08
 Reference value :  2.72175e-08
 Reference value :  2.72325e-08
 Reference value :  2.72575e-08
 Reference value :  2.72725e-08
 Reference value :  2.72925e-08
 Reference value :  2.73075e-08
 Reference value :  2.73275e-08
 Reference value :  2.73475e-08
 Reference value :  2.73675e-08
 Reference value :  2.73875e-08
 Reference value :  2.74075e-08
 Reference value :  2.74225e-08
 Reference value :  2.74425e-08
 Reference value :  2.74625e-08
 Reference value :  2.74875e-08
 Reference value :  2.75075e-08
 Reference value :  2.75275e-08
 Reference value :  2.75475e-08
 Reference value :  2.75725e-08
 Reference value :  2.75925e-08
 Reference value :  2.76075e-08
 Reference value :  2.76275e-08
 Reference value :  2.76525e-08
 Reference value :  2.76725e-08
 Reference value :  2.76925e-08
 Reference value :  2.77175e-08
 Reference value :  2.77325e-08
 Reference value :  2.77475e-08
 Reference value :  2.77675e-08
 Reference value :  2.77875e-08
 Reference value :  2.78075e-08
 Reference value :  2.78275e-08
 Reference value :  2.78475e-08
 Reference value :  2.78675e-08
 Reference value :  2.78975e-08
 Reference value :  2.79175e-08
 Reference value :  2.79425e-08
 Reference value :  2.79625e-08
 Reference value :  2.79825e-08
 Reference value :  2.80025e-08
 Reference value :  2.80225e-08
 Reference value :  2.80425e-08
 Reference value :  2.80675e-08
 Reference value :  2.80975e-08
 Reference value :  2.81175e-08
 Reference value :  2.81425e-08
 Reference value :  2.81625e-08
 Reference value :  2.81825e-08
 Reference value :  2.82075e-08
 Reference value :  2.82325e-08
 Reference value :  2.82575e-08
 Reference value :  2.82775e-08
 Reference value :  2.83025e-08
 Reference value :  2.83275e-08
 Reference value :  2.83525e-08
 Reference value :  2.83775e-08
 Reference value :  2.84025e-08
 Reference value :  2.84275e-08
 Reference value :  2.84525e-08
 Reference value :  2.84725e-08
 Reference value :  2.84925e-08
 Reference value :  2.85125e-08
 Reference value :  2.85325e-08
 Reference value :  2.85525e-08
 Reference value :  2.85725e-08
 Reference value :  2.85975e-08
 Reference value :  2.86225e-08
 Reference value :  2.86475e-08
 Reference value :  2.86725e-08
 Reference value :  2.86975e-08
 Reference value :  2.87225e-08
 Reference value :  2.87475e-08
 Reference value :  2.87725e-08
 Reference value :  2.87925e-08
 Reference value :  2.88075e-08
 Reference value :  2.88275e-08
 Reference value :  2.88525e-08
 Reference value :  2.88775e-08
 Reference value :  2.89025e-08
 Reference value :  2.89225e-08
 Reference value :  2.89525e-08
 Reference value :  2.89725e-08
 Reference value :  2.90025e-08
 Reference value :  2.90275e-08
 Reference value :  2.90425e-08
 Reference value :  2.90625e-08
 Reference value :  2.90825e-08
 Reference value :  2.91025e-08
 Reference value :  2.91275e-08
 Reference value :  2.91525e-08
 Reference value :  2.91775e-08
 Reference value :  2.91975e-08
 Reference value :  2.92175e-08
 Reference value :  2.92425e-08
 Reference value :  2.92625e-08
 Reference value :  2.92825e-08
 Reference value :  2.93025e-08
 Reference value :  2.93225e-08
 Reference value :  2.93425e-08
 Reference value :  2.93625e-08
 Reference value :  2.93775e-08
 Reference value :  2.93975e-08
 Reference value :  2.94275e-08
 Reference value :  2.94525e-08
 Reference value :  2.94775e-08
 Reference value :  2.94975e-08
 Reference value :  2.95175e-08
 Reference value :  2.95375e-08
 Reference value :  2.95625e-08
 Reference value :  2.95775e-08
 Reference value :  2.95975e-08
 Reference value :  2.96175e-08
 Reference value :  2.96375e-08
 Reference value :  2.96625e-08
 Reference value :  2.96875e-08
 Reference value :  2.97075e-08
 Reference value :  2.97275e-08
 Reference value :  2.97475e-08
 Reference value :  2.97675e-08
 Reference value :  2.97925e-08
 Reference value :  2.98075e-08
 Reference value :  2.98275e-08
 Reference value :  2.98475e-08
 Reference value :  2.98675e-08
 Reference value :  2.98875e-08
 Reference value :  2.99125e-08
 Reference value :  2.99325e-08
 Reference value :  2.99575e-08
 Reference value :  2.99825e-08
 Reference value :  3.00025e-08
 Reference value :  3.00275e-08
 Reference value :  3.00475e-08
 Reference value :  3.00675e-08
 Reference value :  3.00875e-08
 Reference value :  3.01075e-08
 Reference value :  3.01275e-08
 Reference value :  3.01475e-08
 Reference value :  3.01675e-08
 Reference value :  3.01875e-08
 Reference value :  3.02075e-08
 Reference value :  3.02275e-08
 Reference value :  3.02475e-08
 Reference value :  3.02675e-08
 Reference value :  3.02875e-08
 Reference value :  3.03075e-08
 Reference value :  3.03275e-08
 Reference value :  3.03425e-08
 Reference value :  3.03625e-08
 Reference value :  3.03825e-08
 Reference value :  3.04025e-08
 Reference value :  3.04225e-08
 Reference value :  3.04425e-08
 Reference value :  3.04625e-08
 Reference value :  3.04825e-08
 Reference value :  3.05025e-08
 Reference value :  3.05225e-08
 Reference value :  3.05475e-08
 Reference value :  3.05675e-08
 Reference value :  3.05875e-08
 Reference value :  3.06075e-08
 Reference value :  3.06275e-08
 Reference value :  3.06525e-08
 Reference value :  3.06725e-08
 Reference value :  3.06925e-08
 Reference value :  3.07125e-08
 Reference value :  3.07325e-08
 Reference value :  3.07575e-08
 Reference value :  3.07775e-08
 Reference value :  3.07975e-08
 Reference value :  3.08175e-08
 Reference value :  3.08375e-08
 Reference value :  3.08575e-08
 Reference value :  3.08775e-08
 Reference value :  3.08975e-08
 Reference value :  3.09175e-08
 Reference value :  3.09375e-08
 Reference value :  3.09575e-08
 Reference value :  3.09775e-08
 Reference value :  3.09975e-08
 Reference value :  3.10175e-08
 Reference value :  3.10375e-08
 Reference value :  3.10575e-08
 Reference value :  3.10775e-08
 Reference value :  3.10975e-08
 Reference value :  3.11175e-08
 Reference value :  3.11375e-08
 Reference value :  3.11575e-08
 Reference value :  3.11775e-08
 Reference value :  3.11975e-08
 Reference value :  3.12175e-08
 Reference value :  3.12375e-08
 Reference value :  3.12575e-08
 Reference value :  3.12825e-08
 Reference value :  3.13025e-08
 Reference value :  3.13225e-08
 Reference value :  3.13425e-08
 Reference value :  3.13625e-08
 Reference value :  3.13825e-08
 Reference value :  3.14025e-08
 Reference value :  3.14225e-08
 Reference value :  3.14425e-08
 Reference value :  3.14625e-08
 Reference value :  3.14775e-08
 Reference value :  3.14975e-08
 Reference value :  3.15225e-08
 Reference value :  3.15425e-08
 Reference value :  3.15625e-08
 Reference value :  3.15825e-08
 Reference value :  3.16025e-08
 Reference value :  3.16225e-08
 Reference value :  3.16425e-08
 Reference value :  3.16625e-08
 Reference value :  3.16825e-08
 Reference value :  3.17025e-08
 Reference value :  3.17175e-08
 Reference value :  3.17375e-08
 Reference value :  3.17575e-08
 Reference value :  3.17775e-08
 Reference value :  3.17975e-08
 Reference value :  3.18175e-08
 Reference value :  3.18375e-08
 Reference value :  3.18575e-08
 Reference value :  3.18775e-08
 Reference value :  3.18975e-08
 Reference value :  3.19175e-08
 Reference value :  3.19375e-08
 Reference value :  3.19575e-08
 Reference value :  3.19775e-08
 Reference value :  3.19975e-08
 Reference value :  3.20175e-08
 Reference value :  3.20375e-08
 Reference value :  3.20575e-08
 Reference value :  3.20775e-08
 Reference value :  3.20975e-08
 Reference value :  3.21175e-08
 Reference value :  3.21375e-08
 Reference value :  3.21575e-08
 Reference value :  3.21775e-08
 Reference value :  3.22025e-08
 Reference value :  3.22225e-08
 Reference value :  3.22425e-08
 Reference value :  3.22625e-08
 Reference value :  3.22825e-08
 Reference value :  3.23025e-08
 Reference value :  3.23225e-08
 Reference value :  3.23425e-08
 Reference value :  3.23625e-08
 Reference value :  3.23825e-08
 Reference value :  3.24025e-08
 Reference value :  3.24225e-08
 Reference value :  3.24425e-08
 Reference value :  3.24625e-08
 Reference value :  3.24825e-08
 Reference value :  3.25025e-08
 Reference value :  3.25225e-08
 Reference value :  3.25375e-08
 Reference value :  3.25575e-08
 Reference value :  3.25775e-08
 Reference value :  3.25975e-08
 Reference value :  3.26225e-08
 Reference value :  3.26425e-08
 Reference value :  3.26625e-08
 Reference value :  3.26825e-08
 Reference value :  3.27025e-08
 Reference value :  3.27275e-08
 Reference value :  3.27475e-08
 Reference value :  3.27675e-08
 Reference value :  3.27875e-08
 Reference value :  3.28075e-08
 Reference value :  3.28325e-08
 Reference value :  3.28525e-08
 Reference value :  3.28725e-08
 Reference value :  3.28925e-08
 Reference value :  3.29125e-08
 Reference value :  3.29325e-08
 Reference value :  3.29525e-08
 Reference value :  3.29725e-08
 Reference value :  3.29925e-08
 Reference value :  3.30125e-08
 Reference value :  3.30325e-08
 Reference value :  3.30525e-08
 Reference value :  3.30725e-08
 Reference value :  3.30925e-08
 Reference value :  3.31125e-08
 Reference value :  3.31325e-08
 Reference value :  3.31525e-08
 Reference value :  3.31725e-08
 Reference value :  3.31925e-08
 Reference value :  3.32125e-08
 Reference value :  3.32275e-08
 Reference value :  3.32475e-08
 Reference value :  3.32675e-08
 Reference value :  3.32875e-08
 Reference value :  3.33075e-08
 Reference value :  3.33275e-08
 Reference value :  3.33475e-08
 Reference value :  3.33675e-08
 Reference value :  3.33875e-08
 Reference value :  3.34075e-08
 Reference value :  3.34275e-08
 Reference value :  3.34475e-08
 Reference value :  3.34675e-08
 Reference value :  3.34875e-08
 Reference value :  3.35075e-08
 Reference value :  3.35225e-08
 Reference value :  3.35425e-08
 Reference value :  3.35625e-08
 Reference value :  3.35825e-08
 Reference value :  3.36025e-08
 Reference value :  3.36225e-08
 Reference value :  3.36425e-08
 Reference value :  3.36625e-08
 Reference value :  3.36825e-08
 Reference value :  3.37025e-08
 Reference value :  3.37225e-08
 Reference value :  3.37425e-08
 Reference value :  3.37625e-08
 Reference value :  3.37825e-08
 Reference value :  3.38025e-08
 Reference value :  3.38225e-08
 Reference value :  3.38425e-08
 Reference value :  3.38625e-08
 Reference value :  3.38825e-08
 Reference value :  3.39025e-08
 Reference value :  3.39225e-08
 Reference value :  3.39425e-08
 Reference value :  3.39625e-08
 Reference value :  3.39825e-08
 Reference value :  3.40075e-08
 Reference value :  3.40275e-08
 Reference value :  3.40475e-08
 Reference value :  3.40725e-08
 Reference value :  3.40975e-08
 Reference value :  3.41175e-08
 Reference value :  3.41375e-08
 Reference value :  3.41575e-08
 Reference value :  3.41775e-08
 Reference value :  3.41975e-08
 Reference value :  3.42175e-08
 Reference value :  3.42375e-08
 Reference value :  3.42575e-08
 Reference value :  3.42775e-08
 Reference value :  3.42975e-08
 Reference value :  3.43175e-08
 Reference value :  3.43375e-08
 Reference value :  3.43625e-08
 Reference value :  3.43825e-08
 Reference value :  3.44025e-08
 Reference value :  3.44225e-08
 Reference value :  3.44425e-08
 Reference value :  3.44575e-08
 Reference value :  3.44775e-08
 Reference value :  3.45025e-08
 Reference value :  3.45225e-08
 Reference value :  3.45425e-08
 Reference value :  3.45625e-08
 Reference value :  3.45775e-08
 Reference value :  3.45975e-08
 Reference value :  3.46175e-08
 Reference value :  3.46375e-08
 Reference value :  3.46625e-08
 Reference value :  3.46825e-08
 Reference value :  3.47075e-08
 Reference value :  3.47275e-08
 Reference value :  3.47475e-08
 Reference value :  3.47675e-08
 Reference value :  3.47875e-08
 Reference value :  3.48125e-08
 Reference value :  3.48325e-08
 Reference value :  3.48525e-08
 Reference value :  3.48675e-08
 Reference value :  3.48875e-08
 Reference value :  3.49075e-08
 Reference value :  3.49325e-08
 Reference value :  3.49575e-08
 Reference value :  3.49775e-08
 Reference value :  3.50025e-08
 Reference value :  3.50225e-08
 Reference value :  3.50425e-08
 Reference value :  3.50625e-08
 Reference value :  3.50875e-08
 Reference value :  3.51125e-08
 Reference value :  3.51425e-08
 Reference value :  3.51675e-08
 Reference value :  3.51875e-08
 Reference value :  3.52075e-08
 Reference value :  3.52275e-08
 Reference value :  3.52475e-08
 Reference value :  3.52775e-08
 Reference value :  3.52975e-08
 Reference value :  3.53175e-08
 Reference value :  3.53425e-08
 Reference value :  3.53625e-08
 Reference value :  3.53825e-08
 Reference value :  3.54025e-08
 Reference value :  3.54225e-08
 Reference value :  3.54425e-08
 Reference value :  3.54625e-08
 Reference value :  3.54875e-08
 Reference value :  3.55075e-08
 Reference value :  3.55225e-08
 Reference value :  3.55425e-08
 Reference value :  3.55625e-08
 Reference value :  3.55875e-08
 Reference value :  3.56125e-08
 Reference value :  3.56325e-08
 Reference value :  3.56525e-08
 Reference value :  3.56775e-08
 Reference value :  3.57025e-08
 Reference value :  3.57275e-08
 Reference value :  3.57525e-08
 Reference value :  3.57725e-08
 Reference value :  3.57925e-08
 Reference value :  3.58125e-08
 Reference value :  3.58325e-08
 Reference value :  3.58575e-08
 Reference value :  3.58775e-08
 Reference value :  3.58975e-08
 Reference value :  3.59175e-08
 Reference value :  3.59425e-08
 Reference value :  3.59675e-08
 Reference value :  3.59875e-08
 Reference value :  3.60075e-08
 Reference value :  3.60325e-08
 Reference value :  3.60525e-08
 Reference value :  3.60775e-08
 Reference value :  3.61075e-08
 Reference value :  3.61325e-08
 Reference value :  3.61525e-08
 Reference value :  3.61725e-08
 Reference value :  3.61925e-08
 Reference value :  3.62125e-08
 Reference value :  3.62325e-08
 Reference value :  3.62525e-08
 Reference value :  3.62775e-08
 Reference value :  3.63025e-08
 Reference value :  3.63225e-08
 Reference value :  3.63425e-08
 Reference value :  3.63625e-08
 Reference value :  3.63825e-08
 Reference value :  3.64025e-08
 Reference value :  3.64225e-08
 Reference value :  3.64425e-08
 Reference value :  3.64625e-08
 Reference value :  3.64775e-08
 Reference value :  3.64975e-08
 Reference value :  3.65175e-08
 Reference value :  3.65375e-08
 Reference value :  3.65675e-08
 Reference value :  3.65925e-08
 Reference value :  3.66125e-08
 Reference value :  3.66325e-08
 Reference value :  3.66525e-08
 Reference value :  3.66725e-08
 Reference value :  3.66975e-08
 Reference value :  3.67175e-08
 Reference value :  3.67425e-08
 Reference value :  3.67725e-08
 Reference value :  3.67975e-08
 Reference value :  3.68175e-08
 Reference value :  3.68375e-08
 Reference value :  3.68575e-08
 Reference value :  3.68775e-08
 Reference value :  3.68975e-08
 Reference value :  3.69175e-08
 Reference value :  3.69375e-08
 Reference value :  3.69575e-08
 Reference value :  3.69825e-08
 Reference value :  3.70025e-08
 Reference value :  3.70275e-08
 Reference value :  3.70525e-08
 Reference value :  3.70725e-08
 Reference value :  3.70925e-08
 Reference value :  3.71175e-08
 Reference value :  3.71375e-08
 Reference value :  3.71575e-08
 Reference value :  3.71825e-08
 Reference value :  3.72025e-08
 Reference value :  3.72225e-08
 Reference value :  3.72375e-08
 Reference value :  3.72625e-08
 Reference value :  3.72825e-08
 Reference value :  3.73025e-08
 Reference value :  3.73225e-08
 Reference value :  3.73375e-08
 Reference value :  3.73625e-08
 Reference value :  3.73825e-08
 Reference value :  3.74075e-08
 Reference value :  3.74325e-08
 Reference value :  3.74525e-08
 Reference value :  3.74775e-08
 Reference value :  3.74975e-08
 Reference value :  3.75175e-08
 Reference value :  3.75325e-08
 Reference value :  3.75575e-08
 Reference value :  3.75775e-08
 Reference value :  3.75975e-08
 Reference value :  3.76175e-08
 Reference value :  3.76525e-08
 Reference value :  3.76725e-08
 Reference value :  3.76975e-08
 Reference value :  3.77225e-08
 Reference value :  3.77475e-08
 Reference value :  3.77725e-08
 Reference value :  3.77925e-08
 Reference value :  3.78125e-08
 Reference value :  3.78275e-08
 Reference value :  3.78475e-08
 Reference value :  3.78675e-08
 Reference value :  3.78925e-08
 Reference value :  3.79175e-08
 Reference value :  3.79425e-08
 Reference value :  3.79675e-08
 Reference value :  3.79925e-08
 Reference value :  3.80175e-08
 Reference value :  3.80375e-08
 Reference value :  3.80575e-08
 Reference value :  3.80775e-08
 Reference value :  3.81025e-08
 Reference value :  3.81225e-08
 Reference value :  3.81425e-08
 Reference value :  3.81625e-08
 Reference value :  3.81775e-08
 Reference value :  3.81975e-08
 Reference value :  3.82175e-08
 Reference value :  3.82325e-08
 Reference value :  3.82525e-08
 Reference value :  3.82775e-08
 Reference value :  3.83025e-08
 Reference value :  3.83225e-08
 Reference value :  3.83375e-08
 Reference value :  3.83525e-08
 Reference value :  3.83675e-08
 Reference value :  3.83825e-08
 Reference value :  3.83975e-08
 Reference value :  3.84175e-08
 Reference value :  3.84375e-08
 Reference value :  3.84525e-08
 Reference value :  3.84675e-08
 Reference value :  3.84875e-08
 Reference value :  3.85125e-08
 Reference value :  3.85325e-08
 Reference value :  3.85525e-08
 Reference value :  3.85725e-08
 Reference value :  3.85875e-08
 Reference value :  3.86075e-08
 Reference value :  3.86275e-08
 Reference value :  3.86475e-08
 Reference value :  3.86675e-08
 Reference value :  3.86825e-08
 Reference value :  3.87075e-08
 Reference value :  3.87275e-08
 Reference value :  3.87525e-08
 Reference value :  3.87775e-08
 Reference value :  3.88025e-08
 Reference value :  3.88225e-08
 Reference value :  3.88425e-08
 Reference value :  3.88625e-08
 Reference value :  3.88825e-08
 Reference value :  3.89025e-08
 Reference value :  3.89225e-08
 Reference value :  3.89425e-08
 Reference value :  3.89625e-08
 Reference value :  3.89825e-08
 Reference value :  3.90025e-08
 Reference value :  3.90225e-08
 Reference value :  3.90475e-08
 Reference value :  3.90675e-08
 Reference value :  3.90925e-08
 Reference value :  3.91175e-08
 Reference value :  3.91375e-08
 Reference value :  3.91575e-08
 Reference value :  3.91775e-08
 Reference value :  3.91975e-08
 Reference value :  3.92175e-08
 Reference value :  3.92375e-08
 Reference value :  3.92575e-08
 Reference value :  3.92775e-08
 Reference value :  3.93025e-08
 Reference value :  3.93225e-08
 Reference value :  3.93475e-08
 Reference value :  3.93675e-08
 Reference value :  3.93875e-08
 Reference value :  3.94125e-08
 Reference value :  3.94375e-08
 Reference value :  3.94525e-08
 Reference value :  3.94725e-08
 Reference value :  3.94925e-08
 Reference value :  3.95125e-08
 Reference value :  3.95375e-08
 Reference value :  3.95625e-08
 Reference value :  3.95925e-08
 Reference value :  3.96125e-08
 Reference value :  3.96325e-08
 Reference value :  3.96575e-08
 Reference value :  3.96875e-08
 Reference value :  3.97125e-08
 Reference value :  3.97275e-08
 Reference value :  3.97525e-08
 Reference value :  3.97675e-08
 Reference value :  3.97875e-08
 Reference value :  3.98125e-08
 Reference value :  3.98325e-08
 Reference value :  3.98475e-08
 Reference value :  3.98675e-08
 Reference value :  3.98875e-08
 Reference value :  3.99075e-08
 Reference value :  3.99275e-08
 Reference value :  3.99525e-08
 Reference value :  3.99725e-08
 Reference value :  3.99875e-08
 Reference value :  4.00075e-08
 Reference value :  4.00275e-08
 Reference value :  4.00425e-08
 Reference value :  4.00625e-08
 Reference value :  4.00825e-08
 Reference value :  4.01075e-08
 Reference value :  4.01375e-08
 Reference value :  4.01675e-08
 Reference value :  4.01875e-08
 Reference value :  4.02075e-08
 Reference value :  4.02275e-08
 Reference value :  4.02575e-08
 Reference value :  4.02825e-08
 Reference value :  4.03075e-08
 Reference value :  4.03325e-08
 Reference value :  4.03575e-08
 Reference value :  4.03875e-08
 Reference value :  4.04125e-08
 Reference value :  4.04325e-08
 Reference value :  4.04525e-08
 Reference value :  4.04775e-08
 Reference value :  4.05025e-08
 Reference value :  4.05275e-08
 Reference value :  4.05475e-08
 Reference value :  4.05725e-08
 Reference value :  4.05925e-08
 Reference value :  4.06125e-08
 Reference value :  4.06325e-08
 Reference value :  4.06525e-08
 Reference value :  4.06775e-08
 Reference value :  4.06975e-08
 Reference value :  4.07175e-08
 Reference value :  4.07375e-08
 Reference value :  4.07575e-08
 Reference value :  4.07775e-08
 Reference value :  4.07975e-08
 Reference value :  4.08175e-08
 Reference value :  4.08375e-08
 Reference value :  4.08575e-08
 Reference value :  4.08775e-08
 Reference value :  4.08975e-08
 Reference value :  4.09225e-08
 Reference value :  4.09425e-08
 Reference value :  4.09625e-08
 Reference value :  4.09825e-08
 Reference value :  4.09975e-08
 Reference value :  4.10175e-08
 Reference value :  4.10425e-08
 Reference value :  4.10675e-08
 Reference value :  4.10825e-08
 Reference value :  4.11075e-08
 Reference value :  4.11225e-08
 Reference value :  4.11425e-08
 Reference value :  4.11625e-08
 Reference value :  4.11825e-08
 Reference value :  4.12025e-08
 Reference value :  4.12275e-08
 Reference value :  4.12525e-08
 Reference value :  4.12775e-08
 Reference value :  4.12975e-08
 Reference value :  4.13225e-08
 Reference value :  4.13675e-08
 Reference value :  4.13875e-08
 Reference value :  4.14075e-08
 Reference value :  4.14275e-08
 Reference value :  4.14525e-08
 Reference value :  4.14725e-08
 Reference value :  4.14925e-08
 Reference value :  4.15125e-08
 Reference value :  4.15325e-08
 Reference value :  4.15525e-08
 Reference value :  4.15725e-08
 Reference value :  4.15925e-08
 Reference value :  4.16075e-08
 Reference value :  4.16325e-08
 Reference value :  4.16525e-08
 Reference value :  4.16725e-08
 Reference value :  4.16925e-08
 Reference value :  4.17125e-08
 Reference value :  4.17325e-08
 Reference value :  4.17575e-08
 Reference value :  4.17825e-08
 Reference value :  4.18075e-08
 Reference value :  4.18225e-08
 Reference value :  4.18425e-08
 Reference value :  4.18625e-08
 Reference value :  4.18825e-08
 Reference value :  4.19025e-08
 Reference value :  4.19225e-08
 Reference value :  4.19425e-08
 Reference value :  4.19625e-08
 Reference value :  4.19825e-08
 Reference value :  4.20025e-08
 Reference value :  4.20225e-08
 Reference value :  4.20375e-08
 Reference value :  4.20625e-08
 Reference value :  4.20825e-08
 Reference value :  4.21075e-08
 Reference value :  4.21325e-08
 Reference value :  4.21575e-08
 Reference value :  4.21825e-08
 Reference value :  4.22075e-08
 Reference value :  4.22275e-08
 Reference value :  4.22525e-08
 Reference value :  4.22675e-08
 Reference value :  4.22975e-08
 Reference value :  4.23225e-08
 Reference value :  4.23425e-08
 Reference value :  4.23675e-08
 Reference value :  4.23825e-08
 Reference value :  4.24025e-08
 Reference value :  4.24225e-08
 Reference value :  4.24425e-08
 Reference value :  4.24625e-08
 Reference value :  4.24825e-08
 Reference value :  4.24975e-08
 Reference value :  4.25175e-08
 Reference value :  4.25375e-08
 Reference value :  4.25575e-08
 Reference value :  4.25725e-08
 Reference value :  4.25975e-08
 Reference value :  4.26225e-08
 Reference value :  4.26525e-08
 Reference value :  4.26825e-08
 Reference value :  4.27075e-08
 Reference value :  4.27275e-08
 Reference value :  4.27525e-08
 Reference value :  4.27775e-08
 Reference value :  4.27975e-08
 Reference value :  4.28175e-08
 Reference value :  4.28375e-08
 Reference value :  4.28575e-08
 Reference value :  4.28775e-08
 Reference value :  4.29025e-08
 Reference value :  4.29325e-08
 Reference value :  4.29475e-08
 Reference value :  4.29675e-08
 Reference value :  4.29875e-08
 Reference value :  4.30075e-08
 Reference value :  4.30275e-08
 Reference value :  4.30425e-08
 Reference value :  4.30675e-08
 Reference value :  4.30875e-08
 Reference value :  4.31175e-08
 Reference value :  4.31425e-08
 Reference value :  4.31675e-08
 Reference value :  4.31975e-08
 Reference value :  4.32175e-08
 Reference value :  4.32375e-08
 Reference value :  4.32575e-08
 Reference value :  4.32825e-08
 Reference value :  4.32975e-08
 Reference value :  4.35125e-08
 Reference value :  4.35325e-08
 Reference value :  4.35575e-08
 Reference value :  4.35825e-08
 Reference value :  4.36025e-08
 Reference value :  4.36325e-08
 Reference value :  4.36525e-08
 Reference value :  4.36725e-08
 Reference value :  4.36975e-08
 Reference value :  4.37225e-08
 Reference value :  4.37475e-08
 Reference value :  4.37675e-08
 Reference value :  4.37925e-08
 Reference value :  4.38175e-08
 Reference value :  4.38325e-08
 Reference value :  4.38575e-08
 Reference value :  4.38825e-08
 Reference value :  4.39075e-08
 Reference value :  4.39275e-08
 Reference value :  4.43525e-08
No. of Data Rows : 9034
Note: Simulation executed from .control section 
