
Note: Compatibility modes selected: hs a


Circuit: * comparator-decision regen-time sweep -- vindiff=0.5mv corner=sf temp=-40.0c (issue #9)

option SCALE: Scale is set to 1e-06 for instance and model parameters
option SCALE: Scale is set to 1e-06 for instance and model parameters
option SCALE: Scale is set to 1e-06 for instance and model parameters
option SCALE: Scale is set to 1e-06 for instance and model parameters
Doing analysis at TEMP = -40.000000 and TNOM = 27.000000

Using KLU as Direct Linear Solver
 Reference value :  0.00000e+00
 Reference value :  8.00000e-13
 Reference value :  3.14000e-11
 Reference value :  4.64000e-11
 Reference value :  6.14000e-11
 Reference value :  8.14000e-11
 Reference value :  1.01400e-10
 Reference value :  1.21400e-10
 Reference value :  1.41400e-10
 Reference value :  1.61400e-10
 Reference value :  1.81400e-10
 Reference value :  2.01400e-10
 Reference value :  2.26400e-10
 Reference value :  2.46400e-10
 Reference value :  2.66400e-10
 Reference value :  2.86400e-10
 Reference value :  3.06400e-10
 Reference value :  3.31400e-10
 Reference value :  3.46400e-10
 Reference value :  3.66400e-10
 Reference value :  3.86400e-10
 Reference value :  4.06400e-10
 Reference value :  4.26400e-10
 Reference value :  4.46400e-10
 Reference value :  4.61400e-10
 Reference value :  4.81400e-10
 Reference value :  5.01400e-10
 Reference value :  5.21400e-10
 Reference value :  5.41400e-10
 Reference value :  5.61400e-10
 Reference value :  5.86400e-10
 Reference value :  6.11400e-10
 Reference value :  6.31400e-10
 Reference value :  6.51400e-10
 Reference value :  6.71400e-10
 Reference value :  6.96400e-10
 Reference value :  7.16400e-10
 Reference value :  7.36400e-10
 Reference value :  7.56400e-10
 Reference value :  7.76400e-10
 Reference value :  8.01400e-10
 Reference value :  8.26400e-10
 Reference value :  8.46400e-10
 Reference value :  8.66400e-10
 Reference value :  8.86400e-10
 Reference value :  9.06400e-10
 Reference value :  9.26400e-10
 Reference value :  9.46400e-10
 Reference value :  9.66400e-10
 Reference value :  9.86400e-10
 Reference value :  1.00640e-09
 Reference value :  1.03640e-09
 Reference value :  1.05640e-09
 Reference value :  1.08140e-09
 Reference value :  1.10140e-09
 Reference value :  1.12640e-09
 Reference value :  1.15140e-09
 Reference value :  1.17140e-09
 Reference value :  1.19640e-09
 Reference value :  1.21640e-09
 Reference value :  1.23640e-09
 Reference value :  1.25640e-09
 Reference value :  1.27640e-09
 Reference value :  1.29640e-09
 Reference value :  1.31640e-09
 Reference value :  1.33140e-09
 Reference value :  1.35140e-09
 Reference value :  1.37140e-09
 Reference value :  1.39140e-09
 Reference value :  1.41140e-09
 Reference value :  1.43140e-09
 Reference value :  1.45140e-09
 Reference value :  1.47140e-09
 Reference value :  1.49640e-09
 Reference value :  1.52140e-09
 Reference value :  1.54140e-09
 Reference value :  1.56140e-09
 Reference value :  1.58140e-09
 Reference value :  1.60640e-09
 Reference value :  1.62640e-09
 Reference value :  1.64640e-09
 Reference value :  1.66640e-09
 Reference value :  1.68640e-09
 Reference value :  1.70640e-09
 Reference value :  1.73140e-09
 Reference value :  1.75140e-09
 Reference value :  1.77140e-09
 Reference value :  1.79140e-09
 Reference value :  1.81640e-09
 Reference value :  1.84140e-09
 Reference value :  1.86140e-09
 Reference value :  1.88140e-09
 Reference value :  1.90140e-09
 Reference value :  1.92140e-09
 Reference value :  1.94140e-09
 Reference value :  1.96140e-09
 Reference value :  1.98140e-09
 Reference value :  2.00640e-09
 Reference value :  2.02640e-09
 Reference value :  2.04140e-09
 Reference value :  2.06140e-09
 Reference value :  2.08140e-09
 Reference value :  2.10140e-09
 Reference value :  2.12140e-09
 Reference value :  2.14140e-09
 Reference value :  2.16140e-09
 Reference value :  2.18140e-09
 Reference value :  2.20140e-09
 Reference value :  2.22140e-09
 Reference value :  2.24140e-09
 Reference value :  2.26140e-09
 Reference value :  2.28140e-09
 Reference value :  2.30640e-09
 Reference value :  2.33140e-09
 Reference value :  2.35140e-09
 Reference value :  2.37140e-09
 Reference value :  2.39140e-09
 Reference value :  2.41640e-09
 Reference value :  2.43640e-09
 Reference value :  2.45640e-09
 Reference value :  2.47640e-09
 Reference value :  2.49640e-09
 Reference value :  2.51140e-09
 Reference value :  2.53140e-09
 Reference value :  2.55140e-09
 Reference value :  2.57640e-09
 Reference value :  2.59640e-09
 Reference value :  2.62140e-09
 Reference value :  2.64140e-09
 Reference value :  2.66640e-09
 Reference value :  2.68640e-09
 Reference value :  2.70640e-09
 Reference value :  2.73140e-09
 Reference value :  2.75140e-09
 Reference value :  2.77140e-09
 Reference value :  2.79140e-09
 Reference value :  2.81640e-09
 Reference value :  2.83640e-09
 Reference value :  2.85640e-09
 Reference value :  2.87640e-09
 Reference value :  2.90140e-09
 Reference value :  2.92140e-09
 Reference value :  2.94140e-09
 Reference value :  2.96140e-09
 Reference value :  2.98140e-09
 Reference value :  3.00640e-09
 Reference value :  3.02640e-09
 Reference value :  3.04640e-09
 Reference value :  3.06640e-09
 Reference value :  3.08140e-09
 Reference value :  3.10140e-09
 Reference value :  3.12140e-09
 Reference value :  3.14140e-09
 Reference value :  3.16140e-09
 Reference value :  3.18140e-09
 Reference value :  3.20140e-09
 Reference value :  3.22640e-09
 Reference value :  3.24640e-09
 Reference value :  3.26640e-09
 Reference value :  3.28640e-09
 Reference value :  3.30640e-09
 Reference value :  3.33140e-09
 Reference value :  3.35140e-09
 Reference value :  3.37140e-09
 Reference value :  3.39140e-09
 Reference value :  3.41140e-09
 Reference value :  3.43140e-09
 Reference value :  3.45140e-09
 Reference value :  3.47640e-09
 Reference value :  3.49640e-09
 Reference value :  3.51640e-09
 Reference value :  3.53640e-09
 Reference value :  3.55640e-09
 Reference value :  3.57640e-09
 Reference value :  3.59640e-09
 Reference value :  3.61140e-09
 Reference value :  3.63140e-09
 Reference value :  3.65640e-09
 Reference value :  3.67640e-09
 Reference value :  3.70140e-09
 Reference value :  3.72640e-09
 Reference value :  3.75140e-09
 Reference value :  3.77140e-09
 Reference value :  3.79640e-09
 Reference value :  3.81640e-09
 Reference value :  3.83640e-09
 Reference value :  3.85640e-09
 Reference value :  3.87640e-09
 Reference value :  3.89640e-09
 Reference value :  3.91640e-09
 Reference value :  3.94140e-09
 Reference value :  3.96140e-09
 Reference value :  3.98140e-09
 Reference value :  4.00140e-09
 Reference value :  4.02140e-09
 Reference value :  4.04140e-09
 Reference value :  4.06140e-09
 Reference value :  4.08140e-09
 Reference value :  4.10640e-09
 Reference value :  4.12640e-09
 Reference value :  4.14640e-09
 Reference value :  4.16640e-09
 Reference value :  4.18640e-09
 Reference value :  4.20640e-09
 Reference value :  4.22640e-09
 Reference value :  4.25140e-09
 Reference value :  4.27640e-09
 Reference value :  4.29640e-09
 Reference value :  4.32140e-09
 Reference value :  4.34140e-09
 Reference value :  4.36140e-09
 Reference value :  4.38140e-09
 Reference value :  4.40140e-09
 Reference value :  4.42140e-09
 Reference value :  4.44140e-09
 Reference value :  4.46140e-09
 Reference value :  4.48140e-09
 Reference value :  4.50140e-09
 Reference value :  4.52640e-09
 Reference value :  4.54640e-09
 Reference value :  4.56640e-09
 Reference value :  4.59640e-09
 Reference value :  4.61640e-09
 Reference value :  4.63640e-09
 Reference value :  4.66140e-09
 Reference value :  4.68140e-09
 Reference value :  4.70140e-09
 Reference value :  4.72140e-09
 Reference value :  4.74140e-09
 Reference value :  4.76140e-09
 Reference value :  4.77640e-09
 Reference value :  4.79640e-09
 Reference value :  4.81640e-09
 Reference value :  4.83640e-09
 Reference value :  4.85640e-09
 Reference value :  4.88140e-09
 Reference value :  4.90640e-09
 Reference value :  4.93140e-09
 Reference value :  4.95640e-09
 Reference value :  4.97640e-09
 Reference value :  5.00000e-09
 Reference value :  5.00350e-09
 Reference value :  5.02250e-09
 Reference value :  5.04250e-09
 Reference value :  5.06250e-09
 Reference value :  5.07750e-09
 Reference value :  5.09625e-09
 Reference value :  5.10350e-09
 Reference value :  5.11750e-09
 Reference value :  5.13250e-09
 Reference value :  5.15250e-09
 Reference value :  5.17750e-09
 Reference value :  5.19750e-09
 Reference value :  5.22250e-09
 Reference value :  5.24750e-09
 Reference value :  5.27250e-09
 Reference value :  5.28750e-09
 Reference value :  5.30750e-09
 Reference value :  5.32750e-09
 Reference value :  5.34750e-09
 Reference value :  5.35750e-09
 Reference value :  5.37250e-09
 Reference value :  5.39250e-09
 Reference value :  5.41750e-09
 Reference value :  5.43250e-09
 Reference value :  5.44750e-09
 Reference value :  5.46750e-09
 Reference value :  5.48750e-09
 Reference value :  5.51250e-09
 Reference value :  5.53250e-09
 Reference value :  5.55250e-09
 Reference value :  5.57250e-09
 Reference value :  5.59250e-09
 Reference value :  5.61250e-09
 Reference value :  5.62750e-09
 Reference value :  5.64750e-09
 Reference value :  5.66750e-09
 Reference value :  5.68750e-09
 Reference value :  5.71250e-09
 Reference value :  5.73250e-09
 Reference value :  5.75250e-09
 Reference value :  5.76750e-09
 Reference value :  5.78750e-09
 Reference value :  5.80750e-09
 Reference value :  5.82750e-09
 Reference value :  5.85250e-09
 Reference value :  5.87250e-09
 Reference value :  5.89750e-09
 Reference value :  5.91750e-09
 Reference value :  5.93750e-09
 Reference value :  5.95750e-09
 Reference value :  5.97250e-09
 Reference value :  5.98750e-09
 Reference value :  6.00250e-09
 Reference value :  6.02250e-09
 Reference value :  6.04750e-09
 Reference value :  6.06750e-09
 Reference value :  6.09250e-09
 Reference value :  6.11750e-09
 Reference value :  6.14250e-09
 Reference value :  6.16250e-09
 Reference value :  6.17750e-09
 Reference value :  6.19750e-09
 Reference value :  6.22250e-09
 Reference value :  6.24250e-09
 Reference value :  6.26250e-09
 Reference value :  6.28250e-09
 Reference value :  6.30250e-09
 Reference value :  6.32250e-09
 Reference value :  6.34250e-09
 Reference value :  6.36250e-09
 Reference value :  6.38750e-09
 Reference value :  6.41250e-09
 Reference value :  6.43250e-09
 Reference value :  6.45250e-09
 Reference value :  6.47250e-09
 Reference value :  6.49750e-09
 Reference value :  6.51750e-09
 Reference value :  6.53750e-09
 Reference value :  6.55750e-09
 Reference value :  6.57750e-09
 Reference value :  6.59750e-09
 Reference value :  6.61750e-09
 Reference value :  6.63750e-09
 Reference value :  6.66250e-09
 Reference value :  6.68250e-09
 Reference value :  6.70250e-09
 Reference value :  6.72250e-09
 Reference value :  6.74250e-09
 Reference value :  6.75750e-09
 Reference value :  6.77750e-09
 Reference value :  6.79750e-09
 Reference value :  6.81750e-09
 Reference value :  6.84250e-09
 Reference value :  6.86250e-09
 Reference value :  6.88750e-09
 Reference value :  6.90250e-09
 Reference value :  6.92250e-09
 Reference value :  6.94750e-09
 Reference value :  6.96250e-09
 Reference value :  6.98250e-09
 Reference value :  7.00250e-09
 Reference value :  7.02750e-09
 Reference value :  7.04250e-09
 Reference value :  7.06250e-09
 Reference value :  7.08250e-09
 Reference value :  7.09750e-09
 Reference value :  7.11750e-09
 Reference value :  7.14250e-09
 Reference value :  7.16250e-09
 Reference value :  7.18250e-09
 Reference value :  7.20750e-09
 Reference value :  7.22750e-09
 Reference value :  7.25250e-09
 Reference value :  7.27750e-09
 Reference value :  7.29750e-09
 Reference value :  7.31250e-09
 Reference value :  7.33750e-09
 Reference value :  7.35750e-09
 Reference value :  7.37750e-09
 Reference value :  7.39750e-09
 Reference value :  7.41750e-09
 Reference value :  7.44250e-09
 Reference value :  7.47750e-09
 Reference value :  7.49750e-09
 Reference value :  7.52250e-09
 Reference value :  7.54250e-09
 Reference value :  7.55750e-09
 Reference value :  7.57750e-09
 Reference value :  7.59750e-09
 Reference value :  7.61250e-09
 Reference value :  7.63250e-09
 Reference value :  7.65250e-09
 Reference value :  7.67250e-09
 Reference value :  7.69750e-09
 Reference value :  7.72250e-09
 Reference value :  7.74250e-09
 Reference value :  7.75750e-09
 Reference value :  7.78250e-09
 Reference value :  7.80250e-09
 Reference value :  7.82750e-09
 Reference value :  7.85250e-09
 Reference value :  7.87750e-09
 Reference value :  7.90250e-09
 Reference value :  7.92250e-09
 Reference value :  7.94250e-09
 Reference value :  7.96750e-09
 Reference value :  7.98750e-09
 Reference value :  8.01250e-09
 Reference value :  8.03750e-09
 Reference value :  8.05750e-09
 Reference value :  8.07750e-09
 Reference value :  8.09750e-09
 Reference value :  8.11750e-09
 Reference value :  8.13250e-09
 Reference value :  8.15250e-09
 Reference value :  8.17250e-09
 Reference value :  8.19250e-09
 Reference value :  8.21250e-09
 Reference value :  8.23750e-09
 Reference value :  8.26250e-09
 Reference value :  8.28750e-09
 Reference value :  8.30750e-09
 Reference value :  8.32750e-09
 Reference value :  8.35250e-09
 Reference value :  8.36750e-09
 Reference value :  8.38750e-09
 Reference value :  8.40750e-09
 Reference value :  8.43250e-09
 Reference value :  8.44750e-09
 Reference value :  8.47250e-09
 Reference value :  8.49250e-09
 Reference value :  8.51250e-09
 Reference value :  8.53750e-09
 Reference value :  8.55750e-09
 Reference value :  8.58250e-09
 Reference value :  8.60750e-09
 Reference value :  8.62750e-09
 Reference value :  8.64750e-09
 Reference value :  8.67250e-09
 Reference value :  8.69250e-09
 Reference value :  8.71250e-09
 Reference value :  8.73250e-09
 Reference value :  8.75750e-09
 Reference value :  8.77750e-09
 Reference value :  8.80250e-09
 Reference value :  8.82750e-09
 Reference value :  8.85250e-09
 Reference value :  8.87250e-09
 Reference value :  8.89250e-09
 Reference value :  8.91250e-09
 Reference value :  8.93250e-09
 Reference value :  8.95250e-09
 Reference value :  8.97250e-09
 Reference value :  8.99250e-09
 Reference value :  9.01250e-09
 Reference value :  9.03750e-09
 Reference value :  9.05750e-09
 Reference value :  9.08250e-09
 Reference value :  9.10750e-09
 Reference value :  9.12750e-09
 Reference value :  9.15250e-09
 Reference value :  9.17250e-09
 Reference value :  9.19250e-09
 Reference value :  9.21750e-09
 Reference value :  9.23250e-09
 Reference value :  9.25750e-09
 Reference value :  9.27750e-09
 Reference value :  9.29750e-09
 Reference value :  9.32250e-09
 Reference value :  9.34250e-09
 Reference value :  9.36750e-09
 Reference value :  9.38750e-09
 Reference value :  9.40750e-09
 Reference value :  9.43250e-09
 Reference value :  9.45250e-09
 Reference value :  9.47750e-09
 Reference value :  9.49750e-09
 Reference value :  9.51750e-09
 Reference value :  9.53750e-09
 Reference value :  9.55750e-09
 Reference value :  9.57750e-09
 Reference value :  9.59750e-09
 Reference value :  9.62250e-09
 Reference value :  9.64750e-09
 Reference value :  9.66750e-09
 Reference value :  9.69750e-09
 Reference value :  9.71750e-09
 Reference value :  9.74250e-09
 Reference value :  9.76250e-09
 Reference value :  9.77750e-09
 Reference value :  9.79750e-09
 Reference value :  9.81250e-09
 Reference value :  9.83250e-09
 Reference value :  9.85250e-09
 Reference value :  9.86750e-09
 Reference value :  9.88750e-09
 Reference value :  9.90750e-09
 Reference value :  9.92750e-09
 Reference value :  9.94250e-09
 Reference value :  9.95750e-09
 Reference value :  9.97750e-09
 Reference value :  9.99750e-09
 Reference value :  1.00175e-08
 Reference value :  1.00375e-08
 Reference value :  1.00575e-08
 Reference value :  1.00775e-08
 Reference value :  1.01025e-08
 Reference value :  1.01275e-08
 Reference value :  1.01475e-08
 Reference value :  1.01675e-08
 Reference value :  1.01875e-08
 Reference value :  1.02075e-08
 Reference value :  1.02225e-08
 Reference value :  1.02425e-08
 Reference value :  1.02675e-08
 Reference value :  1.02875e-08
 Reference value :  1.03075e-08
 Reference value :  1.03225e-08
 Reference value :  1.03425e-08
 Reference value :  1.03675e-08
 Reference value :  1.03825e-08
 Reference value :  1.04025e-08
 Reference value :  1.04275e-08
 Reference value :  1.04525e-08
 Reference value :  1.04775e-08
 Reference value :  1.04975e-08
 Reference value :  1.05275e-08
 Reference value :  1.05475e-08
 Reference value :  1.05675e-08
 Reference value :  1.05825e-08
 Reference value :  1.06075e-08
 Reference value :  1.06225e-08
 Reference value :  1.06375e-08
 Reference value :  1.06575e-08
 Reference value :  1.06775e-08
 Reference value :  1.06975e-08
 Reference value :  1.07175e-08
 Reference value :  1.07375e-08
 Reference value :  1.07525e-08
 Reference value :  1.07725e-08
 Reference value :  1.07925e-08
 Reference value :  1.08125e-08
 Reference value :  1.08375e-08
 Reference value :  1.08575e-08
 Reference value :  1.08775e-08
 Reference value :  1.08975e-08
 Reference value :  1.09175e-08
 Reference value :  1.09425e-08
 Reference value :  1.09625e-08
 Reference value :  1.09925e-08
 Reference value :  1.10175e-08
 Reference value :  1.10325e-08
 Reference value :  1.10575e-08
 Reference value :  1.10775e-08
 Reference value :  1.10975e-08
 Reference value :  1.11175e-08
 Reference value :  1.11375e-08
 Reference value :  1.11575e-08
 Reference value :  1.11775e-08
 Reference value :  1.12025e-08
 Reference value :  1.12225e-08
 Reference value :  1.12475e-08
 Reference value :  1.12675e-08
 Reference value :  1.12875e-08
 Reference value :  1.13075e-08
 Reference value :  1.13275e-08
 Reference value :  1.13425e-08
 Reference value :  1.13575e-08
 Reference value :  1.13775e-08
 Reference value :  1.13975e-08
 Reference value :  1.14275e-08
 Reference value :  1.14425e-08
 Reference value :  1.14625e-08
 Reference value :  1.14825e-08
 Reference value :  1.15075e-08
 Reference value :  1.15325e-08
 Reference value :  1.15625e-08
 Reference value :  1.15825e-08
 Reference value :  1.16075e-08
 Reference value :  1.16275e-08
 Reference value :  1.16575e-08
 Reference value :  1.16725e-08
 Reference value :  1.16875e-08
 Reference value :  1.17025e-08
 Reference value :  1.17175e-08
 Reference value :  1.17375e-08
 Reference value :  1.17575e-08
 Reference value :  1.17775e-08
 Reference value :  1.17975e-08
 Reference value :  1.18175e-08
 Reference value :  1.18425e-08
 Reference value :  1.18625e-08
 Reference value :  1.18825e-08
 Reference value :  1.19025e-08
 Reference value :  1.19275e-08
 Reference value :  1.19475e-08
 Reference value :  1.19675e-08
 Reference value :  1.19875e-08
 Reference value :  1.20025e-08
 Reference value :  1.20225e-08
 Reference value :  1.20425e-08
 Reference value :  1.20625e-08
 Reference value :  1.20825e-08
 Reference value :  1.21025e-08
 Reference value :  1.21225e-08
 Reference value :  1.21375e-08
 Reference value :  1.21575e-08
 Reference value :  1.21775e-08
 Reference value :  1.22025e-08
 Reference value :  1.22225e-08
 Reference value :  1.22375e-08
 Reference value :  1.22525e-08
 Reference value :  1.22725e-08
 Reference value :  1.22925e-08
 Reference value :  1.23175e-08
 Reference value :  1.23325e-08
 Reference value :  1.23525e-08
 Reference value :  1.23725e-08
 Reference value :  1.23925e-08
 Reference value :  1.24125e-08
 Reference value :  1.24325e-08
 Reference value :  1.24575e-08
 Reference value :  1.24775e-08
 Reference value :  1.24975e-08
 Reference value :  1.25125e-08
 Reference value :  1.25325e-08
 Reference value :  1.25575e-08
 Reference value :  1.25825e-08
 Reference value :  1.26025e-08
 Reference value :  1.26225e-08
 Reference value :  1.26425e-08
 Reference value :  1.26625e-08
 Reference value :  1.26825e-08
 Reference value :  1.27025e-08
 Reference value :  1.27225e-08
 Reference value :  1.27425e-08
 Reference value :  1.27575e-08
 Reference value :  1.27825e-08
 Reference value :  1.28025e-08
 Reference value :  1.28225e-08
 Reference value :  1.28425e-08
 Reference value :  1.28625e-08
 Reference value :  1.28825e-08
 Reference value :  1.29025e-08
 Reference value :  1.29275e-08
 Reference value :  1.29475e-08
 Reference value :  1.29675e-08
 Reference value :  1.29875e-08
 Reference value :  1.30075e-08
 Reference value :  1.30275e-08
 Reference value :  1.30475e-08
 Reference value :  1.30625e-08
 Reference value :  1.30825e-08
 Reference value :  1.31025e-08
 Reference value :  1.31225e-08
 Reference value :  1.31425e-08
 Reference value :  1.31575e-08
 Reference value :  1.31775e-08
 Reference value :  1.31975e-08
 Reference value :  1.32125e-08
 Reference value :  1.32325e-08
 Reference value :  1.32525e-08
 Reference value :  1.32725e-08
 Reference value :  1.32925e-08
 Reference value :  1.33125e-08
 Reference value :  1.33325e-08
 Reference value :  1.33525e-08
 Reference value :  1.33725e-08
 Reference value :  1.33925e-08
 Reference value :  1.34125e-08
 Reference value :  1.34325e-08
 Reference value :  1.34575e-08
 Reference value :  1.34775e-08
 Reference value :  1.34975e-08
 Reference value :  1.35175e-08
 Reference value :  1.35375e-08
 Reference value :  1.35625e-08
 Reference value :  1.35775e-08
 Reference value :  1.35925e-08
 Reference value :  1.36125e-08
 Reference value :  1.36325e-08
 Reference value :  1.36525e-08
 Reference value :  1.36675e-08
 Reference value :  1.36925e-08
 Reference value :  1.37125e-08
 Reference value :  1.37325e-08
 Reference value :  1.37575e-08
 Reference value :  1.37775e-08
 Reference value :  1.38025e-08
 Reference value :  1.38225e-08
 Reference value :  1.38375e-08
 Reference value :  1.38575e-08
 Reference value :  1.38775e-08
 Reference value :  1.38975e-08
 Reference value :  1.39125e-08
 Reference value :  1.39325e-08
 Reference value :  1.39525e-08
 Reference value :  1.39775e-08
 Reference value :  1.40025e-08
 Reference value :  1.40275e-08
 Reference value :  1.40475e-08
 Reference value :  1.40675e-08
 Reference value :  1.40925e-08
 Reference value :  1.41125e-08
 Reference value :  1.41325e-08
 Reference value :  1.41525e-08
 Reference value :  1.41725e-08
 Reference value :  1.41875e-08
 Reference value :  1.42175e-08
 Reference value :  1.42375e-08
 Reference value :  1.42575e-08
 Reference value :  1.42825e-08
 Reference value :  1.43025e-08
 Reference value :  1.43225e-08
 Reference value :  1.43425e-08
 Reference value :  1.43625e-08
 Reference value :  1.43875e-08
 Reference value :  1.48325e-08
 Reference value :  1.48525e-08
 Reference value :  1.48725e-08
 Reference value :  1.48875e-08
 Reference value :  1.49125e-08
 Reference value :  1.49325e-08
 Reference value :  1.49525e-08
 Reference value :  1.49675e-08
 Reference value :  1.49875e-08
 Reference value :  1.50075e-08
 Reference value :  1.50275e-08
 Reference value :  1.50475e-08
 Reference value :  1.50675e-08
 Reference value :  1.50925e-08
 Reference value :  1.51125e-08
 Reference value :  1.51325e-08
 Reference value :  1.70525e-08
 Reference value :  1.70675e-08
 Reference value :  1.70825e-08
 Reference value :  1.71025e-08
 Reference value :  1.71275e-08
 Reference value :  1.71475e-08
 Reference value :  1.71675e-08
 Reference value :  1.71925e-08
 Reference value :  1.72125e-08
 Reference value :  1.72375e-08
 Reference value :  1.72575e-08
 Reference value :  1.72825e-08
 Reference value :  1.73025e-08
 Reference value :  1.73225e-08
 Reference value :  1.73425e-08
 Reference value :  1.73675e-08
 Reference value :  1.73925e-08
 Reference value :  1.74125e-08
 Reference value :  1.74375e-08
 Reference value :  1.74625e-08
 Reference value :  1.74825e-08
 Reference value :  1.75025e-08
 Reference value :  1.75275e-08
 Reference value :  1.75525e-08
 Reference value :  1.75725e-08
 Reference value :  1.75975e-08
 Reference value :  1.76175e-08
 Reference value :  1.76425e-08
 Reference value :  1.76625e-08
 Reference value :  1.76875e-08
 Reference value :  1.77075e-08
 Reference value :  1.77275e-08
 Reference value :  1.77475e-08
 Reference value :  1.77675e-08
 Reference value :  1.77875e-08
 Reference value :  1.78075e-08
 Reference value :  1.78275e-08
 Reference value :  1.78525e-08
 Reference value :  1.78775e-08
 Reference value :  1.79025e-08
 Reference value :  1.79225e-08
 Reference value :  1.79475e-08
 Reference value :  1.79675e-08
 Reference value :  1.79925e-08
 Reference value :  1.80125e-08
 Reference value :  1.80275e-08
 Reference value :  1.80475e-08
 Reference value :  1.80675e-08
 Reference value :  1.80875e-08
 Reference value :  1.81025e-08
 Reference value :  1.81225e-08
 Reference value :  1.81425e-08
 Reference value :  1.81625e-08
 Reference value :  1.81875e-08
 Reference value :  1.82075e-08
 Reference value :  1.82275e-08
 Reference value :  1.82525e-08
 Reference value :  1.82725e-08
 Reference value :  1.82925e-08
 Reference value :  1.83175e-08
 Reference value :  1.83425e-08
 Reference value :  1.83675e-08
 Reference value :  1.83825e-08
 Reference value :  1.84025e-08
 Reference value :  1.84275e-08
 Reference value :  1.84475e-08
 Reference value :  1.84725e-08
 Reference value :  1.84975e-08
 Reference value :  1.85175e-08
 Reference value :  1.85375e-08
 Reference value :  1.85625e-08
 Reference value :  1.85775e-08
 Reference value :  1.86025e-08
 Reference value :  1.86225e-08
 Reference value :  1.86375e-08
 Reference value :  1.86625e-08
 Reference value :  1.86825e-08
 Reference value :  1.87025e-08
 Reference value :  1.87225e-08
 Reference value :  1.87425e-08
 Reference value :  1.87625e-08
 Reference value :  1.87825e-08
 Reference value :  1.88025e-08
 Reference value :  1.88275e-08
 Reference value :  1.88475e-08
 Reference value :  1.88675e-08
 Reference value :  1.88875e-08
 Reference value :  1.89075e-08
 Reference value :  1.89275e-08
 Reference value :  1.89475e-08
 Reference value :  1.89725e-08
 Reference value :  1.89975e-08
 Reference value :  1.90175e-08
 Reference value :  1.90425e-08
 Reference value :  1.90625e-08
 Reference value :  1.90825e-08
 Reference value :  1.91075e-08
 Reference value :  1.91275e-08
 Reference value :  1.91475e-08
 Reference value :  1.91725e-08
 Reference value :  1.92025e-08
 Reference value :  1.92225e-08
 Reference value :  1.92425e-08
 Reference value :  1.92675e-08
 Reference value :  1.92825e-08
 Reference value :  1.92975e-08
 Reference value :  1.93175e-08
 Reference value :  1.93375e-08
 Reference value :  1.93625e-08
 Reference value :  1.93775e-08
 Reference value :  1.93975e-08
 Reference value :  1.94125e-08
 Reference value :  1.94325e-08
 Reference value :  1.94525e-08
 Reference value :  1.94775e-08
 Reference value :  1.94975e-08
 Reference value :  1.95175e-08
 Reference value :  1.95325e-08
 Reference value :  1.95525e-08
 Reference value :  1.95725e-08
 Reference value :  1.95875e-08
 Reference value :  1.96075e-08
 Reference value :  1.96275e-08
 Reference value :  1.96475e-08
 Reference value :  1.96675e-08
 Reference value :  1.96875e-08
 Reference value :  1.97025e-08
 Reference value :  1.97175e-08
 Reference value :  1.97375e-08
 Reference value :  1.97575e-08
 Reference value :  1.97775e-08
 Reference value :  1.98075e-08
 Reference value :  1.98325e-08
 Reference value :  1.98575e-08
 Reference value :  1.98775e-08
 Reference value :  1.98975e-08
 Reference value :  1.99225e-08
 Reference value :  1.99425e-08
 Reference value :  1.99675e-08
 Reference value :  1.99925e-08
 Reference value :  2.00175e-08
 Reference value :  2.00375e-08
 Reference value :  2.00575e-08
 Reference value :  2.00875e-08
 Reference value :  2.01125e-08
 Reference value :  2.01275e-08
 Reference value :  2.01475e-08
 Reference value :  2.01625e-08
 Reference value :  2.01825e-08
 Reference value :  2.01975e-08
 Reference value :  2.02225e-08
 Reference value :  2.02475e-08
 Reference value :  2.02775e-08
 Reference value :  2.02975e-08
 Reference value :  2.03175e-08
 Reference value :  2.03375e-08
 Reference value :  2.03575e-08
 Reference value :  2.03725e-08
 Reference value :  2.03975e-08
 Reference value :  2.04175e-08
 Reference value :  2.04375e-08
 Reference value :  2.04525e-08
 Reference value :  2.04725e-08
 Reference value :  2.04975e-08
 Reference value :  2.05225e-08
 Reference value :  2.05425e-08
 Reference value :  2.05625e-08
 Reference value :  2.05875e-08
 Reference value :  2.06075e-08
 Reference value :  2.06325e-08
 Reference value :  2.06625e-08
 Reference value :  2.06875e-08
 Reference value :  2.07125e-08
 Reference value :  2.07325e-08
 Reference value :  2.07475e-08
 Reference value :  2.07675e-08
 Reference value :  2.07975e-08
 Reference value :  2.08225e-08
 Reference value :  2.08425e-08
 Reference value :  2.08575e-08
 Reference value :  2.08775e-08
 Reference value :  2.09075e-08
 Reference value :  2.09275e-08
 Reference value :  2.09525e-08
 Reference value :  2.09775e-08
 Reference value :  2.10075e-08
 Reference value :  2.10275e-08
 Reference value :  2.10475e-08
 Reference value :  2.10675e-08
 Reference value :  2.10875e-08
 Reference value :  2.11075e-08
 Reference value :  2.11275e-08
 Reference value :  2.11475e-08
 Reference value :  2.11675e-08
 Reference value :  2.11975e-08
 Reference value :  2.12175e-08
 Reference value :  2.12425e-08
 Reference value :  2.12625e-08
 Reference value :  2.12775e-08
 Reference value :  2.12975e-08
 Reference value :  2.13175e-08
 Reference value :  2.13425e-08
 Reference value :  2.13675e-08
 Reference value :  2.13925e-08
 Reference value :  2.14075e-08
 Reference value :  2.14275e-08
 Reference value :  2.14625e-08
 Reference value :  2.14875e-08
 Reference value :  2.15075e-08
 Reference value :  2.15275e-08
 Reference value :  2.15475e-08
 Reference value :  2.15675e-08
 Reference value :  2.15875e-08
 Reference value :  2.16075e-08
 Reference value :  2.16325e-08
 Reference value :  2.16525e-08
 Reference value :  2.16725e-08
 Reference value :  2.16925e-08
 Reference value :  2.17125e-08
 Reference value :  2.17275e-08
 Reference value :  2.17525e-08
 Reference value :  2.17725e-08
 Reference value :  2.17925e-08
 Reference value :  2.18225e-08
 Reference value :  2.18425e-08
 Reference value :  2.18575e-08
 Reference value :  2.18825e-08
 Reference value :  2.19025e-08
 Reference value :  2.19275e-08
 Reference value :  2.19475e-08
 Reference value :  2.19725e-08
 Reference value :  2.19925e-08
 Reference value :  2.20075e-08
 Reference value :  2.20275e-08
 Reference value :  2.20475e-08
 Reference value :  2.20625e-08
 Reference value :  2.20775e-08
 Reference value :  2.20925e-08
 Reference value :  2.21125e-08
 Reference value :  2.21375e-08
 Reference value :  2.21625e-08
 Reference value :  2.21875e-08
 Reference value :  2.22125e-08
 Reference value :  2.22325e-08
 Reference value :  2.22525e-08
 Reference value :  2.22725e-08
 Reference value :  2.22925e-08
 Reference value :  2.23125e-08
 Reference value :  2.23325e-08
 Reference value :  2.23525e-08
 Reference value :  2.23775e-08
 Reference value :  2.24025e-08
 Reference value :  2.24225e-08
 Reference value :  2.24525e-08
 Reference value :  2.24775e-08
 Reference value :  2.25025e-08
 Reference value :  2.25275e-08
 Reference value :  2.25475e-08
 Reference value :  2.25675e-08
 Reference value :  2.25925e-08
 Reference value :  2.26125e-08
 Reference value :  2.26375e-08
 Reference value :  2.26575e-08
 Reference value :  2.26825e-08
 Reference value :  2.27075e-08
 Reference value :  2.27275e-08
 Reference value :  2.27425e-08
 Reference value :  2.27675e-08
 Reference value :  2.27825e-08
 Reference value :  2.28025e-08
 Reference value :  2.28225e-08
 Reference value :  2.28425e-08
 Reference value :  2.28725e-08
 Reference value :  2.28975e-08
 Reference value :  2.29225e-08
 Reference value :  2.29475e-08
 Reference value :  2.29725e-08
 Reference value :  2.29975e-08
 Reference value :  2.30225e-08
 Reference value :  2.30425e-08
 Reference value :  2.30625e-08
 Reference value :  2.30825e-08
 Reference value :  2.31075e-08
 Reference value :  2.31275e-08
 Reference value :  2.31475e-08
 Reference value :  2.31675e-08
 Reference value :  2.31925e-08
 Reference value :  2.32125e-08
 Reference value :  2.32325e-08
 Reference value :  2.32525e-08
 Reference value :  2.32725e-08
 Reference value :  2.32925e-08
 Reference value :  2.33225e-08
 Reference value :  2.33425e-08
 Reference value :  2.33625e-08
 Reference value :  2.33875e-08
 Reference value :  2.34125e-08
 Reference value :  2.34425e-08
 Reference value :  2.34625e-08
 Reference value :  2.34825e-08
 Reference value :  2.35025e-08
 Reference value :  2.35225e-08
 Reference value :  2.35425e-08
 Reference value :  2.35625e-08
 Reference value :  2.35825e-08
 Reference value :  2.36075e-08
 Reference value :  2.36275e-08
 Reference value :  2.36475e-08
 Reference value :  2.36675e-08
 Reference value :  2.36825e-08
 Reference value :  2.37025e-08
 Reference value :  2.37225e-08
 Reference value :  2.37425e-08
 Reference value :  2.37625e-08
 Reference value :  2.37875e-08
 Reference value :  2.38125e-08
 Reference value :  2.38325e-08
 Reference value :  2.38575e-08
 Reference value :  2.38775e-08
 Reference value :  2.39025e-08
 Reference value :  2.39275e-08
 Reference value :  2.39475e-08
 Reference value :  2.39725e-08
 Reference value :  2.39875e-08
 Reference value :  2.40025e-08
 Reference value :  2.40225e-08
 Reference value :  2.40475e-08
 Reference value :  2.40725e-08
 Reference value :  2.40925e-08
 Reference value :  2.41175e-08
 Reference value :  2.41425e-08
 Reference value :  2.41625e-08
 Reference value :  2.41825e-08
 Reference value :  2.42125e-08
 Reference value :  2.42375e-08
 Reference value :  2.42575e-08
 Reference value :  2.42775e-08
 Reference value :  2.42975e-08
 Reference value :  2.43225e-08
 Reference value :  2.43425e-08
 Reference value :  2.43625e-08
 Reference value :  2.43825e-08
 Reference value :  2.44075e-08
 Reference value :  2.44275e-08
 Reference value :  2.44475e-08
 Reference value :  2.44675e-08
 Reference value :  2.44825e-08
 Reference value :  2.45075e-08
 Reference value :  2.45275e-08
 Reference value :  2.45475e-08
 Reference value :  2.45725e-08
 Reference value :  2.45925e-08
 Reference value :  2.46175e-08
 Reference value :  2.46375e-08
 Reference value :  2.46625e-08
 Reference value :  2.46825e-08
 Reference value :  2.47025e-08
 Reference value :  2.47225e-08
 Reference value :  2.47425e-08
 Reference value :  2.47675e-08
 Reference value :  2.47875e-08
 Reference value :  2.48175e-08
 Reference value :  2.48375e-08
 Reference value :  2.48625e-08
 Reference value :  2.48875e-08
 Reference value :  2.49125e-08
 Reference value :  2.49325e-08
 Reference value :  2.49575e-08
 Reference value :  2.49825e-08
 Reference value :  2.50025e-08
 Reference value :  2.50275e-08
 Reference value :  2.50525e-08
 Reference value :  2.50775e-08
 Reference value :  2.50975e-08
 Reference value :  2.51175e-08
 Reference value :  2.51375e-08
 Reference value :  2.51575e-08
 Reference value :  2.51775e-08
 Reference value :  2.51975e-08
 Reference value :  2.52225e-08
 Reference value :  2.52425e-08
 Reference value :  2.52625e-08
 Reference value :  2.52825e-08
 Reference value :  2.53025e-08
 Reference value :  2.53225e-08
 Reference value :  2.53375e-08
 Reference value :  2.53575e-08
 Reference value :  2.53775e-08
 Reference value :  2.53975e-08
 Reference value :  2.54225e-08
 Reference value :  2.54425e-08
 Reference value :  2.54625e-08
 Reference value :  2.54825e-08
 Reference value :  2.55025e-08
 Reference value :  2.55275e-08
 Reference value :  2.55475e-08
 Reference value :  2.55725e-08
 Reference value :  2.55975e-08
 Reference value :  2.56175e-08
 Reference value :  2.56325e-08
 Reference value :  2.56525e-08
 Reference value :  2.56725e-08
 Reference value :  2.57075e-08
 Reference value :  2.57275e-08
 Reference value :  2.57475e-08
 Reference value :  2.57725e-08
 Reference value :  2.57975e-08
 Reference value :  2.58275e-08
 Reference value :  2.58525e-08
 Reference value :  2.58825e-08
 Reference value :  2.59025e-08
 Reference value :  2.59175e-08
 Reference value :  2.59425e-08
 Reference value :  2.59625e-08
 Reference value :  2.59825e-08
 Reference value :  2.59975e-08
 Reference value :  2.60175e-08
 Reference value :  2.60375e-08
 Reference value :  2.60575e-08
 Reference value :  2.60775e-08
 Reference value :  2.60975e-08
 Reference value :  2.61275e-08
 Reference value :  2.61475e-08
 Reference value :  2.61675e-08
 Reference value :  2.61875e-08
 Reference value :  2.62075e-08
 Reference value :  2.62325e-08
 Reference value :  2.62575e-08
 Reference value :  2.62775e-08
 Reference value :  2.63025e-08
 Reference value :  2.63225e-08
 Reference value :  2.63475e-08
 Reference value :  2.63725e-08
 Reference value :  2.63975e-08
 Reference value :  2.64225e-08
 Reference value :  2.64425e-08
 Reference value :  2.64675e-08
 Reference value :  2.64875e-08
 Reference value :  2.65075e-08
 Reference value :  2.65275e-08
 Reference value :  2.65475e-08
 Reference value :  2.65675e-08
 Reference value :  2.65925e-08
 Reference value :  2.66125e-08
 Reference value :  2.66375e-08
 Reference value :  2.66575e-08
 Reference value :  2.66825e-08
 Reference value :  2.67025e-08
 Reference value :  2.67275e-08
 Reference value :  2.67525e-08
 Reference value :  2.67775e-08
 Reference value :  2.67975e-08
 Reference value :  2.68225e-08
 Reference value :  2.68425e-08
 Reference value :  2.68625e-08
 Reference value :  2.68875e-08
 Reference value :  2.69125e-08
 Reference value :  2.69375e-08
 Reference value :  2.69625e-08
 Reference value :  2.69875e-08
 Reference value :  2.70075e-08
 Reference value :  2.70275e-08
 Reference value :  2.70475e-08
 Reference value :  2.70675e-08
 Reference value :  2.70875e-08
 Reference value :  2.71125e-08
 Reference value :  2.71325e-08
 Reference value :  2.71525e-08
 Reference value :  2.71725e-08
 Reference value :  2.71925e-08
 Reference value :  2.72125e-08
 Reference value :  2.72275e-08
 Reference value :  2.72475e-08
 Reference value :  2.72725e-08
 Reference value :  2.72925e-08
 Reference value :  2.73125e-08
 Reference value :  2.73375e-08
 Reference value :  2.73575e-08
 Reference value :  2.73775e-08
 Reference value :  2.74025e-08
 Reference value :  2.74325e-08
 Reference value :  2.74575e-08
 Reference value :  2.74775e-08
 Reference value :  2.74925e-08
 Reference value :  2.75125e-08
 Reference value :  2.75525e-08
 Reference value :  2.75725e-08
 Reference value :  2.75925e-08
 Reference value :  2.76175e-08
 Reference value :  2.76375e-08
 Reference value :  2.76575e-08
 Reference value :  2.76775e-08
 Reference value :  2.76975e-08
 Reference value :  2.77225e-08
 Reference value :  2.77425e-08
 Reference value :  2.77675e-08
 Reference value :  2.77875e-08
 Reference value :  2.78175e-08
 Reference value :  2.78425e-08
 Reference value :  2.78625e-08
 Reference value :  2.78825e-08
 Reference value :  2.79025e-08
 Reference value :  2.79275e-08
 Reference value :  2.79525e-08
 Reference value :  2.79725e-08
 Reference value :  2.79925e-08
 Reference value :  2.80125e-08
 Reference value :  2.80325e-08
 Reference value :  2.80575e-08
 Reference value :  2.80825e-08
 Reference value :  2.81025e-08
 Reference value :  2.81275e-08
 Reference value :  2.81425e-08
 Reference value :  2.81675e-08
 Reference value :  2.81875e-08
 Reference value :  2.82025e-08
 Reference value :  2.82225e-08
 Reference value :  2.82425e-08
 Reference value :  2.82625e-08
 Reference value :  2.82825e-08
 Reference value :  2.83025e-08
 Reference value :  2.93825e-08
 Reference value :  2.94075e-08
 Reference value :  2.94275e-08
 Reference value :  2.94475e-08
 Reference value :  2.94775e-08
 Reference value :  2.95025e-08
 Reference value :  2.95225e-08
 Reference value :  2.95475e-08
 Reference value :  2.95725e-08
 Reference value :  2.95975e-08
 Reference value :  2.96225e-08
 Reference value :  2.96525e-08
 Reference value :  2.96825e-08
 Reference value :  2.97075e-08
 Reference value :  2.97325e-08
 Reference value :  2.97525e-08
 Reference value :  2.97725e-08
 Reference value :  2.97925e-08
 Reference value :  2.98175e-08
 Reference value :  2.98425e-08
 Reference value :  2.98625e-08
 Reference value :  2.98825e-08
 Reference value :  2.99025e-08
 Reference value :  2.99225e-08
 Reference value :  2.99425e-08
 Reference value :  2.99625e-08
 Reference value :  2.99775e-08
 Reference value :  3.00025e-08
 Reference value :  3.00225e-08
 Reference value :  3.00425e-08
 Reference value :  3.00625e-08
 Reference value :  3.00875e-08
 Reference value :  3.01075e-08
 Reference value :  3.01275e-08
 Reference value :  3.01475e-08
 Reference value :  3.01675e-08
 Reference value :  3.01875e-08
 Reference value :  3.02125e-08
 Reference value :  3.02325e-08
 Reference value :  3.02575e-08
 Reference value :  3.02775e-08
 Reference value :  3.02975e-08
 Reference value :  3.03125e-08
 Reference value :  3.03325e-08
 Reference value :  3.03575e-08
 Reference value :  3.03775e-08
 Reference value :  3.04025e-08
 Reference value :  3.04225e-08
 Reference value :  3.04425e-08
 Reference value :  3.04675e-08
 Reference value :  3.04875e-08
 Reference value :  3.05075e-08
 Reference value :  3.05275e-08
 Reference value :  3.05475e-08
 Reference value :  3.05725e-08
 Reference value :  3.05925e-08
 Reference value :  3.06175e-08
 Reference value :  3.06325e-08
 Reference value :  3.06575e-08
 Reference value :  3.06775e-08
 Reference value :  3.06975e-08
 Reference value :  3.07175e-08
 Reference value :  3.07375e-08
 Reference value :  3.07575e-08
 Reference value :  3.07775e-08
 Reference value :  3.08025e-08
 Reference value :  3.08225e-08
 Reference value :  3.08425e-08
 Reference value :  3.08625e-08
 Reference value :  3.08875e-08
 Reference value :  3.09025e-08
 Reference value :  3.09225e-08
 Reference value :  3.09475e-08
 Reference value :  3.09725e-08
 Reference value :  3.09925e-08
 Reference value :  3.10125e-08
 Reference value :  3.10325e-08
 Reference value :  3.10525e-08
 Reference value :  3.10675e-08
 Reference value :  3.10875e-08
 Reference value :  3.11025e-08
 Reference value :  3.11225e-08
 Reference value :  3.11425e-08
 Reference value :  3.11675e-08
 Reference value :  3.11825e-08
 Reference value :  3.11975e-08
 Reference value :  3.12125e-08
 Reference value :  3.12375e-08
 Reference value :  3.12575e-08
 Reference value :  3.12775e-08
 Reference value :  3.13025e-08
 Reference value :  3.13175e-08
 Reference value :  3.13375e-08
 Reference value :  3.13575e-08
 Reference value :  3.13825e-08
 Reference value :  3.14025e-08
 Reference value :  3.14225e-08
 Reference value :  3.14475e-08
 Reference value :  3.14725e-08
 Reference value :  3.14975e-08
 Reference value :  3.15225e-08
 Reference value :  3.15475e-08
 Reference value :  3.15725e-08
 Reference value :  3.15975e-08
 Reference value :  3.16225e-08
 Reference value :  3.16375e-08
 Reference value :  3.16575e-08
 Reference value :  3.16825e-08
 Reference value :  3.16975e-08
 Reference value :  3.17175e-08
 Reference value :  3.17375e-08
 Reference value :  3.17725e-08
 Reference value :  3.17975e-08
 Reference value :  3.18175e-08
 Reference value :  3.18375e-08
 Reference value :  3.18625e-08
 Reference value :  3.18875e-08
 Reference value :  3.19075e-08
 Reference value :  3.19275e-08
 Reference value :  3.19475e-08
 Reference value :  3.19675e-08
 Reference value :  3.19875e-08
 Reference value :  3.20075e-08
 Reference value :  3.20275e-08
 Reference value :  3.20475e-08
 Reference value :  3.20725e-08
 Reference value :  3.20975e-08
 Reference value :  3.21125e-08
 Reference value :  3.21275e-08
 Reference value :  3.21475e-08
 Reference value :  3.21675e-08
 Reference value :  3.21925e-08
 Reference value :  3.22125e-08
 Reference value :  3.22325e-08
 Reference value :  3.22525e-08
 Reference value :  3.22725e-08
 Reference value :  3.22975e-08
 Reference value :  3.23175e-08
 Reference value :  3.23375e-08
 Reference value :  3.23575e-08
 Reference value :  3.23775e-08
 Reference value :  3.24025e-08
 Reference value :  3.24325e-08
 Reference value :  3.24525e-08
 Reference value :  3.24725e-08
 Reference value :  3.24925e-08
 Reference value :  3.25125e-08
 Reference value :  3.25375e-08
 Reference value :  3.25575e-08
 Reference value :  3.25775e-08
 Reference value :  3.25975e-08
 Reference value :  3.26175e-08
 Reference value :  3.26375e-08
 Reference value :  3.26625e-08
 Reference value :  3.26825e-08
 Reference value :  3.27075e-08
 Reference value :  3.27225e-08
 Reference value :  3.27375e-08
 Reference value :  3.27575e-08
 Reference value :  3.27775e-08
 Reference value :  3.27975e-08
 Reference value :  3.28275e-08
 Reference value :  3.28725e-08
 Reference value :  3.28925e-08
 Reference value :  3.29175e-08
 Reference value :  3.29375e-08
 Reference value :  3.29575e-08
 Reference value :  3.29925e-08
 Reference value :  3.30275e-08
 Reference value :  3.30425e-08
 Reference value :  3.30625e-08
 Reference value :  3.30825e-08
 Reference value :  3.31025e-08
 Reference value :  3.31225e-08
 Reference value :  3.31425e-08
 Reference value :  3.31625e-08
 Reference value :  3.31825e-08
 Reference value :  3.32025e-08
 Reference value :  3.32225e-08
 Reference value :  3.32375e-08
 Reference value :  3.32625e-08
 Reference value :  3.32825e-08
 Reference value :  3.33025e-08
 Reference value :  3.33275e-08
 Reference value :  3.33475e-08
 Reference value :  3.33675e-08
 Reference value :  3.33925e-08
 Reference value :  3.34125e-08
 Reference value :  3.34375e-08
 Reference value :  3.34625e-08
 Reference value :  3.34825e-08
 Reference value :  3.35025e-08
 Reference value :  3.35225e-08
 Reference value :  3.35475e-08
 Reference value :  3.35775e-08
 Reference value :  3.36025e-08
 Reference value :  3.36225e-08
 Reference value :  3.36425e-08
 Reference value :  3.36625e-08
 Reference value :  3.36825e-08
 Reference value :  3.37025e-08
 Reference value :  3.37225e-08
 Reference value :  3.37525e-08
 Reference value :  3.37775e-08
 Reference value :  3.38025e-08
 Reference value :  3.38225e-08
 Reference value :  3.38475e-08
 Reference value :  3.38675e-08
 Reference value :  3.38975e-08
 Reference value :  3.39125e-08
 Reference value :  3.39325e-08
 Reference value :  3.39525e-08
 Reference value :  3.39725e-08
 Reference value :  3.39975e-08
 Reference value :  3.40225e-08
 Reference value :  3.40425e-08
 Reference value :  3.40675e-08
 Reference value :  3.40875e-08
 Reference value :  3.41125e-08
 Reference value :  3.41375e-08
 Reference value :  3.41625e-08
 Reference value :  3.41825e-08
 Reference value :  3.42025e-08
 Reference value :  3.42275e-08
 Reference value :  3.42525e-08
 Reference value :  3.42725e-08
 Reference value :  3.42925e-08
 Reference value :  3.43175e-08
 Reference value :  3.43375e-08
 Reference value :  3.43725e-08
 Reference value :  3.43925e-08
 Reference value :  3.44125e-08
 Reference value :  3.44325e-08
 Reference value :  3.44525e-08
 Reference value :  3.44725e-08
 Reference value :  3.44925e-08
 Reference value :  3.45125e-08
 Reference value :  3.45325e-08
 Reference value :  3.45575e-08
 Reference value :  3.45825e-08
 Reference value :  3.46025e-08
 Reference value :  3.46175e-08
 Reference value :  3.46375e-08
 Reference value :  3.46625e-08
 Reference value :  3.46875e-08
 Reference value :  3.47025e-08
 Reference value :  3.47275e-08
 Reference value :  3.47475e-08
 Reference value :  3.47675e-08
 Reference value :  3.47925e-08
 Reference value :  3.48175e-08
 Reference value :  3.48425e-08
 Reference value :  3.48625e-08
 Reference value :  3.48875e-08
 Reference value :  3.49075e-08
 Reference value :  3.49325e-08
 Reference value :  3.49575e-08
 Reference value :  3.49775e-08
 Reference value :  3.50025e-08
 Reference value :  3.50225e-08
 Reference value :  3.50425e-08
 Reference value :  3.50625e-08
 Reference value :  3.50825e-08
 Reference value :  3.51025e-08
 Reference value :  3.51225e-08
 Reference value :  3.51475e-08
 Reference value :  3.51625e-08
 Reference value :  3.51825e-08
 Reference value :  3.52075e-08
 Reference value :  3.52325e-08
 Reference value :  3.52575e-08
 Reference value :  3.52875e-08
 Reference value :  3.53125e-08
 Reference value :  3.53375e-08
 Reference value :  3.53625e-08
 Reference value :  3.53825e-08
 Reference value :  3.54025e-08
 Reference value :  3.54275e-08
 Reference value :  3.54525e-08
 Reference value :  3.54775e-08
 Reference value :  3.54975e-08
 Reference value :  3.55175e-08
 Reference value :  3.55375e-08
 Reference value :  3.55625e-08
 Reference value :  3.55825e-08
 Reference value :  3.56025e-08
 Reference value :  3.56225e-08
 Reference value :  3.56425e-08
 Reference value :  3.56575e-08
 Reference value :  3.56825e-08
 Reference value :  3.57025e-08
 Reference value :  3.57225e-08
 Reference value :  3.57475e-08
 Reference value :  3.57675e-08
 Reference value :  3.57925e-08
 Reference value :  3.58175e-08
 Reference value :  3.58425e-08
 Reference value :  3.58725e-08
 Reference value :  3.58975e-08
 Reference value :  3.59175e-08
 Reference value :  3.59425e-08
 Reference value :  3.59675e-08
 Reference value :  3.59875e-08
 Reference value :  3.60025e-08
 Reference value :  3.60275e-08
 Reference value :  3.60575e-08
 Reference value :  3.60775e-08
 Reference value :  3.60925e-08
 Reference value :  3.61125e-08
 Reference value :  3.61325e-08
 Reference value :  3.61525e-08
 Reference value :  3.61725e-08
 Reference value :  3.61975e-08
 Reference value :  3.62275e-08
 Reference value :  3.62475e-08
 Reference value :  3.62725e-08
 Reference value :  3.62875e-08
 Reference value :  3.63075e-08
 Reference value :  3.63275e-08
 Reference value :  3.63475e-08
 Reference value :  3.63725e-08
 Reference value :  3.63975e-08
 Reference value :  3.64125e-08
 Reference value :  3.64375e-08
 Reference value :  3.64575e-08
 Reference value :  3.64775e-08
 Reference value :  3.64975e-08
 Reference value :  3.65225e-08
 Reference value :  3.65425e-08
 Reference value :  3.65675e-08
 Reference value :  3.65925e-08
 Reference value :  3.66175e-08
 Reference value :  3.66425e-08
 Reference value :  3.66625e-08
 Reference value :  3.66875e-08
 Reference value :  3.67075e-08
 Reference value :  3.67325e-08
 Reference value :  3.67575e-08
 Reference value :  3.67775e-08
 Reference value :  3.67925e-08
 Reference value :  3.68225e-08
 Reference value :  3.68475e-08
 Reference value :  3.68675e-08
 Reference value :  3.68875e-08
 Reference value :  3.69125e-08
 Reference value :  3.69325e-08
 Reference value :  3.69525e-08
 Reference value :  3.69825e-08
 Reference value :  3.70025e-08
 Reference value :  3.70275e-08
 Reference value :  3.70525e-08
 Reference value :  3.70675e-08
 Reference value :  3.70875e-08
 Reference value :  3.71025e-08
 Reference value :  3.71175e-08
 Reference value :  3.71375e-08
 Reference value :  3.71575e-08
 Reference value :  3.71775e-08
 Reference value :  3.71975e-08
 Reference value :  3.72175e-08
 Reference value :  3.72425e-08
 Reference value :  3.72625e-08
 Reference value :  3.72975e-08
 Reference value :  3.73175e-08
 Reference value :  3.73375e-08
 Reference value :  3.73575e-08
 Reference value :  3.73775e-08
 Reference value :  3.73975e-08
 Reference value :  3.74175e-08
 Reference value :  3.74425e-08
 Reference value :  3.74625e-08
 Reference value :  3.74825e-08
 Reference value :  3.75025e-08
 Reference value :  3.75225e-08
 Reference value :  3.75375e-08
 Reference value :  3.75575e-08
 Reference value :  3.75775e-08
 Reference value :  3.76025e-08
 Reference value :  3.76275e-08
 Reference value :  3.76525e-08
 Reference value :  3.76725e-08
 Reference value :  3.76975e-08
 Reference value :  3.77225e-08
 Reference value :  3.77475e-08
 Reference value :  3.77675e-08
 Reference value :  3.77875e-08
 Reference value :  3.78125e-08
 Reference value :  3.78375e-08
 Reference value :  3.78625e-08
 Reference value :  3.78825e-08
 Reference value :  3.79075e-08
 Reference value :  3.79225e-08
 Reference value :  3.79475e-08
 Reference value :  3.79675e-08
 Reference value :  3.79875e-08
 Reference value :  3.80125e-08
 Reference value :  3.80325e-08
 Reference value :  3.80625e-08
 Reference value :  3.80875e-08
 Reference value :  3.81025e-08
 Reference value :  3.81225e-08
 Reference value :  3.81475e-08
 Reference value :  3.81675e-08
 Reference value :  3.81925e-08
 Reference value :  3.82125e-08
 Reference value :  3.82325e-08
 Reference value :  3.82525e-08
 Reference value :  3.82725e-08
 Reference value :  3.82925e-08
 Reference value :  3.83125e-08
 Reference value :  3.83275e-08
 Reference value :  3.83475e-08
 Reference value :  3.83625e-08
 Reference value :  3.83875e-08
 Reference value :  3.84075e-08
 Reference value :  3.84325e-08
 Reference value :  3.84525e-08
 Reference value :  3.84725e-08
 Reference value :  3.84975e-08
 Reference value :  3.85225e-08
 Reference value :  3.85475e-08
 Reference value :  3.85625e-08
 Reference value :  3.85775e-08
 Reference value :  3.85975e-08
 Reference value :  3.86125e-08
 Reference value :  3.86325e-08
 Reference value :  3.86525e-08
 Reference value :  3.86725e-08
 Reference value :  3.86925e-08
 Reference value :  3.87175e-08
 Reference value :  3.87425e-08
 Reference value :  3.87675e-08
 Reference value :  3.87925e-08
 Reference value :  3.88175e-08
 Reference value :  3.88375e-08
 Reference value :  3.88625e-08
 Reference value :  3.88825e-08
 Reference value :  3.89075e-08
 Reference value :  3.89275e-08
 Reference value :  3.89425e-08
 Reference value :  3.89725e-08
 Reference value :  3.89925e-08
 Reference value :  3.90175e-08
 Reference value :  3.90375e-08
 Reference value :  3.90575e-08
 Reference value :  3.90825e-08
 Reference value :  3.91075e-08
 Reference value :  3.91325e-08
 Reference value :  3.91575e-08
 Reference value :  3.91775e-08
 Reference value :  3.91925e-08
 Reference value :  3.92125e-08
 Reference value :  3.92325e-08
 Reference value :  3.92525e-08
 Reference value :  3.92775e-08
 Reference value :  3.92975e-08
 Reference value :  3.93175e-08
 Reference value :  3.93375e-08
 Reference value :  3.93625e-08
 Reference value :  3.93825e-08
 Reference value :  3.94075e-08
 Reference value :  3.94275e-08
 Reference value :  3.94475e-08
 Reference value :  3.94675e-08
 Reference value :  3.94925e-08
 Reference value :  3.95175e-08
 Reference value :  3.95375e-08
 Reference value :  3.95575e-08
 Reference value :  3.95775e-08
 Reference value :  3.95975e-08
 Reference value :  3.96175e-08
 Reference value :  3.96425e-08
 Reference value :  3.96675e-08
 Reference value :  3.96875e-08
 Reference value :  3.97075e-08
 Reference value :  3.97275e-08
 Reference value :  3.97525e-08
 Reference value :  3.97775e-08
 Reference value :  3.97975e-08
 Reference value :  3.98225e-08
 Reference value :  3.98425e-08
 Reference value :  3.98625e-08
 Reference value :  3.98825e-08
 Reference value :  3.99075e-08
 Reference value :  3.99275e-08
 Reference value :  3.99475e-08
 Reference value :  3.99725e-08
 Reference value :  3.99975e-08
 Reference value :  4.00225e-08
 Reference value :  4.00475e-08
 Reference value :  4.00675e-08
 Reference value :  4.00875e-08
 Reference value :  4.01075e-08
 Reference value :  4.01375e-08
 Reference value :  4.01625e-08
 Reference value :  4.01875e-08
 Reference value :  4.02075e-08
 Reference value :  4.02425e-08
 Reference value :  4.02625e-08
 Reference value :  4.02825e-08
 Reference value :  4.03025e-08
 Reference value :  4.03225e-08
 Reference value :  4.03475e-08
 Reference value :  4.03675e-08
 Reference value :  4.03925e-08
 Reference value :  4.04175e-08
 Reference value :  4.04425e-08
 Reference value :  4.04625e-08
 Reference value :  4.04825e-08
 Reference value :  4.05025e-08
 Reference value :  4.05225e-08
 Reference value :  4.05425e-08
 Reference value :  4.05625e-08
 Reference value :  4.05925e-08
 Reference value :  4.06175e-08
 Reference value :  4.06325e-08
 Reference value :  4.06525e-08
 Reference value :  4.06725e-08
 Reference value :  4.06975e-08
 Reference value :  4.07225e-08
 Reference value :  4.07425e-08
 Reference value :  4.07675e-08
 Reference value :  4.07875e-08
 Reference value :  4.08125e-08
 Reference value :  4.08275e-08
 Reference value :  4.08425e-08
 Reference value :  4.08625e-08
 Reference value :  4.08825e-08
 Reference value :  4.09025e-08
 Reference value :  4.09225e-08
 Reference value :  4.09375e-08
 Reference value :  4.09625e-08
 Reference value :  4.09875e-08
 Reference value :  4.10125e-08
 Reference value :  4.10375e-08
 Reference value :  4.10625e-08
 Reference value :  4.10925e-08
 Reference value :  4.11175e-08
 Reference value :  4.11425e-08
 Reference value :  4.11625e-08
 Reference value :  4.11875e-08
 Reference value :  4.12075e-08
 Reference value :  4.12225e-08
 Reference value :  4.12425e-08
 Reference value :  4.12625e-08
 Reference value :  4.12825e-08
 Reference value :  4.13025e-08
 Reference value :  4.13275e-08
 Reference value :  4.13475e-08
 Reference value :  4.13675e-08
 Reference value :  4.13925e-08
 Reference value :  4.14125e-08
 Reference value :  4.14275e-08
 Reference value :  4.14525e-08
 Reference value :  4.14725e-08
 Reference value :  4.14875e-08
 Reference value :  4.15025e-08
 Reference value :  4.15275e-08
 Reference value :  4.15475e-08
 Reference value :  4.15725e-08
 Reference value :  4.16025e-08
 Reference value :  4.16225e-08
 Reference value :  4.16425e-08
 Reference value :  4.16675e-08
 Reference value :  4.16975e-08
 Reference value :  4.17125e-08
 Reference value :  4.17275e-08
 Reference value :  4.17475e-08
 Reference value :  4.17675e-08
 Reference value :  4.17875e-08
 Reference value :  4.18075e-08
 Reference value :  4.18275e-08
 Reference value :  4.18475e-08
 Reference value :  4.18775e-08
 Reference value :  4.19025e-08
 Reference value :  4.19275e-08
 Reference value :  4.19475e-08
 Reference value :  4.19675e-08
 Reference value :  4.19925e-08
 Reference value :  4.20175e-08
 Reference value :  4.20475e-08
 Reference value :  4.20675e-08
 Reference value :  4.20925e-08
 Reference value :  4.21125e-08
 Reference value :  4.21375e-08
 Reference value :  4.21625e-08
 Reference value :  4.21925e-08
 Reference value :  4.22125e-08
 Reference value :  4.22325e-08
 Reference value :  4.22575e-08
 Reference value :  4.22825e-08
 Reference value :  4.23025e-08
 Reference value :  4.23275e-08
 Reference value :  4.23475e-08
 Reference value :  4.23675e-08
 Reference value :  4.23925e-08
 Reference value :  4.24125e-08
 Reference value :  4.24425e-08
 Reference value :  4.24625e-08
 Reference value :  4.24825e-08
 Reference value :  4.25075e-08
 Reference value :  4.25275e-08
 Reference value :  4.25475e-08
 Reference value :  4.25675e-08
 Reference value :  4.25875e-08
 Reference value :  4.26025e-08
 Reference value :  4.26225e-08
 Reference value :  4.26425e-08
 Reference value :  4.26625e-08
 Reference value :  4.26825e-08
 Reference value :  4.27025e-08
 Reference value :  4.27225e-08
 Reference value :  4.27525e-08
 Reference value :  4.27775e-08
 Reference value :  4.28025e-08
 Reference value :  4.28225e-08
 Reference value :  4.28425e-08
 Reference value :  4.28675e-08
 Reference value :  4.28875e-08
 Reference value :  4.29125e-08
 Reference value :  4.29375e-08
 Reference value :  4.29625e-08
 Reference value :  4.29825e-08
 Reference value :  4.30025e-08
 Reference value :  4.30275e-08
 Reference value :  4.30575e-08
 Reference value :  4.30775e-08
 Reference value :  4.31025e-08
 Reference value :  4.31225e-08
 Reference value :  4.31425e-08
 Reference value :  4.31625e-08
 Reference value :  4.31825e-08
 Reference value :  4.32025e-08
 Reference value :  4.32225e-08
 Reference value :  4.32375e-08
 Reference value :  4.32575e-08
 Reference value :  4.32775e-08
 Reference value :  4.32975e-08
 Reference value :  4.33175e-08
 Reference value :  4.33375e-08
 Reference value :  4.33625e-08
 Reference value :  4.33825e-08
 Reference value :  4.34075e-08
 Reference value :  4.34275e-08
 Reference value :  4.34475e-08
 Reference value :  4.34675e-08
 Reference value :  4.34875e-08
 Reference value :  4.35075e-08
 Reference value :  4.35225e-08
 Reference value :  4.35375e-08
 Reference value :  4.35575e-08
 Reference value :  4.35825e-08
 Reference value :  4.36075e-08
 Reference value :  4.36225e-08
 Reference value :  4.36425e-08
 Reference value :  4.36575e-08
 Reference value :  4.36725e-08
 Reference value :  4.37025e-08
 Reference value :  4.37225e-08
 Reference value :  4.37425e-08
 Reference value :  4.37575e-08
 Reference value :  4.37775e-08
 Reference value :  4.37975e-08
 Reference value :  4.38175e-08
 Reference value :  4.38375e-08
 Reference value :  4.38575e-08
 Reference value :  4.38775e-08
 Reference value :  4.38925e-08
 Reference value :  4.39125e-08
 Reference value :  4.39375e-08
 Reference value :  4.39575e-08
 Reference value :  4.39775e-08
 Reference value :  4.40025e-08
 Reference value :  4.40225e-08
 Reference value :  4.40425e-08
 Reference value :  4.40675e-08
 Reference value :  4.41075e-08
 Reference value :  4.41325e-08
 Reference value :  4.41575e-08
 Reference value :  4.41825e-08
 Reference value :  4.42025e-08
 Reference value :  4.42175e-08
 Reference value :  4.42375e-08
 Reference value :  4.42575e-08
 Reference value :  4.42875e-08
 Reference value :  4.43075e-08
 Reference value :  4.43275e-08
 Reference value :  4.43475e-08
 Reference value :  4.43625e-08
 Reference value :  4.43825e-08
 Reference value :  4.44075e-08
 Reference value :  4.44275e-08
 Reference value :  4.44475e-08
 Reference value :  4.44725e-08
 Reference value :  4.44925e-08
 Reference value :  4.45125e-08
 Reference value :  4.45375e-08
 Reference value :  4.45575e-08
 Reference value :  4.45775e-08
 Reference value :  4.46025e-08
 Reference value :  4.46225e-08
 Reference value :  4.46425e-08
 Reference value :  4.46625e-08
 Reference value :  4.46825e-08
 Reference value :  4.46975e-08
 Reference value :  4.47175e-08
 Reference value :  4.47375e-08
 Reference value :  4.47575e-08
 Reference value :  4.47775e-08
 Reference value :  4.47975e-08
 Reference value :  4.48175e-08
 Reference value :  4.48375e-08
 Reference value :  4.48575e-08
 Reference value :  4.48725e-08
 Reference value :  4.48925e-08
 Reference value :  4.49125e-08
 Reference value :  4.49375e-08
 Reference value :  4.49575e-08
 Reference value :  4.49775e-08
 Reference value :  4.50025e-08
 Reference value :  4.50225e-08
 Reference value :  4.50475e-08
 Reference value :  4.50625e-08
 Reference value :  4.50775e-08
 Reference value :  4.50925e-08
No. of Data Rows : 9034
Note: Simulation executed from .control section 
