
Note: Compatibility modes selected: hs a


Circuit: * comparator-decision regen-time sweep -- vindiff=50mv corner=sf temp=-40.0c (issue #9)

option SCALE: Scale is set to 1e-06 for instance and model parameters
option SCALE: Scale is set to 1e-06 for instance and model parameters
option SCALE: Scale is set to 1e-06 for instance and model parameters
option SCALE: Scale is set to 1e-06 for instance and model parameters
Doing analysis at TEMP = -40.000000 and TNOM = 27.000000

Using KLU as Direct Linear Solver
 Reference value :  0.00000e+00
 Reference value :  4.00000e-13
 Reference value :  1.14000e-11
 Reference value :  3.14000e-11
 Reference value :  5.14000e-11
 Reference value :  7.14000e-11
 Reference value :  9.14000e-11
 Reference value :  1.06400e-10
 Reference value :  1.26400e-10
 Reference value :  1.46400e-10
 Reference value :  1.66400e-10
 Reference value :  1.86400e-10
 Reference value :  2.06400e-10
 Reference value :  2.26400e-10
 Reference value :  2.46400e-10
 Reference value :  2.66400e-10
 Reference value :  2.86400e-10
 Reference value :  3.11400e-10
 Reference value :  3.36400e-10
 Reference value :  3.56400e-10
 Reference value :  3.81400e-10
 Reference value :  4.06400e-10
 Reference value :  4.26400e-10
 Reference value :  4.46400e-10
 Reference value :  4.71400e-10
 Reference value :  4.91400e-10
 Reference value :  5.11400e-10
 Reference value :  5.31400e-10
 Reference value :  5.51400e-10
 Reference value :  5.71400e-10
 Reference value :  5.86400e-10
 Reference value :  6.06400e-10
 Reference value :  6.26400e-10
 Reference value :  6.46400e-10
 Reference value :  6.66400e-10
 Reference value :  6.91400e-10
 Reference value :  9.16400e-10
 Reference value :  9.36400e-10
 Reference value :  9.56400e-10
 Reference value :  9.76400e-10
 Reference value :  9.96400e-10
 Reference value :  1.01640e-09
 Reference value :  1.03140e-09
 Reference value :  1.05140e-09
 Reference value :  1.07140e-09
 Reference value :  1.09640e-09
 Reference value :  1.11140e-09
 Reference value :  1.13640e-09
 Reference value :  1.15640e-09
 Reference value :  1.18140e-09
 Reference value :  1.19640e-09
 Reference value :  1.21640e-09
 Reference value :  1.23640e-09
 Reference value :  1.25640e-09
 Reference value :  1.27640e-09
 Reference value :  1.29640e-09
 Reference value :  1.31640e-09
 Reference value :  1.33640e-09
 Reference value :  1.35640e-09
 Reference value :  1.37640e-09
 Reference value :  1.40140e-09
 Reference value :  1.42140e-09
 Reference value :  1.44140e-09
 Reference value :  1.46140e-09
 Reference value :  1.48140e-09
 Reference value :  1.50140e-09
 Reference value :  1.51640e-09
 Reference value :  1.53640e-09
 Reference value :  1.55640e-09
 Reference value :  1.57640e-09
 Reference value :  1.59640e-09
 Reference value :  1.61640e-09
 Reference value :  1.63640e-09
 Reference value :  1.65140e-09
 Reference value :  1.67140e-09
 Reference value :  1.69140e-09
 Reference value :  1.71140e-09
 Reference value :  1.73140e-09
 Reference value :  1.75640e-09
 Reference value :  1.77640e-09
 Reference value :  1.79640e-09
 Reference value :  1.81640e-09
 Reference value :  1.83640e-09
 Reference value :  1.85640e-09
 Reference value :  1.87640e-09
 Reference value :  1.89640e-09
 Reference value :  1.91640e-09
 Reference value :  1.93640e-09
 Reference value :  1.95640e-09
 Reference value :  1.97640e-09
 Reference value :  1.99640e-09
 Reference value :  2.01640e-09
 Reference value :  2.03640e-09
 Reference value :  2.05640e-09
 Reference value :  2.07640e-09
 Reference value :  2.09640e-09
 Reference value :  2.12140e-09
 Reference value :  2.14140e-09
 Reference value :  2.16140e-09
 Reference value :  2.18640e-09
 Reference value :  2.20640e-09
 Reference value :  2.22640e-09
 Reference value :  2.24640e-09
 Reference value :  2.27140e-09
 Reference value :  2.29140e-09
 Reference value :  2.31140e-09
 Reference value :  2.33140e-09
 Reference value :  2.35140e-09
 Reference value :  2.37140e-09
 Reference value :  2.39140e-09
 Reference value :  2.40640e-09
 Reference value :  2.42640e-09
 Reference value :  2.44640e-09
 Reference value :  2.46640e-09
 Reference value :  2.48640e-09
 Reference value :  2.50640e-09
 Reference value :  2.52640e-09
 Reference value :  2.54140e-09
 Reference value :  2.55640e-09
 Reference value :  2.57640e-09
 Reference value :  2.59640e-09
 Reference value :  2.61640e-09
 Reference value :  2.63640e-09
 Reference value :  2.65640e-09
 Reference value :  2.68140e-09
 Reference value :  2.70140e-09
 Reference value :  2.72140e-09
 Reference value :  2.74640e-09
 Reference value :  2.76640e-09
 Reference value :  2.78640e-09
 Reference value :  2.80640e-09
 Reference value :  2.82640e-09
 Reference value :  2.85140e-09
 Reference value :  2.87140e-09
 Reference value :  2.89140e-09
 Reference value :  2.91140e-09
 Reference value :  2.93140e-09
 Reference value :  2.95640e-09
 Reference value :  2.97640e-09
 Reference value :  3.00140e-09
 Reference value :  3.02640e-09
 Reference value :  3.04640e-09
 Reference value :  3.07140e-09
 Reference value :  3.09140e-09
 Reference value :  3.11140e-09
 Reference value :  3.13640e-09
 Reference value :  3.15640e-09
 Reference value :  3.17640e-09
 Reference value :  3.19640e-09
 Reference value :  3.21640e-09
 Reference value :  3.23640e-09
 Reference value :  3.26140e-09
 Reference value :  3.28140e-09
 Reference value :  3.30140e-09
 Reference value :  3.32140e-09
 Reference value :  3.34140e-09
 Reference value :  3.36140e-09
 Reference value :  3.38640e-09
 Reference value :  3.40640e-09
 Reference value :  3.42640e-09
 Reference value :  3.44640e-09
 Reference value :  3.46640e-09
 Reference value :  3.48640e-09
 Reference value :  3.50640e-09
 Reference value :  3.52640e-09
 Reference value :  3.54640e-09
 Reference value :  3.56640e-09
 Reference value :  3.58640e-09
 Reference value :  3.60640e-09
 Reference value :  3.63140e-09
 Reference value :  3.65140e-09
 Reference value :  3.67140e-09
 Reference value :  3.69640e-09
 Reference value :  3.71640e-09
 Reference value :  3.73640e-09
 Reference value :  3.75640e-09
 Reference value :  3.77640e-09
 Reference value :  3.79640e-09
 Reference value :  3.81640e-09
 Reference value :  3.84140e-09
 Reference value :  3.86140e-09
 Reference value :  3.88140e-09
 Reference value :  3.90140e-09
 Reference value :  3.92140e-09
 Reference value :  3.94140e-09
 Reference value :  3.96140e-09
 Reference value :  3.97640e-09
 Reference value :  3.99640e-09
 Reference value :  4.01640e-09
 Reference value :  4.03640e-09
 Reference value :  4.05640e-09
 Reference value :  4.08140e-09
 Reference value :  4.10140e-09
 Reference value :  4.12640e-09
 Reference value :  4.14640e-09
 Reference value :  4.16640e-09
 Reference value :  4.18140e-09
 Reference value :  4.20140e-09
 Reference value :  4.22140e-09
 Reference value :  4.24140e-09
 Reference value :  4.26140e-09
 Reference value :  4.28140e-09
 Reference value :  4.30140e-09
 Reference value :  4.32140e-09
 Reference value :  4.34140e-09
 Reference value :  4.36140e-09
 Reference value :  4.38140e-09
 Reference value :  4.40140e-09
 Reference value :  4.42140e-09
 Reference value :  4.44140e-09
 Reference value :  4.46140e-09
 Reference value :  4.48140e-09
 Reference value :  4.50140e-09
 Reference value :  4.52640e-09
 Reference value :  4.54640e-09
 Reference value :  4.56640e-09
 Reference value :  4.58640e-09
 Reference value :  4.60640e-09
 Reference value :  4.62640e-09
 Reference value :  4.64640e-09
 Reference value :  4.66140e-09
 Reference value :  4.68140e-09
 Reference value :  4.70140e-09
 Reference value :  4.72140e-09
 Reference value :  4.74140e-09
 Reference value :  4.76140e-09
 Reference value :  4.78140e-09
 Reference value :  4.80140e-09
 Reference value :  4.82140e-09
 Reference value :  4.84140e-09
 Reference value :  4.86140e-09
 Reference value :  4.88140e-09
 Reference value :  4.90640e-09
 Reference value :  4.92640e-09
 Reference value :  4.94140e-09
 Reference value :  4.96140e-09
 Reference value :  4.98140e-09
 Reference value :  5.00000e-09
 Reference value :  5.00350e-09
 Reference value :  5.02250e-09
 Reference value :  5.04250e-09
 Reference value :  5.06750e-09
 Reference value :  5.08750e-09
 Reference value :  5.10150e-09
 Reference value :  5.11750e-09
 Reference value :  5.13750e-09
 Reference value :  5.15750e-09
 Reference value :  5.17750e-09
 Reference value :  5.19750e-09
 Reference value :  5.22250e-09
 Reference value :  5.24250e-09
 Reference value :  5.26250e-09
 Reference value :  5.28250e-09
 Reference value :  5.30250e-09
 Reference value :  5.32250e-09
 Reference value :  5.34250e-09
 Reference value :  5.35750e-09
 Reference value :  5.37250e-09
 Reference value :  5.38750e-09
 Reference value :  5.40250e-09
 Reference value :  5.42750e-09
 Reference value :  5.44750e-09
 Reference value :  5.47250e-09
 Reference value :  5.49250e-09
 Reference value :  5.51250e-09
 Reference value :  5.53250e-09
 Reference value :  5.55250e-09
 Reference value :  5.57250e-09
 Reference value :  5.58750e-09
 Reference value :  5.60750e-09
 Reference value :  5.62750e-09
 Reference value :  5.64750e-09
 Reference value :  5.67250e-09
 Reference value :  5.69250e-09
 Reference value :  5.71250e-09
 Reference value :  5.73750e-09
 Reference value :  5.75750e-09
 Reference value :  5.77750e-09
 Reference value :  5.81250e-09
 Reference value :  5.83250e-09
 Reference value :  5.85250e-09
 Reference value :  5.87250e-09
 Reference value :  5.89250e-09
 Reference value :  5.91250e-09
 Reference value :  5.92750e-09
 Reference value :  5.94750e-09
 Reference value :  5.98250e-09
 Reference value :  6.00250e-09
 Reference value :  6.03750e-09
 Reference value :  6.05250e-09
 Reference value :  6.07250e-09
 Reference value :  6.09750e-09
 Reference value :  6.12250e-09
 Reference value :  6.14250e-09
 Reference value :  6.16750e-09
 Reference value :  6.18750e-09
 Reference value :  6.20750e-09
 Reference value :  6.22750e-09
 Reference value :  6.25250e-09
 Reference value :  6.27750e-09
 Reference value :  6.30250e-09
 Reference value :  6.32750e-09
 Reference value :  6.35250e-09
 Reference value :  6.37250e-09
 Reference value :  6.39750e-09
 Reference value :  6.41750e-09
 Reference value :  6.43750e-09
 Reference value :  6.45750e-09
 Reference value :  6.47750e-09
 Reference value :  6.49750e-09
 Reference value :  6.51750e-09
 Reference value :  6.54250e-09
 Reference value :  6.56250e-09
 Reference value :  6.58250e-09
 Reference value :  6.60750e-09
 Reference value :  6.62750e-09
 Reference value :  6.65250e-09
 Reference value :  6.67750e-09
 Reference value :  6.69750e-09
 Reference value :  6.71750e-09
 Reference value :  6.73250e-09
 Reference value :  6.75750e-09
 Reference value :  6.77250e-09
 Reference value :  6.79250e-09
 Reference value :  6.81250e-09
 Reference value :  6.84750e-09
 Reference value :  6.87750e-09
 Reference value :  6.90250e-09
 Reference value :  6.92750e-09
 Reference value :  6.94750e-09
 Reference value :  6.97750e-09
 Reference value :  7.00250e-09
 Reference value :  7.02250e-09
 Reference value :  7.04750e-09
 Reference value :  7.07250e-09
 Reference value :  7.09250e-09
 Reference value :  7.10750e-09
 Reference value :  7.12250e-09
 Reference value :  7.14750e-09
 Reference value :  7.18250e-09
 Reference value :  7.20250e-09
 Reference value :  7.22750e-09
 Reference value :  7.24750e-09
 Reference value :  7.26750e-09
 Reference value :  7.28750e-09
 Reference value :  7.31250e-09
 Reference value :  7.33750e-09
 Reference value :  7.35750e-09
 Reference value :  7.38750e-09
 Reference value :  7.40750e-09
 Reference value :  7.43250e-09
 Reference value :  7.45250e-09
 Reference value :  7.46750e-09
 Reference value :  7.48750e-09
 Reference value :  7.50750e-09
 Reference value :  7.53750e-09
 Reference value :  7.56250e-09
 Reference value :  7.58250e-09
 Reference value :  7.60250e-09
 Reference value :  7.62750e-09
 Reference value :  7.65750e-09
 Reference value :  7.67750e-09
 Reference value :  7.69750e-09
 Reference value :  7.72250e-09
 Reference value :  7.74750e-09
 Reference value :  7.76750e-09
 Reference value :  7.78750e-09
 Reference value :  7.80750e-09
 Reference value :  7.82750e-09
 Reference value :  7.85250e-09
 Reference value :  7.87750e-09
 Reference value :  7.90250e-09
 Reference value :  7.92250e-09
 Reference value :  7.94750e-09
 Reference value :  7.97750e-09
 Reference value :  8.00750e-09
 Reference value :  8.02750e-09
 Reference value :  8.04750e-09
 Reference value :  8.06750e-09
 Reference value :  8.09250e-09
 Reference value :  8.10750e-09
 Reference value :  8.13250e-09
 Reference value :  8.15250e-09
 Reference value :  8.17750e-09
 Reference value :  8.20250e-09
 Reference value :  8.22750e-09
 Reference value :  8.24750e-09
 Reference value :  8.27250e-09
 Reference value :  8.29750e-09
 Reference value :  8.32250e-09
 Reference value :  8.34250e-09
 Reference value :  8.36750e-09
 Reference value :  8.38750e-09
 Reference value :  8.41250e-09
 Reference value :  8.43750e-09
 Reference value :  8.45750e-09
 Reference value :  8.47750e-09
 Reference value :  8.49750e-09
 Reference value :  8.52250e-09
 Reference value :  8.54250e-09
 Reference value :  8.56750e-09
 Reference value :  8.58750e-09
 Reference value :  8.60750e-09
 Reference value :  8.62750e-09
 Reference value :  8.67250e-09
 Reference value :  8.68750e-09
 Reference value :  8.70250e-09
 Reference value :  8.72250e-09
 Reference value :  8.74750e-09
 Reference value :  8.76750e-09
 Reference value :  8.78750e-09
 Reference value :  8.81750e-09
 Reference value :  8.83750e-09
 Reference value :  8.86750e-09
 Reference value :  8.88250e-09
 Reference value :  8.90250e-09
 Reference value :  8.92250e-09
 Reference value :  8.94250e-09
 Reference value :  8.95750e-09
 Reference value :  8.98250e-09
 Reference value :  9.00250e-09
 Reference value :  9.02250e-09
 Reference value :  9.04250e-09
 Reference value :  9.05750e-09
 Reference value :  9.08250e-09
 Reference value :  9.10750e-09
 Reference value :  9.12750e-09
 Reference value :  9.15250e-09
 Reference value :  9.17250e-09
 Reference value :  9.19250e-09
 Reference value :  9.21250e-09
 Reference value :  9.24750e-09
 Reference value :  9.26250e-09
 Reference value :  9.29250e-09
 Reference value :  9.31250e-09
 Reference value :  9.33250e-09
 Reference value :  9.35750e-09
 Reference value :  9.38250e-09
 Reference value :  9.40750e-09
 Reference value :  9.42750e-09
 Reference value :  9.44750e-09
 Reference value :  9.47250e-09
 Reference value :  9.49750e-09
 Reference value :  9.51750e-09
 Reference value :  9.54250e-09
 Reference value :  9.56250e-09
 Reference value :  9.58250e-09
 Reference value :  9.59750e-09
 Reference value :  9.61750e-09
 Reference value :  9.64750e-09
 Reference value :  9.66750e-09
 Reference value :  9.68750e-09
 Reference value :  9.70750e-09
 Reference value :  9.72750e-09
 Reference value :  9.74750e-09
 Reference value :  9.77750e-09
 Reference value :  9.80250e-09
 Reference value :  9.82250e-09
 Reference value :  9.84250e-09
 Reference value :  9.86750e-09
 Reference value :  9.88750e-09
 Reference value :  9.90750e-09
 Reference value :  9.93250e-09
 Reference value :  9.95250e-09
 Reference value :  9.97250e-09
 Reference value :  9.98750e-09
 Reference value :  1.00125e-08
 Reference value :  1.00375e-08
 Reference value :  1.00575e-08
 Reference value :  1.00775e-08
 Reference value :  1.00975e-08
 Reference value :  1.01225e-08
 Reference value :  1.01475e-08
 Reference value :  1.01625e-08
 Reference value :  1.01825e-08
 Reference value :  1.02025e-08
 Reference value :  1.02225e-08
 Reference value :  1.02425e-08
 Reference value :  1.02675e-08
 Reference value :  1.02925e-08
 Reference value :  1.03125e-08
 Reference value :  1.03375e-08
 Reference value :  1.03625e-08
 Reference value :  1.03875e-08
 Reference value :  1.04075e-08
 Reference value :  1.04275e-08
 Reference value :  1.04525e-08
 Reference value :  1.04775e-08
 Reference value :  1.05025e-08
 Reference value :  1.05175e-08
 Reference value :  1.05375e-08
 Reference value :  1.05575e-08
 Reference value :  1.05875e-08
 Reference value :  1.06075e-08
 Reference value :  1.06275e-08
 Reference value :  1.06625e-08
 Reference value :  1.06875e-08
 Reference value :  1.07075e-08
 Reference value :  1.07275e-08
 Reference value :  1.07575e-08
 Reference value :  1.07775e-08
 Reference value :  1.07975e-08
 Reference value :  1.08175e-08
 Reference value :  1.08425e-08
 Reference value :  1.08625e-08
 Reference value :  1.08875e-08
 Reference value :  1.09075e-08
 Reference value :  1.09275e-08
 Reference value :  1.09475e-08
 Reference value :  1.09675e-08
 Reference value :  1.09875e-08
 Reference value :  1.10075e-08
 Reference value :  1.10275e-08
 Reference value :  1.10475e-08
 Reference value :  1.10675e-08
 Reference value :  1.10825e-08
 Reference value :  1.11025e-08
 Reference value :  1.11275e-08
 Reference value :  1.11525e-08
 Reference value :  1.11775e-08
 Reference value :  1.12025e-08
 Reference value :  1.12275e-08
 Reference value :  1.12475e-08
 Reference value :  1.12675e-08
 Reference value :  1.12875e-08
 Reference value :  1.13125e-08
 Reference value :  1.13325e-08
 Reference value :  1.13525e-08
 Reference value :  1.13725e-08
 Reference value :  1.13875e-08
 Reference value :  1.14175e-08
 Reference value :  1.14475e-08
 Reference value :  1.14675e-08
 Reference value :  1.14875e-08
 Reference value :  1.15075e-08
 Reference value :  1.15375e-08
 Reference value :  1.15575e-08
 Reference value :  1.15775e-08
 Reference value :  1.15975e-08
 Reference value :  1.16175e-08
 Reference value :  1.16425e-08
 Reference value :  1.16625e-08
 Reference value :  1.16875e-08
 Reference value :  1.17125e-08
 Reference value :  1.17325e-08
 Reference value :  1.17575e-08
 Reference value :  1.17875e-08
 Reference value :  1.18125e-08
 Reference value :  1.18375e-08
 Reference value :  1.18675e-08
 Reference value :  1.18975e-08
 Reference value :  1.19275e-08
 Reference value :  1.19675e-08
 Reference value :  1.19875e-08
 Reference value :  1.20075e-08
 Reference value :  1.20275e-08
 Reference value :  1.20525e-08
 Reference value :  1.20825e-08
 Reference value :  1.21075e-08
 Reference value :  1.21275e-08
 Reference value :  1.21475e-08
 Reference value :  1.21675e-08
 Reference value :  1.21925e-08
 Reference value :  1.22175e-08
 Reference value :  1.22425e-08
 Reference value :  1.22675e-08
 Reference value :  1.22925e-08
 Reference value :  1.23125e-08
 Reference value :  1.23375e-08
 Reference value :  1.23575e-08
 Reference value :  1.23775e-08
 Reference value :  1.24075e-08
 Reference value :  1.24375e-08
 Reference value :  1.24575e-08
 Reference value :  1.24775e-08
 Reference value :  1.24975e-08
 Reference value :  1.25225e-08
 Reference value :  1.25425e-08
 Reference value :  1.25675e-08
 Reference value :  1.25925e-08
 Reference value :  1.26075e-08
 Reference value :  1.26325e-08
 Reference value :  1.26625e-08
 Reference value :  1.26875e-08
 Reference value :  1.27125e-08
 Reference value :  1.27325e-08
 Reference value :  1.27575e-08
 Reference value :  1.27875e-08
 Reference value :  1.28125e-08
 Reference value :  1.28325e-08
 Reference value :  1.28575e-08
 Reference value :  1.28775e-08
 Reference value :  1.29075e-08
 Reference value :  1.29275e-08
 Reference value :  1.29475e-08
 Reference value :  1.29675e-08
 Reference value :  1.29875e-08
 Reference value :  1.30125e-08
 Reference value :  1.30325e-08
 Reference value :  1.30575e-08
 Reference value :  1.30725e-08
 Reference value :  1.30925e-08
 Reference value :  1.31125e-08
 Reference value :  1.31425e-08
 Reference value :  1.31675e-08
 Reference value :  1.31875e-08
 Reference value :  1.32125e-08
 Reference value :  1.32375e-08
 Reference value :  1.32575e-08
 Reference value :  1.32775e-08
 Reference value :  1.32975e-08
 Reference value :  1.33175e-08
 Reference value :  1.33425e-08
 Reference value :  1.33675e-08
 Reference value :  1.33925e-08
 Reference value :  1.34125e-08
 Reference value :  1.34375e-08
 Reference value :  1.34625e-08
 Reference value :  1.34875e-08
 Reference value :  1.35075e-08
 Reference value :  1.35275e-08
 Reference value :  1.35525e-08
 Reference value :  1.35775e-08
 Reference value :  1.36025e-08
 Reference value :  1.36225e-08
 Reference value :  1.36425e-08
 Reference value :  1.36625e-08
 Reference value :  1.36825e-08
 Reference value :  1.37025e-08
 Reference value :  1.37225e-08
 Reference value :  1.37425e-08
 Reference value :  1.37675e-08
 Reference value :  1.37925e-08
 Reference value :  1.38175e-08
 Reference value :  1.38375e-08
 Reference value :  1.38625e-08
 Reference value :  1.38825e-08
 Reference value :  1.39075e-08
 Reference value :  1.39325e-08
 Reference value :  1.39525e-08
 Reference value :  1.39725e-08
 Reference value :  1.39925e-08
 Reference value :  1.40175e-08
 Reference value :  1.40425e-08
 Reference value :  1.40625e-08
 Reference value :  1.40825e-08
 Reference value :  1.41025e-08
 Reference value :  1.41275e-08
 Reference value :  1.41475e-08
 Reference value :  1.41675e-08
 Reference value :  1.41875e-08
 Reference value :  1.42075e-08
 Reference value :  1.42275e-08
 Reference value :  1.42625e-08
 Reference value :  1.42925e-08
 Reference value :  1.43175e-08
 Reference value :  1.43375e-08
 Reference value :  1.43675e-08
 Reference value :  1.43925e-08
 Reference value :  1.44125e-08
 Reference value :  1.44375e-08
 Reference value :  1.44625e-08
 Reference value :  1.44825e-08
 Reference value :  1.45025e-08
 Reference value :  1.45225e-08
 Reference value :  1.45475e-08
 Reference value :  1.45675e-08
 Reference value :  1.45875e-08
 Reference value :  1.46125e-08
 Reference value :  1.46375e-08
 Reference value :  1.46575e-08
 Reference value :  1.46825e-08
 Reference value :  1.47025e-08
 Reference value :  1.47225e-08
 Reference value :  1.47425e-08
 Reference value :  1.47625e-08
 Reference value :  1.47875e-08
 Reference value :  1.48125e-08
 Reference value :  1.48325e-08
 Reference value :  1.48525e-08
 Reference value :  1.48775e-08
 Reference value :  1.49025e-08
 Reference value :  1.49275e-08
 Reference value :  1.49475e-08
 Reference value :  1.49725e-08
 Reference value :  1.49975e-08
 Reference value :  1.50225e-08
 Reference value :  1.50475e-08
 Reference value :  1.50675e-08
 Reference value :  1.50875e-08
 Reference value :  1.51075e-08
 Reference value :  1.51325e-08
 Reference value :  1.51575e-08
 Reference value :  1.51775e-08
 Reference value :  1.51975e-08
 Reference value :  1.52175e-08
 Reference value :  1.52425e-08
 Reference value :  1.52575e-08
 Reference value :  1.52775e-08
 Reference value :  1.52975e-08
 Reference value :  1.53175e-08
 Reference value :  1.53375e-08
 Reference value :  1.53575e-08
 Reference value :  1.53775e-08
 Reference value :  1.54025e-08
 Reference value :  1.54275e-08
 Reference value :  1.54525e-08
 Reference value :  1.54775e-08
 Reference value :  1.54975e-08
 Reference value :  1.55175e-08
 Reference value :  1.55375e-08
 Reference value :  1.55625e-08
 Reference value :  1.55875e-08
 Reference value :  1.56125e-08
 Reference value :  1.56325e-08
 Reference value :  1.56575e-08
 Reference value :  1.56775e-08
 Reference value :  1.56975e-08
 Reference value :  1.57225e-08
 Reference value :  1.57425e-08
 Reference value :  1.57675e-08
 Reference value :  1.57825e-08
 Reference value :  1.58025e-08
 Reference value :  1.58225e-08
 Reference value :  1.58525e-08
 Reference value :  1.58725e-08
 Reference value :  1.58925e-08
 Reference value :  1.59125e-08
 Reference value :  1.59325e-08
 Reference value :  1.59525e-08
 Reference value :  1.59775e-08
 Reference value :  1.60025e-08
 Reference value :  1.60275e-08
 Reference value :  1.60475e-08
 Reference value :  1.60825e-08
 Reference value :  1.61025e-08
 Reference value :  1.61225e-08
 Reference value :  1.61475e-08
 Reference value :  1.61625e-08
 Reference value :  1.61775e-08
 Reference value :  1.62025e-08
 Reference value :  1.62175e-08
 Reference value :  1.62375e-08
 Reference value :  1.62625e-08
 Reference value :  1.62925e-08
 Reference value :  1.63125e-08
 Reference value :  1.63375e-08
 Reference value :  1.63575e-08
 Reference value :  1.63875e-08
 Reference value :  1.64075e-08
 Reference value :  1.64325e-08
 Reference value :  1.64675e-08
 Reference value :  1.64925e-08
 Reference value :  1.65125e-08
 Reference value :  1.65375e-08
 Reference value :  1.65525e-08
 Reference value :  1.65725e-08
 Reference value :  1.65925e-08
 Reference value :  1.66125e-08
 Reference value :  1.66325e-08
 Reference value :  1.66575e-08
 Reference value :  1.66775e-08
 Reference value :  1.67025e-08
 Reference value :  1.67225e-08
 Reference value :  1.67475e-08
 Reference value :  1.67725e-08
 Reference value :  1.67925e-08
 Reference value :  1.68175e-08
 Reference value :  1.68425e-08
 Reference value :  1.68725e-08
 Reference value :  1.68975e-08
 Reference value :  1.69175e-08
 Reference value :  1.69375e-08
 Reference value :  1.69575e-08
 Reference value :  1.69775e-08
 Reference value :  1.70025e-08
 Reference value :  1.70275e-08
 Reference value :  1.70475e-08
 Reference value :  1.70675e-08
 Reference value :  1.70925e-08
 Reference value :  1.71075e-08
 Reference value :  1.71375e-08
 Reference value :  1.71575e-08
 Reference value :  1.71775e-08
 Reference value :  1.72075e-08
 Reference value :  1.72275e-08
 Reference value :  1.72525e-08
 Reference value :  1.72725e-08
 Reference value :  1.72925e-08
 Reference value :  1.73175e-08
 Reference value :  1.73375e-08
 Reference value :  1.73625e-08
 Reference value :  1.73775e-08
 Reference value :  1.74025e-08
 Reference value :  1.74375e-08
 Reference value :  1.74575e-08
 Reference value :  1.74825e-08
 Reference value :  1.74975e-08
 Reference value :  1.75125e-08
 Reference value :  1.75325e-08
 Reference value :  1.75475e-08
 Reference value :  1.75675e-08
 Reference value :  1.75875e-08
 Reference value :  1.76075e-08
 Reference value :  1.76275e-08
 Reference value :  1.76475e-08
 Reference value :  1.76625e-08
 Reference value :  1.76875e-08
 Reference value :  1.77175e-08
 Reference value :  1.77375e-08
 Reference value :  1.77575e-08
 Reference value :  1.77775e-08
 Reference value :  1.77975e-08
 Reference value :  1.78225e-08
 Reference value :  1.78475e-08
 Reference value :  1.78675e-08
 Reference value :  1.78875e-08
 Reference value :  1.79025e-08
 Reference value :  1.79225e-08
 Reference value :  1.79425e-08
 Reference value :  1.79625e-08
 Reference value :  1.79875e-08
 Reference value :  1.80025e-08
 Reference value :  1.80175e-08
 Reference value :  1.80325e-08
 Reference value :  1.80475e-08
 Reference value :  1.80675e-08
 Reference value :  1.80875e-08
 Reference value :  1.81075e-08
 Reference value :  1.81225e-08
 Reference value :  1.81425e-08
 Reference value :  1.81625e-08
 Reference value :  1.81825e-08
 Reference value :  1.82025e-08
 Reference value :  1.82225e-08
 Reference value :  1.82425e-08
 Reference value :  1.82625e-08
 Reference value :  1.82875e-08
 Reference value :  1.83075e-08
 Reference value :  1.83325e-08
 Reference value :  1.83575e-08
 Reference value :  1.83775e-08
 Reference value :  1.83975e-08
 Reference value :  1.84175e-08
 Reference value :  1.84375e-08
 Reference value :  1.84575e-08
 Reference value :  1.84775e-08
 Reference value :  1.84925e-08
 Reference value :  1.85125e-08
 Reference value :  1.85375e-08
 Reference value :  1.85625e-08
 Reference value :  1.85825e-08
 Reference value :  1.86075e-08
 Reference value :  1.86275e-08
 Reference value :  1.86525e-08
 Reference value :  1.86725e-08
 Reference value :  1.86925e-08
 Reference value :  1.87175e-08
 Reference value :  1.87425e-08
 Reference value :  1.87625e-08
 Reference value :  1.87825e-08
 Reference value :  1.88025e-08
 Reference value :  1.88175e-08
 Reference value :  1.88375e-08
 Reference value :  1.88575e-08
 Reference value :  1.88825e-08
 Reference value :  1.89025e-08
 Reference value :  1.89225e-08
 Reference value :  1.89425e-08
 Reference value :  1.89625e-08
 Reference value :  1.89825e-08
 Reference value :  1.90025e-08
 Reference value :  1.90225e-08
 Reference value :  1.90425e-08
 Reference value :  1.90625e-08
 Reference value :  1.90825e-08
 Reference value :  1.91025e-08
 Reference value :  1.91225e-08
 Reference value :  1.91475e-08
 Reference value :  1.91675e-08
 Reference value :  1.91875e-08
 Reference value :  1.92125e-08
 Reference value :  1.92375e-08
 Reference value :  1.92575e-08
 Reference value :  1.92775e-08
 Reference value :  1.92975e-08
 Reference value :  1.93175e-08
 Reference value :  1.93375e-08
 Reference value :  1.93575e-08
 Reference value :  1.93775e-08
 Reference value :  1.94075e-08
 Reference value :  1.94225e-08
 Reference value :  1.94375e-08
 Reference value :  1.94575e-08
 Reference value :  1.94775e-08
 Reference value :  1.95025e-08
 Reference value :  1.95275e-08
 Reference value :  1.95525e-08
 Reference value :  1.95725e-08
 Reference value :  1.95925e-08
 Reference value :  1.96125e-08
 Reference value :  1.96325e-08
 Reference value :  1.96475e-08
 Reference value :  1.96725e-08
 Reference value :  1.96925e-08
 Reference value :  1.97125e-08
 Reference value :  1.97325e-08
 Reference value :  1.97525e-08
 Reference value :  1.97775e-08
 Reference value :  1.97975e-08
 Reference value :  1.98125e-08
 Reference value :  1.98325e-08
 Reference value :  1.98575e-08
 Reference value :  1.98825e-08
 Reference value :  1.99025e-08
 Reference value :  1.99225e-08
 Reference value :  1.99425e-08
 Reference value :  1.99675e-08
 Reference value :  1.99875e-08
 Reference value :  2.00125e-08
 Reference value :  2.00375e-08
 Reference value :  2.00625e-08
 Reference value :  2.00825e-08
 Reference value :  2.01075e-08
 Reference value :  2.01275e-08
 Reference value :  2.01475e-08
 Reference value :  2.01675e-08
 Reference value :  2.01875e-08
 Reference value :  2.02075e-08
 Reference value :  2.02275e-08
 Reference value :  2.02425e-08
 Reference value :  2.02575e-08
 Reference value :  2.02775e-08
 Reference value :  2.02975e-08
 Reference value :  2.03225e-08
 Reference value :  2.03475e-08
 Reference value :  2.03725e-08
 Reference value :  2.03975e-08
 Reference value :  2.04225e-08
 Reference value :  2.04525e-08
 Reference value :  2.04725e-08
 Reference value :  2.04925e-08
 Reference value :  2.05175e-08
 Reference value :  2.05375e-08
 Reference value :  2.05725e-08
 Reference value :  2.05925e-08
 Reference value :  2.06175e-08
 Reference value :  2.06375e-08
 Reference value :  2.06625e-08
 Reference value :  2.06875e-08
 Reference value :  2.07075e-08
 Reference value :  2.07325e-08
 Reference value :  2.07575e-08
 Reference value :  2.07825e-08
 Reference value :  2.08025e-08
 Reference value :  2.08275e-08
 Reference value :  2.08475e-08
 Reference value :  2.08675e-08
 Reference value :  2.08925e-08
 Reference value :  2.09125e-08
 Reference value :  2.09325e-08
 Reference value :  2.09675e-08
 Reference value :  2.09875e-08
 Reference value :  2.10125e-08
 Reference value :  2.10375e-08
 Reference value :  2.10575e-08
 Reference value :  2.10825e-08
 Reference value :  2.11075e-08
 Reference value :  2.11325e-08
 Reference value :  2.11575e-08
 Reference value :  2.11775e-08
 Reference value :  2.11975e-08
 Reference value :  2.12175e-08
 Reference value :  2.12325e-08
 Reference value :  2.12525e-08
 Reference value :  2.12775e-08
 Reference value :  2.12975e-08
 Reference value :  2.13225e-08
 Reference value :  2.13425e-08
 Reference value :  2.13725e-08
 Reference value :  2.13975e-08
 Reference value :  2.14175e-08
 Reference value :  2.14425e-08
 Reference value :  2.14725e-08
 Reference value :  2.14925e-08
 Reference value :  2.15175e-08
 Reference value :  2.15375e-08
 Reference value :  2.15675e-08
 Reference value :  2.15925e-08
 Reference value :  2.16125e-08
 Reference value :  2.16425e-08
 Reference value :  2.16725e-08
 Reference value :  2.16975e-08
 Reference value :  2.17175e-08
 Reference value :  2.17375e-08
 Reference value :  2.17625e-08
 Reference value :  2.17825e-08
 Reference value :  2.18025e-08
 Reference value :  2.18225e-08
 Reference value :  2.18425e-08
 Reference value :  2.18625e-08
 Reference value :  2.18825e-08
 Reference value :  2.19075e-08
 Reference value :  2.19275e-08
 Reference value :  2.19525e-08
 Reference value :  2.19775e-08
 Reference value :  2.19975e-08
 Reference value :  2.20225e-08
 Reference value :  2.20425e-08
 Reference value :  2.20625e-08
 Reference value :  2.20825e-08
 Reference value :  2.21025e-08
 Reference value :  2.21225e-08
 Reference value :  2.21425e-08
 Reference value :  2.21675e-08
 Reference value :  2.21925e-08
 Reference value :  2.22125e-08
 Reference value :  2.22325e-08
 Reference value :  2.22625e-08
 Reference value :  2.22775e-08
 Reference value :  2.22925e-08
 Reference value :  2.23125e-08
 Reference value :  2.23325e-08
 Reference value :  2.23525e-08
 Reference value :  2.23725e-08
 Reference value :  2.23875e-08
 Reference value :  2.24075e-08
 Reference value :  2.24325e-08
 Reference value :  2.24575e-08
 Reference value :  2.24775e-08
 Reference value :  2.24975e-08
 Reference value :  2.25175e-08
 Reference value :  2.25375e-08
 Reference value :  2.25575e-08
 Reference value :  2.25825e-08
 Reference value :  2.26125e-08
 Reference value :  2.26375e-08
 Reference value :  2.26525e-08
 Reference value :  2.26725e-08
 Reference value :  2.26925e-08
 Reference value :  2.27125e-08
 Reference value :  2.27325e-08
 Reference value :  2.27525e-08
 Reference value :  2.27775e-08
 Reference value :  2.27975e-08
 Reference value :  2.28175e-08
 Reference value :  2.28325e-08
 Reference value :  2.28525e-08
 Reference value :  2.28725e-08
 Reference value :  2.28925e-08
 Reference value :  2.29175e-08
 Reference value :  2.29425e-08
 Reference value :  2.29625e-08
 Reference value :  2.29875e-08
 Reference value :  2.30125e-08
 Reference value :  2.30375e-08
 Reference value :  2.30575e-08
 Reference value :  2.30825e-08
 Reference value :  2.31025e-08
 Reference value :  2.31275e-08
 Reference value :  2.31525e-08
 Reference value :  2.31725e-08
 Reference value :  2.31875e-08
 Reference value :  2.32075e-08
 Reference value :  2.32325e-08
 Reference value :  2.32575e-08
 Reference value :  2.32825e-08
 Reference value :  2.33075e-08
 Reference value :  2.33325e-08
 Reference value :  2.33525e-08
 Reference value :  2.33675e-08
 Reference value :  2.33925e-08
 Reference value :  2.34125e-08
 Reference value :  2.34375e-08
 Reference value :  2.34625e-08
 Reference value :  2.34825e-08
 Reference value :  2.35125e-08
 Reference value :  2.35325e-08
 Reference value :  2.35525e-08
 Reference value :  2.35825e-08
 Reference value :  2.36025e-08
 Reference value :  2.36225e-08
 Reference value :  2.36425e-08
 Reference value :  2.36625e-08
 Reference value :  2.36825e-08
 Reference value :  2.37075e-08
 Reference value :  2.37275e-08
 Reference value :  2.37475e-08
 Reference value :  2.37675e-08
 Reference value :  2.37825e-08
 Reference value :  2.38025e-08
 Reference value :  2.38225e-08
 Reference value :  2.38425e-08
 Reference value :  2.38625e-08
 Reference value :  2.38825e-08
 Reference value :  2.39075e-08
 Reference value :  2.39325e-08
 Reference value :  2.39575e-08
 Reference value :  2.39825e-08
 Reference value :  2.40025e-08
 Reference value :  2.40275e-08
 Reference value :  2.40525e-08
 Reference value :  2.40825e-08
 Reference value :  2.41075e-08
 Reference value :  2.41325e-08
 Reference value :  2.41525e-08
 Reference value :  2.41775e-08
 Reference value :  2.42025e-08
 Reference value :  2.42275e-08
 Reference value :  2.42475e-08
 Reference value :  2.42725e-08
 Reference value :  2.42975e-08
 Reference value :  2.43225e-08
 Reference value :  2.43425e-08
 Reference value :  2.43625e-08
 Reference value :  2.43875e-08
 Reference value :  2.44125e-08
 Reference value :  2.44325e-08
 Reference value :  2.44625e-08
 Reference value :  2.44875e-08
 Reference value :  2.45125e-08
 Reference value :  2.45425e-08
 Reference value :  2.45725e-08
 Reference value :  2.46025e-08
 Reference value :  2.46225e-08
 Reference value :  2.46475e-08
 Reference value :  2.46675e-08
 Reference value :  2.46875e-08
 Reference value :  2.47075e-08
 Reference value :  2.47275e-08
 Reference value :  2.47475e-08
 Reference value :  2.47675e-08
 Reference value :  2.47925e-08
 Reference value :  2.48125e-08
 Reference value :  2.48375e-08
 Reference value :  2.48575e-08
 Reference value :  2.48775e-08
 Reference value :  2.49025e-08
 Reference value :  2.49275e-08
 Reference value :  2.49525e-08
 Reference value :  2.49775e-08
 Reference value :  2.50025e-08
 Reference value :  2.50275e-08
 Reference value :  2.50475e-08
 Reference value :  2.50775e-08
 Reference value :  2.50975e-08
 Reference value :  2.51175e-08
 Reference value :  2.51375e-08
 Reference value :  2.51575e-08
 Reference value :  2.51825e-08
 Reference value :  2.52025e-08
 Reference value :  2.52275e-08
 Reference value :  2.52525e-08
 Reference value :  2.52775e-08
 Reference value :  2.52975e-08
 Reference value :  2.53225e-08
 Reference value :  2.53425e-08
 Reference value :  2.53625e-08
 Reference value :  2.53875e-08
 Reference value :  2.54075e-08
 Reference value :  2.54275e-08
 Reference value :  2.54475e-08
 Reference value :  2.54725e-08
 Reference value :  2.54925e-08
 Reference value :  2.55125e-08
 Reference value :  2.55375e-08
 Reference value :  2.55575e-08
 Reference value :  2.55775e-08
 Reference value :  2.55975e-08
 Reference value :  2.56225e-08
 Reference value :  2.56425e-08
 Reference value :  2.56625e-08
 Reference value :  2.56825e-08
 Reference value :  2.57025e-08
 Reference value :  2.57275e-08
 Reference value :  2.57475e-08
 Reference value :  2.57675e-08
 Reference value :  2.57875e-08
 Reference value :  2.58075e-08
 Reference value :  2.58275e-08
 Reference value :  2.58475e-08
 Reference value :  2.58675e-08
 Reference value :  2.58825e-08
 Reference value :  2.59025e-08
 Reference value :  2.59225e-08
 Reference value :  2.59425e-08
 Reference value :  2.59625e-08
 Reference value :  2.59825e-08
 Reference value :  2.60025e-08
 Reference value :  2.60275e-08
 Reference value :  2.60475e-08
 Reference value :  2.60625e-08
 Reference value :  2.60775e-08
 Reference value :  2.60975e-08
 Reference value :  2.61125e-08
 Reference value :  2.61375e-08
 Reference value :  2.61625e-08
 Reference value :  2.61825e-08
 Reference value :  2.62025e-08
 Reference value :  2.62275e-08
 Reference value :  2.62475e-08
 Reference value :  2.62725e-08
 Reference value :  2.62975e-08
 Reference value :  2.63175e-08
 Reference value :  2.63475e-08
 Reference value :  2.63725e-08
 Reference value :  2.64025e-08
 Reference value :  2.64275e-08
 Reference value :  2.64425e-08
 Reference value :  2.64725e-08
 Reference value :  2.64975e-08
 Reference value :  2.65175e-08
 Reference value :  2.65475e-08
 Reference value :  2.65675e-08
 Reference value :  2.65925e-08
 Reference value :  2.66075e-08
 Reference value :  2.66325e-08
 Reference value :  2.66675e-08
 Reference value :  2.66925e-08
 Reference value :  2.67075e-08
 Reference value :  2.67375e-08
 Reference value :  2.67575e-08
 Reference value :  2.67825e-08
 Reference value :  2.67975e-08
 Reference value :  2.68375e-08
 Reference value :  2.68625e-08
 Reference value :  2.68875e-08
 Reference value :  2.69025e-08
 Reference value :  2.69175e-08
 Reference value :  2.69375e-08
 Reference value :  2.69575e-08
 Reference value :  2.69875e-08
 Reference value :  2.70175e-08
 Reference value :  2.70425e-08
 Reference value :  2.70625e-08
 Reference value :  2.70825e-08
 Reference value :  2.71025e-08
 Reference value :  2.71225e-08
 Reference value :  2.71475e-08
 Reference value :  2.71725e-08
 Reference value :  2.72025e-08
 Reference value :  2.72225e-08
 Reference value :  2.72425e-08
 Reference value :  2.72675e-08
 Reference value :  2.72925e-08
 Reference value :  2.73175e-08
 Reference value :  2.73375e-08
 Reference value :  2.73575e-08
 Reference value :  2.73825e-08
 Reference value :  2.74025e-08
 Reference value :  2.74175e-08
 Reference value :  2.74375e-08
 Reference value :  2.74575e-08
 Reference value :  2.74825e-08
 Reference value :  2.75075e-08
 Reference value :  2.75325e-08
 Reference value :  2.75475e-08
 Reference value :  2.75675e-08
 Reference value :  2.75875e-08
 Reference value :  2.76075e-08
 Reference value :  2.76275e-08
 Reference value :  2.76475e-08
 Reference value :  2.76675e-08
 Reference value :  2.76875e-08
 Reference value :  2.77125e-08
 Reference value :  2.77375e-08
 Reference value :  2.77675e-08
 Reference value :  2.77825e-08
 Reference value :  2.78075e-08
 Reference value :  2.78275e-08
 Reference value :  2.78475e-08
 Reference value :  2.78725e-08
 Reference value :  2.79025e-08
 Reference value :  2.79275e-08
 Reference value :  2.79525e-08
 Reference value :  2.79725e-08
 Reference value :  2.79975e-08
 Reference value :  2.80225e-08
 Reference value :  2.80425e-08
 Reference value :  2.80675e-08
 Reference value :  2.80925e-08
 Reference value :  2.81175e-08
 Reference value :  2.81425e-08
 Reference value :  2.81625e-08
 Reference value :  2.81875e-08
 Reference value :  2.82175e-08
 Reference value :  2.82325e-08
 Reference value :  2.82475e-08
 Reference value :  2.82725e-08
 Reference value :  2.82925e-08
 Reference value :  2.83175e-08
 Reference value :  2.83475e-08
 Reference value :  2.83775e-08
 Reference value :  2.84025e-08
 Reference value :  2.84175e-08
 Reference value :  2.84375e-08
 Reference value :  2.84625e-08
 Reference value :  2.84875e-08
 Reference value :  2.85075e-08
 Reference value :  2.85275e-08
 Reference value :  2.85475e-08
 Reference value :  2.85675e-08
 Reference value :  2.85875e-08
 Reference value :  2.86025e-08
 Reference value :  2.86275e-08
 Reference value :  2.86525e-08
 Reference value :  2.86775e-08
 Reference value :  2.86975e-08
 Reference value :  2.87125e-08
 Reference value :  2.87275e-08
 Reference value :  2.87425e-08
 Reference value :  2.87675e-08
 Reference value :  2.87825e-08
 Reference value :  2.88025e-08
 Reference value :  2.88225e-08
 Reference value :  2.88425e-08
 Reference value :  2.88625e-08
 Reference value :  2.88825e-08
 Reference value :  2.88975e-08
 Reference value :  2.89175e-08
 Reference value :  2.89375e-08
 Reference value :  2.89625e-08
 Reference value :  2.89875e-08
 Reference value :  2.90125e-08
 Reference value :  2.90325e-08
 Reference value :  2.90525e-08
 Reference value :  2.90775e-08
 Reference value :  2.91025e-08
 Reference value :  2.91275e-08
 Reference value :  2.91475e-08
 Reference value :  2.91725e-08
 Reference value :  2.91925e-08
 Reference value :  2.92225e-08
 Reference value :  2.92475e-08
 Reference value :  2.92875e-08
 Reference value :  2.93075e-08
 Reference value :  2.93275e-08
 Reference value :  2.93475e-08
 Reference value :  2.93625e-08
 Reference value :  2.93825e-08
 Reference value :  2.94025e-08
 Reference value :  2.94225e-08
 Reference value :  2.94425e-08
 Reference value :  2.94675e-08
 Reference value :  2.94925e-08
 Reference value :  2.95125e-08
 Reference value :  2.95325e-08
 Reference value :  2.95525e-08
 Reference value :  2.95725e-08
 Reference value :  2.95875e-08
 Reference value :  2.96075e-08
 Reference value :  2.96275e-08
 Reference value :  2.96475e-08
 Reference value :  2.96675e-08
 Reference value :  2.96875e-08
 Reference value :  2.97025e-08
 Reference value :  2.97325e-08
 Reference value :  2.97575e-08
 Reference value :  2.97775e-08
 Reference value :  2.98025e-08
 Reference value :  2.98275e-08
 Reference value :  2.98575e-08
 Reference value :  2.98775e-08
 Reference value :  2.99075e-08
 Reference value :  2.99275e-08
 Reference value :  2.99525e-08
 Reference value :  2.99725e-08
 Reference value :  2.99925e-08
 Reference value :  3.00175e-08
 Reference value :  3.00425e-08
 Reference value :  3.00675e-08
 Reference value :  3.00925e-08
 Reference value :  3.01125e-08
 Reference value :  3.01375e-08
 Reference value :  3.01725e-08
 Reference value :  3.01925e-08
 Reference value :  3.02125e-08
 Reference value :  3.02425e-08
 Reference value :  3.02625e-08
 Reference value :  3.02825e-08
 Reference value :  3.03025e-08
 Reference value :  3.03275e-08
 Reference value :  3.03525e-08
 Reference value :  3.03725e-08
 Reference value :  3.03925e-08
 Reference value :  3.04175e-08
 Reference value :  3.04425e-08
 Reference value :  3.04625e-08
 Reference value :  3.04875e-08
 Reference value :  3.05075e-08
 Reference value :  3.05225e-08
 Reference value :  3.05575e-08
 Reference value :  3.05775e-08
 Reference value :  3.05975e-08
 Reference value :  3.06175e-08
 Reference value :  3.06325e-08
 Reference value :  3.06575e-08
 Reference value :  3.06775e-08
 Reference value :  3.07025e-08
 Reference value :  3.07225e-08
 Reference value :  3.07425e-08
 Reference value :  3.07625e-08
 Reference value :  3.07875e-08
 Reference value :  3.08075e-08
 Reference value :  3.08275e-08
 Reference value :  3.08525e-08
 Reference value :  3.08775e-08
 Reference value :  3.08975e-08
 Reference value :  3.09225e-08
 Reference value :  3.09425e-08
 Reference value :  3.09625e-08
 Reference value :  3.09825e-08
 Reference value :  3.10025e-08
 Reference value :  3.10175e-08
 Reference value :  3.10375e-08
 Reference value :  3.10625e-08
 Reference value :  3.10875e-08
 Reference value :  3.11075e-08
 Reference value :  3.11275e-08
 Reference value :  3.11525e-08
 Reference value :  3.11775e-08
 Reference value :  3.12025e-08
 Reference value :  3.12225e-08
 Reference value :  3.12425e-08
 Reference value :  3.12675e-08
 Reference value :  3.12925e-08
 Reference value :  3.13175e-08
 Reference value :  3.13375e-08
 Reference value :  3.13625e-08
 Reference value :  3.13825e-08
 Reference value :  3.13975e-08
 Reference value :  3.14125e-08
 Reference value :  3.14375e-08
 Reference value :  3.14575e-08
 Reference value :  3.14725e-08
 Reference value :  3.14925e-08
 Reference value :  3.15125e-08
 Reference value :  3.15325e-08
 Reference value :  3.15575e-08
 Reference value :  3.15775e-08
 Reference value :  3.15975e-08
 Reference value :  3.16175e-08
 Reference value :  3.16375e-08
 Reference value :  3.16625e-08
 Reference value :  3.16925e-08
 Reference value :  3.17175e-08
 Reference value :  3.17375e-08
 Reference value :  3.17525e-08
 Reference value :  3.17775e-08
 Reference value :  3.17975e-08
 Reference value :  3.18175e-08
 Reference value :  3.18375e-08
 Reference value :  3.18575e-08
 Reference value :  3.18825e-08
 Reference value :  3.19025e-08
 Reference value :  3.19275e-08
 Reference value :  3.19525e-08
 Reference value :  3.19725e-08
 Reference value :  3.19975e-08
 Reference value :  3.20175e-08
 Reference value :  3.20425e-08
 Reference value :  3.20675e-08
 Reference value :  3.20925e-08
 Reference value :  3.21175e-08
 Reference value :  3.21375e-08
 Reference value :  3.21525e-08
 Reference value :  3.21775e-08
 Reference value :  3.21975e-08
 Reference value :  3.22125e-08
 Reference value :  3.22275e-08
 Reference value :  3.22525e-08
 Reference value :  3.22825e-08
 Reference value :  3.23025e-08
 Reference value :  3.23275e-08
 Reference value :  3.23525e-08
 Reference value :  3.23725e-08
 Reference value :  3.23925e-08
 Reference value :  3.24125e-08
 Reference value :  3.24275e-08
 Reference value :  3.24575e-08
 Reference value :  3.24825e-08
 Reference value :  3.25075e-08
 Reference value :  3.25275e-08
 Reference value :  3.25525e-08
 Reference value :  3.25825e-08
 Reference value :  3.26025e-08
 Reference value :  3.26275e-08
 Reference value :  3.26475e-08
 Reference value :  3.26625e-08
 Reference value :  3.26825e-08
 Reference value :  3.27075e-08
 Reference value :  3.27325e-08
 Reference value :  3.27525e-08
 Reference value :  3.27725e-08
 Reference value :  3.27925e-08
 Reference value :  3.28175e-08
 Reference value :  3.28375e-08
 Reference value :  3.28575e-08
 Reference value :  3.28725e-08
 Reference value :  3.29025e-08
 Reference value :  3.29225e-08
 Reference value :  3.29475e-08
 Reference value :  3.29725e-08
 Reference value :  3.29975e-08
 Reference value :  3.30175e-08
 Reference value :  3.30425e-08
 Reference value :  3.30625e-08
 Reference value :  3.30825e-08
 Reference value :  3.31075e-08
 Reference value :  3.31325e-08
 Reference value :  3.33225e-08
 Reference value :  3.33475e-08
 Reference value :  3.33625e-08
 Reference value :  3.33825e-08
 Reference value :  3.34025e-08
 Reference value :  3.34225e-08
 Reference value :  3.34475e-08
 Reference value :  3.34675e-08
 Reference value :  3.34825e-08
 Reference value :  3.35025e-08
 Reference value :  3.35175e-08
 Reference value :  3.35475e-08
 Reference value :  3.35675e-08
 Reference value :  3.35875e-08
 Reference value :  3.36025e-08
 Reference value :  3.36225e-08
 Reference value :  3.36375e-08
 Reference value :  3.36575e-08
 Reference value :  3.36775e-08
 Reference value :  3.36925e-08
 Reference value :  3.37125e-08
 Reference value :  3.37375e-08
 Reference value :  3.37575e-08
 Reference value :  3.37725e-08
 Reference value :  3.37875e-08
 Reference value :  3.38125e-08
 Reference value :  3.38375e-08
 Reference value :  3.38525e-08
 Reference value :  3.38675e-08
 Reference value :  3.38875e-08
 Reference value :  3.39075e-08
 Reference value :  3.39325e-08
 Reference value :  3.39875e-08
 Reference value :  3.40075e-08
 Reference value :  3.40325e-08
 Reference value :  3.40525e-08
 Reference value :  3.40725e-08
 Reference value :  3.40925e-08
 Reference value :  3.41175e-08
 Reference value :  3.41375e-08
 Reference value :  3.41575e-08
 Reference value :  3.41825e-08
 Reference value :  3.42025e-08
 Reference value :  3.42275e-08
 Reference value :  3.42475e-08
 Reference value :  3.42725e-08
 Reference value :  3.42925e-08
 Reference value :  3.43125e-08
 Reference value :  3.43375e-08
 Reference value :  3.43575e-08
 Reference value :  3.43725e-08
 Reference value :  3.43925e-08
 Reference value :  3.44175e-08
 Reference value :  3.44375e-08
 Reference value :  3.44525e-08
 Reference value :  3.44725e-08
 Reference value :  3.44975e-08
 Reference value :  3.45175e-08
 Reference value :  3.45475e-08
 Reference value :  3.45675e-08
 Reference value :  3.45925e-08
 Reference value :  3.46175e-08
 Reference value :  3.46375e-08
 Reference value :  3.46575e-08
 Reference value :  3.46775e-08
 Reference value :  3.46975e-08
 Reference value :  3.47175e-08
 Reference value :  3.47375e-08
 Reference value :  3.47575e-08
 Reference value :  3.47775e-08
 Reference value :  3.47975e-08
 Reference value :  3.48175e-08
 Reference value :  3.48425e-08
 Reference value :  3.48675e-08
 Reference value :  3.48925e-08
 Reference value :  3.49125e-08
 Reference value :  3.49375e-08
 Reference value :  3.49625e-08
 Reference value :  3.49825e-08
 Reference value :  3.50075e-08
 Reference value :  3.50225e-08
 Reference value :  3.50425e-08
 Reference value :  3.50625e-08
 Reference value :  3.50825e-08
 Reference value :  3.51025e-08
 Reference value :  3.51275e-08
 Reference value :  3.51525e-08
 Reference value :  3.51725e-08
 Reference value :  3.51925e-08
 Reference value :  3.52125e-08
 Reference value :  3.52325e-08
 Reference value :  3.52525e-08
 Reference value :  3.52725e-08
 Reference value :  3.52975e-08
 Reference value :  3.53175e-08
 Reference value :  3.53425e-08
 Reference value :  3.53675e-08
 Reference value :  3.53925e-08
 Reference value :  3.54175e-08
 Reference value :  3.54425e-08
 Reference value :  3.54675e-08
 Reference value :  3.54975e-08
 Reference value :  3.55225e-08
 Reference value :  3.55425e-08
 Reference value :  3.55675e-08
 Reference value :  3.55875e-08
 Reference value :  3.56075e-08
 Reference value :  3.56325e-08
 Reference value :  3.56575e-08
 Reference value :  3.56825e-08
 Reference value :  3.56975e-08
 Reference value :  3.57175e-08
 Reference value :  3.57375e-08
 Reference value :  3.57575e-08
 Reference value :  3.57775e-08
 Reference value :  3.57975e-08
 Reference value :  3.58175e-08
 Reference value :  3.58375e-08
 Reference value :  3.58575e-08
 Reference value :  3.58775e-08
 Reference value :  3.59025e-08
 Reference value :  3.59225e-08
 Reference value :  3.59425e-08
 Reference value :  3.59625e-08
 Reference value :  3.59825e-08
 Reference value :  3.60025e-08
 Reference value :  3.60225e-08
 Reference value :  3.60425e-08
 Reference value :  3.60625e-08
 Reference value :  3.60825e-08
 Reference value :  3.61075e-08
 Reference value :  3.61275e-08
 Reference value :  3.61525e-08
 Reference value :  3.61725e-08
 Reference value :  3.61925e-08
 Reference value :  3.62125e-08
 Reference value :  3.62325e-08
 Reference value :  3.62475e-08
 Reference value :  3.62675e-08
 Reference value :  3.62875e-08
 Reference value :  3.63075e-08
 Reference value :  3.63275e-08
 Reference value :  3.63475e-08
 Reference value :  3.63675e-08
 Reference value :  3.63875e-08
 Reference value :  3.64075e-08
 Reference value :  3.64275e-08
 Reference value :  3.64525e-08
 Reference value :  3.64725e-08
 Reference value :  3.64925e-08
 Reference value :  3.65125e-08
 Reference value :  3.65325e-08
 Reference value :  3.65525e-08
 Reference value :  3.65725e-08
 Reference value :  3.65875e-08
 Reference value :  3.66075e-08
 Reference value :  3.66275e-08
 Reference value :  3.66475e-08
 Reference value :  3.66675e-08
 Reference value :  3.66875e-08
 Reference value :  3.67075e-08
 Reference value :  3.67275e-08
 Reference value :  3.67475e-08
 Reference value :  3.67675e-08
 Reference value :  3.67875e-08
 Reference value :  3.68075e-08
 Reference value :  3.68275e-08
 Reference value :  3.68475e-08
 Reference value :  3.68675e-08
 Reference value :  3.68875e-08
 Reference value :  3.69075e-08
 Reference value :  3.69275e-08
 Reference value :  3.69475e-08
 Reference value :  3.69675e-08
 Reference value :  3.69875e-08
 Reference value :  3.70075e-08
 Reference value :  3.70325e-08
 Reference value :  3.70525e-08
 Reference value :  3.70725e-08
 Reference value :  3.70925e-08
 Reference value :  3.71125e-08
 Reference value :  3.71325e-08
 Reference value :  3.71525e-08
 Reference value :  3.71725e-08
 Reference value :  3.71925e-08
 Reference value :  3.72125e-08
 Reference value :  3.72325e-08
 Reference value :  3.72475e-08
 Reference value :  3.72675e-08
 Reference value :  3.72875e-08
 Reference value :  3.73075e-08
 Reference value :  3.73275e-08
 Reference value :  3.73475e-08
 Reference value :  3.73675e-08
 Reference value :  3.73875e-08
 Reference value :  3.74125e-08
 Reference value :  3.74325e-08
 Reference value :  3.74525e-08
 Reference value :  3.74725e-08
 Reference value :  3.74925e-08
 Reference value :  3.75125e-08
 Reference value :  3.75325e-08
 Reference value :  3.75525e-08
 Reference value :  3.75725e-08
 Reference value :  3.75925e-08
 Reference value :  3.76125e-08
 Reference value :  3.76325e-08
 Reference value :  3.76525e-08
 Reference value :  3.76725e-08
 Reference value :  3.76925e-08
 Reference value :  3.77175e-08
 Reference value :  3.77375e-08
 Reference value :  3.77575e-08
 Reference value :  3.77775e-08
 Reference value :  3.77975e-08
 Reference value :  3.78175e-08
 Reference value :  3.78375e-08
 Reference value :  3.78525e-08
 Reference value :  3.78725e-08
 Reference value :  3.78925e-08
 Reference value :  3.79125e-08
 Reference value :  3.79325e-08
 Reference value :  3.79525e-08
 Reference value :  3.79725e-08
 Reference value :  3.79925e-08
 Reference value :  3.80125e-08
 Reference value :  3.80325e-08
 Reference value :  3.80525e-08
 Reference value :  3.80725e-08
 Reference value :  3.80925e-08
 Reference value :  3.81125e-08
 Reference value :  3.81325e-08
 Reference value :  3.81525e-08
 Reference value :  3.81725e-08
 Reference value :  3.81925e-08
 Reference value :  3.82125e-08
 Reference value :  3.82325e-08
 Reference value :  3.82525e-08
 Reference value :  3.82725e-08
 Reference value :  3.82925e-08
 Reference value :  3.83125e-08
 Reference value :  3.83325e-08
 Reference value :  3.83525e-08
 Reference value :  3.83725e-08
 Reference value :  3.83925e-08
 Reference value :  3.84125e-08
 Reference value :  3.84325e-08
 Reference value :  3.84525e-08
 Reference value :  3.84775e-08
 Reference value :  3.84975e-08
 Reference value :  3.85175e-08
 Reference value :  3.85375e-08
 Reference value :  3.85575e-08
 Reference value :  3.85775e-08
 Reference value :  3.85975e-08
 Reference value :  3.86175e-08
 Reference value :  3.86375e-08
 Reference value :  3.86575e-08
 Reference value :  3.86775e-08
 Reference value :  3.86975e-08
 Reference value :  3.87175e-08
 Reference value :  3.87375e-08
 Reference value :  3.87575e-08
 Reference value :  3.87775e-08
 Reference value :  3.87925e-08
 Reference value :  3.88125e-08
 Reference value :  3.88325e-08
 Reference value :  3.88525e-08
 Reference value :  3.88725e-08
 Reference value :  3.88925e-08
 Reference value :  3.89125e-08
 Reference value :  3.89325e-08
 Reference value :  3.89525e-08
 Reference value :  3.89725e-08
 Reference value :  3.89925e-08
 Reference value :  3.90125e-08
 Reference value :  3.90375e-08
 Reference value :  3.90575e-08
 Reference value :  3.90775e-08
 Reference value :  3.90975e-08
 Reference value :  3.91175e-08
 Reference value :  3.91375e-08
 Reference value :  3.91575e-08
 Reference value :  3.91775e-08
 Reference value :  3.91975e-08
 Reference value :  3.92175e-08
 Reference value :  3.92375e-08
 Reference value :  3.92625e-08
 Reference value :  3.92825e-08
 Reference value :  3.93025e-08
 Reference value :  3.93225e-08
 Reference value :  3.93425e-08
 Reference value :  3.93625e-08
 Reference value :  3.93875e-08
 Reference value :  3.94075e-08
 Reference value :  3.94275e-08
 Reference value :  3.94525e-08
 Reference value :  3.94725e-08
 Reference value :  3.94925e-08
 Reference value :  3.95125e-08
 Reference value :  3.95325e-08
 Reference value :  3.95525e-08
 Reference value :  3.95725e-08
 Reference value :  3.95925e-08
 Reference value :  3.96125e-08
 Reference value :  3.96325e-08
 Reference value :  3.96525e-08
 Reference value :  3.96725e-08
 Reference value :  3.96925e-08
 Reference value :  3.97125e-08
 Reference value :  3.97325e-08
 Reference value :  3.97525e-08
 Reference value :  3.97725e-08
 Reference value :  3.97925e-08
 Reference value :  3.98125e-08
 Reference value :  3.98325e-08
 Reference value :  3.98525e-08
 Reference value :  3.98725e-08
 Reference value :  3.98925e-08
 Reference value :  3.99125e-08
 Reference value :  3.99325e-08
 Reference value :  3.99525e-08
 Reference value :  3.99725e-08
 Reference value :  3.99925e-08
 Reference value :  4.00125e-08
 Reference value :  4.00325e-08
 Reference value :  4.00525e-08
 Reference value :  4.00725e-08
 Reference value :  4.00975e-08
 Reference value :  4.01125e-08
 Reference value :  4.01325e-08
 Reference value :  4.01525e-08
 Reference value :  4.01725e-08
 Reference value :  4.01875e-08
 Reference value :  4.02075e-08
 Reference value :  4.02325e-08
 Reference value :  4.02525e-08
 Reference value :  4.02725e-08
 Reference value :  4.02925e-08
 Reference value :  4.03125e-08
 Reference value :  4.03325e-08
 Reference value :  4.03525e-08
 Reference value :  4.03725e-08
 Reference value :  4.03925e-08
 Reference value :  4.04125e-08
 Reference value :  4.04325e-08
 Reference value :  4.04525e-08
 Reference value :  4.04725e-08
 Reference value :  4.04925e-08
 Reference value :  4.05125e-08
 Reference value :  4.05325e-08
 Reference value :  4.05525e-08
 Reference value :  4.05725e-08
 Reference value :  4.05925e-08
 Reference value :  4.06125e-08
 Reference value :  4.06325e-08
 Reference value :  4.06575e-08
 Reference value :  4.06775e-08
 Reference value :  4.06975e-08
 Reference value :  4.07175e-08
 Reference value :  4.07375e-08
 Reference value :  4.07575e-08
 Reference value :  4.07775e-08
 Reference value :  4.07975e-08
 Reference value :  4.08175e-08
 Reference value :  4.08375e-08
 Reference value :  4.08575e-08
 Reference value :  4.08775e-08
 Reference value :  4.08975e-08
 Reference value :  4.09175e-08
 Reference value :  4.09425e-08
 Reference value :  4.09625e-08
 Reference value :  4.09825e-08
 Reference value :  4.10025e-08
 Reference value :  4.10225e-08
 Reference value :  4.10375e-08
 Reference value :  4.10575e-08
 Reference value :  4.10775e-08
 Reference value :  4.10975e-08
 Reference value :  4.11175e-08
 Reference value :  4.11375e-08
 Reference value :  4.11575e-08
 Reference value :  4.11775e-08
 Reference value :  4.11975e-08
 Reference value :  4.12175e-08
 Reference value :  4.12375e-08
 Reference value :  4.12575e-08
 Reference value :  4.12775e-08
 Reference value :  4.12925e-08
 Reference value :  4.13125e-08
 Reference value :  4.13325e-08
 Reference value :  4.13525e-08
 Reference value :  4.13775e-08
 Reference value :  4.13975e-08
 Reference value :  4.14225e-08
 Reference value :  4.14425e-08
 Reference value :  4.14625e-08
 Reference value :  4.14825e-08
 Reference value :  4.15025e-08
 Reference value :  4.15275e-08
 Reference value :  4.15475e-08
 Reference value :  4.15675e-08
 Reference value :  4.15875e-08
 Reference value :  4.16175e-08
 Reference value :  4.16375e-08
 Reference value :  4.16625e-08
 Reference value :  4.16875e-08
 Reference value :  4.17075e-08
 Reference value :  4.17275e-08
 Reference value :  4.17475e-08
 Reference value :  4.17725e-08
 Reference value :  4.17925e-08
 Reference value :  4.18125e-08
 Reference value :  4.18325e-08
 Reference value :  4.18475e-08
 Reference value :  4.18675e-08
 Reference value :  4.18825e-08
 Reference value :  4.18975e-08
 Reference value :  4.19175e-08
 Reference value :  4.19425e-08
 Reference value :  4.19675e-08
 Reference value :  4.19925e-08
 Reference value :  4.20175e-08
 Reference value :  4.20375e-08
 Reference value :  4.20575e-08
 Reference value :  4.20775e-08
 Reference value :  4.20975e-08
 Reference value :  4.21175e-08
 Reference value :  4.21425e-08
 Reference value :  4.21625e-08
 Reference value :  4.21825e-08
 Reference value :  4.22075e-08
 Reference value :  4.22325e-08
 Reference value :  4.22525e-08
 Reference value :  4.22725e-08
 Reference value :  4.22925e-08
 Reference value :  4.23125e-08
 Reference value :  4.23325e-08
 Reference value :  4.23575e-08
 Reference value :  4.23775e-08
 Reference value :  4.23975e-08
 Reference value :  4.24175e-08
 Reference value :  4.24375e-08
 Reference value :  4.24625e-08
 Reference value :  4.24875e-08
 Reference value :  4.25125e-08
 Reference value :  4.25375e-08
 Reference value :  4.25725e-08
 Reference value :  4.25875e-08
 Reference value :  4.26025e-08
 Reference value :  4.26275e-08
 Reference value :  4.26525e-08
 Reference value :  4.26725e-08
 Reference value :  4.26975e-08
 Reference value :  4.27275e-08
 Reference value :  4.27525e-08
 Reference value :  4.27725e-08
 Reference value :  4.27925e-08
 Reference value :  4.28175e-08
 Reference value :  4.28375e-08
 Reference value :  4.28575e-08
 Reference value :  4.28825e-08
 Reference value :  4.28975e-08
 Reference value :  4.29175e-08
 Reference value :  4.29375e-08
 Reference value :  4.29575e-08
 Reference value :  4.29725e-08
 Reference value :  4.30075e-08
 Reference value :  4.30275e-08
 Reference value :  4.47325e-08
No. of Data Rows : 9034
Note: Simulation executed from .control section 
