
Note: Compatibility modes selected: hs a


Circuit: * comparator-decision regen-time sweep -- vindiff=50mv corner=tt temp=27.0c (issue #9)

option SCALE: Scale is set to 1e-06 for instance and model parameters
option SCALE: Scale is set to 1e-06 for instance and model parameters
option SCALE: Scale is set to 1e-06 for instance and model parameters
option SCALE: Scale is set to 1e-06 for instance and model parameters
Doing analysis at TEMP = 27.000000 and TNOM = 27.000000

Using KLU as Direct Linear Solver
 Reference value :  0.00000e+00
 Reference value :  2.11640e-09
 Reference value :  4.48640e-09
 Reference value :  7.11250e-09
 Reference value :  9.96750e-09
 Reference value :  1.30425e-08
 Reference value :  1.54275e-08
 Reference value :  1.85075e-08
 Reference value :  2.15925e-08
 Reference value :  2.43275e-08
 Reference value :  2.67075e-08
 Reference value :  2.88625e-08
 Reference value :  3.13725e-08
 Reference value :  3.38725e-08
 Reference value :  3.61925e-08
 Reference value :  3.86725e-08
 Reference value :  4.12625e-08
 Reference value :  4.36275e-08
No. of Data Rows : 9034
Note: Simulation executed from .control section 
