
Note: Compatibility modes selected: hs a


Circuit: * comparator-decision regen-time sweep -- vindiff=10mv corner=tt temp=27.0c (issue #9)

option SCALE: Scale is set to 1e-06 for instance and model parameters
option SCALE: Scale is set to 1e-06 for instance and model parameters
option SCALE: Scale is set to 1e-06 for instance and model parameters
option SCALE: Scale is set to 1e-06 for instance and model parameters
Doing analysis at TEMP = 27.000000 and TNOM = 27.000000

Using KLU as Direct Linear Solver
 Reference value :  0.00000e+00
 Reference value :  2.61400e-10
 Reference value :  1.64140e-09
 Reference value :  4.43640e-09
 Reference value :  6.82250e-09
 Reference value :  7.59250e-09
 Reference value :  1.02525e-08
 Reference value :  1.12075e-08
 Reference value :  1.23175e-08
 Reference value :  1.48925e-08
 Reference value :  1.65575e-08
 Reference value :  1.90375e-08
 Reference value :  2.16775e-08
 Reference value :  2.36425e-08
 Reference value :  2.53925e-08
 Reference value :  2.79475e-08
 Reference value :  2.90375e-08
 Reference value :  3.11375e-08
 Reference value :  3.25125e-08
 Reference value :  3.51875e-08
 Reference value :  3.73125e-08
 Reference value :  3.97425e-08
 Reference value :  4.19625e-08
 Reference value :  4.31875e-08
No. of Data Rows : 9034
Note: Simulation executed from .control section 
