
Note: Compatibility modes selected: hs a


Circuit: * comparator-decision regen-time sweep -- vindiff=1mv corner=tt temp=27.0c (issue #9)

option SCALE: Scale is set to 1e-06 for instance and model parameters
option SCALE: Scale is set to 1e-06 for instance and model parameters
option SCALE: Scale is set to 1e-06 for instance and model parameters
option SCALE: Scale is set to 1e-06 for instance and model parameters
Doing analysis at TEMP = 27.000000 and TNOM = 27.000000

Using KLU as Direct Linear Solver
 Reference value :  0.00000e+00
 Reference value :  8.21400e-10
 Reference value :  1.64640e-09
 Reference value :  2.77640e-09
 Reference value :  3.52640e-09
 Reference value :  4.15640e-09
 Reference value :  7.10750e-09
 Reference value :  9.23750e-09
 Reference value :  1.21825e-08
 Reference value :  1.47675e-08
 Reference value :  1.70925e-08
 Reference value :  1.82925e-08
 Reference value :  2.03825e-08
 Reference value :  2.20325e-08
 Reference value :  2.45125e-08
 Reference value :  2.68125e-08
 Reference value :  2.94525e-08
 Reference value :  3.15575e-08
 Reference value :  3.41675e-08
 Reference value :  3.63725e-08
 Reference value :  3.86825e-08
 Reference value :  4.13275e-08
 Reference value :  4.30575e-08
No. of Data Rows : 9034
Note: Simulation executed from .control section 
