
Note: Compatibility modes selected: hs a


Circuit: * comparator-decision kickback disturbance -- variant=loaded rs=1000ohm vindiff=50.0mv corner=tt temp=27.0c (issue #26)

option SCALE: Scale is set to 1e-06 for instance and model parameters
option SCALE: Scale is set to 1e-06 for instance and model parameters
option SCALE: Scale is set to 1e-06 for instance and model parameters
option SCALE: Scale is set to 1e-06 for instance and model parameters
Doing analysis at TEMP = 27.000000 and TNOM = 27.000000

Using KLU as Direct Linear Solver
 Reference value :  0.00000e+00
 Reference value :  3.97640e-09
 Reference value :  5.02250e-09
 Reference value :  9.41250e-09
 Reference value :  1.00175e-08
 Reference value :  1.46925e-08
 Reference value :  1.51325e-08
 Reference value :  1.75825e-08
 Reference value :  1.91525e-08
 Reference value :  2.32975e-08
 Reference value :  2.53525e-08
 Reference value :  2.88525e-08
 Reference value :  2.99875e-08
 Reference value :  3.31325e-08
 Reference value :  3.58875e-08
 Reference value :  3.72475e-08
 Reference value :  3.99125e-08
 Reference value :  4.09825e-08
 Reference value :  4.18975e-08
 Reference value :  4.24975e-08
 Reference value :  4.37175e-08
 Reference value :  4.50575e-08
No. of Data Rows : 9034
Note: Simulation executed from .control section 
