
Note: Compatibility modes selected: hs a


Circuit: * trnoise injection calibration -- na=0.00031321066396397974 ts=3.7e-10

Doing analysis at TEMP = 27.000000 and TNOM = 27.000000

Using KLU as Direct Linear Solver
 Reference value :  2.30510e-06
 Reference value :  4.78153e-06
 Reference value :  7.34637e-06
 Reference value :  9.91755e-06
 Reference value :  1.25267e-05
 Reference value :  1.51360e-05
 Reference value :  1.76853e-05
 Reference value :  2.01779e-05
 Reference value :  2.27954e-05
 Reference value :  2.55211e-05
 Reference value :  2.80121e-05
 Reference value :  3.04600e-05
 Reference value :  3.29434e-05
 Reference value :  3.53972e-05
No. of Data Rows : 500008
cal_std=0.000269876
Note: Simulation executed from .control section 
