
Note: Compatibility modes selected: hs a


Circuit: * comparator-decision input-referred noise (reduced sub-model of the dr-004 static preamplifier: preamp tail (gate at vdd) + input pair + both poly loads + both out1 absorber mos caps, all re-emitted verbatim from the committed fragment; everything past the preamp outputs (steering pair, latch tail, cross-coupled pmos, reset pmos) omitted -- that is the loop break. unlike the pre-dr-004 integration-phase proxy (diode-connected stand-in loads on a dynamic input stage), this stage holds its own real continuous dc operating point; noise taken at v(outp1,outn1). post-layout form: the same loop break applied to the extracted netlist instead of to the schematic fragment's device lines -- `layout/comparator.pex-preamp.spice`, generated by `layout/extract_pex.py` by dropping every extracted device that touches a latch net (clk/clkt/tail2/outp/outn) together with those nets' parasitics, and asserting that exactly the nine expected drawn devices survive (tail, four input-pair fingers, two poly loads, two absorber caps). the surviving nets keep their full extracted lumped-rc parasitics, including the per-terminal star legs on vinp/vinn/tailp/outp1/outn1 and the net-to-net coupling capacitors among them) corner=fs temp=125.0c supply=1.8v (issue #9)

option SCALE: Scale is set to 1e-06 for instance and model parameters
option SCALE: Scale is set to 1e-06 for instance and model parameters
option SCALE: Scale is set to 1e-06 for instance and model parameters
option SCALE: Scale is set to 1e-06 for instance and model parameters
Doing analysis at TEMP = 125.000000 and TNOM = 27.000000

Using SPARSE 1.3 as Direct Linear Solver
 Reference value :  0.00000e+00
No. of Data Rows : 1
v(tailp) = 2.076367e-01
v(outp1) = 1.388821e+00
v(outn1) = 1.391903e+00
Doing analysis at TEMP = 125.000000 and TNOM = 27.000000

Using SPARSE 1.3 as Direct Linear Solver
 Reference value :  1.00000e+03
No. of Data Rows : 7

No. of Data Rows : 1
inoise_total = 6.663251e-04
onoise_total = 9.491230e-04
Note: Simulation executed from .control section 
