
Note: Compatibility modes selected: hs a


Circuit: * comparator-decision regen-time sweep -- vindiff=50mv corner=ss temp=-40.0c (issue #9)

option SCALE: Scale is set to 1e-06 for instance and model parameters
option SCALE: Scale is set to 1e-06 for instance and model parameters
option SCALE: Scale is set to 1e-06 for instance and model parameters
option SCALE: Scale is set to 1e-06 for instance and model parameters
Doing analysis at TEMP = -40.000000 and TNOM = 27.000000

Using KLU as Direct Linear Solver
 Reference value :  0.00000e+00
 Reference value :  6.16400e-10
 Reference value :  1.50140e-09
 Reference value :  1.91140e-09
 Reference value :  2.54640e-09
 Reference value :  2.59640e-09
 Reference value :  2.61140e-09
 Reference value :  2.62640e-09
 Reference value :  3.63140e-09
 Reference value :  5.99750e-09
 Reference value :  7.05250e-09
 Reference value :  7.07250e-09
 Reference value :  7.09250e-09
 Reference value :  8.08250e-09
 Reference value :  9.44250e-09
 Reference value :  1.04275e-08
 Reference value :  1.31275e-08
 Reference value :  1.46175e-08
 Reference value :  1.66275e-08
 Reference value :  1.88225e-08
 Reference value :  2.07625e-08
 Reference value :  2.09875e-08
 Reference value :  2.10025e-08
 Reference value :  2.10225e-08
 Reference value :  2.24925e-08
 Reference value :  2.48125e-08
 Reference value :  2.50125e-08
 Reference value :  2.50275e-08
 Reference value :  2.50475e-08
 Reference value :  2.65825e-08
 Reference value :  2.83075e-08
 Reference value :  2.95375e-08
 Reference value :  3.14375e-08
 Reference value :  3.30425e-08
 Reference value :  3.47575e-08
 Reference value :  3.47775e-08
 Reference value :  3.47975e-08
 Reference value :  3.48175e-08
 Reference value :  3.59275e-08
 Reference value :  3.70825e-08
 Reference value :  3.93725e-08
 Reference value :  3.93925e-08
 Reference value :  3.94125e-08
 Reference value :  3.95275e-08
 Reference value :  4.18325e-08
 Reference value :  4.42525e-08
No. of Data Rows : 9034
Note: Simulation executed from .control section 
