
Note: Compatibility modes selected: hs a


Circuit: * comparator-decision regen-time sweep -- vindiff=5mv corner=ss temp=-40.0c (issue #9)

option SCALE: Scale is set to 1e-06 for instance and model parameters
option SCALE: Scale is set to 1e-06 for instance and model parameters
option SCALE: Scale is set to 1e-06 for instance and model parameters
option SCALE: Scale is set to 1e-06 for instance and model parameters
Doing analysis at TEMP = -40.000000 and TNOM = 27.000000

Using KLU as Direct Linear Solver
 Reference value :  0.00000e+00
 Reference value :  5.36400e-10
 Reference value :  1.97640e-09
 Reference value :  2.62140e-09
 Reference value :  2.63640e-09
 Reference value :  2.65640e-09
 Reference value :  3.66140e-09
 Reference value :  5.50750e-09
 Reference value :  5.52750e-09
 Reference value :  5.55250e-09
 Reference value :  5.57250e-09
 Reference value :  5.59250e-09
 Reference value :  6.42750e-09
 Reference value :  8.42750e-09
 Reference value :  8.44750e-09
 Reference value :  8.46750e-09
 Reference value :  1.01475e-08
 Reference value :  1.29675e-08
 Reference value :  1.50375e-08
 Reference value :  1.51775e-08
 Reference value :  1.51975e-08
 Reference value :  1.52175e-08
 Reference value :  1.81975e-08
 Reference value :  2.10675e-08
 Reference value :  2.22275e-08
 Reference value :  2.22425e-08
 Reference value :  2.25375e-08
 Reference value :  2.41525e-08
 Reference value :  2.73075e-08
 Reference value :  2.83475e-08
 Reference value :  2.83675e-08
 Reference value :  2.83875e-08
 Reference value :  2.94025e-08
 Reference value :  3.03975e-08
 Reference value :  3.19475e-08
 Reference value :  3.20625e-08
 Reference value :  3.20775e-08
 Reference value :  3.33225e-08
 Reference value :  3.58275e-08
 Reference value :  3.86575e-08
 Reference value :  3.93675e-08
 Reference value :  3.93825e-08
 Reference value :  3.93975e-08
 Reference value :  4.12725e-08
 Reference value :  4.42925e-08
No. of Data Rows : 9034
Note: Simulation executed from .control section 
