
Note: Compatibility modes selected: hs a


Circuit: * comparator-decision kickback disturbance -- variant=loaded rs=1000ohm vindiff=50.0mv corner=tt temp=27.0c (issue #26)

option SCALE: Scale is set to 1e-06 for instance and model parameters
option SCALE: Scale is set to 1e-06 for instance and model parameters
option SCALE: Scale is set to 1e-06 for instance and model parameters
option SCALE: Scale is set to 1e-06 for instance and model parameters
Doing analysis at TEMP = 27.000000 and TNOM = 27.000000

Using KLU as Direct Linear Solver
 Reference value :  0.00000e+00
 Reference value :  4.07640e-09
 Reference value :  5.55750e-09
 Reference value :  9.08750e-09
 Reference value :  1.04325e-08
 Reference value :  1.32125e-08
 Reference value :  1.38125e-08
 Reference value :  1.56225e-08
 Reference value :  1.71475e-08
 Reference value :  1.93475e-08
 Reference value :  2.08375e-08
 Reference value :  2.32875e-08
 Reference value :  2.54325e-08
 Reference value :  2.83375e-08
 Reference value :  3.09075e-08
 Reference value :  3.46625e-08
 Reference value :  3.52425e-08
 Reference value :  3.94175e-08
 Reference value :  4.10875e-08
No. of Data Rows : 9034
Note: Simulation executed from .control section 
