
Note: Compatibility modes selected: hs a


Circuit: * comparator-decision offset pick-off -- vindiff=0.0mv corner=ss_mm temp=27.0c seed=15 (issue #9)

option SCALE: Scale is set to 1e-06 for instance and model parameters
option SCALE: Scale is set to 1e-06 for instance and model parameters
option SCALE: Scale is set to 1e-06 for instance and model parameters
option SCALE: Scale is set to 1e-06 for instance and model parameters
Doing analysis at TEMP = 27.000000 and TNOM = 27.000000

Using KLU as Direct Linear Solver
 Reference value :  0.00000e+00
 Reference value :  1.30560e-10
 Reference value :  4.08560e-10
 Reference value :  1.05656e-09
 Reference value :  1.06256e-09
 Reference value :  1.66456e-09
 Reference value :  1.67256e-09
 Reference value :  2.05456e-09
 Reference value :  2.31056e-09
 Reference value :  2.31856e-09
 Reference value :  2.63656e-09
 Reference value :  2.64456e-09
 Reference value :  2.65256e-09
 Reference value :  2.66056e-09
 Reference value :  2.83856e-09
 Reference value :  3.23856e-09
 Reference value :  3.85456e-09
 Reference value :  4.44856e-09
 Reference value :  4.86056e-09
 Reference value :  5.01500e-09
 Reference value :  5.61900e-09
 Reference value :  5.62700e-09
 Reference value :  5.63300e-09
 Reference value :  5.64100e-09
 Reference value :  5.83100e-09
 Reference value :  5.83900e-09
 Reference value :  5.84500e-09
 Reference value :  5.85300e-09
 Reference value :  6.10300e-09
 Reference value :  6.80900e-09
 Reference value :  6.81500e-09
 Reference value :  7.06500e-09
 Reference value :  7.25300e-09
 Reference value :  7.31100e-09
No. of Data Rows : 3814
Note: Simulation executed from .control section 
