
Note: Compatibility modes selected: hs a


Circuit: * comparator-decision offset pick-off -- vindiff=0.0mv corner=ss_mm temp=27.0c seed=4 (issue #9)

option SCALE: Scale is set to 1e-06 for instance and model parameters
option SCALE: Scale is set to 1e-06 for instance and model parameters
option SCALE: Scale is set to 1e-06 for instance and model parameters
option SCALE: Scale is set to 1e-06 for instance and model parameters
Doing analysis at TEMP = 27.000000 and TNOM = 27.000000

Using KLU as Direct Linear Solver
 Reference value :  0.00000e+00
 Reference value :  1.60000e-13
 Reference value :  2.56000e-12
 Reference value :  1.05600e-11
 Reference value :  1.85600e-11
 Reference value :  2.65600e-11
 Reference value :  3.45600e-11
 Reference value :  4.25600e-11
 Reference value :  5.05600e-11
 Reference value :  5.85600e-11
 Reference value :  6.65600e-11
 Reference value :  7.45600e-11
 Reference value :  8.05600e-11
 Reference value :  8.85600e-11
 Reference value :  9.65600e-11
 Reference value :  1.02560e-10
 Reference value :  1.10560e-10
 Reference value :  1.18560e-10
 Reference value :  1.26560e-10
 Reference value :  1.32560e-10
 Reference value :  1.40560e-10
 Reference value :  1.48560e-10
 Reference value :  1.56560e-10
 Reference value :  2.72560e-10
 Reference value :  2.80560e-10
 Reference value :  2.86560e-10
 Reference value :  2.92560e-10
 Reference value :  3.00560e-10
 Reference value :  3.08560e-10
 Reference value :  3.16560e-10
 Reference value :  3.24560e-10
 Reference value :  3.32560e-10
 Reference value :  3.42560e-10
 Reference value :  3.48560e-10
 Reference value :  3.54560e-10
 Reference value :  3.62560e-10
 Reference value :  3.70560e-10
 Reference value :  3.78560e-10
 Reference value :  3.86560e-10
 Reference value :  3.96560e-10
 Reference value :  4.02560e-10
 Reference value :  4.10560e-10
 Reference value :  4.18560e-10
 Reference value :  4.26560e-10
 Reference value :  4.34560e-10
 Reference value :  4.42560e-10
 Reference value :  4.48560e-10
 Reference value :  4.54560e-10
 Reference value :  4.62560e-10
 Reference value :  4.70560e-10
 Reference value :  4.78560e-10
 Reference value :  4.86560e-10
 Reference value :  4.94560e-10
 Reference value :  5.02560e-10
 Reference value :  5.10560e-10
 Reference value :  5.16560e-10
 Reference value :  5.24560e-10
 Reference value :  5.32560e-10
 Reference value :  5.40560e-10
 Reference value :  5.48560e-10
 Reference value :  5.56560e-10
 Reference value :  6.34560e-10
 Reference value :  6.42560e-10
 Reference value :  6.50560e-10
 Reference value :  6.58560e-10
 Reference value :  6.64560e-10
 Reference value :  6.72560e-10
 Reference value :  6.80560e-10
 Reference value :  6.88560e-10
 Reference value :  6.96560e-10
 Reference value :  7.04560e-10
 Reference value :  7.12560e-10
 Reference value :  7.18560e-10
 Reference value :  7.26560e-10
 Reference value :  7.34560e-10
 Reference value :  7.42560e-10
 Reference value :  7.50560e-10
 Reference value :  7.56560e-10
 Reference value :  7.64560e-10
 Reference value :  7.72560e-10
 Reference value :  7.80560e-10
 Reference value :  7.88560e-10
 Reference value :  7.96560e-10
 Reference value :  8.04560e-10
 Reference value :  8.12560e-10
 Reference value :  8.20560e-10
 Reference value :  8.26560e-10
 Reference value :  8.34560e-10
 Reference value :  8.42560e-10
 Reference value :  8.48560e-10
 Reference value :  8.56560e-10
 Reference value :  8.64560e-10
 Reference value :  8.70560e-10
 Reference value :  8.78560e-10
 Reference value :  8.86560e-10
 Reference value :  8.94560e-10
 Reference value :  9.00560e-10
 Reference value :  9.06560e-10
 Reference value :  9.12560e-10
 Reference value :  9.18560e-10
 Reference value :  9.26560e-10
 Reference value :  1.04856e-09
 Reference value :  1.05656e-09
 Reference value :  1.06456e-09
 Reference value :  1.07056e-09
 Reference value :  1.07856e-09
 Reference value :  1.08456e-09
 Reference value :  1.09056e-09
 Reference value :  1.09856e-09
 Reference value :  1.10456e-09
 Reference value :  1.11056e-09
 Reference value :  1.11656e-09
 Reference value :  1.12456e-09
 Reference value :  1.13256e-09
 Reference value :  1.14056e-09
 Reference value :  1.14656e-09
 Reference value :  1.15456e-09
 Reference value :  1.16256e-09
 Reference value :  1.17056e-09
 Reference value :  1.17856e-09
 Reference value :  1.18456e-09
 Reference value :  1.19256e-09
 Reference value :  1.19856e-09
 Reference value :  1.20656e-09
 Reference value :  1.21456e-09
 Reference value :  1.22256e-09
 Reference value :  1.22856e-09
 Reference value :  1.23656e-09
 Reference value :  1.24656e-09
 Reference value :  1.25256e-09
 Reference value :  1.26056e-09
 Reference value :  1.26656e-09
 Reference value :  1.27256e-09
 Reference value :  1.27856e-09
 Reference value :  1.28656e-09
 Reference value :  1.29456e-09
 Reference value :  1.30056e-09
 Reference value :  1.30856e-09
 Reference value :  1.31456e-09
 Reference value :  1.32256e-09
 Reference value :  1.32856e-09
 Reference value :  1.33456e-09
 Reference value :  1.34056e-09
 Reference value :  1.34656e-09
 Reference value :  1.35456e-09
 Reference value :  1.36056e-09
 Reference value :  1.36856e-09
 Reference value :  1.37456e-09
 Reference value :  1.38056e-09
 Reference value :  1.38656e-09
 Reference value :  1.39256e-09
 Reference value :  1.49256e-09
 Reference value :  1.50056e-09
 Reference value :  1.50856e-09
 Reference value :  1.51656e-09
 Reference value :  1.52256e-09
 Reference value :  1.52856e-09
 Reference value :  1.53656e-09
 Reference value :  1.54456e-09
 Reference value :  1.55256e-09
 Reference value :  1.56056e-09
 Reference value :  1.56856e-09
 Reference value :  1.57456e-09
 Reference value :  1.58256e-09
 Reference value :  1.59056e-09
 Reference value :  1.70456e-09
 Reference value :  1.71256e-09
 Reference value :  1.71856e-09
 Reference value :  1.72656e-09
 Reference value :  1.73456e-09
 Reference value :  1.74256e-09
 Reference value :  1.75056e-09
 Reference value :  1.75856e-09
 Reference value :  1.76456e-09
 Reference value :  1.77256e-09
 Reference value :  1.77856e-09
 Reference value :  1.78656e-09
 Reference value :  1.79456e-09
 Reference value :  1.80056e-09
 Reference value :  1.80856e-09
 Reference value :  1.81656e-09
 Reference value :  1.92456e-09
 Reference value :  1.93256e-09
 Reference value :  2.38456e-09
 Reference value :  2.51256e-09
 Reference value :  2.51856e-09
 Reference value :  2.52656e-09
 Reference value :  2.53456e-09
 Reference value :  2.54056e-09
 Reference value :  2.54656e-09
 Reference value :  2.55456e-09
 Reference value :  2.56256e-09
 Reference value :  2.56856e-09
 Reference value :  2.57656e-09
 Reference value :  2.58656e-09
 Reference value :  2.59456e-09
 Reference value :  2.60256e-09
 Reference value :  2.61056e-09
 Reference value :  2.72856e-09
 Reference value :  2.73656e-09
 Reference value :  2.74256e-09
 Reference value :  2.75056e-09
 Reference value :  2.75856e-09
 Reference value :  2.76656e-09
 Reference value :  2.77256e-09
 Reference value :  2.78056e-09
 Reference value :  2.78856e-09
 Reference value :  2.79656e-09
 Reference value :  2.80456e-09
 Reference value :  2.81256e-09
 Reference value :  2.81856e-09
 Reference value :  2.82656e-09
 Reference value :  2.83456e-09
 Reference value :  2.84256e-09
 Reference value :  2.84856e-09
 Reference value :  2.85656e-09
 Reference value :  2.86256e-09
 Reference value :  2.87056e-09
 Reference value :  2.87856e-09
 Reference value :  2.88656e-09
 Reference value :  2.89456e-09
 Reference value :  2.90256e-09
 Reference value :  2.91056e-09
 Reference value :  2.91656e-09
 Reference value :  2.92456e-09
 Reference value :  2.93256e-09
 Reference value :  2.94056e-09
 Reference value :  2.94856e-09
 Reference value :  2.95656e-09
 Reference value :  2.96456e-09
 Reference value :  2.97256e-09
 Reference value :  2.98056e-09
 Reference value :  2.98856e-09
 Reference value :  2.99656e-09
 Reference value :  3.00456e-09
 Reference value :  3.01256e-09
 Reference value :  3.02056e-09
 Reference value :  3.02856e-09
 Reference value :  3.03456e-09
 Reference value :  3.04256e-09
 Reference value :  3.05056e-09
 Reference value :  3.05856e-09
 Reference value :  3.06456e-09
 Reference value :  3.07256e-09
 Reference value :  3.08056e-09
 Reference value :  3.08856e-09
 Reference value :  3.09656e-09
 Reference value :  3.10256e-09
 Reference value :  3.11056e-09
 Reference value :  3.11856e-09
 Reference value :  3.12856e-09
 Reference value :  3.13656e-09
 Reference value :  3.14656e-09
 Reference value :  3.15456e-09
 Reference value :  3.16256e-09
 Reference value :  3.17056e-09
 Reference value :  3.17856e-09
 Reference value :  3.18456e-09
 Reference value :  3.19256e-09
 Reference value :  3.20056e-09
 Reference value :  3.20856e-09
 Reference value :  3.21656e-09
 Reference value :  3.22456e-09
 Reference value :  3.23056e-09
 Reference value :  3.23856e-09
 Reference value :  3.24656e-09
 Reference value :  3.25456e-09
 Reference value :  3.26256e-09
 Reference value :  3.27056e-09
 Reference value :  3.27856e-09
 Reference value :  3.28656e-09
 Reference value :  3.29256e-09
 Reference value :  3.30056e-09
 Reference value :  3.30856e-09
 Reference value :  3.31656e-09
 Reference value :  3.32256e-09
 Reference value :  3.33056e-09
 Reference value :  3.33656e-09
 Reference value :  3.34456e-09
 Reference value :  3.35256e-09
 Reference value :  3.35856e-09
 Reference value :  3.36456e-09
 Reference value :  3.37256e-09
 Reference value :  3.37856e-09
 Reference value :  3.38656e-09
 Reference value :  3.39456e-09
 Reference value :  3.40256e-09
 Reference value :  3.41056e-09
 Reference value :  3.41856e-09
 Reference value :  3.42456e-09
 Reference value :  3.43256e-09
 Reference value :  3.44656e-09
 Reference value :  3.45456e-09
 Reference value :  3.46256e-09
 Reference value :  3.46856e-09
 Reference value :  3.47656e-09
 Reference value :  3.48456e-09
 Reference value :  3.49256e-09
 Reference value :  3.50056e-09
 Reference value :  3.50856e-09
 Reference value :  3.51656e-09
 Reference value :  3.52456e-09
 Reference value :  3.53256e-09
 Reference value :  3.54056e-09
 Reference value :  3.54856e-09
 Reference value :  3.55656e-09
 Reference value :  3.56256e-09
 Reference value :  3.56856e-09
 Reference value :  3.57656e-09
 Reference value :  3.58456e-09
 Reference value :  3.59256e-09
 Reference value :  3.59856e-09
 Reference value :  3.60456e-09
 Reference value :  3.61256e-09
 Reference value :  3.61856e-09
 Reference value :  3.62656e-09
 Reference value :  3.63256e-09
 Reference value :  3.63856e-09
 Reference value :  3.64656e-09
 Reference value :  3.65456e-09
 Reference value :  3.66256e-09
 Reference value :  3.67456e-09
 Reference value :  3.68256e-09
 Reference value :  3.68856e-09
 Reference value :  3.69656e-09
 Reference value :  3.70456e-09
 Reference value :  3.71256e-09
 Reference value :  3.71856e-09
 Reference value :  3.72656e-09
 Reference value :  3.73456e-09
 Reference value :  3.74256e-09
 Reference value :  3.75056e-09
 Reference value :  3.75856e-09
 Reference value :  3.76456e-09
 Reference value :  3.77256e-09
 Reference value :  3.77856e-09
 Reference value :  3.78456e-09
 Reference value :  3.79256e-09
 Reference value :  3.80056e-09
 Reference value :  3.80856e-09
 Reference value :  3.81456e-09
 Reference value :  3.82256e-09
 Reference value :  3.82856e-09
 Reference value :  3.83656e-09
 Reference value :  3.84456e-09
 Reference value :  3.85256e-09
 Reference value :  3.86056e-09
 Reference value :  3.86856e-09
 Reference value :  3.87656e-09
 Reference value :  3.88256e-09
 Reference value :  3.89056e-09
 Reference value :  3.89656e-09
 Reference value :  3.90456e-09
 Reference value :  3.91256e-09
 Reference value :  3.92056e-09
 Reference value :  3.92856e-09
 Reference value :  3.93456e-09
 Reference value :  3.94056e-09
 Reference value :  3.94856e-09
 Reference value :  3.95656e-09
 Reference value :  3.96256e-09
 Reference value :  3.96856e-09
 Reference value :  3.97656e-09
 Reference value :  3.98256e-09
 Reference value :  3.99056e-09
 Reference value :  3.99856e-09
 Reference value :  4.00456e-09
 Reference value :  4.01256e-09
 Reference value :  4.01856e-09
 Reference value :  4.02456e-09
 Reference value :  4.03256e-09
 Reference value :  4.03856e-09
 Reference value :  4.04656e-09
 Reference value :  4.05456e-09
 Reference value :  4.06256e-09
 Reference value :  4.07056e-09
 Reference value :  4.07656e-09
 Reference value :  4.08456e-09
 Reference value :  4.09256e-09
 Reference value :  4.21456e-09
 Reference value :  4.22056e-09
 Reference value :  4.22856e-09
 Reference value :  4.23656e-09
 Reference value :  4.24456e-09
 Reference value :  4.25256e-09
 Reference value :  4.26056e-09
 Reference value :  4.26856e-09
 Reference value :  4.27656e-09
 Reference value :  4.28456e-09
 Reference value :  4.29056e-09
 Reference value :  4.29856e-09
 Reference value :  4.30656e-09
 Reference value :  4.31256e-09
 Reference value :  4.31856e-09
 Reference value :  4.32656e-09
 Reference value :  4.33456e-09
 Reference value :  4.34256e-09
 Reference value :  4.37656e-09
 Reference value :  4.38456e-09
 Reference value :  4.39056e-09
 Reference value :  4.39856e-09
 Reference value :  4.40456e-09
 Reference value :  4.41256e-09
 Reference value :  4.41856e-09
 Reference value :  4.42656e-09
 Reference value :  4.43256e-09
 Reference value :  4.44056e-09
 Reference value :  4.44656e-09
 Reference value :  4.45456e-09
 Reference value :  4.46056e-09
 Reference value :  4.46856e-09
 Reference value :  4.47656e-09
 Reference value :  4.48256e-09
 Reference value :  4.48856e-09
 Reference value :  4.49656e-09
 Reference value :  4.50456e-09
 Reference value :  4.51256e-09
 Reference value :  4.52056e-09
 Reference value :  4.52856e-09
 Reference value :  4.53656e-09
 Reference value :  4.54456e-09
 Reference value :  4.55256e-09
 Reference value :  4.56056e-09
 Reference value :  4.56856e-09
 Reference value :  4.57656e-09
 Reference value :  4.58256e-09
 Reference value :  4.59056e-09
 Reference value :  4.59856e-09
 Reference value :  4.60656e-09
 Reference value :  4.61256e-09
 Reference value :  4.62056e-09
 Reference value :  4.62856e-09
 Reference value :  4.63656e-09
 Reference value :  4.64456e-09
 Reference value :  4.65256e-09
 Reference value :  4.66056e-09
 Reference value :  4.66656e-09
 Reference value :  4.67456e-09
 Reference value :  4.68056e-09
 Reference value :  4.68856e-09
 Reference value :  4.69656e-09
 Reference value :  4.70656e-09
 Reference value :  4.71256e-09
 Reference value :  4.71856e-09
 Reference value :  4.72456e-09
 Reference value :  4.76456e-09
 Reference value :  4.77056e-09
 Reference value :  4.77856e-09
 Reference value :  4.78656e-09
 Reference value :  4.79456e-09
 Reference value :  4.80256e-09
 Reference value :  4.80856e-09
 Reference value :  4.81456e-09
 Reference value :  4.82256e-09
 Reference value :  4.82856e-09
 Reference value :  4.83656e-09
 Reference value :  4.94856e-09
 Reference value :  4.95656e-09
 Reference value :  4.96256e-09
 Reference value :  4.97056e-09
 Reference value :  4.97856e-09
 Reference value :  4.98656e-09
 Reference value :  4.99456e-09
 Reference value :  5.00000e-09
 Reference value :  5.00300e-09
 Reference value :  5.01100e-09
 Reference value :  5.02300e-09
 Reference value :  5.02900e-09
 Reference value :  5.03700e-09
 Reference value :  5.04300e-09
 Reference value :  5.05100e-09
 Reference value :  5.05900e-09
 Reference value :  5.06500e-09
 Reference value :  5.07300e-09
 Reference value :  5.08100e-09
 Reference value :  5.08900e-09
 Reference value :  5.09700e-09
 Reference value :  5.10060e-09
 Reference value :  5.10500e-09
 Reference value :  5.11300e-09
 Reference value :  5.12100e-09
 Reference value :  5.12900e-09
 Reference value :  5.25100e-09
 Reference value :  5.25900e-09
 Reference value :  5.26700e-09
 Reference value :  5.27500e-09
 Reference value :  5.28300e-09
 Reference value :  5.29100e-09
 Reference value :  5.29700e-09
 Reference value :  5.30500e-09
 Reference value :  5.49700e-09
 Reference value :  5.50500e-09
 Reference value :  5.51300e-09
 Reference value :  5.52100e-09
 Reference value :  5.52900e-09
 Reference value :  5.53700e-09
 Reference value :  5.54500e-09
 Reference value :  5.66700e-09
 Reference value :  5.67300e-09
 Reference value :  5.68100e-09
 Reference value :  5.68900e-09
 Reference value :  5.69700e-09
 Reference value :  5.70500e-09
 Reference value :  5.71300e-09
 Reference value :  5.72100e-09
 Reference value :  5.72900e-09
 Reference value :  5.73700e-09
 Reference value :  5.74300e-09
 Reference value :  5.75100e-09
 Reference value :  6.30900e-09
 Reference value :  6.92300e-09
 Reference value :  7.23900e-09
 Reference value :  7.58500e-09
No. of Data Rows : 3814
Note: Simulation executed from .control section 
