
Note: Compatibility modes selected: hs a


Circuit: * comparator-decision offset pick-off -- vindiff=0.0mv corner=ss temp=27.0c seed=16 (issue #9)

option SCALE: Scale is set to 1e-06 for instance and model parameters
option SCALE: Scale is set to 1e-06 for instance and model parameters
option SCALE: Scale is set to 1e-06 for instance and model parameters
option SCALE: Scale is set to 1e-06 for instance and model parameters
Doing analysis at TEMP = 27.000000 and TNOM = 27.000000

Using KLU as Direct Linear Solver
 Reference value :  0.00000e+00
 Reference value :  3.64560e-10
 Reference value :  8.26560e-10
 Reference value :  8.32560e-10
 Reference value :  1.18056e-09
 Reference value :  1.39856e-09
 Reference value :  1.40856e-09
 Reference value :  1.46856e-09
 Reference value :  1.59056e-09
 Reference value :  1.86256e-09
 Reference value :  2.20256e-09
 Reference value :  2.27456e-09
 Reference value :  2.40656e-09
 Reference value :  2.82056e-09
 Reference value :  3.16056e-09
 Reference value :  3.31256e-09
 Reference value :  3.42656e-09
 Reference value :  3.69856e-09
 Reference value :  3.80456e-09
 Reference value :  3.81256e-09
 Reference value :  3.82056e-09
 Reference value :  3.82656e-09
 Reference value :  3.83256e-09
 Reference value :  4.06056e-09
 Reference value :  4.83856e-09
 Reference value :  5.23100e-09
 Reference value :  5.65100e-09
 Reference value :  5.68100e-09
 Reference value :  5.69100e-09
 Reference value :  5.69700e-09
 Reference value :  5.70500e-09
 Reference value :  5.71300e-09
 Reference value :  5.72100e-09
 Reference value :  5.72900e-09
 Reference value :  5.73700e-09
 Reference value :  5.74500e-09
 Reference value :  5.75100e-09
 Reference value :  6.03700e-09
 Reference value :  6.33500e-09
 Reference value :  6.74700e-09
 Reference value :  6.91900e-09
 Reference value :  7.20100e-09
 Reference value :  7.36900e-09
 Reference value :  7.44900e-09
 Reference value :  7.48700e-09
No. of Data Rows : 3814
Note: Simulation executed from .control section 
