
Note: Compatibility modes selected: hs a


Circuit: * comparator-decision offset pick-off -- vindiff=0.0mv corner=ss temp=27.0c seed=2 (issue #9)

option SCALE: Scale is set to 1e-06 for instance and model parameters
option SCALE: Scale is set to 1e-06 for instance and model parameters
option SCALE: Scale is set to 1e-06 for instance and model parameters
option SCALE: Scale is set to 1e-06 for instance and model parameters
Doing analysis at TEMP = 27.000000 and TNOM = 27.000000

Using KLU as Direct Linear Solver
 Reference value :  0.00000e+00
 Reference value :  7.85600e-11
 Reference value :  8.45600e-11
 Reference value :  9.05600e-11
 Reference value :  9.85600e-11
 Reference value :  1.06560e-10
 Reference value :  1.12560e-10
 Reference value :  1.20560e-10
 Reference value :  4.00560e-10
 Reference value :  1.05656e-09
 Reference value :  2.02656e-09
 Reference value :  2.58856e-09
 Reference value :  3.09456e-09
 Reference value :  3.88656e-09
 Reference value :  4.47456e-09
 Reference value :  5.35700e-09
 Reference value :  5.71100e-09
 Reference value :  6.32700e-09
 Reference value :  6.86300e-09
 Reference value :  7.42700e-09
 Reference value :  7.50900e-09
No. of Data Rows : 3814
Note: Simulation executed from .control section 
