
Note: Compatibility modes selected: hs a


Circuit: * comparator-decision offset pick-off -- vindiff=0.0mv corner=ss temp=27.0c seed=4 (issue #9)

option SCALE: Scale is set to 1e-06 for instance and model parameters
option SCALE: Scale is set to 1e-06 for instance and model parameters
option SCALE: Scale is set to 1e-06 for instance and model parameters
option SCALE: Scale is set to 1e-06 for instance and model parameters
Doing analysis at TEMP = 27.000000 and TNOM = 27.000000

Using KLU as Direct Linear Solver
 Reference value :  0.00000e+00
 Reference value :  2.18560e-10
 Reference value :  2.26560e-10
 Reference value :  2.34560e-10
 Reference value :  7.38560e-10
 Reference value :  7.46560e-10
 Reference value :  7.54560e-10
 Reference value :  1.59256e-09
 Reference value :  1.85456e-09
 Reference value :  2.41856e-09
 Reference value :  2.78256e-09
 Reference value :  3.21456e-09
 Reference value :  3.67256e-09
 Reference value :  4.31856e-09
 Reference value :  4.74456e-09
 Reference value :  5.02500e-09
 Reference value :  5.86100e-09
 Reference value :  6.76900e-09
No. of Data Rows : 3814
Note: Simulation executed from .control section 
