
Note: Compatibility modes selected: hs a


Circuit: * comparator-decision offset pick-off -- vindiff=0.0mv corner=ss temp=27.0c seed=6 (issue #9)

option SCALE: Scale is set to 1e-06 for instance and model parameters
option SCALE: Scale is set to 1e-06 for instance and model parameters
option SCALE: Scale is set to 1e-06 for instance and model parameters
option SCALE: Scale is set to 1e-06 for instance and model parameters
Doing analysis at TEMP = 27.000000 and TNOM = 27.000000

Using KLU as Direct Linear Solver
 Reference value :  0.00000e+00
 Reference value :  6.62560e-10
 Reference value :  1.19256e-09
 Reference value :  1.59656e-09
 Reference value :  2.11656e-09
 Reference value :  2.68856e-09
 Reference value :  3.43056e-09
 Reference value :  4.16656e-09
 Reference value :  4.75656e-09
 Reference value :  5.44900e-09
 Reference value :  5.62300e-09
 Reference value :  5.81700e-09
 Reference value :  6.54300e-09
 Reference value :  7.25100e-09
 Reference value :  7.46500e-09
No. of Data Rows : 3814
Note: Simulation executed from .control section 
