
Note: Compatibility modes selected: hs a


Circuit: * comparator-decision offset pick-off -- vindiff=0.0mv corner=ss temp=27.0c seed=9 (issue #9)

option SCALE: Scale is set to 1e-06 for instance and model parameters
option SCALE: Scale is set to 1e-06 for instance and model parameters
option SCALE: Scale is set to 1e-06 for instance and model parameters
option SCALE: Scale is set to 1e-06 for instance and model parameters
Doing analysis at TEMP = 27.000000 and TNOM = 27.000000

Using KLU as Direct Linear Solver
 Reference value :  0.00000e+00
 Reference value :  9.00560e-10
 Reference value :  1.84856e-09
 Reference value :  2.90456e-09
 Reference value :  3.62256e-09
 Reference value :  4.18656e-09
 Reference value :  4.87256e-09
 Reference value :  5.16900e-09
 Reference value :  5.17700e-09
 Reference value :  5.18500e-09
 Reference value :  5.78100e-09
 Reference value :  6.21100e-09
 Reference value :  7.05900e-09
No. of Data Rows : 3814
Note: Simulation executed from .control section 
