
Note: Compatibility modes selected: hs a


Circuit: * comparator-decision offset pick-off -- vindiff=0.0mv corner=ss temp=27.0c seed=8 (issue #9)

option SCALE: Scale is set to 1e-06 for instance and model parameters
option SCALE: Scale is set to 1e-06 for instance and model parameters
option SCALE: Scale is set to 1e-06 for instance and model parameters
option SCALE: Scale is set to 1e-06 for instance and model parameters
Doing analysis at TEMP = 27.000000 and TNOM = 27.000000

Using KLU as Direct Linear Solver
 Reference value :  0.00000e+00
 Reference value :  3.28560e-10
 Reference value :  8.48560e-10
 Reference value :  1.28456e-09
 Reference value :  1.93656e-09
 Reference value :  2.68856e-09
 Reference value :  3.11856e-09
 Reference value :  3.42256e-09
 Reference value :  3.46856e-09
 Reference value :  4.12056e-09
 Reference value :  4.67256e-09
 Reference value :  5.41100e-09
 Reference value :  5.80700e-09
 Reference value :  6.21300e-09
 Reference value :  6.66900e-09
 Reference value :  7.21500e-09
No. of Data Rows : 3814
Note: Simulation executed from .control section 
