
Note: Compatibility modes selected: hs a


Circuit: * comparator-decision kickback disturbance -- variant=ideal rs=0ohm vindiff=50.0mv corner=ss temp=-40.0c (issue #26)

option SCALE: Scale is set to 1e-06 for instance and model parameters
option SCALE: Scale is set to 1e-06 for instance and model parameters
option SCALE: Scale is set to 1e-06 for instance and model parameters
option SCALE: Scale is set to 1e-06 for instance and model parameters
Doing analysis at TEMP = -40.000000 and TNOM = 27.000000

Using KLU as Direct Linear Solver
 Reference value :  0.00000e+00
 Reference value :  4.00000e-13
 Reference value :  1.14000e-11
 Reference value :  3.14000e-11
 Reference value :  5.36400e-10
 Reference value :  1.52640e-09
 Reference value :  1.85140e-09
 Reference value :  2.66140e-09
 Reference value :  3.41140e-09
 Reference value :  4.89640e-09
 Reference value :  5.29250e-09
 Reference value :  6.18250e-09
 Reference value :  8.11750e-09
 Reference value :  9.02250e-09
 Reference value :  1.15225e-08
 Reference value :  1.25525e-08
 Reference value :  1.48525e-08
 Reference value :  1.48725e-08
 Reference value :  1.48875e-08
 Reference value :  1.49075e-08
 Reference value :  1.49275e-08
 Reference value :  1.49475e-08
 Reference value :  1.49675e-08
 Reference value :  1.49875e-08
 Reference value :  1.50075e-08
 Reference value :  1.50475e-08
 Reference value :  1.79075e-08
 Reference value :  2.00175e-08
 Reference value :  2.24875e-08
 Reference value :  2.47275e-08
 Reference value :  2.58175e-08
 Reference value :  2.58375e-08
 Reference value :  2.58625e-08
 Reference value :  2.58825e-08
 Reference value :  2.59075e-08
 Reference value :  2.59275e-08
 Reference value :  2.59525e-08
 Reference value :  2.59725e-08
 Reference value :  2.62375e-08
 Reference value :  2.62575e-08
 Reference value :  2.67375e-08
 Reference value :  2.73725e-08
 Reference value :  2.80925e-08
 Reference value :  2.89075e-08
 Reference value :  2.94225e-08
 Reference value :  2.97725e-08
 Reference value :  3.04075e-08
 Reference value :  3.04275e-08
 Reference value :  3.04425e-08
 Reference value :  3.04625e-08
 Reference value :  3.04825e-08
 Reference value :  3.04975e-08
 Reference value :  3.05175e-08
 Reference value :  3.05375e-08
 Reference value :  3.05575e-08
 Reference value :  3.06825e-08
 Reference value :  3.17525e-08
 Reference value :  3.26875e-08
 Reference value :  3.44675e-08
 Reference value :  3.57175e-08
 Reference value :  3.58975e-08
 Reference value :  3.59225e-08
 Reference value :  3.59425e-08
 Reference value :  3.59625e-08
 Reference value :  3.59825e-08
 Reference value :  3.59975e-08
 Reference value :  3.60175e-08
 Reference value :  3.60325e-08
 Reference value :  3.63475e-08
 Reference value :  3.68175e-08
 Reference value :  3.69575e-08
 Reference value :  3.96675e-08
 Reference value :  4.10675e-08
 Reference value :  4.39075e-08
No. of Data Rows : 9034
Note: Simulation executed from .control section 
