
Note: Compatibility modes selected: hs a


Circuit: * comparator-decision regen-time sweep -- vindiff=50mv corner=tt temp=27.0c (issue #9)

option SCALE: Scale is set to 1e-06 for instance and model parameters
option SCALE: Scale is set to 1e-06 for instance and model parameters
option SCALE: Scale is set to 1e-06 for instance and model parameters
option SCALE: Scale is set to 1e-06 for instance and model parameters
Doing analysis at TEMP = 27.000000 and TNOM = 27.000000

Using KLU as Direct Linear Solver
 Reference value :  0.00000e+00
 Reference value :  1.93140e-09
 Reference value :  1.95140e-09
 Reference value :  1.97140e-09
 Reference value :  1.99140e-09
 Reference value :  5.52750e-09
 Reference value :  6.88250e-09
 Reference value :  1.01975e-08
 Reference value :  1.23425e-08
 Reference value :  1.23625e-08
 Reference value :  1.42025e-08
 Reference value :  1.48775e-08
 Reference value :  1.48975e-08
 Reference value :  1.49175e-08
 Reference value :  1.49375e-08
 Reference value :  1.49625e-08
 Reference value :  1.49875e-08
 Reference value :  1.50075e-08
 Reference value :  1.50325e-08
 Reference value :  1.50525e-08
 Reference value :  1.50675e-08
 Reference value :  1.50875e-08
 Reference value :  1.52775e-08
 Reference value :  1.54325e-08
 Reference value :  1.62725e-08
 Reference value :  1.84825e-08
 Reference value :  1.85075e-08
 Reference value :  1.86625e-08
 Reference value :  1.93225e-08
 Reference value :  2.14425e-08
 Reference value :  2.18825e-08
 Reference value :  2.19025e-08
 Reference value :  2.19225e-08
 Reference value :  2.19425e-08
 Reference value :  2.19625e-08
 Reference value :  2.19775e-08
 Reference value :  2.19975e-08
 Reference value :  2.20175e-08
 Reference value :  2.20375e-08
 Reference value :  2.28275e-08
 Reference value :  2.43275e-08
 Reference value :  2.71825e-08
 Reference value :  3.16675e-08
 Reference value :  3.16875e-08
 Reference value :  3.61575e-08
 Reference value :  3.75725e-08
 Reference value :  3.75925e-08
 Reference value :  3.76125e-08
 Reference value :  3.78475e-08
 Reference value :  3.78675e-08
 Reference value :  3.91075e-08
 Reference value :  4.08775e-08
 Reference value :  4.08975e-08
 Reference value :  4.09175e-08
 Reference value :  4.09425e-08
 Reference value :  4.09625e-08
 Reference value :  4.09875e-08
 Reference value :  4.10075e-08
 Reference value :  4.10275e-08
 Reference value :  4.14825e-08
 Reference value :  4.15025e-08
 Reference value :  4.42625e-08
 Reference value :  4.42825e-08
No. of Data Rows : 9034
Note: Simulation executed from .control section 
