
Note: Compatibility modes selected: hs a


Circuit: * comparator-decision regen-time sweep -- vindiff=-10mv corner=tt temp=27.0c (issue #9)

option SCALE: Scale is set to 1e-06 for instance and model parameters
option SCALE: Scale is set to 1e-06 for instance and model parameters
option SCALE: Scale is set to 1e-06 for instance and model parameters
option SCALE: Scale is set to 1e-06 for instance and model parameters
Doing analysis at TEMP = 27.000000 and TNOM = 27.000000

Using KLU as Direct Linear Solver
 Reference value :  0.00000e+00
 Reference value :  4.75140e-09
 Reference value :  9.43250e-09
 Reference value :  1.43325e-08
 Reference value :  1.92425e-08
 Reference value :  2.41425e-08
 Reference value :  2.62275e-08
 Reference value :  2.93675e-08
 Reference value :  3.18625e-08
 Reference value :  3.53975e-08
 Reference value :  4.02175e-08
 Reference value :  4.50625e-08
No. of Data Rows : 9034
Note: Simulation executed from .control section 
