
Note: Compatibility modes selected: hs a


Circuit: * comparator-decision regen-time sweep -- vindiff=20mv corner=tt temp=27.0c (issue #9)

option SCALE: Scale is set to 1e-06 for instance and model parameters
option SCALE: Scale is set to 1e-06 for instance and model parameters
option SCALE: Scale is set to 1e-06 for instance and model parameters
option SCALE: Scale is set to 1e-06 for instance and model parameters
Doing analysis at TEMP = 27.000000 and TNOM = 27.000000

Using KLU as Direct Linear Solver
 Reference value :  0.00000e+00
 Reference value :  4.59140e-09
 Reference value :  7.07750e-09
 Reference value :  9.20750e-09
 Reference value :  1.40625e-08
 Reference value :  1.40825e-08
 Reference value :  1.71225e-08
 Reference value :  1.92725e-08
 Reference value :  2.11075e-08
 Reference value :  2.58225e-08
 Reference value :  2.61475e-08
 Reference value :  2.88925e-08
 Reference value :  3.14675e-08
 Reference value :  3.37275e-08
 Reference value :  3.85525e-08
 Reference value :  3.87175e-08
 Reference value :  4.23075e-08
 Reference value :  4.45675e-08
 Reference value :  4.48925e-08
No. of Data Rows : 9034
Note: Simulation executed from .control section 
