
Note: Compatibility modes selected: hs a


Circuit: * comparator-decision regen-time sweep -- vindiff=2mv corner=tt temp=27.0c (issue #9)

option SCALE: Scale is set to 1e-06 for instance and model parameters
option SCALE: Scale is set to 1e-06 for instance and model parameters
option SCALE: Scale is set to 1e-06 for instance and model parameters
option SCALE: Scale is set to 1e-06 for instance and model parameters
Doing analysis at TEMP = 27.000000 and TNOM = 27.000000

Using KLU as Direct Linear Solver
 Reference value :  0.00000e+00
 Reference value :  4.77140e-09
 Reference value :  9.54250e-09
 Reference value :  1.18175e-08
 Reference value :  1.66925e-08
 Reference value :  2.11275e-08
 Reference value :  2.41775e-08
 Reference value :  2.90075e-08
 Reference value :  3.20525e-08
 Reference value :  3.60825e-08
 Reference value :  4.09175e-08
 Reference value :  4.31875e-08
No. of Data Rows : 9034
Note: Simulation executed from .control section 
