
Note: Compatibility modes selected: hs a


Circuit: * comparator-decision regen-time sweep -- vindiff=10mv corner=ss temp=-40.0c (issue #9)

option SCALE: Scale is set to 1e-06 for instance and model parameters
option SCALE: Scale is set to 1e-06 for instance and model parameters
option SCALE: Scale is set to 1e-06 for instance and model parameters
option SCALE: Scale is set to 1e-06 for instance and model parameters
Doing analysis at TEMP = -40.000000 and TNOM = 27.000000

Using KLU as Direct Linear Solver
 Reference value :  0.00000e+00
 Reference value :  4.00000e-13
 Reference value :  6.40000e-12
 Reference value :  1.41140e-09
 Reference value :  5.17250e-09
 Reference value :  9.17750e-09
 Reference value :  1.11525e-08
 Reference value :  1.38125e-08
 Reference value :  1.68525e-08
 Reference value :  1.94775e-08
 Reference value :  2.20275e-08
 Reference value :  2.47475e-08
 Reference value :  2.61025e-08
 Reference value :  2.61175e-08
 Reference value :  2.61375e-08
 Reference value :  2.61575e-08
 Reference value :  2.61725e-08
 Reference value :  2.61925e-08
 Reference value :  2.62075e-08
 Reference value :  2.62275e-08
 Reference value :  2.62475e-08
 Reference value :  2.62625e-08
 Reference value :  2.74075e-08
 Reference value :  3.01025e-08
 Reference value :  3.18575e-08
 Reference value :  3.42725e-08
 Reference value :  3.90425e-08
 Reference value :  4.33125e-08
No. of Data Rows : 9034
Note: Simulation executed from .control section 
