
Note: Compatibility modes selected: hs a


Circuit: * comparator-decision regen-time sweep -- vindiff=5mv corner=ss temp=-40.0c (issue #9)

option SCALE: Scale is set to 1e-06 for instance and model parameters
option SCALE: Scale is set to 1e-06 for instance and model parameters
option SCALE: Scale is set to 1e-06 for instance and model parameters
option SCALE: Scale is set to 1e-06 for instance and model parameters
Doing analysis at TEMP = -40.000000 and TNOM = 27.000000

Using KLU as Direct Linear Solver
 Reference value :  0.00000e+00
 Reference value :  4.68140e-09
 Reference value :  9.42250e-09
 Reference value :  1.42275e-08
 Reference value :  1.64425e-08
 Reference value :  1.64575e-08
 Reference value :  1.64775e-08
 Reference value :  1.64975e-08
 Reference value :  1.65175e-08
 Reference value :  1.65325e-08
 Reference value :  1.65475e-08
 Reference value :  1.65625e-08
 Reference value :  1.65825e-08
 Reference value :  1.65975e-08
 Reference value :  1.80925e-08
 Reference value :  2.01875e-08
 Reference value :  2.05275e-08
 Reference value :  2.26825e-08
 Reference value :  2.65525e-08
 Reference value :  3.13975e-08
 Reference value :  3.62175e-08
 Reference value :  4.10675e-08
No. of Data Rows : 9034
Note: Simulation executed from .control section 
