
Note: Compatibility modes selected: hs a


Circuit: * comparator-decision regen-time sweep -- vindiff=-10mv corner=ss temp=-40.0c (issue #9)

option SCALE: Scale is set to 1e-06 for instance and model parameters
option SCALE: Scale is set to 1e-06 for instance and model parameters
option SCALE: Scale is set to 1e-06 for instance and model parameters
option SCALE: Scale is set to 1e-06 for instance and model parameters
Doing analysis at TEMP = -40.000000 and TNOM = 27.000000

Using KLU as Direct Linear Solver
 Reference value :  0.00000e+00
 Reference value :  4.81140e-09
 Reference value :  9.61750e-09
 Reference value :  1.43875e-08
 Reference value :  1.92925e-08
 Reference value :  2.42375e-08
 Reference value :  2.91725e-08
 Reference value :  3.41225e-08
 Reference value :  3.90275e-08
 Reference value :  4.39625e-08
No. of Data Rows : 9034
Note: Simulation executed from .control section 
