
Note: Compatibility modes selected: hs a


Circuit: * comparator-decision offset pick-off -- vindiff=0.0mv corner=sf_mm temp=27.0c seed=10 (issue #9)

option SCALE: Scale is set to 1e-06 for instance and model parameters
option SCALE: Scale is set to 1e-06 for instance and model parameters
option SCALE: Scale is set to 1e-06 for instance and model parameters
option SCALE: Scale is set to 1e-06 for instance and model parameters
Doing analysis at TEMP = 27.000000 and TNOM = 27.000000

Using KLU as Direct Linear Solver
 Reference value :  0.00000e+00
 Reference value :  8.82560e-10
 Reference value :  1.68256e-09
 Reference value :  2.78056e-09
 Reference value :  3.56256e-09
 Reference value :  4.30256e-09
 Reference value :  5.02900e-09
 Reference value :  6.06900e-09
 Reference value :  6.68900e-09
 Reference value :  7.43500e-09
No. of Data Rows : 3814
Note: Simulation executed from .control section 
