
Note: Compatibility modes selected: hs a


Circuit: * comparator-decision offset pick-off -- vindiff=0.0mv corner=sf_mm temp=27.0c seed=1 (issue #9)

option SCALE: Scale is set to 1e-06 for instance and model parameters
option SCALE: Scale is set to 1e-06 for instance and model parameters
option SCALE: Scale is set to 1e-06 for instance and model parameters
option SCALE: Scale is set to 1e-06 for instance and model parameters
Doing analysis at TEMP = 27.000000 and TNOM = 27.000000

Using KLU as Direct Linear Solver
 Reference value :  0.00000e+00
 Reference value :  3.70560e-10
 Reference value :  3.76560e-10
 Reference value :  3.84560e-10
 Reference value :  3.92560e-10
 Reference value :  4.00560e-10
 Reference value :  4.06560e-10
 Reference value :  4.12560e-10
 Reference value :  1.06256e-09
 Reference value :  1.33456e-09
 Reference value :  1.34056e-09
 Reference value :  1.34656e-09
 Reference value :  1.35456e-09
 Reference value :  1.36256e-09
 Reference value :  1.36856e-09
 Reference value :  1.37656e-09
 Reference value :  1.38256e-09
 Reference value :  1.38856e-09
 Reference value :  1.39656e-09
 Reference value :  1.40656e-09
 Reference value :  1.41256e-09
 Reference value :  1.42056e-09
 Reference value :  1.82456e-09
 Reference value :  2.22256e-09
 Reference value :  2.22856e-09
 Reference value :  2.23456e-09
 Reference value :  2.24056e-09
 Reference value :  2.24656e-09
 Reference value :  2.25256e-09
 Reference value :  2.26256e-09
 Reference value :  2.29656e-09
 Reference value :  2.30456e-09
 Reference value :  2.31256e-09
 Reference value :  2.31856e-09
 Reference value :  2.32456e-09
 Reference value :  3.12056e-09
 Reference value :  4.01856e-09
 Reference value :  4.25856e-09
 Reference value :  4.26656e-09
 Reference value :  5.11700e-09
 Reference value :  5.15900e-09
 Reference value :  5.16500e-09
 Reference value :  5.17100e-09
 Reference value :  5.17700e-09
 Reference value :  5.18500e-09
 Reference value :  5.19100e-09
 Reference value :  5.19700e-09
 Reference value :  5.20500e-09
 Reference value :  5.21100e-09
 Reference value :  5.21700e-09
 Reference value :  5.84700e-09
 Reference value :  6.34900e-09
 Reference value :  6.35500e-09
 Reference value :  6.36300e-09
 Reference value :  6.52300e-09
 Reference value :  7.43900e-09
No. of Data Rows : 3814
Note: Simulation executed from .control section 
