
Note: Compatibility modes selected: hs a


Circuit: * comparator-decision offset pick-off -- vindiff=0.0mv corner=sf_mm temp=27.0c seed=2 (issue #9)

option SCALE: Scale is set to 1e-06 for instance and model parameters
option SCALE: Scale is set to 1e-06 for instance and model parameters
option SCALE: Scale is set to 1e-06 for instance and model parameters
option SCALE: Scale is set to 1e-06 for instance and model parameters
Doing analysis at TEMP = 27.000000 and TNOM = 27.000000

Using KLU as Direct Linear Solver
 Reference value :  0.00000e+00
 Reference value :  6.60560e-10
 Reference value :  7.44560e-10
 Reference value :  7.52560e-10
 Reference value :  7.60560e-10
 Reference value :  7.68560e-10
 Reference value :  7.74560e-10
 Reference value :  7.82560e-10
 Reference value :  7.90560e-10
 Reference value :  7.96560e-10
 Reference value :  8.04560e-10
 Reference value :  8.10560e-10
 Reference value :  8.16560e-10
 Reference value :  8.24560e-10
 Reference value :  8.30560e-10
 Reference value :  8.38560e-10
 Reference value :  9.66560e-10
 Reference value :  9.74560e-10
 Reference value :  9.82560e-10
 Reference value :  9.90560e-10
 Reference value :  9.98560e-10
 Reference value :  1.00656e-09
 Reference value :  1.01656e-09
 Reference value :  1.02456e-09
 Reference value :  1.75456e-09
 Reference value :  2.41256e-09
 Reference value :  2.53656e-09
 Reference value :  2.54456e-09
 Reference value :  2.55056e-09
 Reference value :  2.55856e-09
 Reference value :  2.56456e-09
 Reference value :  2.57256e-09
 Reference value :  3.27056e-09
 Reference value :  3.69056e-09
 Reference value :  3.69656e-09
 Reference value :  3.70456e-09
 Reference value :  3.71056e-09
 Reference value :  3.71856e-09
 Reference value :  3.72456e-09
 Reference value :  3.88656e-09
 Reference value :  3.89256e-09
 Reference value :  3.90056e-09
 Reference value :  3.90856e-09
 Reference value :  3.91656e-09
 Reference value :  3.92456e-09
 Reference value :  3.93256e-09
 Reference value :  3.94056e-09
 Reference value :  3.94856e-09
 Reference value :  3.95456e-09
 Reference value :  3.96256e-09
 Reference value :  3.97056e-09
 Reference value :  3.97656e-09
 Reference value :  3.98456e-09
 Reference value :  3.99256e-09
 Reference value :  3.99856e-09
 Reference value :  4.00456e-09
 Reference value :  4.01256e-09
 Reference value :  4.01856e-09
 Reference value :  4.02656e-09
 Reference value :  4.03256e-09
 Reference value :  4.73256e-09
 Reference value :  5.53900e-09
 Reference value :  6.66900e-09
 Reference value :  7.50500e-09
No. of Data Rows : 3814
Note: Simulation executed from .control section 
