
Note: Compatibility modes selected: hs a


Circuit: * comparator-decision offset pick-off -- vindiff=0.0mv corner=sf_mm temp=27.0c seed=9 (issue #9)

option SCALE: Scale is set to 1e-06 for instance and model parameters
option SCALE: Scale is set to 1e-06 for instance and model parameters
option SCALE: Scale is set to 1e-06 for instance and model parameters
option SCALE: Scale is set to 1e-06 for instance and model parameters
Doing analysis at TEMP = 27.000000 and TNOM = 27.000000

Using KLU as Direct Linear Solver
 Reference value :  0.00000e+00
 Reference value :  6.48560e-10
 Reference value :  1.31256e-09
 Reference value :  2.21856e-09
 Reference value :  3.07256e-09
 Reference value :  3.43656e-09
 Reference value :  4.26856e-09
 Reference value :  5.28300e-09
 Reference value :  6.35500e-09
 Reference value :  7.19300e-09
No. of Data Rows : 3814
Note: Simulation executed from .control section 
