
Note: Compatibility modes selected: hs a


Circuit: * comparator-decision offset pick-off -- vindiff=0.0mv corner=sf temp=27.0c seed=7 (issue #9)

option SCALE: Scale is set to 1e-06 for instance and model parameters
option SCALE: Scale is set to 1e-06 for instance and model parameters
option SCALE: Scale is set to 1e-06 for instance and model parameters
option SCALE: Scale is set to 1e-06 for instance and model parameters
Doing analysis at TEMP = 27.000000 and TNOM = 27.000000

Using KLU as Direct Linear Solver
 Reference value :  0.00000e+00
 Reference value :  5.08560e-10
 Reference value :  6.26560e-10
 Reference value :  6.34560e-10
 Reference value :  6.42560e-10
 Reference value :  7.24560e-10
 Reference value :  1.57856e-09
 Reference value :  1.71856e-09
 Reference value :  1.72456e-09
 Reference value :  1.83656e-09
 Reference value :  2.83856e-09
 Reference value :  3.30256e-09
 Reference value :  3.31056e-09
 Reference value :  3.62456e-09
 Reference value :  3.63256e-09
 Reference value :  4.24456e-09
 Reference value :  4.27256e-09
 Reference value :  5.13100e-09
 Reference value :  5.20300e-09
 Reference value :  5.51300e-09
 Reference value :  5.71300e-09
 Reference value :  6.09700e-09
 Reference value :  6.45300e-09
 Reference value :  6.56100e-09
 Reference value :  6.83900e-09
 Reference value :  7.13100e-09
 Reference value :  7.58300e-09
 Reference value :  7.59100e-09
No. of Data Rows : 3814
Note: Simulation executed from .control section 
