
Note: Compatibility modes selected: hs a


Circuit: * comparator-decision offset pick-off -- vindiff=0.0mv corner=sf temp=27.0c seed=10 (issue #9)

option SCALE: Scale is set to 1e-06 for instance and model parameters
option SCALE: Scale is set to 1e-06 for instance and model parameters
option SCALE: Scale is set to 1e-06 for instance and model parameters
option SCALE: Scale is set to 1e-06 for instance and model parameters
Doing analysis at TEMP = 27.000000 and TNOM = 27.000000

Using KLU as Direct Linear Solver
 Reference value :  0.00000e+00
 Reference value :  7.40560e-10
 Reference value :  1.46056e-09
 Reference value :  2.28656e-09
 Reference value :  2.77856e-09
 Reference value :  3.75056e-09
 Reference value :  4.53256e-09
 Reference value :  5.07700e-09
 Reference value :  5.08500e-09
 Reference value :  5.09300e-09
 Reference value :  5.09850e-09
 Reference value :  5.64700e-09
 Reference value :  5.65300e-09
 Reference value :  5.66100e-09
 Reference value :  6.50500e-09
 Reference value :  6.51100e-09
 Reference value :  7.49700e-09
No. of Data Rows : 3814
Note: Simulation executed from .control section 
