
Note: Compatibility modes selected: hs a


Circuit: * comparator-decision offset pick-off -- vindiff=0.0mv corner=sf temp=27.0c seed=14 (issue #9)

option SCALE: Scale is set to 1e-06 for instance and model parameters
option SCALE: Scale is set to 1e-06 for instance and model parameters
option SCALE: Scale is set to 1e-06 for instance and model parameters
option SCALE: Scale is set to 1e-06 for instance and model parameters
Doing analysis at TEMP = 27.000000 and TNOM = 27.000000

Using KLU as Direct Linear Solver
 Reference value :  0.00000e+00
 Reference value :  9.52560e-10
 Reference value :  1.87056e-09
 Reference value :  2.44856e-09
 Reference value :  3.49456e-09
 Reference value :  3.99456e-09
 Reference value :  4.76056e-09
 Reference value :  5.70900e-09
 Reference value :  6.81100e-09
 Reference value :  7.54100e-09
No. of Data Rows : 3814
Note: Simulation executed from .control section 
