
Note: Compatibility modes selected: hs a


Circuit: * comparator-decision offset pick-off -- vindiff=0.0mv corner=sf temp=27.0c seed=3 (issue #9)

option SCALE: Scale is set to 1e-06 for instance and model parameters
option SCALE: Scale is set to 1e-06 for instance and model parameters
option SCALE: Scale is set to 1e-06 for instance and model parameters
option SCALE: Scale is set to 1e-06 for instance and model parameters
Doing analysis at TEMP = 27.000000 and TNOM = 27.000000

Using KLU as Direct Linear Solver
 Reference value :  0.00000e+00
 Reference value :  5.56560e-10
 Reference value :  5.64560e-10
 Reference value :  5.72560e-10
 Reference value :  1.59656e-09
 Reference value :  2.52656e-09
 Reference value :  3.63056e-09
 Reference value :  4.52056e-09
 Reference value :  5.38100e-09
 Reference value :  6.12100e-09
 Reference value :  7.17100e-09
No. of Data Rows : 3814
Note: Simulation executed from .control section 
