
Note: Compatibility modes selected: hs a


Circuit: * comparator-decision offset pick-off -- vindiff=0.0mv corner=sf temp=27.0c seed=9 (issue #9)

option SCALE: Scale is set to 1e-06 for instance and model parameters
option SCALE: Scale is set to 1e-06 for instance and model parameters
option SCALE: Scale is set to 1e-06 for instance and model parameters
option SCALE: Scale is set to 1e-06 for instance and model parameters
Doing analysis at TEMP = 27.000000 and TNOM = 27.000000

Using KLU as Direct Linear Solver
 Reference value :  0.00000e+00
 Reference value :  2.94560e-10
 Reference value :  3.00560e-10
 Reference value :  9.46560e-10
 Reference value :  1.80056e-09
 Reference value :  1.80856e-09
 Reference value :  2.29456e-09
 Reference value :  2.36056e-09
 Reference value :  2.73256e-09
 Reference value :  3.37856e-09
 Reference value :  3.62256e-09
 Reference value :  3.87456e-09
 Reference value :  5.03700e-09
 Reference value :  5.90700e-09
 Reference value :  6.59500e-09
 Reference value :  6.78300e-09
 Reference value :  6.79100e-09
 Reference value :  7.40500e-09
No. of Data Rows : 3814
Note: Simulation executed from .control section 
