
Note: Compatibility modes selected: hs a


Circuit: * comparator-decision offset pick-off -- vindiff=0.0mv corner=sf temp=27.0c seed=8 (issue #9)

option SCALE: Scale is set to 1e-06 for instance and model parameters
option SCALE: Scale is set to 1e-06 for instance and model parameters
option SCALE: Scale is set to 1e-06 for instance and model parameters
option SCALE: Scale is set to 1e-06 for instance and model parameters
Doing analysis at TEMP = 27.000000 and TNOM = 27.000000

Using KLU as Direct Linear Solver
 Reference value :  0.00000e+00
 Reference value :  4.08560e-10
 Reference value :  4.14560e-10
 Reference value :  8.06560e-10
 Reference value :  8.14560e-10
 Reference value :  1.31256e-09
 Reference value :  1.54456e-09
 Reference value :  2.05856e-09
 Reference value :  2.06656e-09
 Reference value :  2.37256e-09
 Reference value :  2.49856e-09
 Reference value :  2.50656e-09
 Reference value :  2.51256e-09
 Reference value :  2.52056e-09
 Reference value :  3.01656e-09
 Reference value :  3.02256e-09
 Reference value :  3.66056e-09
 Reference value :  3.66856e-09
 Reference value :  4.06856e-09
 Reference value :  4.46856e-09
 Reference value :  4.47656e-09
 Reference value :  4.66656e-09
 Reference value :  4.88256e-09
 Reference value :  5.98500e-09
 Reference value :  6.09300e-09
 Reference value :  6.65900e-09
 Reference value :  7.44700e-09
No. of Data Rows : 3814
Note: Simulation executed from .control section 
