
Note: Compatibility modes selected: hs a


Circuit: * comparator-decision offset pick-off -- vindiff=0.0mv corner=sf temp=27.0c seed=2 (issue #9)

option SCALE: Scale is set to 1e-06 for instance and model parameters
option SCALE: Scale is set to 1e-06 for instance and model parameters
option SCALE: Scale is set to 1e-06 for instance and model parameters
option SCALE: Scale is set to 1e-06 for instance and model parameters
Doing analysis at TEMP = 27.000000 and TNOM = 27.000000

Using KLU as Direct Linear Solver
 Reference value :  0.00000e+00
 Reference value :  9.16560e-10
 Reference value :  1.88456e-09
 Reference value :  2.81056e-09
 Reference value :  3.73256e-09
 Reference value :  4.19456e-09
 Reference value :  4.72256e-09
 Reference value :  5.85300e-09
 Reference value :  6.55300e-09
 Reference value :  7.51300e-09
No. of Data Rows : 3814
Note: Simulation executed from .control section 
