
Note: Compatibility modes selected: hs a


Circuit: * comparator-decision offset pick-off -- vindiff=0.0mv corner=tt_mm temp=27.0c seed=3 (issue #9)

option SCALE: Scale is set to 1e-06 for instance and model parameters
option SCALE: Scale is set to 1e-06 for instance and model parameters
option SCALE: Scale is set to 1e-06 for instance and model parameters
option SCALE: Scale is set to 1e-06 for instance and model parameters
Doing analysis at TEMP = 27.000000 and TNOM = 27.000000

Using KLU as Direct Linear Solver
 Reference value :  0.00000e+00
 Reference value :  1.60000e-13
 Reference value :  4.56000e-12
 Reference value :  1.25600e-11
 Reference value :  2.05600e-11
 Reference value :  2.85600e-11
 Reference value :  3.65600e-11
 Reference value :  4.45600e-11
 Reference value :  3.18560e-10
 Reference value :  3.26560e-10
 Reference value :  3.34560e-10
 Reference value :  3.42560e-10
 Reference value :  9.52560e-10
 Reference value :  1.60856e-09
 Reference value :  2.24856e-09
 Reference value :  2.89256e-09
 Reference value :  3.34056e-09
 Reference value :  3.34856e-09
 Reference value :  3.35656e-09
 Reference value :  4.03656e-09
 Reference value :  4.72056e-09
 Reference value :  5.28300e-09
 Reference value :  5.84300e-09
 Reference value :  6.58900e-09
 Reference value :  7.28100e-09
No. of Data Rows : 3814
Note: Simulation executed from .control section 
