
Note: Compatibility modes selected: hs a


Circuit: * comparator-decision offset pick-off -- vindiff=10mv corner=tt temp=27.0c seed=none (issue #9)

option SCALE: Scale is set to 1e-06 for instance and model parameters
option SCALE: Scale is set to 1e-06 for instance and model parameters
option SCALE: Scale is set to 1e-06 for instance and model parameters
option SCALE: Scale is set to 1e-06 for instance and model parameters
Doing analysis at TEMP = 27.000000 and TNOM = 27.000000

Using KLU as Direct Linear Solver
 Reference value :  0.00000e+00
 Reference value :  1.60000e-13
 Reference value :  2.56000e-12
 Reference value :  8.56000e-12
 Reference value :  1.65600e-11
 Reference value :  8.05600e-11
 Reference value :  1.17856e-09
 Reference value :  2.23456e-09
 Reference value :  2.86656e-09
 Reference value :  2.87256e-09
 Reference value :  3.28856e-09
 Reference value :  3.92856e-09
 Reference value :  4.22856e-09
 Reference value :  5.33700e-09
 Reference value :  6.53700e-09
 Reference value :  7.59100e-09
No. of Data Rows : 3814
Note: Simulation executed from .control section 
