
Note: Compatibility modes selected: hs a


Circuit: * comparator-decision offset pick-off -- vindiff=0.0mv corner=tt temp=27.0c seed=13 (issue #9)

option SCALE: Scale is set to 1e-06 for instance and model parameters
option SCALE: Scale is set to 1e-06 for instance and model parameters
option SCALE: Scale is set to 1e-06 for instance and model parameters
option SCALE: Scale is set to 1e-06 for instance and model parameters
Doing analysis at TEMP = 27.000000 and TNOM = 27.000000

Using KLU as Direct Linear Solver
 Reference value :  0.00000e+00
 Reference value :  1.12560e-10
 Reference value :  1.16456e-09
 Reference value :  1.17256e-09
 Reference value :  1.18056e-09
 Reference value :  1.18856e-09
 Reference value :  1.19656e-09
 Reference value :  1.20456e-09
 Reference value :  1.48456e-09
 Reference value :  1.71656e-09
 Reference value :  2.05256e-09
 Reference value :  2.97656e-09
 Reference value :  2.98856e-09
 Reference value :  3.17656e-09
 Reference value :  4.03856e-09
 Reference value :  4.27856e-09
 Reference value :  5.50700e-09
 Reference value :  5.62300e-09
 Reference value :  5.74300e-09
 Reference value :  6.45100e-09
 Reference value :  6.63300e-09
 Reference value :  7.27500e-09
 Reference value :  7.28700e-09
 Reference value :  7.29900e-09
 Reference value :  7.30700e-09
 Reference value :  7.31700e-09
No. of Data Rows : 3814
Note: Simulation executed from .control section 
