
Note: Compatibility modes selected: hs a


Circuit: * comparator-decision offset pick-off -- vindiff=0.0mv corner=tt temp=27.0c seed=6 (issue #9)

option SCALE: Scale is set to 1e-06 for instance and model parameters
option SCALE: Scale is set to 1e-06 for instance and model parameters
option SCALE: Scale is set to 1e-06 for instance and model parameters
option SCALE: Scale is set to 1e-06 for instance and model parameters
Doing analysis at TEMP = 27.000000 and TNOM = 27.000000

Using KLU as Direct Linear Solver
 Reference value :  0.00000e+00
 Reference value :  1.60000e-13
 Reference value :  2.56000e-12
 Reference value :  1.05600e-11
 Reference value :  1.85600e-11
 Reference value :  2.65600e-11
 Reference value :  3.45600e-11
 Reference value :  4.25600e-11
 Reference value :  5.05600e-11
 Reference value :  5.85600e-11
 Reference value :  6.65600e-11
 Reference value :  7.45600e-11
 Reference value :  8.25600e-11
 Reference value :  9.05600e-11
 Reference value :  9.85600e-11
 Reference value :  1.06560e-10
 Reference value :  1.14560e-10
 Reference value :  1.22560e-10
 Reference value :  1.30560e-10
 Reference value :  1.38560e-10
 Reference value :  1.46560e-10
 Reference value :  1.54560e-10
 Reference value :  1.62560e-10
 Reference value :  1.70560e-10
 Reference value :  1.78560e-10
 Reference value :  1.86560e-10
 Reference value :  1.94560e-10
 Reference value :  2.02560e-10
 Reference value :  2.10560e-10
 Reference value :  2.18560e-10
 Reference value :  2.28560e-10
 Reference value :  2.36560e-10
 Reference value :  2.44560e-10
 Reference value :  2.52560e-10
 Reference value :  2.60560e-10
 Reference value :  2.68560e-10
 Reference value :  2.76560e-10
 Reference value :  2.84560e-10
 Reference value :  2.92560e-10
 Reference value :  3.00560e-10
 Reference value :  3.08560e-10
 Reference value :  3.16560e-10
 Reference value :  3.24560e-10
 Reference value :  4.36560e-10
 Reference value :  6.92560e-10
 Reference value :  1.10056e-09
 Reference value :  1.57056e-09
 Reference value :  2.11856e-09
 Reference value :  2.46056e-09
 Reference value :  2.83856e-09
 Reference value :  3.43456e-09
 Reference value :  3.66256e-09
 Reference value :  3.82056e-09
 Reference value :  3.82856e-09
 Reference value :  3.83656e-09
 Reference value :  4.03456e-09
 Reference value :  4.19056e-09
 Reference value :  4.19856e-09
 Reference value :  4.20656e-09
 Reference value :  4.21456e-09
 Reference value :  4.51856e-09
 Reference value :  4.70456e-09
 Reference value :  5.10140e-09
 Reference value :  5.31100e-09
 Reference value :  5.31900e-09
 Reference value :  5.59700e-09
 Reference value :  5.69300e-09
 Reference value :  5.70100e-09
 Reference value :  6.10700e-09
 Reference value :  6.46100e-09
 Reference value :  7.02500e-09
 Reference value :  7.48700e-09
No. of Data Rows : 3814
Note: Simulation executed from .control section 
