
Note: Compatibility modes selected: hs a


Circuit: * comparator-decision offset pick-off -- vindiff=0.0mv corner=tt temp=27.0c seed=15 (issue #9)

option SCALE: Scale is set to 1e-06 for instance and model parameters
option SCALE: Scale is set to 1e-06 for instance and model parameters
option SCALE: Scale is set to 1e-06 for instance and model parameters
option SCALE: Scale is set to 1e-06 for instance and model parameters
Doing analysis at TEMP = 27.000000 and TNOM = 27.000000

Using KLU as Direct Linear Solver
 Reference value :  0.00000e+00
 Reference value :  3.45600e-11
 Reference value :  8.56560e-10
 Reference value :  8.68560e-10
 Reference value :  2.16256e-09
 Reference value :  2.24656e-09
 Reference value :  2.44856e-09
 Reference value :  3.48056e-09
 Reference value :  3.53856e-09
 Reference value :  4.63656e-09
 Reference value :  4.73656e-09
 Reference value :  4.93256e-09
 Reference value :  6.08500e-09
 Reference value :  6.09500e-09
 Reference value :  7.15300e-09
 Reference value :  7.16300e-09
 Reference value :  7.17300e-09
No. of Data Rows : 3814
Note: Simulation executed from .control section 
