
Note: Compatibility modes selected: hs a


Circuit: * comparator-decision offset pick-off -- vindiff=0.0mv corner=tt temp=27.0c seed=4 (issue #9)

option SCALE: Scale is set to 1e-06 for instance and model parameters
option SCALE: Scale is set to 1e-06 for instance and model parameters
option SCALE: Scale is set to 1e-06 for instance and model parameters
option SCALE: Scale is set to 1e-06 for instance and model parameters
Doing analysis at TEMP = 27.000000 and TNOM = 27.000000

Using KLU as Direct Linear Solver
 Reference value :  0.00000e+00
 Reference value :  5.04560e-10
 Reference value :  7.80560e-10
 Reference value :  1.27456e-09
 Reference value :  2.23656e-09
 Reference value :  2.96656e-09
 Reference value :  2.97456e-09
 Reference value :  3.38056e-09
 Reference value :  4.47656e-09
 Reference value :  6.00700e-09
 Reference value :  6.12700e-09
 Reference value :  6.13500e-09
 Reference value :  6.14300e-09
 Reference value :  6.15100e-09
 Reference value :  6.15900e-09
 Reference value :  6.16500e-09
 Reference value :  6.17100e-09
 Reference value :  6.17900e-09
 Reference value :  6.18700e-09
 Reference value :  6.19500e-09
 Reference value :  6.20300e-09
 Reference value :  6.21300e-09
 Reference value :  6.22100e-09
 Reference value :  6.22700e-09
 Reference value :  6.23500e-09
 Reference value :  6.24300e-09
 Reference value :  6.25100e-09
 Reference value :  6.25700e-09
 Reference value :  6.26500e-09
 Reference value :  6.27300e-09
 Reference value :  6.27900e-09
 Reference value :  6.28700e-09
 Reference value :  6.29500e-09
 Reference value :  6.30100e-09
 Reference value :  6.30900e-09
 Reference value :  6.31700e-09
 Reference value :  6.32500e-09
 Reference value :  6.36900e-09
 Reference value :  6.84100e-09
 Reference value :  6.98700e-09
 Reference value :  6.99500e-09
 Reference value :  7.00300e-09
No. of Data Rows : 3814
Note: Simulation executed from .control section 
