
Note: Compatibility modes selected: hs a


Circuit: * comparator-decision offset pick-off -- vindiff=0.0mv corner=tt temp=27.0c seed=11 (issue #9)

option SCALE: Scale is set to 1e-06 for instance and model parameters
option SCALE: Scale is set to 1e-06 for instance and model parameters
option SCALE: Scale is set to 1e-06 for instance and model parameters
option SCALE: Scale is set to 1e-06 for instance and model parameters
Doing analysis at TEMP = 27.000000 and TNOM = 27.000000

Using KLU as Direct Linear Solver
 Reference value :  0.00000e+00
 Reference value :  3.70560e-10
 Reference value :  3.80560e-10
 Reference value :  7.06560e-10
 Reference value :  7.18560e-10
 Reference value :  7.28560e-10
 Reference value :  1.19256e-09
 Reference value :  1.37256e-09
 Reference value :  1.38256e-09
 Reference value :  1.39056e-09
 Reference value :  1.39856e-09
 Reference value :  1.51456e-09
 Reference value :  2.54656e-09
 Reference value :  2.68256e-09
 Reference value :  2.89856e-09
 Reference value :  3.77456e-09
 Reference value :  3.89456e-09
 Reference value :  4.36056e-09
 Reference value :  4.37056e-09
 Reference value :  4.83656e-09
 Reference value :  4.84656e-09
 Reference value :  5.12300e-09
 Reference value :  5.81700e-09
 Reference value :  6.40700e-09
 Reference value :  6.99700e-09
No. of Data Rows : 3814
Note: Simulation executed from .control section 
