
Note: Compatibility modes selected: hs a


Circuit: * comparator-decision decision-flip offset bisection -- vindiff=0.0mv corner=tt temp=27.0c (issue #66)

option SCALE: Scale is set to 1e-06 for instance and model parameters
option SCALE: Scale is set to 1e-06 for instance and model parameters
option SCALE: Scale is set to 1e-06 for instance and model parameters
option SCALE: Scale is set to 1e-06 for instance and model parameters
Doing analysis at TEMP = 27.000000 and TNOM = 27.000000

Using KLU as Direct Linear Solver
 Reference value :  0.00000e+00
 Reference value :  1.08425e-08
 Reference value :  2.12575e-08
 Reference value :  3.21625e-08
 Reference value :  4.35675e-08
 Reference value :  5.48475e-08
 Reference value :  6.59775e-08
 Reference value :  7.74125e-08
 Reference value :  8.87825e-08
 Reference value :  1.01368e-07
 Reference value :  1.13423e-07
 Reference value :  1.26168e-07
 Reference value :  1.39788e-07
 Reference value :  1.56013e-07
 Reference value :  1.72463e-07
 Reference value :  1.84818e-07
 Reference value :  1.96428e-07
No. of Data Rows : 41034
Note: Simulation executed from .control section 
