
Note: Compatibility modes selected: hs a


Circuit: * comparator-decision decision-flip offset bisection -- vindiff=1.796875mv corner=tt temp=27.0c (issue #66)

option SCALE: Scale is set to 1e-06 for instance and model parameters
option SCALE: Scale is set to 1e-06 for instance and model parameters
option SCALE: Scale is set to 1e-06 for instance and model parameters
option SCALE: Scale is set to 1e-06 for instance and model parameters
Doing analysis at TEMP = 27.000000 and TNOM = 27.000000

Using KLU as Direct Linear Solver
 Reference value :  0.00000e+00
 Reference value :  1.34825e-08
 Reference value :  2.70775e-08
 Reference value :  4.12825e-08
 Reference value :  5.56725e-08
 Reference value :  6.97275e-08
 Reference value :  8.41325e-08
 Reference value :  9.84975e-08
 Reference value :  1.12598e-07
 Reference value :  1.27213e-07
 Reference value :  1.41538e-07
 Reference value :  1.55773e-07
 Reference value :  1.69918e-07
 Reference value :  1.83803e-07
 Reference value :  1.97723e-07
No. of Data Rows : 41034
Note: Simulation executed from .control section 
