
Note: Compatibility modes selected: hs a


Circuit: * comparator-decision decision-flip offset bisection -- vindiff=1.25mv corner=tt temp=27.0c (issue #66)

option SCALE: Scale is set to 1e-06 for instance and model parameters
option SCALE: Scale is set to 1e-06 for instance and model parameters
option SCALE: Scale is set to 1e-06 for instance and model parameters
option SCALE: Scale is set to 1e-06 for instance and model parameters
Doing analysis at TEMP = 27.000000 and TNOM = 27.000000

Using KLU as Direct Linear Solver
 Reference value :  0.00000e+00
 Reference value :  1.54875e-08
 Reference value :  3.07525e-08
 Reference value :  4.64625e-08
 Reference value :  6.18625e-08
 Reference value :  7.76725e-08
 Reference value :  9.37525e-08
 Reference value :  1.08678e-07
 Reference value :  1.24533e-07
 Reference value :  1.40673e-07
 Reference value :  1.56708e-07
 Reference value :  1.72928e-07
 Reference value :  1.88733e-07
 Reference value :  2.04258e-07
No. of Data Rows : 41034
Note: Simulation executed from .control section 
