
Note: Compatibility modes selected: hs a


Circuit: * comparator-decision regen-time sweep -- vindiff=5mv corner=tt temp=27.0c (issue #9)

option SCALE: Scale is set to 1e-06 for instance and model parameters
option SCALE: Scale is set to 1e-06 for instance and model parameters
option SCALE: Scale is set to 1e-06 for instance and model parameters
option SCALE: Scale is set to 1e-06 for instance and model parameters
Doing analysis at TEMP = 27.000000 and TNOM = 27.000000

Using KLU as Direct Linear Solver
 Reference value :  0.00000e+00
 Reference value :  2.00000e-13
 Reference value :  1.60000e-12
 Reference value :  1.64000e-11
 Reference value :  3.14000e-11
 Reference value :  5.14000e-11
 Reference value :  6.64000e-11
 Reference value :  8.64000e-11
 Reference value :  1.01400e-10
 Reference value :  1.16400e-10
 Reference value :  1.31400e-10
 Reference value :  1.46400e-10
 Reference value :  1.61400e-10
 Reference value :  1.81400e-10
 Reference value :  2.01400e-10
 Reference value :  2.21400e-10
 Reference value :  2.41400e-10
 Reference value :  2.61400e-10
 Reference value :  2.81400e-10
 Reference value :  3.01400e-10
 Reference value :  3.16400e-10
 Reference value :  3.31400e-10
 Reference value :  3.46400e-10
 Reference value :  3.61400e-10
 Reference value :  3.76400e-10
 Reference value :  3.96400e-10
 Reference value :  4.11400e-10
 Reference value :  4.26400e-10
 Reference value :  4.41400e-10
 Reference value :  4.56400e-10
 Reference value :  4.71400e-10
 Reference value :  4.86400e-10
 Reference value :  5.01400e-10
 Reference value :  5.16400e-10
 Reference value :  5.31400e-10
 Reference value :  5.51400e-10
 Reference value :  5.66400e-10
 Reference value :  5.86400e-10
 Reference value :  6.01400e-10
 Reference value :  6.16400e-10
 Reference value :  6.31400e-10
 Reference value :  6.46400e-10
 Reference value :  6.61400e-10
 Reference value :  6.81400e-10
 Reference value :  7.01400e-10
 Reference value :  7.16400e-10
 Reference value :  7.31400e-10
 Reference value :  7.46400e-10
 Reference value :  7.61400e-10
 Reference value :  7.76400e-10
 Reference value :  7.91400e-10
 Reference value :  8.11400e-10
 Reference value :  8.26400e-10
 Reference value :  8.41400e-10
 Reference value :  8.56400e-10
 Reference value :  8.76400e-10
 Reference value :  8.91400e-10
 Reference value :  9.11400e-10
 Reference value :  9.31400e-10
 Reference value :  9.46400e-10
 Reference value :  9.61400e-10
 Reference value :  9.81400e-10
 Reference value :  9.96400e-10
 Reference value :  1.01140e-09
 Reference value :  1.02640e-09
 Reference value :  1.04640e-09
 Reference value :  1.06140e-09
 Reference value :  1.07640e-09
 Reference value :  1.09640e-09
 Reference value :  1.11640e-09
 Reference value :  1.13140e-09
 Reference value :  1.14640e-09
 Reference value :  1.16140e-09
 Reference value :  1.17640e-09
 Reference value :  1.19140e-09
 Reference value :  1.20640e-09
 Reference value :  1.22140e-09
 Reference value :  1.24140e-09
 Reference value :  1.25640e-09
 Reference value :  1.27140e-09
 Reference value :  1.28640e-09
 Reference value :  1.30640e-09
 Reference value :  1.32640e-09
 Reference value :  1.34640e-09
 Reference value :  1.36140e-09
 Reference value :  1.38140e-09
 Reference value :  1.39640e-09
 Reference value :  1.41140e-09
 Reference value :  1.43140e-09
 Reference value :  1.44640e-09
 Reference value :  1.46140e-09
 Reference value :  1.47640e-09
 Reference value :  1.49140e-09
 Reference value :  1.50640e-09
 Reference value :  1.52140e-09
 Reference value :  1.53640e-09
 Reference value :  1.55140e-09
 Reference value :  1.56640e-09
 Reference value :  1.58640e-09
 Reference value :  1.60140e-09
 Reference value :  1.61640e-09
 Reference value :  1.63140e-09
 Reference value :  1.64640e-09
 Reference value :  1.66140e-09
 Reference value :  1.68140e-09
 Reference value :  1.69640e-09
 Reference value :  1.71640e-09
 Reference value :  1.73140e-09
 Reference value :  1.74640e-09
 Reference value :  1.76140e-09
 Reference value :  1.77640e-09
 Reference value :  1.79140e-09
 Reference value :  1.81140e-09
 Reference value :  1.82640e-09
 Reference value :  1.84140e-09
 Reference value :  1.85640e-09
 Reference value :  1.87140e-09
 Reference value :  1.88640e-09
 Reference value :  1.90140e-09
 Reference value :  1.91640e-09
 Reference value :  1.93140e-09
 Reference value :  1.95140e-09
 Reference value :  1.97140e-09
 Reference value :  1.99140e-09
 Reference value :  2.00640e-09
 Reference value :  2.02140e-09
 Reference value :  2.03640e-09
 Reference value :  2.05640e-09
 Reference value :  2.07140e-09
 Reference value :  2.09140e-09
 Reference value :  2.11140e-09
 Reference value :  2.13140e-09
 Reference value :  2.14640e-09
 Reference value :  2.16140e-09
 Reference value :  2.17640e-09
 Reference value :  2.19140e-09
 Reference value :  2.21140e-09
 Reference value :  2.22640e-09
 Reference value :  2.24140e-09
 Reference value :  2.25640e-09
 Reference value :  2.27140e-09
 Reference value :  2.28640e-09
 Reference value :  2.30640e-09
 Reference value :  2.32140e-09
 Reference value :  2.33640e-09
 Reference value :  2.35140e-09
 Reference value :  2.36640e-09
 Reference value :  2.38640e-09
 Reference value :  2.40640e-09
 Reference value :  2.42140e-09
 Reference value :  2.44140e-09
 Reference value :  2.45640e-09
 Reference value :  2.47140e-09
 Reference value :  2.49140e-09
 Reference value :  2.50640e-09
 Reference value :  2.52640e-09
 Reference value :  2.54140e-09
 Reference value :  2.56140e-09
 Reference value :  2.58140e-09
 Reference value :  2.59640e-09
 Reference value :  2.61640e-09
 Reference value :  2.63140e-09
 Reference value :  2.64640e-09
 Reference value :  2.66140e-09
 Reference value :  2.67640e-09
 Reference value :  2.69140e-09
 Reference value :  2.70640e-09
 Reference value :  2.72140e-09
 Reference value :  2.73640e-09
 Reference value :  2.75140e-09
 Reference value :  2.76640e-09
 Reference value :  2.78140e-09
 Reference value :  2.79640e-09
 Reference value :  2.81140e-09
 Reference value :  2.82640e-09
 Reference value :  2.84140e-09
 Reference value :  2.85640e-09
 Reference value :  2.87140e-09
 Reference value :  2.88640e-09
 Reference value :  2.90640e-09
 Reference value :  2.92140e-09
 Reference value :  2.93640e-09
 Reference value :  2.95140e-09
 Reference value :  2.97140e-09
 Reference value :  2.98640e-09
 Reference value :  3.00640e-09
 Reference value :  3.02140e-09
 Reference value :  3.03640e-09
 Reference value :  3.05140e-09
 Reference value :  3.06640e-09
 Reference value :  3.08140e-09
 Reference value :  3.10140e-09
 Reference value :  3.12140e-09
 Reference value :  3.13640e-09
 Reference value :  3.15140e-09
 Reference value :  3.16640e-09
 Reference value :  3.18640e-09
 Reference value :  3.20640e-09
 Reference value :  3.22140e-09
 Reference value :  3.23640e-09
 Reference value :  3.25140e-09
 Reference value :  3.26640e-09
 Reference value :  3.28140e-09
 Reference value :  3.30140e-09
 Reference value :  3.31640e-09
 Reference value :  3.33640e-09
 Reference value :  3.35140e-09
 Reference value :  3.36640e-09
 Reference value :  3.38140e-09
 Reference value :  3.40140e-09
 Reference value :  3.41640e-09
 Reference value :  3.43140e-09
 Reference value :  3.44640e-09
 Reference value :  3.46140e-09
 Reference value :  3.48140e-09
 Reference value :  3.49640e-09
 Reference value :  3.51640e-09
 Reference value :  3.53140e-09
 Reference value :  3.54640e-09
 Reference value :  3.56640e-09
 Reference value :  3.58140e-09
 Reference value :  3.60140e-09
 Reference value :  3.62140e-09
 Reference value :  3.63640e-09
 Reference value :  3.65640e-09
 Reference value :  3.67140e-09
 Reference value :  3.69140e-09
 Reference value :  3.71140e-09
 Reference value :  3.72640e-09
 Reference value :  3.74640e-09
 Reference value :  3.76140e-09
 Reference value :  3.78140e-09
 Reference value :  3.80140e-09
 Reference value :  3.81640e-09
 Reference value :  3.83140e-09
 Reference value :  3.85140e-09
 Reference value :  3.86640e-09
 Reference value :  3.88140e-09
 Reference value :  3.90140e-09
 Reference value :  3.92140e-09
 Reference value :  3.94140e-09
 Reference value :  3.95640e-09
 Reference value :  3.97640e-09
 Reference value :  3.99640e-09
 Reference value :  4.01140e-09
 Reference value :  4.03140e-09
 Reference value :  4.04640e-09
 Reference value :  4.06140e-09
 Reference value :  4.07640e-09
 Reference value :  4.09640e-09
 Reference value :  4.11140e-09
 Reference value :  4.12640e-09
 Reference value :  4.14140e-09
 Reference value :  4.15640e-09
 Reference value :  4.17140e-09
 Reference value :  4.18640e-09
 Reference value :  4.20140e-09
 Reference value :  4.22140e-09
 Reference value :  4.23640e-09
 Reference value :  4.25140e-09
 Reference value :  4.26640e-09
 Reference value :  4.28640e-09
 Reference value :  4.30640e-09
 Reference value :  4.32640e-09
 Reference value :  4.34640e-09
 Reference value :  4.36640e-09
 Reference value :  4.38640e-09
 Reference value :  4.40640e-09
 Reference value :  4.42140e-09
 Reference value :  4.44140e-09
 Reference value :  4.45640e-09
 Reference value :  4.47140e-09
 Reference value :  4.48640e-09
 Reference value :  4.50140e-09
 Reference value :  4.51640e-09
 Reference value :  4.53140e-09
 Reference value :  4.54640e-09
 Reference value :  4.56140e-09
 Reference value :  4.57640e-09
 Reference value :  4.59140e-09
 Reference value :  4.60640e-09
 Reference value :  4.62140e-09
 Reference value :  4.63640e-09
 Reference value :  4.65140e-09
 Reference value :  4.66640e-09
 Reference value :  4.68140e-09
 Reference value :  4.70140e-09
 Reference value :  4.71640e-09
 Reference value :  4.73140e-09
 Reference value :  4.75140e-09
 Reference value :  4.76640e-09
 Reference value :  4.78140e-09
 Reference value :  4.80140e-09
 Reference value :  4.82140e-09
 Reference value :  4.84140e-09
 Reference value :  4.86140e-09
 Reference value :  4.87640e-09
 Reference value :  4.89140e-09
 Reference value :  4.91140e-09
 Reference value :  4.93640e-09
 Reference value :  4.95640e-09
 Reference value :  4.97140e-09
 Reference value :  4.98640e-09
 Reference value :  5.00000e-09
 Reference value :  5.00350e-09
 Reference value :  5.01750e-09
 Reference value :  5.03250e-09
 Reference value :  5.04750e-09
 Reference value :  5.06750e-09
 Reference value :  5.08250e-09
 Reference value :  5.10000e-09
 Reference value :  5.10750e-09
 Reference value :  5.12250e-09
 Reference value :  5.14250e-09
 Reference value :  5.15750e-09
 Reference value :  5.17750e-09
 Reference value :  5.19250e-09
 Reference value :  5.20750e-09
 Reference value :  5.22250e-09
 Reference value :  5.23750e-09
 Reference value :  5.25250e-09
 Reference value :  5.26750e-09
 Reference value :  5.28250e-09
 Reference value :  5.29750e-09
 Reference value :  5.31250e-09
 Reference value :  5.32750e-09
 Reference value :  5.34250e-09
 Reference value :  5.35750e-09
 Reference value :  5.37250e-09
 Reference value :  5.38750e-09
 Reference value :  5.39750e-09
 Reference value :  5.40750e-09
 Reference value :  5.42250e-09
 Reference value :  5.44750e-09
 Reference value :  5.46750e-09
 Reference value :  5.48750e-09
 Reference value :  5.50750e-09
 Reference value :  5.52750e-09
 Reference value :  5.54250e-09
 Reference value :  5.56250e-09
 Reference value :  5.58250e-09
 Reference value :  5.60250e-09
 Reference value :  5.62250e-09
 Reference value :  5.64750e-09
 Reference value :  5.66250e-09
 Reference value :  5.68250e-09
 Reference value :  5.70250e-09
 Reference value :  5.72250e-09
 Reference value :  5.73750e-09
 Reference value :  5.75750e-09
 Reference value :  5.77750e-09
 Reference value :  5.79250e-09
 Reference value :  5.80750e-09
 Reference value :  5.82250e-09
 Reference value :  5.84250e-09
 Reference value :  5.86250e-09
 Reference value :  5.88250e-09
 Reference value :  5.90250e-09
 Reference value :  5.91750e-09
 Reference value :  5.93750e-09
 Reference value :  5.94750e-09
 Reference value :  5.96250e-09
 Reference value :  5.97750e-09
 Reference value :  5.99750e-09
 Reference value :  6.01750e-09
 Reference value :  6.03250e-09
 Reference value :  6.04750e-09
 Reference value :  6.05750e-09
 Reference value :  6.07250e-09
 Reference value :  6.09250e-09
 Reference value :  6.10750e-09
 Reference value :  6.12250e-09
 Reference value :  6.14250e-09
 Reference value :  6.15750e-09
 Reference value :  6.17250e-09
 Reference value :  6.19250e-09
 Reference value :  6.20750e-09
 Reference value :  6.22750e-09
 Reference value :  6.24750e-09
 Reference value :  6.26250e-09
 Reference value :  6.27750e-09
 Reference value :  6.29750e-09
 Reference value :  6.31250e-09
 Reference value :  6.33250e-09
 Reference value :  6.35250e-09
 Reference value :  6.37250e-09
 Reference value :  6.39250e-09
 Reference value :  6.40750e-09
 Reference value :  6.42750e-09
 Reference value :  6.44750e-09
 Reference value :  6.46250e-09
 Reference value :  6.48250e-09
 Reference value :  6.50250e-09
 Reference value :  6.51750e-09
 Reference value :  6.53250e-09
 Reference value :  6.54750e-09
 Reference value :  6.56750e-09
 Reference value :  6.58250e-09
 Reference value :  6.59750e-09
 Reference value :  6.61750e-09
 Reference value :  6.63250e-09
 Reference value :  6.64750e-09
 Reference value :  6.66250e-09
 Reference value :  6.68250e-09
 Reference value :  6.69750e-09
 Reference value :  6.71250e-09
 Reference value :  6.73250e-09
 Reference value :  6.74750e-09
 Reference value :  6.76250e-09
 Reference value :  6.77750e-09
 Reference value :  6.79750e-09
 Reference value :  6.81250e-09
 Reference value :  6.83250e-09
 Reference value :  6.84750e-09
 Reference value :  6.86250e-09
 Reference value :  6.87750e-09
 Reference value :  6.89250e-09
 Reference value :  6.91250e-09
 Reference value :  6.92750e-09
 Reference value :  6.94250e-09
 Reference value :  6.95750e-09
 Reference value :  6.97250e-09
 Reference value :  6.98750e-09
 Reference value :  7.00250e-09
 Reference value :  7.02250e-09
 Reference value :  7.04250e-09
 Reference value :  7.05750e-09
 Reference value :  7.07250e-09
 Reference value :  7.08750e-09
 Reference value :  7.10750e-09
 Reference value :  7.12250e-09
 Reference value :  7.13750e-09
 Reference value :  7.15750e-09
 Reference value :  7.17750e-09
 Reference value :  7.19750e-09
 Reference value :  7.21250e-09
 Reference value :  7.23250e-09
 Reference value :  7.24750e-09
 Reference value :  7.26750e-09
 Reference value :  7.28250e-09
 Reference value :  7.29750e-09
 Reference value :  7.31250e-09
 Reference value :  7.33250e-09
 Reference value :  7.34750e-09
 Reference value :  7.36250e-09
 Reference value :  7.37750e-09
 Reference value :  7.39750e-09
 Reference value :  7.41250e-09
 Reference value :  7.42750e-09
 Reference value :  7.44250e-09
 Reference value :  7.45750e-09
 Reference value :  7.47250e-09
 Reference value :  7.48750e-09
 Reference value :  7.50250e-09
 Reference value :  7.52250e-09
 Reference value :  7.53750e-09
 Reference value :  7.55250e-09
 Reference value :  7.57250e-09
 Reference value :  7.58750e-09
 Reference value :  7.60250e-09
 Reference value :  7.62250e-09
 Reference value :  7.63750e-09
 Reference value :  7.65750e-09
 Reference value :  7.67250e-09
 Reference value :  7.69250e-09
 Reference value :  7.70750e-09
 Reference value :  7.72250e-09
 Reference value :  7.73750e-09
 Reference value :  7.75750e-09
 Reference value :  7.77250e-09
 Reference value :  7.78750e-09
 Reference value :  7.80750e-09
 Reference value :  7.82750e-09
 Reference value :  7.84250e-09
 Reference value :  7.85750e-09
 Reference value :  7.87250e-09
 Reference value :  7.88750e-09
 Reference value :  7.90250e-09
 Reference value :  7.92250e-09
 Reference value :  7.93750e-09
 Reference value :  7.95250e-09
 Reference value :  7.96750e-09
 Reference value :  7.98750e-09
 Reference value :  8.00250e-09
 Reference value :  8.02250e-09
 Reference value :  8.03750e-09
 Reference value :  8.05250e-09
 Reference value :  8.06750e-09
 Reference value :  8.08250e-09
 Reference value :  8.09750e-09
 Reference value :  8.11250e-09
 Reference value :  8.13250e-09
 Reference value :  8.15250e-09
 Reference value :  8.16750e-09
 Reference value :  8.18750e-09
 Reference value :  8.20750e-09
 Reference value :  8.22250e-09
 Reference value :  8.24250e-09
 Reference value :  8.25750e-09
 Reference value :  8.27250e-09
 Reference value :  8.28750e-09
 Reference value :  8.30750e-09
 Reference value :  8.32250e-09
 Reference value :  8.33750e-09
 Reference value :  8.35750e-09
 Reference value :  8.37250e-09
 Reference value :  8.38750e-09
 Reference value :  8.40250e-09
 Reference value :  8.41750e-09
 Reference value :  8.43250e-09
 Reference value :  8.44750e-09
 Reference value :  8.46250e-09
 Reference value :  8.48750e-09
 Reference value :  8.50250e-09
 Reference value :  8.51750e-09
 Reference value :  8.53250e-09
 Reference value :  8.54750e-09
 Reference value :  8.56750e-09
 Reference value :  8.58250e-09
 Reference value :  8.60250e-09
 Reference value :  8.61750e-09
 Reference value :  8.63750e-09
 Reference value :  8.65250e-09
 Reference value :  8.66750e-09
 Reference value :  8.68250e-09
 Reference value :  8.69750e-09
 Reference value :  8.71750e-09
 Reference value :  8.73250e-09
 Reference value :  8.75250e-09
 Reference value :  8.76750e-09
 Reference value :  8.78750e-09
 Reference value :  8.80250e-09
 Reference value :  8.82250e-09
 Reference value :  8.83750e-09
 Reference value :  8.85750e-09
 Reference value :  8.87750e-09
 Reference value :  8.89250e-09
 Reference value :  8.91250e-09
 Reference value :  8.93250e-09
 Reference value :  8.94750e-09
 Reference value :  8.96750e-09
 Reference value :  8.98750e-09
 Reference value :  9.00250e-09
 Reference value :  9.02250e-09
 Reference value :  9.03750e-09
 Reference value :  9.05250e-09
 Reference value :  9.06750e-09
 Reference value :  9.08750e-09
 Reference value :  9.10250e-09
 Reference value :  9.12250e-09
 Reference value :  9.13750e-09
 Reference value :  9.15750e-09
 Reference value :  9.17750e-09
 Reference value :  9.19750e-09
 Reference value :  9.21750e-09
 Reference value :  9.23250e-09
 Reference value :  9.25250e-09
 Reference value :  9.27250e-09
 Reference value :  9.28750e-09
 Reference value :  9.30750e-09
 Reference value :  9.32250e-09
 Reference value :  9.34250e-09
 Reference value :  9.35750e-09
 Reference value :  9.38250e-09
 Reference value :  9.40250e-09
 Reference value :  9.42250e-09
 Reference value :  9.44250e-09
 Reference value :  9.45750e-09
 Reference value :  9.47750e-09
 Reference value :  9.49750e-09
 Reference value :  9.51250e-09
 Reference value :  9.53250e-09
 Reference value :  9.54750e-09
 Reference value :  9.56250e-09
 Reference value :  9.57750e-09
 Reference value :  9.59750e-09
 Reference value :  9.61750e-09
 Reference value :  9.63750e-09
 Reference value :  9.65250e-09
 Reference value :  9.66750e-09
 Reference value :  9.68250e-09
 Reference value :  9.69750e-09
 Reference value :  9.71750e-09
 Reference value :  9.73250e-09
 Reference value :  9.74750e-09
 Reference value :  9.76250e-09
 Reference value :  9.77750e-09
 Reference value :  9.79250e-09
 Reference value :  9.80750e-09
 Reference value :  9.82750e-09
 Reference value :  9.84250e-09
 Reference value :  9.85750e-09
 Reference value :  9.87750e-09
 Reference value :  9.89250e-09
 Reference value :  9.90750e-09
 Reference value :  9.92750e-09
 Reference value :  9.94750e-09
 Reference value :  9.96250e-09
 Reference value :  9.98250e-09
 Reference value :  9.99750e-09
 Reference value :  1.00175e-08
 Reference value :  1.00375e-08
 Reference value :  1.00575e-08
 Reference value :  1.00775e-08
 Reference value :  1.00975e-08
 Reference value :  1.01175e-08
 Reference value :  1.01325e-08
 Reference value :  1.01525e-08
 Reference value :  1.01725e-08
 Reference value :  1.01925e-08
 Reference value :  1.02125e-08
 Reference value :  1.02325e-08
 Reference value :  1.02475e-08
 Reference value :  1.02625e-08
 Reference value :  1.02775e-08
 Reference value :  1.02975e-08
 Reference value :  1.03125e-08
 Reference value :  1.03325e-08
 Reference value :  1.03475e-08
 Reference value :  1.03625e-08
 Reference value :  1.03825e-08
 Reference value :  1.04025e-08
 Reference value :  1.04175e-08
 Reference value :  1.04325e-08
 Reference value :  1.04475e-08
 Reference value :  1.04625e-08
 Reference value :  1.04825e-08
 Reference value :  1.05025e-08
 Reference value :  1.05175e-08
 Reference value :  1.05375e-08
 Reference value :  1.05575e-08
 Reference value :  1.05725e-08
 Reference value :  1.05875e-08
 Reference value :  1.06025e-08
 Reference value :  1.06225e-08
 Reference value :  1.06425e-08
 Reference value :  1.06575e-08
 Reference value :  1.06725e-08
 Reference value :  1.06925e-08
 Reference value :  1.07175e-08
 Reference value :  1.07325e-08
 Reference value :  1.07475e-08
 Reference value :  1.07625e-08
 Reference value :  1.07825e-08
 Reference value :  1.08025e-08
 Reference value :  1.08225e-08
 Reference value :  1.08425e-08
 Reference value :  1.08625e-08
 Reference value :  1.08775e-08
 Reference value :  1.08975e-08
 Reference value :  1.09125e-08
 Reference value :  1.09325e-08
 Reference value :  1.09475e-08
 Reference value :  1.09625e-08
 Reference value :  1.09775e-08
 Reference value :  1.09925e-08
 Reference value :  1.10125e-08
 Reference value :  1.10325e-08
 Reference value :  1.10475e-08
 Reference value :  1.10675e-08
 Reference value :  1.10875e-08
 Reference value :  1.11025e-08
 Reference value :  1.11175e-08
 Reference value :  1.11375e-08
 Reference value :  1.11525e-08
 Reference value :  1.11675e-08
 Reference value :  1.11825e-08
 Reference value :  1.11975e-08
 Reference value :  1.12125e-08
 Reference value :  1.12275e-08
 Reference value :  1.12475e-08
 Reference value :  1.12675e-08
 Reference value :  1.12875e-08
 Reference value :  1.13025e-08
 Reference value :  1.13175e-08
 Reference value :  1.13325e-08
 Reference value :  1.13475e-08
 Reference value :  1.13625e-08
 Reference value :  1.13825e-08
 Reference value :  1.14075e-08
 Reference value :  1.14275e-08
 Reference value :  1.14475e-08
 Reference value :  1.14625e-08
 Reference value :  1.14775e-08
 Reference value :  1.14975e-08
 Reference value :  1.15175e-08
 Reference value :  1.15375e-08
 Reference value :  1.15525e-08
 Reference value :  1.15725e-08
 Reference value :  1.15875e-08
 Reference value :  1.16025e-08
 Reference value :  1.16175e-08
 Reference value :  1.16325e-08
 Reference value :  1.16475e-08
 Reference value :  1.16625e-08
 Reference value :  1.16775e-08
 Reference value :  1.16975e-08
 Reference value :  1.17175e-08
 Reference value :  1.17325e-08
 Reference value :  1.17475e-08
 Reference value :  1.17625e-08
 Reference value :  1.17825e-08
 Reference value :  1.17975e-08
 Reference value :  1.18175e-08
 Reference value :  1.18375e-08
 Reference value :  1.18525e-08
 Reference value :  1.18725e-08
 Reference value :  1.18925e-08
 Reference value :  1.19175e-08
 Reference value :  1.19375e-08
 Reference value :  1.19575e-08
 Reference value :  1.19775e-08
 Reference value :  1.19925e-08
 Reference value :  1.20125e-08
 Reference value :  1.20325e-08
 Reference value :  1.20525e-08
 Reference value :  1.20675e-08
 Reference value :  1.20825e-08
 Reference value :  1.21025e-08
 Reference value :  1.21225e-08
 Reference value :  1.21425e-08
 Reference value :  1.21625e-08
 Reference value :  1.21775e-08
 Reference value :  1.21925e-08
 Reference value :  1.22125e-08
 Reference value :  1.22275e-08
 Reference value :  1.22475e-08
 Reference value :  1.22675e-08
 Reference value :  1.22825e-08
 Reference value :  1.22975e-08
 Reference value :  1.23175e-08
 Reference value :  1.23375e-08
 Reference value :  1.23525e-08
 Reference value :  1.23725e-08
 Reference value :  1.23925e-08
 Reference value :  1.24075e-08
 Reference value :  1.24225e-08
 Reference value :  1.24425e-08
 Reference value :  1.24575e-08
 Reference value :  1.24725e-08
 Reference value :  1.24975e-08
 Reference value :  1.25125e-08
 Reference value :  1.25325e-08
 Reference value :  1.25475e-08
 Reference value :  1.25675e-08
 Reference value :  1.25825e-08
 Reference value :  1.25975e-08
 Reference value :  1.26125e-08
 Reference value :  1.26275e-08
 Reference value :  1.26475e-08
 Reference value :  1.26675e-08
 Reference value :  1.26875e-08
 Reference value :  1.27025e-08
 Reference value :  1.27225e-08
 Reference value :  1.27375e-08
 Reference value :  1.27525e-08
 Reference value :  1.27675e-08
 Reference value :  1.27875e-08
 Reference value :  1.28025e-08
 Reference value :  1.28175e-08
 Reference value :  1.28375e-08
 Reference value :  1.28525e-08
 Reference value :  1.28725e-08
 Reference value :  1.28925e-08
 Reference value :  1.29075e-08
 Reference value :  1.29275e-08
 Reference value :  1.29475e-08
 Reference value :  1.29625e-08
 Reference value :  1.29775e-08
 Reference value :  1.29975e-08
 Reference value :  1.30175e-08
 Reference value :  1.30375e-08
 Reference value :  1.30525e-08
 Reference value :  1.30675e-08
 Reference value :  1.30875e-08
 Reference value :  1.31025e-08
 Reference value :  1.31225e-08
 Reference value :  1.31425e-08
 Reference value :  1.31575e-08
 Reference value :  1.31725e-08
 Reference value :  1.31875e-08
 Reference value :  1.32075e-08
 Reference value :  1.32225e-08
 Reference value :  1.32375e-08
 Reference value :  1.32575e-08
 Reference value :  1.32825e-08
 Reference value :  1.32975e-08
 Reference value :  1.33125e-08
 Reference value :  1.33275e-08
 Reference value :  1.33475e-08
 Reference value :  1.33625e-08
 Reference value :  1.33825e-08
 Reference value :  1.34025e-08
 Reference value :  1.34225e-08
 Reference value :  1.34375e-08
 Reference value :  1.34525e-08
 Reference value :  1.34725e-08
 Reference value :  1.34925e-08
 Reference value :  1.35125e-08
 Reference value :  1.35325e-08
 Reference value :  1.35575e-08
 Reference value :  1.35725e-08
 Reference value :  1.35875e-08
 Reference value :  1.36075e-08
 Reference value :  1.36225e-08
 Reference value :  1.36425e-08
 Reference value :  1.36575e-08
 Reference value :  1.36775e-08
 Reference value :  1.36925e-08
 Reference value :  1.37075e-08
 Reference value :  1.37275e-08
 Reference value :  1.37475e-08
 Reference value :  1.37675e-08
 Reference value :  1.37875e-08
 Reference value :  1.38025e-08
 Reference value :  1.38225e-08
 Reference value :  1.38425e-08
 Reference value :  1.38625e-08
 Reference value :  1.38825e-08
 Reference value :  1.39025e-08
 Reference value :  1.39175e-08
 Reference value :  1.39325e-08
 Reference value :  1.39525e-08
 Reference value :  1.39725e-08
 Reference value :  1.39875e-08
 Reference value :  1.40075e-08
 Reference value :  1.40225e-08
 Reference value :  1.40375e-08
 Reference value :  1.40525e-08
 Reference value :  1.40675e-08
 Reference value :  1.40875e-08
 Reference value :  1.41025e-08
 Reference value :  1.41225e-08
 Reference value :  1.41425e-08
 Reference value :  1.41625e-08
 Reference value :  1.41825e-08
 Reference value :  1.41975e-08
 Reference value :  1.42125e-08
 Reference value :  1.42325e-08
 Reference value :  1.42525e-08
 Reference value :  1.42675e-08
 Reference value :  1.42825e-08
 Reference value :  1.43025e-08
 Reference value :  1.43225e-08
 Reference value :  1.43425e-08
 Reference value :  1.43575e-08
 Reference value :  1.43775e-08
 Reference value :  1.43925e-08
 Reference value :  1.44125e-08
 Reference value :  1.44275e-08
 Reference value :  1.44425e-08
 Reference value :  1.44625e-08
 Reference value :  1.44825e-08
 Reference value :  1.45025e-08
 Reference value :  1.45225e-08
 Reference value :  1.45425e-08
 Reference value :  1.45575e-08
 Reference value :  1.45775e-08
 Reference value :  1.45925e-08
 Reference value :  1.46125e-08
 Reference value :  1.46275e-08
 Reference value :  1.46475e-08
 Reference value :  1.46675e-08
 Reference value :  1.46875e-08
 Reference value :  1.47075e-08
 Reference value :  1.47275e-08
 Reference value :  1.47475e-08
 Reference value :  1.47675e-08
 Reference value :  1.47875e-08
 Reference value :  1.48075e-08
 Reference value :  1.48275e-08
 Reference value :  1.48475e-08
 Reference value :  1.48675e-08
 Reference value :  1.48825e-08
 Reference value :  1.49025e-08
 Reference value :  1.49175e-08
 Reference value :  1.49375e-08
 Reference value :  1.49575e-08
 Reference value :  1.49775e-08
 Reference value :  1.49925e-08
 Reference value :  1.50125e-08
 Reference value :  1.50275e-08
 Reference value :  1.50475e-08
 Reference value :  1.50675e-08
 Reference value :  1.50875e-08
 Reference value :  1.51025e-08
 Reference value :  1.51175e-08
 Reference value :  1.51325e-08
 Reference value :  1.51475e-08
 Reference value :  1.51625e-08
 Reference value :  1.51825e-08
 Reference value :  1.52025e-08
 Reference value :  1.52225e-08
 Reference value :  1.52425e-08
 Reference value :  1.52625e-08
 Reference value :  1.52825e-08
 Reference value :  1.53025e-08
 Reference value :  1.53175e-08
 Reference value :  1.53375e-08
 Reference value :  1.53525e-08
 Reference value :  1.53675e-08
 Reference value :  1.53875e-08
 Reference value :  1.54075e-08
 Reference value :  1.54225e-08
 Reference value :  1.54425e-08
 Reference value :  1.54625e-08
 Reference value :  1.54775e-08
 Reference value :  1.54975e-08
 Reference value :  1.55175e-08
 Reference value :  1.55375e-08
 Reference value :  1.55575e-08
 Reference value :  1.55775e-08
 Reference value :  1.55975e-08
 Reference value :  1.56125e-08
 Reference value :  1.56275e-08
 Reference value :  1.56425e-08
 Reference value :  1.56575e-08
 Reference value :  1.56775e-08
 Reference value :  1.56925e-08
 Reference value :  1.57075e-08
 Reference value :  1.57225e-08
 Reference value :  1.57425e-08
 Reference value :  1.57575e-08
 Reference value :  1.57775e-08
 Reference value :  1.57925e-08
 Reference value :  1.58125e-08
 Reference value :  1.58275e-08
 Reference value :  1.58475e-08
 Reference value :  1.58625e-08
 Reference value :  1.58825e-08
 Reference value :  1.58975e-08
 Reference value :  1.59175e-08
 Reference value :  1.59325e-08
 Reference value :  1.59525e-08
 Reference value :  1.59725e-08
 Reference value :  1.59925e-08
 Reference value :  1.60075e-08
 Reference value :  1.60275e-08
 Reference value :  1.60475e-08
 Reference value :  1.60625e-08
 Reference value :  1.60775e-08
 Reference value :  1.60925e-08
 Reference value :  1.61125e-08
 Reference value :  1.61325e-08
 Reference value :  1.61475e-08
 Reference value :  1.61625e-08
 Reference value :  1.61825e-08
 Reference value :  1.62025e-08
 Reference value :  1.62175e-08
 Reference value :  1.62325e-08
 Reference value :  1.62525e-08
 Reference value :  1.62675e-08
 Reference value :  1.62875e-08
 Reference value :  1.63025e-08
 Reference value :  1.63225e-08
 Reference value :  1.63425e-08
 Reference value :  1.63575e-08
 Reference value :  1.63725e-08
 Reference value :  1.63925e-08
 Reference value :  1.64075e-08
 Reference value :  1.64275e-08
 Reference value :  1.64425e-08
 Reference value :  1.64625e-08
 Reference value :  1.64825e-08
 Reference value :  1.65025e-08
 Reference value :  1.65225e-08
 Reference value :  1.65375e-08
 Reference value :  1.65575e-08
 Reference value :  1.65775e-08
 Reference value :  1.65925e-08
 Reference value :  1.66075e-08
 Reference value :  1.66225e-08
 Reference value :  1.66375e-08
 Reference value :  1.66525e-08
 Reference value :  1.66675e-08
 Reference value :  1.66825e-08
 Reference value :  1.66975e-08
 Reference value :  1.67125e-08
 Reference value :  1.67275e-08
 Reference value :  1.67475e-08
 Reference value :  1.67625e-08
 Reference value :  1.67775e-08
 Reference value :  1.67925e-08
 Reference value :  1.68075e-08
 Reference value :  1.68225e-08
 Reference value :  1.68375e-08
 Reference value :  1.68575e-08
 Reference value :  1.68775e-08
 Reference value :  1.68975e-08
 Reference value :  1.69175e-08
 Reference value :  1.69325e-08
 Reference value :  1.69525e-08
 Reference value :  1.69675e-08
 Reference value :  1.69875e-08
 Reference value :  1.70025e-08
 Reference value :  1.70175e-08
 Reference value :  1.70375e-08
 Reference value :  1.70525e-08
 Reference value :  1.70725e-08
 Reference value :  1.70875e-08
 Reference value :  1.71025e-08
 Reference value :  1.71175e-08
 Reference value :  1.71325e-08
 Reference value :  1.71475e-08
 Reference value :  1.71625e-08
 Reference value :  1.71825e-08
 Reference value :  1.72025e-08
 Reference value :  1.72175e-08
 Reference value :  1.72325e-08
 Reference value :  1.72475e-08
 Reference value :  1.72625e-08
 Reference value :  1.72775e-08
 Reference value :  1.72925e-08
 Reference value :  1.73075e-08
 Reference value :  1.73225e-08
 Reference value :  1.73375e-08
 Reference value :  1.73525e-08
 Reference value :  1.73675e-08
 Reference value :  1.73825e-08
 Reference value :  1.73975e-08
 Reference value :  1.74125e-08
 Reference value :  1.74325e-08
 Reference value :  1.74475e-08
 Reference value :  1.74625e-08
 Reference value :  1.74775e-08
 Reference value :  1.74925e-08
 Reference value :  1.75125e-08
 Reference value :  1.75325e-08
 Reference value :  1.75475e-08
 Reference value :  1.75625e-08
 Reference value :  1.75775e-08
 Reference value :  1.75975e-08
 Reference value :  1.76125e-08
 Reference value :  1.76275e-08
 Reference value :  1.76425e-08
 Reference value :  1.76575e-08
 Reference value :  1.76725e-08
 Reference value :  1.76975e-08
 Reference value :  1.77175e-08
 Reference value :  1.77425e-08
 Reference value :  1.77625e-08
 Reference value :  1.77775e-08
 Reference value :  1.77975e-08
 Reference value :  1.78175e-08
 Reference value :  1.78375e-08
 Reference value :  1.78525e-08
 Reference value :  1.78675e-08
 Reference value :  1.78825e-08
 Reference value :  1.78975e-08
 Reference value :  1.79125e-08
 Reference value :  1.79275e-08
 Reference value :  1.79425e-08
 Reference value :  1.79625e-08
 Reference value :  1.79825e-08
 Reference value :  1.80025e-08
 Reference value :  1.80225e-08
 Reference value :  1.80425e-08
 Reference value :  1.80575e-08
 Reference value :  1.80725e-08
 Reference value :  1.80925e-08
 Reference value :  1.81125e-08
 Reference value :  1.81325e-08
 Reference value :  1.81525e-08
 Reference value :  1.81675e-08
 Reference value :  1.81875e-08
 Reference value :  1.82075e-08
 Reference value :  1.82275e-08
 Reference value :  1.82475e-08
 Reference value :  1.82675e-08
 Reference value :  1.82825e-08
 Reference value :  1.82975e-08
 Reference value :  1.83175e-08
 Reference value :  1.83325e-08
 Reference value :  1.83525e-08
 Reference value :  1.83725e-08
 Reference value :  1.83925e-08
 Reference value :  1.84125e-08
 Reference value :  1.84325e-08
 Reference value :  1.84475e-08
 Reference value :  1.84625e-08
 Reference value :  1.84825e-08
 Reference value :  1.85025e-08
 Reference value :  1.85225e-08
 Reference value :  1.85375e-08
 Reference value :  1.85575e-08
 Reference value :  1.85775e-08
 Reference value :  1.85975e-08
 Reference value :  1.86125e-08
 Reference value :  1.86275e-08
 Reference value :  1.86475e-08
 Reference value :  1.86625e-08
 Reference value :  1.86775e-08
 Reference value :  1.86925e-08
 Reference value :  1.87125e-08
 Reference value :  1.87275e-08
 Reference value :  1.87475e-08
 Reference value :  1.87675e-08
 Reference value :  1.87825e-08
 Reference value :  1.87975e-08
 Reference value :  1.88125e-08
 Reference value :  1.88275e-08
 Reference value :  1.88425e-08
 Reference value :  1.88625e-08
 Reference value :  1.88825e-08
 Reference value :  1.88975e-08
 Reference value :  1.89125e-08
 Reference value :  1.89275e-08
 Reference value :  1.89475e-08
 Reference value :  1.89625e-08
 Reference value :  1.89775e-08
 Reference value :  1.89975e-08
 Reference value :  1.90175e-08
 Reference value :  1.90375e-08
 Reference value :  1.90525e-08
 Reference value :  1.90675e-08
 Reference value :  1.90825e-08
 Reference value :  1.91025e-08
 Reference value :  1.91225e-08
 Reference value :  1.91425e-08
 Reference value :  1.91575e-08
 Reference value :  1.91725e-08
 Reference value :  1.91875e-08
 Reference value :  1.92025e-08
 Reference value :  1.92225e-08
 Reference value :  1.92425e-08
 Reference value :  1.92625e-08
 Reference value :  1.92775e-08
 Reference value :  1.92925e-08
 Reference value :  1.93125e-08
 Reference value :  1.93275e-08
 Reference value :  1.93425e-08
 Reference value :  1.93625e-08
 Reference value :  1.93825e-08
 Reference value :  1.93975e-08
 Reference value :  1.94125e-08
 Reference value :  1.94275e-08
 Reference value :  1.94475e-08
 Reference value :  1.94675e-08
 Reference value :  1.94875e-08
 Reference value :  1.95025e-08
 Reference value :  1.95175e-08
 Reference value :  1.95325e-08
 Reference value :  1.95475e-08
 Reference value :  1.95625e-08
 Reference value :  1.95825e-08
 Reference value :  1.95975e-08
 Reference value :  1.96175e-08
 Reference value :  1.96325e-08
 Reference value :  1.96475e-08
 Reference value :  1.96625e-08
 Reference value :  1.96775e-08
 Reference value :  1.96925e-08
 Reference value :  1.97075e-08
 Reference value :  1.97225e-08
 Reference value :  1.97425e-08
 Reference value :  1.97575e-08
 Reference value :  1.97725e-08
 Reference value :  1.97875e-08
 Reference value :  1.98025e-08
 Reference value :  1.98175e-08
 Reference value :  1.98375e-08
 Reference value :  1.98575e-08
 Reference value :  1.98725e-08
 Reference value :  1.98925e-08
 Reference value :  1.99125e-08
 Reference value :  1.99275e-08
 Reference value :  1.99425e-08
 Reference value :  1.99625e-08
 Reference value :  1.99825e-08
 Reference value :  2.00025e-08
 Reference value :  2.00225e-08
 Reference value :  2.00375e-08
 Reference value :  2.00525e-08
 Reference value :  2.00725e-08
 Reference value :  2.00925e-08
 Reference value :  2.01075e-08
 Reference value :  2.01225e-08
 Reference value :  2.01375e-08
 Reference value :  2.01525e-08
 Reference value :  2.01675e-08
 Reference value :  2.01825e-08
 Reference value :  2.01975e-08
 Reference value :  2.02125e-08
 Reference value :  2.02275e-08
 Reference value :  2.02475e-08
 Reference value :  2.02675e-08
 Reference value :  2.02875e-08
 Reference value :  2.03025e-08
 Reference value :  2.03225e-08
 Reference value :  2.03475e-08
 Reference value :  2.03675e-08
 Reference value :  2.03875e-08
 Reference value :  2.04075e-08
 Reference value :  2.04325e-08
 Reference value :  2.04525e-08
 Reference value :  2.04675e-08
 Reference value :  2.04825e-08
 Reference value :  2.04975e-08
 Reference value :  2.05175e-08
 Reference value :  2.05375e-08
 Reference value :  2.05525e-08
 Reference value :  2.05675e-08
 Reference value :  2.05875e-08
 Reference value :  2.06025e-08
 Reference value :  2.06175e-08
 Reference value :  2.06375e-08
 Reference value :  2.06575e-08
 Reference value :  2.06775e-08
 Reference value :  2.06975e-08
 Reference value :  2.07175e-08
 Reference value :  2.07375e-08
 Reference value :  2.07575e-08
 Reference value :  2.07775e-08
 Reference value :  2.07975e-08
 Reference value :  2.08175e-08
 Reference value :  2.08375e-08
 Reference value :  2.08575e-08
 Reference value :  2.08725e-08
 Reference value :  2.08875e-08
 Reference value :  2.09025e-08
 Reference value :  2.09225e-08
 Reference value :  2.09425e-08
 Reference value :  2.09575e-08
 Reference value :  2.09725e-08
 Reference value :  2.09925e-08
 Reference value :  2.10075e-08
 Reference value :  2.10225e-08
 Reference value :  2.10425e-08
 Reference value :  2.10625e-08
 Reference value :  2.10825e-08
 Reference value :  2.11025e-08
 Reference value :  2.11175e-08
 Reference value :  2.11325e-08
 Reference value :  2.11525e-08
 Reference value :  2.11675e-08
 Reference value :  2.11875e-08
 Reference value :  2.12075e-08
 Reference value :  2.12325e-08
 Reference value :  2.12475e-08
 Reference value :  2.12675e-08
 Reference value :  2.12875e-08
 Reference value :  2.13025e-08
 Reference value :  2.13225e-08
 Reference value :  2.13375e-08
 Reference value :  2.13575e-08
 Reference value :  2.13775e-08
 Reference value :  2.13925e-08
 Reference value :  2.14075e-08
 Reference value :  2.14225e-08
 Reference value :  2.14425e-08
 Reference value :  2.14675e-08
 Reference value :  2.14875e-08
 Reference value :  2.15075e-08
 Reference value :  2.15225e-08
 Reference value :  2.15425e-08
 Reference value :  2.15625e-08
 Reference value :  2.15775e-08
 Reference value :  2.15975e-08
 Reference value :  2.16125e-08
 Reference value :  2.16325e-08
 Reference value :  2.16475e-08
 Reference value :  2.16675e-08
 Reference value :  2.16825e-08
 Reference value :  2.17075e-08
 Reference value :  2.17225e-08
 Reference value :  2.17375e-08
 Reference value :  2.17525e-08
 Reference value :  2.17775e-08
 Reference value :  2.17975e-08
 Reference value :  2.18175e-08
 Reference value :  2.18325e-08
 Reference value :  2.18475e-08
 Reference value :  2.18675e-08
 Reference value :  2.18825e-08
 Reference value :  2.19025e-08
 Reference value :  2.19225e-08
 Reference value :  2.19375e-08
 Reference value :  2.19525e-08
 Reference value :  2.19725e-08
 Reference value :  2.19875e-08
 Reference value :  2.20075e-08
 Reference value :  2.20375e-08
 Reference value :  2.20575e-08
 Reference value :  2.20775e-08
 Reference value :  2.20975e-08
 Reference value :  2.21125e-08
 Reference value :  2.21325e-08
 Reference value :  2.21525e-08
 Reference value :  2.21675e-08
 Reference value :  2.21875e-08
 Reference value :  2.22025e-08
 Reference value :  2.22225e-08
 Reference value :  2.22425e-08
 Reference value :  2.22625e-08
 Reference value :  2.22775e-08
 Reference value :  2.22975e-08
 Reference value :  2.23175e-08
 Reference value :  2.23375e-08
 Reference value :  2.23575e-08
 Reference value :  2.23775e-08
 Reference value :  2.23925e-08
 Reference value :  2.24075e-08
 Reference value :  2.24225e-08
 Reference value :  2.24425e-08
 Reference value :  2.24625e-08
 Reference value :  2.24775e-08
 Reference value :  2.24975e-08
 Reference value :  2.25225e-08
 Reference value :  2.25425e-08
 Reference value :  2.25625e-08
 Reference value :  2.25825e-08
 Reference value :  2.26025e-08
 Reference value :  2.26275e-08
 Reference value :  2.26475e-08
 Reference value :  2.26675e-08
 Reference value :  2.26825e-08
 Reference value :  2.26975e-08
 Reference value :  2.27175e-08
 Reference value :  2.27325e-08
 Reference value :  2.27525e-08
 Reference value :  2.27725e-08
 Reference value :  2.27875e-08
 Reference value :  2.28025e-08
 Reference value :  2.28175e-08
 Reference value :  2.28375e-08
 Reference value :  2.28575e-08
 Reference value :  2.28725e-08
 Reference value :  2.28875e-08
 Reference value :  2.29075e-08
 Reference value :  2.29275e-08
 Reference value :  2.29475e-08
 Reference value :  2.29625e-08
 Reference value :  2.29825e-08
 Reference value :  2.29975e-08
 Reference value :  2.30125e-08
 Reference value :  2.30325e-08
 Reference value :  2.30525e-08
 Reference value :  2.30725e-08
 Reference value :  2.30875e-08
 Reference value :  2.31075e-08
 Reference value :  2.31275e-08
 Reference value :  2.31425e-08
 Reference value :  2.31575e-08
 Reference value :  2.31775e-08
 Reference value :  2.31975e-08
 Reference value :  2.32125e-08
 Reference value :  2.32325e-08
 Reference value :  2.32475e-08
 Reference value :  2.32625e-08
 Reference value :  2.32775e-08
 Reference value :  2.32925e-08
 Reference value :  2.33125e-08
 Reference value :  2.33325e-08
 Reference value :  2.33475e-08
 Reference value :  2.33675e-08
 Reference value :  2.33875e-08
 Reference value :  2.34075e-08
 Reference value :  2.34275e-08
 Reference value :  2.34425e-08
 Reference value :  2.34625e-08
 Reference value :  2.34775e-08
 Reference value :  2.34975e-08
 Reference value :  2.35125e-08
 Reference value :  2.35275e-08
 Reference value :  2.35425e-08
 Reference value :  2.35575e-08
 Reference value :  2.35725e-08
 Reference value :  2.35875e-08
 Reference value :  2.36025e-08
 Reference value :  2.36175e-08
 Reference value :  2.36325e-08
 Reference value :  2.36525e-08
 Reference value :  2.36725e-08
 Reference value :  2.36925e-08
 Reference value :  2.37125e-08
 Reference value :  2.37275e-08
 Reference value :  2.37425e-08
 Reference value :  2.37625e-08
 Reference value :  2.37825e-08
 Reference value :  2.38025e-08
 Reference value :  2.38225e-08
 Reference value :  2.38375e-08
 Reference value :  2.38575e-08
 Reference value :  2.38725e-08
 Reference value :  2.38875e-08
 Reference value :  2.39025e-08
 Reference value :  2.39225e-08
 Reference value :  2.39425e-08
 Reference value :  2.39575e-08
 Reference value :  2.39775e-08
 Reference value :  2.39975e-08
 Reference value :  2.40225e-08
 Reference value :  2.40425e-08
 Reference value :  2.40575e-08
 Reference value :  2.40725e-08
 Reference value :  2.40925e-08
 Reference value :  2.41125e-08
 Reference value :  2.41275e-08
 Reference value :  2.41525e-08
 Reference value :  2.41675e-08
 Reference value :  2.41825e-08
 Reference value :  2.42025e-08
 Reference value :  2.42225e-08
 Reference value :  2.42375e-08
 Reference value :  2.42575e-08
 Reference value :  2.42725e-08
 Reference value :  2.42875e-08
 Reference value :  2.43075e-08
 Reference value :  2.43225e-08
 Reference value :  2.43375e-08
 Reference value :  2.43525e-08
 Reference value :  2.43675e-08
 Reference value :  2.43875e-08
 Reference value :  2.44075e-08
 Reference value :  2.44225e-08
 Reference value :  2.44375e-08
 Reference value :  2.44525e-08
 Reference value :  2.44675e-08
 Reference value :  2.44825e-08
 Reference value :  2.44975e-08
 Reference value :  2.45125e-08
 Reference value :  2.45275e-08
 Reference value :  2.45475e-08
 Reference value :  2.45625e-08
 Reference value :  2.45825e-08
 Reference value :  2.46025e-08
 Reference value :  2.46225e-08
 Reference value :  2.46375e-08
 Reference value :  2.46575e-08
 Reference value :  2.46725e-08
 Reference value :  2.46925e-08
 Reference value :  2.47075e-08
 Reference value :  2.47275e-08
 Reference value :  2.47425e-08
 Reference value :  2.47575e-08
 Reference value :  2.47775e-08
 Reference value :  2.47975e-08
 Reference value :  2.48175e-08
 Reference value :  2.48325e-08
 Reference value :  2.48525e-08
 Reference value :  2.48675e-08
 Reference value :  2.48825e-08
 Reference value :  2.49025e-08
 Reference value :  2.49225e-08
 Reference value :  2.49375e-08
 Reference value :  2.49575e-08
 Reference value :  2.49725e-08
 Reference value :  2.49875e-08
 Reference value :  2.50025e-08
 Reference value :  2.50225e-08
 Reference value :  2.50425e-08
 Reference value :  2.50575e-08
 Reference value :  2.50775e-08
 Reference value :  2.50925e-08
 Reference value :  2.51125e-08
 Reference value :  2.51275e-08
 Reference value :  2.51425e-08
 Reference value :  2.51575e-08
 Reference value :  2.51725e-08
 Reference value :  2.51925e-08
 Reference value :  2.52175e-08
 Reference value :  2.52425e-08
 Reference value :  2.52625e-08
 Reference value :  2.52775e-08
 Reference value :  2.52925e-08
 Reference value :  2.53075e-08
 Reference value :  2.53225e-08
 Reference value :  2.53375e-08
 Reference value :  2.53525e-08
 Reference value :  2.53675e-08
 Reference value :  2.53825e-08
 Reference value :  2.53975e-08
 Reference value :  2.54125e-08
 Reference value :  2.54275e-08
 Reference value :  2.54475e-08
 Reference value :  2.54675e-08
 Reference value :  2.54825e-08
 Reference value :  2.55025e-08
 Reference value :  2.55175e-08
 Reference value :  2.55375e-08
 Reference value :  2.55525e-08
 Reference value :  2.55725e-08
 Reference value :  2.55875e-08
 Reference value :  2.56025e-08
 Reference value :  2.56225e-08
 Reference value :  2.56375e-08
 Reference value :  2.56525e-08
 Reference value :  2.56675e-08
 Reference value :  2.56825e-08
 Reference value :  2.56975e-08
 Reference value :  2.57125e-08
 Reference value :  2.57275e-08
 Reference value :  2.57425e-08
 Reference value :  2.57625e-08
 Reference value :  2.57825e-08
 Reference value :  2.57975e-08
 Reference value :  2.58125e-08
 Reference value :  2.58325e-08
 Reference value :  2.58475e-08
 Reference value :  2.58675e-08
 Reference value :  2.58825e-08
 Reference value :  2.58975e-08
 Reference value :  2.59125e-08
 Reference value :  2.59275e-08
 Reference value :  2.59425e-08
 Reference value :  2.59625e-08
 Reference value :  2.59775e-08
 Reference value :  2.59925e-08
 Reference value :  2.60075e-08
 Reference value :  2.60275e-08
 Reference value :  2.60425e-08
 Reference value :  2.60575e-08
 Reference value :  2.60725e-08
 Reference value :  2.60875e-08
 Reference value :  2.61025e-08
 Reference value :  2.61175e-08
 Reference value :  2.61325e-08
 Reference value :  2.61475e-08
 Reference value :  2.61625e-08
 Reference value :  2.61775e-08
 Reference value :  2.61925e-08
 Reference value :  2.62075e-08
 Reference value :  2.62225e-08
 Reference value :  2.62375e-08
 Reference value :  2.62525e-08
 Reference value :  2.62675e-08
 Reference value :  2.62825e-08
 Reference value :  2.62975e-08
 Reference value :  2.63125e-08
 Reference value :  2.63325e-08
 Reference value :  2.63475e-08
 Reference value :  2.63625e-08
 Reference value :  2.63775e-08
 Reference value :  2.63925e-08
 Reference value :  2.64075e-08
 Reference value :  2.64225e-08
 Reference value :  2.64375e-08
 Reference value :  2.64525e-08
 Reference value :  2.64675e-08
 Reference value :  2.64825e-08
 Reference value :  2.64975e-08
 Reference value :  2.65125e-08
 Reference value :  2.65275e-08
 Reference value :  2.65425e-08
 Reference value :  2.65575e-08
 Reference value :  2.65725e-08
 Reference value :  2.65875e-08
 Reference value :  2.66025e-08
 Reference value :  2.66175e-08
 Reference value :  2.66325e-08
 Reference value :  2.66475e-08
 Reference value :  2.66625e-08
 Reference value :  2.66775e-08
 Reference value :  2.66925e-08
 Reference value :  2.67125e-08
 Reference value :  2.67275e-08
 Reference value :  2.67425e-08
 Reference value :  2.67575e-08
 Reference value :  2.67725e-08
 Reference value :  2.67875e-08
 Reference value :  2.68025e-08
 Reference value :  2.68175e-08
 Reference value :  2.68325e-08
 Reference value :  2.68475e-08
 Reference value :  2.68675e-08
 Reference value :  2.68825e-08
 Reference value :  2.68975e-08
 Reference value :  2.69125e-08
 Reference value :  2.69275e-08
 Reference value :  2.69425e-08
 Reference value :  2.69575e-08
 Reference value :  2.69725e-08
 Reference value :  2.69875e-08
 Reference value :  2.70075e-08
 Reference value :  2.70225e-08
 Reference value :  2.70425e-08
 Reference value :  2.70575e-08
 Reference value :  2.70725e-08
 Reference value :  2.70875e-08
 Reference value :  2.71025e-08
 Reference value :  2.71175e-08
 Reference value :  2.71325e-08
 Reference value :  2.71475e-08
 Reference value :  2.71625e-08
 Reference value :  2.71775e-08
 Reference value :  2.71925e-08
 Reference value :  2.72125e-08
 Reference value :  2.72275e-08
 Reference value :  2.72425e-08
 Reference value :  2.72575e-08
 Reference value :  2.72775e-08
 Reference value :  2.72975e-08
 Reference value :  2.73175e-08
 Reference value :  2.73375e-08
 Reference value :  2.73525e-08
 Reference value :  2.73675e-08
 Reference value :  2.73825e-08
 Reference value :  2.73975e-08
 Reference value :  2.74125e-08
 Reference value :  2.74275e-08
 Reference value :  2.74425e-08
 Reference value :  2.74575e-08
 Reference value :  2.74725e-08
 Reference value :  2.74875e-08
 Reference value :  2.75025e-08
 Reference value :  2.75175e-08
 Reference value :  2.75325e-08
 Reference value :  2.75475e-08
 Reference value :  2.75625e-08
 Reference value :  2.75775e-08
 Reference value :  2.75925e-08
 Reference value :  2.76125e-08
 Reference value :  2.76275e-08
 Reference value :  2.76425e-08
 Reference value :  2.76625e-08
 Reference value :  2.76775e-08
 Reference value :  2.76925e-08
 Reference value :  2.77075e-08
 Reference value :  2.77225e-08
 Reference value :  2.77375e-08
 Reference value :  2.77525e-08
 Reference value :  2.77675e-08
 Reference value :  2.77825e-08
 Reference value :  2.77975e-08
 Reference value :  2.78125e-08
 Reference value :  2.78275e-08
 Reference value :  2.78475e-08
 Reference value :  2.78675e-08
 Reference value :  2.78875e-08
 Reference value :  2.79025e-08
 Reference value :  2.79225e-08
 Reference value :  2.79375e-08
 Reference value :  2.79575e-08
 Reference value :  2.79725e-08
 Reference value :  2.79875e-08
 Reference value :  2.80025e-08
 Reference value :  2.80225e-08
 Reference value :  2.80375e-08
 Reference value :  2.80525e-08
 Reference value :  2.80675e-08
 Reference value :  2.80825e-08
 Reference value :  2.80975e-08
 Reference value :  2.81125e-08
 Reference value :  2.81275e-08
 Reference value :  2.81425e-08
 Reference value :  2.81575e-08
 Reference value :  2.81725e-08
 Reference value :  2.81875e-08
 Reference value :  2.82025e-08
 Reference value :  2.82175e-08
 Reference value :  2.82325e-08
 Reference value :  2.82475e-08
 Reference value :  2.82675e-08
 Reference value :  2.82875e-08
 Reference value :  2.83025e-08
 Reference value :  2.83175e-08
 Reference value :  2.83325e-08
 Reference value :  2.83525e-08
 Reference value :  2.83675e-08
 Reference value :  2.83875e-08
 Reference value :  2.84025e-08
 Reference value :  2.84175e-08
 Reference value :  2.84325e-08
 Reference value :  2.84475e-08
 Reference value :  2.84625e-08
 Reference value :  2.84825e-08
 Reference value :  2.84975e-08
 Reference value :  2.85125e-08
 Reference value :  2.85275e-08
 Reference value :  2.85475e-08
 Reference value :  2.85625e-08
 Reference value :  2.85775e-08
 Reference value :  2.85975e-08
 Reference value :  2.86125e-08
 Reference value :  2.86275e-08
 Reference value :  2.86425e-08
 Reference value :  2.86575e-08
 Reference value :  2.86725e-08
 Reference value :  2.86875e-08
 Reference value :  2.87025e-08
 Reference value :  2.87175e-08
 Reference value :  2.87325e-08
 Reference value :  2.87475e-08
 Reference value :  2.87625e-08
 Reference value :  2.87775e-08
 Reference value :  2.87975e-08
 Reference value :  2.88125e-08
 Reference value :  2.88325e-08
 Reference value :  2.88525e-08
 Reference value :  2.88725e-08
 Reference value :  2.88875e-08
 Reference value :  2.89025e-08
 Reference value :  2.89175e-08
 Reference value :  2.89325e-08
 Reference value :  2.89525e-08
 Reference value :  2.89675e-08
 Reference value :  2.89825e-08
 Reference value :  2.90025e-08
 Reference value :  2.90175e-08
 Reference value :  2.90375e-08
 Reference value :  2.90525e-08
 Reference value :  2.90675e-08
 Reference value :  2.90875e-08
 Reference value :  2.91025e-08
 Reference value :  2.91175e-08
 Reference value :  2.91325e-08
 Reference value :  2.91475e-08
 Reference value :  2.91625e-08
 Reference value :  2.91775e-08
 Reference value :  2.91925e-08
 Reference value :  2.92075e-08
 Reference value :  2.92225e-08
 Reference value :  2.92375e-08
 Reference value :  2.92525e-08
 Reference value :  2.92675e-08
 Reference value :  2.92825e-08
 Reference value :  2.92975e-08
 Reference value :  2.93125e-08
 Reference value :  2.93275e-08
 Reference value :  2.93425e-08
 Reference value :  2.93575e-08
 Reference value :  2.93775e-08
 Reference value :  2.93925e-08
 Reference value :  2.94075e-08
 Reference value :  2.94225e-08
 Reference value :  2.94375e-08
 Reference value :  2.94525e-08
 Reference value :  2.94675e-08
 Reference value :  2.94825e-08
 Reference value :  2.94975e-08
 Reference value :  2.95175e-08
 Reference value :  2.95375e-08
 Reference value :  2.95525e-08
 Reference value :  2.95675e-08
 Reference value :  2.95825e-08
 Reference value :  2.95975e-08
 Reference value :  2.96125e-08
 Reference value :  2.96275e-08
 Reference value :  2.96425e-08
 Reference value :  2.96575e-08
 Reference value :  2.96725e-08
 Reference value :  2.96925e-08
 Reference value :  2.97075e-08
 Reference value :  2.97225e-08
 Reference value :  2.97375e-08
 Reference value :  2.97525e-08
 Reference value :  2.97675e-08
 Reference value :  2.97825e-08
 Reference value :  2.97975e-08
 Reference value :  2.98175e-08
 Reference value :  2.98325e-08
 Reference value :  2.98475e-08
 Reference value :  2.98625e-08
 Reference value :  2.98775e-08
 Reference value :  2.98925e-08
 Reference value :  2.99075e-08
 Reference value :  2.99225e-08
 Reference value :  2.99375e-08
 Reference value :  2.99575e-08
 Reference value :  2.99725e-08
 Reference value :  2.99925e-08
 Reference value :  3.00075e-08
 Reference value :  3.00225e-08
 Reference value :  3.00375e-08
 Reference value :  3.00525e-08
 Reference value :  3.00675e-08
 Reference value :  3.00875e-08
 Reference value :  3.01075e-08
 Reference value :  3.01225e-08
 Reference value :  3.01375e-08
 Reference value :  3.01575e-08
 Reference value :  3.01775e-08
 Reference value :  3.01925e-08
 Reference value :  3.02075e-08
 Reference value :  3.02225e-08
 Reference value :  3.02375e-08
 Reference value :  3.02525e-08
 Reference value :  3.02675e-08
 Reference value :  3.02825e-08
 Reference value :  3.02975e-08
 Reference value :  3.03125e-08
 Reference value :  3.03275e-08
 Reference value :  3.03425e-08
 Reference value :  3.03625e-08
 Reference value :  3.03775e-08
 Reference value :  3.03975e-08
 Reference value :  3.04125e-08
 Reference value :  3.04275e-08
 Reference value :  3.04425e-08
 Reference value :  3.04575e-08
 Reference value :  3.04725e-08
 Reference value :  3.04925e-08
 Reference value :  3.05075e-08
 Reference value :  3.05225e-08
 Reference value :  3.05375e-08
 Reference value :  3.05525e-08
 Reference value :  3.05725e-08
 Reference value :  3.05925e-08
 Reference value :  3.06075e-08
 Reference value :  3.06225e-08
 Reference value :  3.06375e-08
 Reference value :  3.06525e-08
 Reference value :  3.06675e-08
 Reference value :  3.06825e-08
 Reference value :  3.06975e-08
 Reference value :  3.07175e-08
 Reference value :  3.07375e-08
 Reference value :  3.07575e-08
 Reference value :  3.07775e-08
 Reference value :  3.07925e-08
 Reference value :  3.08075e-08
 Reference value :  3.08225e-08
 Reference value :  3.08425e-08
 Reference value :  3.08575e-08
 Reference value :  3.08725e-08
 Reference value :  3.08925e-08
 Reference value :  3.09075e-08
 Reference value :  3.09225e-08
 Reference value :  3.09425e-08
 Reference value :  3.09575e-08
 Reference value :  3.09825e-08
 Reference value :  3.09975e-08
 Reference value :  3.10125e-08
 Reference value :  3.10275e-08
 Reference value :  3.10475e-08
 Reference value :  3.10625e-08
 Reference value :  3.10825e-08
 Reference value :  3.10975e-08
 Reference value :  3.11175e-08
 Reference value :  3.11325e-08
 Reference value :  3.11475e-08
 Reference value :  3.11625e-08
 Reference value :  3.11775e-08
 Reference value :  3.11925e-08
 Reference value :  3.12075e-08
 Reference value :  3.12225e-08
 Reference value :  3.12375e-08
 Reference value :  3.12575e-08
 Reference value :  3.12725e-08
 Reference value :  3.12925e-08
 Reference value :  3.13075e-08
 Reference value :  3.13225e-08
 Reference value :  3.13425e-08
 Reference value :  3.13575e-08
 Reference value :  3.13725e-08
 Reference value :  3.13925e-08
 Reference value :  3.14075e-08
 Reference value :  3.14225e-08
 Reference value :  3.14375e-08
 Reference value :  3.14525e-08
 Reference value :  3.14675e-08
 Reference value :  3.14825e-08
 Reference value :  3.15025e-08
 Reference value :  3.15225e-08
 Reference value :  3.15375e-08
 Reference value :  3.15525e-08
 Reference value :  3.15675e-08
 Reference value :  3.15825e-08
 Reference value :  3.15975e-08
 Reference value :  3.16125e-08
 Reference value :  3.16325e-08
 Reference value :  3.16475e-08
 Reference value :  3.16625e-08
 Reference value :  3.16775e-08
 Reference value :  3.16925e-08
 Reference value :  3.17075e-08
 Reference value :  3.17275e-08
 Reference value :  3.17425e-08
 Reference value :  3.17575e-08
 Reference value :  3.17725e-08
 Reference value :  3.17875e-08
 Reference value :  3.18025e-08
 Reference value :  3.18175e-08
 Reference value :  3.18325e-08
 Reference value :  3.18475e-08
 Reference value :  3.18625e-08
 Reference value :  3.18825e-08
 Reference value :  3.18975e-08
 Reference value :  3.19125e-08
 Reference value :  3.19275e-08
 Reference value :  3.19425e-08
 Reference value :  3.19575e-08
 Reference value :  3.19725e-08
 Reference value :  3.19925e-08
 Reference value :  3.20075e-08
 Reference value :  3.20225e-08
 Reference value :  3.20425e-08
 Reference value :  3.20575e-08
 Reference value :  3.20775e-08
 Reference value :  3.20925e-08
 Reference value :  3.21075e-08
 Reference value :  3.21225e-08
 Reference value :  3.21375e-08
 Reference value :  3.21525e-08
 Reference value :  3.21675e-08
 Reference value :  3.21875e-08
 Reference value :  3.22025e-08
 Reference value :  3.22175e-08
 Reference value :  3.22325e-08
 Reference value :  3.22475e-08
 Reference value :  3.22625e-08
 Reference value :  3.22775e-08
 Reference value :  3.22925e-08
 Reference value :  3.23075e-08
 Reference value :  3.23225e-08
 Reference value :  3.23375e-08
 Reference value :  3.23575e-08
 Reference value :  3.23725e-08
 Reference value :  3.23925e-08
 Reference value :  3.24125e-08
 Reference value :  3.24275e-08
 Reference value :  3.24425e-08
 Reference value :  3.24625e-08
 Reference value :  3.24775e-08
 Reference value :  3.24925e-08
 Reference value :  3.25075e-08
 Reference value :  3.25225e-08
 Reference value :  3.25375e-08
 Reference value :  3.25525e-08
 Reference value :  3.25675e-08
 Reference value :  3.25875e-08
 Reference value :  3.26075e-08
 Reference value :  3.26225e-08
 Reference value :  3.26375e-08
 Reference value :  3.26525e-08
 Reference value :  3.26675e-08
 Reference value :  3.26825e-08
 Reference value :  3.27025e-08
 Reference value :  3.27175e-08
 Reference value :  3.27325e-08
 Reference value :  3.27475e-08
 Reference value :  3.27625e-08
 Reference value :  3.27775e-08
 Reference value :  3.27925e-08
 Reference value :  3.28075e-08
 Reference value :  3.28275e-08
 Reference value :  3.28425e-08
 Reference value :  3.28575e-08
 Reference value :  3.28775e-08
 Reference value :  3.28925e-08
 Reference value :  3.29075e-08
 Reference value :  3.29225e-08
 Reference value :  3.29375e-08
 Reference value :  3.29525e-08
 Reference value :  3.29675e-08
 Reference value :  3.29825e-08
 Reference value :  3.29975e-08
 Reference value :  3.30125e-08
 Reference value :  3.30275e-08
 Reference value :  3.30425e-08
 Reference value :  3.30575e-08
 Reference value :  3.30725e-08
 Reference value :  3.30925e-08
 Reference value :  3.31075e-08
 Reference value :  3.31225e-08
 Reference value :  3.31375e-08
 Reference value :  3.31525e-08
 Reference value :  3.31675e-08
 Reference value :  3.31825e-08
 Reference value :  3.32025e-08
 Reference value :  3.32175e-08
 Reference value :  3.32325e-08
 Reference value :  3.32475e-08
 Reference value :  3.32625e-08
 Reference value :  3.32775e-08
 Reference value :  3.32925e-08
 Reference value :  3.33075e-08
 Reference value :  3.33225e-08
 Reference value :  3.33375e-08
 Reference value :  3.33525e-08
 Reference value :  3.33675e-08
 Reference value :  3.33825e-08
 Reference value :  3.34025e-08
 Reference value :  3.34175e-08
 Reference value :  3.34325e-08
 Reference value :  3.34475e-08
 Reference value :  3.34675e-08
 Reference value :  3.34825e-08
 Reference value :  3.34975e-08
 Reference value :  3.35125e-08
 Reference value :  3.35275e-08
 Reference value :  3.35425e-08
 Reference value :  3.35575e-08
 Reference value :  3.35725e-08
 Reference value :  3.35875e-08
 Reference value :  3.36025e-08
 Reference value :  3.36225e-08
 Reference value :  3.36375e-08
 Reference value :  3.36525e-08
 Reference value :  3.36675e-08
 Reference value :  3.36825e-08
 Reference value :  3.36975e-08
 Reference value :  3.37125e-08
 Reference value :  3.37275e-08
 Reference value :  3.37475e-08
 Reference value :  3.37625e-08
 Reference value :  3.37775e-08
 Reference value :  3.37925e-08
 Reference value :  3.38075e-08
 Reference value :  3.38225e-08
 Reference value :  3.38425e-08
 Reference value :  3.38575e-08
 Reference value :  3.38725e-08
 Reference value :  3.38875e-08
 Reference value :  3.39025e-08
 Reference value :  3.39175e-08
 Reference value :  3.39325e-08
 Reference value :  3.39475e-08
 Reference value :  3.39675e-08
 Reference value :  3.39825e-08
 Reference value :  3.39975e-08
 Reference value :  3.40125e-08
 Reference value :  3.40275e-08
 Reference value :  3.40425e-08
 Reference value :  3.40575e-08
 Reference value :  3.40725e-08
 Reference value :  3.40875e-08
 Reference value :  3.41025e-08
 Reference value :  3.41175e-08
 Reference value :  3.41325e-08
 Reference value :  3.41475e-08
 Reference value :  3.41625e-08
 Reference value :  3.41775e-08
 Reference value :  3.41925e-08
 Reference value :  3.42075e-08
 Reference value :  3.42225e-08
 Reference value :  3.42425e-08
 Reference value :  3.42575e-08
 Reference value :  3.42725e-08
 Reference value :  3.42875e-08
 Reference value :  3.43025e-08
 Reference value :  3.43175e-08
 Reference value :  3.43325e-08
 Reference value :  3.43475e-08
 Reference value :  3.43625e-08
 Reference value :  3.43775e-08
 Reference value :  3.43975e-08
 Reference value :  3.44175e-08
 Reference value :  3.44325e-08
 Reference value :  3.44475e-08
 Reference value :  3.44675e-08
 Reference value :  3.44875e-08
 Reference value :  3.45025e-08
 Reference value :  3.45175e-08
 Reference value :  3.45325e-08
 Reference value :  3.45475e-08
 Reference value :  3.45625e-08
 Reference value :  3.45825e-08
 Reference value :  3.45975e-08
 Reference value :  3.46125e-08
 Reference value :  3.46275e-08
 Reference value :  3.46425e-08
 Reference value :  3.46575e-08
 Reference value :  3.46725e-08
 Reference value :  3.46875e-08
 Reference value :  3.47025e-08
 Reference value :  3.47175e-08
 Reference value :  3.47325e-08
 Reference value :  3.47475e-08
 Reference value :  3.47625e-08
 Reference value :  3.47775e-08
 Reference value :  3.47975e-08
 Reference value :  3.48175e-08
 Reference value :  3.48325e-08
 Reference value :  3.48475e-08
 Reference value :  3.48625e-08
 Reference value :  3.48775e-08
 Reference value :  3.48925e-08
 Reference value :  3.49075e-08
 Reference value :  3.49225e-08
 Reference value :  3.49375e-08
 Reference value :  3.49525e-08
 Reference value :  3.49675e-08
 Reference value :  3.49825e-08
 Reference value :  3.49975e-08
 Reference value :  3.50125e-08
 Reference value :  3.50275e-08
 Reference value :  3.50425e-08
 Reference value :  3.50575e-08
 Reference value :  3.50725e-08
 Reference value :  3.50875e-08
 Reference value :  3.51025e-08
 Reference value :  3.51175e-08
 Reference value :  3.51325e-08
 Reference value :  3.51475e-08
 Reference value :  3.51625e-08
 Reference value :  3.51775e-08
 Reference value :  3.51925e-08
 Reference value :  3.52075e-08
 Reference value :  3.52225e-08
 Reference value :  3.52375e-08
 Reference value :  3.52575e-08
 Reference value :  3.52725e-08
 Reference value :  3.52875e-08
 Reference value :  3.53025e-08
 Reference value :  3.53175e-08
 Reference value :  3.53325e-08
 Reference value :  3.53475e-08
 Reference value :  3.53625e-08
 Reference value :  3.53775e-08
 Reference value :  3.53925e-08
 Reference value :  3.54075e-08
 Reference value :  3.54225e-08
 Reference value :  3.54375e-08
 Reference value :  3.54525e-08
 Reference value :  3.54675e-08
 Reference value :  3.54825e-08
 Reference value :  3.54975e-08
 Reference value :  3.55175e-08
 Reference value :  3.55325e-08
 Reference value :  3.55475e-08
 Reference value :  3.55625e-08
 Reference value :  3.55775e-08
 Reference value :  3.55925e-08
 Reference value :  3.56075e-08
 Reference value :  3.56225e-08
 Reference value :  3.56375e-08
 Reference value :  3.56575e-08
 Reference value :  3.56725e-08
 Reference value :  3.56875e-08
 Reference value :  3.57075e-08
 Reference value :  3.57225e-08
 Reference value :  3.57425e-08
 Reference value :  3.57625e-08
 Reference value :  3.57775e-08
 Reference value :  3.57925e-08
 Reference value :  3.58075e-08
 Reference value :  3.58225e-08
 Reference value :  3.58375e-08
 Reference value :  3.58525e-08
 Reference value :  3.58675e-08
 Reference value :  3.58825e-08
 Reference value :  3.58975e-08
 Reference value :  3.59125e-08
 Reference value :  3.59275e-08
 Reference value :  3.59425e-08
 Reference value :  3.59575e-08
 Reference value :  3.59775e-08
 Reference value :  3.59925e-08
 Reference value :  3.60075e-08
 Reference value :  3.60275e-08
 Reference value :  3.60425e-08
 Reference value :  3.60575e-08
 Reference value :  3.60725e-08
 Reference value :  3.60875e-08
 Reference value :  3.61025e-08
 Reference value :  3.61225e-08
 Reference value :  3.61425e-08
 Reference value :  3.61575e-08
 Reference value :  3.61725e-08
 Reference value :  3.61875e-08
 Reference value :  3.62025e-08
 Reference value :  3.62175e-08
 Reference value :  3.62375e-08
 Reference value :  3.62525e-08
 Reference value :  3.62675e-08
 Reference value :  3.62825e-08
 Reference value :  3.62975e-08
 Reference value :  3.63175e-08
 Reference value :  3.63325e-08
 Reference value :  3.63475e-08
 Reference value :  3.63625e-08
 Reference value :  3.63775e-08
 Reference value :  3.63925e-08
 Reference value :  3.64075e-08
 Reference value :  3.64225e-08
 Reference value :  3.64375e-08
 Reference value :  3.64525e-08
 Reference value :  3.64675e-08
 Reference value :  3.64825e-08
 Reference value :  3.64975e-08
 Reference value :  3.65175e-08
 Reference value :  3.65325e-08
 Reference value :  3.65475e-08
 Reference value :  3.65625e-08
 Reference value :  3.65775e-08
 Reference value :  3.65925e-08
 Reference value :  3.66075e-08
 Reference value :  3.66275e-08
 Reference value :  3.66425e-08
 Reference value :  3.66625e-08
 Reference value :  3.66775e-08
 Reference value :  3.66925e-08
 Reference value :  3.67075e-08
 Reference value :  3.67225e-08
 Reference value :  3.67375e-08
 Reference value :  3.67525e-08
 Reference value :  3.67675e-08
 Reference value :  3.67825e-08
 Reference value :  3.67975e-08
 Reference value :  3.68175e-08
 Reference value :  3.68325e-08
 Reference value :  3.68525e-08
 Reference value :  3.68675e-08
 Reference value :  3.68825e-08
 Reference value :  3.68975e-08
 Reference value :  3.69125e-08
 Reference value :  3.69275e-08
 Reference value :  3.69425e-08
 Reference value :  3.69575e-08
 Reference value :  3.69725e-08
 Reference value :  3.69875e-08
 Reference value :  3.70025e-08
 Reference value :  3.70175e-08
 Reference value :  3.70325e-08
 Reference value :  3.70475e-08
 Reference value :  3.70625e-08
 Reference value :  3.70775e-08
 Reference value :  3.70925e-08
 Reference value :  3.71075e-08
 Reference value :  3.71225e-08
 Reference value :  3.71425e-08
 Reference value :  3.71575e-08
 Reference value :  3.71725e-08
 Reference value :  3.71925e-08
 Reference value :  3.72075e-08
 Reference value :  3.72225e-08
 Reference value :  3.72375e-08
 Reference value :  3.72525e-08
 Reference value :  3.72725e-08
 Reference value :  3.72875e-08
 Reference value :  3.73025e-08
 Reference value :  3.73175e-08
 Reference value :  3.73325e-08
 Reference value :  3.73475e-08
 Reference value :  3.73625e-08
 Reference value :  3.73775e-08
 Reference value :  3.73925e-08
 Reference value :  3.74075e-08
 Reference value :  3.74275e-08
 Reference value :  3.74425e-08
 Reference value :  3.74575e-08
 Reference value :  3.74725e-08
 Reference value :  3.74875e-08
 Reference value :  3.75025e-08
 Reference value :  3.75175e-08
 Reference value :  3.75375e-08
 Reference value :  3.75525e-08
 Reference value :  3.75675e-08
 Reference value :  3.75875e-08
 Reference value :  3.76025e-08
 Reference value :  3.76225e-08
 Reference value :  3.76375e-08
 Reference value :  3.76525e-08
 Reference value :  3.76675e-08
 Reference value :  3.76825e-08
 Reference value :  3.76975e-08
 Reference value :  3.77175e-08
 Reference value :  3.77325e-08
 Reference value :  3.77475e-08
 Reference value :  3.77675e-08
 Reference value :  3.77875e-08
 Reference value :  3.78025e-08
 Reference value :  3.78175e-08
 Reference value :  3.78325e-08
 Reference value :  3.78525e-08
 Reference value :  3.78725e-08
 Reference value :  3.78875e-08
 Reference value :  3.79025e-08
 Reference value :  3.79175e-08
 Reference value :  3.79325e-08
 Reference value :  3.79475e-08
 Reference value :  3.79625e-08
 Reference value :  3.79775e-08
 Reference value :  3.79925e-08
 Reference value :  3.80075e-08
 Reference value :  3.80225e-08
 Reference value :  3.80425e-08
 Reference value :  3.80575e-08
 Reference value :  3.80725e-08
 Reference value :  3.80875e-08
 Reference value :  3.81025e-08
 Reference value :  3.81175e-08
 Reference value :  3.81325e-08
 Reference value :  3.81525e-08
 Reference value :  3.81675e-08
 Reference value :  3.81825e-08
 Reference value :  3.81975e-08
 Reference value :  3.82125e-08
 Reference value :  3.82275e-08
 Reference value :  3.82425e-08
 Reference value :  3.82625e-08
 Reference value :  3.82825e-08
 Reference value :  3.82975e-08
 Reference value :  3.83125e-08
 Reference value :  3.83275e-08
 Reference value :  3.83475e-08
 Reference value :  3.83625e-08
 Reference value :  3.83775e-08
 Reference value :  3.83925e-08
 Reference value :  3.84075e-08
 Reference value :  3.84225e-08
 Reference value :  3.84375e-08
 Reference value :  3.84525e-08
 Reference value :  3.84675e-08
 Reference value :  3.84825e-08
 Reference value :  3.84975e-08
 Reference value :  3.85175e-08
 Reference value :  3.85325e-08
 Reference value :  3.85475e-08
 Reference value :  3.85625e-08
 Reference value :  3.85775e-08
 Reference value :  3.85925e-08
 Reference value :  3.86075e-08
 Reference value :  3.86225e-08
 Reference value :  3.86375e-08
 Reference value :  3.86525e-08
 Reference value :  3.86675e-08
 Reference value :  3.86825e-08
 Reference value :  3.86975e-08
 Reference value :  3.87125e-08
 Reference value :  3.87275e-08
 Reference value :  3.87425e-08
 Reference value :  3.87575e-08
 Reference value :  3.87725e-08
 Reference value :  3.87925e-08
 Reference value :  3.88075e-08
 Reference value :  3.88225e-08
 Reference value :  3.88425e-08
 Reference value :  3.88575e-08
 Reference value :  3.88775e-08
 Reference value :  3.88925e-08
 Reference value :  3.89125e-08
 Reference value :  3.89325e-08
 Reference value :  3.89475e-08
 Reference value :  3.89625e-08
 Reference value :  3.89775e-08
 Reference value :  3.89925e-08
 Reference value :  3.90075e-08
 Reference value :  3.90225e-08
 Reference value :  3.90375e-08
 Reference value :  3.90525e-08
 Reference value :  3.90675e-08
 Reference value :  3.90875e-08
 Reference value :  3.91075e-08
 Reference value :  3.91225e-08
 Reference value :  3.91375e-08
 Reference value :  3.91525e-08
 Reference value :  3.91675e-08
 Reference value :  3.91825e-08
 Reference value :  3.91975e-08
 Reference value :  3.92125e-08
 Reference value :  3.92325e-08
 Reference value :  3.92475e-08
 Reference value :  3.92625e-08
 Reference value :  3.92775e-08
 Reference value :  3.92925e-08
 Reference value :  3.93075e-08
 Reference value :  3.93225e-08
 Reference value :  3.93375e-08
 Reference value :  3.93525e-08
 Reference value :  3.93675e-08
 Reference value :  3.93825e-08
 Reference value :  3.93975e-08
 Reference value :  3.94125e-08
 Reference value :  3.94275e-08
 Reference value :  3.94425e-08
 Reference value :  3.94575e-08
 Reference value :  3.94725e-08
 Reference value :  3.94875e-08
 Reference value :  3.95025e-08
 Reference value :  3.95175e-08
 Reference value :  3.95325e-08
 Reference value :  3.95475e-08
 Reference value :  3.95625e-08
 Reference value :  3.95775e-08
 Reference value :  3.95925e-08
 Reference value :  3.96075e-08
 Reference value :  3.96225e-08
 Reference value :  3.96425e-08
 Reference value :  3.96575e-08
 Reference value :  3.96725e-08
 Reference value :  3.96875e-08
 Reference value :  3.97025e-08
 Reference value :  3.97225e-08
 Reference value :  3.97425e-08
 Reference value :  3.97575e-08
 Reference value :  3.97725e-08
 Reference value :  3.97875e-08
 Reference value :  3.98025e-08
 Reference value :  3.98225e-08
 Reference value :  3.98375e-08
 Reference value :  3.98525e-08
 Reference value :  3.98675e-08
 Reference value :  3.98825e-08
 Reference value :  3.98975e-08
 Reference value :  3.99125e-08
 Reference value :  3.99275e-08
 Reference value :  3.99425e-08
 Reference value :  3.99625e-08
 Reference value :  3.99775e-08
 Reference value :  3.99925e-08
 Reference value :  4.00075e-08
 Reference value :  4.00275e-08
 Reference value :  4.00425e-08
 Reference value :  4.00575e-08
 Reference value :  4.00725e-08
 Reference value :  4.00875e-08
 Reference value :  4.01025e-08
 Reference value :  4.01225e-08
 Reference value :  4.01375e-08
 Reference value :  4.01525e-08
 Reference value :  4.01675e-08
 Reference value :  4.01825e-08
 Reference value :  4.01975e-08
 Reference value :  4.02175e-08
 Reference value :  4.02325e-08
 Reference value :  4.02475e-08
 Reference value :  4.02625e-08
 Reference value :  4.02825e-08
 Reference value :  4.02975e-08
 Reference value :  4.03125e-08
 Reference value :  4.03275e-08
 Reference value :  4.03425e-08
 Reference value :  4.03575e-08
 Reference value :  4.03725e-08
 Reference value :  4.03875e-08
 Reference value :  4.04025e-08
 Reference value :  4.04175e-08
 Reference value :  4.04325e-08
 Reference value :  4.04475e-08
 Reference value :  4.04625e-08
 Reference value :  4.04825e-08
 Reference value :  4.04975e-08
 Reference value :  4.05125e-08
 Reference value :  4.05275e-08
 Reference value :  4.05425e-08
 Reference value :  4.05575e-08
 Reference value :  4.05775e-08
 Reference value :  4.05925e-08
 Reference value :  4.06075e-08
 Reference value :  4.06225e-08
 Reference value :  4.06425e-08
 Reference value :  4.06575e-08
 Reference value :  4.06725e-08
 Reference value :  4.06875e-08
 Reference value :  4.07025e-08
 Reference value :  4.07175e-08
 Reference value :  4.07325e-08
 Reference value :  4.07525e-08
 Reference value :  4.07675e-08
 Reference value :  4.07825e-08
 Reference value :  4.07975e-08
 Reference value :  4.08125e-08
 Reference value :  4.08275e-08
 Reference value :  4.08475e-08
 Reference value :  4.08625e-08
 Reference value :  4.08775e-08
 Reference value :  4.08925e-08
 Reference value :  4.09075e-08
 Reference value :  4.09225e-08
 Reference value :  4.09375e-08
 Reference value :  4.09525e-08
 Reference value :  4.09675e-08
 Reference value :  4.09825e-08
 Reference value :  4.09975e-08
 Reference value :  4.10125e-08
 Reference value :  4.10275e-08
 Reference value :  4.10425e-08
 Reference value :  4.10575e-08
 Reference value :  4.10775e-08
 Reference value :  4.10925e-08
 Reference value :  4.11075e-08
 Reference value :  4.11225e-08
 Reference value :  4.11375e-08
 Reference value :  4.11525e-08
 Reference value :  4.11675e-08
 Reference value :  4.11825e-08
 Reference value :  4.11975e-08
 Reference value :  4.12175e-08
 Reference value :  4.12325e-08
 Reference value :  4.12475e-08
 Reference value :  4.12625e-08
 Reference value :  4.12775e-08
 Reference value :  4.12925e-08
 Reference value :  4.13125e-08
 Reference value :  4.13325e-08
 Reference value :  4.13525e-08
 Reference value :  4.13725e-08
 Reference value :  4.13875e-08
 Reference value :  4.14075e-08
 Reference value :  4.14225e-08
 Reference value :  4.14375e-08
 Reference value :  4.14575e-08
 Reference value :  4.14725e-08
 Reference value :  4.14875e-08
 Reference value :  4.15025e-08
 Reference value :  4.15175e-08
 Reference value :  4.15325e-08
 Reference value :  4.15475e-08
 Reference value :  4.15625e-08
 Reference value :  4.15825e-08
 Reference value :  4.15975e-08
 Reference value :  4.16125e-08
 Reference value :  4.16275e-08
 Reference value :  4.16475e-08
 Reference value :  4.16675e-08
 Reference value :  4.16825e-08
 Reference value :  4.17025e-08
 Reference value :  4.17175e-08
 Reference value :  4.17325e-08
 Reference value :  4.17475e-08
 Reference value :  4.17625e-08
 Reference value :  4.17775e-08
 Reference value :  4.17925e-08
 Reference value :  4.18075e-08
 Reference value :  4.18275e-08
 Reference value :  4.18425e-08
 Reference value :  4.18625e-08
 Reference value :  4.18775e-08
 Reference value :  4.18975e-08
 Reference value :  4.19125e-08
 Reference value :  4.19275e-08
 Reference value :  4.19425e-08
 Reference value :  4.19575e-08
 Reference value :  4.19725e-08
 Reference value :  4.19875e-08
 Reference value :  4.20025e-08
 Reference value :  4.20175e-08
 Reference value :  4.20325e-08
 Reference value :  4.20475e-08
 Reference value :  4.20625e-08
 Reference value :  4.20775e-08
 Reference value :  4.20925e-08
 Reference value :  4.21125e-08
 Reference value :  4.21325e-08
 Reference value :  4.21475e-08
 Reference value :  4.21625e-08
 Reference value :  4.21775e-08
 Reference value :  4.21925e-08
 Reference value :  4.22075e-08
 Reference value :  4.22225e-08
 Reference value :  4.22425e-08
 Reference value :  4.22625e-08
 Reference value :  4.22775e-08
 Reference value :  4.22925e-08
 Reference value :  4.23075e-08
 Reference value :  4.23225e-08
 Reference value :  4.23375e-08
 Reference value :  4.23575e-08
 Reference value :  4.23775e-08
 Reference value :  4.23925e-08
 Reference value :  4.24075e-08
 Reference value :  4.24225e-08
 Reference value :  4.24375e-08
 Reference value :  4.24525e-08
 Reference value :  4.24675e-08
 Reference value :  4.24875e-08
 Reference value :  4.25025e-08
 Reference value :  4.25175e-08
 Reference value :  4.25325e-08
 Reference value :  4.25475e-08
 Reference value :  4.25625e-08
 Reference value :  4.25775e-08
 Reference value :  4.25925e-08
 Reference value :  4.26125e-08
 Reference value :  4.26325e-08
 Reference value :  4.26525e-08
 Reference value :  4.26675e-08
 Reference value :  4.26825e-08
 Reference value :  4.26975e-08
 Reference value :  4.27125e-08
 Reference value :  4.27325e-08
 Reference value :  4.27475e-08
 Reference value :  4.27625e-08
 Reference value :  4.27775e-08
 Reference value :  4.27925e-08
 Reference value :  4.28075e-08
 Reference value :  4.28225e-08
 Reference value :  4.28375e-08
 Reference value :  4.28525e-08
 Reference value :  4.28675e-08
 Reference value :  4.28875e-08
 Reference value :  4.29025e-08
 Reference value :  4.29175e-08
 Reference value :  4.29325e-08
 Reference value :  4.29475e-08
 Reference value :  4.29625e-08
 Reference value :  4.29775e-08
 Reference value :  4.29925e-08
 Reference value :  4.30075e-08
 Reference value :  4.30275e-08
 Reference value :  4.30425e-08
 Reference value :  4.30575e-08
 Reference value :  4.30725e-08
 Reference value :  4.30875e-08
 Reference value :  4.31025e-08
 Reference value :  4.31175e-08
 Reference value :  4.31375e-08
 Reference value :  4.31525e-08
 Reference value :  4.31675e-08
 Reference value :  4.31825e-08
 Reference value :  4.31975e-08
 Reference value :  4.32125e-08
 Reference value :  4.32275e-08
 Reference value :  4.32425e-08
 Reference value :  4.32575e-08
 Reference value :  4.32725e-08
 Reference value :  4.32925e-08
 Reference value :  4.33075e-08
 Reference value :  4.33275e-08
 Reference value :  4.33425e-08
 Reference value :  4.33575e-08
 Reference value :  4.33725e-08
 Reference value :  4.33875e-08
 Reference value :  4.34075e-08
 Reference value :  4.34225e-08
 Reference value :  4.34375e-08
 Reference value :  4.34525e-08
 Reference value :  4.34675e-08
 Reference value :  4.34825e-08
 Reference value :  4.34975e-08
 Reference value :  4.35125e-08
 Reference value :  4.35275e-08
 Reference value :  4.35425e-08
 Reference value :  4.35575e-08
 Reference value :  4.35725e-08
 Reference value :  4.35925e-08
 Reference value :  4.36075e-08
 Reference value :  4.36225e-08
 Reference value :  4.36375e-08
 Reference value :  4.36575e-08
 Reference value :  4.36725e-08
 Reference value :  4.36875e-08
 Reference value :  4.37025e-08
 Reference value :  4.37225e-08
 Reference value :  4.37375e-08
 Reference value :  4.37525e-08
 Reference value :  4.37675e-08
 Reference value :  4.37825e-08
 Reference value :  4.37975e-08
 Reference value :  4.38125e-08
 Reference value :  4.38325e-08
 Reference value :  4.38475e-08
 Reference value :  4.38625e-08
 Reference value :  4.38775e-08
 Reference value :  4.38975e-08
 Reference value :  4.39125e-08
 Reference value :  4.39275e-08
 Reference value :  4.39425e-08
 Reference value :  4.39575e-08
 Reference value :  4.39725e-08
 Reference value :  4.39875e-08
 Reference value :  4.40025e-08
 Reference value :  4.40175e-08
 Reference value :  4.40375e-08
 Reference value :  4.40525e-08
 Reference value :  4.40675e-08
 Reference value :  4.40825e-08
 Reference value :  4.40975e-08
 Reference value :  4.41125e-08
 Reference value :  4.41275e-08
 Reference value :  4.41425e-08
 Reference value :  4.41575e-08
 Reference value :  4.41725e-08
 Reference value :  4.41875e-08
 Reference value :  4.42025e-08
 Reference value :  4.42175e-08
 Reference value :  4.42325e-08
 Reference value :  4.42475e-08
 Reference value :  4.42625e-08
 Reference value :  4.42775e-08
 Reference value :  4.42925e-08
 Reference value :  4.43075e-08
 Reference value :  4.43225e-08
 Reference value :  4.43375e-08
 Reference value :  4.43525e-08
 Reference value :  4.43675e-08
 Reference value :  4.43825e-08
 Reference value :  4.43975e-08
 Reference value :  4.44125e-08
 Reference value :  4.44275e-08
 Reference value :  4.44425e-08
 Reference value :  4.44575e-08
 Reference value :  4.44725e-08
 Reference value :  4.44875e-08
 Reference value :  4.45025e-08
 Reference value :  4.45175e-08
 Reference value :  4.45375e-08
 Reference value :  4.45525e-08
 Reference value :  4.45675e-08
 Reference value :  4.45875e-08
 Reference value :  4.46075e-08
 Reference value :  4.46225e-08
 Reference value :  4.46375e-08
 Reference value :  4.46525e-08
 Reference value :  4.46675e-08
 Reference value :  4.46825e-08
 Reference value :  4.46975e-08
 Reference value :  4.47125e-08
 Reference value :  4.47275e-08
 Reference value :  4.47425e-08
 Reference value :  4.47575e-08
 Reference value :  4.47725e-08
 Reference value :  4.47875e-08
 Reference value :  4.48075e-08
 Reference value :  4.48225e-08
 Reference value :  4.48375e-08
 Reference value :  4.48525e-08
 Reference value :  4.48675e-08
 Reference value :  4.48825e-08
 Reference value :  4.48975e-08
 Reference value :  4.49125e-08
 Reference value :  4.49275e-08
 Reference value :  4.49425e-08
 Reference value :  4.49625e-08
 Reference value :  4.49775e-08
 Reference value :  4.49925e-08
 Reference value :  4.50075e-08
 Reference value :  4.50225e-08
 Reference value :  4.50375e-08
 Reference value :  4.50525e-08
 Reference value :  4.50675e-08
 Reference value :  4.50825e-08
 Reference value :  4.51000e-08
No. of Data Rows : 9034
Note: Simulation executed from .control section 
