
Note: Compatibility modes selected: hs a


Circuit: * comparator-decision regen-time sweep -- vindiff=20mv corner=tt temp=27.0c (issue #9)

option SCALE: Scale is set to 1e-06 for instance and model parameters
option SCALE: Scale is set to 1e-06 for instance and model parameters
option SCALE: Scale is set to 1e-06 for instance and model parameters
option SCALE: Scale is set to 1e-06 for instance and model parameters
Doing analysis at TEMP = 27.000000 and TNOM = 27.000000

Using KLU as Direct Linear Solver
 Reference value :  0.00000e+00
 Reference value :  2.00000e-13
 Reference value :  3.20000e-12
 Reference value :  1.64000e-11
 Reference value :  3.14000e-11
 Reference value :  5.14000e-11
 Reference value :  6.64000e-11
 Reference value :  8.14000e-11
 Reference value :  9.64000e-11
 Reference value :  1.11400e-10
 Reference value :  1.31400e-10
 Reference value :  1.46400e-10
 Reference value :  1.61400e-10
 Reference value :  1.76400e-10
 Reference value :  1.91400e-10
 Reference value :  2.11400e-10
 Reference value :  2.26400e-10
 Reference value :  2.41400e-10
 Reference value :  2.56400e-10
 Reference value :  2.76400e-10
 Reference value :  2.91400e-10
 Reference value :  3.06400e-10
 Reference value :  3.21400e-10
 Reference value :  3.36400e-10
 Reference value :  3.56400e-10
 Reference value :  3.71400e-10
 Reference value :  3.86400e-10
 Reference value :  4.01400e-10
 Reference value :  4.16400e-10
 Reference value :  4.36400e-10
 Reference value :  4.51400e-10
 Reference value :  4.66400e-10
 Reference value :  4.81400e-10
 Reference value :  5.01400e-10
 Reference value :  5.16400e-10
 Reference value :  5.36400e-10
 Reference value :  5.51400e-10
 Reference value :  5.71400e-10
 Reference value :  5.91400e-10
 Reference value :  6.06400e-10
 Reference value :  6.26400e-10
 Reference value :  6.46400e-10
 Reference value :  6.66400e-10
 Reference value :  6.81400e-10
 Reference value :  7.01400e-10
 Reference value :  7.21400e-10
 Reference value :  7.36400e-10
 Reference value :  7.56400e-10
 Reference value :  7.71400e-10
 Reference value :  7.86400e-10
 Reference value :  8.01400e-10
 Reference value :  8.16400e-10
 Reference value :  8.31400e-10
 Reference value :  8.51400e-10
 Reference value :  8.66400e-10
 Reference value :  8.81400e-10
 Reference value :  8.96400e-10
 Reference value :  9.11400e-10
 Reference value :  9.31400e-10
 Reference value :  9.46400e-10
 Reference value :  9.66400e-10
 Reference value :  9.81400e-10
 Reference value :  9.96400e-10
 Reference value :  1.01140e-09
 Reference value :  1.02640e-09
 Reference value :  1.04140e-09
 Reference value :  1.05640e-09
 Reference value :  1.07140e-09
 Reference value :  1.08640e-09
 Reference value :  1.10140e-09
 Reference value :  1.12140e-09
 Reference value :  1.14140e-09
 Reference value :  1.16140e-09
 Reference value :  1.17640e-09
 Reference value :  1.19140e-09
 Reference value :  1.21140e-09
 Reference value :  1.22640e-09
 Reference value :  1.24140e-09
 Reference value :  1.25640e-09
 Reference value :  1.27640e-09
 Reference value :  1.29640e-09
 Reference value :  1.31640e-09
 Reference value :  1.33140e-09
 Reference value :  1.34640e-09
 Reference value :  1.36140e-09
 Reference value :  1.38140e-09
 Reference value :  1.39640e-09
 Reference value :  1.41140e-09
 Reference value :  1.43140e-09
 Reference value :  1.44640e-09
 Reference value :  1.46140e-09
 Reference value :  1.47640e-09
 Reference value :  1.49640e-09
 Reference value :  1.51640e-09
 Reference value :  1.53140e-09
 Reference value :  1.55140e-09
 Reference value :  1.57140e-09
 Reference value :  1.59140e-09
 Reference value :  1.61140e-09
 Reference value :  1.63140e-09
 Reference value :  1.64640e-09
 Reference value :  1.66140e-09
 Reference value :  1.67640e-09
 Reference value :  1.69140e-09
 Reference value :  1.71140e-09
 Reference value :  1.72640e-09
 Reference value :  1.74640e-09
 Reference value :  1.76640e-09
 Reference value :  1.78140e-09
 Reference value :  1.79640e-09
 Reference value :  1.81140e-09
 Reference value :  1.82640e-09
 Reference value :  1.84140e-09
 Reference value :  1.85640e-09
 Reference value :  1.87140e-09
 Reference value :  1.88640e-09
 Reference value :  1.90140e-09
 Reference value :  1.92140e-09
 Reference value :  1.93640e-09
 Reference value :  1.95640e-09
 Reference value :  1.97140e-09
 Reference value :  1.99140e-09
 Reference value :  2.00640e-09
 Reference value :  2.02140e-09
 Reference value :  2.03640e-09
 Reference value :  2.05140e-09
 Reference value :  2.07140e-09
 Reference value :  2.09140e-09
 Reference value :  2.10640e-09
 Reference value :  2.12640e-09
 Reference value :  2.14140e-09
 Reference value :  2.15640e-09
 Reference value :  2.17140e-09
 Reference value :  2.19140e-09
 Reference value :  2.21140e-09
 Reference value :  2.22640e-09
 Reference value :  2.24140e-09
 Reference value :  2.25640e-09
 Reference value :  2.27140e-09
 Reference value :  2.28640e-09
 Reference value :  2.30140e-09
 Reference value :  2.31640e-09
 Reference value :  2.33640e-09
 Reference value :  2.35640e-09
 Reference value :  2.37640e-09
 Reference value :  2.39140e-09
 Reference value :  2.41640e-09
 Reference value :  2.43140e-09
 Reference value :  2.45140e-09
 Reference value :  2.46640e-09
 Reference value :  2.48140e-09
 Reference value :  2.49640e-09
 Reference value :  2.51140e-09
 Reference value :  2.52640e-09
 Reference value :  2.54640e-09
 Reference value :  2.56140e-09
 Reference value :  2.57640e-09
 Reference value :  2.59140e-09
 Reference value :  2.60640e-09
 Reference value :  2.62640e-09
 Reference value :  2.64640e-09
 Reference value :  2.66140e-09
 Reference value :  2.67640e-09
 Reference value :  2.69140e-09
 Reference value :  2.71140e-09
 Reference value :  2.73140e-09
 Reference value :  2.74640e-09
 Reference value :  2.76640e-09
 Reference value :  2.78140e-09
 Reference value :  2.79640e-09
 Reference value :  2.81140e-09
 Reference value :  2.82640e-09
 Reference value :  2.84640e-09
 Reference value :  2.86140e-09
 Reference value :  2.88140e-09
 Reference value :  2.89640e-09
 Reference value :  2.91140e-09
 Reference value :  2.92640e-09
 Reference value :  2.94140e-09
 Reference value :  2.95640e-09
 Reference value :  2.97640e-09
 Reference value :  2.99140e-09
 Reference value :  3.01140e-09
 Reference value :  3.03140e-09
 Reference value :  3.05140e-09
 Reference value :  3.06640e-09
 Reference value :  3.08140e-09
 Reference value :  3.09640e-09
 Reference value :  3.11140e-09
 Reference value :  3.13140e-09
 Reference value :  3.15140e-09
 Reference value :  3.17140e-09
 Reference value :  3.18640e-09
 Reference value :  3.20640e-09
 Reference value :  3.22640e-09
 Reference value :  3.24140e-09
 Reference value :  3.25640e-09
 Reference value :  3.27640e-09
 Reference value :  3.29140e-09
 Reference value :  3.30640e-09
 Reference value :  3.32640e-09
 Reference value :  3.34640e-09
 Reference value :  3.36640e-09
 Reference value :  3.38640e-09
 Reference value :  3.40640e-09
 Reference value :  3.42140e-09
 Reference value :  3.43640e-09
 Reference value :  3.45140e-09
 Reference value :  3.47140e-09
 Reference value :  3.49140e-09
 Reference value :  3.50640e-09
 Reference value :  3.52140e-09
 Reference value :  3.53640e-09
 Reference value :  3.55140e-09
 Reference value :  3.56640e-09
 Reference value :  3.58140e-09
 Reference value :  3.59640e-09
 Reference value :  3.61640e-09
 Reference value :  3.63140e-09
 Reference value :  3.64640e-09
 Reference value :  3.66140e-09
 Reference value :  3.67640e-09
 Reference value :  3.69140e-09
 Reference value :  3.70640e-09
 Reference value :  3.72140e-09
 Reference value :  3.74140e-09
 Reference value :  3.75640e-09
 Reference value :  3.77140e-09
 Reference value :  3.78640e-09
 Reference value :  3.80140e-09
 Reference value :  3.81640e-09
 Reference value :  3.83140e-09
 Reference value :  3.84640e-09
 Reference value :  3.86640e-09
 Reference value :  3.88140e-09
 Reference value :  3.89640e-09
 Reference value :  3.91140e-09
 Reference value :  3.92640e-09
 Reference value :  3.94640e-09
 Reference value :  3.96140e-09
 Reference value :  3.98140e-09
 Reference value :  4.00640e-09
 Reference value :  4.02140e-09
 Reference value :  4.03640e-09
 Reference value :  4.05640e-09
 Reference value :  4.07140e-09
 Reference value :  4.08640e-09
 Reference value :  4.10140e-09
 Reference value :  4.11640e-09
 Reference value :  4.13140e-09
 Reference value :  4.14640e-09
 Reference value :  4.16640e-09
 Reference value :  4.18140e-09
 Reference value :  4.19640e-09
 Reference value :  4.21140e-09
 Reference value :  4.22640e-09
 Reference value :  4.24140e-09
 Reference value :  4.25640e-09
 Reference value :  4.27640e-09
 Reference value :  4.29140e-09
 Reference value :  4.30640e-09
 Reference value :  4.32640e-09
 Reference value :  4.34640e-09
 Reference value :  4.36140e-09
 Reference value :  4.37640e-09
 Reference value :  4.39640e-09
 Reference value :  4.41140e-09
 Reference value :  4.42640e-09
 Reference value :  4.44140e-09
 Reference value :  4.46140e-09
 Reference value :  4.48140e-09
 Reference value :  4.50140e-09
 Reference value :  4.51640e-09
 Reference value :  4.53640e-09
 Reference value :  4.55640e-09
 Reference value :  4.57140e-09
 Reference value :  4.58640e-09
 Reference value :  4.60140e-09
 Reference value :  4.61640e-09
 Reference value :  4.63140e-09
 Reference value :  4.64640e-09
 Reference value :  4.66140e-09
 Reference value :  4.68140e-09
 Reference value :  4.70140e-09
 Reference value :  4.72140e-09
 Reference value :  4.74140e-09
 Reference value :  4.76140e-09
 Reference value :  4.77640e-09
 Reference value :  4.79140e-09
 Reference value :  4.80640e-09
 Reference value :  4.82140e-09
 Reference value :  4.84140e-09
 Reference value :  4.85640e-09
 Reference value :  4.87140e-09
 Reference value :  4.88640e-09
 Reference value :  4.90140e-09
 Reference value :  4.91640e-09
 Reference value :  4.93140e-09
 Reference value :  4.95140e-09
 Reference value :  4.96640e-09
 Reference value :  4.98640e-09
 Reference value :  5.00000e-09
 Reference value :  5.00350e-09
 Reference value :  5.01750e-09
 Reference value :  5.03250e-09
 Reference value :  5.05250e-09
 Reference value :  5.06750e-09
 Reference value :  5.08250e-09
 Reference value :  5.09625e-09
 Reference value :  5.10350e-09
 Reference value :  5.11750e-09
 Reference value :  5.13250e-09
 Reference value :  5.15250e-09
 Reference value :  5.17750e-09
 Reference value :  5.19250e-09
 Reference value :  5.20750e-09
 Reference value :  5.22250e-09
 Reference value :  5.23750e-09
 Reference value :  5.25750e-09
 Reference value :  5.27250e-09
 Reference value :  5.28750e-09
 Reference value :  5.30750e-09
 Reference value :  5.32750e-09
 Reference value :  5.34250e-09
 Reference value :  5.36250e-09
 Reference value :  5.38250e-09
 Reference value :  5.39750e-09
 Reference value :  5.40750e-09
 Reference value :  5.41750e-09
 Reference value :  5.43750e-09
 Reference value :  5.45250e-09
 Reference value :  5.46750e-09
 Reference value :  5.48250e-09
 Reference value :  5.49750e-09
 Reference value :  5.51750e-09
 Reference value :  5.53750e-09
 Reference value :  5.55250e-09
 Reference value :  5.56750e-09
 Reference value :  5.58250e-09
 Reference value :  5.59750e-09
 Reference value :  5.61750e-09
 Reference value :  5.63750e-09
 Reference value :  5.65750e-09
 Reference value :  5.67250e-09
 Reference value :  5.68750e-09
 Reference value :  5.70250e-09
 Reference value :  5.72250e-09
 Reference value :  5.74250e-09
 Reference value :  5.76250e-09
 Reference value :  5.77750e-09
 Reference value :  5.79250e-09
 Reference value :  5.81250e-09
 Reference value :  5.82750e-09
 Reference value :  5.84250e-09
 Reference value :  5.85750e-09
 Reference value :  5.87250e-09
 Reference value :  5.88750e-09
 Reference value :  5.90250e-09
 Reference value :  5.91750e-09
 Reference value :  5.93250e-09
 Reference value :  5.94750e-09
 Reference value :  5.96250e-09
 Reference value :  5.97750e-09
 Reference value :  5.99250e-09
 Reference value :  6.01250e-09
 Reference value :  6.03250e-09
 Reference value :  6.04750e-09
 Reference value :  6.06750e-09
 Reference value :  6.08250e-09
 Reference value :  6.10250e-09
 Reference value :  6.12250e-09
 Reference value :  6.14250e-09
 Reference value :  6.16250e-09
 Reference value :  6.18250e-09
 Reference value :  6.19750e-09
 Reference value :  6.21250e-09
 Reference value :  6.23250e-09
 Reference value :  6.25250e-09
 Reference value :  6.27250e-09
 Reference value :  6.28750e-09
 Reference value :  6.30250e-09
 Reference value :  6.31750e-09
 Reference value :  6.33250e-09
 Reference value :  6.34750e-09
 Reference value :  6.36250e-09
 Reference value :  6.37750e-09
 Reference value :  6.39250e-09
 Reference value :  6.40750e-09
 Reference value :  6.42250e-09
 Reference value :  6.44250e-09
 Reference value :  6.45750e-09
 Reference value :  6.47250e-09
 Reference value :  6.49250e-09
 Reference value :  6.51250e-09
 Reference value :  6.52750e-09
 Reference value :  6.54750e-09
 Reference value :  6.56750e-09
 Reference value :  6.58250e-09
 Reference value :  6.59750e-09
 Reference value :  6.61750e-09
 Reference value :  6.63250e-09
 Reference value :  6.64750e-09
 Reference value :  6.66250e-09
 Reference value :  6.68250e-09
 Reference value :  6.69750e-09
 Reference value :  6.71250e-09
 Reference value :  6.72750e-09
 Reference value :  6.74750e-09
 Reference value :  6.76250e-09
 Reference value :  6.77750e-09
 Reference value :  6.79250e-09
 Reference value :  6.81250e-09
 Reference value :  6.83250e-09
 Reference value :  6.85250e-09
 Reference value :  6.87250e-09
 Reference value :  6.89250e-09
 Reference value :  6.90750e-09
 Reference value :  6.92250e-09
 Reference value :  6.93750e-09
 Reference value :  6.95250e-09
 Reference value :  6.96750e-09
 Reference value :  6.98250e-09
 Reference value :  7.00250e-09
 Reference value :  7.02250e-09
 Reference value :  7.03750e-09
 Reference value :  7.05250e-09
 Reference value :  7.06750e-09
 Reference value :  7.08750e-09
 Reference value :  7.10250e-09
 Reference value :  7.11750e-09
 Reference value :  7.13250e-09
 Reference value :  7.14750e-09
 Reference value :  7.16250e-09
 Reference value :  7.17750e-09
 Reference value :  7.19250e-09
 Reference value :  7.20750e-09
 Reference value :  7.22250e-09
 Reference value :  7.23750e-09
 Reference value :  7.25250e-09
 Reference value :  7.26750e-09
 Reference value :  7.28250e-09
 Reference value :  7.30250e-09
 Reference value :  7.32250e-09
 Reference value :  7.34250e-09
 Reference value :  7.35750e-09
 Reference value :  7.37750e-09
 Reference value :  7.39250e-09
 Reference value :  7.41250e-09
 Reference value :  7.42750e-09
 Reference value :  7.44250e-09
 Reference value :  7.46250e-09
 Reference value :  7.47750e-09
 Reference value :  7.49250e-09
 Reference value :  7.50750e-09
 Reference value :  7.52250e-09
 Reference value :  7.53750e-09
 Reference value :  7.55250e-09
 Reference value :  7.57250e-09
 Reference value :  7.59250e-09
 Reference value :  7.61250e-09
 Reference value :  7.63250e-09
 Reference value :  7.65250e-09
 Reference value :  7.66750e-09
 Reference value :  7.68250e-09
 Reference value :  7.69750e-09
 Reference value :  7.71250e-09
 Reference value :  7.72750e-09
 Reference value :  7.74250e-09
 Reference value :  7.75750e-09
 Reference value :  7.77250e-09
 Reference value :  7.79250e-09
 Reference value :  7.80750e-09
 Reference value :  7.82250e-09
 Reference value :  7.83750e-09
 Reference value :  7.85750e-09
 Reference value :  7.87250e-09
 Reference value :  7.89250e-09
 Reference value :  7.90750e-09
 Reference value :  7.92250e-09
 Reference value :  7.94250e-09
 Reference value :  7.96250e-09
 Reference value :  7.97750e-09
 Reference value :  7.99250e-09
 Reference value :  8.01250e-09
 Reference value :  8.03250e-09
 Reference value :  8.04750e-09
 Reference value :  8.06250e-09
 Reference value :  8.08250e-09
 Reference value :  8.09750e-09
 Reference value :  8.11750e-09
 Reference value :  8.13750e-09
 Reference value :  8.15750e-09
 Reference value :  8.17750e-09
 Reference value :  8.19250e-09
 Reference value :  8.20750e-09
 Reference value :  8.22250e-09
 Reference value :  8.24250e-09
 Reference value :  8.25750e-09
 Reference value :  8.27750e-09
 Reference value :  8.29750e-09
 Reference value :  8.32250e-09
 Reference value :  8.33750e-09
 Reference value :  8.35750e-09
 Reference value :  8.37750e-09
 Reference value :  8.39250e-09
 Reference value :  8.40750e-09
 Reference value :  8.42250e-09
 Reference value :  8.44250e-09
 Reference value :  8.46250e-09
 Reference value :  8.47750e-09
 Reference value :  8.49250e-09
 Reference value :  8.51250e-09
 Reference value :  8.53250e-09
 Reference value :  8.55250e-09
 Reference value :  8.56750e-09
 Reference value :  8.58750e-09
 Reference value :  8.60250e-09
 Reference value :  8.62250e-09
 Reference value :  8.63750e-09
 Reference value :  8.65250e-09
 Reference value :  8.67250e-09
 Reference value :  8.68750e-09
 Reference value :  8.70750e-09
 Reference value :  8.72750e-09
 Reference value :  8.74750e-09
 Reference value :  8.76250e-09
 Reference value :  8.77750e-09
 Reference value :  8.79250e-09
 Reference value :  8.81250e-09
 Reference value :  8.82750e-09
 Reference value :  8.84750e-09
 Reference value :  8.86250e-09
 Reference value :  8.87750e-09
 Reference value :  8.89250e-09
 Reference value :  8.91250e-09
 Reference value :  8.92750e-09
 Reference value :  8.94750e-09
 Reference value :  8.96250e-09
 Reference value :  8.98250e-09
 Reference value :  8.99750e-09
 Reference value :  9.01750e-09
 Reference value :  9.03750e-09
 Reference value :  9.05250e-09
 Reference value :  9.06750e-09
 Reference value :  9.08750e-09
 Reference value :  9.10750e-09
 Reference value :  9.12750e-09
 Reference value :  9.14250e-09
 Reference value :  9.16250e-09
 Reference value :  9.18250e-09
 Reference value :  9.20250e-09
 Reference value :  9.22250e-09
 Reference value :  9.24250e-09
 Reference value :  9.25750e-09
 Reference value :  9.27250e-09
 Reference value :  9.29250e-09
 Reference value :  9.30750e-09
 Reference value :  9.33250e-09
 Reference value :  9.34750e-09
 Reference value :  9.36250e-09
 Reference value :  9.37750e-09
 Reference value :  9.39250e-09
 Reference value :  9.40750e-09
 Reference value :  9.42750e-09
 Reference value :  9.44750e-09
 Reference value :  9.46750e-09
 Reference value :  9.48250e-09
 Reference value :  9.50250e-09
 Reference value :  9.51750e-09
 Reference value :  9.53750e-09
 Reference value :  9.55250e-09
 Reference value :  9.56750e-09
 Reference value :  9.58750e-09
 Reference value :  9.60250e-09
 Reference value :  9.62250e-09
 Reference value :  9.64250e-09
 Reference value :  9.65750e-09
 Reference value :  9.67250e-09
 Reference value :  9.69250e-09
 Reference value :  9.71250e-09
 Reference value :  9.72750e-09
 Reference value :  9.74750e-09
 Reference value :  9.76250e-09
 Reference value :  9.78250e-09
 Reference value :  9.80250e-09
 Reference value :  9.82250e-09
 Reference value :  9.83750e-09
 Reference value :  9.85250e-09
 Reference value :  9.86750e-09
 Reference value :  9.88750e-09
 Reference value :  9.90250e-09
 Reference value :  9.92250e-09
 Reference value :  9.93750e-09
 Reference value :  9.95250e-09
 Reference value :  9.96750e-09
 Reference value :  9.98750e-09
 Reference value :  1.00025e-08
 Reference value :  1.00175e-08
 Reference value :  1.00325e-08
 Reference value :  1.00525e-08
 Reference value :  1.00675e-08
 Reference value :  1.00875e-08
 Reference value :  1.01025e-08
 Reference value :  1.01175e-08
 Reference value :  1.01325e-08
 Reference value :  1.01525e-08
 Reference value :  1.01725e-08
 Reference value :  1.01925e-08
 Reference value :  1.02125e-08
 Reference value :  1.02325e-08
 Reference value :  1.02475e-08
 Reference value :  1.02625e-08
 Reference value :  1.02775e-08
 Reference value :  1.02975e-08
 Reference value :  1.03125e-08
 Reference value :  1.03325e-08
 Reference value :  1.03525e-08
 Reference value :  1.03725e-08
 Reference value :  1.03925e-08
 Reference value :  1.04125e-08
 Reference value :  1.04325e-08
 Reference value :  1.04525e-08
 Reference value :  1.04675e-08
 Reference value :  1.04875e-08
 Reference value :  1.05025e-08
 Reference value :  1.05175e-08
 Reference value :  1.05375e-08
 Reference value :  1.05575e-08
 Reference value :  1.05775e-08
 Reference value :  1.05925e-08
 Reference value :  1.06075e-08
 Reference value :  1.06225e-08
 Reference value :  1.06425e-08
 Reference value :  1.06575e-08
 Reference value :  1.06725e-08
 Reference value :  1.06875e-08
 Reference value :  1.07025e-08
 Reference value :  1.07175e-08
 Reference value :  1.07375e-08
 Reference value :  1.07525e-08
 Reference value :  1.07675e-08
 Reference value :  1.07825e-08
 Reference value :  1.08025e-08
 Reference value :  1.08175e-08
 Reference value :  1.08325e-08
 Reference value :  1.08475e-08
 Reference value :  1.08625e-08
 Reference value :  1.08775e-08
 Reference value :  1.08925e-08
 Reference value :  1.09075e-08
 Reference value :  1.09225e-08
 Reference value :  1.09425e-08
 Reference value :  1.09575e-08
 Reference value :  1.09725e-08
 Reference value :  1.09875e-08
 Reference value :  1.10025e-08
 Reference value :  1.10175e-08
 Reference value :  1.10325e-08
 Reference value :  1.10475e-08
 Reference value :  1.10675e-08
 Reference value :  1.10875e-08
 Reference value :  1.11075e-08
 Reference value :  1.11275e-08
 Reference value :  1.11425e-08
 Reference value :  1.11575e-08
 Reference value :  1.11725e-08
 Reference value :  1.11925e-08
 Reference value :  1.12075e-08
 Reference value :  1.12275e-08
 Reference value :  1.12475e-08
 Reference value :  1.12625e-08
 Reference value :  1.12775e-08
 Reference value :  1.12925e-08
 Reference value :  1.13075e-08
 Reference value :  1.13225e-08
 Reference value :  1.13375e-08
 Reference value :  1.13575e-08
 Reference value :  1.13775e-08
 Reference value :  1.13975e-08
 Reference value :  1.14125e-08
 Reference value :  1.14325e-08
 Reference value :  1.14525e-08
 Reference value :  1.14675e-08
 Reference value :  1.14825e-08
 Reference value :  1.14975e-08
 Reference value :  1.15125e-08
 Reference value :  1.15275e-08
 Reference value :  1.15475e-08
 Reference value :  1.15625e-08
 Reference value :  1.15825e-08
 Reference value :  1.16025e-08
 Reference value :  1.16175e-08
 Reference value :  1.16325e-08
 Reference value :  1.16475e-08
 Reference value :  1.16625e-08
 Reference value :  1.16775e-08
 Reference value :  1.16925e-08
 Reference value :  1.17125e-08
 Reference value :  1.17325e-08
 Reference value :  1.17475e-08
 Reference value :  1.17675e-08
 Reference value :  1.17875e-08
 Reference value :  1.18025e-08
 Reference value :  1.18225e-08
 Reference value :  1.18425e-08
 Reference value :  1.18625e-08
 Reference value :  1.18825e-08
 Reference value :  1.18975e-08
 Reference value :  1.19125e-08
 Reference value :  1.19275e-08
 Reference value :  1.19425e-08
 Reference value :  1.19575e-08
 Reference value :  1.19775e-08
 Reference value :  1.19925e-08
 Reference value :  1.20075e-08
 Reference value :  1.20225e-08
 Reference value :  1.20375e-08
 Reference value :  1.20575e-08
 Reference value :  1.20725e-08
 Reference value :  1.20875e-08
 Reference value :  1.21075e-08
 Reference value :  1.21275e-08
 Reference value :  1.21425e-08
 Reference value :  1.21575e-08
 Reference value :  1.21725e-08
 Reference value :  1.21875e-08
 Reference value :  1.22025e-08
 Reference value :  1.22175e-08
 Reference value :  1.22325e-08
 Reference value :  1.22525e-08
 Reference value :  1.22675e-08
 Reference value :  1.22875e-08
 Reference value :  1.23025e-08
 Reference value :  1.23225e-08
 Reference value :  1.23425e-08
 Reference value :  1.23625e-08
 Reference value :  1.23775e-08
 Reference value :  1.23925e-08
 Reference value :  1.24075e-08
 Reference value :  1.24275e-08
 Reference value :  1.24425e-08
 Reference value :  1.24625e-08
 Reference value :  1.24775e-08
 Reference value :  1.24975e-08
 Reference value :  1.25175e-08
 Reference value :  1.25375e-08
 Reference value :  1.25575e-08
 Reference value :  1.25725e-08
 Reference value :  1.25925e-08
 Reference value :  1.26075e-08
 Reference value :  1.26275e-08
 Reference value :  1.26475e-08
 Reference value :  1.26675e-08
 Reference value :  1.26875e-08
 Reference value :  1.27125e-08
 Reference value :  1.27325e-08
 Reference value :  1.27525e-08
 Reference value :  1.27675e-08
 Reference value :  1.27875e-08
 Reference value :  1.28025e-08
 Reference value :  1.28225e-08
 Reference value :  1.28425e-08
 Reference value :  1.28575e-08
 Reference value :  1.28775e-08
 Reference value :  1.28975e-08
 Reference value :  1.29175e-08
 Reference value :  1.29425e-08
 Reference value :  1.29625e-08
 Reference value :  1.29825e-08
 Reference value :  1.29975e-08
 Reference value :  1.30225e-08
 Reference value :  1.30475e-08
 Reference value :  1.30625e-08
 Reference value :  1.30775e-08
 Reference value :  1.30925e-08
 Reference value :  1.31125e-08
 Reference value :  1.31325e-08
 Reference value :  1.31525e-08
 Reference value :  1.31675e-08
 Reference value :  1.31875e-08
 Reference value :  1.32025e-08
 Reference value :  1.32225e-08
 Reference value :  1.32375e-08
 Reference value :  1.32575e-08
 Reference value :  1.32725e-08
 Reference value :  1.32925e-08
 Reference value :  1.33075e-08
 Reference value :  1.33225e-08
 Reference value :  1.33425e-08
 Reference value :  1.33625e-08
 Reference value :  1.33825e-08
 Reference value :  1.33975e-08
 Reference value :  1.34175e-08
 Reference value :  1.34375e-08
 Reference value :  1.34575e-08
 Reference value :  1.34725e-08
 Reference value :  1.34875e-08
 Reference value :  1.35075e-08
 Reference value :  1.35225e-08
 Reference value :  1.35425e-08
 Reference value :  1.35625e-08
 Reference value :  1.35775e-08
 Reference value :  1.35925e-08
 Reference value :  1.36125e-08
 Reference value :  1.36275e-08
 Reference value :  1.36475e-08
 Reference value :  1.36675e-08
 Reference value :  1.36825e-08
 Reference value :  1.37025e-08
 Reference value :  1.37175e-08
 Reference value :  1.37375e-08
 Reference value :  1.37575e-08
 Reference value :  1.37725e-08
 Reference value :  1.37925e-08
 Reference value :  1.38125e-08
 Reference value :  1.38275e-08
 Reference value :  1.38475e-08
 Reference value :  1.38675e-08
 Reference value :  1.38925e-08
 Reference value :  1.39125e-08
 Reference value :  1.39275e-08
 Reference value :  1.39475e-08
 Reference value :  1.39675e-08
 Reference value :  1.39825e-08
 Reference value :  1.39975e-08
 Reference value :  1.40125e-08
 Reference value :  1.40325e-08
 Reference value :  1.40475e-08
 Reference value :  1.40625e-08
 Reference value :  1.40775e-08
 Reference value :  1.40975e-08
 Reference value :  1.41175e-08
 Reference value :  1.41325e-08
 Reference value :  1.41525e-08
 Reference value :  1.41725e-08
 Reference value :  1.41875e-08
 Reference value :  1.42025e-08
 Reference value :  1.42175e-08
 Reference value :  1.42375e-08
 Reference value :  1.42525e-08
 Reference value :  1.42675e-08
 Reference value :  1.42875e-08
 Reference value :  1.43025e-08
 Reference value :  1.43175e-08
 Reference value :  1.43325e-08
 Reference value :  1.43525e-08
 Reference value :  1.43725e-08
 Reference value :  1.43925e-08
 Reference value :  1.44075e-08
 Reference value :  1.44225e-08
 Reference value :  1.44375e-08
 Reference value :  1.44575e-08
 Reference value :  1.44725e-08
 Reference value :  1.44975e-08
 Reference value :  1.45175e-08
 Reference value :  1.45375e-08
 Reference value :  1.45575e-08
 Reference value :  1.45725e-08
 Reference value :  1.45925e-08
 Reference value :  1.46125e-08
 Reference value :  1.46275e-08
 Reference value :  1.46425e-08
 Reference value :  1.46575e-08
 Reference value :  1.46775e-08
 Reference value :  1.46975e-08
 Reference value :  1.47175e-08
 Reference value :  1.47325e-08
 Reference value :  1.47475e-08
 Reference value :  1.47625e-08
 Reference value :  1.47825e-08
 Reference value :  1.47975e-08
 Reference value :  1.48175e-08
 Reference value :  1.48325e-08
 Reference value :  1.48525e-08
 Reference value :  1.48725e-08
 Reference value :  1.48875e-08
 Reference value :  1.49025e-08
 Reference value :  1.49175e-08
 Reference value :  1.49375e-08
 Reference value :  1.49525e-08
 Reference value :  1.49675e-08
 Reference value :  1.49875e-08
 Reference value :  1.50025e-08
 Reference value :  1.50225e-08
 Reference value :  1.50375e-08
 Reference value :  1.50525e-08
 Reference value :  1.50675e-08
 Reference value :  1.50825e-08
 Reference value :  1.51025e-08
 Reference value :  1.51225e-08
 Reference value :  1.51425e-08
 Reference value :  1.51575e-08
 Reference value :  1.51725e-08
 Reference value :  1.51925e-08
 Reference value :  1.52075e-08
 Reference value :  1.52275e-08
 Reference value :  1.52475e-08
 Reference value :  1.52675e-08
 Reference value :  1.52875e-08
 Reference value :  1.54375e-08
 Reference value :  1.54525e-08
 Reference value :  1.54725e-08
 Reference value :  1.54875e-08
 Reference value :  1.55025e-08
 Reference value :  1.55175e-08
 Reference value :  1.55325e-08
 Reference value :  1.55475e-08
 Reference value :  1.55625e-08
 Reference value :  1.55825e-08
 Reference value :  1.56025e-08
 Reference value :  1.56175e-08
 Reference value :  1.56375e-08
 Reference value :  1.56525e-08
 Reference value :  1.56725e-08
 Reference value :  1.56875e-08
 Reference value :  1.57025e-08
 Reference value :  1.57175e-08
 Reference value :  1.57375e-08
 Reference value :  1.57575e-08
 Reference value :  1.57725e-08
 Reference value :  1.57875e-08
 Reference value :  1.58075e-08
 Reference value :  1.58275e-08
 Reference value :  1.58475e-08
 Reference value :  1.58625e-08
 Reference value :  1.58825e-08
 Reference value :  1.59025e-08
 Reference value :  1.59225e-08
 Reference value :  1.59425e-08
 Reference value :  1.59625e-08
 Reference value :  1.59775e-08
 Reference value :  1.59925e-08
 Reference value :  1.60075e-08
 Reference value :  1.60225e-08
 Reference value :  1.60375e-08
 Reference value :  1.60575e-08
 Reference value :  1.60775e-08
 Reference value :  1.60975e-08
 Reference value :  1.61175e-08
 Reference value :  1.61325e-08
 Reference value :  1.61525e-08
 Reference value :  1.61775e-08
 Reference value :  1.61925e-08
 Reference value :  1.62075e-08
 Reference value :  1.62225e-08
 Reference value :  1.62425e-08
 Reference value :  1.62625e-08
 Reference value :  1.62825e-08
 Reference value :  1.63025e-08
 Reference value :  1.63225e-08
 Reference value :  1.63425e-08
 Reference value :  1.63575e-08
 Reference value :  1.63725e-08
 Reference value :  1.63875e-08
 Reference value :  1.64025e-08
 Reference value :  1.64225e-08
 Reference value :  1.64425e-08
 Reference value :  1.64625e-08
 Reference value :  1.64775e-08
 Reference value :  1.64925e-08
 Reference value :  1.65075e-08
 Reference value :  1.65275e-08
 Reference value :  1.65425e-08
 Reference value :  1.65575e-08
 Reference value :  1.65725e-08
 Reference value :  1.65875e-08
 Reference value :  1.66075e-08
 Reference value :  1.66275e-08
 Reference value :  1.66425e-08
 Reference value :  1.66575e-08
 Reference value :  1.66725e-08
 Reference value :  1.66925e-08
 Reference value :  1.67075e-08
 Reference value :  1.67275e-08
 Reference value :  1.67425e-08
 Reference value :  1.67625e-08
 Reference value :  1.67775e-08
 Reference value :  1.67975e-08
 Reference value :  1.68175e-08
 Reference value :  1.68375e-08
 Reference value :  1.68575e-08
 Reference value :  1.68725e-08
 Reference value :  1.68875e-08
 Reference value :  1.69025e-08
 Reference value :  1.69175e-08
 Reference value :  1.69375e-08
 Reference value :  1.69525e-08
 Reference value :  1.69775e-08
 Reference value :  1.69975e-08
 Reference value :  1.70175e-08
 Reference value :  1.70375e-08
 Reference value :  1.70575e-08
 Reference value :  1.70725e-08
 Reference value :  1.70925e-08
 Reference value :  1.71125e-08
 Reference value :  1.71275e-08
 Reference value :  1.71475e-08
 Reference value :  1.71675e-08
 Reference value :  1.71875e-08
 Reference value :  1.72025e-08
 Reference value :  1.72225e-08
 Reference value :  1.72425e-08
 Reference value :  1.72575e-08
 Reference value :  1.72775e-08
 Reference value :  1.72975e-08
 Reference value :  1.73125e-08
 Reference value :  1.73325e-08
 Reference value :  1.73525e-08
 Reference value :  1.73675e-08
 Reference value :  1.73875e-08
 Reference value :  1.74075e-08
 Reference value :  1.74225e-08
 Reference value :  1.74425e-08
 Reference value :  1.74575e-08
 Reference value :  1.74725e-08
 Reference value :  1.74875e-08
 Reference value :  1.75025e-08
 Reference value :  1.75175e-08
 Reference value :  1.75325e-08
 Reference value :  1.75475e-08
 Reference value :  1.75625e-08
 Reference value :  1.75775e-08
 Reference value :  1.75925e-08
 Reference value :  1.76075e-08
 Reference value :  1.76275e-08
 Reference value :  1.76425e-08
 Reference value :  1.76625e-08
 Reference value :  1.76775e-08
 Reference value :  1.76975e-08
 Reference value :  1.77125e-08
 Reference value :  1.77275e-08
 Reference value :  1.77475e-08
 Reference value :  1.77675e-08
 Reference value :  1.77825e-08
 Reference value :  1.78025e-08
 Reference value :  1.78175e-08
 Reference value :  1.78375e-08
 Reference value :  1.78525e-08
 Reference value :  1.78675e-08
 Reference value :  1.78875e-08
 Reference value :  1.79025e-08
 Reference value :  1.79175e-08
 Reference value :  1.79375e-08
 Reference value :  1.79575e-08
 Reference value :  1.79725e-08
 Reference value :  1.79875e-08
 Reference value :  1.80025e-08
 Reference value :  1.80175e-08
 Reference value :  1.80325e-08
 Reference value :  1.80475e-08
 Reference value :  1.80625e-08
 Reference value :  1.80825e-08
 Reference value :  1.81025e-08
 Reference value :  1.81225e-08
 Reference value :  1.81425e-08
 Reference value :  1.81625e-08
 Reference value :  1.81775e-08
 Reference value :  1.81925e-08
 Reference value :  1.82075e-08
 Reference value :  1.82275e-08
 Reference value :  1.82475e-08
 Reference value :  1.82625e-08
 Reference value :  1.82775e-08
 Reference value :  1.82975e-08
 Reference value :  1.83125e-08
 Reference value :  1.83275e-08
 Reference value :  1.83425e-08
 Reference value :  1.83575e-08
 Reference value :  1.83725e-08
 Reference value :  1.83925e-08
 Reference value :  1.84075e-08
 Reference value :  1.84225e-08
 Reference value :  1.84375e-08
 Reference value :  1.84525e-08
 Reference value :  1.84675e-08
 Reference value :  1.84825e-08
 Reference value :  1.85025e-08
 Reference value :  1.85175e-08
 Reference value :  1.85325e-08
 Reference value :  1.85525e-08
 Reference value :  1.85725e-08
 Reference value :  1.85925e-08
 Reference value :  1.86075e-08
 Reference value :  1.86275e-08
 Reference value :  1.86425e-08
 Reference value :  1.86575e-08
 Reference value :  1.86725e-08
 Reference value :  1.86875e-08
 Reference value :  1.87025e-08
 Reference value :  1.87175e-08
 Reference value :  1.87375e-08
 Reference value :  1.87575e-08
 Reference value :  1.87725e-08
 Reference value :  1.87925e-08
 Reference value :  1.88075e-08
 Reference value :  1.88225e-08
 Reference value :  1.88425e-08
 Reference value :  1.88625e-08
 Reference value :  1.88775e-08
 Reference value :  1.88925e-08
 Reference value :  1.89075e-08
 Reference value :  1.89225e-08
 Reference value :  1.89375e-08
 Reference value :  1.89525e-08
 Reference value :  1.89675e-08
 Reference value :  1.89825e-08
 Reference value :  1.89975e-08
 Reference value :  1.90125e-08
 Reference value :  1.90275e-08
 Reference value :  1.90425e-08
 Reference value :  1.90575e-08
 Reference value :  1.90725e-08
 Reference value :  1.90875e-08
 Reference value :  1.91075e-08
 Reference value :  1.91275e-08
 Reference value :  1.91425e-08
 Reference value :  1.91575e-08
 Reference value :  1.91725e-08
 Reference value :  1.91875e-08
 Reference value :  1.92025e-08
 Reference value :  1.92175e-08
 Reference value :  1.92325e-08
 Reference value :  1.92475e-08
 Reference value :  1.92675e-08
 Reference value :  1.92825e-08
 Reference value :  1.92975e-08
 Reference value :  1.93175e-08
 Reference value :  1.93325e-08
 Reference value :  1.93525e-08
 Reference value :  1.93725e-08
 Reference value :  1.93925e-08
 Reference value :  1.94075e-08
 Reference value :  1.94275e-08
 Reference value :  1.94475e-08
 Reference value :  1.94625e-08
 Reference value :  1.94775e-08
 Reference value :  1.94925e-08
 Reference value :  1.95125e-08
 Reference value :  1.95275e-08
 Reference value :  1.95425e-08
 Reference value :  1.95575e-08
 Reference value :  1.95725e-08
 Reference value :  1.95925e-08
 Reference value :  1.96075e-08
 Reference value :  1.96275e-08
 Reference value :  1.96475e-08
 Reference value :  1.96675e-08
 Reference value :  1.96875e-08
 Reference value :  1.97025e-08
 Reference value :  1.97225e-08
 Reference value :  1.97425e-08
 Reference value :  1.97625e-08
 Reference value :  1.97775e-08
 Reference value :  1.97975e-08
 Reference value :  1.98125e-08
 Reference value :  1.98325e-08
 Reference value :  1.98525e-08
 Reference value :  1.98675e-08
 Reference value :  1.98875e-08
 Reference value :  1.99075e-08
 Reference value :  1.99325e-08
 Reference value :  1.99525e-08
 Reference value :  1.99675e-08
 Reference value :  1.99875e-08
 Reference value :  2.00075e-08
 Reference value :  2.00275e-08
 Reference value :  2.00475e-08
 Reference value :  2.00675e-08
 Reference value :  2.00825e-08
 Reference value :  2.01025e-08
 Reference value :  2.01175e-08
 Reference value :  2.01325e-08
 Reference value :  2.01525e-08
 Reference value :  2.01725e-08
 Reference value :  2.01925e-08
 Reference value :  2.02125e-08
 Reference value :  2.02375e-08
 Reference value :  2.02525e-08
 Reference value :  2.02725e-08
 Reference value :  2.02875e-08
 Reference value :  2.03075e-08
 Reference value :  2.03275e-08
 Reference value :  2.03425e-08
 Reference value :  2.03575e-08
 Reference value :  2.03725e-08
 Reference value :  2.03875e-08
 Reference value :  2.04075e-08
 Reference value :  2.04275e-08
 Reference value :  2.04425e-08
 Reference value :  2.04575e-08
 Reference value :  2.04725e-08
 Reference value :  2.04925e-08
 Reference value :  2.05075e-08
 Reference value :  2.05225e-08
 Reference value :  2.05375e-08
 Reference value :  2.05575e-08
 Reference value :  2.05725e-08
 Reference value :  2.05925e-08
 Reference value :  2.06125e-08
 Reference value :  2.06275e-08
 Reference value :  2.06425e-08
 Reference value :  2.06575e-08
 Reference value :  2.06775e-08
 Reference value :  2.06975e-08
 Reference value :  2.07175e-08
 Reference value :  2.07375e-08
 Reference value :  2.07575e-08
 Reference value :  2.07775e-08
 Reference value :  2.07925e-08
 Reference value :  2.08125e-08
 Reference value :  2.08325e-08
 Reference value :  2.08525e-08
 Reference value :  2.08725e-08
 Reference value :  2.08975e-08
 Reference value :  2.09125e-08
 Reference value :  2.09275e-08
 Reference value :  2.09425e-08
 Reference value :  2.09625e-08
 Reference value :  2.09825e-08
 Reference value :  2.10025e-08
 Reference value :  2.10225e-08
 Reference value :  2.10375e-08
 Reference value :  2.10525e-08
 Reference value :  2.10675e-08
 Reference value :  2.10875e-08
 Reference value :  2.11025e-08
 Reference value :  2.11175e-08
 Reference value :  2.11375e-08
 Reference value :  2.11525e-08
 Reference value :  2.11675e-08
 Reference value :  2.11825e-08
 Reference value :  2.12025e-08
 Reference value :  2.12225e-08
 Reference value :  2.12425e-08
 Reference value :  2.12575e-08
 Reference value :  2.12825e-08
 Reference value :  2.13025e-08
 Reference value :  2.13175e-08
 Reference value :  2.13375e-08
 Reference value :  2.13525e-08
 Reference value :  2.13725e-08
 Reference value :  2.13925e-08
 Reference value :  2.14125e-08
 Reference value :  2.14375e-08
 Reference value :  2.14575e-08
 Reference value :  2.14775e-08
 Reference value :  2.14975e-08
 Reference value :  2.15125e-08
 Reference value :  2.15325e-08
 Reference value :  2.15525e-08
 Reference value :  2.15725e-08
 Reference value :  2.15925e-08
 Reference value :  2.16125e-08
 Reference value :  2.16275e-08
 Reference value :  2.16475e-08
 Reference value :  2.16625e-08
 Reference value :  2.16775e-08
 Reference value :  2.16975e-08
 Reference value :  2.17125e-08
 Reference value :  2.17325e-08
 Reference value :  2.17525e-08
 Reference value :  2.17725e-08
 Reference value :  2.17925e-08
 Reference value :  2.18075e-08
 Reference value :  2.18225e-08
 Reference value :  2.18425e-08
 Reference value :  2.18575e-08
 Reference value :  2.18725e-08
 Reference value :  2.18875e-08
 Reference value :  2.19075e-08
 Reference value :  2.19225e-08
 Reference value :  2.19425e-08
 Reference value :  2.19575e-08
 Reference value :  2.19725e-08
 Reference value :  2.19925e-08
 Reference value :  2.20125e-08
 Reference value :  2.20325e-08
 Reference value :  2.20525e-08
 Reference value :  2.20675e-08
 Reference value :  2.20875e-08
 Reference value :  2.21025e-08
 Reference value :  2.21225e-08
 Reference value :  2.21425e-08
 Reference value :  2.21575e-08
 Reference value :  2.21775e-08
 Reference value :  2.21925e-08
 Reference value :  2.22125e-08
 Reference value :  2.22325e-08
 Reference value :  2.22475e-08
 Reference value :  2.22625e-08
 Reference value :  2.22775e-08
 Reference value :  2.22925e-08
 Reference value :  2.23075e-08
 Reference value :  2.23275e-08
 Reference value :  2.23475e-08
 Reference value :  2.23625e-08
 Reference value :  2.23825e-08
 Reference value :  2.24075e-08
 Reference value :  2.24225e-08
 Reference value :  2.24375e-08
 Reference value :  2.24525e-08
 Reference value :  2.24725e-08
 Reference value :  2.24875e-08
 Reference value :  2.25075e-08
 Reference value :  2.25275e-08
 Reference value :  2.25475e-08
 Reference value :  2.25625e-08
 Reference value :  2.25825e-08
 Reference value :  2.25975e-08
 Reference value :  2.26125e-08
 Reference value :  2.26325e-08
 Reference value :  2.26525e-08
 Reference value :  2.26675e-08
 Reference value :  2.26875e-08
 Reference value :  2.27025e-08
 Reference value :  2.27175e-08
 Reference value :  2.27375e-08
 Reference value :  2.27625e-08
 Reference value :  2.27775e-08
 Reference value :  2.27925e-08
 Reference value :  2.28075e-08
 Reference value :  2.28225e-08
 Reference value :  2.28375e-08
 Reference value :  2.28525e-08
 Reference value :  2.28675e-08
 Reference value :  2.28825e-08
 Reference value :  2.28975e-08
 Reference value :  2.29125e-08
 Reference value :  2.29275e-08
 Reference value :  2.29425e-08
 Reference value :  2.29625e-08
 Reference value :  2.29825e-08
 Reference value :  2.30025e-08
 Reference value :  2.30275e-08
 Reference value :  2.30475e-08
 Reference value :  2.30675e-08
 Reference value :  2.30825e-08
 Reference value :  2.30975e-08
 Reference value :  2.31125e-08
 Reference value :  2.31275e-08
 Reference value :  2.31475e-08
 Reference value :  2.31625e-08
 Reference value :  2.31775e-08
 Reference value :  2.31925e-08
 Reference value :  2.32075e-08
 Reference value :  2.32225e-08
 Reference value :  2.32375e-08
 Reference value :  2.32525e-08
 Reference value :  2.32675e-08
 Reference value :  2.32875e-08
 Reference value :  2.33025e-08
 Reference value :  2.33175e-08
 Reference value :  2.33325e-08
 Reference value :  2.33475e-08
 Reference value :  2.33625e-08
 Reference value :  2.33775e-08
 Reference value :  2.33925e-08
 Reference value :  2.34075e-08
 Reference value :  2.34225e-08
 Reference value :  2.34375e-08
 Reference value :  2.34575e-08
 Reference value :  2.34725e-08
 Reference value :  2.34925e-08
 Reference value :  2.35125e-08
 Reference value :  2.35325e-08
 Reference value :  2.35525e-08
 Reference value :  2.35675e-08
 Reference value :  2.35825e-08
 Reference value :  2.35975e-08
 Reference value :  2.36125e-08
 Reference value :  2.36325e-08
 Reference value :  2.36475e-08
 Reference value :  2.36625e-08
 Reference value :  2.36825e-08
 Reference value :  2.36975e-08
 Reference value :  2.37175e-08
 Reference value :  2.37375e-08
 Reference value :  2.37525e-08
 Reference value :  2.37725e-08
 Reference value :  2.37875e-08
 Reference value :  2.38075e-08
 Reference value :  2.38275e-08
 Reference value :  2.38425e-08
 Reference value :  2.38625e-08
 Reference value :  2.38775e-08
 Reference value :  2.38975e-08
 Reference value :  2.39125e-08
 Reference value :  2.39325e-08
 Reference value :  2.39525e-08
 Reference value :  2.39725e-08
 Reference value :  2.39925e-08
 Reference value :  2.40075e-08
 Reference value :  2.40225e-08
 Reference value :  2.40425e-08
 Reference value :  2.40625e-08
 Reference value :  2.40825e-08
 Reference value :  2.41025e-08
 Reference value :  2.41175e-08
 Reference value :  2.41375e-08
 Reference value :  2.41525e-08
 Reference value :  2.41675e-08
 Reference value :  2.41875e-08
 Reference value :  2.42025e-08
 Reference value :  2.42225e-08
 Reference value :  2.42375e-08
 Reference value :  2.42575e-08
 Reference value :  2.42725e-08
 Reference value :  2.42875e-08
 Reference value :  2.43075e-08
 Reference value :  2.43225e-08
 Reference value :  2.43375e-08
 Reference value :  2.43575e-08
 Reference value :  2.43725e-08
 Reference value :  2.43925e-08
 Reference value :  2.44075e-08
 Reference value :  2.44275e-08
 Reference value :  2.44475e-08
 Reference value :  2.44625e-08
 Reference value :  2.44825e-08
 Reference value :  2.44975e-08
 Reference value :  2.45175e-08
 Reference value :  2.45375e-08
 Reference value :  2.45525e-08
 Reference value :  2.45675e-08
 Reference value :  2.45825e-08
 Reference value :  2.45975e-08
 Reference value :  2.46125e-08
 Reference value :  2.46325e-08
 Reference value :  2.46475e-08
 Reference value :  2.46625e-08
 Reference value :  2.46775e-08
 Reference value :  2.46975e-08
 Reference value :  2.47125e-08
 Reference value :  2.47325e-08
 Reference value :  2.47475e-08
 Reference value :  2.47675e-08
 Reference value :  2.47925e-08
 Reference value :  2.48075e-08
 Reference value :  2.48275e-08
 Reference value :  2.48425e-08
 Reference value :  2.48575e-08
 Reference value :  2.48775e-08
 Reference value :  2.48975e-08
 Reference value :  2.49175e-08
 Reference value :  2.49375e-08
 Reference value :  2.49575e-08
 Reference value :  2.49775e-08
 Reference value :  2.49975e-08
 Reference value :  2.50175e-08
 Reference value :  2.50325e-08
 Reference value :  2.50525e-08
 Reference value :  2.50725e-08
 Reference value :  2.50875e-08
 Reference value :  2.51025e-08
 Reference value :  2.51175e-08
 Reference value :  2.51375e-08
 Reference value :  2.51525e-08
 Reference value :  2.51675e-08
 Reference value :  2.51825e-08
 Reference value :  2.51975e-08
 Reference value :  2.52125e-08
 Reference value :  2.52325e-08
 Reference value :  2.52525e-08
 Reference value :  2.52725e-08
 Reference value :  2.52925e-08
 Reference value :  2.53075e-08
 Reference value :  2.53225e-08
 Reference value :  2.53375e-08
 Reference value :  2.53575e-08
 Reference value :  2.53725e-08
 Reference value :  2.53925e-08
 Reference value :  2.54125e-08
 Reference value :  2.54325e-08
 Reference value :  2.54525e-08
 Reference value :  2.54725e-08
 Reference value :  2.54875e-08
 Reference value :  2.55025e-08
 Reference value :  2.55225e-08
 Reference value :  2.55425e-08
 Reference value :  2.55575e-08
 Reference value :  2.55775e-08
 Reference value :  2.55925e-08
 Reference value :  2.56125e-08
 Reference value :  2.56275e-08
 Reference value :  2.56425e-08
 Reference value :  2.56575e-08
 Reference value :  2.56775e-08
 Reference value :  2.56975e-08
 Reference value :  2.57125e-08
 Reference value :  2.57275e-08
 Reference value :  2.57425e-08
 Reference value :  2.57575e-08
 Reference value :  2.57725e-08
 Reference value :  2.57925e-08
 Reference value :  2.58125e-08
 Reference value :  2.58275e-08
 Reference value :  2.58475e-08
 Reference value :  2.58625e-08
 Reference value :  2.58825e-08
 Reference value :  2.59025e-08
 Reference value :  2.59225e-08
 Reference value :  2.59375e-08
 Reference value :  2.59525e-08
 Reference value :  2.59675e-08
 Reference value :  2.59825e-08
 Reference value :  2.59975e-08
 Reference value :  2.60175e-08
 Reference value :  2.60325e-08
 Reference value :  2.60475e-08
 Reference value :  2.60625e-08
 Reference value :  2.60775e-08
 Reference value :  2.60925e-08
 Reference value :  2.61125e-08
 Reference value :  2.61275e-08
 Reference value :  2.61425e-08
 Reference value :  2.61575e-08
 Reference value :  2.61775e-08
 Reference value :  2.61975e-08
 Reference value :  2.62125e-08
 Reference value :  2.62325e-08
 Reference value :  2.62525e-08
 Reference value :  2.62725e-08
 Reference value :  2.62925e-08
 Reference value :  2.63125e-08
 Reference value :  2.63275e-08
 Reference value :  2.63475e-08
 Reference value :  2.63675e-08
 Reference value :  2.63825e-08
 Reference value :  2.63975e-08
 Reference value :  2.64225e-08
 Reference value :  2.64425e-08
 Reference value :  2.64625e-08
 Reference value :  2.64775e-08
 Reference value :  2.64925e-08
 Reference value :  2.65075e-08
 Reference value :  2.65275e-08
 Reference value :  2.65475e-08
 Reference value :  2.65675e-08
 Reference value :  2.65825e-08
 Reference value :  2.65975e-08
 Reference value :  2.66125e-08
 Reference value :  2.66275e-08
 Reference value :  2.66475e-08
 Reference value :  2.66625e-08
 Reference value :  2.66775e-08
 Reference value :  2.66975e-08
 Reference value :  2.67175e-08
 Reference value :  2.67325e-08
 Reference value :  2.67475e-08
 Reference value :  2.67625e-08
 Reference value :  2.67775e-08
 Reference value :  2.67975e-08
 Reference value :  2.68125e-08
 Reference value :  2.68325e-08
 Reference value :  2.68475e-08
 Reference value :  2.68675e-08
 Reference value :  2.68825e-08
 Reference value :  2.69025e-08
 Reference value :  2.69225e-08
 Reference value :  2.69375e-08
 Reference value :  2.69575e-08
 Reference value :  2.69775e-08
 Reference value :  2.69975e-08
 Reference value :  2.70125e-08
 Reference value :  2.70275e-08
 Reference value :  2.70475e-08
 Reference value :  2.70675e-08
 Reference value :  2.70875e-08
 Reference value :  2.71075e-08
 Reference value :  2.71225e-08
 Reference value :  2.71475e-08
 Reference value :  2.71675e-08
 Reference value :  2.71875e-08
 Reference value :  2.72025e-08
 Reference value :  2.72225e-08
 Reference value :  2.72425e-08
 Reference value :  2.72625e-08
 Reference value :  2.72775e-08
 Reference value :  2.72925e-08
 Reference value :  2.73075e-08
 Reference value :  2.73275e-08
 Reference value :  2.73475e-08
 Reference value :  2.73675e-08
 Reference value :  2.73975e-08
 Reference value :  2.74175e-08
 Reference value :  2.74325e-08
 Reference value :  2.74475e-08
 Reference value :  2.74625e-08
 Reference value :  2.74775e-08
 Reference value :  2.74925e-08
 Reference value :  2.75125e-08
 Reference value :  2.75325e-08
 Reference value :  2.75525e-08
 Reference value :  2.75675e-08
 Reference value :  2.75875e-08
 Reference value :  2.76075e-08
 Reference value :  2.76275e-08
 Reference value :  2.76525e-08
 Reference value :  2.76725e-08
 Reference value :  2.76875e-08
 Reference value :  2.77075e-08
 Reference value :  2.77225e-08
 Reference value :  2.77375e-08
 Reference value :  2.77525e-08
 Reference value :  2.77725e-08
 Reference value :  2.77925e-08
 Reference value :  2.78125e-08
 Reference value :  2.78275e-08
 Reference value :  2.78425e-08
 Reference value :  2.78625e-08
 Reference value :  2.78825e-08
 Reference value :  2.78975e-08
 Reference value :  2.79125e-08
 Reference value :  2.79325e-08
 Reference value :  2.79525e-08
 Reference value :  2.79675e-08
 Reference value :  2.79875e-08
 Reference value :  2.80075e-08
 Reference value :  2.80275e-08
 Reference value :  2.80475e-08
 Reference value :  2.80625e-08
 Reference value :  2.80825e-08
 Reference value :  2.80975e-08
 Reference value :  2.81125e-08
 Reference value :  2.81325e-08
 Reference value :  2.81525e-08
 Reference value :  2.81725e-08
 Reference value :  2.81875e-08
 Reference value :  2.82025e-08
 Reference value :  2.82225e-08
 Reference value :  2.82425e-08
 Reference value :  2.82575e-08
 Reference value :  2.82725e-08
 Reference value :  2.82875e-08
 Reference value :  2.83075e-08
 Reference value :  2.83225e-08
 Reference value :  2.83425e-08
 Reference value :  2.83575e-08
 Reference value :  2.83725e-08
 Reference value :  2.83925e-08
 Reference value :  2.84075e-08
 Reference value :  2.84225e-08
 Reference value :  2.84375e-08
 Reference value :  2.84525e-08
 Reference value :  2.84675e-08
 Reference value :  2.84825e-08
 Reference value :  2.85025e-08
 Reference value :  2.85175e-08
 Reference value :  2.85325e-08
 Reference value :  2.85525e-08
 Reference value :  2.85725e-08
 Reference value :  2.85925e-08
 Reference value :  2.86075e-08
 Reference value :  2.86275e-08
 Reference value :  2.86425e-08
 Reference value :  2.86575e-08
 Reference value :  2.86725e-08
 Reference value :  2.86925e-08
 Reference value :  2.87125e-08
 Reference value :  2.87325e-08
 Reference value :  2.87475e-08
 Reference value :  2.87625e-08
 Reference value :  2.87775e-08
 Reference value :  2.87925e-08
 Reference value :  2.88075e-08
 Reference value :  2.88275e-08
 Reference value :  2.88425e-08
 Reference value :  2.88625e-08
 Reference value :  2.88825e-08
 Reference value :  2.88975e-08
 Reference value :  2.89125e-08
 Reference value :  2.89325e-08
 Reference value :  2.89525e-08
 Reference value :  2.89725e-08
 Reference value :  2.89925e-08
 Reference value :  2.90075e-08
 Reference value :  2.90275e-08
 Reference value :  2.90425e-08
 Reference value :  2.90575e-08
 Reference value :  2.90775e-08
 Reference value :  2.90975e-08
 Reference value :  2.91175e-08
 Reference value :  2.91325e-08
 Reference value :  2.91475e-08
 Reference value :  2.91625e-08
 Reference value :  2.91825e-08
 Reference value :  2.92025e-08
 Reference value :  2.92225e-08
 Reference value :  2.92375e-08
 Reference value :  2.92525e-08
 Reference value :  2.92675e-08
 Reference value :  2.92875e-08
 Reference value :  2.93025e-08
 Reference value :  2.93175e-08
 Reference value :  2.93325e-08
 Reference value :  2.93525e-08
 Reference value :  2.93725e-08
 Reference value :  2.93875e-08
 Reference value :  2.94025e-08
 Reference value :  2.94175e-08
 Reference value :  2.94325e-08
 Reference value :  2.94525e-08
 Reference value :  2.94725e-08
 Reference value :  2.94925e-08
 Reference value :  2.95125e-08
 Reference value :  2.95275e-08
 Reference value :  2.95475e-08
 Reference value :  2.95675e-08
 Reference value :  2.95875e-08
 Reference value :  2.96075e-08
 Reference value :  2.96275e-08
 Reference value :  2.96475e-08
 Reference value :  2.96675e-08
 Reference value :  2.96825e-08
 Reference value :  2.96975e-08
 Reference value :  2.97175e-08
 Reference value :  2.97325e-08
 Reference value :  2.97475e-08
 Reference value :  2.97675e-08
 Reference value :  2.97875e-08
 Reference value :  2.98075e-08
 Reference value :  2.98275e-08
 Reference value :  2.98425e-08
 Reference value :  2.98625e-08
 Reference value :  2.98775e-08
 Reference value :  2.98925e-08
 Reference value :  2.99075e-08
 Reference value :  2.99225e-08
 Reference value :  2.99375e-08
 Reference value :  2.99575e-08
 Reference value :  2.99725e-08
 Reference value :  2.99925e-08
 Reference value :  3.00125e-08
 Reference value :  3.00275e-08
 Reference value :  3.00475e-08
 Reference value :  3.00625e-08
 Reference value :  3.00775e-08
 Reference value :  3.00925e-08
 Reference value :  3.01075e-08
 Reference value :  3.01225e-08
 Reference value :  3.01375e-08
 Reference value :  3.01575e-08
 Reference value :  3.01725e-08
 Reference value :  3.01875e-08
 Reference value :  3.02025e-08
 Reference value :  3.02175e-08
 Reference value :  3.02325e-08
 Reference value :  3.02475e-08
 Reference value :  3.02675e-08
 Reference value :  3.02875e-08
 Reference value :  3.03025e-08
 Reference value :  3.03175e-08
 Reference value :  3.03375e-08
 Reference value :  3.03575e-08
 Reference value :  3.03775e-08
 Reference value :  3.03925e-08
 Reference value :  3.04075e-08
 Reference value :  3.04225e-08
 Reference value :  3.04375e-08
 Reference value :  3.04525e-08
 Reference value :  3.04675e-08
 Reference value :  3.04875e-08
 Reference value :  3.05075e-08
 Reference value :  3.05275e-08
 Reference value :  3.05475e-08
 Reference value :  3.05675e-08
 Reference value :  3.05875e-08
 Reference value :  3.06075e-08
 Reference value :  3.06275e-08
 Reference value :  3.06425e-08
 Reference value :  3.06625e-08
 Reference value :  3.06775e-08
 Reference value :  3.06925e-08
 Reference value :  3.07125e-08
 Reference value :  3.07325e-08
 Reference value :  3.07475e-08
 Reference value :  3.07675e-08
 Reference value :  3.07875e-08
 Reference value :  3.08025e-08
 Reference value :  3.08175e-08
 Reference value :  3.08325e-08
 Reference value :  3.08475e-08
 Reference value :  3.08675e-08
 Reference value :  3.08875e-08
 Reference value :  3.09025e-08
 Reference value :  3.09225e-08
 Reference value :  3.09375e-08
 Reference value :  3.09575e-08
 Reference value :  3.09775e-08
 Reference value :  3.09975e-08
 Reference value :  3.10175e-08
 Reference value :  3.10375e-08
 Reference value :  3.10525e-08
 Reference value :  3.10675e-08
 Reference value :  3.10875e-08
 Reference value :  3.11075e-08
 Reference value :  3.11275e-08
 Reference value :  3.11475e-08
 Reference value :  3.11675e-08
 Reference value :  3.11875e-08
 Reference value :  3.12075e-08
 Reference value :  3.12275e-08
 Reference value :  3.12425e-08
 Reference value :  3.12575e-08
 Reference value :  3.12725e-08
 Reference value :  3.12875e-08
 Reference value :  3.13075e-08
 Reference value :  3.13275e-08
 Reference value :  3.13475e-08
 Reference value :  3.13625e-08
 Reference value :  3.13825e-08
 Reference value :  3.13975e-08
 Reference value :  3.14125e-08
 Reference value :  3.14325e-08
 Reference value :  3.14525e-08
 Reference value :  3.14725e-08
 Reference value :  3.14975e-08
 Reference value :  3.15275e-08
 Reference value :  3.15525e-08
 Reference value :  3.15775e-08
 Reference value :  3.16025e-08
 Reference value :  3.16275e-08
 Reference value :  3.16525e-08
 Reference value :  3.16725e-08
 Reference value :  3.16925e-08
 Reference value :  3.17125e-08
 Reference value :  3.17275e-08
 Reference value :  3.17425e-08
 Reference value :  3.17575e-08
 Reference value :  3.17775e-08
 Reference value :  3.17925e-08
 Reference value :  3.18075e-08
 Reference value :  3.18225e-08
 Reference value :  3.18375e-08
 Reference value :  3.18575e-08
 Reference value :  3.18775e-08
 Reference value :  3.18925e-08
 Reference value :  3.19075e-08
 Reference value :  3.19225e-08
 Reference value :  3.19375e-08
 Reference value :  3.19525e-08
 Reference value :  3.19675e-08
 Reference value :  3.19875e-08
 Reference value :  3.20075e-08
 Reference value :  3.20225e-08
 Reference value :  3.20425e-08
 Reference value :  3.20625e-08
 Reference value :  3.20825e-08
 Reference value :  3.21025e-08
 Reference value :  3.21225e-08
 Reference value :  3.21375e-08
 Reference value :  3.21575e-08
 Reference value :  3.21775e-08
 Reference value :  3.21925e-08
 Reference value :  3.22075e-08
 Reference value :  3.22225e-08
 Reference value :  3.22425e-08
 Reference value :  3.22625e-08
 Reference value :  3.22825e-08
 Reference value :  3.22975e-08
 Reference value :  3.23175e-08
 Reference value :  3.23325e-08
 Reference value :  3.23525e-08
 Reference value :  3.23725e-08
 Reference value :  3.23875e-08
 Reference value :  3.24025e-08
 Reference value :  3.24225e-08
 Reference value :  3.24425e-08
 Reference value :  3.24575e-08
 Reference value :  3.24725e-08
 Reference value :  3.24925e-08
 Reference value :  3.25125e-08
 Reference value :  3.25325e-08
 Reference value :  3.25475e-08
 Reference value :  3.25625e-08
 Reference value :  3.25775e-08
 Reference value :  3.25975e-08
 Reference value :  3.26175e-08
 Reference value :  3.26325e-08
 Reference value :  3.26525e-08
 Reference value :  3.26675e-08
 Reference value :  3.26825e-08
 Reference value :  3.26975e-08
 Reference value :  3.27125e-08
 Reference value :  3.27275e-08
 Reference value :  3.27475e-08
 Reference value :  3.27625e-08
 Reference value :  3.27825e-08
 Reference value :  3.28025e-08
 Reference value :  3.28175e-08
 Reference value :  3.28325e-08
 Reference value :  3.28525e-08
 Reference value :  3.28675e-08
 Reference value :  3.28825e-08
 Reference value :  3.28975e-08
 Reference value :  3.29175e-08
 Reference value :  3.29325e-08
 Reference value :  3.29475e-08
 Reference value :  3.29625e-08
 Reference value :  3.29825e-08
 Reference value :  3.29975e-08
 Reference value :  3.30175e-08
 Reference value :  3.30375e-08
 Reference value :  3.30525e-08
 Reference value :  3.30675e-08
 Reference value :  3.30825e-08
 Reference value :  3.30975e-08
 Reference value :  3.31125e-08
 Reference value :  3.31325e-08
 Reference value :  3.31525e-08
 Reference value :  3.31775e-08
 Reference value :  3.31975e-08
 Reference value :  3.32225e-08
 Reference value :  3.32375e-08
 Reference value :  3.32575e-08
 Reference value :  3.32825e-08
 Reference value :  3.33025e-08
 Reference value :  3.33225e-08
 Reference value :  3.33425e-08
 Reference value :  3.33575e-08
 Reference value :  3.33725e-08
 Reference value :  3.33925e-08
 Reference value :  3.34075e-08
 Reference value :  3.34225e-08
 Reference value :  3.34375e-08
 Reference value :  3.34575e-08
 Reference value :  3.34775e-08
 Reference value :  3.34975e-08
 Reference value :  3.35125e-08
 Reference value :  3.35275e-08
 Reference value :  3.35425e-08
 Reference value :  3.35575e-08
 Reference value :  3.35725e-08
 Reference value :  3.35875e-08
 Reference value :  3.36075e-08
 Reference value :  3.36275e-08
 Reference value :  3.36425e-08
 Reference value :  3.36625e-08
 Reference value :  3.36825e-08
 Reference value :  3.36975e-08
 Reference value :  3.37125e-08
 Reference value :  3.37275e-08
 Reference value :  3.37475e-08
 Reference value :  3.37675e-08
 Reference value :  3.37875e-08
 Reference value :  3.38075e-08
 Reference value :  3.38225e-08
 Reference value :  3.38375e-08
 Reference value :  3.38525e-08
 Reference value :  3.38725e-08
 Reference value :  3.38875e-08
 Reference value :  3.39025e-08
 Reference value :  3.39175e-08
 Reference value :  3.39325e-08
 Reference value :  3.39525e-08
 Reference value :  3.39675e-08
 Reference value :  3.39875e-08
 Reference value :  3.40025e-08
 Reference value :  3.40175e-08
 Reference value :  3.40375e-08
 Reference value :  3.40525e-08
 Reference value :  3.40675e-08
 Reference value :  3.40875e-08
 Reference value :  3.41075e-08
 Reference value :  3.41275e-08
 Reference value :  3.41425e-08
 Reference value :  3.41575e-08
 Reference value :  3.41725e-08
 Reference value :  3.41925e-08
 Reference value :  3.42075e-08
 Reference value :  3.42275e-08
 Reference value :  3.42425e-08
 Reference value :  3.42575e-08
 Reference value :  3.42775e-08
 Reference value :  3.42975e-08
 Reference value :  3.43175e-08
 Reference value :  3.43375e-08
 Reference value :  3.43575e-08
 Reference value :  3.43775e-08
 Reference value :  3.43975e-08
 Reference value :  3.44225e-08
 Reference value :  3.44475e-08
 Reference value :  3.44675e-08
 Reference value :  3.44875e-08
 Reference value :  3.45125e-08
 Reference value :  3.45325e-08
 Reference value :  3.45525e-08
 Reference value :  3.45675e-08
 Reference value :  3.45875e-08
 Reference value :  3.46025e-08
 Reference value :  3.46175e-08
 Reference value :  3.46375e-08
 Reference value :  3.46525e-08
 Reference value :  3.46725e-08
 Reference value :  3.46875e-08
 Reference value :  3.47075e-08
 Reference value :  3.47225e-08
 Reference value :  3.47375e-08
 Reference value :  3.47525e-08
 Reference value :  3.47675e-08
 Reference value :  3.47875e-08
 Reference value :  3.48025e-08
 Reference value :  3.48175e-08
 Reference value :  3.48375e-08
 Reference value :  3.48525e-08
 Reference value :  3.48675e-08
 Reference value :  3.48825e-08
 Reference value :  3.49025e-08
 Reference value :  3.49225e-08
 Reference value :  3.49375e-08
 Reference value :  3.49525e-08
 Reference value :  3.49725e-08
 Reference value :  3.49925e-08
 Reference value :  3.50075e-08
 Reference value :  3.50225e-08
 Reference value :  3.50475e-08
 Reference value :  3.50725e-08
 Reference value :  3.50975e-08
 Reference value :  3.51125e-08
 Reference value :  3.51325e-08
 Reference value :  3.51525e-08
 Reference value :  3.51675e-08
 Reference value :  3.51825e-08
 Reference value :  3.51975e-08
 Reference value :  3.52175e-08
 Reference value :  3.52375e-08
 Reference value :  3.52625e-08
 Reference value :  3.52875e-08
 Reference value :  3.53075e-08
 Reference value :  3.53275e-08
 Reference value :  3.53475e-08
 Reference value :  3.53675e-08
 Reference value :  3.53875e-08
 Reference value :  3.54025e-08
 Reference value :  3.54275e-08
 Reference value :  3.54525e-08
 Reference value :  3.54675e-08
 Reference value :  3.54875e-08
 Reference value :  3.55075e-08
 Reference value :  3.55225e-08
 Reference value :  3.55375e-08
 Reference value :  3.55525e-08
 Reference value :  3.55675e-08
 Reference value :  3.55875e-08
 Reference value :  3.56025e-08
 Reference value :  3.56225e-08
 Reference value :  3.56425e-08
 Reference value :  3.56575e-08
 Reference value :  3.56775e-08
 Reference value :  3.56925e-08
 Reference value :  3.57125e-08
 Reference value :  3.57375e-08
 Reference value :  3.57525e-08
 Reference value :  3.57725e-08
 Reference value :  3.57875e-08
 Reference value :  3.58025e-08
 Reference value :  3.58225e-08
 Reference value :  3.58425e-08
 Reference value :  3.58625e-08
 Reference value :  3.58825e-08
 Reference value :  3.59025e-08
 Reference value :  3.59225e-08
 Reference value :  3.59425e-08
 Reference value :  3.59575e-08
 Reference value :  3.59775e-08
 Reference value :  3.59975e-08
 Reference value :  3.60175e-08
 Reference value :  3.60375e-08
 Reference value :  3.60575e-08
 Reference value :  3.60725e-08
 Reference value :  3.60925e-08
 Reference value :  3.61075e-08
 Reference value :  3.61275e-08
 Reference value :  3.61425e-08
 Reference value :  3.61625e-08
 Reference value :  3.61775e-08
 Reference value :  3.61975e-08
 Reference value :  3.62175e-08
 Reference value :  3.62375e-08
 Reference value :  3.62625e-08
 Reference value :  3.62825e-08
 Reference value :  3.63025e-08
 Reference value :  3.63225e-08
 Reference value :  3.63475e-08
 Reference value :  3.63675e-08
 Reference value :  3.63825e-08
 Reference value :  3.64025e-08
 Reference value :  3.64175e-08
 Reference value :  3.64325e-08
 Reference value :  3.64525e-08
 Reference value :  3.64725e-08
 Reference value :  3.64925e-08
 Reference value :  3.65125e-08
 Reference value :  3.65275e-08
 Reference value :  3.65475e-08
 Reference value :  3.65725e-08
 Reference value :  3.65925e-08
 Reference value :  3.66125e-08
 Reference value :  3.66325e-08
 Reference value :  3.66575e-08
 Reference value :  3.66775e-08
 Reference value :  3.66975e-08
 Reference value :  3.67125e-08
 Reference value :  3.67325e-08
 Reference value :  3.67525e-08
 Reference value :  3.67725e-08
 Reference value :  3.67925e-08
 Reference value :  3.68125e-08
 Reference value :  3.68375e-08
 Reference value :  3.68575e-08
 Reference value :  3.68775e-08
 Reference value :  3.68975e-08
 Reference value :  3.69175e-08
 Reference value :  3.69375e-08
 Reference value :  3.69575e-08
 Reference value :  3.69775e-08
 Reference value :  3.69925e-08
 Reference value :  3.70125e-08
 Reference value :  3.70325e-08
 Reference value :  3.70525e-08
 Reference value :  3.70675e-08
 Reference value :  3.70875e-08
 Reference value :  3.71075e-08
 Reference value :  3.71275e-08
 Reference value :  3.71425e-08
 Reference value :  3.71625e-08
 Reference value :  3.71825e-08
 Reference value :  3.71975e-08
 Reference value :  3.72175e-08
 Reference value :  3.72375e-08
 Reference value :  3.72575e-08
 Reference value :  3.72725e-08
 Reference value :  3.72925e-08
 Reference value :  3.73075e-08
 Reference value :  3.73225e-08
 Reference value :  3.73425e-08
 Reference value :  3.73625e-08
 Reference value :  3.73875e-08
 Reference value :  3.74075e-08
 Reference value :  3.74225e-08
 Reference value :  3.74425e-08
 Reference value :  3.74625e-08
 Reference value :  3.74825e-08
 Reference value :  3.75025e-08
 Reference value :  3.75175e-08
 Reference value :  3.75375e-08
 Reference value :  3.75525e-08
 Reference value :  3.75675e-08
 Reference value :  3.75825e-08
 Reference value :  3.75975e-08
 Reference value :  3.76175e-08
 Reference value :  3.76325e-08
 Reference value :  3.76525e-08
 Reference value :  3.76725e-08
 Reference value :  3.76875e-08
 Reference value :  3.77075e-08
 Reference value :  3.77225e-08
 Reference value :  3.77425e-08
 Reference value :  3.77625e-08
 Reference value :  3.77825e-08
 Reference value :  3.78025e-08
 Reference value :  3.78175e-08
 Reference value :  3.78375e-08
 Reference value :  3.78575e-08
 Reference value :  3.78725e-08
 Reference value :  3.78925e-08
 Reference value :  3.79125e-08
 Reference value :  3.79325e-08
 Reference value :  3.79475e-08
 Reference value :  3.79675e-08
 Reference value :  3.79875e-08
 Reference value :  3.80075e-08
 Reference value :  3.80275e-08
 Reference value :  3.80475e-08
 Reference value :  3.80675e-08
 Reference value :  3.80875e-08
 Reference value :  3.81075e-08
 Reference value :  3.81275e-08
 Reference value :  3.81525e-08
 Reference value :  3.81725e-08
 Reference value :  3.81975e-08
 Reference value :  3.82175e-08
 Reference value :  3.82425e-08
 Reference value :  3.82575e-08
 Reference value :  3.82725e-08
 Reference value :  3.82875e-08
 Reference value :  3.83125e-08
 Reference value :  3.83325e-08
 Reference value :  3.83525e-08
 Reference value :  3.83725e-08
 Reference value :  3.83925e-08
 Reference value :  3.84125e-08
 Reference value :  3.84325e-08
 Reference value :  3.84525e-08
 Reference value :  3.84675e-08
 Reference value :  3.84825e-08
 Reference value :  3.84975e-08
 Reference value :  3.85125e-08
 Reference value :  3.85325e-08
 Reference value :  3.85475e-08
 Reference value :  3.85675e-08
 Reference value :  3.85925e-08
 Reference value :  3.86125e-08
 Reference value :  3.86275e-08
 Reference value :  3.86425e-08
 Reference value :  3.86625e-08
 Reference value :  3.86775e-08
 Reference value :  3.86925e-08
 Reference value :  3.87075e-08
 Reference value :  3.87325e-08
 Reference value :  3.87525e-08
 Reference value :  3.87675e-08
 Reference value :  3.87875e-08
 Reference value :  3.88075e-08
 Reference value :  3.88225e-08
 Reference value :  3.88425e-08
 Reference value :  3.88575e-08
 Reference value :  3.88775e-08
 Reference value :  3.88925e-08
 Reference value :  3.89125e-08
 Reference value :  3.89275e-08
 Reference value :  3.89475e-08
 Reference value :  3.89625e-08
 Reference value :  3.89825e-08
 Reference value :  3.89975e-08
 Reference value :  3.90175e-08
 Reference value :  3.90325e-08
 Reference value :  3.90525e-08
 Reference value :  3.90675e-08
 Reference value :  3.90875e-08
 Reference value :  3.91025e-08
 Reference value :  3.91225e-08
 Reference value :  3.91375e-08
 Reference value :  3.91525e-08
 Reference value :  3.91675e-08
 Reference value :  3.91875e-08
 Reference value :  3.92025e-08
 Reference value :  3.92225e-08
 Reference value :  3.92425e-08
 Reference value :  3.92625e-08
 Reference value :  3.92775e-08
 Reference value :  3.93025e-08
 Reference value :  3.93275e-08
 Reference value :  3.93475e-08
 Reference value :  3.93675e-08
 Reference value :  3.93875e-08
 Reference value :  3.94075e-08
 Reference value :  3.94275e-08
 Reference value :  3.94475e-08
 Reference value :  3.94675e-08
 Reference value :  3.94825e-08
 Reference value :  3.95025e-08
 Reference value :  3.95225e-08
 Reference value :  3.95375e-08
 Reference value :  3.95625e-08
 Reference value :  3.95825e-08
 Reference value :  3.96025e-08
 Reference value :  3.96225e-08
 Reference value :  3.96425e-08
 Reference value :  3.96625e-08
 Reference value :  3.96825e-08
 Reference value :  3.97075e-08
 Reference value :  3.97275e-08
 Reference value :  3.97475e-08
 Reference value :  3.97675e-08
 Reference value :  3.97875e-08
 Reference value :  3.98025e-08
 Reference value :  3.98225e-08
 Reference value :  3.98375e-08
 Reference value :  3.98575e-08
 Reference value :  3.98775e-08
 Reference value :  3.98925e-08
 Reference value :  3.99075e-08
 Reference value :  3.99275e-08
 Reference value :  3.99475e-08
 Reference value :  3.99675e-08
 Reference value :  3.99925e-08
 Reference value :  4.00125e-08
 Reference value :  4.00325e-08
 Reference value :  4.00475e-08
 Reference value :  4.00625e-08
 Reference value :  4.00825e-08
 Reference value :  4.00975e-08
 Reference value :  4.01125e-08
 Reference value :  4.01325e-08
 Reference value :  4.01475e-08
 Reference value :  4.01675e-08
 Reference value :  4.01875e-08
 Reference value :  4.02025e-08
 Reference value :  4.02175e-08
 Reference value :  4.02375e-08
 Reference value :  4.02525e-08
 Reference value :  4.02675e-08
 Reference value :  4.02825e-08
 Reference value :  4.03025e-08
 Reference value :  4.03225e-08
 Reference value :  4.03425e-08
 Reference value :  4.03625e-08
 Reference value :  4.03825e-08
 Reference value :  4.04025e-08
 Reference value :  4.04225e-08
 Reference value :  4.04425e-08
 Reference value :  4.04625e-08
 Reference value :  4.04825e-08
 Reference value :  4.05025e-08
 Reference value :  4.05175e-08
 Reference value :  4.05375e-08
 Reference value :  4.05575e-08
 Reference value :  4.05775e-08
 Reference value :  4.06025e-08
 Reference value :  4.06175e-08
 Reference value :  4.06375e-08
 Reference value :  4.06575e-08
 Reference value :  4.06775e-08
 Reference value :  4.06975e-08
 Reference value :  4.07175e-08
 Reference value :  4.07325e-08
 Reference value :  4.07475e-08
 Reference value :  4.07675e-08
 Reference value :  4.07875e-08
 Reference value :  4.08075e-08
 Reference value :  4.08275e-08
 Reference value :  4.08525e-08
 Reference value :  4.08725e-08
 Reference value :  4.08925e-08
 Reference value :  4.09125e-08
 Reference value :  4.09325e-08
 Reference value :  4.09525e-08
 Reference value :  4.09725e-08
 Reference value :  4.09925e-08
 Reference value :  4.10175e-08
 Reference value :  4.10375e-08
 Reference value :  4.10575e-08
 Reference value :  4.10775e-08
 Reference value :  4.10975e-08
 Reference value :  4.11225e-08
 Reference value :  4.11475e-08
 Reference value :  4.11725e-08
 Reference value :  4.11975e-08
 Reference value :  4.12125e-08
 Reference value :  4.12275e-08
 Reference value :  4.12425e-08
 Reference value :  4.12625e-08
 Reference value :  4.12875e-08
 Reference value :  4.13075e-08
 Reference value :  4.13275e-08
 Reference value :  4.13475e-08
 Reference value :  4.13725e-08
 Reference value :  4.13875e-08
 Reference value :  4.14075e-08
 Reference value :  4.15075e-08
 Reference value :  4.15275e-08
 Reference value :  4.15475e-08
 Reference value :  4.15675e-08
 Reference value :  4.15875e-08
 Reference value :  4.16125e-08
 Reference value :  4.16325e-08
 Reference value :  4.16475e-08
 Reference value :  4.16675e-08
 Reference value :  4.16875e-08
 Reference value :  4.17075e-08
 Reference value :  4.17275e-08
 Reference value :  4.17525e-08
 Reference value :  4.17725e-08
 Reference value :  4.17975e-08
 Reference value :  4.18175e-08
 Reference value :  4.18375e-08
 Reference value :  4.18575e-08
 Reference value :  4.18725e-08
 Reference value :  4.18875e-08
 Reference value :  4.19075e-08
 Reference value :  4.19275e-08
 Reference value :  4.19475e-08
 Reference value :  4.19725e-08
 Reference value :  4.19975e-08
 Reference value :  4.20175e-08
 Reference value :  4.20325e-08
 Reference value :  4.20475e-08
 Reference value :  4.20675e-08
 Reference value :  4.20875e-08
 Reference value :  4.21075e-08
 Reference value :  4.21275e-08
 Reference value :  4.21475e-08
 Reference value :  4.21675e-08
 Reference value :  4.21825e-08
 Reference value :  4.21975e-08
 Reference value :  4.22175e-08
 Reference value :  4.22425e-08
 Reference value :  4.22625e-08
 Reference value :  4.22825e-08
 Reference value :  4.23025e-08
 Reference value :  4.23175e-08
 Reference value :  4.23375e-08
 Reference value :  4.23575e-08
 Reference value :  4.23725e-08
 Reference value :  4.23925e-08
 Reference value :  4.24125e-08
 Reference value :  4.24325e-08
 Reference value :  4.24475e-08
 Reference value :  4.24675e-08
 Reference value :  4.24875e-08
 Reference value :  4.25075e-08
 Reference value :  4.25275e-08
 Reference value :  4.25525e-08
 Reference value :  4.25725e-08
 Reference value :  4.25925e-08
 Reference value :  4.26075e-08
 Reference value :  4.26225e-08
 Reference value :  4.26475e-08
 Reference value :  4.26675e-08
 Reference value :  4.26925e-08
 Reference value :  4.27125e-08
 Reference value :  4.27325e-08
 Reference value :  4.27475e-08
 Reference value :  4.27675e-08
 Reference value :  4.27875e-08
 Reference value :  4.28025e-08
 Reference value :  4.28225e-08
 Reference value :  4.28425e-08
 Reference value :  4.28625e-08
 Reference value :  4.28825e-08
 Reference value :  4.29025e-08
 Reference value :  4.29275e-08
 Reference value :  4.29425e-08
 Reference value :  4.29625e-08
 Reference value :  4.29775e-08
 Reference value :  4.29925e-08
 Reference value :  4.30125e-08
 Reference value :  4.30325e-08
 Reference value :  4.30525e-08
 Reference value :  4.30675e-08
 Reference value :  4.30925e-08
 Reference value :  4.31175e-08
 Reference value :  4.31375e-08
 Reference value :  4.31525e-08
 Reference value :  4.31725e-08
 Reference value :  4.31925e-08
 Reference value :  4.32075e-08
 Reference value :  4.32225e-08
 Reference value :  4.32375e-08
 Reference value :  4.32525e-08
 Reference value :  4.32725e-08
 Reference value :  4.32875e-08
 Reference value :  4.33075e-08
 Reference value :  4.33275e-08
 Reference value :  4.33425e-08
 Reference value :  4.33625e-08
 Reference value :  4.33825e-08
 Reference value :  4.33975e-08
 Reference value :  4.34225e-08
 Reference value :  4.34425e-08
 Reference value :  4.34625e-08
 Reference value :  4.34825e-08
 Reference value :  4.35025e-08
 Reference value :  4.35225e-08
 Reference value :  4.35425e-08
 Reference value :  4.35625e-08
 Reference value :  4.35775e-08
 Reference value :  4.35975e-08
 Reference value :  4.36175e-08
 Reference value :  4.36375e-08
 Reference value :  4.36575e-08
 Reference value :  4.36775e-08
 Reference value :  4.36975e-08
 Reference value :  4.37175e-08
 Reference value :  4.37375e-08
 Reference value :  4.37525e-08
 Reference value :  4.37775e-08
 Reference value :  4.37975e-08
 Reference value :  4.38175e-08
 Reference value :  4.38375e-08
 Reference value :  4.38575e-08
 Reference value :  4.38725e-08
 Reference value :  4.39875e-08
 Reference value :  4.40075e-08
 Reference value :  4.40275e-08
 Reference value :  4.40475e-08
 Reference value :  4.40675e-08
 Reference value :  4.40875e-08
 Reference value :  4.41025e-08
 Reference value :  4.41225e-08
 Reference value :  4.41375e-08
 Reference value :  4.41625e-08
 Reference value :  4.41875e-08
 Reference value :  4.42075e-08
 Reference value :  4.42325e-08
 Reference value :  4.42525e-08
 Reference value :  4.42725e-08
 Reference value :  4.42925e-08
 Reference value :  4.43075e-08
 Reference value :  4.43225e-08
 Reference value :  4.43425e-08
 Reference value :  4.43625e-08
 Reference value :  4.43825e-08
 Reference value :  4.43975e-08
 Reference value :  4.44125e-08
 Reference value :  4.44325e-08
 Reference value :  4.44525e-08
 Reference value :  4.44725e-08
 Reference value :  4.44925e-08
 Reference value :  4.45125e-08
 Reference value :  4.45325e-08
 Reference value :  4.45525e-08
 Reference value :  4.45725e-08
 Reference value :  4.45925e-08
 Reference value :  4.46125e-08
 Reference value :  4.46275e-08
 Reference value :  4.46475e-08
 Reference value :  4.46675e-08
 Reference value :  4.46875e-08
 Reference value :  4.47075e-08
 Reference value :  4.47275e-08
 Reference value :  4.47475e-08
 Reference value :  4.47625e-08
 Reference value :  4.47825e-08
 Reference value :  4.47975e-08
 Reference value :  4.48175e-08
 Reference value :  4.48375e-08
 Reference value :  4.48575e-08
 Reference value :  4.48775e-08
 Reference value :  4.48925e-08
 Reference value :  4.49125e-08
 Reference value :  4.49325e-08
 Reference value :  4.49525e-08
 Reference value :  4.49675e-08
 Reference value :  4.49825e-08
 Reference value :  4.50025e-08
 Reference value :  4.50225e-08
 Reference value :  4.50425e-08
 Reference value :  4.50575e-08
 Reference value :  4.50775e-08
No. of Data Rows : 9034
Note: Simulation executed from .control section 
