
Note: Compatibility modes selected: hs a


Circuit: * comparator-decision regen-time sweep -- vindiff=2mv corner=tt temp=27.0c (issue #9)

option SCALE: Scale is set to 1e-06 for instance and model parameters
option SCALE: Scale is set to 1e-06 for instance and model parameters
option SCALE: Scale is set to 1e-06 for instance and model parameters
option SCALE: Scale is set to 1e-06 for instance and model parameters
Doing analysis at TEMP = 27.000000 and TNOM = 27.000000

Using KLU as Direct Linear Solver
 Reference value :  0.00000e+00
 Reference value :  4.00000e-13
 Reference value :  6.40000e-12
 Reference value :  2.64000e-11
 Reference value :  4.64000e-11
 Reference value :  6.14000e-11
 Reference value :  8.14000e-11
 Reference value :  9.64000e-11
 Reference value :  1.16400e-10
 Reference value :  1.31400e-10
 Reference value :  1.46400e-10
 Reference value :  1.66400e-10
 Reference value :  1.86400e-10
 Reference value :  2.06400e-10
 Reference value :  2.21400e-10
 Reference value :  2.41400e-10
 Reference value :  2.56400e-10
 Reference value :  2.76400e-10
 Reference value :  2.96400e-10
 Reference value :  3.11400e-10
 Reference value :  3.26400e-10
 Reference value :  3.41400e-10
 Reference value :  3.56400e-10
 Reference value :  3.71400e-10
 Reference value :  3.91400e-10
 Reference value :  4.11400e-10
 Reference value :  4.26400e-10
 Reference value :  4.46400e-10
 Reference value :  4.61400e-10
 Reference value :  4.76400e-10
 Reference value :  4.91400e-10
 Reference value :  5.11400e-10
 Reference value :  5.31400e-10
 Reference value :  5.46400e-10
 Reference value :  5.61400e-10
 Reference value :  5.76400e-10
 Reference value :  5.91400e-10
 Reference value :  6.06400e-10
 Reference value :  6.21400e-10
 Reference value :  6.41400e-10
 Reference value :  6.56400e-10
 Reference value :  6.71400e-10
 Reference value :  6.86400e-10
 Reference value :  7.01400e-10
 Reference value :  7.16400e-10
 Reference value :  7.36400e-10
 Reference value :  7.51400e-10
 Reference value :  7.66400e-10
 Reference value :  7.86400e-10
 Reference value :  8.01400e-10
 Reference value :  8.16400e-10
 Reference value :  8.31400e-10
 Reference value :  8.51400e-10
 Reference value :  8.71400e-10
 Reference value :  8.86400e-10
 Reference value :  9.01400e-10
 Reference value :  9.21400e-10
 Reference value :  9.41400e-10
 Reference value :  9.61400e-10
 Reference value :  9.76400e-10
 Reference value :  9.91400e-10
 Reference value :  1.00640e-09
 Reference value :  1.02140e-09
 Reference value :  1.04140e-09
 Reference value :  1.05640e-09
 Reference value :  1.07140e-09
 Reference value :  1.08640e-09
 Reference value :  1.10140e-09
 Reference value :  1.11640e-09
 Reference value :  1.13140e-09
 Reference value :  1.14640e-09
 Reference value :  1.16140e-09
 Reference value :  1.18140e-09
 Reference value :  1.19640e-09
 Reference value :  1.21140e-09
 Reference value :  1.23140e-09
 Reference value :  1.24640e-09
 Reference value :  1.26640e-09
 Reference value :  1.28640e-09
 Reference value :  1.30140e-09
 Reference value :  1.32140e-09
 Reference value :  1.34140e-09
 Reference value :  1.35640e-09
 Reference value :  1.37140e-09
 Reference value :  1.38640e-09
 Reference value :  1.40640e-09
 Reference value :  1.42140e-09
 Reference value :  1.43640e-09
 Reference value :  1.45640e-09
 Reference value :  1.47140e-09
 Reference value :  1.48640e-09
 Reference value :  1.50140e-09
 Reference value :  1.51640e-09
 Reference value :  1.53140e-09
 Reference value :  1.54640e-09
 Reference value :  1.56640e-09
 Reference value :  1.58640e-09
 Reference value :  1.60140e-09
 Reference value :  1.61640e-09
 Reference value :  1.63140e-09
 Reference value :  1.64640e-09
 Reference value :  1.66640e-09
 Reference value :  1.68140e-09
 Reference value :  1.69640e-09
 Reference value :  1.71140e-09
 Reference value :  1.73140e-09
 Reference value :  1.75140e-09
 Reference value :  1.76640e-09
 Reference value :  1.78140e-09
 Reference value :  1.79640e-09
 Reference value :  1.81140e-09
 Reference value :  1.82640e-09
 Reference value :  1.84140e-09
 Reference value :  1.85640e-09
 Reference value :  1.87140e-09
 Reference value :  1.88640e-09
 Reference value :  1.90140e-09
 Reference value :  1.91640e-09
 Reference value :  1.93640e-09
 Reference value :  1.95140e-09
 Reference value :  1.97140e-09
 Reference value :  1.99140e-09
 Reference value :  2.01140e-09
 Reference value :  2.02640e-09
 Reference value :  2.04140e-09
 Reference value :  2.05640e-09
 Reference value :  2.07140e-09
 Reference value :  2.08640e-09
 Reference value :  2.10140e-09
 Reference value :  2.12140e-09
 Reference value :  2.13640e-09
 Reference value :  2.15140e-09
 Reference value :  2.16640e-09
 Reference value :  2.18140e-09
 Reference value :  2.19640e-09
 Reference value :  2.21140e-09
 Reference value :  2.23140e-09
 Reference value :  2.24640e-09
 Reference value :  2.26140e-09
 Reference value :  2.28140e-09
 Reference value :  2.30140e-09
 Reference value :  2.31640e-09
 Reference value :  2.33640e-09
 Reference value :  2.35140e-09
 Reference value :  2.36640e-09
 Reference value :  2.38640e-09
 Reference value :  2.40140e-09
 Reference value :  2.41640e-09
 Reference value :  2.43640e-09
 Reference value :  2.45640e-09
 Reference value :  2.47640e-09
 Reference value :  2.49640e-09
 Reference value :  2.51140e-09
 Reference value :  2.52640e-09
 Reference value :  2.54140e-09
 Reference value :  2.56140e-09
 Reference value :  2.57640e-09
 Reference value :  2.59640e-09
 Reference value :  2.61140e-09
 Reference value :  2.63140e-09
 Reference value :  2.64640e-09
 Reference value :  2.66640e-09
 Reference value :  2.68140e-09
 Reference value :  2.69640e-09
 Reference value :  2.71140e-09
 Reference value :  2.72640e-09
 Reference value :  2.74140e-09
 Reference value :  2.75640e-09
 Reference value :  2.77140e-09
 Reference value :  2.78640e-09
 Reference value :  2.80640e-09
 Reference value :  2.82140e-09
 Reference value :  2.83640e-09
 Reference value :  2.85140e-09
 Reference value :  2.86640e-09
 Reference value :  2.88640e-09
 Reference value :  2.91140e-09
 Reference value :  2.92640e-09
 Reference value :  2.94140e-09
 Reference value :  2.96140e-09
 Reference value :  2.97640e-09
 Reference value :  2.99640e-09
 Reference value :  3.01640e-09
 Reference value :  3.03140e-09
 Reference value :  3.04640e-09
 Reference value :  3.06140e-09
 Reference value :  3.07640e-09
 Reference value :  3.09140e-09
 Reference value :  3.10640e-09
 Reference value :  3.12140e-09
 Reference value :  3.14140e-09
 Reference value :  3.16140e-09
 Reference value :  3.17640e-09
 Reference value :  3.19140e-09
 Reference value :  3.21140e-09
 Reference value :  3.22640e-09
 Reference value :  3.24640e-09
 Reference value :  3.26640e-09
 Reference value :  3.28140e-09
 Reference value :  3.30140e-09
 Reference value :  3.31640e-09
 Reference value :  3.33140e-09
 Reference value :  3.34640e-09
 Reference value :  3.36140e-09
 Reference value :  3.37640e-09
 Reference value :  3.39140e-09
 Reference value :  3.40640e-09
 Reference value :  3.42140e-09
 Reference value :  3.44140e-09
 Reference value :  3.45640e-09
 Reference value :  3.47640e-09
 Reference value :  3.49140e-09
 Reference value :  3.51140e-09
 Reference value :  3.53140e-09
 Reference value :  3.54640e-09
 Reference value :  3.56640e-09
 Reference value :  3.58140e-09
 Reference value :  3.59640e-09
 Reference value :  3.61140e-09
 Reference value :  3.62640e-09
 Reference value :  3.64640e-09
 Reference value :  3.66140e-09
 Reference value :  3.68140e-09
 Reference value :  3.69640e-09
 Reference value :  3.71140e-09
 Reference value :  3.72640e-09
 Reference value :  3.74140e-09
 Reference value :  3.76140e-09
 Reference value :  3.77640e-09
 Reference value :  3.79140e-09
 Reference value :  3.80640e-09
 Reference value :  3.82140e-09
 Reference value :  3.83640e-09
 Reference value :  3.85640e-09
 Reference value :  3.87140e-09
 Reference value :  3.89140e-09
 Reference value :  3.91140e-09
 Reference value :  3.93140e-09
 Reference value :  3.94640e-09
 Reference value :  3.96640e-09
 Reference value :  3.98640e-09
 Reference value :  4.00140e-09
 Reference value :  4.01640e-09
 Reference value :  4.03140e-09
 Reference value :  4.04640e-09
 Reference value :  4.06140e-09
 Reference value :  4.07640e-09
 Reference value :  4.09140e-09
 Reference value :  4.11140e-09
 Reference value :  4.12640e-09
 Reference value :  4.14140e-09
 Reference value :  4.15640e-09
 Reference value :  4.17140e-09
 Reference value :  4.18640e-09
 Reference value :  4.20140e-09
 Reference value :  4.21640e-09
 Reference value :  4.23140e-09
 Reference value :  4.25140e-09
 Reference value :  4.26640e-09
 Reference value :  4.28140e-09
 Reference value :  4.29640e-09
 Reference value :  4.31640e-09
 Reference value :  4.33140e-09
 Reference value :  4.34640e-09
 Reference value :  4.36140e-09
 Reference value :  4.37640e-09
 Reference value :  4.39640e-09
 Reference value :  4.41140e-09
 Reference value :  4.42640e-09
 Reference value :  4.44140e-09
 Reference value :  4.45640e-09
 Reference value :  4.47140e-09
 Reference value :  4.48640e-09
 Reference value :  4.50140e-09
 Reference value :  4.51640e-09
 Reference value :  4.53640e-09
 Reference value :  4.55640e-09
 Reference value :  4.57640e-09
 Reference value :  4.59140e-09
 Reference value :  4.61140e-09
 Reference value :  4.62640e-09
 Reference value :  4.64640e-09
 Reference value :  4.66140e-09
 Reference value :  4.68140e-09
 Reference value :  4.69640e-09
 Reference value :  4.71140e-09
 Reference value :  4.72640e-09
 Reference value :  4.74140e-09
 Reference value :  4.75640e-09
 Reference value :  4.77140e-09
 Reference value :  4.79140e-09
 Reference value :  4.81140e-09
 Reference value :  4.82640e-09
 Reference value :  4.84140e-09
 Reference value :  4.85640e-09
 Reference value :  4.87640e-09
 Reference value :  4.89140e-09
 Reference value :  4.90640e-09
 Reference value :  4.92140e-09
 Reference value :  4.93640e-09
 Reference value :  4.95140e-09
 Reference value :  4.96640e-09
 Reference value :  4.98640e-09
 Reference value :  5.00000e-09
 Reference value :  5.00350e-09
 Reference value :  5.01750e-09
 Reference value :  5.03250e-09
 Reference value :  5.05250e-09
 Reference value :  5.06750e-09
 Reference value :  5.08250e-09
 Reference value :  5.09625e-09
 Reference value :  5.10350e-09
 Reference value :  5.12250e-09
 Reference value :  5.14250e-09
 Reference value :  5.15750e-09
 Reference value :  5.17750e-09
 Reference value :  5.19250e-09
 Reference value :  5.21250e-09
 Reference value :  5.22750e-09
 Reference value :  5.24250e-09
 Reference value :  5.26250e-09
 Reference value :  5.28250e-09
 Reference value :  5.29750e-09
 Reference value :  5.31250e-09
 Reference value :  5.33250e-09
 Reference value :  5.34750e-09
 Reference value :  5.36750e-09
 Reference value :  5.38250e-09
 Reference value :  5.39750e-09
 Reference value :  5.40750e-09
 Reference value :  5.42250e-09
 Reference value :  5.44250e-09
 Reference value :  5.46250e-09
 Reference value :  5.48250e-09
 Reference value :  5.49750e-09
 Reference value :  5.51250e-09
 Reference value :  5.53250e-09
 Reference value :  5.54750e-09
 Reference value :  5.56750e-09
 Reference value :  5.58250e-09
 Reference value :  5.60250e-09
 Reference value :  5.61750e-09
 Reference value :  5.63250e-09
 Reference value :  5.64750e-09
 Reference value :  5.66250e-09
 Reference value :  5.67750e-09
 Reference value :  5.69250e-09
 Reference value :  5.71250e-09
 Reference value :  5.72750e-09
 Reference value :  5.74750e-09
 Reference value :  5.76750e-09
 Reference value :  5.78750e-09
 Reference value :  5.80750e-09
 Reference value :  5.82750e-09
 Reference value :  5.84250e-09
 Reference value :  5.86250e-09
 Reference value :  5.87750e-09
 Reference value :  5.89250e-09
 Reference value :  5.91250e-09
 Reference value :  5.92750e-09
 Reference value :  5.94250e-09
 Reference value :  5.95750e-09
 Reference value :  5.97250e-09
 Reference value :  5.98250e-09
 Reference value :  5.99750e-09
 Reference value :  6.01750e-09
 Reference value :  6.03250e-09
 Reference value :  6.05250e-09
 Reference value :  6.06750e-09
 Reference value :  6.08750e-09
 Reference value :  6.10750e-09
 Reference value :  6.12750e-09
 Reference value :  6.14250e-09
 Reference value :  6.16250e-09
 Reference value :  6.17750e-09
 Reference value :  6.19750e-09
 Reference value :  6.21750e-09
 Reference value :  6.23250e-09
 Reference value :  6.24750e-09
 Reference value :  6.26250e-09
 Reference value :  6.27750e-09
 Reference value :  6.29750e-09
 Reference value :  6.31250e-09
 Reference value :  6.32750e-09
 Reference value :  6.34250e-09
 Reference value :  6.35750e-09
 Reference value :  6.37250e-09
 Reference value :  6.39250e-09
 Reference value :  6.40750e-09
 Reference value :  6.42750e-09
 Reference value :  6.44750e-09
 Reference value :  6.46250e-09
 Reference value :  6.47750e-09
 Reference value :  6.49250e-09
 Reference value :  6.50750e-09
 Reference value :  6.52250e-09
 Reference value :  6.54250e-09
 Reference value :  6.55750e-09
 Reference value :  6.57250e-09
 Reference value :  6.58750e-09
 Reference value :  6.60250e-09
 Reference value :  6.61750e-09
 Reference value :  6.63750e-09
 Reference value :  6.65750e-09
 Reference value :  6.67250e-09
 Reference value :  6.68750e-09
 Reference value :  6.70750e-09
 Reference value :  6.72250e-09
 Reference value :  6.73750e-09
 Reference value :  6.75250e-09
 Reference value :  6.77250e-09
 Reference value :  6.79250e-09
 Reference value :  6.80750e-09
 Reference value :  6.82750e-09
 Reference value :  6.84250e-09
 Reference value :  6.85750e-09
 Reference value :  6.87250e-09
 Reference value :  6.88750e-09
 Reference value :  6.90250e-09
 Reference value :  6.91750e-09
 Reference value :  6.93250e-09
 Reference value :  6.95250e-09
 Reference value :  6.97250e-09
 Reference value :  6.98750e-09
 Reference value :  7.00750e-09
 Reference value :  7.02250e-09
 Reference value :  7.03750e-09
 Reference value :  7.05750e-09
 Reference value :  7.07250e-09
 Reference value :  7.08750e-09
 Reference value :  7.10250e-09
 Reference value :  7.11750e-09
 Reference value :  7.13250e-09
 Reference value :  7.15250e-09
 Reference value :  7.16750e-09
 Reference value :  7.18250e-09
 Reference value :  7.19750e-09
 Reference value :  7.21250e-09
 Reference value :  7.23250e-09
 Reference value :  7.24750e-09
 Reference value :  7.26250e-09
 Reference value :  7.28250e-09
 Reference value :  7.29750e-09
 Reference value :  7.31250e-09
 Reference value :  7.32750e-09
 Reference value :  7.34250e-09
 Reference value :  7.35750e-09
 Reference value :  7.37250e-09
 Reference value :  7.39250e-09
 Reference value :  7.40750e-09
 Reference value :  7.42250e-09
 Reference value :  7.43750e-09
 Reference value :  7.45250e-09
 Reference value :  7.46750e-09
 Reference value :  7.48250e-09
 Reference value :  7.49750e-09
 Reference value :  7.51250e-09
 Reference value :  7.52750e-09
 Reference value :  7.54750e-09
 Reference value :  7.56750e-09
 Reference value :  7.58250e-09
 Reference value :  7.59750e-09
 Reference value :  7.61250e-09
 Reference value :  7.62750e-09
 Reference value :  7.64250e-09
 Reference value :  7.66250e-09
 Reference value :  7.67750e-09
 Reference value :  7.69250e-09
 Reference value :  7.70750e-09
 Reference value :  7.72250e-09
 Reference value :  7.73750e-09
 Reference value :  7.75750e-09
 Reference value :  7.77250e-09
 Reference value :  7.79250e-09
 Reference value :  7.80750e-09
 Reference value :  7.82750e-09
 Reference value :  7.84250e-09
 Reference value :  7.85750e-09
 Reference value :  7.87250e-09
 Reference value :  7.88750e-09
 Reference value :  7.90250e-09
 Reference value :  7.91750e-09
 Reference value :  7.93250e-09
 Reference value :  7.94750e-09
 Reference value :  7.96250e-09
 Reference value :  7.97750e-09
 Reference value :  7.99750e-09
 Reference value :  8.01250e-09
 Reference value :  8.03250e-09
 Reference value :  8.04750e-09
 Reference value :  8.06250e-09
 Reference value :  8.07750e-09
 Reference value :  8.09250e-09
 Reference value :  8.11250e-09
 Reference value :  8.13250e-09
 Reference value :  8.14750e-09
 Reference value :  8.16250e-09
 Reference value :  8.17750e-09
 Reference value :  8.19250e-09
 Reference value :  8.20750e-09
 Reference value :  8.22250e-09
 Reference value :  8.23750e-09
 Reference value :  8.25250e-09
 Reference value :  8.26750e-09
 Reference value :  8.28250e-09
 Reference value :  8.29750e-09
 Reference value :  8.31250e-09
 Reference value :  8.33250e-09
 Reference value :  8.35250e-09
 Reference value :  8.36750e-09
 Reference value :  8.38750e-09
 Reference value :  8.40750e-09
 Reference value :  8.42750e-09
 Reference value :  8.44250e-09
 Reference value :  8.45750e-09
 Reference value :  8.47750e-09
 Reference value :  8.49750e-09
 Reference value :  8.51750e-09
 Reference value :  8.53750e-09
 Reference value :  8.55750e-09
 Reference value :  8.57750e-09
 Reference value :  8.59750e-09
 Reference value :  8.61750e-09
 Reference value :  8.63750e-09
 Reference value :  8.65250e-09
 Reference value :  8.66750e-09
 Reference value :  8.68750e-09
 Reference value :  8.70750e-09
 Reference value :  8.72750e-09
 Reference value :  8.74750e-09
 Reference value :  8.76750e-09
 Reference value :  8.78250e-09
 Reference value :  8.80250e-09
 Reference value :  8.82250e-09
 Reference value :  8.84250e-09
 Reference value :  8.86250e-09
 Reference value :  8.88250e-09
 Reference value :  8.89750e-09
 Reference value :  8.91250e-09
 Reference value :  8.93750e-09
 Reference value :  8.95750e-09
 Reference value :  8.97750e-09
 Reference value :  8.99250e-09
 Reference value :  9.01250e-09
 Reference value :  9.03250e-09
 Reference value :  9.04750e-09
 Reference value :  9.06250e-09
 Reference value :  9.07750e-09
 Reference value :  9.09750e-09
 Reference value :  9.11750e-09
 Reference value :  9.13250e-09
 Reference value :  9.15250e-09
 Reference value :  9.17250e-09
 Reference value :  9.18750e-09
 Reference value :  9.20750e-09
 Reference value :  9.22750e-09
 Reference value :  9.24250e-09
 Reference value :  9.26250e-09
 Reference value :  9.27750e-09
 Reference value :  9.29250e-09
 Reference value :  9.30750e-09
 Reference value :  9.32250e-09
 Reference value :  9.34250e-09
 Reference value :  9.35750e-09
 Reference value :  9.37750e-09
 Reference value :  9.39750e-09
 Reference value :  9.41750e-09
 Reference value :  9.43750e-09
 Reference value :  9.45250e-09
 Reference value :  9.47250e-09
 Reference value :  9.48750e-09
 Reference value :  9.50250e-09
 Reference value :  9.52250e-09
 Reference value :  9.54250e-09
 Reference value :  9.55750e-09
 Reference value :  9.57750e-09
 Reference value :  9.59750e-09
 Reference value :  9.61750e-09
 Reference value :  9.63750e-09
 Reference value :  9.66250e-09
 Reference value :  9.68250e-09
 Reference value :  9.70250e-09
 Reference value :  9.71750e-09
 Reference value :  9.73250e-09
 Reference value :  9.75250e-09
 Reference value :  9.76750e-09
 Reference value :  9.78750e-09
 Reference value :  9.80250e-09
 Reference value :  9.81750e-09
 Reference value :  9.83750e-09
 Reference value :  9.85750e-09
 Reference value :  9.87250e-09
 Reference value :  9.89250e-09
 Reference value :  9.91250e-09
 Reference value :  9.92750e-09
 Reference value :  9.94750e-09
 Reference value :  9.96250e-09
 Reference value :  9.98250e-09
 Reference value :  1.00025e-08
 Reference value :  1.00175e-08
 Reference value :  1.00325e-08
 Reference value :  1.00525e-08
 Reference value :  1.00725e-08
 Reference value :  1.00925e-08
 Reference value :  1.01075e-08
 Reference value :  1.01275e-08
 Reference value :  1.01475e-08
 Reference value :  1.01675e-08
 Reference value :  1.01825e-08
 Reference value :  1.01975e-08
 Reference value :  1.02125e-08
 Reference value :  1.02325e-08
 Reference value :  1.02525e-08
 Reference value :  1.02725e-08
 Reference value :  1.02925e-08
 Reference value :  1.03125e-08
 Reference value :  1.03275e-08
 Reference value :  1.03475e-08
 Reference value :  1.03675e-08
 Reference value :  1.03825e-08
 Reference value :  1.03975e-08
 Reference value :  1.04175e-08
 Reference value :  1.04425e-08
 Reference value :  1.04625e-08
 Reference value :  1.04775e-08
 Reference value :  1.04925e-08
 Reference value :  1.05075e-08
 Reference value :  1.05275e-08
 Reference value :  1.05475e-08
 Reference value :  1.05675e-08
 Reference value :  1.05875e-08
 Reference value :  1.06075e-08
 Reference value :  1.06275e-08
 Reference value :  1.06475e-08
 Reference value :  1.06625e-08
 Reference value :  1.06825e-08
 Reference value :  1.06975e-08
 Reference value :  1.07175e-08
 Reference value :  1.07375e-08
 Reference value :  1.07575e-08
 Reference value :  1.07775e-08
 Reference value :  1.07925e-08
 Reference value :  1.08075e-08
 Reference value :  1.08225e-08
 Reference value :  1.08425e-08
 Reference value :  1.08625e-08
 Reference value :  1.08775e-08
 Reference value :  1.08975e-08
 Reference value :  1.09125e-08
 Reference value :  1.09275e-08
 Reference value :  1.09475e-08
 Reference value :  1.09675e-08
 Reference value :  1.09825e-08
 Reference value :  1.09975e-08
 Reference value :  1.10175e-08
 Reference value :  1.10425e-08
 Reference value :  1.10575e-08
 Reference value :  1.10775e-08
 Reference value :  1.10925e-08
 Reference value :  1.11075e-08
 Reference value :  1.11275e-08
 Reference value :  1.11425e-08
 Reference value :  1.11625e-08
 Reference value :  1.11775e-08
 Reference value :  1.11925e-08
 Reference value :  1.12125e-08
 Reference value :  1.12325e-08
 Reference value :  1.12475e-08
 Reference value :  1.12675e-08
 Reference value :  1.12825e-08
 Reference value :  1.13025e-08
 Reference value :  1.13175e-08
 Reference value :  1.13375e-08
 Reference value :  1.13575e-08
 Reference value :  1.13775e-08
 Reference value :  1.13975e-08
 Reference value :  1.14175e-08
 Reference value :  1.14325e-08
 Reference value :  1.14525e-08
 Reference value :  1.14725e-08
 Reference value :  1.14875e-08
 Reference value :  1.15025e-08
 Reference value :  1.15225e-08
 Reference value :  1.15425e-08
 Reference value :  1.15575e-08
 Reference value :  1.15775e-08
 Reference value :  1.15975e-08
 Reference value :  1.16125e-08
 Reference value :  1.16275e-08
 Reference value :  1.16425e-08
 Reference value :  1.16575e-08
 Reference value :  1.16725e-08
 Reference value :  1.16925e-08
 Reference value :  1.17125e-08
 Reference value :  1.17325e-08
 Reference value :  1.17525e-08
 Reference value :  1.17725e-08
 Reference value :  1.17925e-08
 Reference value :  1.18125e-08
 Reference value :  1.18275e-08
 Reference value :  1.18475e-08
 Reference value :  1.18625e-08
 Reference value :  1.18775e-08
 Reference value :  1.18925e-08
 Reference value :  1.19125e-08
 Reference value :  1.19275e-08
 Reference value :  1.19425e-08
 Reference value :  1.19575e-08
 Reference value :  1.19775e-08
 Reference value :  1.19975e-08
 Reference value :  1.20175e-08
 Reference value :  1.20375e-08
 Reference value :  1.20525e-08
 Reference value :  1.20675e-08
 Reference value :  1.20875e-08
 Reference value :  1.21075e-08
 Reference value :  1.21275e-08
 Reference value :  1.21525e-08
 Reference value :  1.21725e-08
 Reference value :  1.21925e-08
 Reference value :  1.22125e-08
 Reference value :  1.22275e-08
 Reference value :  1.22475e-08
 Reference value :  1.22625e-08
 Reference value :  1.22825e-08
 Reference value :  1.23025e-08
 Reference value :  1.23225e-08
 Reference value :  1.23375e-08
 Reference value :  1.23525e-08
 Reference value :  1.23675e-08
 Reference value :  1.23875e-08
 Reference value :  1.24025e-08
 Reference value :  1.24175e-08
 Reference value :  1.24325e-08
 Reference value :  1.24525e-08
 Reference value :  1.24725e-08
 Reference value :  1.24875e-08
 Reference value :  1.25025e-08
 Reference value :  1.25175e-08
 Reference value :  1.25325e-08
 Reference value :  1.25525e-08
 Reference value :  1.25725e-08
 Reference value :  1.25875e-08
 Reference value :  1.26075e-08
 Reference value :  1.26225e-08
 Reference value :  1.26375e-08
 Reference value :  1.26525e-08
 Reference value :  1.26675e-08
 Reference value :  1.26825e-08
 Reference value :  1.26975e-08
 Reference value :  1.27175e-08
 Reference value :  1.27325e-08
 Reference value :  1.27475e-08
 Reference value :  1.27625e-08
 Reference value :  1.27825e-08
 Reference value :  1.28025e-08
 Reference value :  1.28225e-08
 Reference value :  1.28375e-08
 Reference value :  1.28575e-08
 Reference value :  1.28775e-08
 Reference value :  1.28925e-08
 Reference value :  1.29125e-08
 Reference value :  1.29325e-08
 Reference value :  1.29475e-08
 Reference value :  1.29625e-08
 Reference value :  1.29825e-08
 Reference value :  1.30025e-08
 Reference value :  1.30225e-08
 Reference value :  1.30375e-08
 Reference value :  1.30575e-08
 Reference value :  1.30775e-08
 Reference value :  1.31025e-08
 Reference value :  1.31275e-08
 Reference value :  1.31425e-08
 Reference value :  1.31625e-08
 Reference value :  1.31875e-08
 Reference value :  1.32075e-08
 Reference value :  1.32275e-08
 Reference value :  1.32475e-08
 Reference value :  1.32675e-08
 Reference value :  1.32875e-08
 Reference value :  1.33025e-08
 Reference value :  1.33225e-08
 Reference value :  1.33375e-08
 Reference value :  1.33575e-08
 Reference value :  1.33775e-08
 Reference value :  1.33975e-08
 Reference value :  1.34175e-08
 Reference value :  1.34375e-08
 Reference value :  1.34625e-08
 Reference value :  1.34775e-08
 Reference value :  1.34975e-08
 Reference value :  1.35175e-08
 Reference value :  1.35375e-08
 Reference value :  1.35525e-08
 Reference value :  1.35675e-08
 Reference value :  1.35875e-08
 Reference value :  1.36025e-08
 Reference value :  1.36225e-08
 Reference value :  1.36425e-08
 Reference value :  1.36625e-08
 Reference value :  1.36775e-08
 Reference value :  1.36925e-08
 Reference value :  1.37075e-08
 Reference value :  1.37275e-08
 Reference value :  1.37475e-08
 Reference value :  1.37675e-08
 Reference value :  1.37825e-08
 Reference value :  1.37975e-08
 Reference value :  1.38125e-08
 Reference value :  1.38325e-08
 Reference value :  1.38525e-08
 Reference value :  1.38675e-08
 Reference value :  1.38825e-08
 Reference value :  1.39025e-08
 Reference value :  1.39225e-08
 Reference value :  1.39425e-08
 Reference value :  1.39625e-08
 Reference value :  1.39825e-08
 Reference value :  1.40025e-08
 Reference value :  1.40225e-08
 Reference value :  1.40375e-08
 Reference value :  1.40575e-08
 Reference value :  1.40725e-08
 Reference value :  1.40875e-08
 Reference value :  1.41075e-08
 Reference value :  1.41225e-08
 Reference value :  1.41375e-08
 Reference value :  1.41525e-08
 Reference value :  1.41725e-08
 Reference value :  1.41925e-08
 Reference value :  1.42125e-08
 Reference value :  1.42275e-08
 Reference value :  1.42425e-08
 Reference value :  1.42625e-08
 Reference value :  1.42775e-08
 Reference value :  1.42975e-08
 Reference value :  1.43125e-08
 Reference value :  1.43275e-08
 Reference value :  1.43425e-08
 Reference value :  1.43625e-08
 Reference value :  1.43825e-08
 Reference value :  1.43975e-08
 Reference value :  1.44125e-08
 Reference value :  1.44325e-08
 Reference value :  1.44475e-08
 Reference value :  1.44625e-08
 Reference value :  1.44775e-08
 Reference value :  1.44975e-08
 Reference value :  1.45175e-08
 Reference value :  1.45375e-08
 Reference value :  1.45525e-08
 Reference value :  1.45675e-08
 Reference value :  1.45825e-08
 Reference value :  1.46025e-08
 Reference value :  1.46225e-08
 Reference value :  1.46375e-08
 Reference value :  1.46575e-08
 Reference value :  1.46825e-08
 Reference value :  1.47025e-08
 Reference value :  1.47225e-08
 Reference value :  1.47425e-08
 Reference value :  1.47625e-08
 Reference value :  1.47825e-08
 Reference value :  1.47975e-08
 Reference value :  1.48125e-08
 Reference value :  1.48325e-08
 Reference value :  1.48525e-08
 Reference value :  1.48675e-08
 Reference value :  1.48875e-08
 Reference value :  1.49075e-08
 Reference value :  1.49275e-08
 Reference value :  1.49425e-08
 Reference value :  1.49625e-08
 Reference value :  1.49775e-08
 Reference value :  1.49925e-08
 Reference value :  1.50075e-08
 Reference value :  1.50225e-08
 Reference value :  1.50375e-08
 Reference value :  1.50525e-08
 Reference value :  1.50675e-08
 Reference value :  1.50875e-08
 Reference value :  1.51025e-08
 Reference value :  1.51225e-08
 Reference value :  1.51375e-08
 Reference value :  1.51575e-08
 Reference value :  1.51725e-08
 Reference value :  1.51875e-08
 Reference value :  1.52075e-08
 Reference value :  1.52225e-08
 Reference value :  1.52425e-08
 Reference value :  1.52575e-08
 Reference value :  1.52825e-08
 Reference value :  1.53025e-08
 Reference value :  1.53175e-08
 Reference value :  1.53375e-08
 Reference value :  1.53575e-08
 Reference value :  1.53775e-08
 Reference value :  1.53975e-08
 Reference value :  1.54125e-08
 Reference value :  1.54275e-08
 Reference value :  1.54425e-08
 Reference value :  1.54575e-08
 Reference value :  1.54725e-08
 Reference value :  1.54875e-08
 Reference value :  1.55025e-08
 Reference value :  1.55175e-08
 Reference value :  1.55325e-08
 Reference value :  1.55475e-08
 Reference value :  1.55675e-08
 Reference value :  1.55825e-08
 Reference value :  1.56025e-08
 Reference value :  1.56175e-08
 Reference value :  1.56375e-08
 Reference value :  1.56525e-08
 Reference value :  1.56675e-08
 Reference value :  1.56825e-08
 Reference value :  1.57025e-08
 Reference value :  1.57175e-08
 Reference value :  1.57325e-08
 Reference value :  1.57525e-08
 Reference value :  1.57725e-08
 Reference value :  1.57875e-08
 Reference value :  1.58025e-08
 Reference value :  1.58175e-08
 Reference value :  1.58325e-08
 Reference value :  1.58525e-08
 Reference value :  1.58725e-08
 Reference value :  1.58875e-08
 Reference value :  1.59075e-08
 Reference value :  1.59275e-08
 Reference value :  1.59425e-08
 Reference value :  1.59625e-08
 Reference value :  1.59825e-08
 Reference value :  1.59975e-08
 Reference value :  1.60175e-08
 Reference value :  1.60375e-08
 Reference value :  1.60575e-08
 Reference value :  1.60775e-08
 Reference value :  1.60975e-08
 Reference value :  1.61125e-08
 Reference value :  1.61275e-08
 Reference value :  1.61475e-08
 Reference value :  1.61625e-08
 Reference value :  1.61775e-08
 Reference value :  1.61925e-08
 Reference value :  1.62075e-08
 Reference value :  1.62275e-08
 Reference value :  1.62425e-08
 Reference value :  1.62575e-08
 Reference value :  1.62775e-08
 Reference value :  1.62975e-08
 Reference value :  1.63125e-08
 Reference value :  1.63275e-08
 Reference value :  1.63425e-08
 Reference value :  1.63575e-08
 Reference value :  1.63725e-08
 Reference value :  1.63925e-08
 Reference value :  1.64075e-08
 Reference value :  1.64225e-08
 Reference value :  1.64425e-08
 Reference value :  1.64625e-08
 Reference value :  1.64775e-08
 Reference value :  1.64975e-08
 Reference value :  1.65125e-08
 Reference value :  1.65275e-08
 Reference value :  1.65425e-08
 Reference value :  1.65625e-08
 Reference value :  1.65775e-08
 Reference value :  1.65975e-08
 Reference value :  1.66125e-08
 Reference value :  1.66275e-08
 Reference value :  1.66425e-08
 Reference value :  1.66625e-08
 Reference value :  1.66825e-08
 Reference value :  1.66975e-08
 Reference value :  1.67125e-08
 Reference value :  1.67275e-08
 Reference value :  1.67425e-08
 Reference value :  1.67575e-08
 Reference value :  1.67725e-08
 Reference value :  1.67875e-08
 Reference value :  1.68025e-08
 Reference value :  1.68225e-08
 Reference value :  1.68375e-08
 Reference value :  1.68525e-08
 Reference value :  1.68725e-08
 Reference value :  1.68875e-08
 Reference value :  1.69025e-08
 Reference value :  1.69175e-08
 Reference value :  1.69325e-08
 Reference value :  1.69475e-08
 Reference value :  1.69625e-08
 Reference value :  1.69775e-08
 Reference value :  1.69975e-08
 Reference value :  1.70125e-08
 Reference value :  1.70275e-08
 Reference value :  1.70425e-08
 Reference value :  1.70575e-08
 Reference value :  1.70725e-08
 Reference value :  1.70875e-08
 Reference value :  1.71025e-08
 Reference value :  1.71175e-08
 Reference value :  1.71325e-08
 Reference value :  1.71525e-08
 Reference value :  1.71675e-08
 Reference value :  1.71825e-08
 Reference value :  1.72025e-08
 Reference value :  1.72225e-08
 Reference value :  1.72425e-08
 Reference value :  1.72575e-08
 Reference value :  1.72775e-08
 Reference value :  1.72925e-08
 Reference value :  1.73125e-08
 Reference value :  1.73275e-08
 Reference value :  1.73425e-08
 Reference value :  1.73575e-08
 Reference value :  1.73725e-08
 Reference value :  1.73875e-08
 Reference value :  1.74075e-08
 Reference value :  1.74275e-08
 Reference value :  1.74475e-08
 Reference value :  1.74675e-08
 Reference value :  1.74825e-08
 Reference value :  1.75025e-08
 Reference value :  1.75175e-08
 Reference value :  1.75375e-08
 Reference value :  1.75575e-08
 Reference value :  1.75775e-08
 Reference value :  1.75925e-08
 Reference value :  1.76125e-08
 Reference value :  1.76325e-08
 Reference value :  1.76475e-08
 Reference value :  1.76675e-08
 Reference value :  1.76925e-08
 Reference value :  1.77125e-08
 Reference value :  1.77325e-08
 Reference value :  1.77525e-08
 Reference value :  1.77675e-08
 Reference value :  1.77825e-08
 Reference value :  1.77975e-08
 Reference value :  1.78175e-08
 Reference value :  1.78325e-08
 Reference value :  1.78575e-08
 Reference value :  1.78775e-08
 Reference value :  1.78975e-08
 Reference value :  1.79125e-08
 Reference value :  1.79275e-08
 Reference value :  1.79475e-08
 Reference value :  1.79625e-08
 Reference value :  1.79825e-08
 Reference value :  1.79975e-08
 Reference value :  1.80175e-08
 Reference value :  1.80325e-08
 Reference value :  1.80525e-08
 Reference value :  1.80725e-08
 Reference value :  1.80875e-08
 Reference value :  1.81075e-08
 Reference value :  1.81225e-08
 Reference value :  1.81425e-08
 Reference value :  1.81625e-08
 Reference value :  1.81825e-08
 Reference value :  1.81975e-08
 Reference value :  1.82175e-08
 Reference value :  1.82375e-08
 Reference value :  1.82575e-08
 Reference value :  1.82775e-08
 Reference value :  1.82925e-08
 Reference value :  1.83075e-08
 Reference value :  1.83225e-08
 Reference value :  1.83375e-08
 Reference value :  1.83525e-08
 Reference value :  1.83675e-08
 Reference value :  1.83825e-08
 Reference value :  1.83975e-08
 Reference value :  1.84125e-08
 Reference value :  1.84275e-08
 Reference value :  1.84425e-08
 Reference value :  1.84575e-08
 Reference value :  1.84725e-08
 Reference value :  1.84925e-08
 Reference value :  1.85075e-08
 Reference value :  1.85275e-08
 Reference value :  1.85475e-08
 Reference value :  1.85675e-08
 Reference value :  1.85825e-08
 Reference value :  1.85975e-08
 Reference value :  1.86125e-08
 Reference value :  1.86325e-08
 Reference value :  1.86475e-08
 Reference value :  1.86675e-08
 Reference value :  1.86825e-08
 Reference value :  1.86975e-08
 Reference value :  1.87125e-08
 Reference value :  1.87275e-08
 Reference value :  1.87425e-08
 Reference value :  1.87625e-08
 Reference value :  1.87775e-08
 Reference value :  1.87975e-08
 Reference value :  1.88125e-08
 Reference value :  1.88275e-08
 Reference value :  1.88425e-08
 Reference value :  1.88575e-08
 Reference value :  1.88725e-08
 Reference value :  1.88875e-08
 Reference value :  1.89025e-08
 Reference value :  1.89175e-08
 Reference value :  1.89375e-08
 Reference value :  1.89525e-08
 Reference value :  1.89725e-08
 Reference value :  1.89975e-08
 Reference value :  1.90125e-08
 Reference value :  1.90275e-08
 Reference value :  1.90425e-08
 Reference value :  1.90575e-08
 Reference value :  1.90725e-08
 Reference value :  1.90925e-08
 Reference value :  1.91125e-08
 Reference value :  1.91275e-08
 Reference value :  1.91425e-08
 Reference value :  1.91575e-08
 Reference value :  1.91725e-08
 Reference value :  1.91925e-08
 Reference value :  1.92075e-08
 Reference value :  1.92225e-08
 Reference value :  1.92375e-08
 Reference value :  1.92525e-08
 Reference value :  1.92675e-08
 Reference value :  1.92825e-08
 Reference value :  1.92975e-08
 Reference value :  1.93125e-08
 Reference value :  1.93325e-08
 Reference value :  1.93475e-08
 Reference value :  1.93675e-08
 Reference value :  1.93875e-08
 Reference value :  1.94025e-08
 Reference value :  1.94175e-08
 Reference value :  1.94325e-08
 Reference value :  1.94475e-08
 Reference value :  1.94625e-08
 Reference value :  1.94775e-08
 Reference value :  1.94975e-08
 Reference value :  1.95175e-08
 Reference value :  1.95375e-08
 Reference value :  1.95525e-08
 Reference value :  1.95675e-08
 Reference value :  1.95875e-08
 Reference value :  1.96025e-08
 Reference value :  1.96175e-08
 Reference value :  1.96325e-08
 Reference value :  1.96525e-08
 Reference value :  1.96675e-08
 Reference value :  1.96825e-08
 Reference value :  1.97025e-08
 Reference value :  1.97225e-08
 Reference value :  1.97425e-08
 Reference value :  1.97625e-08
 Reference value :  1.97825e-08
 Reference value :  1.98025e-08
 Reference value :  1.98175e-08
 Reference value :  1.98325e-08
 Reference value :  1.98475e-08
 Reference value :  1.98675e-08
 Reference value :  1.98875e-08
 Reference value :  1.99025e-08
 Reference value :  1.99225e-08
 Reference value :  1.99425e-08
 Reference value :  1.99625e-08
 Reference value :  1.99825e-08
 Reference value :  2.00025e-08
 Reference value :  2.00175e-08
 Reference value :  2.00325e-08
 Reference value :  2.00475e-08
 Reference value :  2.00675e-08
 Reference value :  2.00875e-08
 Reference value :  2.01075e-08
 Reference value :  2.01225e-08
 Reference value :  2.01375e-08
 Reference value :  2.01525e-08
 Reference value :  2.01675e-08
 Reference value :  2.01825e-08
 Reference value :  2.01975e-08
 Reference value :  2.02125e-08
 Reference value :  2.02275e-08
 Reference value :  2.02475e-08
 Reference value :  2.02675e-08
 Reference value :  2.02875e-08
 Reference value :  2.03025e-08
 Reference value :  2.03175e-08
 Reference value :  2.03375e-08
 Reference value :  2.03575e-08
 Reference value :  2.03725e-08
 Reference value :  2.03925e-08
 Reference value :  2.04075e-08
 Reference value :  2.04275e-08
 Reference value :  2.04475e-08
 Reference value :  2.04675e-08
 Reference value :  2.04825e-08
 Reference value :  2.05025e-08
 Reference value :  2.05175e-08
 Reference value :  2.05375e-08
 Reference value :  2.05575e-08
 Reference value :  2.05725e-08
 Reference value :  2.05875e-08
 Reference value :  2.06025e-08
 Reference value :  2.06225e-08
 Reference value :  2.06425e-08
 Reference value :  2.06625e-08
 Reference value :  2.06825e-08
 Reference value :  2.07025e-08
 Reference value :  2.07175e-08
 Reference value :  2.07375e-08
 Reference value :  2.07525e-08
 Reference value :  2.07725e-08
 Reference value :  2.07925e-08
 Reference value :  2.08125e-08
 Reference value :  2.08325e-08
 Reference value :  2.08475e-08
 Reference value :  2.08625e-08
 Reference value :  2.08825e-08
 Reference value :  2.08975e-08
 Reference value :  2.09125e-08
 Reference value :  2.09275e-08
 Reference value :  2.09475e-08
 Reference value :  2.09625e-08
 Reference value :  2.09825e-08
 Reference value :  2.10025e-08
 Reference value :  2.10175e-08
 Reference value :  2.10375e-08
 Reference value :  2.10575e-08
 Reference value :  2.10775e-08
 Reference value :  2.10975e-08
 Reference value :  2.11175e-08
 Reference value :  2.11325e-08
 Reference value :  2.11525e-08
 Reference value :  2.11725e-08
 Reference value :  2.11925e-08
 Reference value :  2.12125e-08
 Reference value :  2.12325e-08
 Reference value :  2.12475e-08
 Reference value :  2.12675e-08
 Reference value :  2.12875e-08
 Reference value :  2.13075e-08
 Reference value :  2.13225e-08
 Reference value :  2.13475e-08
 Reference value :  2.13675e-08
 Reference value :  2.13875e-08
 Reference value :  2.14075e-08
 Reference value :  2.14275e-08
 Reference value :  2.14475e-08
 Reference value :  2.14675e-08
 Reference value :  2.14875e-08
 Reference value :  2.15075e-08
 Reference value :  2.15275e-08
 Reference value :  2.15475e-08
 Reference value :  2.15675e-08
 Reference value :  2.15925e-08
 Reference value :  2.16125e-08
 Reference value :  2.16275e-08
 Reference value :  2.16475e-08
 Reference value :  2.16675e-08
 Reference value :  2.16825e-08
 Reference value :  2.16975e-08
 Reference value :  2.17125e-08
 Reference value :  2.17325e-08
 Reference value :  2.17525e-08
 Reference value :  2.17725e-08
 Reference value :  2.17975e-08
 Reference value :  2.18225e-08
 Reference value :  2.18375e-08
 Reference value :  2.18525e-08
 Reference value :  2.18725e-08
 Reference value :  2.18925e-08
 Reference value :  2.19125e-08
 Reference value :  2.19325e-08
 Reference value :  2.19575e-08
 Reference value :  2.19725e-08
 Reference value :  2.19925e-08
 Reference value :  2.20125e-08
 Reference value :  2.20275e-08
 Reference value :  2.20475e-08
 Reference value :  2.20625e-08
 Reference value :  2.20825e-08
 Reference value :  2.20975e-08
 Reference value :  2.21225e-08
 Reference value :  2.21425e-08
 Reference value :  2.21575e-08
 Reference value :  2.21725e-08
 Reference value :  2.21875e-08
 Reference value :  2.22025e-08
 Reference value :  2.22175e-08
 Reference value :  2.22375e-08
 Reference value :  2.22575e-08
 Reference value :  2.22725e-08
 Reference value :  2.22925e-08
 Reference value :  2.23075e-08
 Reference value :  2.23275e-08
 Reference value :  2.23425e-08
 Reference value :  2.23625e-08
 Reference value :  2.23775e-08
 Reference value :  2.23925e-08
 Reference value :  2.24125e-08
 Reference value :  2.24275e-08
 Reference value :  2.24425e-08
 Reference value :  2.24625e-08
 Reference value :  2.24775e-08
 Reference value :  2.25025e-08
 Reference value :  2.25175e-08
 Reference value :  2.25375e-08
 Reference value :  2.25525e-08
 Reference value :  2.25675e-08
 Reference value :  2.25825e-08
 Reference value :  2.25975e-08
 Reference value :  2.26125e-08
 Reference value :  2.26325e-08
 Reference value :  2.26525e-08
 Reference value :  2.26675e-08
 Reference value :  2.26825e-08
 Reference value :  2.27025e-08
 Reference value :  2.27175e-08
 Reference value :  2.27325e-08
 Reference value :  2.27525e-08
 Reference value :  2.27725e-08
 Reference value :  2.27875e-08
 Reference value :  2.28025e-08
 Reference value :  2.28175e-08
 Reference value :  2.28325e-08
 Reference value :  2.28525e-08
 Reference value :  2.28675e-08
 Reference value :  2.28825e-08
 Reference value :  2.29025e-08
 Reference value :  2.29175e-08
 Reference value :  2.29375e-08
 Reference value :  2.29575e-08
 Reference value :  2.29775e-08
 Reference value :  2.29925e-08
 Reference value :  2.30125e-08
 Reference value :  2.30325e-08
 Reference value :  2.30525e-08
 Reference value :  2.30675e-08
 Reference value :  2.30875e-08
 Reference value :  2.31075e-08
 Reference value :  2.31225e-08
 Reference value :  2.31375e-08
 Reference value :  2.31575e-08
 Reference value :  2.31725e-08
 Reference value :  2.31975e-08
 Reference value :  2.32175e-08
 Reference value :  2.32325e-08
 Reference value :  2.32475e-08
 Reference value :  2.32625e-08
 Reference value :  2.32825e-08
 Reference value :  2.33025e-08
 Reference value :  2.33225e-08
 Reference value :  2.33425e-08
 Reference value :  2.33625e-08
 Reference value :  2.33775e-08
 Reference value :  2.33925e-08
 Reference value :  2.34125e-08
 Reference value :  2.34325e-08
 Reference value :  2.34525e-08
 Reference value :  2.34675e-08
 Reference value :  2.34825e-08
 Reference value :  2.34975e-08
 Reference value :  2.35125e-08
 Reference value :  2.35275e-08
 Reference value :  2.35425e-08
 Reference value :  2.35625e-08
 Reference value :  2.35775e-08
 Reference value :  2.35925e-08
 Reference value :  2.36125e-08
 Reference value :  2.36325e-08
 Reference value :  2.36475e-08
 Reference value :  2.36625e-08
 Reference value :  2.36825e-08
 Reference value :  2.37025e-08
 Reference value :  2.37225e-08
 Reference value :  2.37375e-08
 Reference value :  2.37575e-08
 Reference value :  2.37775e-08
 Reference value :  2.37925e-08
 Reference value :  2.38075e-08
 Reference value :  2.38225e-08
 Reference value :  2.38425e-08
 Reference value :  2.38625e-08
 Reference value :  2.38825e-08
 Reference value :  2.39025e-08
 Reference value :  2.39225e-08
 Reference value :  2.39425e-08
 Reference value :  2.39625e-08
 Reference value :  2.39775e-08
 Reference value :  2.39975e-08
 Reference value :  2.40175e-08
 Reference value :  2.40425e-08
 Reference value :  2.40625e-08
 Reference value :  2.40775e-08
 Reference value :  2.40975e-08
 Reference value :  2.41125e-08
 Reference value :  2.41325e-08
 Reference value :  2.41525e-08
 Reference value :  2.41675e-08
 Reference value :  2.41825e-08
 Reference value :  2.41975e-08
 Reference value :  2.42125e-08
 Reference value :  2.42325e-08
 Reference value :  2.42525e-08
 Reference value :  2.42725e-08
 Reference value :  2.42875e-08
 Reference value :  2.43075e-08
 Reference value :  2.43275e-08
 Reference value :  2.43475e-08
 Reference value :  2.43625e-08
 Reference value :  2.43825e-08
 Reference value :  2.43975e-08
 Reference value :  2.44175e-08
 Reference value :  2.44375e-08
 Reference value :  2.44525e-08
 Reference value :  2.44675e-08
 Reference value :  2.44825e-08
 Reference value :  2.44975e-08
 Reference value :  2.45175e-08
 Reference value :  2.45325e-08
 Reference value :  2.45525e-08
 Reference value :  2.45675e-08
 Reference value :  2.45825e-08
 Reference value :  2.45975e-08
 Reference value :  2.46175e-08
 Reference value :  2.46325e-08
 Reference value :  2.46525e-08
 Reference value :  2.46725e-08
 Reference value :  2.46925e-08
 Reference value :  2.47075e-08
 Reference value :  2.47275e-08
 Reference value :  2.47425e-08
 Reference value :  2.47625e-08
 Reference value :  2.47875e-08
 Reference value :  2.48125e-08
 Reference value :  2.48325e-08
 Reference value :  2.48525e-08
 Reference value :  2.48675e-08
 Reference value :  2.48825e-08
 Reference value :  2.49025e-08
 Reference value :  2.49225e-08
 Reference value :  2.49425e-08
 Reference value :  2.49575e-08
 Reference value :  2.49775e-08
 Reference value :  2.49975e-08
 Reference value :  2.50175e-08
 Reference value :  2.50375e-08
 Reference value :  2.50525e-08
 Reference value :  2.50675e-08
 Reference value :  2.50825e-08
 Reference value :  2.51025e-08
 Reference value :  2.51175e-08
 Reference value :  2.51375e-08
 Reference value :  2.51575e-08
 Reference value :  2.51725e-08
 Reference value :  2.51875e-08
 Reference value :  2.52025e-08
 Reference value :  2.52175e-08
 Reference value :  2.52325e-08
 Reference value :  2.52475e-08
 Reference value :  2.52625e-08
 Reference value :  2.52825e-08
 Reference value :  2.52975e-08
 Reference value :  2.53125e-08
 Reference value :  2.53275e-08
 Reference value :  2.53475e-08
 Reference value :  2.53675e-08
 Reference value :  2.53825e-08
 Reference value :  2.53975e-08
 Reference value :  2.54125e-08
 Reference value :  2.54275e-08
 Reference value :  2.54475e-08
 Reference value :  2.54625e-08
 Reference value :  2.54775e-08
 Reference value :  2.54925e-08
 Reference value :  2.55075e-08
 Reference value :  2.55225e-08
 Reference value :  2.55425e-08
 Reference value :  2.55575e-08
 Reference value :  2.55725e-08
 Reference value :  2.55875e-08
 Reference value :  2.56025e-08
 Reference value :  2.56225e-08
 Reference value :  2.56375e-08
 Reference value :  2.56525e-08
 Reference value :  2.56675e-08
 Reference value :  2.56825e-08
 Reference value :  2.56975e-08
 Reference value :  2.57175e-08
 Reference value :  2.57325e-08
 Reference value :  2.57475e-08
 Reference value :  2.57625e-08
 Reference value :  2.57775e-08
 Reference value :  2.57925e-08
 Reference value :  2.58075e-08
 Reference value :  2.58225e-08
 Reference value :  2.58375e-08
 Reference value :  2.58575e-08
 Reference value :  2.58725e-08
 Reference value :  2.58875e-08
 Reference value :  2.59075e-08
 Reference value :  2.59225e-08
 Reference value :  2.59375e-08
 Reference value :  2.59525e-08
 Reference value :  2.59675e-08
 Reference value :  2.59825e-08
 Reference value :  2.59975e-08
 Reference value :  2.60125e-08
 Reference value :  2.60275e-08
 Reference value :  2.60425e-08
 Reference value :  2.60575e-08
 Reference value :  2.60725e-08
 Reference value :  2.60875e-08
 Reference value :  2.61025e-08
 Reference value :  2.61175e-08
 Reference value :  2.61325e-08
 Reference value :  2.61475e-08
 Reference value :  2.61625e-08
 Reference value :  2.61825e-08
 Reference value :  2.61975e-08
 Reference value :  2.62175e-08
 Reference value :  2.62375e-08
 Reference value :  2.62525e-08
 Reference value :  2.62675e-08
 Reference value :  2.62825e-08
 Reference value :  2.62975e-08
 Reference value :  2.63125e-08
 Reference value :  2.63275e-08
 Reference value :  2.63425e-08
 Reference value :  2.63575e-08
 Reference value :  2.63725e-08
 Reference value :  2.63875e-08
 Reference value :  2.64025e-08
 Reference value :  2.64175e-08
 Reference value :  2.64325e-08
 Reference value :  2.64475e-08
 Reference value :  2.64625e-08
 Reference value :  2.64775e-08
 Reference value :  2.64925e-08
 Reference value :  2.65075e-08
 Reference value :  2.65225e-08
 Reference value :  2.65375e-08
 Reference value :  2.65525e-08
 Reference value :  2.65675e-08
 Reference value :  2.65825e-08
 Reference value :  2.65975e-08
 Reference value :  2.66125e-08
 Reference value :  2.66275e-08
 Reference value :  2.66425e-08
 Reference value :  2.66575e-08
 Reference value :  2.66775e-08
 Reference value :  2.66925e-08
 Reference value :  2.67075e-08
 Reference value :  2.67225e-08
 Reference value :  2.67375e-08
 Reference value :  2.67525e-08
 Reference value :  2.67675e-08
 Reference value :  2.67825e-08
 Reference value :  2.67975e-08
 Reference value :  2.68125e-08
 Reference value :  2.68275e-08
 Reference value :  2.68475e-08
 Reference value :  2.68625e-08
 Reference value :  2.68775e-08
 Reference value :  2.68925e-08
 Reference value :  2.69075e-08
 Reference value :  2.69225e-08
 Reference value :  2.69375e-08
 Reference value :  2.69525e-08
 Reference value :  2.69675e-08
 Reference value :  2.69875e-08
 Reference value :  2.70025e-08
 Reference value :  2.70175e-08
 Reference value :  2.70325e-08
 Reference value :  2.70475e-08
 Reference value :  2.70625e-08
 Reference value :  2.70775e-08
 Reference value :  2.70925e-08
 Reference value :  2.71125e-08
 Reference value :  2.71275e-08
 Reference value :  2.71425e-08
 Reference value :  2.71575e-08
 Reference value :  2.71725e-08
 Reference value :  2.71875e-08
 Reference value :  2.72025e-08
 Reference value :  2.72175e-08
 Reference value :  2.72325e-08
 Reference value :  2.72475e-08
 Reference value :  2.72625e-08
 Reference value :  2.72825e-08
 Reference value :  2.72975e-08
 Reference value :  2.73125e-08
 Reference value :  2.73275e-08
 Reference value :  2.73425e-08
 Reference value :  2.73575e-08
 Reference value :  2.73725e-08
 Reference value :  2.73875e-08
 Reference value :  2.74025e-08
 Reference value :  2.74175e-08
 Reference value :  2.74325e-08
 Reference value :  2.74475e-08
 Reference value :  2.74625e-08
 Reference value :  2.74775e-08
 Reference value :  2.74925e-08
 Reference value :  2.75075e-08
 Reference value :  2.75225e-08
 Reference value :  2.75375e-08
 Reference value :  2.75525e-08
 Reference value :  2.75675e-08
 Reference value :  2.75825e-08
 Reference value :  2.75975e-08
 Reference value :  2.76175e-08
 Reference value :  2.76325e-08
 Reference value :  2.76525e-08
 Reference value :  2.76675e-08
 Reference value :  2.76825e-08
 Reference value :  2.76975e-08
 Reference value :  2.77125e-08
 Reference value :  2.77275e-08
 Reference value :  2.77425e-08
 Reference value :  2.77575e-08
 Reference value :  2.77725e-08
 Reference value :  2.77875e-08
 Reference value :  2.78025e-08
 Reference value :  2.78175e-08
 Reference value :  2.78325e-08
 Reference value :  2.78475e-08
 Reference value :  2.78625e-08
 Reference value :  2.78775e-08
 Reference value :  2.78925e-08
 Reference value :  2.79075e-08
 Reference value :  2.79225e-08
 Reference value :  2.79375e-08
 Reference value :  2.79525e-08
 Reference value :  2.79675e-08
 Reference value :  2.79875e-08
 Reference value :  2.80075e-08
 Reference value :  2.80225e-08
 Reference value :  2.80375e-08
 Reference value :  2.80525e-08
 Reference value :  2.80675e-08
 Reference value :  2.80825e-08
 Reference value :  2.81025e-08
 Reference value :  2.81175e-08
 Reference value :  2.81325e-08
 Reference value :  2.81475e-08
 Reference value :  2.81625e-08
 Reference value :  2.81775e-08
 Reference value :  2.81925e-08
 Reference value :  2.82125e-08
 Reference value :  2.82275e-08
 Reference value :  2.82425e-08
 Reference value :  2.82575e-08
 Reference value :  2.82725e-08
 Reference value :  2.82875e-08
 Reference value :  2.83025e-08
 Reference value :  2.83175e-08
 Reference value :  2.83375e-08
 Reference value :  2.83525e-08
 Reference value :  2.83725e-08
 Reference value :  2.83925e-08
 Reference value :  2.84075e-08
 Reference value :  2.84225e-08
 Reference value :  2.84375e-08
 Reference value :  2.84525e-08
 Reference value :  2.84675e-08
 Reference value :  2.84825e-08
 Reference value :  2.84975e-08
 Reference value :  2.85125e-08
 Reference value :  2.85275e-08
 Reference value :  2.85425e-08
 Reference value :  2.85575e-08
 Reference value :  2.85725e-08
 Reference value :  2.85875e-08
 Reference value :  2.86075e-08
 Reference value :  2.86225e-08
 Reference value :  2.86375e-08
 Reference value :  2.86525e-08
 Reference value :  2.86675e-08
 Reference value :  2.86825e-08
 Reference value :  2.86975e-08
 Reference value :  2.87125e-08
 Reference value :  2.87325e-08
 Reference value :  2.87475e-08
 Reference value :  2.87625e-08
 Reference value :  2.87825e-08
 Reference value :  2.87975e-08
 Reference value :  2.88125e-08
 Reference value :  2.88325e-08
 Reference value :  2.88475e-08
 Reference value :  2.88625e-08
 Reference value :  2.88775e-08
 Reference value :  2.88925e-08
 Reference value :  2.89075e-08
 Reference value :  2.89225e-08
 Reference value :  2.89375e-08
 Reference value :  2.89525e-08
 Reference value :  2.89675e-08
 Reference value :  2.89875e-08
 Reference value :  2.90025e-08
 Reference value :  2.90175e-08
 Reference value :  2.90325e-08
 Reference value :  2.90475e-08
 Reference value :  2.90625e-08
 Reference value :  2.90775e-08
 Reference value :  2.90925e-08
 Reference value :  2.91125e-08
 Reference value :  2.91275e-08
 Reference value :  2.91475e-08
 Reference value :  2.91625e-08
 Reference value :  2.91775e-08
 Reference value :  2.91975e-08
 Reference value :  2.92175e-08
 Reference value :  2.92375e-08
 Reference value :  2.92525e-08
 Reference value :  2.92675e-08
 Reference value :  2.92825e-08
 Reference value :  2.93025e-08
 Reference value :  2.93175e-08
 Reference value :  2.93325e-08
 Reference value :  2.93475e-08
 Reference value :  2.93625e-08
 Reference value :  2.93775e-08
 Reference value :  2.93925e-08
 Reference value :  2.94125e-08
 Reference value :  2.94275e-08
 Reference value :  2.94475e-08
 Reference value :  2.94675e-08
 Reference value :  2.94825e-08
 Reference value :  2.94975e-08
 Reference value :  2.95175e-08
 Reference value :  2.95325e-08
 Reference value :  2.95475e-08
 Reference value :  2.95625e-08
 Reference value :  2.95775e-08
 Reference value :  2.95925e-08
 Reference value :  2.96075e-08
 Reference value :  2.96225e-08
 Reference value :  2.96375e-08
 Reference value :  2.96525e-08
 Reference value :  2.96675e-08
 Reference value :  2.96875e-08
 Reference value :  2.97025e-08
 Reference value :  2.97175e-08
 Reference value :  2.97325e-08
 Reference value :  2.97475e-08
 Reference value :  2.97625e-08
 Reference value :  2.97775e-08
 Reference value :  2.97925e-08
 Reference value :  2.98075e-08
 Reference value :  2.98225e-08
 Reference value :  2.98375e-08
 Reference value :  2.98525e-08
 Reference value :  2.98675e-08
 Reference value :  2.98825e-08
 Reference value :  2.98975e-08
 Reference value :  2.99125e-08
 Reference value :  2.99275e-08
 Reference value :  2.99425e-08
 Reference value :  2.99575e-08
 Reference value :  2.99725e-08
 Reference value :  2.99875e-08
 Reference value :  3.00025e-08
 Reference value :  3.00175e-08
 Reference value :  3.00375e-08
 Reference value :  3.00525e-08
 Reference value :  3.00675e-08
 Reference value :  3.00825e-08
 Reference value :  3.00975e-08
 Reference value :  3.01125e-08
 Reference value :  3.01275e-08
 Reference value :  3.01425e-08
 Reference value :  3.01575e-08
 Reference value :  3.01725e-08
 Reference value :  3.01875e-08
 Reference value :  3.02025e-08
 Reference value :  3.02175e-08
 Reference value :  3.02325e-08
 Reference value :  3.02475e-08
 Reference value :  3.02675e-08
 Reference value :  3.02825e-08
 Reference value :  3.03075e-08
 Reference value :  3.03275e-08
 Reference value :  3.03425e-08
 Reference value :  3.03625e-08
 Reference value :  3.03775e-08
 Reference value :  3.03925e-08
 Reference value :  3.04125e-08
 Reference value :  3.04275e-08
 Reference value :  3.04475e-08
 Reference value :  3.04675e-08
 Reference value :  3.04825e-08
 Reference value :  3.05025e-08
 Reference value :  3.05175e-08
 Reference value :  3.05375e-08
 Reference value :  3.05575e-08
 Reference value :  3.05775e-08
 Reference value :  3.05975e-08
 Reference value :  3.06125e-08
 Reference value :  3.06275e-08
 Reference value :  3.06475e-08
 Reference value :  3.06625e-08
 Reference value :  3.06775e-08
 Reference value :  3.06925e-08
 Reference value :  3.07125e-08
 Reference value :  3.07275e-08
 Reference value :  3.07425e-08
 Reference value :  3.07625e-08
 Reference value :  3.07775e-08
 Reference value :  3.07925e-08
 Reference value :  3.08075e-08
 Reference value :  3.08225e-08
 Reference value :  3.08375e-08
 Reference value :  3.08525e-08
 Reference value :  3.08675e-08
 Reference value :  3.08825e-08
 Reference value :  3.08975e-08
 Reference value :  3.09125e-08
 Reference value :  3.09275e-08
 Reference value :  3.09425e-08
 Reference value :  3.09625e-08
 Reference value :  3.09825e-08
 Reference value :  3.09975e-08
 Reference value :  3.10125e-08
 Reference value :  3.10275e-08
 Reference value :  3.10425e-08
 Reference value :  3.10575e-08
 Reference value :  3.10725e-08
 Reference value :  3.10875e-08
 Reference value :  3.11025e-08
 Reference value :  3.11175e-08
 Reference value :  3.11325e-08
 Reference value :  3.11475e-08
 Reference value :  3.11675e-08
 Reference value :  3.11875e-08
 Reference value :  3.12025e-08
 Reference value :  3.12175e-08
 Reference value :  3.12325e-08
 Reference value :  3.12475e-08
 Reference value :  3.12625e-08
 Reference value :  3.12775e-08
 Reference value :  3.12975e-08
 Reference value :  3.13175e-08
 Reference value :  3.13325e-08
 Reference value :  3.13475e-08
 Reference value :  3.13625e-08
 Reference value :  3.13775e-08
 Reference value :  3.13925e-08
 Reference value :  3.14075e-08
 Reference value :  3.14275e-08
 Reference value :  3.14425e-08
 Reference value :  3.14575e-08
 Reference value :  3.14775e-08
 Reference value :  3.14925e-08
 Reference value :  3.15075e-08
 Reference value :  3.15225e-08
 Reference value :  3.15425e-08
 Reference value :  3.15575e-08
 Reference value :  3.15725e-08
 Reference value :  3.15875e-08
 Reference value :  3.16075e-08
 Reference value :  3.16225e-08
 Reference value :  3.16425e-08
 Reference value :  3.16575e-08
 Reference value :  3.16725e-08
 Reference value :  3.16875e-08
 Reference value :  3.17025e-08
 Reference value :  3.17175e-08
 Reference value :  3.17325e-08
 Reference value :  3.17475e-08
 Reference value :  3.17625e-08
 Reference value :  3.17825e-08
 Reference value :  3.17975e-08
 Reference value :  3.18125e-08
 Reference value :  3.18275e-08
 Reference value :  3.18425e-08
 Reference value :  3.18575e-08
 Reference value :  3.18725e-08
 Reference value :  3.18925e-08
 Reference value :  3.19125e-08
 Reference value :  3.19275e-08
 Reference value :  3.19425e-08
 Reference value :  3.19625e-08
 Reference value :  3.19775e-08
 Reference value :  3.19925e-08
 Reference value :  3.20075e-08
 Reference value :  3.20225e-08
 Reference value :  3.20375e-08
 Reference value :  3.20525e-08
 Reference value :  3.20675e-08
 Reference value :  3.20825e-08
 Reference value :  3.20975e-08
 Reference value :  3.21175e-08
 Reference value :  3.21325e-08
 Reference value :  3.21475e-08
 Reference value :  3.21625e-08
 Reference value :  3.21775e-08
 Reference value :  3.21925e-08
 Reference value :  3.22075e-08
 Reference value :  3.22225e-08
 Reference value :  3.22375e-08
 Reference value :  3.22525e-08
 Reference value :  3.22675e-08
 Reference value :  3.22825e-08
 Reference value :  3.22975e-08
 Reference value :  3.23125e-08
 Reference value :  3.23275e-08
 Reference value :  3.23425e-08
 Reference value :  3.23575e-08
 Reference value :  3.23825e-08
 Reference value :  3.23975e-08
 Reference value :  3.24125e-08
 Reference value :  3.24275e-08
 Reference value :  3.24425e-08
 Reference value :  3.24575e-08
 Reference value :  3.24725e-08
 Reference value :  3.24875e-08
 Reference value :  3.25025e-08
 Reference value :  3.25175e-08
 Reference value :  3.25325e-08
 Reference value :  3.25475e-08
 Reference value :  3.25625e-08
 Reference value :  3.25825e-08
 Reference value :  3.25975e-08
 Reference value :  3.26175e-08
 Reference value :  3.26325e-08
 Reference value :  3.26475e-08
 Reference value :  3.26625e-08
 Reference value :  3.26775e-08
 Reference value :  3.26925e-08
 Reference value :  3.27075e-08
 Reference value :  3.27225e-08
 Reference value :  3.27375e-08
 Reference value :  3.27525e-08
 Reference value :  3.27675e-08
 Reference value :  3.27825e-08
 Reference value :  3.27975e-08
 Reference value :  3.28175e-08
 Reference value :  3.28325e-08
 Reference value :  3.28475e-08
 Reference value :  3.28625e-08
 Reference value :  3.28775e-08
 Reference value :  3.28925e-08
 Reference value :  3.29125e-08
 Reference value :  3.29325e-08
 Reference value :  3.29475e-08
 Reference value :  3.29625e-08
 Reference value :  3.29775e-08
 Reference value :  3.29925e-08
 Reference value :  3.30075e-08
 Reference value :  3.30225e-08
 Reference value :  3.30375e-08
 Reference value :  3.30525e-08
 Reference value :  3.30675e-08
 Reference value :  3.30875e-08
 Reference value :  3.31025e-08
 Reference value :  3.31175e-08
 Reference value :  3.31375e-08
 Reference value :  3.31525e-08
 Reference value :  3.31725e-08
 Reference value :  3.31875e-08
 Reference value :  3.32025e-08
 Reference value :  3.32175e-08
 Reference value :  3.32375e-08
 Reference value :  3.32525e-08
 Reference value :  3.32725e-08
 Reference value :  3.32875e-08
 Reference value :  3.33075e-08
 Reference value :  3.33225e-08
 Reference value :  3.33375e-08
 Reference value :  3.33575e-08
 Reference value :  3.33725e-08
 Reference value :  3.33875e-08
 Reference value :  3.34025e-08
 Reference value :  3.34225e-08
 Reference value :  3.34375e-08
 Reference value :  3.34525e-08
 Reference value :  3.34675e-08
 Reference value :  3.34825e-08
 Reference value :  3.34975e-08
 Reference value :  3.35175e-08
 Reference value :  3.35325e-08
 Reference value :  3.35475e-08
 Reference value :  3.35625e-08
 Reference value :  3.35775e-08
 Reference value :  3.35975e-08
 Reference value :  3.36125e-08
 Reference value :  3.36325e-08
 Reference value :  3.36475e-08
 Reference value :  3.36625e-08
 Reference value :  3.36775e-08
 Reference value :  3.36925e-08
 Reference value :  3.37075e-08
 Reference value :  3.37225e-08
 Reference value :  3.37375e-08
 Reference value :  3.37525e-08
 Reference value :  3.37675e-08
 Reference value :  3.37825e-08
 Reference value :  3.37975e-08
 Reference value :  3.38125e-08
 Reference value :  3.38275e-08
 Reference value :  3.38425e-08
 Reference value :  3.38575e-08
 Reference value :  3.38725e-08
 Reference value :  3.38925e-08
 Reference value :  3.39075e-08
 Reference value :  3.39275e-08
 Reference value :  3.39425e-08
 Reference value :  3.39575e-08
 Reference value :  3.39725e-08
 Reference value :  3.39875e-08
 Reference value :  3.40075e-08
 Reference value :  3.40225e-08
 Reference value :  3.40375e-08
 Reference value :  3.40525e-08
 Reference value :  3.40675e-08
 Reference value :  3.40825e-08
 Reference value :  3.40975e-08
 Reference value :  3.41125e-08
 Reference value :  3.41275e-08
 Reference value :  3.41425e-08
 Reference value :  3.41575e-08
 Reference value :  3.41725e-08
 Reference value :  3.41875e-08
 Reference value :  3.42075e-08
 Reference value :  3.42225e-08
 Reference value :  3.42375e-08
 Reference value :  3.42525e-08
 Reference value :  3.42675e-08
 Reference value :  3.42825e-08
 Reference value :  3.42975e-08
 Reference value :  3.43175e-08
 Reference value :  3.43325e-08
 Reference value :  3.43475e-08
 Reference value :  3.43625e-08
 Reference value :  3.43775e-08
 Reference value :  3.43925e-08
 Reference value :  3.44075e-08
 Reference value :  3.44275e-08
 Reference value :  3.44425e-08
 Reference value :  3.44625e-08
 Reference value :  3.44775e-08
 Reference value :  3.44925e-08
 Reference value :  3.45075e-08
 Reference value :  3.45225e-08
 Reference value :  3.45425e-08
 Reference value :  3.45575e-08
 Reference value :  3.45725e-08
 Reference value :  3.45925e-08
 Reference value :  3.46075e-08
 Reference value :  3.46225e-08
 Reference value :  3.46425e-08
 Reference value :  3.46575e-08
 Reference value :  3.46725e-08
 Reference value :  3.46875e-08
 Reference value :  3.47075e-08
 Reference value :  3.47225e-08
 Reference value :  3.47375e-08
 Reference value :  3.47525e-08
 Reference value :  3.47725e-08
 Reference value :  3.47925e-08
 Reference value :  3.48075e-08
 Reference value :  3.48225e-08
 Reference value :  3.48375e-08
 Reference value :  3.48525e-08
 Reference value :  3.48675e-08
 Reference value :  3.48825e-08
 Reference value :  3.48975e-08
 Reference value :  3.49125e-08
 Reference value :  3.49325e-08
 Reference value :  3.49525e-08
 Reference value :  3.49675e-08
 Reference value :  3.49825e-08
 Reference value :  3.49975e-08
 Reference value :  3.50125e-08
 Reference value :  3.50325e-08
 Reference value :  3.50475e-08
 Reference value :  3.50625e-08
 Reference value :  3.50775e-08
 Reference value :  3.50975e-08
 Reference value :  3.51125e-08
 Reference value :  3.51275e-08
 Reference value :  3.51425e-08
 Reference value :  3.51575e-08
 Reference value :  3.51725e-08
 Reference value :  3.51875e-08
 Reference value :  3.52025e-08
 Reference value :  3.52175e-08
 Reference value :  3.52325e-08
 Reference value :  3.52475e-08
 Reference value :  3.52675e-08
 Reference value :  3.52825e-08
 Reference value :  3.52975e-08
 Reference value :  3.53125e-08
 Reference value :  3.53325e-08
 Reference value :  3.53525e-08
 Reference value :  3.53725e-08
 Reference value :  3.53925e-08
 Reference value :  3.54125e-08
 Reference value :  3.54325e-08
 Reference value :  3.54475e-08
 Reference value :  3.54625e-08
 Reference value :  3.54825e-08
 Reference value :  3.54975e-08
 Reference value :  3.55125e-08
 Reference value :  3.55275e-08
 Reference value :  3.55475e-08
 Reference value :  3.55675e-08
 Reference value :  3.55825e-08
 Reference value :  3.55975e-08
 Reference value :  3.56125e-08
 Reference value :  3.56275e-08
 Reference value :  3.56425e-08
 Reference value :  3.56575e-08
 Reference value :  3.56725e-08
 Reference value :  3.56875e-08
 Reference value :  3.57025e-08
 Reference value :  3.57175e-08
 Reference value :  3.57325e-08
 Reference value :  3.57525e-08
 Reference value :  3.57675e-08
 Reference value :  3.57825e-08
 Reference value :  3.58025e-08
 Reference value :  3.58175e-08
 Reference value :  3.58325e-08
 Reference value :  3.58475e-08
 Reference value :  3.58625e-08
 Reference value :  3.58775e-08
 Reference value :  3.58925e-08
 Reference value :  3.59075e-08
 Reference value :  3.59225e-08
 Reference value :  3.59375e-08
 Reference value :  3.59525e-08
 Reference value :  3.59675e-08
 Reference value :  3.59875e-08
 Reference value :  3.60025e-08
 Reference value :  3.60225e-08
 Reference value :  3.60425e-08
 Reference value :  3.60575e-08
 Reference value :  3.60725e-08
 Reference value :  3.60875e-08
 Reference value :  3.61025e-08
 Reference value :  3.61175e-08
 Reference value :  3.61325e-08
 Reference value :  3.61475e-08
 Reference value :  3.61625e-08
 Reference value :  3.61775e-08
 Reference value :  3.61925e-08
 Reference value :  3.62075e-08
 Reference value :  3.62225e-08
 Reference value :  3.62375e-08
 Reference value :  3.62525e-08
 Reference value :  3.62675e-08
 Reference value :  3.62825e-08
 Reference value :  3.62975e-08
 Reference value :  3.63125e-08
 Reference value :  3.63275e-08
 Reference value :  3.63475e-08
 Reference value :  3.63625e-08
 Reference value :  3.63775e-08
 Reference value :  3.63925e-08
 Reference value :  3.64075e-08
 Reference value :  3.64275e-08
 Reference value :  3.64425e-08
 Reference value :  3.64625e-08
 Reference value :  3.64775e-08
 Reference value :  3.64925e-08
 Reference value :  3.65125e-08
 Reference value :  3.65275e-08
 Reference value :  3.65475e-08
 Reference value :  3.65625e-08
 Reference value :  3.65775e-08
 Reference value :  3.65925e-08
 Reference value :  3.66075e-08
 Reference value :  3.66225e-08
 Reference value :  3.66375e-08
 Reference value :  3.66525e-08
 Reference value :  3.66675e-08
 Reference value :  3.66825e-08
 Reference value :  3.66975e-08
 Reference value :  3.67125e-08
 Reference value :  3.67275e-08
 Reference value :  3.67425e-08
 Reference value :  3.67625e-08
 Reference value :  3.67825e-08
 Reference value :  3.68025e-08
 Reference value :  3.68175e-08
 Reference value :  3.68325e-08
 Reference value :  3.68475e-08
 Reference value :  3.68675e-08
 Reference value :  3.68825e-08
 Reference value :  3.69025e-08
 Reference value :  3.69175e-08
 Reference value :  3.69325e-08
 Reference value :  3.69475e-08
 Reference value :  3.69625e-08
 Reference value :  3.69775e-08
 Reference value :  3.69925e-08
 Reference value :  3.70075e-08
 Reference value :  3.70275e-08
 Reference value :  3.70425e-08
 Reference value :  3.70575e-08
 Reference value :  3.70725e-08
 Reference value :  3.70875e-08
 Reference value :  3.71025e-08
 Reference value :  3.71175e-08
 Reference value :  3.71325e-08
 Reference value :  3.71475e-08
 Reference value :  3.71625e-08
 Reference value :  3.71825e-08
 Reference value :  3.72025e-08
 Reference value :  3.72175e-08
 Reference value :  3.72325e-08
 Reference value :  3.72475e-08
 Reference value :  3.72625e-08
 Reference value :  3.72775e-08
 Reference value :  3.72975e-08
 Reference value :  3.73125e-08
 Reference value :  3.73275e-08
 Reference value :  3.73425e-08
 Reference value :  3.73575e-08
 Reference value :  3.73725e-08
 Reference value :  3.73875e-08
 Reference value :  3.74075e-08
 Reference value :  3.74225e-08
 Reference value :  3.74375e-08
 Reference value :  3.74525e-08
 Reference value :  3.74675e-08
 Reference value :  3.74825e-08
 Reference value :  3.74975e-08
 Reference value :  3.75175e-08
 Reference value :  3.75375e-08
 Reference value :  3.75525e-08
 Reference value :  3.75675e-08
 Reference value :  3.75875e-08
 Reference value :  3.76025e-08
 Reference value :  3.76175e-08
 Reference value :  3.76325e-08
 Reference value :  3.76475e-08
 Reference value :  3.76625e-08
 Reference value :  3.76775e-08
 Reference value :  3.76925e-08
 Reference value :  3.77125e-08
 Reference value :  3.77275e-08
 Reference value :  3.77425e-08
 Reference value :  3.77575e-08
 Reference value :  3.77725e-08
 Reference value :  3.77875e-08
 Reference value :  3.78025e-08
 Reference value :  3.78225e-08
 Reference value :  3.78375e-08
 Reference value :  3.78525e-08
 Reference value :  3.78675e-08
 Reference value :  3.78825e-08
 Reference value :  3.78975e-08
 Reference value :  3.79175e-08
 Reference value :  3.79325e-08
 Reference value :  3.79475e-08
 Reference value :  3.79625e-08
 Reference value :  3.79775e-08
 Reference value :  3.79925e-08
 Reference value :  3.80075e-08
 Reference value :  3.80225e-08
 Reference value :  3.80375e-08
 Reference value :  3.80525e-08
 Reference value :  3.80675e-08
 Reference value :  3.80825e-08
 Reference value :  3.80975e-08
 Reference value :  3.81125e-08
 Reference value :  3.81275e-08
 Reference value :  3.81425e-08
 Reference value :  3.81575e-08
 Reference value :  3.81725e-08
 Reference value :  3.81875e-08
 Reference value :  3.82025e-08
 Reference value :  3.82225e-08
 Reference value :  3.82375e-08
 Reference value :  3.82525e-08
 Reference value :  3.82675e-08
 Reference value :  3.82825e-08
 Reference value :  3.82975e-08
 Reference value :  3.83175e-08
 Reference value :  3.83325e-08
 Reference value :  3.83475e-08
 Reference value :  3.83625e-08
 Reference value :  3.83775e-08
 Reference value :  3.83975e-08
 Reference value :  3.84175e-08
 Reference value :  3.84325e-08
 Reference value :  3.84475e-08
 Reference value :  3.84625e-08
 Reference value :  3.84775e-08
 Reference value :  3.84975e-08
 Reference value :  3.85125e-08
 Reference value :  3.85275e-08
 Reference value :  3.85425e-08
 Reference value :  3.85575e-08
 Reference value :  3.85725e-08
 Reference value :  3.85875e-08
 Reference value :  3.86025e-08
 Reference value :  3.86175e-08
 Reference value :  3.86375e-08
 Reference value :  3.86525e-08
 Reference value :  3.86725e-08
 Reference value :  3.86875e-08
 Reference value :  3.87025e-08
 Reference value :  3.87225e-08
 Reference value :  3.87375e-08
 Reference value :  3.87525e-08
 Reference value :  3.87725e-08
 Reference value :  3.87925e-08
 Reference value :  3.88075e-08
 Reference value :  3.88225e-08
 Reference value :  3.88375e-08
 Reference value :  3.88525e-08
 Reference value :  3.88725e-08
 Reference value :  3.88875e-08
 Reference value :  3.89025e-08
 Reference value :  3.89225e-08
 Reference value :  3.89375e-08
 Reference value :  3.89575e-08
 Reference value :  3.89775e-08
 Reference value :  3.89925e-08
 Reference value :  3.90075e-08
 Reference value :  3.90225e-08
 Reference value :  3.90375e-08
 Reference value :  3.90525e-08
 Reference value :  3.90675e-08
 Reference value :  3.90825e-08
 Reference value :  3.90975e-08
 Reference value :  3.91125e-08
 Reference value :  3.91275e-08
 Reference value :  3.91475e-08
 Reference value :  3.91625e-08
 Reference value :  3.91775e-08
 Reference value :  3.91975e-08
 Reference value :  3.92125e-08
 Reference value :  3.92275e-08
 Reference value :  3.92425e-08
 Reference value :  3.92575e-08
 Reference value :  3.92725e-08
 Reference value :  3.92875e-08
 Reference value :  3.93025e-08
 Reference value :  3.93175e-08
 Reference value :  3.93325e-08
 Reference value :  3.93475e-08
 Reference value :  3.93625e-08
 Reference value :  3.93775e-08
 Reference value :  3.93925e-08
 Reference value :  3.94075e-08
 Reference value :  3.94225e-08
 Reference value :  3.94375e-08
 Reference value :  3.94525e-08
 Reference value :  3.94675e-08
 Reference value :  3.94825e-08
 Reference value :  3.94975e-08
 Reference value :  3.95125e-08
 Reference value :  3.95275e-08
 Reference value :  3.95425e-08
 Reference value :  3.95575e-08
 Reference value :  3.95725e-08
 Reference value :  3.95875e-08
 Reference value :  3.96025e-08
 Reference value :  3.96175e-08
 Reference value :  3.96375e-08
 Reference value :  3.96525e-08
 Reference value :  3.96675e-08
 Reference value :  3.96875e-08
 Reference value :  3.97025e-08
 Reference value :  3.97175e-08
 Reference value :  3.97375e-08
 Reference value :  3.97525e-08
 Reference value :  3.97675e-08
 Reference value :  3.97825e-08
 Reference value :  3.97975e-08
 Reference value :  3.98125e-08
 Reference value :  3.98275e-08
 Reference value :  3.98425e-08
 Reference value :  3.98575e-08
 Reference value :  3.98725e-08
 Reference value :  3.98875e-08
 Reference value :  3.99025e-08
 Reference value :  3.99225e-08
 Reference value :  3.99375e-08
 Reference value :  3.99525e-08
 Reference value :  3.99675e-08
 Reference value :  3.99825e-08
 Reference value :  3.99975e-08
 Reference value :  4.00125e-08
 Reference value :  4.00275e-08
 Reference value :  4.00425e-08
 Reference value :  4.00575e-08
 Reference value :  4.00725e-08
 Reference value :  4.00875e-08
 Reference value :  4.01025e-08
 Reference value :  4.01175e-08
 Reference value :  4.01375e-08
 Reference value :  4.01525e-08
 Reference value :  4.01675e-08
 Reference value :  4.01825e-08
 Reference value :  4.01975e-08
 Reference value :  4.02125e-08
 Reference value :  4.02275e-08
 Reference value :  4.02475e-08
 Reference value :  4.02625e-08
 Reference value :  4.02775e-08
 Reference value :  4.02925e-08
 Reference value :  4.03075e-08
 Reference value :  4.03225e-08
 Reference value :  4.03375e-08
 Reference value :  4.03525e-08
 Reference value :  4.03675e-08
 Reference value :  4.03825e-08
 Reference value :  4.03975e-08
 Reference value :  4.04125e-08
 Reference value :  4.04275e-08
 Reference value :  4.04425e-08
 Reference value :  4.04575e-08
 Reference value :  4.04775e-08
 Reference value :  4.04925e-08
 Reference value :  4.05075e-08
 Reference value :  4.05225e-08
 Reference value :  4.05375e-08
 Reference value :  4.05525e-08
 Reference value :  4.05675e-08
 Reference value :  4.05825e-08
 Reference value :  4.05975e-08
 Reference value :  4.06125e-08
 Reference value :  4.06275e-08
 Reference value :  4.06425e-08
 Reference value :  4.06575e-08
 Reference value :  4.06775e-08
 Reference value :  4.06925e-08
 Reference value :  4.07075e-08
 Reference value :  4.07225e-08
 Reference value :  4.07375e-08
 Reference value :  4.07575e-08
 Reference value :  4.07725e-08
 Reference value :  4.07875e-08
 Reference value :  4.08025e-08
 Reference value :  4.08175e-08
 Reference value :  4.08325e-08
 Reference value :  4.08475e-08
 Reference value :  4.08625e-08
 Reference value :  4.08775e-08
 Reference value :  4.08925e-08
 Reference value :  4.09075e-08
 Reference value :  4.09225e-08
 Reference value :  4.09425e-08
 Reference value :  4.09575e-08
 Reference value :  4.09725e-08
 Reference value :  4.09875e-08
 Reference value :  4.10025e-08
 Reference value :  4.10175e-08
 Reference value :  4.10325e-08
 Reference value :  4.10475e-08
 Reference value :  4.10625e-08
 Reference value :  4.10775e-08
 Reference value :  4.10925e-08
 Reference value :  4.11075e-08
 Reference value :  4.11275e-08
 Reference value :  4.11425e-08
 Reference value :  4.11575e-08
 Reference value :  4.11775e-08
 Reference value :  4.11975e-08
 Reference value :  4.12175e-08
 Reference value :  4.12325e-08
 Reference value :  4.12475e-08
 Reference value :  4.12625e-08
 Reference value :  4.12775e-08
 Reference value :  4.12975e-08
 Reference value :  4.13125e-08
 Reference value :  4.13325e-08
 Reference value :  4.13475e-08
 Reference value :  4.13625e-08
 Reference value :  4.13775e-08
 Reference value :  4.13975e-08
 Reference value :  4.14125e-08
 Reference value :  4.14275e-08
 Reference value :  4.14425e-08
 Reference value :  4.14625e-08
 Reference value :  4.14825e-08
 Reference value :  4.14975e-08
 Reference value :  4.15125e-08
 Reference value :  4.15275e-08
 Reference value :  4.15425e-08
 Reference value :  4.15575e-08
 Reference value :  4.15725e-08
 Reference value :  4.15875e-08
 Reference value :  4.16075e-08
 Reference value :  4.16225e-08
 Reference value :  4.16375e-08
 Reference value :  4.16525e-08
 Reference value :  4.16675e-08
 Reference value :  4.16825e-08
 Reference value :  4.17025e-08
 Reference value :  4.17225e-08
 Reference value :  4.17375e-08
 Reference value :  4.17575e-08
 Reference value :  4.17725e-08
 Reference value :  4.17875e-08
 Reference value :  4.18075e-08
 Reference value :  4.18225e-08
 Reference value :  4.18425e-08
 Reference value :  4.18575e-08
 Reference value :  4.18725e-08
 Reference value :  4.18875e-08
 Reference value :  4.19025e-08
 Reference value :  4.19175e-08
 Reference value :  4.19325e-08
 Reference value :  4.19525e-08
 Reference value :  4.19675e-08
 Reference value :  4.19825e-08
 Reference value :  4.19975e-08
 Reference value :  4.20175e-08
 Reference value :  4.20325e-08
 Reference value :  4.20475e-08
 Reference value :  4.20625e-08
 Reference value :  4.20775e-08
 Reference value :  4.20975e-08
 Reference value :  4.21125e-08
 Reference value :  4.21275e-08
 Reference value :  4.21475e-08
 Reference value :  4.21625e-08
 Reference value :  4.21775e-08
 Reference value :  4.21975e-08
 Reference value :  4.22125e-08
 Reference value :  4.22275e-08
 Reference value :  4.22475e-08
 Reference value :  4.22625e-08
 Reference value :  4.22775e-08
 Reference value :  4.22925e-08
 Reference value :  4.23075e-08
 Reference value :  4.23225e-08
 Reference value :  4.23375e-08
 Reference value :  4.23525e-08
 Reference value :  4.23675e-08
 Reference value :  4.23825e-08
 Reference value :  4.23975e-08
 Reference value :  4.24125e-08
 Reference value :  4.24275e-08
 Reference value :  4.24425e-08
 Reference value :  4.24625e-08
 Reference value :  4.24775e-08
 Reference value :  4.24925e-08
 Reference value :  4.25075e-08
 Reference value :  4.25225e-08
 Reference value :  4.25375e-08
 Reference value :  4.25525e-08
 Reference value :  4.25675e-08
 Reference value :  4.25825e-08
 Reference value :  4.26025e-08
 Reference value :  4.26225e-08
 Reference value :  4.26375e-08
 Reference value :  4.26525e-08
 Reference value :  4.26675e-08
 Reference value :  4.26825e-08
 Reference value :  4.26975e-08
 Reference value :  4.27175e-08
 Reference value :  4.27375e-08
 Reference value :  4.27525e-08
 Reference value :  4.27675e-08
 Reference value :  4.27825e-08
 Reference value :  4.27975e-08
 Reference value :  4.28125e-08
 Reference value :  4.28325e-08
 Reference value :  4.28475e-08
 Reference value :  4.28675e-08
 Reference value :  4.28825e-08
 Reference value :  4.28975e-08
 Reference value :  4.29125e-08
 Reference value :  4.29325e-08
 Reference value :  4.29525e-08
 Reference value :  4.29725e-08
 Reference value :  4.29875e-08
 Reference value :  4.30025e-08
 Reference value :  4.30175e-08
 Reference value :  4.30325e-08
 Reference value :  4.30525e-08
 Reference value :  4.30675e-08
 Reference value :  4.30875e-08
 Reference value :  4.31025e-08
 Reference value :  4.31175e-08
 Reference value :  4.31325e-08
 Reference value :  4.31475e-08
 Reference value :  4.31625e-08
 Reference value :  4.31775e-08
 Reference value :  4.31925e-08
 Reference value :  4.32075e-08
 Reference value :  4.32225e-08
 Reference value :  4.32425e-08
 Reference value :  4.32575e-08
 Reference value :  4.32725e-08
 Reference value :  4.32875e-08
 Reference value :  4.33075e-08
 Reference value :  4.33225e-08
 Reference value :  4.33375e-08
 Reference value :  4.33525e-08
 Reference value :  4.33725e-08
 Reference value :  4.33875e-08
 Reference value :  4.34075e-08
 Reference value :  4.34225e-08
 Reference value :  4.34375e-08
 Reference value :  4.34525e-08
 Reference value :  4.34675e-08
 Reference value :  4.34825e-08
 Reference value :  4.34975e-08
 Reference value :  4.35125e-08
 Reference value :  4.35275e-08
 Reference value :  4.35425e-08
 Reference value :  4.35575e-08
 Reference value :  4.35725e-08
 Reference value :  4.35875e-08
 Reference value :  4.36025e-08
 Reference value :  4.36175e-08
 Reference value :  4.36325e-08
 Reference value :  4.36475e-08
 Reference value :  4.36675e-08
 Reference value :  4.36825e-08
 Reference value :  4.37025e-08
 Reference value :  4.37175e-08
 Reference value :  4.37325e-08
 Reference value :  4.37475e-08
 Reference value :  4.37625e-08
 Reference value :  4.37775e-08
 Reference value :  4.37925e-08
 Reference value :  4.38075e-08
 Reference value :  4.38225e-08
 Reference value :  4.38375e-08
 Reference value :  4.38525e-08
 Reference value :  4.38675e-08
 Reference value :  4.38825e-08
 Reference value :  4.38975e-08
 Reference value :  4.39125e-08
 Reference value :  4.39325e-08
 Reference value :  4.39475e-08
 Reference value :  4.39625e-08
 Reference value :  4.39825e-08
 Reference value :  4.39975e-08
 Reference value :  4.40125e-08
 Reference value :  4.40275e-08
 Reference value :  4.40425e-08
 Reference value :  4.40575e-08
 Reference value :  4.40725e-08
 Reference value :  4.40875e-08
 Reference value :  4.41025e-08
 Reference value :  4.41175e-08
 Reference value :  4.41325e-08
 Reference value :  4.41475e-08
 Reference value :  4.41675e-08
 Reference value :  4.41875e-08
 Reference value :  4.42025e-08
 Reference value :  4.42225e-08
 Reference value :  4.42375e-08
 Reference value :  4.42525e-08
 Reference value :  4.42675e-08
 Reference value :  4.42825e-08
 Reference value :  4.43025e-08
 Reference value :  4.43175e-08
 Reference value :  4.43325e-08
 Reference value :  4.43475e-08
 Reference value :  4.43625e-08
 Reference value :  4.43775e-08
 Reference value :  4.43925e-08
 Reference value :  4.44125e-08
 Reference value :  4.44275e-08
 Reference value :  4.44425e-08
 Reference value :  4.44575e-08
 Reference value :  4.44725e-08
 Reference value :  4.44875e-08
 Reference value :  4.45075e-08
 Reference value :  4.45225e-08
 Reference value :  4.45375e-08
 Reference value :  4.45575e-08
 Reference value :  4.45725e-08
 Reference value :  4.45875e-08
 Reference value :  4.46025e-08
 Reference value :  4.46175e-08
 Reference value :  4.46325e-08
 Reference value :  4.46475e-08
 Reference value :  4.46625e-08
 Reference value :  4.46825e-08
 Reference value :  4.46975e-08
 Reference value :  4.47125e-08
 Reference value :  4.47275e-08
 Reference value :  4.47475e-08
 Reference value :  4.47625e-08
 Reference value :  4.47775e-08
 Reference value :  4.47925e-08
 Reference value :  4.48075e-08
 Reference value :  4.48275e-08
 Reference value :  4.48425e-08
 Reference value :  4.48575e-08
 Reference value :  4.48725e-08
 Reference value :  4.48875e-08
 Reference value :  4.49025e-08
 Reference value :  4.49175e-08
 Reference value :  4.49375e-08
 Reference value :  4.49525e-08
 Reference value :  4.49675e-08
 Reference value :  4.49825e-08
 Reference value :  4.50025e-08
 Reference value :  4.50175e-08
 Reference value :  4.50375e-08
 Reference value :  4.50525e-08
 Reference value :  4.50725e-08
 Reference value :  4.50875e-08
No. of Data Rows : 9034
Note: Simulation executed from .control section 
