
Note: Compatibility modes selected: hs a


Circuit: * comparator-decision regen-time sweep -- vindiff=50mv corner=tt temp=27.0c (issue #9)

option SCALE: Scale is set to 1e-06 for instance and model parameters
option SCALE: Scale is set to 1e-06 for instance and model parameters
option SCALE: Scale is set to 1e-06 for instance and model parameters
option SCALE: Scale is set to 1e-06 for instance and model parameters
Doing analysis at TEMP = 27.000000 and TNOM = 27.000000

Using KLU as Direct Linear Solver
 Reference value :  0.00000e+00
 Reference value :  8.00000e-13
 Reference value :  1.14000e-11
 Reference value :  3.14000e-11
 Reference value :  4.64000e-11
 Reference value :  6.64000e-11
 Reference value :  8.64000e-11
 Reference value :  1.06400e-10
 Reference value :  1.26400e-10
 Reference value :  1.46400e-10
 Reference value :  1.66400e-10
 Reference value :  1.86400e-10
 Reference value :  2.06400e-10
 Reference value :  2.26400e-10
 Reference value :  2.46400e-10
 Reference value :  2.71400e-10
 Reference value :  2.91400e-10
 Reference value :  3.11400e-10
 Reference value :  3.31400e-10
 Reference value :  3.51400e-10
 Reference value :  3.71400e-10
 Reference value :  3.91400e-10
 Reference value :  4.11400e-10
 Reference value :  4.31400e-10
 Reference value :  4.56400e-10
 Reference value :  4.81400e-10
 Reference value :  5.01400e-10
 Reference value :  5.21400e-10
 Reference value :  5.41400e-10
 Reference value :  5.61400e-10
 Reference value :  5.81400e-10
 Reference value :  6.01400e-10
 Reference value :  6.21400e-10
 Reference value :  6.41400e-10
 Reference value :  6.56400e-10
 Reference value :  6.76400e-10
 Reference value :  6.91400e-10
 Reference value :  7.11400e-10
 Reference value :  7.26400e-10
 Reference value :  7.46400e-10
 Reference value :  7.61400e-10
 Reference value :  7.76400e-10
 Reference value :  7.91400e-10
 Reference value :  8.06400e-10
 Reference value :  8.21400e-10
 Reference value :  8.41400e-10
 Reference value :  8.56400e-10
 Reference value :  8.76400e-10
 Reference value :  8.91400e-10
 Reference value :  9.11400e-10
 Reference value :  9.31400e-10
 Reference value :  9.56400e-10
 Reference value :  9.76400e-10
 Reference value :  9.91400e-10
 Reference value :  1.00640e-09
 Reference value :  1.02140e-09
 Reference value :  1.03640e-09
 Reference value :  1.05640e-09
 Reference value :  1.07140e-09
 Reference value :  1.08640e-09
 Reference value :  1.10140e-09
 Reference value :  1.11640e-09
 Reference value :  1.13140e-09
 Reference value :  1.15140e-09
 Reference value :  1.17140e-09
 Reference value :  1.19140e-09
 Reference value :  1.20640e-09
 Reference value :  1.22640e-09
 Reference value :  1.24140e-09
 Reference value :  1.26140e-09
 Reference value :  1.28140e-09
 Reference value :  1.30140e-09
 Reference value :  1.32140e-09
 Reference value :  1.33640e-09
 Reference value :  1.35640e-09
 Reference value :  1.37640e-09
 Reference value :  1.39640e-09
 Reference value :  1.41640e-09
 Reference value :  1.43140e-09
 Reference value :  1.45140e-09
 Reference value :  1.47140e-09
 Reference value :  1.49140e-09
 Reference value :  1.51140e-09
 Reference value :  1.52640e-09
 Reference value :  1.54140e-09
 Reference value :  1.55640e-09
 Reference value :  1.57640e-09
 Reference value :  1.59640e-09
 Reference value :  1.61140e-09
 Reference value :  1.63140e-09
 Reference value :  1.65140e-09
 Reference value :  1.66640e-09
 Reference value :  1.68640e-09
 Reference value :  1.70140e-09
 Reference value :  1.71640e-09
 Reference value :  1.73640e-09
 Reference value :  1.75140e-09
 Reference value :  1.77140e-09
 Reference value :  1.79140e-09
 Reference value :  1.81140e-09
 Reference value :  1.82640e-09
 Reference value :  1.84640e-09
 Reference value :  1.86640e-09
 Reference value :  1.88640e-09
 Reference value :  1.90140e-09
 Reference value :  1.91640e-09
 Reference value :  1.93640e-09
 Reference value :  1.95640e-09
 Reference value :  1.97140e-09
 Reference value :  1.99140e-09
 Reference value :  2.00640e-09
 Reference value :  2.02140e-09
 Reference value :  2.03640e-09
 Reference value :  2.05140e-09
 Reference value :  2.07140e-09
 Reference value :  2.08640e-09
 Reference value :  2.10140e-09
 Reference value :  2.12140e-09
 Reference value :  2.14640e-09
 Reference value :  2.16640e-09
 Reference value :  2.18640e-09
 Reference value :  2.20640e-09
 Reference value :  2.22640e-09
 Reference value :  2.24640e-09
 Reference value :  2.26640e-09
 Reference value :  2.28640e-09
 Reference value :  2.31140e-09
 Reference value :  2.33140e-09
 Reference value :  2.35140e-09
 Reference value :  2.36640e-09
 Reference value :  2.38140e-09
 Reference value :  2.40140e-09
 Reference value :  2.41640e-09
 Reference value :  2.43640e-09
 Reference value :  2.45640e-09
 Reference value :  2.47140e-09
 Reference value :  2.48640e-09
 Reference value :  2.51140e-09
 Reference value :  2.52640e-09
 Reference value :  2.54640e-09
 Reference value :  2.56140e-09
 Reference value :  2.58140e-09
 Reference value :  2.60140e-09
 Reference value :  2.62140e-09
 Reference value :  2.63640e-09
 Reference value :  2.65640e-09
 Reference value :  2.67140e-09
 Reference value :  2.69140e-09
 Reference value :  2.70640e-09
 Reference value :  2.73140e-09
 Reference value :  2.75140e-09
 Reference value :  2.77140e-09
 Reference value :  2.79140e-09
 Reference value :  2.81140e-09
 Reference value :  2.83140e-09
 Reference value :  2.84640e-09
 Reference value :  2.86640e-09
 Reference value :  2.88140e-09
 Reference value :  2.90140e-09
 Reference value :  2.92140e-09
 Reference value :  2.94140e-09
 Reference value :  2.95640e-09
 Reference value :  2.97140e-09
 Reference value :  2.98640e-09
 Reference value :  3.00640e-09
 Reference value :  3.02640e-09
 Reference value :  3.04140e-09
 Reference value :  3.05640e-09
 Reference value :  3.07640e-09
 Reference value :  3.09640e-09
 Reference value :  3.11140e-09
 Reference value :  3.12640e-09
 Reference value :  3.14640e-09
 Reference value :  3.17140e-09
 Reference value :  3.19140e-09
 Reference value :  3.21640e-09
 Reference value :  3.23640e-09
 Reference value :  3.26140e-09
 Reference value :  3.28140e-09
 Reference value :  3.30140e-09
 Reference value :  3.32140e-09
 Reference value :  3.34640e-09
 Reference value :  3.36640e-09
 Reference value :  3.38140e-09
 Reference value :  3.40140e-09
 Reference value :  3.41640e-09
 Reference value :  3.43140e-09
 Reference value :  3.44640e-09
 Reference value :  3.46640e-09
 Reference value :  3.48140e-09
 Reference value :  3.49640e-09
 Reference value :  3.51140e-09
 Reference value :  3.53140e-09
 Reference value :  3.55140e-09
 Reference value :  3.57140e-09
 Reference value :  3.59140e-09
 Reference value :  3.61140e-09
 Reference value :  3.62640e-09
 Reference value :  3.64640e-09
 Reference value :  3.66640e-09
 Reference value :  3.68140e-09
 Reference value :  3.69640e-09
 Reference value :  3.71140e-09
 Reference value :  3.73140e-09
 Reference value :  3.75140e-09
 Reference value :  3.76640e-09
 Reference value :  3.78640e-09
 Reference value :  3.80640e-09
 Reference value :  3.82640e-09
 Reference value :  3.85140e-09
 Reference value :  3.87140e-09
 Reference value :  3.89640e-09
 Reference value :  3.91640e-09
 Reference value :  3.93640e-09
 Reference value :  3.95140e-09
 Reference value :  3.96640e-09
 Reference value :  3.98640e-09
 Reference value :  4.00640e-09
 Reference value :  4.02640e-09
 Reference value :  4.04140e-09
 Reference value :  4.06140e-09
 Reference value :  4.08140e-09
 Reference value :  4.09640e-09
 Reference value :  4.11640e-09
 Reference value :  4.13640e-09
 Reference value :  4.15140e-09
 Reference value :  4.17140e-09
 Reference value :  4.19140e-09
 Reference value :  4.21640e-09
 Reference value :  4.23140e-09
 Reference value :  4.25140e-09
 Reference value :  4.26640e-09
 Reference value :  4.28140e-09
 Reference value :  4.29640e-09
 Reference value :  4.31640e-09
 Reference value :  4.33640e-09
 Reference value :  4.35140e-09
 Reference value :  4.37140e-09
 Reference value :  4.38640e-09
 Reference value :  4.40640e-09
 Reference value :  4.42140e-09
 Reference value :  4.44140e-09
 Reference value :  4.46140e-09
 Reference value :  4.47640e-09
 Reference value :  4.49640e-09
 Reference value :  4.51640e-09
 Reference value :  4.54140e-09
 Reference value :  4.56140e-09
 Reference value :  4.58140e-09
 Reference value :  4.60140e-09
 Reference value :  4.61640e-09
 Reference value :  4.63140e-09
 Reference value :  4.65140e-09
 Reference value :  4.66640e-09
 Reference value :  4.69140e-09
 Reference value :  4.71140e-09
 Reference value :  4.73140e-09
 Reference value :  4.75140e-09
 Reference value :  4.77140e-09
 Reference value :  4.78640e-09
 Reference value :  4.80640e-09
 Reference value :  4.82640e-09
 Reference value :  4.84140e-09
 Reference value :  4.85640e-09
 Reference value :  4.87640e-09
 Reference value :  4.89640e-09
 Reference value :  4.91640e-09
 Reference value :  4.93140e-09
 Reference value :  4.95140e-09
 Reference value :  4.96640e-09
 Reference value :  4.98640e-09
 Reference value :  5.00000e-09
 Reference value :  5.00350e-09
 Reference value :  5.02250e-09
 Reference value :  5.04250e-09
 Reference value :  5.06750e-09
 Reference value :  5.09250e-09
 Reference value :  5.10350e-09
 Reference value :  5.12250e-09
 Reference value :  5.14250e-09
 Reference value :  5.15750e-09
 Reference value :  5.17250e-09
 Reference value :  5.18750e-09
 Reference value :  5.20250e-09
 Reference value :  5.22250e-09
 Reference value :  5.24750e-09
 Reference value :  5.26250e-09
 Reference value :  5.28250e-09
 Reference value :  5.30250e-09
 Reference value :  5.32250e-09
 Reference value :  5.34750e-09
 Reference value :  5.37250e-09
 Reference value :  5.39250e-09
 Reference value :  5.40250e-09
 Reference value :  5.41250e-09
 Reference value :  5.42250e-09
 Reference value :  5.43750e-09
 Reference value :  5.45750e-09
 Reference value :  5.47250e-09
 Reference value :  5.48750e-09
 Reference value :  5.50750e-09
 Reference value :  5.52750e-09
 Reference value :  5.54750e-09
 Reference value :  5.56250e-09
 Reference value :  5.57750e-09
 Reference value :  5.59750e-09
 Reference value :  5.61250e-09
 Reference value :  5.62750e-09
 Reference value :  5.64250e-09
 Reference value :  5.66250e-09
 Reference value :  5.67750e-09
 Reference value :  5.69750e-09
 Reference value :  5.71750e-09
 Reference value :  5.73250e-09
 Reference value :  5.75250e-09
 Reference value :  5.77250e-09
 Reference value :  5.79250e-09
 Reference value :  5.80750e-09
 Reference value :  5.82750e-09
 Reference value :  5.84250e-09
 Reference value :  5.85750e-09
 Reference value :  5.87250e-09
 Reference value :  5.88750e-09
 Reference value :  5.90750e-09
 Reference value :  5.93250e-09
 Reference value :  5.95250e-09
 Reference value :  5.97250e-09
 Reference value :  5.98750e-09
 Reference value :  6.00750e-09
 Reference value :  6.02750e-09
 Reference value :  6.04750e-09
 Reference value :  6.06750e-09
 Reference value :  6.08750e-09
 Reference value :  6.11250e-09
 Reference value :  6.13250e-09
 Reference value :  6.15250e-09
 Reference value :  6.17250e-09
 Reference value :  6.18750e-09
 Reference value :  6.20250e-09
 Reference value :  6.22250e-09
 Reference value :  6.24250e-09
 Reference value :  6.26250e-09
 Reference value :  6.27750e-09
 Reference value :  6.29250e-09
 Reference value :  6.30750e-09
 Reference value :  6.32750e-09
 Reference value :  6.34750e-09
 Reference value :  6.36750e-09
 Reference value :  6.38750e-09
 Reference value :  6.40750e-09
 Reference value :  6.42750e-09
 Reference value :  6.44250e-09
 Reference value :  6.45750e-09
 Reference value :  6.47750e-09
 Reference value :  6.49250e-09
 Reference value :  6.51750e-09
 Reference value :  6.54250e-09
 Reference value :  6.56250e-09
 Reference value :  6.58750e-09
 Reference value :  6.60750e-09
 Reference value :  6.63250e-09
 Reference value :  6.65250e-09
 Reference value :  6.67250e-09
 Reference value :  6.69750e-09
 Reference value :  6.71250e-09
 Reference value :  6.72750e-09
 Reference value :  6.74250e-09
 Reference value :  6.75750e-09
 Reference value :  6.77750e-09
 Reference value :  6.79250e-09
 Reference value :  6.81250e-09
 Reference value :  6.83750e-09
 Reference value :  6.85750e-09
 Reference value :  6.87750e-09
 Reference value :  6.89750e-09
 Reference value :  6.91750e-09
 Reference value :  6.93250e-09
 Reference value :  6.94750e-09
 Reference value :  6.96750e-09
 Reference value :  6.98750e-09
 Reference value :  7.00250e-09
 Reference value :  7.01750e-09
 Reference value :  7.03750e-09
 Reference value :  7.05750e-09
 Reference value :  7.07750e-09
 Reference value :  7.09750e-09
 Reference value :  7.11750e-09
 Reference value :  7.13750e-09
 Reference value :  7.15750e-09
 Reference value :  7.17750e-09
 Reference value :  7.19250e-09
 Reference value :  7.20750e-09
 Reference value :  7.22250e-09
 Reference value :  7.23750e-09
 Reference value :  7.25750e-09
 Reference value :  7.27750e-09
 Reference value :  7.29750e-09
 Reference value :  7.31250e-09
 Reference value :  7.33250e-09
 Reference value :  7.34750e-09
 Reference value :  7.36250e-09
 Reference value :  7.37750e-09
 Reference value :  7.39250e-09
 Reference value :  7.40750e-09
 Reference value :  7.42250e-09
 Reference value :  7.43750e-09
 Reference value :  7.45750e-09
 Reference value :  7.47250e-09
 Reference value :  7.49250e-09
 Reference value :  7.51250e-09
 Reference value :  7.53250e-09
 Reference value :  7.55250e-09
 Reference value :  7.57250e-09
 Reference value :  7.59250e-09
 Reference value :  7.61250e-09
 Reference value :  7.63250e-09
 Reference value :  7.64750e-09
 Reference value :  7.66750e-09
 Reference value :  7.68750e-09
 Reference value :  7.70250e-09
 Reference value :  7.72250e-09
 Reference value :  7.73750e-09
 Reference value :  7.75750e-09
 Reference value :  7.77750e-09
 Reference value :  7.80250e-09
 Reference value :  7.82750e-09
 Reference value :  7.84250e-09
 Reference value :  7.86250e-09
 Reference value :  7.87750e-09
 Reference value :  7.90250e-09
 Reference value :  7.92250e-09
 Reference value :  7.94250e-09
 Reference value :  7.95750e-09
 Reference value :  7.97250e-09
 Reference value :  7.98750e-09
 Reference value :  8.01250e-09
 Reference value :  8.02750e-09
 Reference value :  8.04750e-09
 Reference value :  8.07250e-09
 Reference value :  8.09750e-09
 Reference value :  8.11250e-09
 Reference value :  8.13250e-09
 Reference value :  8.15250e-09
 Reference value :  8.17250e-09
 Reference value :  8.19250e-09
 Reference value :  8.21750e-09
 Reference value :  8.24250e-09
 Reference value :  8.26250e-09
 Reference value :  8.28250e-09
 Reference value :  8.30250e-09
 Reference value :  8.32750e-09
 Reference value :  8.34750e-09
 Reference value :  8.36750e-09
 Reference value :  8.38750e-09
 Reference value :  8.41250e-09
 Reference value :  8.43250e-09
 Reference value :  8.45250e-09
 Reference value :  8.47250e-09
 Reference value :  8.49750e-09
 Reference value :  8.52250e-09
 Reference value :  8.54250e-09
 Reference value :  8.56750e-09
 Reference value :  8.58750e-09
 Reference value :  8.60750e-09
 Reference value :  8.62750e-09
 Reference value :  8.64750e-09
 Reference value :  8.66250e-09
 Reference value :  8.68750e-09
 Reference value :  8.70250e-09
 Reference value :  8.71750e-09
 Reference value :  8.73250e-09
 Reference value :  8.74750e-09
 Reference value :  8.76250e-09
 Reference value :  8.78250e-09
 Reference value :  8.79750e-09
 Reference value :  8.81250e-09
 Reference value :  8.83250e-09
 Reference value :  8.85250e-09
 Reference value :  8.87750e-09
 Reference value :  8.89750e-09
 Reference value :  8.91750e-09
 Reference value :  8.93750e-09
 Reference value :  8.96250e-09
 Reference value :  8.98250e-09
 Reference value :  9.00750e-09
 Reference value :  9.02750e-09
 Reference value :  9.04750e-09
 Reference value :  9.06750e-09
 Reference value :  9.08750e-09
 Reference value :  9.10750e-09
 Reference value :  9.13250e-09
 Reference value :  9.15250e-09
 Reference value :  9.17250e-09
 Reference value :  9.18750e-09
 Reference value :  9.20250e-09
 Reference value :  9.21750e-09
 Reference value :  9.24250e-09
 Reference value :  9.26250e-09
 Reference value :  9.27750e-09
 Reference value :  9.29250e-09
 Reference value :  9.30750e-09
 Reference value :  9.32750e-09
 Reference value :  9.34250e-09
 Reference value :  9.36250e-09
 Reference value :  9.38750e-09
 Reference value :  9.40750e-09
 Reference value :  9.43250e-09
 Reference value :  9.45250e-09
 Reference value :  9.47250e-09
 Reference value :  9.48750e-09
 Reference value :  9.50250e-09
 Reference value :  9.52250e-09
 Reference value :  9.54750e-09
 Reference value :  9.56750e-09
 Reference value :  9.59250e-09
 Reference value :  9.61250e-09
 Reference value :  9.62750e-09
 Reference value :  9.64750e-09
 Reference value :  9.67250e-09
 Reference value :  9.69250e-09
 Reference value :  9.71250e-09
 Reference value :  9.72750e-09
 Reference value :  9.74250e-09
 Reference value :  9.76250e-09
 Reference value :  9.78250e-09
 Reference value :  9.80250e-09
 Reference value :  9.81750e-09
 Reference value :  9.83750e-09
 Reference value :  9.85250e-09
 Reference value :  9.87250e-09
 Reference value :  9.89250e-09
 Reference value :  9.90750e-09
 Reference value :  9.92750e-09
 Reference value :  9.94750e-09
 Reference value :  9.96250e-09
 Reference value :  9.97750e-09
 Reference value :  9.99250e-09
 Reference value :  1.00175e-08
 Reference value :  1.00375e-08
 Reference value :  1.00625e-08
 Reference value :  1.00825e-08
 Reference value :  1.01025e-08
 Reference value :  1.01225e-08
 Reference value :  1.01475e-08
 Reference value :  1.01675e-08
 Reference value :  1.01875e-08
 Reference value :  1.02075e-08
 Reference value :  1.02325e-08
 Reference value :  1.02525e-08
 Reference value :  1.02775e-08
 Reference value :  1.02975e-08
 Reference value :  1.03125e-08
 Reference value :  1.03325e-08
 Reference value :  1.03525e-08
 Reference value :  1.03675e-08
 Reference value :  1.03825e-08
 Reference value :  1.04025e-08
 Reference value :  1.04225e-08
 Reference value :  1.04375e-08
 Reference value :  1.04525e-08
 Reference value :  1.04775e-08
 Reference value :  1.04975e-08
 Reference value :  1.05175e-08
 Reference value :  1.05375e-08
 Reference value :  1.05525e-08
 Reference value :  1.05725e-08
 Reference value :  1.05875e-08
 Reference value :  1.06075e-08
 Reference value :  1.06225e-08
 Reference value :  1.06425e-08
 Reference value :  1.06625e-08
 Reference value :  1.06825e-08
 Reference value :  1.07025e-08
 Reference value :  1.07225e-08
 Reference value :  1.07425e-08
 Reference value :  1.07575e-08
 Reference value :  1.07725e-08
 Reference value :  1.07875e-08
 Reference value :  1.08075e-08
 Reference value :  1.08275e-08
 Reference value :  1.08475e-08
 Reference value :  1.08675e-08
 Reference value :  1.08825e-08
 Reference value :  1.09025e-08
 Reference value :  1.09225e-08
 Reference value :  1.09425e-08
 Reference value :  1.09625e-08
 Reference value :  1.09825e-08
 Reference value :  1.10025e-08
 Reference value :  1.10225e-08
 Reference value :  1.10375e-08
 Reference value :  1.10575e-08
 Reference value :  1.10775e-08
 Reference value :  1.11025e-08
 Reference value :  1.11225e-08
 Reference value :  1.11425e-08
 Reference value :  1.11625e-08
 Reference value :  1.11825e-08
 Reference value :  1.11975e-08
 Reference value :  1.12125e-08
 Reference value :  1.12275e-08
 Reference value :  1.12475e-08
 Reference value :  1.12675e-08
 Reference value :  1.12875e-08
 Reference value :  1.13125e-08
 Reference value :  1.13325e-08
 Reference value :  1.13525e-08
 Reference value :  1.13725e-08
 Reference value :  1.13875e-08
 Reference value :  1.14075e-08
 Reference value :  1.14225e-08
 Reference value :  1.14425e-08
 Reference value :  1.14575e-08
 Reference value :  1.14775e-08
 Reference value :  1.14975e-08
 Reference value :  1.15175e-08
 Reference value :  1.15325e-08
 Reference value :  1.15525e-08
 Reference value :  1.15675e-08
 Reference value :  1.15825e-08
 Reference value :  1.16025e-08
 Reference value :  1.16225e-08
 Reference value :  1.16425e-08
 Reference value :  1.16625e-08
 Reference value :  1.16775e-08
 Reference value :  1.16975e-08
 Reference value :  1.17175e-08
 Reference value :  1.17325e-08
 Reference value :  1.17525e-08
 Reference value :  1.17675e-08
 Reference value :  1.17875e-08
 Reference value :  1.18075e-08
 Reference value :  1.18225e-08
 Reference value :  1.18375e-08
 Reference value :  1.18525e-08
 Reference value :  1.18725e-08
 Reference value :  1.18925e-08
 Reference value :  1.19075e-08
 Reference value :  1.19225e-08
 Reference value :  1.19375e-08
 Reference value :  1.19575e-08
 Reference value :  1.19775e-08
 Reference value :  1.19975e-08
 Reference value :  1.20125e-08
 Reference value :  1.20275e-08
 Reference value :  1.20425e-08
 Reference value :  1.20625e-08
 Reference value :  1.20875e-08
 Reference value :  1.21075e-08
 Reference value :  1.21275e-08
 Reference value :  1.21425e-08
 Reference value :  1.21625e-08
 Reference value :  1.21825e-08
 Reference value :  1.22025e-08
 Reference value :  1.22225e-08
 Reference value :  1.22375e-08
 Reference value :  1.22625e-08
 Reference value :  1.22825e-08
 Reference value :  1.22975e-08
 Reference value :  1.23175e-08
 Reference value :  1.23375e-08
 Reference value :  1.23575e-08
 Reference value :  1.23725e-08
 Reference value :  1.23925e-08
 Reference value :  1.24075e-08
 Reference value :  1.24225e-08
 Reference value :  1.24375e-08
 Reference value :  1.24525e-08
 Reference value :  1.24725e-08
 Reference value :  1.24925e-08
 Reference value :  1.25075e-08
 Reference value :  1.25275e-08
 Reference value :  1.25475e-08
 Reference value :  1.25625e-08
 Reference value :  1.25775e-08
 Reference value :  1.25975e-08
 Reference value :  1.26175e-08
 Reference value :  1.26375e-08
 Reference value :  1.26525e-08
 Reference value :  1.26725e-08
 Reference value :  1.26975e-08
 Reference value :  1.27225e-08
 Reference value :  1.27425e-08
 Reference value :  1.27625e-08
 Reference value :  1.27775e-08
 Reference value :  1.28025e-08
 Reference value :  1.28275e-08
 Reference value :  1.28475e-08
 Reference value :  1.28675e-08
 Reference value :  1.28875e-08
 Reference value :  1.29025e-08
 Reference value :  1.29175e-08
 Reference value :  1.29375e-08
 Reference value :  1.29525e-08
 Reference value :  1.29675e-08
 Reference value :  1.29825e-08
 Reference value :  1.30025e-08
 Reference value :  1.30225e-08
 Reference value :  1.30425e-08
 Reference value :  1.30625e-08
 Reference value :  1.30775e-08
 Reference value :  1.30925e-08
 Reference value :  1.31075e-08
 Reference value :  1.31275e-08
 Reference value :  1.31525e-08
 Reference value :  1.31725e-08
 Reference value :  1.31925e-08
 Reference value :  1.32125e-08
 Reference value :  1.32325e-08
 Reference value :  1.32525e-08
 Reference value :  1.32725e-08
 Reference value :  1.32925e-08
 Reference value :  1.33175e-08
 Reference value :  1.33425e-08
 Reference value :  1.33675e-08
 Reference value :  1.33825e-08
 Reference value :  1.34025e-08
 Reference value :  1.34175e-08
 Reference value :  1.34375e-08
 Reference value :  1.34625e-08
 Reference value :  1.34825e-08
 Reference value :  1.35025e-08
 Reference value :  1.35175e-08
 Reference value :  1.35325e-08
 Reference value :  1.35525e-08
 Reference value :  1.35725e-08
 Reference value :  1.35875e-08
 Reference value :  1.36025e-08
 Reference value :  1.36225e-08
 Reference value :  1.36375e-08
 Reference value :  1.36575e-08
 Reference value :  1.36775e-08
 Reference value :  1.36975e-08
 Reference value :  1.37175e-08
 Reference value :  1.37375e-08
 Reference value :  1.37625e-08
 Reference value :  1.37825e-08
 Reference value :  1.37975e-08
 Reference value :  1.38175e-08
 Reference value :  1.38325e-08
 Reference value :  1.38475e-08
 Reference value :  1.38625e-08
 Reference value :  1.38775e-08
 Reference value :  1.38925e-08
 Reference value :  1.39075e-08
 Reference value :  1.39275e-08
 Reference value :  1.39475e-08
 Reference value :  1.39675e-08
 Reference value :  1.39875e-08
 Reference value :  1.40075e-08
 Reference value :  1.40275e-08
 Reference value :  1.40475e-08
 Reference value :  1.40725e-08
 Reference value :  1.40925e-08
 Reference value :  1.41125e-08
 Reference value :  1.41275e-08
 Reference value :  1.41475e-08
 Reference value :  1.41675e-08
 Reference value :  1.41825e-08
 Reference value :  1.41975e-08
 Reference value :  1.42175e-08
 Reference value :  1.42375e-08
 Reference value :  1.42575e-08
 Reference value :  1.42825e-08
 Reference value :  1.43025e-08
 Reference value :  1.43225e-08
 Reference value :  1.43425e-08
 Reference value :  1.43625e-08
 Reference value :  1.43775e-08
 Reference value :  1.43975e-08
 Reference value :  1.44175e-08
 Reference value :  1.44325e-08
 Reference value :  1.44525e-08
 Reference value :  1.44675e-08
 Reference value :  1.44825e-08
 Reference value :  1.44975e-08
 Reference value :  1.45175e-08
 Reference value :  1.45375e-08
 Reference value :  1.45575e-08
 Reference value :  1.45725e-08
 Reference value :  1.45925e-08
 Reference value :  1.46075e-08
 Reference value :  1.46225e-08
 Reference value :  1.46425e-08
 Reference value :  1.46575e-08
 Reference value :  1.46725e-08
 Reference value :  1.46875e-08
 Reference value :  1.47075e-08
 Reference value :  1.47225e-08
 Reference value :  1.47375e-08
 Reference value :  1.47525e-08
 Reference value :  1.47725e-08
 Reference value :  1.47925e-08
 Reference value :  1.48175e-08
 Reference value :  1.48425e-08
 Reference value :  1.48625e-08
 Reference value :  1.48825e-08
 Reference value :  1.48975e-08
 Reference value :  1.49175e-08
 Reference value :  1.49325e-08
 Reference value :  1.49525e-08
 Reference value :  1.49675e-08
 Reference value :  1.49825e-08
 Reference value :  1.50025e-08
 Reference value :  1.50175e-08
 Reference value :  1.50375e-08
 Reference value :  1.50525e-08
 Reference value :  1.50725e-08
 Reference value :  1.50925e-08
 Reference value :  1.51075e-08
 Reference value :  1.51275e-08
 Reference value :  1.51475e-08
 Reference value :  1.51675e-08
 Reference value :  1.51875e-08
 Reference value :  1.52075e-08
 Reference value :  1.52325e-08
 Reference value :  1.52525e-08
 Reference value :  1.52725e-08
 Reference value :  1.52875e-08
 Reference value :  1.53075e-08
 Reference value :  1.53275e-08
 Reference value :  1.53425e-08
 Reference value :  1.53575e-08
 Reference value :  1.53725e-08
 Reference value :  1.53925e-08
 Reference value :  1.54125e-08
 Reference value :  1.54325e-08
 Reference value :  1.54525e-08
 Reference value :  1.54725e-08
 Reference value :  1.54925e-08
 Reference value :  1.55125e-08
 Reference value :  1.55325e-08
 Reference value :  1.55525e-08
 Reference value :  1.55725e-08
 Reference value :  1.55925e-08
 Reference value :  1.56075e-08
 Reference value :  1.56275e-08
 Reference value :  1.56425e-08
 Reference value :  1.56625e-08
 Reference value :  1.56775e-08
 Reference value :  1.56975e-08
 Reference value :  1.57175e-08
 Reference value :  1.57325e-08
 Reference value :  1.57525e-08
 Reference value :  1.57725e-08
 Reference value :  1.57875e-08
 Reference value :  1.58025e-08
 Reference value :  1.58275e-08
 Reference value :  1.58475e-08
 Reference value :  1.58625e-08
 Reference value :  1.58825e-08
 Reference value :  1.59075e-08
 Reference value :  1.59275e-08
 Reference value :  1.59475e-08
 Reference value :  1.59725e-08
 Reference value :  1.59925e-08
 Reference value :  1.60175e-08
 Reference value :  1.60375e-08
 Reference value :  1.60575e-08
 Reference value :  1.60775e-08
 Reference value :  1.60975e-08
 Reference value :  1.61175e-08
 Reference value :  1.61375e-08
 Reference value :  1.61575e-08
 Reference value :  1.61825e-08
 Reference value :  1.62025e-08
 Reference value :  1.62225e-08
 Reference value :  1.62425e-08
 Reference value :  1.62625e-08
 Reference value :  1.62825e-08
 Reference value :  1.63025e-08
 Reference value :  1.63225e-08
 Reference value :  1.63425e-08
 Reference value :  1.63625e-08
 Reference value :  1.63775e-08
 Reference value :  1.63975e-08
 Reference value :  1.64125e-08
 Reference value :  1.64325e-08
 Reference value :  1.64475e-08
 Reference value :  1.64625e-08
 Reference value :  1.64775e-08
 Reference value :  1.65025e-08
 Reference value :  1.65275e-08
 Reference value :  1.65475e-08
 Reference value :  1.65675e-08
 Reference value :  1.65875e-08
 Reference value :  1.66025e-08
 Reference value :  1.66225e-08
 Reference value :  1.66425e-08
 Reference value :  1.66625e-08
 Reference value :  1.66875e-08
 Reference value :  1.67075e-08
 Reference value :  1.67275e-08
 Reference value :  1.67475e-08
 Reference value :  1.67675e-08
 Reference value :  1.67825e-08
 Reference value :  1.67975e-08
 Reference value :  1.68125e-08
 Reference value :  1.68325e-08
 Reference value :  1.68475e-08
 Reference value :  1.68675e-08
 Reference value :  1.68825e-08
 Reference value :  1.69025e-08
 Reference value :  1.69225e-08
 Reference value :  1.69425e-08
 Reference value :  1.69625e-08
 Reference value :  1.69825e-08
 Reference value :  1.70025e-08
 Reference value :  1.70275e-08
 Reference value :  1.70425e-08
 Reference value :  1.70625e-08
 Reference value :  1.70825e-08
 Reference value :  1.71025e-08
 Reference value :  1.71175e-08
 Reference value :  1.71375e-08
 Reference value :  1.71575e-08
 Reference value :  1.71725e-08
 Reference value :  1.71925e-08
 Reference value :  1.72075e-08
 Reference value :  1.72275e-08
 Reference value :  1.72425e-08
 Reference value :  1.72575e-08
 Reference value :  1.72775e-08
 Reference value :  1.72925e-08
 Reference value :  1.73075e-08
 Reference value :  1.73225e-08
 Reference value :  1.73425e-08
 Reference value :  1.73575e-08
 Reference value :  1.73775e-08
 Reference value :  1.73975e-08
 Reference value :  1.74125e-08
 Reference value :  1.74325e-08
 Reference value :  1.74475e-08
 Reference value :  1.74625e-08
 Reference value :  1.74825e-08
 Reference value :  1.75025e-08
 Reference value :  1.75225e-08
 Reference value :  1.75375e-08
 Reference value :  1.75525e-08
 Reference value :  1.75725e-08
 Reference value :  1.75925e-08
 Reference value :  1.76125e-08
 Reference value :  1.76325e-08
 Reference value :  1.76525e-08
 Reference value :  1.76725e-08
 Reference value :  1.76925e-08
 Reference value :  1.77075e-08
 Reference value :  1.77275e-08
 Reference value :  1.77425e-08
 Reference value :  1.77575e-08
 Reference value :  1.77775e-08
 Reference value :  1.77925e-08
 Reference value :  1.78125e-08
 Reference value :  1.78325e-08
 Reference value :  1.78525e-08
 Reference value :  1.78675e-08
 Reference value :  1.78875e-08
 Reference value :  1.79025e-08
 Reference value :  1.79225e-08
 Reference value :  1.79375e-08
 Reference value :  1.79525e-08
 Reference value :  1.79675e-08
 Reference value :  1.79875e-08
 Reference value :  1.80075e-08
 Reference value :  1.80225e-08
 Reference value :  1.80425e-08
 Reference value :  1.80575e-08
 Reference value :  1.80775e-08
 Reference value :  1.80975e-08
 Reference value :  1.81125e-08
 Reference value :  1.81325e-08
 Reference value :  1.81525e-08
 Reference value :  1.81725e-08
 Reference value :  1.81925e-08
 Reference value :  1.82125e-08
 Reference value :  1.82325e-08
 Reference value :  1.82525e-08
 Reference value :  1.82675e-08
 Reference value :  1.82875e-08
 Reference value :  1.83025e-08
 Reference value :  1.83225e-08
 Reference value :  1.83375e-08
 Reference value :  1.83575e-08
 Reference value :  1.83775e-08
 Reference value :  1.83925e-08
 Reference value :  1.84075e-08
 Reference value :  1.84225e-08
 Reference value :  1.84425e-08
 Reference value :  1.84625e-08
 Reference value :  1.84825e-08
 Reference value :  1.85025e-08
 Reference value :  1.85175e-08
 Reference value :  1.85325e-08
 Reference value :  1.85525e-08
 Reference value :  1.85675e-08
 Reference value :  1.85825e-08
 Reference value :  1.86025e-08
 Reference value :  1.86225e-08
 Reference value :  1.86375e-08
 Reference value :  1.86575e-08
 Reference value :  1.86825e-08
 Reference value :  1.87025e-08
 Reference value :  1.87225e-08
 Reference value :  1.87425e-08
 Reference value :  1.87625e-08
 Reference value :  1.87825e-08
 Reference value :  1.88025e-08
 Reference value :  1.88225e-08
 Reference value :  1.88475e-08
 Reference value :  1.88725e-08
 Reference value :  1.88975e-08
 Reference value :  1.89175e-08
 Reference value :  1.89325e-08
 Reference value :  1.89525e-08
 Reference value :  1.89725e-08
 Reference value :  1.89925e-08
 Reference value :  1.90125e-08
 Reference value :  1.90325e-08
 Reference value :  1.90475e-08
 Reference value :  1.90625e-08
 Reference value :  1.90775e-08
 Reference value :  1.90975e-08
 Reference value :  1.91175e-08
 Reference value :  1.91375e-08
 Reference value :  1.91525e-08
 Reference value :  1.91725e-08
 Reference value :  1.91875e-08
 Reference value :  1.92075e-08
 Reference value :  1.92275e-08
 Reference value :  1.92425e-08
 Reference value :  1.92625e-08
 Reference value :  1.92825e-08
 Reference value :  1.92975e-08
 Reference value :  1.93175e-08
 Reference value :  1.93325e-08
 Reference value :  1.93525e-08
 Reference value :  1.93775e-08
 Reference value :  1.93975e-08
 Reference value :  1.94125e-08
 Reference value :  1.94275e-08
 Reference value :  1.94425e-08
 Reference value :  1.94625e-08
 Reference value :  1.94775e-08
 Reference value :  1.94925e-08
 Reference value :  1.95125e-08
 Reference value :  1.95325e-08
 Reference value :  1.95525e-08
 Reference value :  1.95725e-08
 Reference value :  1.95925e-08
 Reference value :  1.96075e-08
 Reference value :  1.96225e-08
 Reference value :  1.96375e-08
 Reference value :  1.96525e-08
 Reference value :  1.96675e-08
 Reference value :  1.96875e-08
 Reference value :  1.97075e-08
 Reference value :  1.97225e-08
 Reference value :  1.97425e-08
 Reference value :  1.97575e-08
 Reference value :  1.97725e-08
 Reference value :  1.97925e-08
 Reference value :  1.98075e-08
 Reference value :  1.98275e-08
 Reference value :  1.98475e-08
 Reference value :  1.98675e-08
 Reference value :  1.98825e-08
 Reference value :  1.98975e-08
 Reference value :  1.99175e-08
 Reference value :  1.99375e-08
 Reference value :  1.99575e-08
 Reference value :  1.99725e-08
 Reference value :  1.99875e-08
 Reference value :  2.00025e-08
 Reference value :  2.00175e-08
 Reference value :  2.00325e-08
 Reference value :  2.00525e-08
 Reference value :  2.00725e-08
 Reference value :  2.00925e-08
 Reference value :  2.01125e-08
 Reference value :  2.01275e-08
 Reference value :  2.01475e-08
 Reference value :  2.01625e-08
 Reference value :  2.01875e-08
 Reference value :  2.02075e-08
 Reference value :  2.02325e-08
 Reference value :  2.02525e-08
 Reference value :  2.02675e-08
 Reference value :  2.02875e-08
 Reference value :  2.03075e-08
 Reference value :  2.03275e-08
 Reference value :  2.03475e-08
 Reference value :  2.03725e-08
 Reference value :  2.03875e-08
 Reference value :  2.04075e-08
 Reference value :  2.04225e-08
 Reference value :  2.04375e-08
 Reference value :  2.04575e-08
 Reference value :  2.04775e-08
 Reference value :  2.04925e-08
 Reference value :  2.05075e-08
 Reference value :  2.05275e-08
 Reference value :  2.05475e-08
 Reference value :  2.05625e-08
 Reference value :  2.05825e-08
 Reference value :  2.05975e-08
 Reference value :  2.06175e-08
 Reference value :  2.06325e-08
 Reference value :  2.06525e-08
 Reference value :  2.06725e-08
 Reference value :  2.06875e-08
 Reference value :  2.07075e-08
 Reference value :  2.07225e-08
 Reference value :  2.07375e-08
 Reference value :  2.07575e-08
 Reference value :  2.07775e-08
 Reference value :  2.07975e-08
 Reference value :  2.08125e-08
 Reference value :  2.08275e-08
 Reference value :  2.08475e-08
 Reference value :  2.08625e-08
 Reference value :  2.08825e-08
 Reference value :  2.09025e-08
 Reference value :  2.09225e-08
 Reference value :  2.09425e-08
 Reference value :  2.09575e-08
 Reference value :  2.09775e-08
 Reference value :  2.09975e-08
 Reference value :  2.10175e-08
 Reference value :  2.10325e-08
 Reference value :  2.10525e-08
 Reference value :  2.10725e-08
 Reference value :  2.10875e-08
 Reference value :  2.11025e-08
 Reference value :  2.11225e-08
 Reference value :  2.11425e-08
 Reference value :  2.11625e-08
 Reference value :  2.11825e-08
 Reference value :  2.12025e-08
 Reference value :  2.12175e-08
 Reference value :  2.12325e-08
 Reference value :  2.12475e-08
 Reference value :  2.12625e-08
 Reference value :  2.12825e-08
 Reference value :  2.13025e-08
 Reference value :  2.13175e-08
 Reference value :  2.13375e-08
 Reference value :  2.13575e-08
 Reference value :  2.13775e-08
 Reference value :  2.13925e-08
 Reference value :  2.14125e-08
 Reference value :  2.14275e-08
 Reference value :  2.14475e-08
 Reference value :  2.14625e-08
 Reference value :  2.14775e-08
 Reference value :  2.14925e-08
 Reference value :  2.15125e-08
 Reference value :  2.15325e-08
 Reference value :  2.15475e-08
 Reference value :  2.15675e-08
 Reference value :  2.15875e-08
 Reference value :  2.16025e-08
 Reference value :  2.16225e-08
 Reference value :  2.16425e-08
 Reference value :  2.16575e-08
 Reference value :  2.16725e-08
 Reference value :  2.16875e-08
 Reference value :  2.17075e-08
 Reference value :  2.17275e-08
 Reference value :  2.17425e-08
 Reference value :  2.17575e-08
 Reference value :  2.17725e-08
 Reference value :  2.17875e-08
 Reference value :  2.18025e-08
 Reference value :  2.18225e-08
 Reference value :  2.18375e-08
 Reference value :  2.18575e-08
 Reference value :  2.18725e-08
 Reference value :  2.18925e-08
 Reference value :  2.19125e-08
 Reference value :  2.19275e-08
 Reference value :  2.19425e-08
 Reference value :  2.19575e-08
 Reference value :  2.19725e-08
 Reference value :  2.19925e-08
 Reference value :  2.20075e-08
 Reference value :  2.20275e-08
 Reference value :  2.20475e-08
 Reference value :  2.20625e-08
 Reference value :  2.20775e-08
 Reference value :  2.20925e-08
 Reference value :  2.21075e-08
 Reference value :  2.21275e-08
 Reference value :  2.21475e-08
 Reference value :  2.21675e-08
 Reference value :  2.21875e-08
 Reference value :  2.22075e-08
 Reference value :  2.22325e-08
 Reference value :  2.22525e-08
 Reference value :  2.22725e-08
 Reference value :  2.22875e-08
 Reference value :  2.23025e-08
 Reference value :  2.23175e-08
 Reference value :  2.23375e-08
 Reference value :  2.23575e-08
 Reference value :  2.23725e-08
 Reference value :  2.23875e-08
 Reference value :  2.24025e-08
 Reference value :  2.24225e-08
 Reference value :  2.24425e-08
 Reference value :  2.24575e-08
 Reference value :  2.24725e-08
 Reference value :  2.24875e-08
 Reference value :  2.25025e-08
 Reference value :  2.25175e-08
 Reference value :  2.25375e-08
 Reference value :  2.25575e-08
 Reference value :  2.25825e-08
 Reference value :  2.25975e-08
 Reference value :  2.26125e-08
 Reference value :  2.26325e-08
 Reference value :  2.26525e-08
 Reference value :  2.26725e-08
 Reference value :  2.26875e-08
 Reference value :  2.27025e-08
 Reference value :  2.27225e-08
 Reference value :  2.27425e-08
 Reference value :  2.27625e-08
 Reference value :  2.27775e-08
 Reference value :  2.27975e-08
 Reference value :  2.28175e-08
 Reference value :  2.28375e-08
 Reference value :  2.28575e-08
 Reference value :  2.28775e-08
 Reference value :  2.28925e-08
 Reference value :  2.29125e-08
 Reference value :  2.29275e-08
 Reference value :  2.29425e-08
 Reference value :  2.29575e-08
 Reference value :  2.29775e-08
 Reference value :  2.29975e-08
 Reference value :  2.30125e-08
 Reference value :  2.30275e-08
 Reference value :  2.30425e-08
 Reference value :  2.30575e-08
 Reference value :  2.30775e-08
 Reference value :  2.30925e-08
 Reference value :  2.31125e-08
 Reference value :  2.31325e-08
 Reference value :  2.31475e-08
 Reference value :  2.31675e-08
 Reference value :  2.31825e-08
 Reference value :  2.32025e-08
 Reference value :  2.32175e-08
 Reference value :  2.32375e-08
 Reference value :  2.32575e-08
 Reference value :  2.32775e-08
 Reference value :  2.32925e-08
 Reference value :  2.33075e-08
 Reference value :  2.33225e-08
 Reference value :  2.33375e-08
 Reference value :  2.33575e-08
 Reference value :  2.33775e-08
 Reference value :  2.33975e-08
 Reference value :  2.34125e-08
 Reference value :  2.34325e-08
 Reference value :  2.34525e-08
 Reference value :  2.34725e-08
 Reference value :  2.34925e-08
 Reference value :  2.35125e-08
 Reference value :  2.35275e-08
 Reference value :  2.35425e-08
 Reference value :  2.35575e-08
 Reference value :  2.35725e-08
 Reference value :  2.35925e-08
 Reference value :  2.36125e-08
 Reference value :  2.36275e-08
 Reference value :  2.36475e-08
 Reference value :  2.36775e-08
 Reference value :  2.37025e-08
 Reference value :  2.37225e-08
 Reference value :  2.37425e-08
 Reference value :  2.37625e-08
 Reference value :  2.37775e-08
 Reference value :  2.37925e-08
 Reference value :  2.38075e-08
 Reference value :  2.38275e-08
 Reference value :  2.38425e-08
 Reference value :  2.38575e-08
 Reference value :  2.38775e-08
 Reference value :  2.38975e-08
 Reference value :  2.39125e-08
 Reference value :  2.39325e-08
 Reference value :  2.39475e-08
 Reference value :  2.39675e-08
 Reference value :  2.39825e-08
 Reference value :  2.39975e-08
 Reference value :  2.40175e-08
 Reference value :  2.40325e-08
 Reference value :  2.40525e-08
 Reference value :  2.40725e-08
 Reference value :  2.40925e-08
 Reference value :  2.41125e-08
 Reference value :  2.41275e-08
 Reference value :  2.41425e-08
 Reference value :  2.41625e-08
 Reference value :  2.41825e-08
 Reference value :  2.41975e-08
 Reference value :  2.42175e-08
 Reference value :  2.42325e-08
 Reference value :  2.42525e-08
 Reference value :  2.42725e-08
 Reference value :  2.42875e-08
 Reference value :  2.43075e-08
 Reference value :  2.43225e-08
 Reference value :  2.43425e-08
 Reference value :  2.43625e-08
 Reference value :  2.43825e-08
 Reference value :  2.44025e-08
 Reference value :  2.44225e-08
 Reference value :  2.44425e-08
 Reference value :  2.44625e-08
 Reference value :  2.44825e-08
 Reference value :  2.44975e-08
 Reference value :  2.45125e-08
 Reference value :  2.45275e-08
 Reference value :  2.45425e-08
 Reference value :  2.45625e-08
 Reference value :  2.45775e-08
 Reference value :  2.45925e-08
 Reference value :  2.46075e-08
 Reference value :  2.46275e-08
 Reference value :  2.46475e-08
 Reference value :  2.46625e-08
 Reference value :  2.46825e-08
 Reference value :  2.46975e-08
 Reference value :  2.47175e-08
 Reference value :  2.47325e-08
 Reference value :  2.47475e-08
 Reference value :  2.47625e-08
 Reference value :  2.47825e-08
 Reference value :  2.48025e-08
 Reference value :  2.48225e-08
 Reference value :  2.48375e-08
 Reference value :  2.48575e-08
 Reference value :  2.48725e-08
 Reference value :  2.48875e-08
 Reference value :  2.49075e-08
 Reference value :  2.49325e-08
 Reference value :  2.49525e-08
 Reference value :  2.49675e-08
 Reference value :  2.49825e-08
 Reference value :  2.50025e-08
 Reference value :  2.50225e-08
 Reference value :  2.50425e-08
 Reference value :  2.50625e-08
 Reference value :  2.50825e-08
 Reference value :  2.51025e-08
 Reference value :  2.51225e-08
 Reference value :  2.51375e-08
 Reference value :  2.51525e-08
 Reference value :  2.51675e-08
 Reference value :  2.51875e-08
 Reference value :  2.52125e-08
 Reference value :  2.52325e-08
 Reference value :  2.52475e-08
 Reference value :  2.52625e-08
 Reference value :  2.52775e-08
 Reference value :  2.52925e-08
 Reference value :  2.53125e-08
 Reference value :  2.53325e-08
 Reference value :  2.53475e-08
 Reference value :  2.53675e-08
 Reference value :  2.53825e-08
 Reference value :  2.54025e-08
 Reference value :  2.54225e-08
 Reference value :  2.54425e-08
 Reference value :  2.54575e-08
 Reference value :  2.54725e-08
 Reference value :  2.54925e-08
 Reference value :  2.55125e-08
 Reference value :  2.55275e-08
 Reference value :  2.55425e-08
 Reference value :  2.55575e-08
 Reference value :  2.55775e-08
 Reference value :  2.55975e-08
 Reference value :  2.56125e-08
 Reference value :  2.56275e-08
 Reference value :  2.56425e-08
 Reference value :  2.56625e-08
 Reference value :  2.56825e-08
 Reference value :  2.56975e-08
 Reference value :  2.57175e-08
 Reference value :  2.57375e-08
 Reference value :  2.57575e-08
 Reference value :  2.57775e-08
 Reference value :  2.57975e-08
 Reference value :  2.58175e-08
 Reference value :  2.58375e-08
 Reference value :  2.58525e-08
 Reference value :  2.58675e-08
 Reference value :  2.58875e-08
 Reference value :  2.59075e-08
 Reference value :  2.59225e-08
 Reference value :  2.59425e-08
 Reference value :  2.59625e-08
 Reference value :  2.59825e-08
 Reference value :  2.60025e-08
 Reference value :  2.60225e-08
 Reference value :  2.60425e-08
 Reference value :  2.60625e-08
 Reference value :  2.60775e-08
 Reference value :  2.60925e-08
 Reference value :  2.61075e-08
 Reference value :  2.61225e-08
 Reference value :  2.61425e-08
 Reference value :  2.61675e-08
 Reference value :  2.61925e-08
 Reference value :  2.62175e-08
 Reference value :  2.62375e-08
 Reference value :  2.62625e-08
 Reference value :  2.62775e-08
 Reference value :  2.62975e-08
 Reference value :  2.63125e-08
 Reference value :  2.63275e-08
 Reference value :  2.63475e-08
 Reference value :  2.63675e-08
 Reference value :  2.63875e-08
 Reference value :  2.64025e-08
 Reference value :  2.64225e-08
 Reference value :  2.64375e-08
 Reference value :  2.64575e-08
 Reference value :  2.64725e-08
 Reference value :  2.64875e-08
 Reference value :  2.65075e-08
 Reference value :  2.65275e-08
 Reference value :  2.65475e-08
 Reference value :  2.65625e-08
 Reference value :  2.65825e-08
 Reference value :  2.66025e-08
 Reference value :  2.66175e-08
 Reference value :  2.66325e-08
 Reference value :  2.66475e-08
 Reference value :  2.66675e-08
 Reference value :  2.66875e-08
 Reference value :  2.67025e-08
 Reference value :  2.67225e-08
 Reference value :  2.67375e-08
 Reference value :  2.67525e-08
 Reference value :  2.67675e-08
 Reference value :  2.67875e-08
 Reference value :  2.68025e-08
 Reference value :  2.68225e-08
 Reference value :  2.68425e-08
 Reference value :  2.68575e-08
 Reference value :  2.68775e-08
 Reference value :  2.68975e-08
 Reference value :  2.69175e-08
 Reference value :  2.69375e-08
 Reference value :  2.69525e-08
 Reference value :  2.69675e-08
 Reference value :  2.69825e-08
 Reference value :  2.70025e-08
 Reference value :  2.70175e-08
 Reference value :  2.70375e-08
 Reference value :  2.70575e-08
 Reference value :  2.70725e-08
 Reference value :  2.70925e-08
 Reference value :  2.71125e-08
 Reference value :  2.71325e-08
 Reference value :  2.71525e-08
 Reference value :  2.71725e-08
 Reference value :  2.71875e-08
 Reference value :  2.72075e-08
 Reference value :  2.72275e-08
 Reference value :  2.72475e-08
 Reference value :  2.72625e-08
 Reference value :  2.72825e-08
 Reference value :  2.73025e-08
 Reference value :  2.73175e-08
 Reference value :  2.73375e-08
 Reference value :  2.73575e-08
 Reference value :  2.73725e-08
 Reference value :  2.73875e-08
 Reference value :  2.74025e-08
 Reference value :  2.74175e-08
 Reference value :  2.74375e-08
 Reference value :  2.74625e-08
 Reference value :  2.74875e-08
 Reference value :  2.75075e-08
 Reference value :  2.75275e-08
 Reference value :  2.75525e-08
 Reference value :  2.75675e-08
 Reference value :  2.75825e-08
 Reference value :  2.76025e-08
 Reference value :  2.76175e-08
 Reference value :  2.76375e-08
 Reference value :  2.76575e-08
 Reference value :  2.76775e-08
 Reference value :  2.76975e-08
 Reference value :  2.77175e-08
 Reference value :  2.77325e-08
 Reference value :  2.77525e-08
 Reference value :  2.77675e-08
 Reference value :  2.77875e-08
 Reference value :  2.78075e-08
 Reference value :  2.78275e-08
 Reference value :  2.78475e-08
 Reference value :  2.78625e-08
 Reference value :  2.78825e-08
 Reference value :  2.79025e-08
 Reference value :  2.79225e-08
 Reference value :  2.79375e-08
 Reference value :  2.79575e-08
 Reference value :  2.79725e-08
 Reference value :  2.79875e-08
 Reference value :  2.80075e-08
 Reference value :  2.80275e-08
 Reference value :  2.80475e-08
 Reference value :  2.80625e-08
 Reference value :  2.80825e-08
 Reference value :  2.80975e-08
 Reference value :  2.81225e-08
 Reference value :  2.81375e-08
 Reference value :  2.81525e-08
 Reference value :  2.81725e-08
 Reference value :  2.81925e-08
 Reference value :  2.82075e-08
 Reference value :  2.82275e-08
 Reference value :  2.82475e-08
 Reference value :  2.82675e-08
 Reference value :  2.82875e-08
 Reference value :  2.83075e-08
 Reference value :  2.83225e-08
 Reference value :  2.83425e-08
 Reference value :  2.83575e-08
 Reference value :  2.83775e-08
 Reference value :  2.83925e-08
 Reference value :  2.84075e-08
 Reference value :  2.84275e-08
 Reference value :  2.84525e-08
 Reference value :  2.84725e-08
 Reference value :  2.84925e-08
 Reference value :  2.85075e-08
 Reference value :  2.85325e-08
 Reference value :  2.85525e-08
 Reference value :  2.85775e-08
 Reference value :  2.86025e-08
 Reference value :  2.86225e-08
 Reference value :  2.86475e-08
 Reference value :  2.86725e-08
 Reference value :  2.86925e-08
 Reference value :  2.87125e-08
 Reference value :  2.87275e-08
 Reference value :  2.87425e-08
 Reference value :  2.87625e-08
 Reference value :  2.87775e-08
 Reference value :  2.87975e-08
 Reference value :  2.88125e-08
 Reference value :  2.88325e-08
 Reference value :  2.88525e-08
 Reference value :  2.88675e-08
 Reference value :  2.88875e-08
 Reference value :  2.89075e-08
 Reference value :  2.89225e-08
 Reference value :  2.89375e-08
 Reference value :  2.89575e-08
 Reference value :  2.89725e-08
 Reference value :  2.89925e-08
 Reference value :  2.90125e-08
 Reference value :  2.90275e-08
 Reference value :  2.90475e-08
 Reference value :  2.90625e-08
 Reference value :  2.90775e-08
 Reference value :  2.90925e-08
 Reference value :  2.91125e-08
 Reference value :  2.91275e-08
 Reference value :  2.91525e-08
 Reference value :  2.91675e-08
 Reference value :  2.91825e-08
 Reference value :  2.91975e-08
 Reference value :  2.92175e-08
 Reference value :  2.92375e-08
 Reference value :  2.92575e-08
 Reference value :  2.92775e-08
 Reference value :  2.92925e-08
 Reference value :  2.93125e-08
 Reference value :  2.93275e-08
 Reference value :  2.93475e-08
 Reference value :  2.93625e-08
 Reference value :  2.93825e-08
 Reference value :  2.93975e-08
 Reference value :  2.94175e-08
 Reference value :  2.94325e-08
 Reference value :  2.94475e-08
 Reference value :  2.94675e-08
 Reference value :  2.94875e-08
 Reference value :  2.95025e-08
 Reference value :  2.95225e-08
 Reference value :  2.95425e-08
 Reference value :  2.95625e-08
 Reference value :  2.95875e-08
 Reference value :  2.96075e-08
 Reference value :  2.96275e-08
 Reference value :  2.96425e-08
 Reference value :  2.96575e-08
 Reference value :  2.96775e-08
 Reference value :  2.96975e-08
 Reference value :  2.97125e-08
 Reference value :  2.97325e-08
 Reference value :  2.97475e-08
 Reference value :  2.97675e-08
 Reference value :  2.97875e-08
 Reference value :  2.98025e-08
 Reference value :  2.98225e-08
 Reference value :  2.98375e-08
 Reference value :  2.98575e-08
 Reference value :  2.98775e-08
 Reference value :  2.98925e-08
 Reference value :  2.99075e-08
 Reference value :  2.99225e-08
 Reference value :  2.99375e-08
 Reference value :  2.99575e-08
 Reference value :  2.99775e-08
 Reference value :  2.99925e-08
 Reference value :  3.00125e-08
 Reference value :  3.00275e-08
 Reference value :  3.00475e-08
 Reference value :  3.00625e-08
 Reference value :  3.00875e-08
 Reference value :  3.01075e-08
 Reference value :  3.01225e-08
 Reference value :  3.01425e-08
 Reference value :  3.01625e-08
 Reference value :  3.01825e-08
 Reference value :  3.02025e-08
 Reference value :  3.02225e-08
 Reference value :  3.02375e-08
 Reference value :  3.02525e-08
 Reference value :  3.02725e-08
 Reference value :  3.02875e-08
 Reference value :  3.03025e-08
 Reference value :  3.03225e-08
 Reference value :  3.03425e-08
 Reference value :  3.03575e-08
 Reference value :  3.03725e-08
 Reference value :  3.03875e-08
 Reference value :  3.04075e-08
 Reference value :  3.04275e-08
 Reference value :  3.04475e-08
 Reference value :  3.04675e-08
 Reference value :  3.04875e-08
 Reference value :  3.05025e-08
 Reference value :  3.05225e-08
 Reference value :  3.05425e-08
 Reference value :  3.05625e-08
 Reference value :  3.05775e-08
 Reference value :  3.05925e-08
 Reference value :  3.06075e-08
 Reference value :  3.06275e-08
 Reference value :  3.06425e-08
 Reference value :  3.06575e-08
 Reference value :  3.06725e-08
 Reference value :  3.06875e-08
 Reference value :  3.07075e-08
 Reference value :  3.07225e-08
 Reference value :  3.07375e-08
 Reference value :  3.07575e-08
 Reference value :  3.07775e-08
 Reference value :  3.07975e-08
 Reference value :  3.08125e-08
 Reference value :  3.08275e-08
 Reference value :  3.08425e-08
 Reference value :  3.08675e-08
 Reference value :  3.08875e-08
 Reference value :  3.09125e-08
 Reference value :  3.09325e-08
 Reference value :  3.09475e-08
 Reference value :  3.09625e-08
 Reference value :  3.09875e-08
 Reference value :  3.10075e-08
 Reference value :  3.10325e-08
 Reference value :  3.10475e-08
 Reference value :  3.10675e-08
 Reference value :  3.10875e-08
 Reference value :  3.11075e-08
 Reference value :  3.11275e-08
 Reference value :  3.11475e-08
 Reference value :  3.11625e-08
 Reference value :  3.11775e-08
 Reference value :  3.11925e-08
 Reference value :  3.12125e-08
 Reference value :  3.12325e-08
 Reference value :  3.12525e-08
 Reference value :  3.12725e-08
 Reference value :  3.12875e-08
 Reference value :  3.13025e-08
 Reference value :  3.13175e-08
 Reference value :  3.13325e-08
 Reference value :  3.13475e-08
 Reference value :  3.13625e-08
 Reference value :  3.13775e-08
 Reference value :  3.13975e-08
 Reference value :  3.14175e-08
 Reference value :  3.14375e-08
 Reference value :  3.14525e-08
 Reference value :  3.14725e-08
 Reference value :  3.14875e-08
 Reference value :  3.15075e-08
 Reference value :  3.15225e-08
 Reference value :  3.15425e-08
 Reference value :  3.15625e-08
 Reference value :  3.15825e-08
 Reference value :  3.16025e-08
 Reference value :  3.16175e-08
 Reference value :  3.16375e-08
 Reference value :  3.16575e-08
 Reference value :  3.16775e-08
 Reference value :  3.16975e-08
 Reference value :  3.17175e-08
 Reference value :  3.17325e-08
 Reference value :  3.17525e-08
 Reference value :  3.17675e-08
 Reference value :  3.17825e-08
 Reference value :  3.18025e-08
 Reference value :  3.18175e-08
 Reference value :  3.18375e-08
 Reference value :  3.18575e-08
 Reference value :  3.18775e-08
 Reference value :  3.18975e-08
 Reference value :  3.19175e-08
 Reference value :  3.19375e-08
 Reference value :  3.19575e-08
 Reference value :  3.19725e-08
 Reference value :  3.19875e-08
 Reference value :  3.20075e-08
 Reference value :  3.20275e-08
 Reference value :  3.20425e-08
 Reference value :  3.20575e-08
 Reference value :  3.20775e-08
 Reference value :  3.20925e-08
 Reference value :  3.21075e-08
 Reference value :  3.21225e-08
 Reference value :  3.21425e-08
 Reference value :  3.21625e-08
 Reference value :  3.21775e-08
 Reference value :  3.21975e-08
 Reference value :  3.22175e-08
 Reference value :  3.22375e-08
 Reference value :  3.22525e-08
 Reference value :  3.22675e-08
 Reference value :  3.22825e-08
 Reference value :  3.22975e-08
 Reference value :  3.23175e-08
 Reference value :  3.23325e-08
 Reference value :  3.23525e-08
 Reference value :  3.23725e-08
 Reference value :  3.23925e-08
 Reference value :  3.24125e-08
 Reference value :  3.24325e-08
 Reference value :  3.24475e-08
 Reference value :  3.24675e-08
 Reference value :  3.24825e-08
 Reference value :  3.24975e-08
 Reference value :  3.25175e-08
 Reference value :  3.25375e-08
 Reference value :  3.25525e-08
 Reference value :  3.25675e-08
 Reference value :  3.25875e-08
 Reference value :  3.26025e-08
 Reference value :  3.26225e-08
 Reference value :  3.26375e-08
 Reference value :  3.26575e-08
 Reference value :  3.26725e-08
 Reference value :  3.26925e-08
 Reference value :  3.27175e-08
 Reference value :  3.27425e-08
 Reference value :  3.27625e-08
 Reference value :  3.27775e-08
 Reference value :  3.27975e-08
 Reference value :  3.28125e-08
 Reference value :  3.28275e-08
 Reference value :  3.28475e-08
 Reference value :  3.28675e-08
 Reference value :  3.28925e-08
 Reference value :  3.29175e-08
 Reference value :  3.29425e-08
 Reference value :  3.29575e-08
 Reference value :  3.29775e-08
 Reference value :  3.29975e-08
 Reference value :  3.30175e-08
 Reference value :  3.30375e-08
 Reference value :  3.30575e-08
 Reference value :  3.30725e-08
 Reference value :  3.30875e-08
 Reference value :  3.31025e-08
 Reference value :  3.31175e-08
 Reference value :  3.31375e-08
 Reference value :  3.31575e-08
 Reference value :  3.31725e-08
 Reference value :  3.31925e-08
 Reference value :  3.32125e-08
 Reference value :  3.32275e-08
 Reference value :  3.32475e-08
 Reference value :  3.32675e-08
 Reference value :  3.32875e-08
 Reference value :  3.33025e-08
 Reference value :  3.33225e-08
 Reference value :  3.33375e-08
 Reference value :  3.33575e-08
 Reference value :  3.33775e-08
 Reference value :  3.33975e-08
 Reference value :  3.34125e-08
 Reference value :  3.34275e-08
 Reference value :  3.34525e-08
 Reference value :  3.34725e-08
 Reference value :  3.34925e-08
 Reference value :  3.35175e-08
 Reference value :  3.35375e-08
 Reference value :  3.35525e-08
 Reference value :  3.35725e-08
 Reference value :  3.35925e-08
 Reference value :  3.36125e-08
 Reference value :  3.36325e-08
 Reference value :  3.36475e-08
 Reference value :  3.36625e-08
 Reference value :  3.36825e-08
 Reference value :  3.37025e-08
 Reference value :  3.37225e-08
 Reference value :  3.37425e-08
 Reference value :  3.37575e-08
 Reference value :  3.37725e-08
 Reference value :  3.37925e-08
 Reference value :  3.38125e-08
 Reference value :  3.38325e-08
 Reference value :  3.38525e-08
 Reference value :  3.38675e-08
 Reference value :  3.38825e-08
 Reference value :  3.38975e-08
 Reference value :  3.39125e-08
 Reference value :  3.39325e-08
 Reference value :  3.39525e-08
 Reference value :  3.39675e-08
 Reference value :  3.39825e-08
 Reference value :  3.40025e-08
 Reference value :  3.40175e-08
 Reference value :  3.40325e-08
 Reference value :  3.40525e-08
 Reference value :  3.40725e-08
 Reference value :  3.40875e-08
 Reference value :  3.41075e-08
 Reference value :  3.41225e-08
 Reference value :  3.41425e-08
 Reference value :  3.41625e-08
 Reference value :  3.41825e-08
 Reference value :  3.42075e-08
 Reference value :  3.42325e-08
 Reference value :  3.42575e-08
 Reference value :  3.42725e-08
 Reference value :  3.42925e-08
 Reference value :  3.43125e-08
 Reference value :  3.43275e-08
 Reference value :  3.43425e-08
 Reference value :  3.43575e-08
 Reference value :  3.43725e-08
 Reference value :  3.43875e-08
 Reference value :  3.44025e-08
 Reference value :  3.44225e-08
 Reference value :  3.44425e-08
 Reference value :  3.44625e-08
 Reference value :  3.44775e-08
 Reference value :  3.44925e-08
 Reference value :  3.45125e-08
 Reference value :  3.45325e-08
 Reference value :  3.45525e-08
 Reference value :  3.45725e-08
 Reference value :  3.45925e-08
 Reference value :  3.46125e-08
 Reference value :  3.46275e-08
 Reference value :  3.46475e-08
 Reference value :  3.46675e-08
 Reference value :  3.46875e-08
 Reference value :  3.47075e-08
 Reference value :  3.47225e-08
 Reference value :  3.47425e-08
 Reference value :  3.47675e-08
 Reference value :  3.47875e-08
 Reference value :  3.48075e-08
 Reference value :  3.48275e-08
 Reference value :  3.48425e-08
 Reference value :  3.48625e-08
 Reference value :  3.48775e-08
 Reference value :  3.48975e-08
 Reference value :  3.49125e-08
 Reference value :  3.49325e-08
 Reference value :  3.49525e-08
 Reference value :  3.49725e-08
 Reference value :  3.49925e-08
 Reference value :  3.50075e-08
 Reference value :  3.50275e-08
 Reference value :  3.50425e-08
 Reference value :  3.50625e-08
 Reference value :  3.50825e-08
 Reference value :  3.51025e-08
 Reference value :  3.51225e-08
 Reference value :  3.51375e-08
 Reference value :  3.51575e-08
 Reference value :  3.51825e-08
 Reference value :  3.52025e-08
 Reference value :  3.52225e-08
 Reference value :  3.52375e-08
 Reference value :  3.52525e-08
 Reference value :  3.52675e-08
 Reference value :  3.52875e-08
 Reference value :  3.53125e-08
 Reference value :  3.53325e-08
 Reference value :  3.53525e-08
 Reference value :  3.53675e-08
 Reference value :  3.53825e-08
 Reference value :  3.54025e-08
 Reference value :  3.54175e-08
 Reference value :  3.54375e-08
 Reference value :  3.54575e-08
 Reference value :  3.54725e-08
 Reference value :  3.54925e-08
 Reference value :  3.55075e-08
 Reference value :  3.55275e-08
 Reference value :  3.55475e-08
 Reference value :  3.55675e-08
 Reference value :  3.55825e-08
 Reference value :  3.56025e-08
 Reference value :  3.56175e-08
 Reference value :  3.56375e-08
 Reference value :  3.56575e-08
 Reference value :  3.56775e-08
 Reference value :  3.56975e-08
 Reference value :  3.57175e-08
 Reference value :  3.57425e-08
 Reference value :  3.57625e-08
 Reference value :  3.57825e-08
 Reference value :  3.58025e-08
 Reference value :  3.58175e-08
 Reference value :  3.58325e-08
 Reference value :  3.58475e-08
 Reference value :  3.58625e-08
 Reference value :  3.58825e-08
 Reference value :  3.59025e-08
 Reference value :  3.59225e-08
 Reference value :  3.59425e-08
 Reference value :  3.59625e-08
 Reference value :  3.59825e-08
 Reference value :  3.59975e-08
 Reference value :  3.60125e-08
 Reference value :  3.60325e-08
 Reference value :  3.60475e-08
 Reference value :  3.60675e-08
 Reference value :  3.60875e-08
 Reference value :  3.61025e-08
 Reference value :  3.61225e-08
 Reference value :  3.61375e-08
 Reference value :  3.61575e-08
 Reference value :  3.61725e-08
 Reference value :  3.61875e-08
 Reference value :  3.62075e-08
 Reference value :  3.62225e-08
 Reference value :  3.62425e-08
 Reference value :  3.62575e-08
 Reference value :  3.62775e-08
 Reference value :  3.62925e-08
 Reference value :  3.63075e-08
 Reference value :  3.63225e-08
 Reference value :  3.63425e-08
 Reference value :  3.63625e-08
 Reference value :  3.63775e-08
 Reference value :  3.63975e-08
 Reference value :  3.64125e-08
 Reference value :  3.64325e-08
 Reference value :  3.64525e-08
 Reference value :  3.64775e-08
 Reference value :  3.64975e-08
 Reference value :  3.65175e-08
 Reference value :  3.65325e-08
 Reference value :  3.65475e-08
 Reference value :  3.65625e-08
 Reference value :  3.65825e-08
 Reference value :  3.65975e-08
 Reference value :  3.66175e-08
 Reference value :  3.66325e-08
 Reference value :  3.66475e-08
 Reference value :  3.66625e-08
 Reference value :  3.66825e-08
 Reference value :  3.67025e-08
 Reference value :  3.67225e-08
 Reference value :  3.67425e-08
 Reference value :  3.67575e-08
 Reference value :  3.67775e-08
 Reference value :  3.67925e-08
 Reference value :  3.68075e-08
 Reference value :  3.68225e-08
 Reference value :  3.68425e-08
 Reference value :  3.68575e-08
 Reference value :  3.68725e-08
 Reference value :  3.68875e-08
 Reference value :  3.69025e-08
 Reference value :  3.69175e-08
 Reference value :  3.69375e-08
 Reference value :  3.69575e-08
 Reference value :  3.69775e-08
 Reference value :  3.69925e-08
 Reference value :  3.70075e-08
 Reference value :  3.70275e-08
 Reference value :  3.70475e-08
 Reference value :  3.70625e-08
 Reference value :  3.70825e-08
 Reference value :  3.70975e-08
 Reference value :  3.71175e-08
 Reference value :  3.71325e-08
 Reference value :  3.71475e-08
 Reference value :  3.71725e-08
 Reference value :  3.71925e-08
 Reference value :  3.72175e-08
 Reference value :  3.72425e-08
 Reference value :  3.72625e-08
 Reference value :  3.72875e-08
 Reference value :  3.73075e-08
 Reference value :  3.73275e-08
 Reference value :  3.73425e-08
 Reference value :  3.73625e-08
 Reference value :  3.73825e-08
 Reference value :  3.73975e-08
 Reference value :  3.74175e-08
 Reference value :  3.74425e-08
 Reference value :  3.74625e-08
 Reference value :  3.74775e-08
 Reference value :  3.74975e-08
 Reference value :  3.75125e-08
 Reference value :  3.75325e-08
 Reference value :  3.75475e-08
 Reference value :  3.75675e-08
 Reference value :  3.75875e-08
 Reference value :  3.76075e-08
 Reference value :  3.76225e-08
 Reference value :  3.76425e-08
 Reference value :  3.76625e-08
 Reference value :  3.76825e-08
 Reference value :  3.77025e-08
 Reference value :  3.77225e-08
 Reference value :  3.77425e-08
 Reference value :  3.77575e-08
 Reference value :  3.77775e-08
 Reference value :  3.77925e-08
 Reference value :  3.78075e-08
 Reference value :  3.78225e-08
 Reference value :  3.78475e-08
 Reference value :  3.78675e-08
 Reference value :  3.78875e-08
 Reference value :  3.79075e-08
 Reference value :  3.79225e-08
 Reference value :  3.79425e-08
 Reference value :  3.79625e-08
 Reference value :  3.79825e-08
 Reference value :  3.79975e-08
 Reference value :  3.80175e-08
 Reference value :  3.80325e-08
 Reference value :  3.80525e-08
 Reference value :  3.80725e-08
 Reference value :  3.80925e-08
 Reference value :  3.81125e-08
 Reference value :  3.81275e-08
 Reference value :  3.81475e-08
 Reference value :  3.81725e-08
 Reference value :  3.81925e-08
 Reference value :  3.82175e-08
 Reference value :  3.82425e-08
 Reference value :  3.82625e-08
 Reference value :  3.82825e-08
 Reference value :  3.83025e-08
 Reference value :  3.83225e-08
 Reference value :  3.83375e-08
 Reference value :  3.83525e-08
 Reference value :  3.83725e-08
 Reference value :  3.83925e-08
 Reference value :  3.84125e-08
 Reference value :  3.84375e-08
 Reference value :  3.84625e-08
 Reference value :  3.84825e-08
 Reference value :  3.85075e-08
 Reference value :  3.85275e-08
 Reference value :  3.85475e-08
 Reference value :  3.85675e-08
 Reference value :  3.85875e-08
 Reference value :  3.86075e-08
 Reference value :  3.86225e-08
 Reference value :  3.86425e-08
 Reference value :  3.86625e-08
 Reference value :  3.86825e-08
 Reference value :  3.86975e-08
 Reference value :  3.87175e-08
 Reference value :  3.87375e-08
 Reference value :  3.87575e-08
 Reference value :  3.87725e-08
 Reference value :  3.87875e-08
 Reference value :  3.88125e-08
 Reference value :  3.88325e-08
 Reference value :  3.88525e-08
 Reference value :  3.88725e-08
 Reference value :  3.88925e-08
 Reference value :  3.89075e-08
 Reference value :  3.89275e-08
 Reference value :  3.89475e-08
 Reference value :  3.89675e-08
 Reference value :  3.89825e-08
 Reference value :  3.90025e-08
 Reference value :  3.90225e-08
 Reference value :  3.90475e-08
 Reference value :  3.90675e-08
 Reference value :  3.90925e-08
 Reference value :  3.91125e-08
 Reference value :  3.91275e-08
 Reference value :  3.91475e-08
 Reference value :  3.91675e-08
 Reference value :  3.91875e-08
 Reference value :  3.92075e-08
 Reference value :  3.92225e-08
 Reference value :  3.92375e-08
 Reference value :  3.92575e-08
 Reference value :  3.92725e-08
 Reference value :  3.92875e-08
 Reference value :  3.93075e-08
 Reference value :  3.93225e-08
 Reference value :  3.93425e-08
 Reference value :  3.93625e-08
 Reference value :  3.93825e-08
 Reference value :  3.94025e-08
 Reference value :  3.94175e-08
 Reference value :  3.94325e-08
 Reference value :  3.94525e-08
 Reference value :  3.94725e-08
 Reference value :  3.94925e-08
 Reference value :  3.95125e-08
 Reference value :  3.95375e-08
 Reference value :  3.95575e-08
 Reference value :  3.95775e-08
 Reference value :  3.95975e-08
 Reference value :  3.96175e-08
 Reference value :  3.96375e-08
 Reference value :  3.96575e-08
 Reference value :  3.96775e-08
 Reference value :  3.96925e-08
 Reference value :  3.97125e-08
 Reference value :  3.97275e-08
 Reference value :  3.97425e-08
 Reference value :  3.97575e-08
 Reference value :  3.97775e-08
 Reference value :  3.97925e-08
 Reference value :  3.98075e-08
 Reference value :  3.98225e-08
 Reference value :  3.98375e-08
 Reference value :  3.98525e-08
 Reference value :  3.98675e-08
 Reference value :  3.98875e-08
 Reference value :  3.99075e-08
 Reference value :  3.99225e-08
 Reference value :  3.99425e-08
 Reference value :  3.99625e-08
 Reference value :  3.99825e-08
 Reference value :  4.00025e-08
 Reference value :  4.00225e-08
 Reference value :  4.00425e-08
 Reference value :  4.00625e-08
 Reference value :  4.00775e-08
 Reference value :  4.00975e-08
 Reference value :  4.01175e-08
 Reference value :  4.01325e-08
 Reference value :  4.01525e-08
 Reference value :  4.01725e-08
 Reference value :  4.01925e-08
 Reference value :  4.02075e-08
 Reference value :  4.02275e-08
 Reference value :  4.02425e-08
 Reference value :  4.02625e-08
 Reference value :  4.02825e-08
 Reference value :  4.03025e-08
 Reference value :  4.03275e-08
 Reference value :  4.03475e-08
 Reference value :  4.03675e-08
 Reference value :  4.03925e-08
 Reference value :  4.04075e-08
 Reference value :  4.04275e-08
 Reference value :  4.04475e-08
 Reference value :  4.04725e-08
 Reference value :  4.04925e-08
 Reference value :  4.05125e-08
 Reference value :  4.05275e-08
 Reference value :  4.05425e-08
 Reference value :  4.05625e-08
 Reference value :  4.05825e-08
 Reference value :  4.06025e-08
 Reference value :  4.06225e-08
 Reference value :  4.06425e-08
 Reference value :  4.06625e-08
 Reference value :  4.06775e-08
 Reference value :  4.06975e-08
 Reference value :  4.07175e-08
 Reference value :  4.07375e-08
 Reference value :  4.07575e-08
 Reference value :  4.07775e-08
 Reference value :  4.07975e-08
 Reference value :  4.08175e-08
 Reference value :  4.08425e-08
 Reference value :  4.08675e-08
 Reference value :  4.08925e-08
 Reference value :  4.09125e-08
 Reference value :  4.09275e-08
 Reference value :  4.09475e-08
 Reference value :  4.09675e-08
 Reference value :  4.09925e-08
 Reference value :  4.10125e-08
 Reference value :  4.10375e-08
 Reference value :  4.10575e-08
 Reference value :  4.10825e-08
 Reference value :  4.11075e-08
 Reference value :  4.11275e-08
 Reference value :  4.11475e-08
 Reference value :  4.11675e-08
 Reference value :  4.11875e-08
 Reference value :  4.12125e-08
 Reference value :  4.12325e-08
 Reference value :  4.12525e-08
 Reference value :  4.12725e-08
 Reference value :  4.12925e-08
 Reference value :  4.13125e-08
 Reference value :  4.13375e-08
 Reference value :  4.13575e-08
 Reference value :  4.13775e-08
 Reference value :  4.14025e-08
 Reference value :  4.14225e-08
 Reference value :  4.14425e-08
 Reference value :  4.14725e-08
 Reference value :  4.14925e-08
 Reference value :  4.15125e-08
 Reference value :  4.15325e-08
 Reference value :  4.15525e-08
 Reference value :  4.15725e-08
 Reference value :  4.15975e-08
 Reference value :  4.16225e-08
 Reference value :  4.16425e-08
 Reference value :  4.16625e-08
 Reference value :  4.16775e-08
 Reference value :  4.16925e-08
 Reference value :  4.17075e-08
 Reference value :  4.17325e-08
 Reference value :  4.17575e-08
 Reference value :  4.17825e-08
 Reference value :  4.17975e-08
 Reference value :  4.18125e-08
 Reference value :  4.18325e-08
 Reference value :  4.18575e-08
 Reference value :  4.18775e-08
 Reference value :  4.19025e-08
 Reference value :  4.19225e-08
 Reference value :  4.19375e-08
 Reference value :  4.19525e-08
 Reference value :  4.19675e-08
 Reference value :  4.19825e-08
 Reference value :  4.19975e-08
 Reference value :  4.20175e-08
 Reference value :  4.20375e-08
 Reference value :  4.20575e-08
 Reference value :  4.20775e-08
 Reference value :  4.20975e-08
 Reference value :  4.21175e-08
 Reference value :  4.21375e-08
 Reference value :  4.21575e-08
 Reference value :  4.21725e-08
 Reference value :  4.21875e-08
 Reference value :  4.22075e-08
 Reference value :  4.22275e-08
 Reference value :  4.22475e-08
 Reference value :  4.22675e-08
 Reference value :  4.22875e-08
 Reference value :  4.23025e-08
 Reference value :  4.23225e-08
 Reference value :  4.23425e-08
 Reference value :  4.23625e-08
 Reference value :  4.23825e-08
 Reference value :  4.23975e-08
 Reference value :  4.24175e-08
 Reference value :  4.24325e-08
 Reference value :  4.24525e-08
 Reference value :  4.24725e-08
 Reference value :  4.24925e-08
 Reference value :  4.25175e-08
 Reference value :  4.25375e-08
 Reference value :  4.25575e-08
 Reference value :  4.25725e-08
 Reference value :  4.25925e-08
 Reference value :  4.26125e-08
 Reference value :  4.26325e-08
 Reference value :  4.26525e-08
 Reference value :  4.26775e-08
 Reference value :  4.26975e-08
 Reference value :  4.27175e-08
 Reference value :  4.27375e-08
 Reference value :  4.27575e-08
 Reference value :  4.27775e-08
 Reference value :  4.27975e-08
 Reference value :  4.28125e-08
 Reference value :  4.28275e-08
 Reference value :  4.28425e-08
 Reference value :  4.28625e-08
 Reference value :  4.28775e-08
 Reference value :  4.28925e-08
 Reference value :  4.29125e-08
 Reference value :  4.29325e-08
 Reference value :  4.29525e-08
 Reference value :  4.29775e-08
 Reference value :  4.30025e-08
 Reference value :  4.30275e-08
 Reference value :  4.30475e-08
 Reference value :  4.30675e-08
 Reference value :  4.30875e-08
 Reference value :  4.31075e-08
 Reference value :  4.31275e-08
 Reference value :  4.31475e-08
 Reference value :  4.31675e-08
 Reference value :  4.31925e-08
 Reference value :  4.32175e-08
 Reference value :  4.32375e-08
 Reference value :  4.32625e-08
 Reference value :  4.32825e-08
 Reference value :  4.33025e-08
 Reference value :  4.33225e-08
 Reference value :  4.33425e-08
 Reference value :  4.33625e-08
 Reference value :  4.33875e-08
 Reference value :  4.34075e-08
 Reference value :  4.34275e-08
 Reference value :  4.34475e-08
 Reference value :  4.34625e-08
 Reference value :  4.34825e-08
 Reference value :  4.35025e-08
 Reference value :  4.35225e-08
 Reference value :  4.35475e-08
 Reference value :  4.35725e-08
 Reference value :  4.35925e-08
 Reference value :  4.36125e-08
 Reference value :  4.36275e-08
 Reference value :  4.36475e-08
 Reference value :  4.36675e-08
 Reference value :  4.36825e-08
 Reference value :  4.36975e-08
 Reference value :  4.37125e-08
 Reference value :  4.37325e-08
 Reference value :  4.37525e-08
 Reference value :  4.37725e-08
 Reference value :  4.37875e-08
 Reference value :  4.38075e-08
 Reference value :  4.38275e-08
 Reference value :  4.38475e-08
 Reference value :  4.38675e-08
 Reference value :  4.38875e-08
 Reference value :  4.39025e-08
 Reference value :  4.39175e-08
 Reference value :  4.39425e-08
 Reference value :  4.39575e-08
 Reference value :  4.39775e-08
 Reference value :  4.39925e-08
 Reference value :  4.40125e-08
 Reference value :  4.40375e-08
 Reference value :  4.40575e-08
 Reference value :  4.40775e-08
 Reference value :  4.40975e-08
 Reference value :  4.41175e-08
 Reference value :  4.41325e-08
 Reference value :  4.41475e-08
 Reference value :  4.41625e-08
 Reference value :  4.41825e-08
 Reference value :  4.41975e-08
 Reference value :  4.42125e-08
 Reference value :  4.42375e-08
 Reference value :  4.42575e-08
 Reference value :  4.42725e-08
 Reference value :  4.42925e-08
 Reference value :  4.43075e-08
 Reference value :  4.43225e-08
 Reference value :  4.43375e-08
 Reference value :  4.43525e-08
 Reference value :  4.43725e-08
 Reference value :  4.43925e-08
 Reference value :  4.44175e-08
 Reference value :  4.44425e-08
 Reference value :  4.44625e-08
 Reference value :  4.44775e-08
 Reference value :  4.44975e-08
 Reference value :  4.45125e-08
 Reference value :  4.45325e-08
 Reference value :  4.45475e-08
 Reference value :  4.45625e-08
 Reference value :  4.45825e-08
 Reference value :  4.46025e-08
 Reference value :  4.46225e-08
 Reference value :  4.46425e-08
 Reference value :  4.46575e-08
 Reference value :  4.46725e-08
 Reference value :  4.46875e-08
 Reference value :  4.47025e-08
 Reference value :  4.47175e-08
 Reference value :  4.47375e-08
 Reference value :  4.47575e-08
 Reference value :  4.47725e-08
 Reference value :  4.47925e-08
 Reference value :  4.48125e-08
 Reference value :  4.48275e-08
 Reference value :  4.48475e-08
 Reference value :  4.48675e-08
 Reference value :  4.48875e-08
 Reference value :  4.49025e-08
 Reference value :  4.49225e-08
 Reference value :  4.49425e-08
 Reference value :  4.49675e-08
 Reference value :  4.49875e-08
 Reference value :  4.50075e-08
 Reference value :  4.50275e-08
 Reference value :  4.50475e-08
 Reference value :  4.50675e-08
 Reference value :  4.50925e-08
No. of Data Rows : 9034
Note: Simulation executed from .control section 
