
Note: Compatibility modes selected: hs a


Circuit: * comparator-decision regen-time sweep -- vindiff=10mv corner=tt temp=27.0c (issue #9)

option SCALE: Scale is set to 1e-06 for instance and model parameters
option SCALE: Scale is set to 1e-06 for instance and model parameters
option SCALE: Scale is set to 1e-06 for instance and model parameters
option SCALE: Scale is set to 1e-06 for instance and model parameters
Doing analysis at TEMP = 27.000000 and TNOM = 27.000000

Using KLU as Direct Linear Solver
 Reference value :  0.00000e+00
 Reference value :  4.00000e-13
 Reference value :  1.14000e-11
 Reference value :  3.14000e-11
 Reference value :  5.14000e-11
 Reference value :  7.14000e-11
 Reference value :  9.14000e-11
 Reference value :  1.11400e-10
 Reference value :  1.31400e-10
 Reference value :  1.51400e-10
 Reference value :  1.76400e-10
 Reference value :  1.91400e-10
 Reference value :  2.06400e-10
 Reference value :  2.26400e-10
 Reference value :  2.46400e-10
 Reference value :  2.61400e-10
 Reference value :  2.76400e-10
 Reference value :  2.96400e-10
 Reference value :  3.11400e-10
 Reference value :  3.31400e-10
 Reference value :  3.46400e-10
 Reference value :  3.66400e-10
 Reference value :  3.81400e-10
 Reference value :  3.96400e-10
 Reference value :  4.11400e-10
 Reference value :  4.31400e-10
 Reference value :  4.51400e-10
 Reference value :  4.66400e-10
 Reference value :  4.81400e-10
 Reference value :  4.96400e-10
 Reference value :  5.11400e-10
 Reference value :  5.31400e-10
 Reference value :  5.51400e-10
 Reference value :  5.71400e-10
 Reference value :  5.91400e-10
 Reference value :  6.06400e-10
 Reference value :  6.21400e-10
 Reference value :  6.41400e-10
 Reference value :  6.56400e-10
 Reference value :  6.71400e-10
 Reference value :  6.86400e-10
 Reference value :  7.06400e-10
 Reference value :  7.21400e-10
 Reference value :  7.41400e-10
 Reference value :  7.56400e-10
 Reference value :  7.71400e-10
 Reference value :  7.91400e-10
 Reference value :  8.06400e-10
 Reference value :  8.21400e-10
 Reference value :  8.36400e-10
 Reference value :  8.51400e-10
 Reference value :  8.66400e-10
 Reference value :  8.81400e-10
 Reference value :  9.01400e-10
 Reference value :  9.21400e-10
 Reference value :  9.36400e-10
 Reference value :  9.51400e-10
 Reference value :  9.71400e-10
 Reference value :  9.86400e-10
 Reference value :  1.00140e-09
 Reference value :  1.02140e-09
 Reference value :  1.03640e-09
 Reference value :  1.05140e-09
 Reference value :  1.06640e-09
 Reference value :  1.08140e-09
 Reference value :  1.09640e-09
 Reference value :  1.11140e-09
 Reference value :  1.12640e-09
 Reference value :  1.14140e-09
 Reference value :  1.15640e-09
 Reference value :  1.17640e-09
 Reference value :  1.19640e-09
 Reference value :  1.21140e-09
 Reference value :  1.22640e-09
 Reference value :  1.24140e-09
 Reference value :  1.25640e-09
 Reference value :  1.27640e-09
 Reference value :  1.29640e-09
 Reference value :  1.31140e-09
 Reference value :  1.32640e-09
 Reference value :  1.34140e-09
 Reference value :  1.36140e-09
 Reference value :  1.37640e-09
 Reference value :  1.39640e-09
 Reference value :  1.41140e-09
 Reference value :  1.42640e-09
 Reference value :  1.44640e-09
 Reference value :  1.46640e-09
 Reference value :  1.48140e-09
 Reference value :  1.49640e-09
 Reference value :  1.51140e-09
 Reference value :  1.52640e-09
 Reference value :  1.54140e-09
 Reference value :  1.55640e-09
 Reference value :  1.57140e-09
 Reference value :  1.58640e-09
 Reference value :  1.60140e-09
 Reference value :  1.62140e-09
 Reference value :  1.63640e-09
 Reference value :  1.65140e-09
 Reference value :  1.66640e-09
 Reference value :  1.68140e-09
 Reference value :  1.69640e-09
 Reference value :  1.71140e-09
 Reference value :  1.73140e-09
 Reference value :  1.75140e-09
 Reference value :  1.76640e-09
 Reference value :  1.78640e-09
 Reference value :  1.80140e-09
 Reference value :  1.81640e-09
 Reference value :  1.83640e-09
 Reference value :  1.85140e-09
 Reference value :  1.86640e-09
 Reference value :  1.88140e-09
 Reference value :  1.89640e-09
 Reference value :  1.91140e-09
 Reference value :  1.92640e-09
 Reference value :  1.94140e-09
 Reference value :  1.95640e-09
 Reference value :  1.97140e-09
 Reference value :  1.98640e-09
 Reference value :  2.00140e-09
 Reference value :  2.01640e-09
 Reference value :  2.03140e-09
 Reference value :  2.04640e-09
 Reference value :  2.06140e-09
 Reference value :  2.07640e-09
 Reference value :  2.09140e-09
 Reference value :  2.10640e-09
 Reference value :  2.12640e-09
 Reference value :  2.14640e-09
 Reference value :  2.16140e-09
 Reference value :  2.17640e-09
 Reference value :  2.19640e-09
 Reference value :  2.21140e-09
 Reference value :  2.22640e-09
 Reference value :  2.24140e-09
 Reference value :  2.26140e-09
 Reference value :  2.27640e-09
 Reference value :  2.29140e-09
 Reference value :  2.31140e-09
 Reference value :  2.32640e-09
 Reference value :  2.34140e-09
 Reference value :  2.36140e-09
 Reference value :  2.38140e-09
 Reference value :  2.39640e-09
 Reference value :  2.41640e-09
 Reference value :  2.43640e-09
 Reference value :  2.45640e-09
 Reference value :  2.47140e-09
 Reference value :  2.48640e-09
 Reference value :  2.50140e-09
 Reference value :  2.52140e-09
 Reference value :  2.54140e-09
 Reference value :  2.55640e-09
 Reference value :  2.57140e-09
 Reference value :  2.58640e-09
 Reference value :  2.60140e-09
 Reference value :  2.61640e-09
 Reference value :  2.63640e-09
 Reference value :  2.65140e-09
 Reference value :  2.66640e-09
 Reference value :  2.68140e-09
 Reference value :  2.70140e-09
 Reference value :  2.71640e-09
 Reference value :  2.73140e-09
 Reference value :  2.74640e-09
 Reference value :  2.76140e-09
 Reference value :  2.77640e-09
 Reference value :  2.79640e-09
 Reference value :  2.81140e-09
 Reference value :  2.83140e-09
 Reference value :  2.84640e-09
 Reference value :  2.86640e-09
 Reference value :  2.88140e-09
 Reference value :  2.89640e-09
 Reference value :  2.91140e-09
 Reference value :  2.93140e-09
 Reference value :  2.94640e-09
 Reference value :  2.96140e-09
 Reference value :  2.98140e-09
 Reference value :  3.00140e-09
 Reference value :  3.01640e-09
 Reference value :  3.03140e-09
 Reference value :  3.04640e-09
 Reference value :  3.06140e-09
 Reference value :  3.07640e-09
 Reference value :  3.09140e-09
 Reference value :  3.10640e-09
 Reference value :  3.12140e-09
 Reference value :  3.14140e-09
 Reference value :  3.16140e-09
 Reference value :  3.17640e-09
 Reference value :  3.19140e-09
 Reference value :  3.20640e-09
 Reference value :  3.22140e-09
 Reference value :  3.23640e-09
 Reference value :  3.25640e-09
 Reference value :  3.27140e-09
 Reference value :  3.28640e-09
 Reference value :  3.30640e-09
 Reference value :  3.32640e-09
 Reference value :  3.34640e-09
 Reference value :  3.36140e-09
 Reference value :  3.37640e-09
 Reference value :  3.39140e-09
 Reference value :  3.41140e-09
 Reference value :  3.43140e-09
 Reference value :  3.44640e-09
 Reference value :  3.46140e-09
 Reference value :  3.48140e-09
 Reference value :  3.50140e-09
 Reference value :  3.52140e-09
 Reference value :  3.53640e-09
 Reference value :  3.55640e-09
 Reference value :  3.57640e-09
 Reference value :  3.59140e-09
 Reference value :  3.60640e-09
 Reference value :  3.62140e-09
 Reference value :  3.63640e-09
 Reference value :  3.65640e-09
 Reference value :  3.67140e-09
 Reference value :  3.69140e-09
 Reference value :  3.71140e-09
 Reference value :  3.72640e-09
 Reference value :  3.74640e-09
 Reference value :  3.76140e-09
 Reference value :  3.77640e-09
 Reference value :  3.79140e-09
 Reference value :  3.81140e-09
 Reference value :  3.82640e-09
 Reference value :  3.84140e-09
 Reference value :  3.85640e-09
 Reference value :  3.87140e-09
 Reference value :  3.89140e-09
 Reference value :  3.90640e-09
 Reference value :  3.92140e-09
 Reference value :  3.93640e-09
 Reference value :  3.96140e-09
 Reference value :  3.98140e-09
 Reference value :  3.99640e-09
 Reference value :  4.01640e-09
 Reference value :  4.03140e-09
 Reference value :  4.04640e-09
 Reference value :  4.06140e-09
 Reference value :  4.07640e-09
 Reference value :  4.09140e-09
 Reference value :  4.11140e-09
 Reference value :  4.12640e-09
 Reference value :  4.14140e-09
 Reference value :  4.15640e-09
 Reference value :  4.17640e-09
 Reference value :  4.19640e-09
 Reference value :  4.21640e-09
 Reference value :  4.23640e-09
 Reference value :  4.25140e-09
 Reference value :  4.27140e-09
 Reference value :  4.28640e-09
 Reference value :  4.30640e-09
 Reference value :  4.32640e-09
 Reference value :  4.34140e-09
 Reference value :  4.35640e-09
 Reference value :  4.37640e-09
 Reference value :  4.39140e-09
 Reference value :  4.40640e-09
 Reference value :  4.42140e-09
 Reference value :  4.43640e-09
 Reference value :  4.45140e-09
 Reference value :  4.46640e-09
 Reference value :  4.48140e-09
 Reference value :  4.50140e-09
 Reference value :  4.51640e-09
 Reference value :  4.53140e-09
 Reference value :  4.54640e-09
 Reference value :  4.56640e-09
 Reference value :  4.58140e-09
 Reference value :  4.59640e-09
 Reference value :  4.61140e-09
 Reference value :  4.63140e-09
 Reference value :  4.64640e-09
 Reference value :  4.66140e-09
 Reference value :  4.68140e-09
 Reference value :  4.70140e-09
 Reference value :  4.72140e-09
 Reference value :  4.74140e-09
 Reference value :  4.75640e-09
 Reference value :  4.77140e-09
 Reference value :  4.79140e-09
 Reference value :  4.81140e-09
 Reference value :  4.82640e-09
 Reference value :  4.84640e-09
 Reference value :  4.86140e-09
 Reference value :  4.87640e-09
 Reference value :  4.89640e-09
 Reference value :  4.91140e-09
 Reference value :  4.92640e-09
 Reference value :  4.94640e-09
 Reference value :  4.96640e-09
 Reference value :  4.98140e-09
 Reference value :  5.00000e-09
 Reference value :  5.00350e-09
 Reference value :  5.01750e-09
 Reference value :  5.03750e-09
 Reference value :  5.05750e-09
 Reference value :  5.07750e-09
 Reference value :  5.09250e-09
 Reference value :  5.10150e-09
 Reference value :  5.11250e-09
 Reference value :  5.13250e-09
 Reference value :  5.15250e-09
 Reference value :  5.17250e-09
 Reference value :  5.19250e-09
 Reference value :  5.20750e-09
 Reference value :  5.22750e-09
 Reference value :  5.24750e-09
 Reference value :  5.26250e-09
 Reference value :  5.27750e-09
 Reference value :  5.29750e-09
 Reference value :  5.30750e-09
 Reference value :  5.32250e-09
 Reference value :  5.33750e-09
 Reference value :  5.35250e-09
 Reference value :  5.36750e-09
 Reference value :  5.38250e-09
 Reference value :  5.39750e-09
 Reference value :  5.40750e-09
 Reference value :  5.42250e-09
 Reference value :  5.43750e-09
 Reference value :  5.45750e-09
 Reference value :  5.47250e-09
 Reference value :  5.49250e-09
 Reference value :  5.51250e-09
 Reference value :  5.52750e-09
 Reference value :  5.54250e-09
 Reference value :  5.55750e-09
 Reference value :  5.57250e-09
 Reference value :  5.58750e-09
 Reference value :  5.60750e-09
 Reference value :  5.62750e-09
 Reference value :  5.64250e-09
 Reference value :  5.65750e-09
 Reference value :  5.67750e-09
 Reference value :  5.69750e-09
 Reference value :  5.71250e-09
 Reference value :  5.72750e-09
 Reference value :  5.74250e-09
 Reference value :  5.75750e-09
 Reference value :  5.77250e-09
 Reference value :  5.78750e-09
 Reference value :  5.80250e-09
 Reference value :  5.81750e-09
 Reference value :  5.83750e-09
 Reference value :  5.85750e-09
 Reference value :  5.87250e-09
 Reference value :  5.89250e-09
 Reference value :  5.90750e-09
 Reference value :  5.92250e-09
 Reference value :  5.93750e-09
 Reference value :  5.95750e-09
 Reference value :  5.97750e-09
 Reference value :  5.99250e-09
 Reference value :  6.01250e-09
 Reference value :  6.03250e-09
 Reference value :  6.04750e-09
 Reference value :  6.06750e-09
 Reference value :  6.08750e-09
 Reference value :  6.10750e-09
 Reference value :  6.12750e-09
 Reference value :  6.14250e-09
 Reference value :  6.15750e-09
 Reference value :  6.17750e-09
 Reference value :  6.19750e-09
 Reference value :  6.21750e-09
 Reference value :  6.23750e-09
 Reference value :  6.25250e-09
 Reference value :  6.26750e-09
 Reference value :  6.28250e-09
 Reference value :  6.29750e-09
 Reference value :  6.31250e-09
 Reference value :  6.33250e-09
 Reference value :  6.35250e-09
 Reference value :  6.36750e-09
 Reference value :  6.38250e-09
 Reference value :  6.39750e-09
 Reference value :  6.41250e-09
 Reference value :  6.42750e-09
 Reference value :  6.44250e-09
 Reference value :  6.45750e-09
 Reference value :  6.47250e-09
 Reference value :  6.48750e-09
 Reference value :  6.50250e-09
 Reference value :  6.52250e-09
 Reference value :  6.53750e-09
 Reference value :  6.55250e-09
 Reference value :  6.56750e-09
 Reference value :  6.58250e-09
 Reference value :  6.59750e-09
 Reference value :  6.61750e-09
 Reference value :  6.64250e-09
 Reference value :  6.65750e-09
 Reference value :  6.67250e-09
 Reference value :  6.68750e-09
 Reference value :  6.70750e-09
 Reference value :  6.72750e-09
 Reference value :  6.74250e-09
 Reference value :  6.76250e-09
 Reference value :  6.77750e-09
 Reference value :  6.79750e-09
 Reference value :  6.81250e-09
 Reference value :  6.83250e-09
 Reference value :  6.84750e-09
 Reference value :  6.86250e-09
 Reference value :  6.88250e-09
 Reference value :  6.89750e-09
 Reference value :  6.91250e-09
 Reference value :  6.93250e-09
 Reference value :  6.94750e-09
 Reference value :  6.96250e-09
 Reference value :  6.97750e-09
 Reference value :  6.99750e-09
 Reference value :  7.01750e-09
 Reference value :  7.03750e-09
 Reference value :  7.05750e-09
 Reference value :  7.08250e-09
 Reference value :  7.10750e-09
 Reference value :  7.12250e-09
 Reference value :  7.14750e-09
 Reference value :  7.16250e-09
 Reference value :  7.18250e-09
 Reference value :  7.20250e-09
 Reference value :  7.22250e-09
 Reference value :  7.24250e-09
 Reference value :  7.25750e-09
 Reference value :  7.27750e-09
 Reference value :  7.29750e-09
 Reference value :  7.31750e-09
 Reference value :  7.33250e-09
 Reference value :  7.34750e-09
 Reference value :  7.36250e-09
 Reference value :  7.37750e-09
 Reference value :  7.39750e-09
 Reference value :  7.41250e-09
 Reference value :  7.42750e-09
 Reference value :  7.44750e-09
 Reference value :  7.46250e-09
 Reference value :  7.47750e-09
 Reference value :  7.49250e-09
 Reference value :  7.50750e-09
 Reference value :  7.52250e-09
 Reference value :  7.53750e-09
 Reference value :  7.55250e-09
 Reference value :  7.56750e-09
 Reference value :  7.58250e-09
 Reference value :  7.59750e-09
 Reference value :  7.61750e-09
 Reference value :  7.63250e-09
 Reference value :  7.64750e-09
 Reference value :  7.66250e-09
 Reference value :  7.67750e-09
 Reference value :  7.69250e-09
 Reference value :  7.71250e-09
 Reference value :  7.73250e-09
 Reference value :  7.75250e-09
 Reference value :  7.76750e-09
 Reference value :  7.78750e-09
 Reference value :  7.80250e-09
 Reference value :  7.81750e-09
 Reference value :  7.83250e-09
 Reference value :  7.85250e-09
 Reference value :  7.86750e-09
 Reference value :  7.88250e-09
 Reference value :  7.90250e-09
 Reference value :  7.91750e-09
 Reference value :  7.93250e-09
 Reference value :  7.94750e-09
 Reference value :  7.96250e-09
 Reference value :  7.97750e-09
 Reference value :  7.99250e-09
 Reference value :  8.01250e-09
 Reference value :  8.02750e-09
 Reference value :  8.04750e-09
 Reference value :  8.06750e-09
 Reference value :  8.08250e-09
 Reference value :  8.09750e-09
 Reference value :  8.11250e-09
 Reference value :  8.12750e-09
 Reference value :  8.14250e-09
 Reference value :  8.15750e-09
 Reference value :  8.17250e-09
 Reference value :  8.18750e-09
 Reference value :  8.20250e-09
 Reference value :  8.22250e-09
 Reference value :  8.24250e-09
 Reference value :  8.26250e-09
 Reference value :  8.27750e-09
 Reference value :  8.29250e-09
 Reference value :  8.30750e-09
 Reference value :  8.32250e-09
 Reference value :  8.33750e-09
 Reference value :  8.35750e-09
 Reference value :  8.37250e-09
 Reference value :  8.38750e-09
 Reference value :  8.40250e-09
 Reference value :  8.42250e-09
 Reference value :  8.43750e-09
 Reference value :  8.45250e-09
 Reference value :  8.46750e-09
 Reference value :  8.48750e-09
 Reference value :  8.50750e-09
 Reference value :  8.52750e-09
 Reference value :  8.54250e-09
 Reference value :  8.56250e-09
 Reference value :  8.58250e-09
 Reference value :  8.60250e-09
 Reference value :  8.61750e-09
 Reference value :  8.63750e-09
 Reference value :  8.65250e-09
 Reference value :  8.66750e-09
 Reference value :  8.68750e-09
 Reference value :  8.70250e-09
 Reference value :  8.72250e-09
 Reference value :  8.73750e-09
 Reference value :  8.75750e-09
 Reference value :  8.77750e-09
 Reference value :  8.79250e-09
 Reference value :  8.80750e-09
 Reference value :  8.82750e-09
 Reference value :  8.84250e-09
 Reference value :  8.85750e-09
 Reference value :  8.87250e-09
 Reference value :  8.89250e-09
 Reference value :  8.90750e-09
 Reference value :  8.92250e-09
 Reference value :  8.94250e-09
 Reference value :  8.96250e-09
 Reference value :  8.98250e-09
 Reference value :  8.99750e-09
 Reference value :  9.01750e-09
 Reference value :  9.03750e-09
 Reference value :  9.05750e-09
 Reference value :  9.07750e-09
 Reference value :  9.09750e-09
 Reference value :  9.11250e-09
 Reference value :  9.13250e-09
 Reference value :  9.14750e-09
 Reference value :  9.16250e-09
 Reference value :  9.18250e-09
 Reference value :  9.20250e-09
 Reference value :  9.22250e-09
 Reference value :  9.23750e-09
 Reference value :  9.25250e-09
 Reference value :  9.26750e-09
 Reference value :  9.28250e-09
 Reference value :  9.29750e-09
 Reference value :  9.31750e-09
 Reference value :  9.33250e-09
 Reference value :  9.35250e-09
 Reference value :  9.37250e-09
 Reference value :  9.38750e-09
 Reference value :  9.40250e-09
 Reference value :  9.41750e-09
 Reference value :  9.43750e-09
 Reference value :  9.45750e-09
 Reference value :  9.47750e-09
 Reference value :  9.49250e-09
 Reference value :  9.51250e-09
 Reference value :  9.53250e-09
 Reference value :  9.54750e-09
 Reference value :  9.56750e-09
 Reference value :  9.58250e-09
 Reference value :  9.60250e-09
 Reference value :  9.62250e-09
 Reference value :  9.64250e-09
 Reference value :  9.66250e-09
 Reference value :  9.68250e-09
 Reference value :  9.70250e-09
 Reference value :  9.72250e-09
 Reference value :  9.74250e-09
 Reference value :  9.76250e-09
 Reference value :  9.78250e-09
 Reference value :  9.80250e-09
 Reference value :  9.82250e-09
 Reference value :  9.84250e-09
 Reference value :  9.85750e-09
 Reference value :  9.87750e-09
 Reference value :  9.90250e-09
 Reference value :  9.92250e-09
 Reference value :  9.94250e-09
 Reference value :  9.96750e-09
 Reference value :  9.98750e-09
 Reference value :  1.00025e-08
 Reference value :  1.00175e-08
 Reference value :  1.00325e-08
 Reference value :  1.00475e-08
 Reference value :  1.00625e-08
 Reference value :  1.00825e-08
 Reference value :  1.01025e-08
 Reference value :  1.01175e-08
 Reference value :  1.01375e-08
 Reference value :  1.01575e-08
 Reference value :  1.01775e-08
 Reference value :  1.01925e-08
 Reference value :  1.02125e-08
 Reference value :  1.02325e-08
 Reference value :  1.02525e-08
 Reference value :  1.02725e-08
 Reference value :  1.02925e-08
 Reference value :  1.03125e-08
 Reference value :  1.03325e-08
 Reference value :  1.03475e-08
 Reference value :  1.03675e-08
 Reference value :  1.03825e-08
 Reference value :  1.04025e-08
 Reference value :  1.04175e-08
 Reference value :  1.04325e-08
 Reference value :  1.04525e-08
 Reference value :  1.04675e-08
 Reference value :  1.04825e-08
 Reference value :  1.05025e-08
 Reference value :  1.05225e-08
 Reference value :  1.05425e-08
 Reference value :  1.05575e-08
 Reference value :  1.05725e-08
 Reference value :  1.05875e-08
 Reference value :  1.06025e-08
 Reference value :  1.06175e-08
 Reference value :  1.06375e-08
 Reference value :  1.06575e-08
 Reference value :  1.06825e-08
 Reference value :  1.07025e-08
 Reference value :  1.07175e-08
 Reference value :  1.07375e-08
 Reference value :  1.07575e-08
 Reference value :  1.07725e-08
 Reference value :  1.07875e-08
 Reference value :  1.08025e-08
 Reference value :  1.08175e-08
 Reference value :  1.08325e-08
 Reference value :  1.08475e-08
 Reference value :  1.08625e-08
 Reference value :  1.08775e-08
 Reference value :  1.08925e-08
 Reference value :  1.09075e-08
 Reference value :  1.09275e-08
 Reference value :  1.09475e-08
 Reference value :  1.09675e-08
 Reference value :  1.09875e-08
 Reference value :  1.10075e-08
 Reference value :  1.10225e-08
 Reference value :  1.10375e-08
 Reference value :  1.10525e-08
 Reference value :  1.10725e-08
 Reference value :  1.10875e-08
 Reference value :  1.11025e-08
 Reference value :  1.11175e-08
 Reference value :  1.11325e-08
 Reference value :  1.11525e-08
 Reference value :  1.11725e-08
 Reference value :  1.11875e-08
 Reference value :  1.12025e-08
 Reference value :  1.12225e-08
 Reference value :  1.12425e-08
 Reference value :  1.12575e-08
 Reference value :  1.12725e-08
 Reference value :  1.12875e-08
 Reference value :  1.13025e-08
 Reference value :  1.13175e-08
 Reference value :  1.13325e-08
 Reference value :  1.13475e-08
 Reference value :  1.13675e-08
 Reference value :  1.13825e-08
 Reference value :  1.14025e-08
 Reference value :  1.14275e-08
 Reference value :  1.14475e-08
 Reference value :  1.14625e-08
 Reference value :  1.14825e-08
 Reference value :  1.15025e-08
 Reference value :  1.15225e-08
 Reference value :  1.15375e-08
 Reference value :  1.15525e-08
 Reference value :  1.15675e-08
 Reference value :  1.15825e-08
 Reference value :  1.16025e-08
 Reference value :  1.16175e-08
 Reference value :  1.16375e-08
 Reference value :  1.16525e-08
 Reference value :  1.16675e-08
 Reference value :  1.16875e-08
 Reference value :  1.17025e-08
 Reference value :  1.17225e-08
 Reference value :  1.17425e-08
 Reference value :  1.17575e-08
 Reference value :  1.17775e-08
 Reference value :  1.17975e-08
 Reference value :  1.18125e-08
 Reference value :  1.18275e-08
 Reference value :  1.18425e-08
 Reference value :  1.18575e-08
 Reference value :  1.18725e-08
 Reference value :  1.18875e-08
 Reference value :  1.19025e-08
 Reference value :  1.19175e-08
 Reference value :  1.19325e-08
 Reference value :  1.19475e-08
 Reference value :  1.19625e-08
 Reference value :  1.19825e-08
 Reference value :  1.19975e-08
 Reference value :  1.20125e-08
 Reference value :  1.20275e-08
 Reference value :  1.20425e-08
 Reference value :  1.20575e-08
 Reference value :  1.20725e-08
 Reference value :  1.20875e-08
 Reference value :  1.21075e-08
 Reference value :  1.21225e-08
 Reference value :  1.21375e-08
 Reference value :  1.21525e-08
 Reference value :  1.21675e-08
 Reference value :  1.21825e-08
 Reference value :  1.21975e-08
 Reference value :  1.22125e-08
 Reference value :  1.22325e-08
 Reference value :  1.22475e-08
 Reference value :  1.22675e-08
 Reference value :  1.22875e-08
 Reference value :  1.23025e-08
 Reference value :  1.23175e-08
 Reference value :  1.23325e-08
 Reference value :  1.23525e-08
 Reference value :  1.23725e-08
 Reference value :  1.23875e-08
 Reference value :  1.24025e-08
 Reference value :  1.24225e-08
 Reference value :  1.24425e-08
 Reference value :  1.24575e-08
 Reference value :  1.24725e-08
 Reference value :  1.24925e-08
 Reference value :  1.25075e-08
 Reference value :  1.25275e-08
 Reference value :  1.25425e-08
 Reference value :  1.25575e-08
 Reference value :  1.25725e-08
 Reference value :  1.25875e-08
 Reference value :  1.26075e-08
 Reference value :  1.26225e-08
 Reference value :  1.26425e-08
 Reference value :  1.26625e-08
 Reference value :  1.26825e-08
 Reference value :  1.26975e-08
 Reference value :  1.27175e-08
 Reference value :  1.27325e-08
 Reference value :  1.27475e-08
 Reference value :  1.27625e-08
 Reference value :  1.27825e-08
 Reference value :  1.28025e-08
 Reference value :  1.28225e-08
 Reference value :  1.28375e-08
 Reference value :  1.28525e-08
 Reference value :  1.28725e-08
 Reference value :  1.28875e-08
 Reference value :  1.29075e-08
 Reference value :  1.29225e-08
 Reference value :  1.29375e-08
 Reference value :  1.29575e-08
 Reference value :  1.29725e-08
 Reference value :  1.29875e-08
 Reference value :  1.30025e-08
 Reference value :  1.30175e-08
 Reference value :  1.30325e-08
 Reference value :  1.30475e-08
 Reference value :  1.30675e-08
 Reference value :  1.30875e-08
 Reference value :  1.31075e-08
 Reference value :  1.31225e-08
 Reference value :  1.31375e-08
 Reference value :  1.31525e-08
 Reference value :  1.31675e-08
 Reference value :  1.31825e-08
 Reference value :  1.32025e-08
 Reference value :  1.32175e-08
 Reference value :  1.32325e-08
 Reference value :  1.32475e-08
 Reference value :  1.32675e-08
 Reference value :  1.32875e-08
 Reference value :  1.33025e-08
 Reference value :  1.33225e-08
 Reference value :  1.33375e-08
 Reference value :  1.33525e-08
 Reference value :  1.33675e-08
 Reference value :  1.33875e-08
 Reference value :  1.34075e-08
 Reference value :  1.34225e-08
 Reference value :  1.34425e-08
 Reference value :  1.34575e-08
 Reference value :  1.34775e-08
 Reference value :  1.34925e-08
 Reference value :  1.35125e-08
 Reference value :  1.35275e-08
 Reference value :  1.35425e-08
 Reference value :  1.35625e-08
 Reference value :  1.35825e-08
 Reference value :  1.36025e-08
 Reference value :  1.36225e-08
 Reference value :  1.36375e-08
 Reference value :  1.36575e-08
 Reference value :  1.36775e-08
 Reference value :  1.36925e-08
 Reference value :  1.37075e-08
 Reference value :  1.37225e-08
 Reference value :  1.37425e-08
 Reference value :  1.37575e-08
 Reference value :  1.37725e-08
 Reference value :  1.37925e-08
 Reference value :  1.38125e-08
 Reference value :  1.38325e-08
 Reference value :  1.38475e-08
 Reference value :  1.38625e-08
 Reference value :  1.38825e-08
 Reference value :  1.38975e-08
 Reference value :  1.39175e-08
 Reference value :  1.39375e-08
 Reference value :  1.39575e-08
 Reference value :  1.39775e-08
 Reference value :  1.39975e-08
 Reference value :  1.40125e-08
 Reference value :  1.40275e-08
 Reference value :  1.40425e-08
 Reference value :  1.40575e-08
 Reference value :  1.40775e-08
 Reference value :  1.40925e-08
 Reference value :  1.41125e-08
 Reference value :  1.41325e-08
 Reference value :  1.41475e-08
 Reference value :  1.41625e-08
 Reference value :  1.41825e-08
 Reference value :  1.41975e-08
 Reference value :  1.42175e-08
 Reference value :  1.42375e-08
 Reference value :  1.42525e-08
 Reference value :  1.42675e-08
 Reference value :  1.42825e-08
 Reference value :  1.43025e-08
 Reference value :  1.43225e-08
 Reference value :  1.43425e-08
 Reference value :  1.43625e-08
 Reference value :  1.43775e-08
 Reference value :  1.43975e-08
 Reference value :  1.44125e-08
 Reference value :  1.44325e-08
 Reference value :  1.44525e-08
 Reference value :  1.44725e-08
 Reference value :  1.44875e-08
 Reference value :  1.45025e-08
 Reference value :  1.45175e-08
 Reference value :  1.45325e-08
 Reference value :  1.45525e-08
 Reference value :  1.45725e-08
 Reference value :  1.45925e-08
 Reference value :  1.46075e-08
 Reference value :  1.46225e-08
 Reference value :  1.46375e-08
 Reference value :  1.46575e-08
 Reference value :  1.46725e-08
 Reference value :  1.46925e-08
 Reference value :  1.47175e-08
 Reference value :  1.47375e-08
 Reference value :  1.47525e-08
 Reference value :  1.47725e-08
 Reference value :  1.47875e-08
 Reference value :  1.48075e-08
 Reference value :  1.48225e-08
 Reference value :  1.48375e-08
 Reference value :  1.48525e-08
 Reference value :  1.48725e-08
 Reference value :  1.48925e-08
 Reference value :  1.49125e-08
 Reference value :  1.49275e-08
 Reference value :  1.49425e-08
 Reference value :  1.49625e-08
 Reference value :  1.49825e-08
 Reference value :  1.49975e-08
 Reference value :  1.50175e-08
 Reference value :  1.50325e-08
 Reference value :  1.50525e-08
 Reference value :  1.50675e-08
 Reference value :  1.50875e-08
 Reference value :  1.51075e-08
 Reference value :  1.51225e-08
 Reference value :  1.51375e-08
 Reference value :  1.51575e-08
 Reference value :  1.51725e-08
 Reference value :  1.51875e-08
 Reference value :  1.52075e-08
 Reference value :  1.52225e-08
 Reference value :  1.52375e-08
 Reference value :  1.52525e-08
 Reference value :  1.52675e-08
 Reference value :  1.52825e-08
 Reference value :  1.52975e-08
 Reference value :  1.53175e-08
 Reference value :  1.53325e-08
 Reference value :  1.53475e-08
 Reference value :  1.53625e-08
 Reference value :  1.53825e-08
 Reference value :  1.54025e-08
 Reference value :  1.54175e-08
 Reference value :  1.54375e-08
 Reference value :  1.54575e-08
 Reference value :  1.54725e-08
 Reference value :  1.54925e-08
 Reference value :  1.55125e-08
 Reference value :  1.55325e-08
 Reference value :  1.55475e-08
 Reference value :  1.55625e-08
 Reference value :  1.55775e-08
 Reference value :  1.55975e-08
 Reference value :  1.56125e-08
 Reference value :  1.56275e-08
 Reference value :  1.56425e-08
 Reference value :  1.56625e-08
 Reference value :  1.56825e-08
 Reference value :  1.56975e-08
 Reference value :  1.57175e-08
 Reference value :  1.57375e-08
 Reference value :  1.57575e-08
 Reference value :  1.57775e-08
 Reference value :  1.57975e-08
 Reference value :  1.58125e-08
 Reference value :  1.58325e-08
 Reference value :  1.58525e-08
 Reference value :  1.58725e-08
 Reference value :  1.58875e-08
 Reference value :  1.59075e-08
 Reference value :  1.59225e-08
 Reference value :  1.59425e-08
 Reference value :  1.59575e-08
 Reference value :  1.59725e-08
 Reference value :  1.59875e-08
 Reference value :  1.60025e-08
 Reference value :  1.60225e-08
 Reference value :  1.60375e-08
 Reference value :  1.60575e-08
 Reference value :  1.60725e-08
 Reference value :  1.60875e-08
 Reference value :  1.61075e-08
 Reference value :  1.61325e-08
 Reference value :  1.61525e-08
 Reference value :  1.61725e-08
 Reference value :  1.61925e-08
 Reference value :  1.62125e-08
 Reference value :  1.62325e-08
 Reference value :  1.62525e-08
 Reference value :  1.62725e-08
 Reference value :  1.62875e-08
 Reference value :  1.63075e-08
 Reference value :  1.63275e-08
 Reference value :  1.63525e-08
 Reference value :  1.63675e-08
 Reference value :  1.63825e-08
 Reference value :  1.63975e-08
 Reference value :  1.64125e-08
 Reference value :  1.64325e-08
 Reference value :  1.64475e-08
 Reference value :  1.64675e-08
 Reference value :  1.64875e-08
 Reference value :  1.65075e-08
 Reference value :  1.65275e-08
 Reference value :  1.65425e-08
 Reference value :  1.65575e-08
 Reference value :  1.65775e-08
 Reference value :  1.65925e-08
 Reference value :  1.66125e-08
 Reference value :  1.66325e-08
 Reference value :  1.66475e-08
 Reference value :  1.66675e-08
 Reference value :  1.66875e-08
 Reference value :  1.67075e-08
 Reference value :  1.67275e-08
 Reference value :  1.67475e-08
 Reference value :  1.67675e-08
 Reference value :  1.67825e-08
 Reference value :  1.67975e-08
 Reference value :  1.68175e-08
 Reference value :  1.68375e-08
 Reference value :  1.68575e-08
 Reference value :  1.68775e-08
 Reference value :  1.68925e-08
 Reference value :  1.69075e-08
 Reference value :  1.69275e-08
 Reference value :  1.69425e-08
 Reference value :  1.69625e-08
 Reference value :  1.69775e-08
 Reference value :  1.69925e-08
 Reference value :  1.70125e-08
 Reference value :  1.70275e-08
 Reference value :  1.70425e-08
 Reference value :  1.70575e-08
 Reference value :  1.70725e-08
 Reference value :  1.70925e-08
 Reference value :  1.71125e-08
 Reference value :  1.71275e-08
 Reference value :  1.71475e-08
 Reference value :  1.71675e-08
 Reference value :  1.71825e-08
 Reference value :  1.71975e-08
 Reference value :  1.72175e-08
 Reference value :  1.72325e-08
 Reference value :  1.72475e-08
 Reference value :  1.72625e-08
 Reference value :  1.72775e-08
 Reference value :  1.72925e-08
 Reference value :  1.73075e-08
 Reference value :  1.73225e-08
 Reference value :  1.73425e-08
 Reference value :  1.73625e-08
 Reference value :  1.73825e-08
 Reference value :  1.74025e-08
 Reference value :  1.74175e-08
 Reference value :  1.74375e-08
 Reference value :  1.74525e-08
 Reference value :  1.74725e-08
 Reference value :  1.74875e-08
 Reference value :  1.75075e-08
 Reference value :  1.75225e-08
 Reference value :  1.75425e-08
 Reference value :  1.75625e-08
 Reference value :  1.75825e-08
 Reference value :  1.76025e-08
 Reference value :  1.76175e-08
 Reference value :  1.76325e-08
 Reference value :  1.76525e-08
 Reference value :  1.76675e-08
 Reference value :  1.76825e-08
 Reference value :  1.77025e-08
 Reference value :  1.77225e-08
 Reference value :  1.77425e-08
 Reference value :  1.77625e-08
 Reference value :  1.77825e-08
 Reference value :  1.77975e-08
 Reference value :  1.78175e-08
 Reference value :  1.78375e-08
 Reference value :  1.78525e-08
 Reference value :  1.78675e-08
 Reference value :  1.78825e-08
 Reference value :  1.78975e-08
 Reference value :  1.79175e-08
 Reference value :  1.79375e-08
 Reference value :  1.79525e-08
 Reference value :  1.79725e-08
 Reference value :  1.79875e-08
 Reference value :  1.80025e-08
 Reference value :  1.80225e-08
 Reference value :  1.80425e-08
 Reference value :  1.80625e-08
 Reference value :  1.80775e-08
 Reference value :  1.80925e-08
 Reference value :  1.81075e-08
 Reference value :  1.81225e-08
 Reference value :  1.81475e-08
 Reference value :  1.81675e-08
 Reference value :  1.81825e-08
 Reference value :  1.81975e-08
 Reference value :  1.82125e-08
 Reference value :  1.82325e-08
 Reference value :  1.82525e-08
 Reference value :  1.82675e-08
 Reference value :  1.82825e-08
 Reference value :  1.83025e-08
 Reference value :  1.83175e-08
 Reference value :  1.83325e-08
 Reference value :  1.83475e-08
 Reference value :  1.83625e-08
 Reference value :  1.83775e-08
 Reference value :  1.83975e-08
 Reference value :  1.84175e-08
 Reference value :  1.84325e-08
 Reference value :  1.84475e-08
 Reference value :  1.84625e-08
 Reference value :  1.84775e-08
 Reference value :  1.84925e-08
 Reference value :  1.85125e-08
 Reference value :  1.85325e-08
 Reference value :  1.85475e-08
 Reference value :  1.85675e-08
 Reference value :  1.85825e-08
 Reference value :  1.86025e-08
 Reference value :  1.86175e-08
 Reference value :  1.86325e-08
 Reference value :  1.86475e-08
 Reference value :  1.86675e-08
 Reference value :  1.86825e-08
 Reference value :  1.86975e-08
 Reference value :  1.87175e-08
 Reference value :  1.87325e-08
 Reference value :  1.87525e-08
 Reference value :  1.87725e-08
 Reference value :  1.87875e-08
 Reference value :  1.88025e-08
 Reference value :  1.88175e-08
 Reference value :  1.88375e-08
 Reference value :  1.88525e-08
 Reference value :  1.88725e-08
 Reference value :  1.88875e-08
 Reference value :  1.89075e-08
 Reference value :  1.89225e-08
 Reference value :  1.89375e-08
 Reference value :  1.89575e-08
 Reference value :  1.89725e-08
 Reference value :  1.89875e-08
 Reference value :  1.90075e-08
 Reference value :  1.90225e-08
 Reference value :  1.90375e-08
 Reference value :  1.90525e-08
 Reference value :  1.90675e-08
 Reference value :  1.90825e-08
 Reference value :  1.90975e-08
 Reference value :  1.91125e-08
 Reference value :  1.91275e-08
 Reference value :  1.91425e-08
 Reference value :  1.91625e-08
 Reference value :  1.91775e-08
 Reference value :  1.91925e-08
 Reference value :  1.92075e-08
 Reference value :  1.92275e-08
 Reference value :  1.92425e-08
 Reference value :  1.92575e-08
 Reference value :  1.92725e-08
 Reference value :  1.92925e-08
 Reference value :  1.93075e-08
 Reference value :  1.93225e-08
 Reference value :  1.93375e-08
 Reference value :  1.93525e-08
 Reference value :  1.93675e-08
 Reference value :  1.93825e-08
 Reference value :  1.94025e-08
 Reference value :  1.94225e-08
 Reference value :  1.94425e-08
 Reference value :  1.94575e-08
 Reference value :  1.94775e-08
 Reference value :  1.94925e-08
 Reference value :  1.95075e-08
 Reference value :  1.95225e-08
 Reference value :  1.95375e-08
 Reference value :  1.95525e-08
 Reference value :  1.95725e-08
 Reference value :  1.95875e-08
 Reference value :  1.96075e-08
 Reference value :  1.96225e-08
 Reference value :  1.96375e-08
 Reference value :  1.96575e-08
 Reference value :  1.96775e-08
 Reference value :  1.96925e-08
 Reference value :  1.97075e-08
 Reference value :  1.97225e-08
 Reference value :  1.97375e-08
 Reference value :  1.97525e-08
 Reference value :  1.97725e-08
 Reference value :  1.97925e-08
 Reference value :  1.98125e-08
 Reference value :  1.98325e-08
 Reference value :  1.98475e-08
 Reference value :  1.98625e-08
 Reference value :  1.98825e-08
 Reference value :  1.99025e-08
 Reference value :  1.99175e-08
 Reference value :  1.99375e-08
 Reference value :  1.99575e-08
 Reference value :  1.99725e-08
 Reference value :  1.99875e-08
 Reference value :  2.00025e-08
 Reference value :  2.00175e-08
 Reference value :  2.00375e-08
 Reference value :  2.00575e-08
 Reference value :  2.00775e-08
 Reference value :  2.00925e-08
 Reference value :  2.01075e-08
 Reference value :  2.01225e-08
 Reference value :  2.01425e-08
 Reference value :  2.01625e-08
 Reference value :  2.01825e-08
 Reference value :  2.01975e-08
 Reference value :  2.02125e-08
 Reference value :  2.02275e-08
 Reference value :  2.02425e-08
 Reference value :  2.02575e-08
 Reference value :  2.02775e-08
 Reference value :  2.03025e-08
 Reference value :  2.03175e-08
 Reference value :  2.03325e-08
 Reference value :  2.03525e-08
 Reference value :  2.03675e-08
 Reference value :  2.03875e-08
 Reference value :  2.04075e-08
 Reference value :  2.04275e-08
 Reference value :  2.04475e-08
 Reference value :  2.04675e-08
 Reference value :  2.04825e-08
 Reference value :  2.05025e-08
 Reference value :  2.05175e-08
 Reference value :  2.05325e-08
 Reference value :  2.05525e-08
 Reference value :  2.05725e-08
 Reference value :  2.05875e-08
 Reference value :  2.06025e-08
 Reference value :  2.06225e-08
 Reference value :  2.06425e-08
 Reference value :  2.06625e-08
 Reference value :  2.06775e-08
 Reference value :  2.06975e-08
 Reference value :  2.07175e-08
 Reference value :  2.07325e-08
 Reference value :  2.07475e-08
 Reference value :  2.07675e-08
 Reference value :  2.07825e-08
 Reference value :  2.08025e-08
 Reference value :  2.08175e-08
 Reference value :  2.08325e-08
 Reference value :  2.08525e-08
 Reference value :  2.08675e-08
 Reference value :  2.08875e-08
 Reference value :  2.09025e-08
 Reference value :  2.09175e-08
 Reference value :  2.09375e-08
 Reference value :  2.09575e-08
 Reference value :  2.09775e-08
 Reference value :  2.09975e-08
 Reference value :  2.10125e-08
 Reference value :  2.10325e-08
 Reference value :  2.10525e-08
 Reference value :  2.10675e-08
 Reference value :  2.10925e-08
 Reference value :  2.11075e-08
 Reference value :  2.11225e-08
 Reference value :  2.11375e-08
 Reference value :  2.11525e-08
 Reference value :  2.11725e-08
 Reference value :  2.11875e-08
 Reference value :  2.12025e-08
 Reference value :  2.12225e-08
 Reference value :  2.12375e-08
 Reference value :  2.12525e-08
 Reference value :  2.12725e-08
 Reference value :  2.12925e-08
 Reference value :  2.13075e-08
 Reference value :  2.13225e-08
 Reference value :  2.13375e-08
 Reference value :  2.13575e-08
 Reference value :  2.13775e-08
 Reference value :  2.14025e-08
 Reference value :  2.14175e-08
 Reference value :  2.14325e-08
 Reference value :  2.14475e-08
 Reference value :  2.14675e-08
 Reference value :  2.14875e-08
 Reference value :  2.15075e-08
 Reference value :  2.15225e-08
 Reference value :  2.15375e-08
 Reference value :  2.15525e-08
 Reference value :  2.15725e-08
 Reference value :  2.15875e-08
 Reference value :  2.16075e-08
 Reference value :  2.16275e-08
 Reference value :  2.16525e-08
 Reference value :  2.16775e-08
 Reference value :  2.16975e-08
 Reference value :  2.17125e-08
 Reference value :  2.17325e-08
 Reference value :  2.17575e-08
 Reference value :  2.17775e-08
 Reference value :  2.17975e-08
 Reference value :  2.18225e-08
 Reference value :  2.18425e-08
 Reference value :  2.18625e-08
 Reference value :  2.18825e-08
 Reference value :  2.19025e-08
 Reference value :  2.19175e-08
 Reference value :  2.19375e-08
 Reference value :  2.19525e-08
 Reference value :  2.19675e-08
 Reference value :  2.19875e-08
 Reference value :  2.20025e-08
 Reference value :  2.20225e-08
 Reference value :  2.20425e-08
 Reference value :  2.20575e-08
 Reference value :  2.20775e-08
 Reference value :  2.20975e-08
 Reference value :  2.21125e-08
 Reference value :  2.21325e-08
 Reference value :  2.21525e-08
 Reference value :  2.21675e-08
 Reference value :  2.21825e-08
 Reference value :  2.21975e-08
 Reference value :  2.22175e-08
 Reference value :  2.22375e-08
 Reference value :  2.22575e-08
 Reference value :  2.22725e-08
 Reference value :  2.22925e-08
 Reference value :  2.23125e-08
 Reference value :  2.23275e-08
 Reference value :  2.23425e-08
 Reference value :  2.23625e-08
 Reference value :  2.23825e-08
 Reference value :  2.24025e-08
 Reference value :  2.24225e-08
 Reference value :  2.24425e-08
 Reference value :  2.24625e-08
 Reference value :  2.24825e-08
 Reference value :  2.24975e-08
 Reference value :  2.25175e-08
 Reference value :  2.25375e-08
 Reference value :  2.25525e-08
 Reference value :  2.25675e-08
 Reference value :  2.25825e-08
 Reference value :  2.25975e-08
 Reference value :  2.26125e-08
 Reference value :  2.26325e-08
 Reference value :  2.26475e-08
 Reference value :  2.26625e-08
 Reference value :  2.26825e-08
 Reference value :  2.27025e-08
 Reference value :  2.27175e-08
 Reference value :  2.27375e-08
 Reference value :  2.27575e-08
 Reference value :  2.27775e-08
 Reference value :  2.27925e-08
 Reference value :  2.28075e-08
 Reference value :  2.28275e-08
 Reference value :  2.28425e-08
 Reference value :  2.28575e-08
 Reference value :  2.28725e-08
 Reference value :  2.28875e-08
 Reference value :  2.29025e-08
 Reference value :  2.29225e-08
 Reference value :  2.29425e-08
 Reference value :  2.29575e-08
 Reference value :  2.29725e-08
 Reference value :  2.29925e-08
 Reference value :  2.30125e-08
 Reference value :  2.30325e-08
 Reference value :  2.30475e-08
 Reference value :  2.30625e-08
 Reference value :  2.30825e-08
 Reference value :  2.31075e-08
 Reference value :  2.31275e-08
 Reference value :  2.31475e-08
 Reference value :  2.31675e-08
 Reference value :  2.31875e-08
 Reference value :  2.32075e-08
 Reference value :  2.32225e-08
 Reference value :  2.32375e-08
 Reference value :  2.32575e-08
 Reference value :  2.32775e-08
 Reference value :  2.32925e-08
 Reference value :  2.33125e-08
 Reference value :  2.33325e-08
 Reference value :  2.33525e-08
 Reference value :  2.33725e-08
 Reference value :  2.33925e-08
 Reference value :  2.34075e-08
 Reference value :  2.34275e-08
 Reference value :  2.34425e-08
 Reference value :  2.34625e-08
 Reference value :  2.34875e-08
 Reference value :  2.35025e-08
 Reference value :  2.35175e-08
 Reference value :  2.35325e-08
 Reference value :  2.35475e-08
 Reference value :  2.35625e-08
 Reference value :  2.35825e-08
 Reference value :  2.36025e-08
 Reference value :  2.36175e-08
 Reference value :  2.36425e-08
 Reference value :  2.36625e-08
 Reference value :  2.36825e-08
 Reference value :  2.37025e-08
 Reference value :  2.37175e-08
 Reference value :  2.37375e-08
 Reference value :  2.37525e-08
 Reference value :  2.37675e-08
 Reference value :  2.37875e-08
 Reference value :  2.38075e-08
 Reference value :  2.38275e-08
 Reference value :  2.38425e-08
 Reference value :  2.38575e-08
 Reference value :  2.38725e-08
 Reference value :  2.38875e-08
 Reference value :  2.39025e-08
 Reference value :  2.39175e-08
 Reference value :  2.39325e-08
 Reference value :  2.39525e-08
 Reference value :  2.39725e-08
 Reference value :  2.39875e-08
 Reference value :  2.40075e-08
 Reference value :  2.40225e-08
 Reference value :  2.40425e-08
 Reference value :  2.40625e-08
 Reference value :  2.40825e-08
 Reference value :  2.40975e-08
 Reference value :  2.41125e-08
 Reference value :  2.41275e-08
 Reference value :  2.41425e-08
 Reference value :  2.41575e-08
 Reference value :  2.41775e-08
 Reference value :  2.41975e-08
 Reference value :  2.42175e-08
 Reference value :  2.42375e-08
 Reference value :  2.42625e-08
 Reference value :  2.42825e-08
 Reference value :  2.43025e-08
 Reference value :  2.43175e-08
 Reference value :  2.43325e-08
 Reference value :  2.43475e-08
 Reference value :  2.43625e-08
 Reference value :  2.43775e-08
 Reference value :  2.43975e-08
 Reference value :  2.44125e-08
 Reference value :  2.44325e-08
 Reference value :  2.44475e-08
 Reference value :  2.44675e-08
 Reference value :  2.44875e-08
 Reference value :  2.45075e-08
 Reference value :  2.45275e-08
 Reference value :  2.45425e-08
 Reference value :  2.45575e-08
 Reference value :  2.45775e-08
 Reference value :  2.45925e-08
 Reference value :  2.46125e-08
 Reference value :  2.46325e-08
 Reference value :  2.46475e-08
 Reference value :  2.46675e-08
 Reference value :  2.46825e-08
 Reference value :  2.46975e-08
 Reference value :  2.47175e-08
 Reference value :  2.47325e-08
 Reference value :  2.47475e-08
 Reference value :  2.47625e-08
 Reference value :  2.47775e-08
 Reference value :  2.47925e-08
 Reference value :  2.48075e-08
 Reference value :  2.48225e-08
 Reference value :  2.48375e-08
 Reference value :  2.48525e-08
 Reference value :  2.48725e-08
 Reference value :  2.48875e-08
 Reference value :  2.49025e-08
 Reference value :  2.49175e-08
 Reference value :  2.49325e-08
 Reference value :  2.49525e-08
 Reference value :  2.49725e-08
 Reference value :  2.49925e-08
 Reference value :  2.50075e-08
 Reference value :  2.50275e-08
 Reference value :  2.50475e-08
 Reference value :  2.50625e-08
 Reference value :  2.50825e-08
 Reference value :  2.50975e-08
 Reference value :  2.51175e-08
 Reference value :  2.51375e-08
 Reference value :  2.51575e-08
 Reference value :  2.51725e-08
 Reference value :  2.51875e-08
 Reference value :  2.52075e-08
 Reference value :  2.52275e-08
 Reference value :  2.52475e-08
 Reference value :  2.52675e-08
 Reference value :  2.52825e-08
 Reference value :  2.53075e-08
 Reference value :  2.53275e-08
 Reference value :  2.53525e-08
 Reference value :  2.53675e-08
 Reference value :  2.53825e-08
 Reference value :  2.54025e-08
 Reference value :  2.54175e-08
 Reference value :  2.54375e-08
 Reference value :  2.54525e-08
 Reference value :  2.54675e-08
 Reference value :  2.54825e-08
 Reference value :  2.55025e-08
 Reference value :  2.55175e-08
 Reference value :  2.55325e-08
 Reference value :  2.55525e-08
 Reference value :  2.55675e-08
 Reference value :  2.55825e-08
 Reference value :  2.55975e-08
 Reference value :  2.56125e-08
 Reference value :  2.56325e-08
 Reference value :  2.56475e-08
 Reference value :  2.56675e-08
 Reference value :  2.56875e-08
 Reference value :  2.57025e-08
 Reference value :  2.57225e-08
 Reference value :  2.57425e-08
 Reference value :  2.57625e-08
 Reference value :  2.57775e-08
 Reference value :  2.57925e-08
 Reference value :  2.58125e-08
 Reference value :  2.58325e-08
 Reference value :  2.58475e-08
 Reference value :  2.58625e-08
 Reference value :  2.58825e-08
 Reference value :  2.58975e-08
 Reference value :  2.59175e-08
 Reference value :  2.59325e-08
 Reference value :  2.59525e-08
 Reference value :  2.59675e-08
 Reference value :  2.59875e-08
 Reference value :  2.60025e-08
 Reference value :  2.60225e-08
 Reference value :  2.60375e-08
 Reference value :  2.60575e-08
 Reference value :  2.60725e-08
 Reference value :  2.60875e-08
 Reference value :  2.61025e-08
 Reference value :  2.61225e-08
 Reference value :  2.61425e-08
 Reference value :  2.61575e-08
 Reference value :  2.61725e-08
 Reference value :  2.61875e-08
 Reference value :  2.62075e-08
 Reference value :  2.62225e-08
 Reference value :  2.62425e-08
 Reference value :  2.62625e-08
 Reference value :  2.62775e-08
 Reference value :  2.62975e-08
 Reference value :  2.63175e-08
 Reference value :  2.63325e-08
 Reference value :  2.63475e-08
 Reference value :  2.63625e-08
 Reference value :  2.63775e-08
 Reference value :  2.63925e-08
 Reference value :  2.64075e-08
 Reference value :  2.64275e-08
 Reference value :  2.64475e-08
 Reference value :  2.64625e-08
 Reference value :  2.64775e-08
 Reference value :  2.64925e-08
 Reference value :  2.65075e-08
 Reference value :  2.65275e-08
 Reference value :  2.65475e-08
 Reference value :  2.65675e-08
 Reference value :  2.65875e-08
 Reference value :  2.66025e-08
 Reference value :  2.66225e-08
 Reference value :  2.66425e-08
 Reference value :  2.66575e-08
 Reference value :  2.66775e-08
 Reference value :  2.66975e-08
 Reference value :  2.67175e-08
 Reference value :  2.67325e-08
 Reference value :  2.67475e-08
 Reference value :  2.67625e-08
 Reference value :  2.67775e-08
 Reference value :  2.67975e-08
 Reference value :  2.68125e-08
 Reference value :  2.68325e-08
 Reference value :  2.68525e-08
 Reference value :  2.68725e-08
 Reference value :  2.68875e-08
 Reference value :  2.69075e-08
 Reference value :  2.69225e-08
 Reference value :  2.69375e-08
 Reference value :  2.69525e-08
 Reference value :  2.69675e-08
 Reference value :  2.69875e-08
 Reference value :  2.70025e-08
 Reference value :  2.70225e-08
 Reference value :  2.70425e-08
 Reference value :  2.70625e-08
 Reference value :  2.70775e-08
 Reference value :  2.70975e-08
 Reference value :  2.71175e-08
 Reference value :  2.71325e-08
 Reference value :  2.71525e-08
 Reference value :  2.71725e-08
 Reference value :  2.71875e-08
 Reference value :  2.72025e-08
 Reference value :  2.72175e-08
 Reference value :  2.72325e-08
 Reference value :  2.72475e-08
 Reference value :  2.72675e-08
 Reference value :  2.72825e-08
 Reference value :  2.72975e-08
 Reference value :  2.73125e-08
 Reference value :  2.73275e-08
 Reference value :  2.73425e-08
 Reference value :  2.73575e-08
 Reference value :  2.73775e-08
 Reference value :  2.73925e-08
 Reference value :  2.74075e-08
 Reference value :  2.74225e-08
 Reference value :  2.74425e-08
 Reference value :  2.74625e-08
 Reference value :  2.74825e-08
 Reference value :  2.75025e-08
 Reference value :  2.75175e-08
 Reference value :  2.75375e-08
 Reference value :  2.75525e-08
 Reference value :  2.75675e-08
 Reference value :  2.75875e-08
 Reference value :  2.76075e-08
 Reference value :  2.76225e-08
 Reference value :  2.76425e-08
 Reference value :  2.76625e-08
 Reference value :  2.76775e-08
 Reference value :  2.76975e-08
 Reference value :  2.77125e-08
 Reference value :  2.77325e-08
 Reference value :  2.77525e-08
 Reference value :  2.77675e-08
 Reference value :  2.77825e-08
 Reference value :  2.77975e-08
 Reference value :  2.78125e-08
 Reference value :  2.78325e-08
 Reference value :  2.78475e-08
 Reference value :  2.78625e-08
 Reference value :  2.78825e-08
 Reference value :  2.78975e-08
 Reference value :  2.79125e-08
 Reference value :  2.79325e-08
 Reference value :  2.79475e-08
 Reference value :  2.79675e-08
 Reference value :  2.79875e-08
 Reference value :  2.80025e-08
 Reference value :  2.80225e-08
 Reference value :  2.80425e-08
 Reference value :  2.80575e-08
 Reference value :  2.80725e-08
 Reference value :  2.80875e-08
 Reference value :  2.81075e-08
 Reference value :  2.81325e-08
 Reference value :  2.81575e-08
 Reference value :  2.81725e-08
 Reference value :  2.81925e-08
 Reference value :  2.82125e-08
 Reference value :  2.82325e-08
 Reference value :  2.82525e-08
 Reference value :  2.82725e-08
 Reference value :  2.82875e-08
 Reference value :  2.83025e-08
 Reference value :  2.83225e-08
 Reference value :  2.83425e-08
 Reference value :  2.83575e-08
 Reference value :  2.83775e-08
 Reference value :  2.83975e-08
 Reference value :  2.84175e-08
 Reference value :  2.84375e-08
 Reference value :  2.84575e-08
 Reference value :  2.84725e-08
 Reference value :  2.84875e-08
 Reference value :  2.85025e-08
 Reference value :  2.85225e-08
 Reference value :  2.85375e-08
 Reference value :  2.85525e-08
 Reference value :  2.85725e-08
 Reference value :  2.85875e-08
 Reference value :  2.86025e-08
 Reference value :  2.86175e-08
 Reference value :  2.86375e-08
 Reference value :  2.86575e-08
 Reference value :  2.86775e-08
 Reference value :  2.86925e-08
 Reference value :  2.87125e-08
 Reference value :  2.87275e-08
 Reference value :  2.87425e-08
 Reference value :  2.87575e-08
 Reference value :  2.87725e-08
 Reference value :  2.87925e-08
 Reference value :  2.88075e-08
 Reference value :  2.88225e-08
 Reference value :  2.88375e-08
 Reference value :  2.88525e-08
 Reference value :  2.88675e-08
 Reference value :  2.88825e-08
 Reference value :  2.89025e-08
 Reference value :  2.89175e-08
 Reference value :  2.89325e-08
 Reference value :  2.89475e-08
 Reference value :  2.89675e-08
 Reference value :  2.89825e-08
 Reference value :  2.90025e-08
 Reference value :  2.90175e-08
 Reference value :  2.90375e-08
 Reference value :  2.90525e-08
 Reference value :  2.90725e-08
 Reference value :  2.90875e-08
 Reference value :  2.91025e-08
 Reference value :  2.91175e-08
 Reference value :  2.91375e-08
 Reference value :  2.91575e-08
 Reference value :  2.91775e-08
 Reference value :  2.91925e-08
 Reference value :  2.92125e-08
 Reference value :  2.92275e-08
 Reference value :  2.92425e-08
 Reference value :  2.92575e-08
 Reference value :  2.92725e-08
 Reference value :  2.92925e-08
 Reference value :  2.93075e-08
 Reference value :  2.93225e-08
 Reference value :  2.93425e-08
 Reference value :  2.93575e-08
 Reference value :  2.93725e-08
 Reference value :  2.93875e-08
 Reference value :  2.94025e-08
 Reference value :  2.94225e-08
 Reference value :  2.94425e-08
 Reference value :  2.94625e-08
 Reference value :  2.94825e-08
 Reference value :  2.94975e-08
 Reference value :  2.95125e-08
 Reference value :  2.95325e-08
 Reference value :  2.95525e-08
 Reference value :  2.95725e-08
 Reference value :  2.95875e-08
 Reference value :  2.96075e-08
 Reference value :  2.96225e-08
 Reference value :  2.96425e-08
 Reference value :  2.96625e-08
 Reference value :  2.96825e-08
 Reference value :  2.97025e-08
 Reference value :  2.97225e-08
 Reference value :  2.97475e-08
 Reference value :  2.97625e-08
 Reference value :  2.97825e-08
 Reference value :  2.97975e-08
 Reference value :  2.98125e-08
 Reference value :  2.98275e-08
 Reference value :  2.98475e-08
 Reference value :  2.98725e-08
 Reference value :  2.98975e-08
 Reference value :  2.99225e-08
 Reference value :  2.99425e-08
 Reference value :  2.99575e-08
 Reference value :  2.99775e-08
 Reference value :  2.99975e-08
 Reference value :  3.00175e-08
 Reference value :  3.00375e-08
 Reference value :  3.00525e-08
 Reference value :  3.00725e-08
 Reference value :  3.00925e-08
 Reference value :  3.01125e-08
 Reference value :  3.01325e-08
 Reference value :  3.01475e-08
 Reference value :  3.01625e-08
 Reference value :  3.01825e-08
 Reference value :  3.02025e-08
 Reference value :  3.02175e-08
 Reference value :  3.02325e-08
 Reference value :  3.02475e-08
 Reference value :  3.02675e-08
 Reference value :  3.02875e-08
 Reference value :  3.03075e-08
 Reference value :  3.03275e-08
 Reference value :  3.03475e-08
 Reference value :  3.03675e-08
 Reference value :  3.03825e-08
 Reference value :  3.04025e-08
 Reference value :  3.04175e-08
 Reference value :  3.04375e-08
 Reference value :  3.04575e-08
 Reference value :  3.04725e-08
 Reference value :  3.04925e-08
 Reference value :  3.05125e-08
 Reference value :  3.05275e-08
 Reference value :  3.05425e-08
 Reference value :  3.05575e-08
 Reference value :  3.05775e-08
 Reference value :  3.05975e-08
 Reference value :  3.06125e-08
 Reference value :  3.06275e-08
 Reference value :  3.06425e-08
 Reference value :  3.06575e-08
 Reference value :  3.06775e-08
 Reference value :  3.06925e-08
 Reference value :  3.07125e-08
 Reference value :  3.07275e-08
 Reference value :  3.07425e-08
 Reference value :  3.07575e-08
 Reference value :  3.07775e-08
 Reference value :  3.07925e-08
 Reference value :  3.08075e-08
 Reference value :  3.08225e-08
 Reference value :  3.08375e-08
 Reference value :  3.08525e-08
 Reference value :  3.08675e-08
 Reference value :  3.08825e-08
 Reference value :  3.08975e-08
 Reference value :  3.09175e-08
 Reference value :  3.09375e-08
 Reference value :  3.09575e-08
 Reference value :  3.09725e-08
 Reference value :  3.09875e-08
 Reference value :  3.10025e-08
 Reference value :  3.10225e-08
 Reference value :  3.10425e-08
 Reference value :  3.10575e-08
 Reference value :  3.10725e-08
 Reference value :  3.10875e-08
 Reference value :  3.11025e-08
 Reference value :  3.11225e-08
 Reference value :  3.11375e-08
 Reference value :  3.11575e-08
 Reference value :  3.11775e-08
 Reference value :  3.12025e-08
 Reference value :  3.12175e-08
 Reference value :  3.12375e-08
 Reference value :  3.12525e-08
 Reference value :  3.12725e-08
 Reference value :  3.12925e-08
 Reference value :  3.13125e-08
 Reference value :  3.13325e-08
 Reference value :  3.13475e-08
 Reference value :  3.13675e-08
 Reference value :  3.13875e-08
 Reference value :  3.14075e-08
 Reference value :  3.14275e-08
 Reference value :  3.14475e-08
 Reference value :  3.14675e-08
 Reference value :  3.14825e-08
 Reference value :  3.15025e-08
 Reference value :  3.15175e-08
 Reference value :  3.15375e-08
 Reference value :  3.15525e-08
 Reference value :  3.15675e-08
 Reference value :  3.15825e-08
 Reference value :  3.16025e-08
 Reference value :  3.16225e-08
 Reference value :  3.16425e-08
 Reference value :  3.16625e-08
 Reference value :  3.16825e-08
 Reference value :  3.16975e-08
 Reference value :  3.17125e-08
 Reference value :  3.17375e-08
 Reference value :  3.17625e-08
 Reference value :  3.17825e-08
 Reference value :  3.18025e-08
 Reference value :  3.18275e-08
 Reference value :  3.18475e-08
 Reference value :  3.18675e-08
 Reference value :  3.18825e-08
 Reference value :  3.19025e-08
 Reference value :  3.19225e-08
 Reference value :  3.19375e-08
 Reference value :  3.19525e-08
 Reference value :  3.19675e-08
 Reference value :  3.19875e-08
 Reference value :  3.20075e-08
 Reference value :  3.20275e-08
 Reference value :  3.20525e-08
 Reference value :  3.20725e-08
 Reference value :  3.20925e-08
 Reference value :  3.21125e-08
 Reference value :  3.21275e-08
 Reference value :  3.21475e-08
 Reference value :  3.21625e-08
 Reference value :  3.21775e-08
 Reference value :  3.21925e-08
 Reference value :  3.22075e-08
 Reference value :  3.22225e-08
 Reference value :  3.22375e-08
 Reference value :  3.22525e-08
 Reference value :  3.22725e-08
 Reference value :  3.22925e-08
 Reference value :  3.23125e-08
 Reference value :  3.23325e-08
 Reference value :  3.23525e-08
 Reference value :  3.23675e-08
 Reference value :  3.23825e-08
 Reference value :  3.24025e-08
 Reference value :  3.24225e-08
 Reference value :  3.24425e-08
 Reference value :  3.24625e-08
 Reference value :  3.24825e-08
 Reference value :  3.24975e-08
 Reference value :  3.25125e-08
 Reference value :  3.25325e-08
 Reference value :  3.25525e-08
 Reference value :  3.25675e-08
 Reference value :  3.25875e-08
 Reference value :  3.26075e-08
 Reference value :  3.26275e-08
 Reference value :  3.26475e-08
 Reference value :  3.26725e-08
 Reference value :  3.26925e-08
 Reference value :  3.27125e-08
 Reference value :  3.27375e-08
 Reference value :  3.27575e-08
 Reference value :  3.27725e-08
 Reference value :  3.27925e-08
 Reference value :  3.28175e-08
 Reference value :  3.28325e-08
 Reference value :  3.28525e-08
 Reference value :  3.28675e-08
 Reference value :  3.28825e-08
 Reference value :  3.29025e-08
 Reference value :  3.29225e-08
 Reference value :  3.29425e-08
 Reference value :  3.29625e-08
 Reference value :  3.29775e-08
 Reference value :  3.29925e-08
 Reference value :  3.30125e-08
 Reference value :  3.30275e-08
 Reference value :  3.30475e-08
 Reference value :  3.30675e-08
 Reference value :  3.30875e-08
 Reference value :  3.31125e-08
 Reference value :  3.31425e-08
 Reference value :  3.31625e-08
 Reference value :  3.31875e-08
 Reference value :  3.32025e-08
 Reference value :  3.32175e-08
 Reference value :  3.32375e-08
 Reference value :  3.32525e-08
 Reference value :  3.32675e-08
 Reference value :  3.32875e-08
 Reference value :  3.33025e-08
 Reference value :  3.33175e-08
 Reference value :  3.33325e-08
 Reference value :  3.33475e-08
 Reference value :  3.33625e-08
 Reference value :  3.33825e-08
 Reference value :  3.34025e-08
 Reference value :  3.34175e-08
 Reference value :  3.34375e-08
 Reference value :  3.34575e-08
 Reference value :  3.34725e-08
 Reference value :  3.34875e-08
 Reference value :  3.35075e-08
 Reference value :  3.35225e-08
 Reference value :  3.35425e-08
 Reference value :  3.35575e-08
 Reference value :  3.35725e-08
 Reference value :  3.35875e-08
 Reference value :  3.36025e-08
 Reference value :  3.36225e-08
 Reference value :  3.36375e-08
 Reference value :  3.36525e-08
 Reference value :  3.36675e-08
 Reference value :  3.36875e-08
 Reference value :  3.37075e-08
 Reference value :  3.37275e-08
 Reference value :  3.37425e-08
 Reference value :  3.37625e-08
 Reference value :  3.37825e-08
 Reference value :  3.38025e-08
 Reference value :  3.38175e-08
 Reference value :  3.38325e-08
 Reference value :  3.38475e-08
 Reference value :  3.38625e-08
 Reference value :  3.38825e-08
 Reference value :  3.39025e-08
 Reference value :  3.39225e-08
 Reference value :  3.39425e-08
 Reference value :  3.39575e-08
 Reference value :  3.39775e-08
 Reference value :  3.39925e-08
 Reference value :  3.40075e-08
 Reference value :  3.40275e-08
 Reference value :  3.40425e-08
 Reference value :  3.40625e-08
 Reference value :  3.40775e-08
 Reference value :  3.40925e-08
 Reference value :  3.41075e-08
 Reference value :  3.41275e-08
 Reference value :  3.41425e-08
 Reference value :  3.41575e-08
 Reference value :  3.41725e-08
 Reference value :  3.41925e-08
 Reference value :  3.42125e-08
 Reference value :  3.42275e-08
 Reference value :  3.42425e-08
 Reference value :  3.42575e-08
 Reference value :  3.42775e-08
 Reference value :  3.42975e-08
 Reference value :  3.43125e-08
 Reference value :  3.43325e-08
 Reference value :  3.43475e-08
 Reference value :  3.43675e-08
 Reference value :  3.43825e-08
 Reference value :  3.43975e-08
 Reference value :  3.44125e-08
 Reference value :  3.44275e-08
 Reference value :  3.44425e-08
 Reference value :  3.44625e-08
 Reference value :  3.44775e-08
 Reference value :  3.44975e-08
 Reference value :  3.45125e-08
 Reference value :  3.45275e-08
 Reference value :  3.45475e-08
 Reference value :  3.45675e-08
 Reference value :  3.45875e-08
 Reference value :  3.46025e-08
 Reference value :  3.46225e-08
 Reference value :  3.46375e-08
 Reference value :  3.46525e-08
 Reference value :  3.46675e-08
 Reference value :  3.46875e-08
 Reference value :  3.47075e-08
 Reference value :  3.47225e-08
 Reference value :  3.47375e-08
 Reference value :  3.47525e-08
 Reference value :  3.47725e-08
 Reference value :  3.47925e-08
 Reference value :  3.48075e-08
 Reference value :  3.48225e-08
 Reference value :  3.48375e-08
 Reference value :  3.48575e-08
 Reference value :  3.48775e-08
 Reference value :  3.48925e-08
 Reference value :  3.49125e-08
 Reference value :  3.49325e-08
 Reference value :  3.49475e-08
 Reference value :  3.49625e-08
 Reference value :  3.49825e-08
 Reference value :  3.49975e-08
 Reference value :  3.50125e-08
 Reference value :  3.50275e-08
 Reference value :  3.50475e-08
 Reference value :  3.50675e-08
 Reference value :  3.50825e-08
 Reference value :  3.51025e-08
 Reference value :  3.51175e-08
 Reference value :  3.51375e-08
 Reference value :  3.51575e-08
 Reference value :  3.51725e-08
 Reference value :  3.51925e-08
 Reference value :  3.52075e-08
 Reference value :  3.52225e-08
 Reference value :  3.52425e-08
 Reference value :  3.52625e-08
 Reference value :  3.52775e-08
 Reference value :  3.52925e-08
 Reference value :  3.53125e-08
 Reference value :  3.53325e-08
 Reference value :  3.53525e-08
 Reference value :  3.53675e-08
 Reference value :  3.53875e-08
 Reference value :  3.54075e-08
 Reference value :  3.54275e-08
 Reference value :  3.54475e-08
 Reference value :  3.54675e-08
 Reference value :  3.54875e-08
 Reference value :  3.55075e-08
 Reference value :  3.55225e-08
 Reference value :  3.55425e-08
 Reference value :  3.55625e-08
 Reference value :  3.55825e-08
 Reference value :  3.55975e-08
 Reference value :  3.56175e-08
 Reference value :  3.56325e-08
 Reference value :  3.56525e-08
 Reference value :  3.56725e-08
 Reference value :  3.56925e-08
 Reference value :  3.57125e-08
 Reference value :  3.57325e-08
 Reference value :  3.57525e-08
 Reference value :  3.57775e-08
 Reference value :  3.57925e-08
 Reference value :  3.58125e-08
 Reference value :  3.58325e-08
 Reference value :  3.58525e-08
 Reference value :  3.58725e-08
 Reference value :  3.58875e-08
 Reference value :  3.59025e-08
 Reference value :  3.59275e-08
 Reference value :  3.59475e-08
 Reference value :  3.59725e-08
 Reference value :  3.59925e-08
 Reference value :  3.60125e-08
 Reference value :  3.60325e-08
 Reference value :  3.60525e-08
 Reference value :  3.60725e-08
 Reference value :  3.60875e-08
 Reference value :  3.61025e-08
 Reference value :  3.61225e-08
 Reference value :  3.61425e-08
 Reference value :  3.61675e-08
 Reference value :  3.61925e-08
 Reference value :  3.62125e-08
 Reference value :  3.62375e-08
 Reference value :  3.62525e-08
 Reference value :  3.62775e-08
 Reference value :  3.62975e-08
 Reference value :  3.63175e-08
 Reference value :  3.63325e-08
 Reference value :  3.63525e-08
 Reference value :  3.63725e-08
 Reference value :  3.63925e-08
 Reference value :  3.64125e-08
 Reference value :  3.64275e-08
 Reference value :  3.64475e-08
 Reference value :  3.64725e-08
 Reference value :  3.64925e-08
 Reference value :  3.65125e-08
 Reference value :  3.65275e-08
 Reference value :  3.65475e-08
 Reference value :  3.65725e-08
 Reference value :  3.65925e-08
 Reference value :  3.66125e-08
 Reference value :  3.66325e-08
 Reference value :  3.66525e-08
 Reference value :  3.66675e-08
 Reference value :  3.66875e-08
 Reference value :  3.67075e-08
 Reference value :  3.67275e-08
 Reference value :  3.67425e-08
 Reference value :  3.67625e-08
 Reference value :  3.67775e-08
 Reference value :  3.67925e-08
 Reference value :  3.68075e-08
 Reference value :  3.68225e-08
 Reference value :  3.68425e-08
 Reference value :  3.68625e-08
 Reference value :  3.68825e-08
 Reference value :  3.68975e-08
 Reference value :  3.69125e-08
 Reference value :  3.69275e-08
 Reference value :  3.69475e-08
 Reference value :  3.69675e-08
 Reference value :  3.69825e-08
 Reference value :  3.69975e-08
 Reference value :  3.70175e-08
 Reference value :  3.70375e-08
 Reference value :  3.70575e-08
 Reference value :  3.70775e-08
 Reference value :  3.70925e-08
 Reference value :  3.71125e-08
 Reference value :  3.71275e-08
 Reference value :  3.71475e-08
 Reference value :  3.71725e-08
 Reference value :  3.71875e-08
 Reference value :  3.72075e-08
 Reference value :  3.72225e-08
 Reference value :  3.72425e-08
 Reference value :  3.72575e-08
 Reference value :  3.72775e-08
 Reference value :  3.72975e-08
 Reference value :  3.73175e-08
 Reference value :  3.73325e-08
 Reference value :  3.73475e-08
 Reference value :  3.73625e-08
 Reference value :  3.73825e-08
 Reference value :  3.74025e-08
 Reference value :  3.74225e-08
 Reference value :  3.74375e-08
 Reference value :  3.74575e-08
 Reference value :  3.74775e-08
 Reference value :  3.74925e-08
 Reference value :  3.75075e-08
 Reference value :  3.75275e-08
 Reference value :  3.75425e-08
 Reference value :  3.75625e-08
 Reference value :  3.75825e-08
 Reference value :  3.76025e-08
 Reference value :  3.76225e-08
 Reference value :  3.76375e-08
 Reference value :  3.76575e-08
 Reference value :  3.76825e-08
 Reference value :  3.77025e-08
 Reference value :  3.77175e-08
 Reference value :  3.77375e-08
 Reference value :  3.77525e-08
 Reference value :  3.77725e-08
 Reference value :  3.77875e-08
 Reference value :  3.78075e-08
 Reference value :  3.78275e-08
 Reference value :  3.78475e-08
 Reference value :  3.78625e-08
 Reference value :  3.78775e-08
 Reference value :  3.78925e-08
 Reference value :  3.79125e-08
 Reference value :  3.79375e-08
 Reference value :  3.79525e-08
 Reference value :  3.79725e-08
 Reference value :  3.79925e-08
 Reference value :  3.80075e-08
 Reference value :  3.80225e-08
 Reference value :  3.80425e-08
 Reference value :  3.80625e-08
 Reference value :  3.80825e-08
 Reference value :  3.81025e-08
 Reference value :  3.81175e-08
 Reference value :  3.81375e-08
 Reference value :  3.81575e-08
 Reference value :  3.81775e-08
 Reference value :  3.81925e-08
 Reference value :  3.82075e-08
 Reference value :  3.82225e-08
 Reference value :  3.82375e-08
 Reference value :  3.82525e-08
 Reference value :  3.82725e-08
 Reference value :  3.82925e-08
 Reference value :  3.83075e-08
 Reference value :  3.83325e-08
 Reference value :  3.83525e-08
 Reference value :  3.83825e-08
 Reference value :  3.83975e-08
 Reference value :  3.84175e-08
 Reference value :  3.84325e-08
 Reference value :  3.84475e-08
 Reference value :  3.84675e-08
 Reference value :  3.84825e-08
 Reference value :  3.85075e-08
 Reference value :  3.85275e-08
 Reference value :  3.85425e-08
 Reference value :  3.85625e-08
 Reference value :  3.85825e-08
 Reference value :  3.85975e-08
 Reference value :  3.86125e-08
 Reference value :  3.86375e-08
 Reference value :  3.86575e-08
 Reference value :  3.86775e-08
 Reference value :  3.87025e-08
 Reference value :  3.87225e-08
 Reference value :  3.87425e-08
 Reference value :  3.87625e-08
 Reference value :  3.87775e-08
 Reference value :  3.87925e-08
 Reference value :  3.88125e-08
 Reference value :  3.88375e-08
 Reference value :  3.88575e-08
 Reference value :  3.88725e-08
 Reference value :  3.88925e-08
 Reference value :  3.89125e-08
 Reference value :  3.89325e-08
 Reference value :  3.89525e-08
 Reference value :  3.89725e-08
 Reference value :  3.89925e-08
 Reference value :  3.90075e-08
 Reference value :  3.90225e-08
 Reference value :  3.90375e-08
 Reference value :  3.90525e-08
 Reference value :  3.90725e-08
 Reference value :  3.90925e-08
 Reference value :  3.91125e-08
 Reference value :  3.91325e-08
 Reference value :  3.91525e-08
 Reference value :  3.91675e-08
 Reference value :  3.91875e-08
 Reference value :  3.92025e-08
 Reference value :  3.92225e-08
 Reference value :  3.92375e-08
 Reference value :  3.92575e-08
 Reference value :  3.92775e-08
 Reference value :  3.92975e-08
 Reference value :  3.93225e-08
 Reference value :  3.93475e-08
 Reference value :  3.93675e-08
 Reference value :  3.93925e-08
 Reference value :  3.94125e-08
 Reference value :  3.94375e-08
 Reference value :  3.94525e-08
 Reference value :  3.94675e-08
 Reference value :  3.94875e-08
 Reference value :  3.95075e-08
 Reference value :  3.95225e-08
 Reference value :  3.95425e-08
 Reference value :  3.95625e-08
 Reference value :  3.95825e-08
 Reference value :  3.95975e-08
 Reference value :  3.96125e-08
 Reference value :  3.96325e-08
 Reference value :  3.96525e-08
 Reference value :  3.96725e-08
 Reference value :  3.96975e-08
 Reference value :  3.97175e-08
 Reference value :  3.97375e-08
 Reference value :  3.97525e-08
 Reference value :  3.97725e-08
 Reference value :  3.97875e-08
 Reference value :  3.98075e-08
 Reference value :  3.98225e-08
 Reference value :  3.98375e-08
 Reference value :  3.98625e-08
 Reference value :  3.98875e-08
 Reference value :  3.99075e-08
 Reference value :  3.99275e-08
 Reference value :  3.99475e-08
 Reference value :  3.99725e-08
 Reference value :  3.99925e-08
 Reference value :  4.00125e-08
 Reference value :  4.00375e-08
 Reference value :  4.00525e-08
 Reference value :  4.00725e-08
 Reference value :  4.00925e-08
 Reference value :  4.01125e-08
 Reference value :  4.01325e-08
 Reference value :  4.01525e-08
 Reference value :  4.01725e-08
 Reference value :  4.01875e-08
 Reference value :  4.02075e-08
 Reference value :  4.02225e-08
 Reference value :  4.02375e-08
 Reference value :  4.02525e-08
 Reference value :  4.02675e-08
 Reference value :  4.02825e-08
 Reference value :  4.03025e-08
 Reference value :  4.03225e-08
 Reference value :  4.03425e-08
 Reference value :  4.03625e-08
 Reference value :  4.03775e-08
 Reference value :  4.03975e-08
 Reference value :  4.04175e-08
 Reference value :  4.04375e-08
 Reference value :  4.04525e-08
 Reference value :  4.04675e-08
 Reference value :  4.04925e-08
 Reference value :  4.05125e-08
 Reference value :  4.05325e-08
 Reference value :  4.05575e-08
 Reference value :  4.05775e-08
 Reference value :  4.05925e-08
 Reference value :  4.06125e-08
 Reference value :  4.06325e-08
 Reference value :  4.06525e-08
 Reference value :  4.06725e-08
 Reference value :  4.06925e-08
 Reference value :  4.07075e-08
 Reference value :  4.07225e-08
 Reference value :  4.07375e-08
 Reference value :  4.07525e-08
 Reference value :  4.07725e-08
 Reference value :  4.07925e-08
 Reference value :  4.08125e-08
 Reference value :  4.08325e-08
 Reference value :  4.08525e-08
 Reference value :  4.08675e-08
 Reference value :  4.08925e-08
 Reference value :  4.09125e-08
 Reference value :  4.09325e-08
 Reference value :  4.09475e-08
 Reference value :  4.09725e-08
 Reference value :  4.09975e-08
 Reference value :  4.10175e-08
 Reference value :  4.10375e-08
 Reference value :  4.10575e-08
 Reference value :  4.10775e-08
 Reference value :  4.10975e-08
 Reference value :  4.11125e-08
 Reference value :  4.11275e-08
 Reference value :  4.11425e-08
 Reference value :  4.11625e-08
 Reference value :  4.11825e-08
 Reference value :  4.12025e-08
 Reference value :  4.12275e-08
 Reference value :  4.12425e-08
 Reference value :  4.12625e-08
 Reference value :  4.12825e-08
 Reference value :  4.13025e-08
 Reference value :  4.13275e-08
 Reference value :  4.13475e-08
 Reference value :  4.13625e-08
 Reference value :  4.13775e-08
 Reference value :  4.13975e-08
 Reference value :  4.14175e-08
 Reference value :  4.14375e-08
 Reference value :  4.14575e-08
 Reference value :  4.14775e-08
 Reference value :  4.14925e-08
 Reference value :  4.15075e-08
 Reference value :  4.15325e-08
 Reference value :  4.15525e-08
 Reference value :  4.15725e-08
 Reference value :  4.15925e-08
 Reference value :  4.16125e-08
 Reference value :  4.16325e-08
 Reference value :  4.16525e-08
 Reference value :  4.16725e-08
 Reference value :  4.16925e-08
 Reference value :  4.17175e-08
 Reference value :  4.17375e-08
 Reference value :  4.17525e-08
 Reference value :  4.17725e-08
 Reference value :  4.17925e-08
 Reference value :  4.18075e-08
 Reference value :  4.18275e-08
 Reference value :  4.18525e-08
 Reference value :  4.18775e-08
 Reference value :  4.18975e-08
 Reference value :  4.19125e-08
 Reference value :  4.19325e-08
 Reference value :  4.19575e-08
 Reference value :  4.19725e-08
 Reference value :  4.19925e-08
 Reference value :  4.20125e-08
 Reference value :  4.20375e-08
 Reference value :  4.20625e-08
 Reference value :  4.20875e-08
 Reference value :  4.21125e-08
 Reference value :  4.21375e-08
 Reference value :  4.21575e-08
 Reference value :  4.21775e-08
 Reference value :  4.21975e-08
 Reference value :  4.22175e-08
 Reference value :  4.22325e-08
 Reference value :  4.22475e-08
 Reference value :  4.22675e-08
 Reference value :  4.22825e-08
 Reference value :  4.23025e-08
 Reference value :  4.23275e-08
 Reference value :  4.23475e-08
 Reference value :  4.23625e-08
 Reference value :  4.23775e-08
 Reference value :  4.23925e-08
 Reference value :  4.24125e-08
 Reference value :  4.24325e-08
 Reference value :  4.24475e-08
 Reference value :  4.24725e-08
 Reference value :  4.24925e-08
 Reference value :  4.25175e-08
 Reference value :  4.25425e-08
 Reference value :  4.25625e-08
 Reference value :  4.25825e-08
 Reference value :  4.26075e-08
 Reference value :  4.26275e-08
 Reference value :  4.26525e-08
 Reference value :  4.26725e-08
 Reference value :  4.26925e-08
 Reference value :  4.27125e-08
 Reference value :  4.27375e-08
 Reference value :  4.27525e-08
 Reference value :  4.27725e-08
 Reference value :  4.27975e-08
 Reference value :  4.28175e-08
 Reference value :  4.28375e-08
 Reference value :  4.28575e-08
 Reference value :  4.28775e-08
 Reference value :  4.28925e-08
 Reference value :  4.29125e-08
 Reference value :  4.29325e-08
 Reference value :  4.29475e-08
 Reference value :  4.29725e-08
 Reference value :  4.29925e-08
 Reference value :  4.30075e-08
 Reference value :  4.30275e-08
 Reference value :  4.30525e-08
 Reference value :  4.30775e-08
 Reference value :  4.30975e-08
 Reference value :  4.31225e-08
 Reference value :  4.31425e-08
 Reference value :  4.31625e-08
 Reference value :  4.31775e-08
 Reference value :  4.31975e-08
 Reference value :  4.32175e-08
 Reference value :  4.32375e-08
 Reference value :  4.32575e-08
 Reference value :  4.32725e-08
 Reference value :  4.32875e-08
 Reference value :  4.33125e-08
 Reference value :  4.33325e-08
 Reference value :  4.33525e-08
 Reference value :  4.33725e-08
 Reference value :  4.33925e-08
 Reference value :  4.34125e-08
 Reference value :  4.34325e-08
 Reference value :  4.34525e-08
 Reference value :  4.34725e-08
 Reference value :  4.34925e-08
 Reference value :  4.35125e-08
 Reference value :  4.35325e-08
 Reference value :  4.35525e-08
 Reference value :  4.35725e-08
 Reference value :  4.35925e-08
 Reference value :  4.36175e-08
 Reference value :  4.36325e-08
 Reference value :  4.36475e-08
 Reference value :  4.36675e-08
 Reference value :  4.36825e-08
 Reference value :  4.37025e-08
 Reference value :  4.37175e-08
 Reference value :  4.37375e-08
 Reference value :  4.37525e-08
 Reference value :  4.37725e-08
 Reference value :  4.37975e-08
 Reference value :  4.38175e-08
 Reference value :  4.38425e-08
 Reference value :  4.38675e-08
 Reference value :  4.38875e-08
 Reference value :  4.39025e-08
 Reference value :  4.39225e-08
 Reference value :  4.39375e-08
 Reference value :  4.39525e-08
 Reference value :  4.39675e-08
 Reference value :  4.39875e-08
 Reference value :  4.40075e-08
 Reference value :  4.40225e-08
 Reference value :  4.40425e-08
 Reference value :  4.40575e-08
 Reference value :  4.40775e-08
 Reference value :  4.40975e-08
 Reference value :  4.41175e-08
 Reference value :  4.41375e-08
 Reference value :  4.41575e-08
 Reference value :  4.41775e-08
 Reference value :  4.42025e-08
 Reference value :  4.42275e-08
 Reference value :  4.42475e-08
 Reference value :  4.42625e-08
 Reference value :  4.42775e-08
 Reference value :  4.42975e-08
 Reference value :  4.43175e-08
 Reference value :  4.43375e-08
 Reference value :  4.43575e-08
 Reference value :  4.43775e-08
 Reference value :  4.43975e-08
 Reference value :  4.44175e-08
 Reference value :  4.44325e-08
 Reference value :  4.44525e-08
 Reference value :  4.44775e-08
 Reference value :  4.44925e-08
 Reference value :  4.45125e-08
 Reference value :  4.45325e-08
 Reference value :  4.45525e-08
 Reference value :  4.45725e-08
 Reference value :  4.45925e-08
 Reference value :  4.46125e-08
 Reference value :  4.46325e-08
 Reference value :  4.46525e-08
 Reference value :  4.46775e-08
 Reference value :  4.46975e-08
 Reference value :  4.47175e-08
 Reference value :  4.47375e-08
 Reference value :  4.47575e-08
 Reference value :  4.47825e-08
 Reference value :  4.47975e-08
 Reference value :  4.48175e-08
 Reference value :  4.48375e-08
 Reference value :  4.48525e-08
 Reference value :  4.48725e-08
 Reference value :  4.48925e-08
 Reference value :  4.49075e-08
 Reference value :  4.49275e-08
 Reference value :  4.49475e-08
 Reference value :  4.49725e-08
 Reference value :  4.49925e-08
 Reference value :  4.50175e-08
 Reference value :  4.50325e-08
 Reference value :  4.50525e-08
 Reference value :  4.50675e-08
 Reference value :  4.50825e-08
 Reference value :  4.51000e-08
No. of Data Rows : 9034
Note: Simulation executed from .control section 
