
Note: Compatibility modes selected: hs a


Circuit: * comparator-decision regen-time sweep -- vindiff=0.5mv corner=tt temp=27.0c (issue #9)

option SCALE: Scale is set to 1e-06 for instance and model parameters
option SCALE: Scale is set to 1e-06 for instance and model parameters
option SCALE: Scale is set to 1e-06 for instance and model parameters
option SCALE: Scale is set to 1e-06 for instance and model parameters
Doing analysis at TEMP = 27.000000 and TNOM = 27.000000

Using KLU as Direct Linear Solver
 Reference value :  0.00000e+00
 Reference value :  2.00000e-13
 Reference value :  1.60000e-12
 Reference value :  1.14000e-11
 Reference value :  2.64000e-11
 Reference value :  4.14000e-11
 Reference value :  6.14000e-11
 Reference value :  7.64000e-11
 Reference value :  9.64000e-11
 Reference value :  1.11400e-10
 Reference value :  1.26400e-10
 Reference value :  1.41400e-10
 Reference value :  1.56400e-10
 Reference value :  1.76400e-10
 Reference value :  1.96400e-10
 Reference value :  2.16400e-10
 Reference value :  2.31400e-10
 Reference value :  2.46400e-10
 Reference value :  2.66400e-10
 Reference value :  2.81400e-10
 Reference value :  3.01400e-10
 Reference value :  3.16400e-10
 Reference value :  3.31400e-10
 Reference value :  3.51400e-10
 Reference value :  3.66400e-10
 Reference value :  3.81400e-10
 Reference value :  4.01400e-10
 Reference value :  4.21400e-10
 Reference value :  4.41400e-10
 Reference value :  4.61400e-10
 Reference value :  4.76400e-10
 Reference value :  4.91400e-10
 Reference value :  5.11400e-10
 Reference value :  5.31400e-10
 Reference value :  5.46400e-10
 Reference value :  5.61400e-10
 Reference value :  5.76400e-10
 Reference value :  5.91400e-10
 Reference value :  6.11400e-10
 Reference value :  6.26400e-10
 Reference value :  6.46400e-10
 Reference value :  6.61400e-10
 Reference value :  6.76400e-10
 Reference value :  6.96400e-10
 Reference value :  7.11400e-10
 Reference value :  7.26400e-10
 Reference value :  7.41400e-10
 Reference value :  7.56400e-10
 Reference value :  7.76400e-10
 Reference value :  7.91400e-10
 Reference value :  8.06400e-10
 Reference value :  8.26400e-10
 Reference value :  8.41400e-10
 Reference value :  8.61400e-10
 Reference value :  8.76400e-10
 Reference value :  8.96400e-10
 Reference value :  9.11400e-10
 Reference value :  9.26400e-10
 Reference value :  9.41400e-10
 Reference value :  9.56400e-10
 Reference value :  9.71400e-10
 Reference value :  9.91400e-10
 Reference value :  1.01140e-09
 Reference value :  1.02640e-09
 Reference value :  1.04140e-09
 Reference value :  1.05640e-09
 Reference value :  1.07140e-09
 Reference value :  1.08640e-09
 Reference value :  1.10140e-09
 Reference value :  1.11640e-09
 Reference value :  1.13140e-09
 Reference value :  1.15140e-09
 Reference value :  1.16640e-09
 Reference value :  1.18640e-09
 Reference value :  1.20140e-09
 Reference value :  1.22140e-09
 Reference value :  1.23640e-09
 Reference value :  1.25140e-09
 Reference value :  1.26640e-09
 Reference value :  1.28140e-09
 Reference value :  1.29640e-09
 Reference value :  1.31640e-09
 Reference value :  1.33640e-09
 Reference value :  1.36140e-09
 Reference value :  1.38140e-09
 Reference value :  1.40140e-09
 Reference value :  1.41640e-09
 Reference value :  1.43640e-09
 Reference value :  1.45140e-09
 Reference value :  1.47640e-09
 Reference value :  1.49640e-09
 Reference value :  1.51140e-09
 Reference value :  1.53140e-09
 Reference value :  1.54640e-09
 Reference value :  1.56140e-09
 Reference value :  1.57640e-09
 Reference value :  1.60140e-09
 Reference value :  1.62140e-09
 Reference value :  1.64140e-09
 Reference value :  1.66140e-09
 Reference value :  1.68140e-09
 Reference value :  1.70140e-09
 Reference value :  1.72140e-09
 Reference value :  1.74140e-09
 Reference value :  1.76140e-09
 Reference value :  1.78140e-09
 Reference value :  1.80140e-09
 Reference value :  1.82140e-09
 Reference value :  1.84140e-09
 Reference value :  1.86140e-09
 Reference value :  1.88140e-09
 Reference value :  1.90140e-09
 Reference value :  1.92140e-09
 Reference value :  1.95140e-09
 Reference value :  1.97140e-09
 Reference value :  1.99140e-09
 Reference value :  2.01140e-09
 Reference value :  2.03140e-09
 Reference value :  2.05140e-09
 Reference value :  2.07140e-09
 Reference value :  2.08640e-09
 Reference value :  2.10140e-09
 Reference value :  2.11640e-09
 Reference value :  2.13140e-09
 Reference value :  2.15140e-09
 Reference value :  2.16640e-09
 Reference value :  2.18640e-09
 Reference value :  2.20640e-09
 Reference value :  2.23140e-09
 Reference value :  2.25140e-09
 Reference value :  2.27140e-09
 Reference value :  2.28640e-09
 Reference value :  2.30640e-09
 Reference value :  2.32140e-09
 Reference value :  2.34140e-09
 Reference value :  2.36140e-09
 Reference value :  2.38140e-09
 Reference value :  2.40140e-09
 Reference value :  2.42140e-09
 Reference value :  2.43640e-09
 Reference value :  2.45640e-09
 Reference value :  2.47640e-09
 Reference value :  2.49640e-09
 Reference value :  2.52140e-09
 Reference value :  2.54140e-09
 Reference value :  2.56140e-09
 Reference value :  2.57640e-09
 Reference value :  2.59640e-09
 Reference value :  2.61640e-09
 Reference value :  2.63640e-09
 Reference value :  2.66140e-09
 Reference value :  2.68140e-09
 Reference value :  2.70140e-09
 Reference value :  2.71640e-09
 Reference value :  2.74140e-09
 Reference value :  2.76140e-09
 Reference value :  2.78140e-09
 Reference value :  2.80140e-09
 Reference value :  2.82140e-09
 Reference value :  2.84140e-09
 Reference value :  2.85640e-09
 Reference value :  2.87640e-09
 Reference value :  2.89640e-09
 Reference value :  2.92140e-09
 Reference value :  2.94140e-09
 Reference value :  2.96640e-09
 Reference value :  2.99140e-09
 Reference value :  3.01140e-09
 Reference value :  3.02640e-09
 Reference value :  3.04640e-09
 Reference value :  3.07140e-09
 Reference value :  3.09640e-09
 Reference value :  3.11640e-09
 Reference value :  3.13640e-09
 Reference value :  3.15140e-09
 Reference value :  3.17640e-09
 Reference value :  3.19640e-09
 Reference value :  3.21640e-09
 Reference value :  3.23640e-09
 Reference value :  3.26140e-09
 Reference value :  3.28140e-09
 Reference value :  3.30640e-09
 Reference value :  3.33140e-09
 Reference value :  3.35640e-09
 Reference value :  3.37640e-09
 Reference value :  3.39640e-09
 Reference value :  3.41640e-09
 Reference value :  3.43640e-09
 Reference value :  3.45640e-09
 Reference value :  3.47640e-09
 Reference value :  3.49640e-09
 Reference value :  3.51640e-09
 Reference value :  3.53640e-09
 Reference value :  3.55640e-09
 Reference value :  3.57640e-09
 Reference value :  3.59640e-09
 Reference value :  3.61640e-09
 Reference value :  3.64640e-09
 Reference value :  3.66640e-09
 Reference value :  3.68140e-09
 Reference value :  3.70140e-09
 Reference value :  3.72640e-09
 Reference value :  3.74640e-09
 Reference value :  3.77140e-09
 Reference value :  3.79140e-09
 Reference value :  3.81140e-09
 Reference value :  3.82640e-09
 Reference value :  3.84640e-09
 Reference value :  3.86140e-09
 Reference value :  3.88140e-09
 Reference value :  3.90140e-09
 Reference value :  3.92640e-09
 Reference value :  3.94640e-09
 Reference value :  3.96640e-09
 Reference value :  3.99140e-09
 Reference value :  4.00640e-09
 Reference value :  4.02140e-09
 Reference value :  4.03640e-09
 Reference value :  4.05140e-09
 Reference value :  4.07140e-09
 Reference value :  4.09140e-09
 Reference value :  4.11140e-09
 Reference value :  4.13640e-09
 Reference value :  4.15140e-09
 Reference value :  4.17140e-09
 Reference value :  4.19140e-09
 Reference value :  4.21140e-09
 Reference value :  4.23640e-09
 Reference value :  4.25640e-09
 Reference value :  4.27640e-09
 Reference value :  4.30140e-09
 Reference value :  4.32640e-09
 Reference value :  4.34640e-09
 Reference value :  4.36640e-09
 Reference value :  4.38640e-09
 Reference value :  4.41140e-09
 Reference value :  4.42640e-09
 Reference value :  4.44640e-09
 Reference value :  4.46640e-09
 Reference value :  4.49140e-09
 Reference value :  4.51140e-09
 Reference value :  4.53140e-09
 Reference value :  4.55140e-09
 Reference value :  4.57140e-09
 Reference value :  4.59140e-09
 Reference value :  4.61640e-09
 Reference value :  4.63640e-09
 Reference value :  4.66140e-09
 Reference value :  4.67640e-09
 Reference value :  4.69640e-09
 Reference value :  4.71640e-09
 Reference value :  4.73640e-09
 Reference value :  4.75640e-09
 Reference value :  4.77640e-09
 Reference value :  4.79640e-09
 Reference value :  4.81140e-09
 Reference value :  4.83140e-09
 Reference value :  4.85140e-09
 Reference value :  4.87140e-09
 Reference value :  4.88640e-09
 Reference value :  4.90640e-09
 Reference value :  4.92640e-09
 Reference value :  4.94640e-09
 Reference value :  4.96640e-09
 Reference value :  4.99140e-09
 Reference value :  5.00150e-09
 Reference value :  5.01750e-09
 Reference value :  5.03250e-09
 Reference value :  5.05250e-09
 Reference value :  5.06750e-09
 Reference value :  5.08750e-09
 Reference value :  5.10050e-09
 Reference value :  5.11250e-09
 Reference value :  5.13250e-09
 Reference value :  5.15250e-09
 Reference value :  5.17250e-09
 Reference value :  5.19250e-09
 Reference value :  5.21250e-09
 Reference value :  5.23750e-09
 Reference value :  5.25250e-09
 Reference value :  5.27250e-09
 Reference value :  5.29250e-09
 Reference value :  5.30750e-09
 Reference value :  5.32250e-09
 Reference value :  5.34250e-09
 Reference value :  5.36250e-09
 Reference value :  5.38750e-09
 Reference value :  5.40250e-09
 Reference value :  5.41750e-09
 Reference value :  5.44250e-09
 Reference value :  5.46750e-09
 Reference value :  5.48750e-09
 Reference value :  5.50250e-09
 Reference value :  5.52250e-09
 Reference value :  5.54250e-09
 Reference value :  5.56250e-09
 Reference value :  5.58250e-09
 Reference value :  5.60750e-09
 Reference value :  5.62750e-09
 Reference value :  5.64750e-09
 Reference value :  5.66250e-09
 Reference value :  5.68250e-09
 Reference value :  5.70250e-09
 Reference value :  5.72250e-09
 Reference value :  5.74250e-09
 Reference value :  5.76250e-09
 Reference value :  5.78250e-09
 Reference value :  5.79750e-09
 Reference value :  5.81250e-09
 Reference value :  5.82750e-09
 Reference value :  5.84250e-09
 Reference value :  5.86250e-09
 Reference value :  5.88250e-09
 Reference value :  5.90250e-09
 Reference value :  5.92250e-09
 Reference value :  5.94250e-09
 Reference value :  5.96750e-09
 Reference value :  5.98750e-09
 Reference value :  6.00750e-09
 Reference value :  6.02750e-09
 Reference value :  6.04750e-09
 Reference value :  6.06750e-09
 Reference value :  6.08750e-09
 Reference value :  6.10750e-09
 Reference value :  6.12750e-09
 Reference value :  6.14750e-09
 Reference value :  6.16750e-09
 Reference value :  6.18750e-09
 Reference value :  6.20250e-09
 Reference value :  6.22250e-09
 Reference value :  6.24250e-09
 Reference value :  6.26750e-09
 Reference value :  6.29250e-09
 Reference value :  6.31750e-09
 Reference value :  6.33750e-09
 Reference value :  6.35750e-09
 Reference value :  6.37250e-09
 Reference value :  6.38750e-09
 Reference value :  6.40750e-09
 Reference value :  6.42750e-09
 Reference value :  6.45250e-09
 Reference value :  6.47250e-09
 Reference value :  6.49750e-09
 Reference value :  6.51750e-09
 Reference value :  6.53750e-09
 Reference value :  6.56250e-09
 Reference value :  6.58250e-09
 Reference value :  6.60250e-09
 Reference value :  6.70750e-09
 Reference value :  6.72750e-09
 Reference value :  6.74750e-09
 Reference value :  6.76250e-09
 Reference value :  6.78250e-09
 Reference value :  6.80250e-09
 Reference value :  6.82250e-09
 Reference value :  6.83750e-09
 Reference value :  6.85750e-09
 Reference value :  6.87750e-09
 Reference value :  6.89750e-09
 Reference value :  6.91750e-09
 Reference value :  6.93750e-09
 Reference value :  6.95750e-09
 Reference value :  6.97750e-09
 Reference value :  6.99750e-09
 Reference value :  7.02250e-09
 Reference value :  7.04250e-09
 Reference value :  7.06250e-09
 Reference value :  7.08750e-09
 Reference value :  7.10750e-09
 Reference value :  7.12250e-09
 Reference value :  7.14250e-09
 Reference value :  7.16250e-09
 Reference value :  7.18250e-09
 Reference value :  7.20250e-09
 Reference value :  7.22750e-09
 Reference value :  7.25250e-09
 Reference value :  7.27250e-09
 Reference value :  7.29250e-09
 Reference value :  7.31750e-09
 Reference value :  7.33750e-09
 Reference value :  7.35750e-09
 Reference value :  7.37750e-09
 Reference value :  7.39750e-09
 Reference value :  7.41250e-09
 Reference value :  7.43250e-09
 Reference value :  7.45250e-09
 Reference value :  7.47250e-09
 Reference value :  7.49250e-09
 Reference value :  7.51250e-09
 Reference value :  7.53250e-09
 Reference value :  7.55250e-09
 Reference value :  7.57250e-09
 Reference value :  7.59750e-09
 Reference value :  7.61250e-09
 Reference value :  7.63250e-09
 Reference value :  7.65250e-09
 Reference value :  7.67250e-09
 Reference value :  7.69750e-09
 Reference value :  7.71750e-09
 Reference value :  7.73750e-09
 Reference value :  7.75750e-09
 Reference value :  7.78250e-09
 Reference value :  7.80250e-09
 Reference value :  7.81750e-09
 Reference value :  7.83750e-09
 Reference value :  7.85750e-09
 Reference value :  7.87750e-09
 Reference value :  7.89750e-09
 Reference value :  7.91750e-09
 Reference value :  7.93750e-09
 Reference value :  8.16250e-09
 Reference value :  8.18250e-09
 Reference value :  8.20250e-09
 Reference value :  8.22250e-09
 Reference value :  8.24750e-09
 Reference value :  8.26750e-09
 Reference value :  8.29750e-09
 Reference value :  8.32750e-09
 Reference value :  8.34750e-09
 Reference value :  8.36750e-09
 Reference value :  8.38750e-09
 Reference value :  8.41250e-09
 Reference value :  8.43750e-09
 Reference value :  8.46250e-09
 Reference value :  8.48250e-09
 Reference value :  8.50250e-09
 Reference value :  8.52250e-09
 Reference value :  8.54250e-09
 Reference value :  8.55750e-09
 Reference value :  8.57250e-09
 Reference value :  8.58750e-09
 Reference value :  8.60750e-09
 Reference value :  8.62750e-09
 Reference value :  8.64750e-09
 Reference value :  8.66750e-09
 Reference value :  8.68750e-09
 Reference value :  8.70750e-09
 Reference value :  8.72750e-09
 Reference value :  8.74250e-09
 Reference value :  8.76250e-09
 Reference value :  8.78250e-09
 Reference value :  8.80250e-09
 Reference value :  8.82250e-09
 Reference value :  8.84750e-09
 Reference value :  8.87250e-09
 Reference value :  8.89750e-09
 Reference value :  8.91750e-09
 Reference value :  8.94250e-09
 Reference value :  8.96750e-09
 Reference value :  8.98250e-09
 Reference value :  9.00250e-09
 Reference value :  9.02750e-09
 Reference value :  9.05250e-09
 Reference value :  9.07250e-09
 Reference value :  9.09250e-09
 Reference value :  9.10750e-09
 Reference value :  9.12750e-09
 Reference value :  9.14750e-09
 Reference value :  9.16750e-09
 Reference value :  9.18750e-09
 Reference value :  9.20750e-09
 Reference value :  9.22750e-09
 Reference value :  9.24750e-09
 Reference value :  9.27250e-09
 Reference value :  9.29250e-09
 Reference value :  9.31250e-09
 Reference value :  9.32750e-09
 Reference value :  9.34750e-09
 Reference value :  9.36750e-09
 Reference value :  9.38750e-09
 Reference value :  9.40750e-09
 Reference value :  9.42750e-09
 Reference value :  9.44250e-09
 Reference value :  9.45750e-09
 Reference value :  9.47750e-09
 Reference value :  9.49750e-09
 Reference value :  9.51750e-09
 Reference value :  9.53750e-09
 Reference value :  9.55250e-09
 Reference value :  9.57250e-09
 Reference value :  9.59250e-09
 Reference value :  9.61250e-09
 Reference value :  9.63250e-09
 Reference value :  9.65250e-09
 Reference value :  9.67250e-09
 Reference value :  9.69250e-09
 Reference value :  9.70750e-09
 Reference value :  9.72750e-09
 Reference value :  9.74750e-09
 Reference value :  9.76750e-09
 Reference value :  9.78750e-09
 Reference value :  9.80250e-09
 Reference value :  9.82250e-09
 Reference value :  9.84750e-09
 Reference value :  9.87250e-09
 Reference value :  9.89750e-09
 Reference value :  9.91750e-09
 Reference value :  9.93750e-09
 Reference value :  9.95750e-09
 Reference value :  9.97750e-09
 Reference value :  9.99750e-09
 Reference value :  1.00175e-08
 Reference value :  1.00425e-08
 Reference value :  1.00625e-08
 Reference value :  1.00825e-08
 Reference value :  1.01025e-08
 Reference value :  1.01225e-08
 Reference value :  1.01425e-08
 Reference value :  1.01575e-08
 Reference value :  1.01725e-08
 Reference value :  1.01875e-08
 Reference value :  1.02025e-08
 Reference value :  1.02225e-08
 Reference value :  1.02425e-08
 Reference value :  1.02625e-08
 Reference value :  1.02775e-08
 Reference value :  1.02975e-08
 Reference value :  1.03125e-08
 Reference value :  1.03375e-08
 Reference value :  1.03525e-08
 Reference value :  1.03675e-08
 Reference value :  1.03875e-08
 Reference value :  1.04075e-08
 Reference value :  1.04275e-08
 Reference value :  1.04425e-08
 Reference value :  1.04625e-08
 Reference value :  1.04875e-08
 Reference value :  1.05075e-08
 Reference value :  1.05275e-08
 Reference value :  1.05475e-08
 Reference value :  1.05725e-08
 Reference value :  1.05925e-08
 Reference value :  1.06125e-08
 Reference value :  1.06275e-08
 Reference value :  1.06475e-08
 Reference value :  1.06625e-08
 Reference value :  1.06825e-08
 Reference value :  1.07025e-08
 Reference value :  1.07175e-08
 Reference value :  1.07325e-08
 Reference value :  1.07525e-08
 Reference value :  1.07725e-08
 Reference value :  1.07975e-08
 Reference value :  1.08175e-08
 Reference value :  1.08325e-08
 Reference value :  1.08475e-08
 Reference value :  1.09475e-08
 Reference value :  1.09675e-08
 Reference value :  1.09825e-08
 Reference value :  1.10025e-08
 Reference value :  1.10225e-08
 Reference value :  1.10425e-08
 Reference value :  1.10625e-08
 Reference value :  1.10825e-08
 Reference value :  1.10975e-08
 Reference value :  1.11125e-08
 Reference value :  1.11325e-08
 Reference value :  1.11525e-08
 Reference value :  1.11725e-08
 Reference value :  1.11925e-08
 Reference value :  1.12075e-08
 Reference value :  1.12225e-08
 Reference value :  1.12425e-08
 Reference value :  1.12675e-08
 Reference value :  1.12825e-08
 Reference value :  1.12975e-08
 Reference value :  1.13125e-08
 Reference value :  1.13325e-08
 Reference value :  1.13475e-08
 Reference value :  1.13675e-08
 Reference value :  1.13875e-08
 Reference value :  1.14075e-08
 Reference value :  1.14225e-08
 Reference value :  1.14425e-08
 Reference value :  1.14575e-08
 Reference value :  1.14775e-08
 Reference value :  1.14975e-08
 Reference value :  1.15125e-08
 Reference value :  1.15325e-08
 Reference value :  1.15475e-08
 Reference value :  1.15625e-08
 Reference value :  1.15825e-08
 Reference value :  1.15975e-08
 Reference value :  1.16175e-08
 Reference value :  1.16375e-08
 Reference value :  1.16575e-08
 Reference value :  1.16725e-08
 Reference value :  1.16925e-08
 Reference value :  1.17075e-08
 Reference value :  1.17225e-08
 Reference value :  1.17375e-08
 Reference value :  1.17575e-08
 Reference value :  1.17775e-08
 Reference value :  1.17975e-08
 Reference value :  1.18125e-08
 Reference value :  1.18275e-08
 Reference value :  1.18475e-08
 Reference value :  1.18675e-08
 Reference value :  1.18875e-08
 Reference value :  1.19075e-08
 Reference value :  1.19275e-08
 Reference value :  1.19475e-08
 Reference value :  1.19675e-08
 Reference value :  1.19925e-08
 Reference value :  1.20075e-08
 Reference value :  1.20275e-08
 Reference value :  1.20475e-08
 Reference value :  1.20675e-08
 Reference value :  1.20825e-08
 Reference value :  1.21025e-08
 Reference value :  1.21225e-08
 Reference value :  1.21375e-08
 Reference value :  1.21575e-08
 Reference value :  1.21775e-08
 Reference value :  1.21975e-08
 Reference value :  1.22175e-08
 Reference value :  1.22375e-08
 Reference value :  1.22575e-08
 Reference value :  1.22775e-08
 Reference value :  1.23025e-08
 Reference value :  1.23275e-08
 Reference value :  1.23475e-08
 Reference value :  1.23675e-08
 Reference value :  1.23825e-08
 Reference value :  1.24025e-08
 Reference value :  1.24275e-08
 Reference value :  1.24425e-08
 Reference value :  1.24625e-08
 Reference value :  1.24875e-08
 Reference value :  1.25075e-08
 Reference value :  1.25275e-08
 Reference value :  1.25425e-08
 Reference value :  1.25575e-08
 Reference value :  1.25775e-08
 Reference value :  1.25975e-08
 Reference value :  1.26125e-08
 Reference value :  1.26275e-08
 Reference value :  1.26475e-08
 Reference value :  1.26675e-08
 Reference value :  1.26825e-08
 Reference value :  1.26975e-08
 Reference value :  1.27125e-08
 Reference value :  1.27325e-08
 Reference value :  1.27475e-08
 Reference value :  1.27675e-08
 Reference value :  1.27825e-08
 Reference value :  1.27975e-08
 Reference value :  1.28125e-08
 Reference value :  1.28325e-08
 Reference value :  1.28475e-08
 Reference value :  1.28675e-08
 Reference value :  1.28825e-08
 Reference value :  1.28975e-08
 Reference value :  1.29125e-08
 Reference value :  1.29325e-08
 Reference value :  1.29525e-08
 Reference value :  1.29725e-08
 Reference value :  1.29875e-08
 Reference value :  1.30075e-08
 Reference value :  1.30275e-08
 Reference value :  1.30425e-08
 Reference value :  1.30675e-08
 Reference value :  1.30925e-08
 Reference value :  1.31175e-08
 Reference value :  1.31375e-08
 Reference value :  1.31625e-08
 Reference value :  1.31875e-08
 Reference value :  1.32075e-08
 Reference value :  1.32325e-08
 Reference value :  1.32525e-08
 Reference value :  1.32725e-08
 Reference value :  1.32925e-08
 Reference value :  1.33125e-08
 Reference value :  1.33325e-08
 Reference value :  1.33575e-08
 Reference value :  1.33775e-08
 Reference value :  1.33975e-08
 Reference value :  1.34175e-08
 Reference value :  1.34375e-08
 Reference value :  1.34525e-08
 Reference value :  1.34725e-08
 Reference value :  1.34925e-08
 Reference value :  1.35075e-08
 Reference value :  1.35275e-08
 Reference value :  1.35425e-08
 Reference value :  1.35625e-08
 Reference value :  1.35825e-08
 Reference value :  1.36025e-08
 Reference value :  1.36225e-08
 Reference value :  1.36375e-08
 Reference value :  1.36525e-08
 Reference value :  1.36675e-08
 Reference value :  1.36825e-08
 Reference value :  1.37025e-08
 Reference value :  1.37225e-08
 Reference value :  1.37425e-08
 Reference value :  1.37575e-08
 Reference value :  1.37825e-08
 Reference value :  1.38025e-08
 Reference value :  1.38225e-08
 Reference value :  1.38425e-08
 Reference value :  1.38575e-08
 Reference value :  1.38775e-08
 Reference value :  1.38975e-08
 Reference value :  1.39175e-08
 Reference value :  1.39425e-08
 Reference value :  1.39625e-08
 Reference value :  1.39825e-08
 Reference value :  1.39975e-08
 Reference value :  1.40125e-08
 Reference value :  1.40325e-08
 Reference value :  1.40575e-08
 Reference value :  1.40775e-08
 Reference value :  1.40925e-08
 Reference value :  1.41125e-08
 Reference value :  1.41325e-08
 Reference value :  1.41575e-08
 Reference value :  1.41775e-08
 Reference value :  1.41925e-08
 Reference value :  1.42225e-08
 Reference value :  1.42475e-08
 Reference value :  1.42725e-08
 Reference value :  1.42925e-08
 Reference value :  1.43125e-08
 Reference value :  1.43325e-08
 Reference value :  1.43575e-08
 Reference value :  1.43775e-08
 Reference value :  1.43975e-08
 Reference value :  1.44125e-08
 Reference value :  1.44275e-08
 Reference value :  1.44425e-08
 Reference value :  1.44725e-08
 Reference value :  1.44975e-08
 Reference value :  1.45225e-08
 Reference value :  1.45375e-08
 Reference value :  1.45575e-08
 Reference value :  1.45775e-08
 Reference value :  1.45975e-08
 Reference value :  1.46125e-08
 Reference value :  1.46325e-08
 Reference value :  1.46525e-08
 Reference value :  1.46725e-08
 Reference value :  1.46925e-08
 Reference value :  1.47125e-08
 Reference value :  1.47325e-08
 Reference value :  1.47475e-08
 Reference value :  1.47625e-08
 Reference value :  1.47775e-08
 Reference value :  1.47925e-08
 Reference value :  1.48125e-08
 Reference value :  1.48275e-08
 Reference value :  1.48475e-08
 Reference value :  1.48675e-08
 Reference value :  1.48875e-08
 Reference value :  1.49075e-08
 Reference value :  1.49275e-08
 Reference value :  1.49425e-08
 Reference value :  1.49575e-08
 Reference value :  1.49775e-08
 Reference value :  1.49975e-08
 Reference value :  1.50125e-08
 Reference value :  1.50325e-08
 Reference value :  1.50475e-08
 Reference value :  1.50675e-08
 Reference value :  1.50825e-08
 Reference value :  1.50975e-08
 Reference value :  1.51125e-08
 Reference value :  1.51325e-08
 Reference value :  1.51475e-08
 Reference value :  1.51675e-08
 Reference value :  1.51825e-08
 Reference value :  1.52025e-08
 Reference value :  1.52225e-08
 Reference value :  1.52375e-08
 Reference value :  1.52525e-08
 Reference value :  1.52725e-08
 Reference value :  1.52925e-08
 Reference value :  1.53125e-08
 Reference value :  1.53325e-08
 Reference value :  1.53525e-08
 Reference value :  1.53675e-08
 Reference value :  1.53825e-08
 Reference value :  1.54025e-08
 Reference value :  1.54175e-08
 Reference value :  1.54325e-08
 Reference value :  1.54475e-08
 Reference value :  1.54625e-08
 Reference value :  1.54825e-08
 Reference value :  1.55025e-08
 Reference value :  1.55225e-08
 Reference value :  1.55375e-08
 Reference value :  1.55575e-08
 Reference value :  1.55775e-08
 Reference value :  1.55925e-08
 Reference value :  1.56075e-08
 Reference value :  1.56275e-08
 Reference value :  1.56425e-08
 Reference value :  1.56575e-08
 Reference value :  1.56775e-08
 Reference value :  1.56925e-08
 Reference value :  1.57075e-08
 Reference value :  1.57225e-08
 Reference value :  1.57375e-08
 Reference value :  1.57525e-08
 Reference value :  1.57725e-08
 Reference value :  1.57875e-08
 Reference value :  1.58075e-08
 Reference value :  1.58225e-08
 Reference value :  1.58425e-08
 Reference value :  1.58575e-08
 Reference value :  1.58725e-08
 Reference value :  1.58875e-08
 Reference value :  1.59025e-08
 Reference value :  1.59225e-08
 Reference value :  1.59375e-08
 Reference value :  1.59575e-08
 Reference value :  1.59725e-08
 Reference value :  1.59925e-08
 Reference value :  1.60075e-08
 Reference value :  1.60275e-08
 Reference value :  1.60475e-08
 Reference value :  1.60625e-08
 Reference value :  1.60775e-08
 Reference value :  1.60925e-08
 Reference value :  1.61075e-08
 Reference value :  1.61275e-08
 Reference value :  1.61425e-08
 Reference value :  1.61625e-08
 Reference value :  1.61825e-08
 Reference value :  1.62025e-08
 Reference value :  1.62225e-08
 Reference value :  1.62375e-08
 Reference value :  1.62525e-08
 Reference value :  1.62675e-08
 Reference value :  1.62875e-08
 Reference value :  1.63075e-08
 Reference value :  1.63225e-08
 Reference value :  1.63425e-08
 Reference value :  1.63575e-08
 Reference value :  1.63775e-08
 Reference value :  1.63925e-08
 Reference value :  1.64075e-08
 Reference value :  1.64225e-08
 Reference value :  1.64375e-08
 Reference value :  1.64525e-08
 Reference value :  1.64725e-08
 Reference value :  1.64875e-08
 Reference value :  1.65025e-08
 Reference value :  1.65225e-08
 Reference value :  1.65425e-08
 Reference value :  1.65625e-08
 Reference value :  1.65825e-08
 Reference value :  1.66025e-08
 Reference value :  1.66175e-08
 Reference value :  1.66325e-08
 Reference value :  1.66525e-08
 Reference value :  1.66725e-08
 Reference value :  1.66925e-08
 Reference value :  1.67125e-08
 Reference value :  1.67325e-08
 Reference value :  1.67475e-08
 Reference value :  1.67675e-08
 Reference value :  1.67825e-08
 Reference value :  1.67975e-08
 Reference value :  1.68125e-08
 Reference value :  1.68275e-08
 Reference value :  1.68425e-08
 Reference value :  1.68575e-08
 Reference value :  1.68725e-08
 Reference value :  1.68875e-08
 Reference value :  1.69025e-08
 Reference value :  1.69175e-08
 Reference value :  1.69375e-08
 Reference value :  1.69525e-08
 Reference value :  1.69725e-08
 Reference value :  1.69925e-08
 Reference value :  1.70125e-08
 Reference value :  1.70275e-08
 Reference value :  1.70425e-08
 Reference value :  1.70575e-08
 Reference value :  1.70775e-08
 Reference value :  1.70975e-08
 Reference value :  1.71125e-08
 Reference value :  1.71325e-08
 Reference value :  1.71525e-08
 Reference value :  1.71675e-08
 Reference value :  1.71875e-08
 Reference value :  1.72075e-08
 Reference value :  1.72225e-08
 Reference value :  1.72375e-08
 Reference value :  1.72575e-08
 Reference value :  1.72725e-08
 Reference value :  1.72875e-08
 Reference value :  1.73025e-08
 Reference value :  1.73225e-08
 Reference value :  1.73375e-08
 Reference value :  1.73525e-08
 Reference value :  1.73725e-08
 Reference value :  1.73875e-08
 Reference value :  1.74075e-08
 Reference value :  1.74225e-08
 Reference value :  1.74375e-08
 Reference value :  1.74525e-08
 Reference value :  1.74725e-08
 Reference value :  1.74875e-08
 Reference value :  1.75025e-08
 Reference value :  1.75175e-08
 Reference value :  1.75325e-08
 Reference value :  1.75475e-08
 Reference value :  1.75625e-08
 Reference value :  1.75775e-08
 Reference value :  1.75975e-08
 Reference value :  1.76175e-08
 Reference value :  1.76325e-08
 Reference value :  1.76475e-08
 Reference value :  1.76625e-08
 Reference value :  1.76775e-08
 Reference value :  1.76975e-08
 Reference value :  1.77175e-08
 Reference value :  1.77325e-08
 Reference value :  1.77475e-08
 Reference value :  1.77625e-08
 Reference value :  1.77825e-08
 Reference value :  1.77975e-08
 Reference value :  1.78175e-08
 Reference value :  1.78325e-08
 Reference value :  1.78475e-08
 Reference value :  1.78625e-08
 Reference value :  1.78775e-08
 Reference value :  1.78925e-08
 Reference value :  1.79075e-08
 Reference value :  1.79275e-08
 Reference value :  1.79425e-08
 Reference value :  1.79625e-08
 Reference value :  1.79775e-08
 Reference value :  1.79925e-08
 Reference value :  1.80125e-08
 Reference value :  1.80275e-08
 Reference value :  1.80425e-08
 Reference value :  1.80625e-08
 Reference value :  1.80775e-08
 Reference value :  1.80975e-08
 Reference value :  1.81125e-08
 Reference value :  1.81275e-08
 Reference value :  1.81425e-08
 Reference value :  1.81575e-08
 Reference value :  1.81725e-08
 Reference value :  1.81875e-08
 Reference value :  1.82025e-08
 Reference value :  1.82225e-08
 Reference value :  1.82375e-08
 Reference value :  1.82575e-08
 Reference value :  1.82725e-08
 Reference value :  1.82875e-08
 Reference value :  1.83025e-08
 Reference value :  1.83175e-08
 Reference value :  1.83325e-08
 Reference value :  1.83475e-08
 Reference value :  1.83625e-08
 Reference value :  1.83775e-08
 Reference value :  1.83925e-08
 Reference value :  1.84125e-08
 Reference value :  1.84275e-08
 Reference value :  1.84425e-08
 Reference value :  1.84625e-08
 Reference value :  1.84775e-08
 Reference value :  1.84925e-08
 Reference value :  1.85125e-08
 Reference value :  1.85275e-08
 Reference value :  1.85425e-08
 Reference value :  1.85575e-08
 Reference value :  1.85725e-08
 Reference value :  1.85875e-08
 Reference value :  1.86025e-08
 Reference value :  1.86175e-08
 Reference value :  1.86325e-08
 Reference value :  1.86475e-08
 Reference value :  1.86625e-08
 Reference value :  1.86775e-08
 Reference value :  1.86925e-08
 Reference value :  1.87075e-08
 Reference value :  1.87225e-08
 Reference value :  1.87425e-08
 Reference value :  1.87575e-08
 Reference value :  1.87725e-08
 Reference value :  1.87875e-08
 Reference value :  1.88025e-08
 Reference value :  1.88175e-08
 Reference value :  1.88325e-08
 Reference value :  1.88525e-08
 Reference value :  1.88675e-08
 Reference value :  1.88825e-08
 Reference value :  1.89025e-08
 Reference value :  1.89225e-08
 Reference value :  1.89425e-08
 Reference value :  1.89575e-08
 Reference value :  1.89725e-08
 Reference value :  1.89925e-08
 Reference value :  1.90075e-08
 Reference value :  1.90275e-08
 Reference value :  1.90425e-08
 Reference value :  1.90575e-08
 Reference value :  1.90725e-08
 Reference value :  1.90875e-08
 Reference value :  1.91025e-08
 Reference value :  1.91175e-08
 Reference value :  1.91375e-08
 Reference value :  1.91525e-08
 Reference value :  1.91725e-08
 Reference value :  1.91875e-08
 Reference value :  1.92025e-08
 Reference value :  1.92175e-08
 Reference value :  1.92325e-08
 Reference value :  1.92525e-08
 Reference value :  1.92675e-08
 Reference value :  1.92825e-08
 Reference value :  1.93025e-08
 Reference value :  1.93175e-08
 Reference value :  1.93325e-08
 Reference value :  1.93475e-08
 Reference value :  1.93625e-08
 Reference value :  1.93775e-08
 Reference value :  1.93925e-08
 Reference value :  1.94125e-08
 Reference value :  1.94325e-08
 Reference value :  1.94475e-08
 Reference value :  1.94625e-08
 Reference value :  1.94775e-08
 Reference value :  1.94925e-08
 Reference value :  1.95075e-08
 Reference value :  1.95225e-08
 Reference value :  1.95375e-08
 Reference value :  1.95525e-08
 Reference value :  1.95725e-08
 Reference value :  1.95925e-08
 Reference value :  1.96075e-08
 Reference value :  1.96225e-08
 Reference value :  1.96375e-08
 Reference value :  1.96525e-08
 Reference value :  1.96675e-08
 Reference value :  1.96825e-08
 Reference value :  1.96975e-08
 Reference value :  1.97175e-08
 Reference value :  1.97325e-08
 Reference value :  1.97525e-08
 Reference value :  1.97725e-08
 Reference value :  1.97925e-08
 Reference value :  1.98075e-08
 Reference value :  1.98275e-08
 Reference value :  1.98475e-08
 Reference value :  1.98675e-08
 Reference value :  1.98825e-08
 Reference value :  1.99025e-08
 Reference value :  1.99225e-08
 Reference value :  1.99375e-08
 Reference value :  1.99525e-08
 Reference value :  1.99725e-08
 Reference value :  1.99875e-08
 Reference value :  2.00025e-08
 Reference value :  2.00175e-08
 Reference value :  2.00375e-08
 Reference value :  2.00575e-08
 Reference value :  2.00725e-08
 Reference value :  2.00875e-08
 Reference value :  2.01075e-08
 Reference value :  2.01225e-08
 Reference value :  2.01375e-08
 Reference value :  2.01525e-08
 Reference value :  2.01675e-08
 Reference value :  2.01825e-08
 Reference value :  2.01975e-08
 Reference value :  2.02125e-08
 Reference value :  2.02275e-08
 Reference value :  2.02425e-08
 Reference value :  2.02575e-08
 Reference value :  2.02725e-08
 Reference value :  2.02875e-08
 Reference value :  2.03025e-08
 Reference value :  2.03225e-08
 Reference value :  2.03375e-08
 Reference value :  2.03575e-08
 Reference value :  2.03775e-08
 Reference value :  2.03925e-08
 Reference value :  2.04125e-08
 Reference value :  2.04275e-08
 Reference value :  2.04425e-08
 Reference value :  2.04575e-08
 Reference value :  2.04725e-08
 Reference value :  2.04875e-08
 Reference value :  2.05025e-08
 Reference value :  2.05175e-08
 Reference value :  2.05325e-08
 Reference value :  2.05475e-08
 Reference value :  2.05675e-08
 Reference value :  2.05825e-08
 Reference value :  2.05975e-08
 Reference value :  2.06125e-08
 Reference value :  2.06275e-08
 Reference value :  2.06425e-08
 Reference value :  2.06625e-08
 Reference value :  2.06775e-08
 Reference value :  2.06975e-08
 Reference value :  2.07125e-08
 Reference value :  2.07325e-08
 Reference value :  2.07475e-08
 Reference value :  2.07675e-08
 Reference value :  2.07825e-08
 Reference value :  2.08025e-08
 Reference value :  2.08175e-08
 Reference value :  2.08325e-08
 Reference value :  2.08475e-08
 Reference value :  2.08625e-08
 Reference value :  2.08825e-08
 Reference value :  2.08975e-08
 Reference value :  2.09125e-08
 Reference value :  2.09275e-08
 Reference value :  2.09475e-08
 Reference value :  2.09625e-08
 Reference value :  2.09775e-08
 Reference value :  2.09925e-08
 Reference value :  2.10075e-08
 Reference value :  2.10225e-08
 Reference value :  2.10375e-08
 Reference value :  2.10525e-08
 Reference value :  2.10725e-08
 Reference value :  2.10875e-08
 Reference value :  2.11025e-08
 Reference value :  2.11225e-08
 Reference value :  2.11375e-08
 Reference value :  2.11525e-08
 Reference value :  2.11675e-08
 Reference value :  2.11825e-08
 Reference value :  2.11975e-08
 Reference value :  2.12125e-08
 Reference value :  2.12275e-08
 Reference value :  2.12425e-08
 Reference value :  2.12575e-08
 Reference value :  2.12725e-08
 Reference value :  2.12925e-08
 Reference value :  2.13075e-08
 Reference value :  2.13225e-08
 Reference value :  2.13425e-08
 Reference value :  2.13575e-08
 Reference value :  2.13725e-08
 Reference value :  2.13875e-08
 Reference value :  2.14025e-08
 Reference value :  2.14175e-08
 Reference value :  2.14325e-08
 Reference value :  2.14475e-08
 Reference value :  2.14675e-08
 Reference value :  2.14825e-08
 Reference value :  2.14975e-08
 Reference value :  2.15125e-08
 Reference value :  2.15275e-08
 Reference value :  2.15425e-08
 Reference value :  2.15625e-08
 Reference value :  2.15775e-08
 Reference value :  2.15975e-08
 Reference value :  2.16125e-08
 Reference value :  2.16275e-08
 Reference value :  2.16425e-08
 Reference value :  2.16575e-08
 Reference value :  2.16725e-08
 Reference value :  2.16875e-08
 Reference value :  2.17075e-08
 Reference value :  2.17275e-08
 Reference value :  2.17475e-08
 Reference value :  2.17625e-08
 Reference value :  2.17825e-08
 Reference value :  2.17975e-08
 Reference value :  2.18175e-08
 Reference value :  2.18325e-08
 Reference value :  2.18475e-08
 Reference value :  2.18675e-08
 Reference value :  2.18825e-08
 Reference value :  2.18975e-08
 Reference value :  2.19125e-08
 Reference value :  2.19275e-08
 Reference value :  2.19425e-08
 Reference value :  2.19625e-08
 Reference value :  2.19775e-08
 Reference value :  2.19975e-08
 Reference value :  2.20125e-08
 Reference value :  2.20275e-08
 Reference value :  2.20425e-08
 Reference value :  2.20625e-08
 Reference value :  2.20825e-08
 Reference value :  2.21025e-08
 Reference value :  2.21175e-08
 Reference value :  2.21325e-08
 Reference value :  2.21525e-08
 Reference value :  2.21675e-08
 Reference value :  2.21875e-08
 Reference value :  2.22075e-08
 Reference value :  2.22225e-08
 Reference value :  2.22425e-08
 Reference value :  2.22625e-08
 Reference value :  2.22875e-08
 Reference value :  2.23125e-08
 Reference value :  2.23375e-08
 Reference value :  2.23575e-08
 Reference value :  2.23725e-08
 Reference value :  2.23925e-08
 Reference value :  2.24125e-08
 Reference value :  2.24375e-08
 Reference value :  2.24525e-08
 Reference value :  2.24775e-08
 Reference value :  2.25025e-08
 Reference value :  2.25225e-08
 Reference value :  2.25425e-08
 Reference value :  2.25625e-08
 Reference value :  2.25775e-08
 Reference value :  2.25925e-08
 Reference value :  2.26125e-08
 Reference value :  2.26325e-08
 Reference value :  2.26525e-08
 Reference value :  2.26725e-08
 Reference value :  2.26925e-08
 Reference value :  2.27125e-08
 Reference value :  2.27275e-08
 Reference value :  2.27475e-08
 Reference value :  2.27675e-08
 Reference value :  2.27875e-08
 Reference value :  2.28075e-08
 Reference value :  2.28275e-08
 Reference value :  2.28475e-08
 Reference value :  2.28725e-08
 Reference value :  2.28925e-08
 Reference value :  2.29125e-08
 Reference value :  2.29275e-08
 Reference value :  2.29475e-08
 Reference value :  2.29675e-08
 Reference value :  2.29825e-08
 Reference value :  2.30025e-08
 Reference value :  2.30225e-08
 Reference value :  2.30375e-08
 Reference value :  2.30575e-08
 Reference value :  2.30775e-08
 Reference value :  2.30975e-08
 Reference value :  2.31175e-08
 Reference value :  2.31325e-08
 Reference value :  2.31525e-08
 Reference value :  2.31725e-08
 Reference value :  2.31875e-08
 Reference value :  2.32025e-08
 Reference value :  2.32175e-08
 Reference value :  2.32375e-08
 Reference value :  2.32575e-08
 Reference value :  2.32725e-08
 Reference value :  2.32925e-08
 Reference value :  2.33125e-08
 Reference value :  2.33275e-08
 Reference value :  2.33425e-08
 Reference value :  2.33625e-08
 Reference value :  2.33825e-08
 Reference value :  2.34025e-08
 Reference value :  2.34225e-08
 Reference value :  2.34425e-08
 Reference value :  2.34625e-08
 Reference value :  2.34825e-08
 Reference value :  2.35025e-08
 Reference value :  2.35175e-08
 Reference value :  2.35375e-08
 Reference value :  2.35575e-08
 Reference value :  2.35775e-08
 Reference value :  2.35925e-08
 Reference value :  2.36125e-08
 Reference value :  2.36275e-08
 Reference value :  2.36475e-08
 Reference value :  2.36675e-08
 Reference value :  2.36875e-08
 Reference value :  2.37075e-08
 Reference value :  2.37225e-08
 Reference value :  2.37425e-08
 Reference value :  2.37625e-08
 Reference value :  2.37775e-08
 Reference value :  2.37975e-08
 Reference value :  2.38175e-08
 Reference value :  2.38325e-08
 Reference value :  2.38475e-08
 Reference value :  2.38725e-08
 Reference value :  2.38925e-08
 Reference value :  2.39125e-08
 Reference value :  2.39275e-08
 Reference value :  2.39425e-08
 Reference value :  2.39625e-08
 Reference value :  2.39825e-08
 Reference value :  2.39975e-08
 Reference value :  2.40175e-08
 Reference value :  2.40375e-08
 Reference value :  2.40525e-08
 Reference value :  2.40725e-08
 Reference value :  2.40925e-08
 Reference value :  2.41075e-08
 Reference value :  2.41275e-08
 Reference value :  2.41475e-08
 Reference value :  2.41675e-08
 Reference value :  2.41875e-08
 Reference value :  2.42075e-08
 Reference value :  2.42275e-08
 Reference value :  2.42425e-08
 Reference value :  2.42625e-08
 Reference value :  2.42825e-08
 Reference value :  2.43025e-08
 Reference value :  2.43175e-08
 Reference value :  2.43325e-08
 Reference value :  2.43475e-08
 Reference value :  2.43625e-08
 Reference value :  2.43825e-08
 Reference value :  2.43975e-08
 Reference value :  2.44175e-08
 Reference value :  2.44375e-08
 Reference value :  2.44525e-08
 Reference value :  2.44725e-08
 Reference value :  2.44875e-08
 Reference value :  2.45075e-08
 Reference value :  2.45225e-08
 Reference value :  2.45425e-08
 Reference value :  2.45575e-08
 Reference value :  2.45775e-08
 Reference value :  2.45925e-08
 Reference value :  2.46075e-08
 Reference value :  2.46275e-08
 Reference value :  2.46425e-08
 Reference value :  2.46575e-08
 Reference value :  2.46775e-08
 Reference value :  2.46925e-08
 Reference value :  2.47075e-08
 Reference value :  2.47225e-08
 Reference value :  2.47425e-08
 Reference value :  2.47575e-08
 Reference value :  2.47775e-08
 Reference value :  2.47925e-08
 Reference value :  2.48175e-08
 Reference value :  2.48375e-08
 Reference value :  2.48575e-08
 Reference value :  2.48825e-08
 Reference value :  2.49025e-08
 Reference value :  2.49225e-08
 Reference value :  2.49375e-08
 Reference value :  2.49575e-08
 Reference value :  2.49775e-08
 Reference value :  2.49975e-08
 Reference value :  2.50175e-08
 Reference value :  2.50375e-08
 Reference value :  2.50575e-08
 Reference value :  2.50775e-08
 Reference value :  2.50975e-08
 Reference value :  2.51125e-08
 Reference value :  2.51375e-08
 Reference value :  2.51525e-08
 Reference value :  2.51675e-08
 Reference value :  2.51875e-08
 Reference value :  2.52025e-08
 Reference value :  2.52225e-08
 Reference value :  2.52425e-08
 Reference value :  2.52575e-08
 Reference value :  2.52775e-08
 Reference value :  2.52975e-08
 Reference value :  2.53125e-08
 Reference value :  2.53275e-08
 Reference value :  2.53475e-08
 Reference value :  2.53625e-08
 Reference value :  2.53825e-08
 Reference value :  2.54025e-08
 Reference value :  2.54175e-08
 Reference value :  2.54325e-08
 Reference value :  2.54475e-08
 Reference value :  2.54625e-08
 Reference value :  2.54775e-08
 Reference value :  2.54975e-08
 Reference value :  2.55125e-08
 Reference value :  2.55325e-08
 Reference value :  2.55525e-08
 Reference value :  2.55725e-08
 Reference value :  2.55875e-08
 Reference value :  2.56075e-08
 Reference value :  2.56225e-08
 Reference value :  2.56425e-08
 Reference value :  2.56625e-08
 Reference value :  2.56825e-08
 Reference value :  2.56975e-08
 Reference value :  2.57125e-08
 Reference value :  2.57275e-08
 Reference value :  2.57475e-08
 Reference value :  2.57675e-08
 Reference value :  2.57825e-08
 Reference value :  2.58025e-08
 Reference value :  2.58175e-08
 Reference value :  2.58375e-08
 Reference value :  2.58575e-08
 Reference value :  2.58775e-08
 Reference value :  2.58975e-08
 Reference value :  2.59125e-08
 Reference value :  2.59325e-08
 Reference value :  2.59525e-08
 Reference value :  2.59725e-08
 Reference value :  2.59925e-08
 Reference value :  2.60075e-08
 Reference value :  2.60275e-08
 Reference value :  2.60475e-08
 Reference value :  2.60675e-08
 Reference value :  2.60825e-08
 Reference value :  2.61025e-08
 Reference value :  2.61225e-08
 Reference value :  2.61425e-08
 Reference value :  2.61625e-08
 Reference value :  2.61825e-08
 Reference value :  2.61975e-08
 Reference value :  2.62125e-08
 Reference value :  2.62275e-08
 Reference value :  2.62475e-08
 Reference value :  2.62675e-08
 Reference value :  2.62875e-08
 Reference value :  2.63075e-08
 Reference value :  2.63225e-08
 Reference value :  2.63375e-08
 Reference value :  2.63575e-08
 Reference value :  2.63725e-08
 Reference value :  2.63875e-08
 Reference value :  2.64075e-08
 Reference value :  2.64225e-08
 Reference value :  2.64375e-08
 Reference value :  2.64575e-08
 Reference value :  2.64775e-08
 Reference value :  2.64925e-08
 Reference value :  2.65125e-08
 Reference value :  2.65325e-08
 Reference value :  2.65525e-08
 Reference value :  2.65725e-08
 Reference value :  2.65875e-08
 Reference value :  2.66075e-08
 Reference value :  2.66275e-08
 Reference value :  2.66475e-08
 Reference value :  2.66625e-08
 Reference value :  2.66825e-08
 Reference value :  2.66975e-08
 Reference value :  2.67225e-08
 Reference value :  2.67375e-08
 Reference value :  2.67575e-08
 Reference value :  2.67775e-08
 Reference value :  2.67925e-08
 Reference value :  2.68125e-08
 Reference value :  2.68375e-08
 Reference value :  2.68575e-08
 Reference value :  2.68825e-08
 Reference value :  2.68975e-08
 Reference value :  2.69175e-08
 Reference value :  2.69325e-08
 Reference value :  2.69525e-08
 Reference value :  2.69675e-08
 Reference value :  2.69825e-08
 Reference value :  2.69975e-08
 Reference value :  2.70125e-08
 Reference value :  2.70275e-08
 Reference value :  2.70425e-08
 Reference value :  2.70575e-08
 Reference value :  2.70775e-08
 Reference value :  2.70975e-08
 Reference value :  2.71125e-08
 Reference value :  2.71325e-08
 Reference value :  2.71525e-08
 Reference value :  2.71675e-08
 Reference value :  2.71875e-08
 Reference value :  2.72075e-08
 Reference value :  2.72275e-08
 Reference value :  2.72425e-08
 Reference value :  2.72625e-08
 Reference value :  2.72775e-08
 Reference value :  2.72975e-08
 Reference value :  2.73175e-08
 Reference value :  2.73375e-08
 Reference value :  2.73575e-08
 Reference value :  2.73775e-08
 Reference value :  2.73925e-08
 Reference value :  2.74125e-08
 Reference value :  2.74325e-08
 Reference value :  2.74525e-08
 Reference value :  2.74675e-08
 Reference value :  2.74825e-08
 Reference value :  2.75025e-08
 Reference value :  2.75225e-08
 Reference value :  2.75375e-08
 Reference value :  2.75525e-08
 Reference value :  2.75675e-08
 Reference value :  2.75825e-08
 Reference value :  2.75975e-08
 Reference value :  2.76125e-08
 Reference value :  2.76275e-08
 Reference value :  2.76425e-08
 Reference value :  2.76625e-08
 Reference value :  2.76775e-08
 Reference value :  2.76975e-08
 Reference value :  2.77125e-08
 Reference value :  2.77325e-08
 Reference value :  2.77525e-08
 Reference value :  2.77675e-08
 Reference value :  2.77825e-08
 Reference value :  2.77975e-08
 Reference value :  2.78125e-08
 Reference value :  2.78275e-08
 Reference value :  2.78425e-08
 Reference value :  2.78625e-08
 Reference value :  2.78775e-08
 Reference value :  2.78925e-08
 Reference value :  2.79125e-08
 Reference value :  2.79325e-08
 Reference value :  2.79525e-08
 Reference value :  2.79725e-08
 Reference value :  2.79875e-08
 Reference value :  2.80125e-08
 Reference value :  2.80325e-08
 Reference value :  2.80525e-08
 Reference value :  2.80675e-08
 Reference value :  2.80875e-08
 Reference value :  2.81075e-08
 Reference value :  2.81225e-08
 Reference value :  2.81425e-08
 Reference value :  2.81575e-08
 Reference value :  2.81725e-08
 Reference value :  2.81925e-08
 Reference value :  2.82125e-08
 Reference value :  2.82325e-08
 Reference value :  2.82475e-08
 Reference value :  2.82675e-08
 Reference value :  2.82875e-08
 Reference value :  2.83075e-08
 Reference value :  2.83275e-08
 Reference value :  2.83425e-08
 Reference value :  2.83575e-08
 Reference value :  2.83725e-08
 Reference value :  2.83925e-08
 Reference value :  2.84075e-08
 Reference value :  2.84225e-08
 Reference value :  2.84425e-08
 Reference value :  2.84625e-08
 Reference value :  2.84825e-08
 Reference value :  2.84975e-08
 Reference value :  2.85175e-08
 Reference value :  2.85325e-08
 Reference value :  2.85475e-08
 Reference value :  2.85675e-08
 Reference value :  2.85875e-08
 Reference value :  2.86025e-08
 Reference value :  2.86175e-08
 Reference value :  2.86375e-08
 Reference value :  2.86575e-08
 Reference value :  2.86775e-08
 Reference value :  2.86975e-08
 Reference value :  2.87125e-08
 Reference value :  2.87325e-08
 Reference value :  2.87525e-08
 Reference value :  2.87675e-08
 Reference value :  2.87825e-08
 Reference value :  2.88025e-08
 Reference value :  2.88225e-08
 Reference value :  2.88425e-08
 Reference value :  2.88625e-08
 Reference value :  2.88825e-08
 Reference value :  2.88975e-08
 Reference value :  2.89175e-08
 Reference value :  2.89375e-08
 Reference value :  2.89525e-08
 Reference value :  2.89725e-08
 Reference value :  2.89875e-08
 Reference value :  2.90075e-08
 Reference value :  2.90275e-08
 Reference value :  2.90475e-08
 Reference value :  2.90675e-08
 Reference value :  2.90875e-08
 Reference value :  2.91075e-08
 Reference value :  2.91275e-08
 Reference value :  2.91475e-08
 Reference value :  2.91675e-08
 Reference value :  2.91875e-08
 Reference value :  2.92025e-08
 Reference value :  2.92225e-08
 Reference value :  2.92425e-08
 Reference value :  2.92625e-08
 Reference value :  2.92825e-08
 Reference value :  2.93025e-08
 Reference value :  2.93175e-08
 Reference value :  2.93325e-08
 Reference value :  2.93525e-08
 Reference value :  2.93725e-08
 Reference value :  2.93925e-08
 Reference value :  2.94075e-08
 Reference value :  2.94275e-08
 Reference value :  2.94425e-08
 Reference value :  2.94575e-08
 Reference value :  2.94775e-08
 Reference value :  2.94975e-08
 Reference value :  2.95125e-08
 Reference value :  2.95275e-08
 Reference value :  2.95475e-08
 Reference value :  2.95625e-08
 Reference value :  2.95775e-08
 Reference value :  2.95975e-08
 Reference value :  2.96125e-08
 Reference value :  2.96325e-08
 Reference value :  2.96475e-08
 Reference value :  2.96675e-08
 Reference value :  2.96825e-08
 Reference value :  2.97025e-08
 Reference value :  2.97225e-08
 Reference value :  2.97425e-08
 Reference value :  2.97575e-08
 Reference value :  2.97775e-08
 Reference value :  2.97925e-08
 Reference value :  2.98075e-08
 Reference value :  2.98225e-08
 Reference value :  2.98375e-08
 Reference value :  2.98525e-08
 Reference value :  2.98675e-08
 Reference value :  2.98825e-08
 Reference value :  2.99025e-08
 Reference value :  2.99225e-08
 Reference value :  2.99375e-08
 Reference value :  2.99525e-08
 Reference value :  2.99675e-08
 Reference value :  2.99825e-08
 Reference value :  2.99975e-08
 Reference value :  3.00125e-08
 Reference value :  3.00275e-08
 Reference value :  3.00425e-08
 Reference value :  3.00575e-08
 Reference value :  3.00775e-08
 Reference value :  3.00925e-08
 Reference value :  3.01075e-08
 Reference value :  3.01275e-08
 Reference value :  3.01425e-08
 Reference value :  3.01625e-08
 Reference value :  3.01825e-08
 Reference value :  3.01975e-08
 Reference value :  3.02125e-08
 Reference value :  3.02325e-08
 Reference value :  3.02475e-08
 Reference value :  3.02625e-08
 Reference value :  3.02775e-08
 Reference value :  3.02975e-08
 Reference value :  3.03125e-08
 Reference value :  3.03275e-08
 Reference value :  3.03475e-08
 Reference value :  3.03675e-08
 Reference value :  3.03825e-08
 Reference value :  3.03975e-08
 Reference value :  3.04125e-08
 Reference value :  3.04325e-08
 Reference value :  3.04525e-08
 Reference value :  3.04675e-08
 Reference value :  3.04875e-08
 Reference value :  3.05075e-08
 Reference value :  3.05275e-08
 Reference value :  3.05475e-08
 Reference value :  3.05675e-08
 Reference value :  3.05825e-08
 Reference value :  3.06025e-08
 Reference value :  3.06225e-08
 Reference value :  3.06425e-08
 Reference value :  3.06575e-08
 Reference value :  3.06775e-08
 Reference value :  3.06925e-08
 Reference value :  3.07125e-08
 Reference value :  3.07275e-08
 Reference value :  3.07475e-08
 Reference value :  3.07625e-08
 Reference value :  3.07775e-08
 Reference value :  3.07925e-08
 Reference value :  3.08125e-08
 Reference value :  3.08325e-08
 Reference value :  3.08525e-08
 Reference value :  3.08725e-08
 Reference value :  3.08925e-08
 Reference value :  3.09125e-08
 Reference value :  3.09325e-08
 Reference value :  3.09525e-08
 Reference value :  3.09675e-08
 Reference value :  3.09875e-08
 Reference value :  3.10075e-08
 Reference value :  3.10225e-08
 Reference value :  3.10375e-08
 Reference value :  3.10575e-08
 Reference value :  3.10725e-08
 Reference value :  3.10925e-08
 Reference value :  3.11075e-08
 Reference value :  3.11275e-08
 Reference value :  3.11475e-08
 Reference value :  3.11625e-08
 Reference value :  3.11825e-08
 Reference value :  3.11975e-08
 Reference value :  3.12125e-08
 Reference value :  3.12275e-08
 Reference value :  3.12425e-08
 Reference value :  3.12625e-08
 Reference value :  3.12775e-08
 Reference value :  3.12925e-08
 Reference value :  3.13125e-08
 Reference value :  3.13275e-08
 Reference value :  3.13425e-08
 Reference value :  3.13625e-08
 Reference value :  3.13775e-08
 Reference value :  3.13975e-08
 Reference value :  3.14175e-08
 Reference value :  3.14375e-08
 Reference value :  3.14625e-08
 Reference value :  3.14825e-08
 Reference value :  3.15025e-08
 Reference value :  3.15225e-08
 Reference value :  3.15375e-08
 Reference value :  3.15575e-08
 Reference value :  3.15775e-08
 Reference value :  3.15925e-08
 Reference value :  3.16125e-08
 Reference value :  3.16275e-08
 Reference value :  3.16425e-08
 Reference value :  3.16625e-08
 Reference value :  3.16825e-08
 Reference value :  3.17025e-08
 Reference value :  3.17175e-08
 Reference value :  3.17375e-08
 Reference value :  3.17525e-08
 Reference value :  3.17675e-08
 Reference value :  3.17875e-08
 Reference value :  3.18025e-08
 Reference value :  3.18225e-08
 Reference value :  3.18375e-08
 Reference value :  3.18525e-08
 Reference value :  3.18675e-08
 Reference value :  3.18875e-08
 Reference value :  3.19075e-08
 Reference value :  3.19225e-08
 Reference value :  3.19425e-08
 Reference value :  3.19575e-08
 Reference value :  3.19725e-08
 Reference value :  3.19925e-08
 Reference value :  3.20125e-08
 Reference value :  3.20275e-08
 Reference value :  3.20475e-08
 Reference value :  3.20625e-08
 Reference value :  3.20775e-08
 Reference value :  3.20975e-08
 Reference value :  3.21125e-08
 Reference value :  3.21275e-08
 Reference value :  3.21425e-08
 Reference value :  3.21625e-08
 Reference value :  3.21825e-08
 Reference value :  3.21975e-08
 Reference value :  3.22125e-08
 Reference value :  3.22275e-08
 Reference value :  3.22475e-08
 Reference value :  3.22675e-08
 Reference value :  3.22875e-08
 Reference value :  3.23025e-08
 Reference value :  3.23225e-08
 Reference value :  3.23375e-08
 Reference value :  3.23575e-08
 Reference value :  3.23725e-08
 Reference value :  3.23875e-08
 Reference value :  3.24075e-08
 Reference value :  3.24275e-08
 Reference value :  3.24475e-08
 Reference value :  3.24625e-08
 Reference value :  3.24775e-08
 Reference value :  3.24925e-08
 Reference value :  3.25075e-08
 Reference value :  3.25225e-08
 Reference value :  3.25425e-08
 Reference value :  3.25625e-08
 Reference value :  3.25825e-08
 Reference value :  3.26025e-08
 Reference value :  3.26175e-08
 Reference value :  3.26325e-08
 Reference value :  3.26525e-08
 Reference value :  3.26725e-08
 Reference value :  3.26875e-08
 Reference value :  3.27025e-08
 Reference value :  3.27225e-08
 Reference value :  3.27425e-08
 Reference value :  3.27625e-08
 Reference value :  3.27825e-08
 Reference value :  3.28025e-08
 Reference value :  3.28225e-08
 Reference value :  3.28425e-08
 Reference value :  3.28625e-08
 Reference value :  3.28775e-08
 Reference value :  3.28925e-08
 Reference value :  3.29125e-08
 Reference value :  3.29275e-08
 Reference value :  3.29425e-08
 Reference value :  3.29625e-08
 Reference value :  3.29825e-08
 Reference value :  3.30075e-08
 Reference value :  3.30275e-08
 Reference value :  3.30475e-08
 Reference value :  3.30725e-08
 Reference value :  3.30875e-08
 Reference value :  3.31075e-08
 Reference value :  3.31275e-08
 Reference value :  3.31475e-08
 Reference value :  3.31675e-08
 Reference value :  3.31825e-08
 Reference value :  3.32025e-08
 Reference value :  3.32175e-08
 Reference value :  3.32375e-08
 Reference value :  3.32575e-08
 Reference value :  3.32775e-08
 Reference value :  3.32925e-08
 Reference value :  3.33075e-08
 Reference value :  3.33275e-08
 Reference value :  3.33475e-08
 Reference value :  3.33625e-08
 Reference value :  3.33775e-08
 Reference value :  3.33925e-08
 Reference value :  3.34125e-08
 Reference value :  3.34275e-08
 Reference value :  3.34425e-08
 Reference value :  3.34575e-08
 Reference value :  3.34725e-08
 Reference value :  3.34925e-08
 Reference value :  3.35125e-08
 Reference value :  3.35275e-08
 Reference value :  3.35475e-08
 Reference value :  3.35675e-08
 Reference value :  3.35825e-08
 Reference value :  3.35975e-08
 Reference value :  3.36175e-08
 Reference value :  3.36425e-08
 Reference value :  3.36625e-08
 Reference value :  3.36825e-08
 Reference value :  3.37025e-08
 Reference value :  3.37225e-08
 Reference value :  3.37475e-08
 Reference value :  3.37675e-08
 Reference value :  3.37875e-08
 Reference value :  3.38075e-08
 Reference value :  3.38275e-08
 Reference value :  3.38475e-08
 Reference value :  3.38675e-08
 Reference value :  3.38875e-08
 Reference value :  3.39025e-08
 Reference value :  3.39275e-08
 Reference value :  3.39425e-08
 Reference value :  3.39625e-08
 Reference value :  3.39775e-08
 Reference value :  3.39975e-08
 Reference value :  3.40225e-08
 Reference value :  3.40425e-08
 Reference value :  3.40625e-08
 Reference value :  3.40825e-08
 Reference value :  3.41025e-08
 Reference value :  3.41225e-08
 Reference value :  3.41375e-08
 Reference value :  3.41575e-08
 Reference value :  3.41725e-08
 Reference value :  3.41925e-08
 Reference value :  3.42175e-08
 Reference value :  3.42425e-08
 Reference value :  3.42675e-08
 Reference value :  3.42925e-08
 Reference value :  3.43125e-08
 Reference value :  3.43275e-08
 Reference value :  3.43475e-08
 Reference value :  3.43625e-08
 Reference value :  3.43775e-08
 Reference value :  3.43975e-08
 Reference value :  3.44275e-08
 Reference value :  3.44425e-08
 Reference value :  3.44625e-08
 Reference value :  3.44825e-08
 Reference value :  3.45025e-08
 Reference value :  3.45225e-08
 Reference value :  3.45475e-08
 Reference value :  3.45725e-08
 Reference value :  3.45925e-08
 Reference value :  3.46125e-08
 Reference value :  3.46275e-08
 Reference value :  3.46475e-08
 Reference value :  3.46625e-08
 Reference value :  3.46825e-08
 Reference value :  3.47025e-08
 Reference value :  3.47225e-08
 Reference value :  3.47425e-08
 Reference value :  3.47575e-08
 Reference value :  3.47775e-08
 Reference value :  3.47925e-08
 Reference value :  3.48125e-08
 Reference value :  3.48325e-08
 Reference value :  3.48525e-08
 Reference value :  3.48725e-08
 Reference value :  3.48875e-08
 Reference value :  3.49075e-08
 Reference value :  3.49225e-08
 Reference value :  3.49375e-08
 Reference value :  3.49575e-08
 Reference value :  3.49775e-08
 Reference value :  3.50025e-08
 Reference value :  3.50275e-08
 Reference value :  3.50425e-08
 Reference value :  3.50625e-08
 Reference value :  3.50825e-08
 Reference value :  3.50975e-08
 Reference value :  3.51175e-08
 Reference value :  3.51425e-08
 Reference value :  3.51625e-08
 Reference value :  3.51775e-08
 Reference value :  3.51925e-08
 Reference value :  3.52125e-08
 Reference value :  3.52275e-08
 Reference value :  3.52475e-08
 Reference value :  3.52625e-08
 Reference value :  3.52825e-08
 Reference value :  3.53025e-08
 Reference value :  3.53225e-08
 Reference value :  3.53475e-08
 Reference value :  3.53675e-08
 Reference value :  3.53875e-08
 Reference value :  3.54025e-08
 Reference value :  3.54175e-08
 Reference value :  3.54375e-08
 Reference value :  3.54575e-08
 Reference value :  3.54825e-08
 Reference value :  3.55075e-08
 Reference value :  3.55275e-08
 Reference value :  3.55475e-08
 Reference value :  3.55625e-08
 Reference value :  3.55775e-08
 Reference value :  3.55925e-08
 Reference value :  3.56075e-08
 Reference value :  3.56275e-08
 Reference value :  3.56475e-08
 Reference value :  3.56625e-08
 Reference value :  3.56825e-08
 Reference value :  3.56975e-08
 Reference value :  3.57175e-08
 Reference value :  3.57325e-08
 Reference value :  3.57525e-08
 Reference value :  3.57675e-08
 Reference value :  3.57875e-08
 Reference value :  3.58075e-08
 Reference value :  3.58275e-08
 Reference value :  3.58475e-08
 Reference value :  3.58675e-08
 Reference value :  3.58875e-08
 Reference value :  3.59025e-08
 Reference value :  3.59175e-08
 Reference value :  3.59325e-08
 Reference value :  3.59525e-08
 Reference value :  3.59725e-08
 Reference value :  3.59875e-08
 Reference value :  3.60025e-08
 Reference value :  3.60225e-08
 Reference value :  3.60425e-08
 Reference value :  3.60625e-08
 Reference value :  3.60825e-08
 Reference value :  3.60975e-08
 Reference value :  3.61175e-08
 Reference value :  3.61375e-08
 Reference value :  3.61525e-08
 Reference value :  3.61725e-08
 Reference value :  3.61925e-08
 Reference value :  3.62125e-08
 Reference value :  3.62275e-08
 Reference value :  3.62475e-08
 Reference value :  3.62675e-08
 Reference value :  3.62875e-08
 Reference value :  3.63075e-08
 Reference value :  3.63275e-08
 Reference value :  3.63475e-08
 Reference value :  3.63675e-08
 Reference value :  3.63875e-08
 Reference value :  3.64075e-08
 Reference value :  3.64275e-08
 Reference value :  3.64475e-08
 Reference value :  3.64675e-08
 Reference value :  3.64825e-08
 Reference value :  3.65025e-08
 Reference value :  3.65225e-08
 Reference value :  3.65475e-08
 Reference value :  3.65675e-08
 Reference value :  3.65825e-08
 Reference value :  3.66025e-08
 Reference value :  3.66175e-08
 Reference value :  3.66375e-08
 Reference value :  3.66575e-08
 Reference value :  3.66775e-08
 Reference value :  3.66975e-08
 Reference value :  3.67175e-08
 Reference value :  3.67325e-08
 Reference value :  3.67525e-08
 Reference value :  3.67675e-08
 Reference value :  3.67875e-08
 Reference value :  3.68075e-08
 Reference value :  3.68275e-08
 Reference value :  3.68475e-08
 Reference value :  3.68675e-08
 Reference value :  3.68875e-08
 Reference value :  3.69075e-08
 Reference value :  3.69275e-08
 Reference value :  3.69525e-08
 Reference value :  3.69725e-08
 Reference value :  3.69925e-08
 Reference value :  3.70125e-08
 Reference value :  3.70275e-08
 Reference value :  3.70475e-08
 Reference value :  3.70675e-08
 Reference value :  3.70875e-08
 Reference value :  3.71075e-08
 Reference value :  3.71275e-08
 Reference value :  3.71425e-08
 Reference value :  3.71575e-08
 Reference value :  3.71725e-08
 Reference value :  3.71925e-08
 Reference value :  3.72125e-08
 Reference value :  3.72325e-08
 Reference value :  3.72525e-08
 Reference value :  3.72725e-08
 Reference value :  3.72875e-08
 Reference value :  3.73075e-08
 Reference value :  3.73325e-08
 Reference value :  3.73475e-08
 Reference value :  3.73675e-08
 Reference value :  3.73825e-08
 Reference value :  3.74075e-08
 Reference value :  3.74275e-08
 Reference value :  3.74475e-08
 Reference value :  3.74625e-08
 Reference value :  3.74825e-08
 Reference value :  3.75025e-08
 Reference value :  3.75175e-08
 Reference value :  3.75375e-08
 Reference value :  3.75575e-08
 Reference value :  3.75725e-08
 Reference value :  3.75925e-08
 Reference value :  3.76125e-08
 Reference value :  3.76375e-08
 Reference value :  3.76575e-08
 Reference value :  3.76775e-08
 Reference value :  3.76975e-08
 Reference value :  3.77125e-08
 Reference value :  3.77325e-08
 Reference value :  3.77475e-08
 Reference value :  3.77675e-08
 Reference value :  3.77875e-08
 Reference value :  3.78075e-08
 Reference value :  3.78275e-08
 Reference value :  3.78425e-08
 Reference value :  3.78575e-08
 Reference value :  3.78775e-08
 Reference value :  3.78975e-08
 Reference value :  3.79125e-08
 Reference value :  3.79275e-08
 Reference value :  3.79425e-08
 Reference value :  3.79575e-08
 Reference value :  3.79775e-08
 Reference value :  3.79975e-08
 Reference value :  3.80175e-08
 Reference value :  3.80375e-08
 Reference value :  3.80525e-08
 Reference value :  3.80675e-08
 Reference value :  3.80875e-08
 Reference value :  3.81025e-08
 Reference value :  3.81175e-08
 Reference value :  3.81325e-08
 Reference value :  3.81475e-08
 Reference value :  3.81625e-08
 Reference value :  3.81775e-08
 Reference value :  3.81975e-08
 Reference value :  3.82175e-08
 Reference value :  3.82375e-08
 Reference value :  3.82575e-08
 Reference value :  3.82775e-08
 Reference value :  3.82925e-08
 Reference value :  3.83125e-08
 Reference value :  3.83275e-08
 Reference value :  3.83475e-08
 Reference value :  3.83625e-08
 Reference value :  3.83825e-08
 Reference value :  3.83975e-08
 Reference value :  3.84175e-08
 Reference value :  3.84375e-08
 Reference value :  3.84575e-08
 Reference value :  3.84725e-08
 Reference value :  3.84875e-08
 Reference value :  3.85075e-08
 Reference value :  3.85225e-08
 Reference value :  3.85375e-08
 Reference value :  3.85525e-08
 Reference value :  3.85675e-08
 Reference value :  3.85875e-08
 Reference value :  3.86075e-08
 Reference value :  3.86275e-08
 Reference value :  3.86425e-08
 Reference value :  3.86575e-08
 Reference value :  3.86725e-08
 Reference value :  3.86875e-08
 Reference value :  3.87025e-08
 Reference value :  3.87175e-08
 Reference value :  3.87375e-08
 Reference value :  3.87525e-08
 Reference value :  3.87725e-08
 Reference value :  3.87925e-08
 Reference value :  3.88125e-08
 Reference value :  3.88275e-08
 Reference value :  3.88425e-08
 Reference value :  3.88625e-08
 Reference value :  3.88775e-08
 Reference value :  3.88925e-08
 Reference value :  3.89125e-08
 Reference value :  3.89325e-08
 Reference value :  3.89475e-08
 Reference value :  3.89675e-08
 Reference value :  3.89825e-08
 Reference value :  3.90025e-08
 Reference value :  3.90225e-08
 Reference value :  3.90375e-08
 Reference value :  3.90525e-08
 Reference value :  3.90675e-08
 Reference value :  3.90825e-08
 Reference value :  3.90975e-08
 Reference value :  3.91125e-08
 Reference value :  3.91325e-08
 Reference value :  3.91525e-08
 Reference value :  3.91675e-08
 Reference value :  3.91875e-08
 Reference value :  3.92025e-08
 Reference value :  3.92225e-08
 Reference value :  3.92425e-08
 Reference value :  3.92625e-08
 Reference value :  3.92825e-08
 Reference value :  3.93025e-08
 Reference value :  3.93225e-08
 Reference value :  3.93425e-08
 Reference value :  3.93625e-08
 Reference value :  3.93825e-08
 Reference value :  3.93975e-08
 Reference value :  3.94175e-08
 Reference value :  3.94375e-08
 Reference value :  3.94625e-08
 Reference value :  3.94825e-08
 Reference value :  3.95025e-08
 Reference value :  3.95225e-08
 Reference value :  3.95375e-08
 Reference value :  3.95575e-08
 Reference value :  3.95725e-08
 Reference value :  3.95925e-08
 Reference value :  3.96075e-08
 Reference value :  3.96225e-08
 Reference value :  3.96425e-08
 Reference value :  3.96625e-08
 Reference value :  3.96825e-08
 Reference value :  3.97025e-08
 Reference value :  3.97225e-08
 Reference value :  3.97425e-08
 Reference value :  3.97625e-08
 Reference value :  3.97775e-08
 Reference value :  3.97975e-08
 Reference value :  3.98175e-08
 Reference value :  3.98325e-08
 Reference value :  3.98525e-08
 Reference value :  3.98725e-08
 Reference value :  3.98925e-08
 Reference value :  3.99125e-08
 Reference value :  3.99325e-08
 Reference value :  3.99525e-08
 Reference value :  3.99675e-08
 Reference value :  3.99875e-08
 Reference value :  4.00025e-08
 Reference value :  4.00225e-08
 Reference value :  4.00425e-08
 Reference value :  4.00625e-08
 Reference value :  4.00825e-08
 Reference value :  4.01025e-08
 Reference value :  4.01175e-08
 Reference value :  4.01325e-08
 Reference value :  4.01525e-08
 Reference value :  4.01725e-08
 Reference value :  4.01925e-08
 Reference value :  4.02125e-08
 Reference value :  4.02325e-08
 Reference value :  4.02475e-08
 Reference value :  4.02625e-08
 Reference value :  4.02825e-08
 Reference value :  4.03025e-08
 Reference value :  4.03225e-08
 Reference value :  4.03475e-08
 Reference value :  4.03675e-08
 Reference value :  4.03875e-08
 Reference value :  4.04075e-08
 Reference value :  4.04275e-08
 Reference value :  4.04475e-08
 Reference value :  4.04725e-08
 Reference value :  4.04925e-08
 Reference value :  4.05125e-08
 Reference value :  4.05325e-08
 Reference value :  4.05525e-08
 Reference value :  4.05725e-08
 Reference value :  4.05975e-08
 Reference value :  4.06175e-08
 Reference value :  4.06375e-08
 Reference value :  4.06575e-08
 Reference value :  4.06775e-08
 Reference value :  4.06975e-08
 Reference value :  4.07125e-08
 Reference value :  4.07375e-08
 Reference value :  4.07575e-08
 Reference value :  4.07725e-08
 Reference value :  4.07925e-08
 Reference value :  4.08125e-08
 Reference value :  4.08275e-08
 Reference value :  4.08425e-08
 Reference value :  4.08575e-08
 Reference value :  4.08775e-08
 Reference value :  4.08975e-08
 Reference value :  4.09125e-08
 Reference value :  4.09275e-08
 Reference value :  4.09475e-08
 Reference value :  4.09625e-08
 Reference value :  4.09825e-08
 Reference value :  4.10025e-08
 Reference value :  4.10225e-08
 Reference value :  4.10375e-08
 Reference value :  4.10625e-08
 Reference value :  4.10825e-08
 Reference value :  4.11025e-08
 Reference value :  4.11225e-08
 Reference value :  4.11425e-08
 Reference value :  4.11625e-08
 Reference value :  4.11875e-08
 Reference value :  4.12075e-08
 Reference value :  4.12275e-08
 Reference value :  4.12475e-08
 Reference value :  4.12725e-08
 Reference value :  4.12875e-08
 Reference value :  4.13075e-08
 Reference value :  4.13275e-08
 Reference value :  4.13475e-08
 Reference value :  4.13675e-08
 Reference value :  4.13925e-08
 Reference value :  4.14125e-08
 Reference value :  4.14275e-08
 Reference value :  4.14425e-08
 Reference value :  4.14625e-08
 Reference value :  4.14825e-08
 Reference value :  4.15025e-08
 Reference value :  4.15175e-08
 Reference value :  4.15425e-08
 Reference value :  4.15625e-08
 Reference value :  4.15875e-08
 Reference value :  4.16075e-08
 Reference value :  4.16275e-08
 Reference value :  4.16575e-08
 Reference value :  4.16725e-08
 Reference value :  4.16975e-08
 Reference value :  4.17175e-08
 Reference value :  4.17375e-08
 Reference value :  4.17525e-08
 Reference value :  4.17725e-08
 Reference value :  4.17925e-08
 Reference value :  4.18125e-08
 Reference value :  4.18325e-08
 Reference value :  4.18525e-08
 Reference value :  4.18725e-08
 Reference value :  4.18925e-08
 Reference value :  4.19125e-08
 Reference value :  4.19325e-08
 Reference value :  4.19525e-08
 Reference value :  4.19725e-08
 Reference value :  4.19925e-08
 Reference value :  4.20075e-08
 Reference value :  4.20275e-08
 Reference value :  4.20475e-08
 Reference value :  4.20725e-08
 Reference value :  4.20925e-08
 Reference value :  4.21125e-08
 Reference value :  4.21325e-08
 Reference value :  4.21525e-08
 Reference value :  4.21775e-08
 Reference value :  4.21975e-08
 Reference value :  4.22175e-08
 Reference value :  4.22375e-08
 Reference value :  4.22575e-08
 Reference value :  4.22775e-08
 Reference value :  4.22925e-08
 Reference value :  4.23175e-08
 Reference value :  4.23375e-08
 Reference value :  4.23525e-08
 Reference value :  4.23675e-08
 Reference value :  4.23875e-08
 Reference value :  4.24075e-08
 Reference value :  4.24225e-08
 Reference value :  4.24425e-08
 Reference value :  4.24625e-08
 Reference value :  4.24775e-08
 Reference value :  4.24975e-08
 Reference value :  4.25125e-08
 Reference value :  4.25275e-08
 Reference value :  4.25475e-08
 Reference value :  4.25675e-08
 Reference value :  4.25925e-08
 Reference value :  4.26125e-08
 Reference value :  4.26275e-08
 Reference value :  4.26475e-08
 Reference value :  4.26675e-08
 Reference value :  4.26875e-08
 Reference value :  4.27025e-08
 Reference value :  4.27225e-08
 Reference value :  4.27375e-08
 Reference value :  4.27625e-08
 Reference value :  4.27825e-08
 Reference value :  4.28025e-08
 Reference value :  4.28175e-08
 Reference value :  4.28325e-08
 Reference value :  4.28575e-08
 Reference value :  4.28775e-08
 Reference value :  4.28925e-08
 Reference value :  4.29075e-08
 Reference value :  4.29275e-08
 Reference value :  4.29425e-08
 Reference value :  4.29625e-08
 Reference value :  4.29825e-08
 Reference value :  4.29975e-08
 Reference value :  4.30125e-08
 Reference value :  4.30275e-08
 Reference value :  4.30425e-08
 Reference value :  4.30625e-08
 Reference value :  4.30775e-08
 Reference value :  4.30975e-08
 Reference value :  4.31125e-08
 Reference value :  4.31275e-08
 Reference value :  4.31425e-08
 Reference value :  4.31575e-08
 Reference value :  4.31775e-08
 Reference value :  4.31925e-08
 Reference value :  4.32125e-08
 Reference value :  4.32325e-08
 Reference value :  4.32475e-08
 Reference value :  4.32675e-08
 Reference value :  4.32875e-08
 Reference value :  4.33075e-08
 Reference value :  4.33225e-08
 Reference value :  4.33425e-08
 Reference value :  4.33575e-08
 Reference value :  4.33775e-08
 Reference value :  4.33925e-08
 Reference value :  4.34125e-08
 Reference value :  4.34325e-08
 Reference value :  4.34475e-08
 Reference value :  4.34675e-08
 Reference value :  4.34825e-08
 Reference value :  4.35025e-08
 Reference value :  4.35225e-08
 Reference value :  4.35425e-08
 Reference value :  4.35575e-08
 Reference value :  4.35725e-08
 Reference value :  4.35875e-08
 Reference value :  4.36025e-08
 Reference value :  4.36225e-08
 Reference value :  4.36425e-08
 Reference value :  4.36575e-08
 Reference value :  4.36725e-08
 Reference value :  4.36875e-08
 Reference value :  4.37025e-08
 Reference value :  4.37225e-08
 Reference value :  4.37375e-08
 Reference value :  4.37525e-08
 Reference value :  4.37675e-08
 Reference value :  4.37875e-08
 Reference value :  4.38025e-08
 Reference value :  4.38175e-08
 Reference value :  4.38375e-08
 Reference value :  4.38525e-08
 Reference value :  4.38725e-08
 Reference value :  4.38925e-08
 Reference value :  4.39125e-08
 Reference value :  4.39325e-08
 Reference value :  4.39575e-08
 Reference value :  4.39725e-08
 Reference value :  4.39875e-08
 Reference value :  4.40075e-08
 Reference value :  4.40225e-08
 Reference value :  4.40425e-08
 Reference value :  4.40575e-08
 Reference value :  4.40775e-08
 Reference value :  4.40975e-08
 Reference value :  4.41175e-08
 Reference value :  4.41375e-08
 Reference value :  4.41575e-08
 Reference value :  4.41725e-08
 Reference value :  4.41875e-08
 Reference value :  4.42075e-08
 Reference value :  4.42225e-08
 Reference value :  4.42375e-08
 Reference value :  4.42525e-08
 Reference value :  4.42725e-08
 Reference value :  4.42875e-08
 Reference value :  4.43025e-08
 Reference value :  4.43175e-08
 Reference value :  4.43325e-08
 Reference value :  4.43475e-08
 Reference value :  4.43625e-08
 Reference value :  4.43825e-08
 Reference value :  4.43975e-08
 Reference value :  4.44125e-08
 Reference value :  4.44325e-08
 Reference value :  4.44525e-08
 Reference value :  4.44725e-08
 Reference value :  4.44875e-08
 Reference value :  4.45075e-08
 Reference value :  4.45225e-08
 Reference value :  4.45425e-08
 Reference value :  4.45625e-08
 Reference value :  4.45775e-08
 Reference value :  4.45975e-08
 Reference value :  4.46125e-08
 Reference value :  4.46325e-08
 Reference value :  4.46525e-08
 Reference value :  4.46675e-08
 Reference value :  4.46825e-08
 Reference value :  4.47025e-08
 Reference value :  4.47275e-08
 Reference value :  4.47475e-08
 Reference value :  4.47675e-08
 Reference value :  4.47925e-08
 Reference value :  4.48175e-08
 Reference value :  4.48375e-08
 Reference value :  4.48575e-08
 Reference value :  4.48725e-08
 Reference value :  4.48875e-08
 Reference value :  4.49025e-08
 Reference value :  4.49175e-08
 Reference value :  4.49325e-08
 Reference value :  4.49525e-08
 Reference value :  4.49725e-08
 Reference value :  4.49875e-08
 Reference value :  4.50025e-08
 Reference value :  4.50175e-08
 Reference value :  4.50325e-08
 Reference value :  4.50475e-08
 Reference value :  4.50675e-08
 Reference value :  4.50825e-08
 Reference value :  4.51000e-08
No. of Data Rows : 9034
Note: Simulation executed from .control section 
