
Note: Compatibility modes selected: hs a


Circuit: * comparator-decision regen-time sweep -- vindiff=1mv corner=tt temp=27.0c (issue #9)

option SCALE: Scale is set to 1e-06 for instance and model parameters
option SCALE: Scale is set to 1e-06 for instance and model parameters
option SCALE: Scale is set to 1e-06 for instance and model parameters
option SCALE: Scale is set to 1e-06 for instance and model parameters
Doing analysis at TEMP = 27.000000 and TNOM = 27.000000

Using KLU as Direct Linear Solver
 Reference value :  0.00000e+00
 Reference value :  2.00000e-13
 Reference value :  3.20000e-12
 Reference value :  1.64000e-11
 Reference value :  3.14000e-11
 Reference value :  4.64000e-11
 Reference value :  6.14000e-11
 Reference value :  7.64000e-11
 Reference value :  9.14000e-11
 Reference value :  1.06400e-10
 Reference value :  1.26400e-10
 Reference value :  1.46400e-10
 Reference value :  1.66400e-10
 Reference value :  1.81400e-10
 Reference value :  1.96400e-10
 Reference value :  2.16400e-10
 Reference value :  2.31400e-10
 Reference value :  2.51400e-10
 Reference value :  2.71400e-10
 Reference value :  2.86400e-10
 Reference value :  3.01400e-10
 Reference value :  3.16400e-10
 Reference value :  3.31400e-10
 Reference value :  3.51400e-10
 Reference value :  3.71400e-10
 Reference value :  3.91400e-10
 Reference value :  4.06400e-10
 Reference value :  4.26400e-10
 Reference value :  4.46400e-10
 Reference value :  4.61400e-10
 Reference value :  4.81400e-10
 Reference value :  5.01400e-10
 Reference value :  5.21400e-10
 Reference value :  5.36400e-10
 Reference value :  5.51400e-10
 Reference value :  5.66400e-10
 Reference value :  5.86400e-10
 Reference value :  6.01400e-10
 Reference value :  6.16400e-10
 Reference value :  6.31400e-10
 Reference value :  6.46400e-10
 Reference value :  6.61400e-10
 Reference value :  6.76400e-10
 Reference value :  6.91400e-10
 Reference value :  7.06400e-10
 Reference value :  7.21400e-10
 Reference value :  7.36400e-10
 Reference value :  7.51400e-10
 Reference value :  7.71400e-10
 Reference value :  7.91400e-10
 Reference value :  8.06400e-10
 Reference value :  8.26400e-10
 Reference value :  8.46400e-10
 Reference value :  8.66400e-10
 Reference value :  8.86400e-10
 Reference value :  9.01400e-10
 Reference value :  9.16400e-10
 Reference value :  9.36400e-10
 Reference value :  9.51400e-10
 Reference value :  9.71400e-10
 Reference value :  9.86400e-10
 Reference value :  1.00640e-09
 Reference value :  1.02640e-09
 Reference value :  1.04140e-09
 Reference value :  1.06640e-09
 Reference value :  1.08140e-09
 Reference value :  1.10140e-09
 Reference value :  1.11640e-09
 Reference value :  1.13140e-09
 Reference value :  1.14640e-09
 Reference value :  1.16640e-09
 Reference value :  1.18640e-09
 Reference value :  1.20640e-09
 Reference value :  1.23140e-09
 Reference value :  1.25140e-09
 Reference value :  1.27140e-09
 Reference value :  1.28640e-09
 Reference value :  1.30140e-09
 Reference value :  1.31640e-09
 Reference value :  1.33640e-09
 Reference value :  1.35640e-09
 Reference value :  1.37140e-09
 Reference value :  1.39640e-09
 Reference value :  1.42140e-09
 Reference value :  1.44140e-09
 Reference value :  1.46140e-09
 Reference value :  1.48140e-09
 Reference value :  1.50140e-09
 Reference value :  1.52140e-09
 Reference value :  1.54140e-09
 Reference value :  1.55640e-09
 Reference value :  1.57640e-09
 Reference value :  1.59140e-09
 Reference value :  1.60640e-09
 Reference value :  1.62140e-09
 Reference value :  1.64140e-09
 Reference value :  1.66140e-09
 Reference value :  1.68140e-09
 Reference value :  1.70140e-09
 Reference value :  1.72140e-09
 Reference value :  1.74140e-09
 Reference value :  1.76140e-09
 Reference value :  1.78140e-09
 Reference value :  1.80140e-09
 Reference value :  1.82140e-09
 Reference value :  1.83640e-09
 Reference value :  1.85140e-09
 Reference value :  1.86640e-09
 Reference value :  1.88140e-09
 Reference value :  1.89640e-09
 Reference value :  1.91640e-09
 Reference value :  1.93140e-09
 Reference value :  1.95140e-09
 Reference value :  1.97140e-09
 Reference value :  1.99140e-09
 Reference value :  2.00640e-09
 Reference value :  2.02640e-09
 Reference value :  2.04140e-09
 Reference value :  2.06140e-09
 Reference value :  2.07640e-09
 Reference value :  2.09140e-09
 Reference value :  2.10640e-09
 Reference value :  2.12140e-09
 Reference value :  2.14140e-09
 Reference value :  2.16640e-09
 Reference value :  2.18640e-09
 Reference value :  2.21140e-09
 Reference value :  2.23140e-09
 Reference value :  2.25140e-09
 Reference value :  2.27140e-09
 Reference value :  2.30140e-09
 Reference value :  2.32640e-09
 Reference value :  2.34640e-09
 Reference value :  2.36640e-09
 Reference value :  2.38640e-09
 Reference value :  2.41140e-09
 Reference value :  2.42640e-09
 Reference value :  2.44640e-09
 Reference value :  2.46640e-09
 Reference value :  2.48640e-09
 Reference value :  2.50640e-09
 Reference value :  2.53140e-09
 Reference value :  2.55140e-09
 Reference value :  2.57140e-09
 Reference value :  2.59140e-09
 Reference value :  2.61140e-09
 Reference value :  2.62640e-09
 Reference value :  2.64640e-09
 Reference value :  2.66640e-09
 Reference value :  2.68140e-09
 Reference value :  2.70140e-09
 Reference value :  2.72140e-09
 Reference value :  2.73640e-09
 Reference value :  2.75640e-09
 Reference value :  2.77640e-09
 Reference value :  2.80140e-09
 Reference value :  2.82640e-09
 Reference value :  2.85140e-09
 Reference value :  2.87140e-09
 Reference value :  2.89140e-09
 Reference value :  2.90640e-09
 Reference value :  2.92640e-09
 Reference value :  2.94640e-09
 Reference value :  2.97140e-09
 Reference value :  2.99640e-09
 Reference value :  3.01640e-09
 Reference value :  3.03640e-09
 Reference value :  3.05640e-09
 Reference value :  3.07640e-09
 Reference value :  3.10140e-09
 Reference value :  3.12140e-09
 Reference value :  3.14140e-09
 Reference value :  3.16140e-09
 Reference value :  3.18140e-09
 Reference value :  3.20140e-09
 Reference value :  3.22140e-09
 Reference value :  3.24640e-09
 Reference value :  3.26640e-09
 Reference value :  3.28140e-09
 Reference value :  3.30140e-09
 Reference value :  3.31640e-09
 Reference value :  3.33640e-09
 Reference value :  3.35140e-09
 Reference value :  3.36640e-09
 Reference value :  3.38140e-09
 Reference value :  3.39640e-09
 Reference value :  3.41640e-09
 Reference value :  3.43640e-09
 Reference value :  3.45140e-09
 Reference value :  3.47140e-09
 Reference value :  3.49140e-09
 Reference value :  3.50640e-09
 Reference value :  3.52640e-09
 Reference value :  3.54640e-09
 Reference value :  3.56640e-09
 Reference value :  3.58640e-09
 Reference value :  3.61140e-09
 Reference value :  3.63140e-09
 Reference value :  3.65140e-09
 Reference value :  3.67140e-09
 Reference value :  3.68640e-09
 Reference value :  3.70640e-09
 Reference value :  3.72640e-09
 Reference value :  3.75140e-09
 Reference value :  3.77640e-09
 Reference value :  3.80140e-09
 Reference value :  3.82640e-09
 Reference value :  3.87140e-09
 Reference value :  3.89140e-09
 Reference value :  3.91640e-09
 Reference value :  3.93640e-09
 Reference value :  3.95640e-09
 Reference value :  3.98140e-09
 Reference value :  4.00640e-09
 Reference value :  4.02640e-09
 Reference value :  4.04640e-09
 Reference value :  4.06640e-09
 Reference value :  4.08640e-09
 Reference value :  4.10640e-09
 Reference value :  4.12640e-09
 Reference value :  4.14640e-09
 Reference value :  4.16640e-09
 Reference value :  4.18640e-09
 Reference value :  4.20640e-09
 Reference value :  4.23140e-09
 Reference value :  4.25140e-09
 Reference value :  4.27140e-09
 Reference value :  4.29640e-09
 Reference value :  4.31640e-09
 Reference value :  4.34140e-09
 Reference value :  4.36140e-09
 Reference value :  4.38140e-09
 Reference value :  4.40140e-09
 Reference value :  4.41640e-09
 Reference value :  4.43640e-09
 Reference value :  4.45640e-09
 Reference value :  4.47640e-09
 Reference value :  4.50140e-09
 Reference value :  4.51640e-09
 Reference value :  4.53640e-09
 Reference value :  4.55640e-09
 Reference value :  4.57640e-09
 Reference value :  4.59640e-09
 Reference value :  4.61640e-09
 Reference value :  4.63640e-09
 Reference value :  4.65140e-09
 Reference value :  4.67140e-09
 Reference value :  4.69140e-09
 Reference value :  4.70640e-09
 Reference value :  4.72640e-09
 Reference value :  4.74140e-09
 Reference value :  4.76140e-09
 Reference value :  4.78140e-09
 Reference value :  4.80140e-09
 Reference value :  4.82140e-09
 Reference value :  4.84140e-09
 Reference value :  4.86140e-09
 Reference value :  4.88140e-09
 Reference value :  4.90640e-09
 Reference value :  4.93140e-09
 Reference value :  4.95640e-09
 Reference value :  4.97640e-09
 Reference value :  5.00000e-09
 Reference value :  5.00350e-09
 Reference value :  5.02250e-09
 Reference value :  5.04250e-09
 Reference value :  5.06750e-09
 Reference value :  5.08750e-09
 Reference value :  5.10050e-09
 Reference value :  5.11250e-09
 Reference value :  5.13250e-09
 Reference value :  5.15250e-09
 Reference value :  5.16750e-09
 Reference value :  5.18750e-09
 Reference value :  5.21250e-09
 Reference value :  5.23250e-09
 Reference value :  5.25250e-09
 Reference value :  5.27250e-09
 Reference value :  5.28750e-09
 Reference value :  5.30250e-09
 Reference value :  5.32250e-09
 Reference value :  5.34250e-09
 Reference value :  5.36250e-09
 Reference value :  5.38250e-09
 Reference value :  5.39750e-09
 Reference value :  5.40750e-09
 Reference value :  5.42750e-09
 Reference value :  5.44750e-09
 Reference value :  5.46750e-09
 Reference value :  5.48750e-09
 Reference value :  5.50250e-09
 Reference value :  5.52250e-09
 Reference value :  5.54750e-09
 Reference value :  5.56750e-09
 Reference value :  5.58250e-09
 Reference value :  5.59750e-09
 Reference value :  5.61750e-09
 Reference value :  5.63750e-09
 Reference value :  5.65250e-09
 Reference value :  5.67250e-09
 Reference value :  5.68750e-09
 Reference value :  5.70250e-09
 Reference value :  5.72250e-09
 Reference value :  5.73750e-09
 Reference value :  5.75250e-09
 Reference value :  5.77250e-09
 Reference value :  5.79250e-09
 Reference value :  5.81250e-09
 Reference value :  5.83250e-09
 Reference value :  5.85250e-09
 Reference value :  5.87250e-09
 Reference value :  5.88750e-09
 Reference value :  5.90250e-09
 Reference value :  5.92250e-09
 Reference value :  5.93750e-09
 Reference value :  5.95750e-09
 Reference value :  5.97250e-09
 Reference value :  5.98750e-09
 Reference value :  6.00750e-09
 Reference value :  6.02750e-09
 Reference value :  6.05250e-09
 Reference value :  6.07250e-09
 Reference value :  6.08750e-09
 Reference value :  6.10750e-09
 Reference value :  6.12750e-09
 Reference value :  6.14750e-09
 Reference value :  6.16750e-09
 Reference value :  6.18750e-09
 Reference value :  6.21250e-09
 Reference value :  6.23750e-09
 Reference value :  6.26250e-09
 Reference value :  6.28250e-09
 Reference value :  6.30250e-09
 Reference value :  6.32250e-09
 Reference value :  6.33750e-09
 Reference value :  6.35750e-09
 Reference value :  6.37750e-09
 Reference value :  6.39250e-09
 Reference value :  6.41250e-09
 Reference value :  6.44250e-09
 Reference value :  6.46750e-09
 Reference value :  6.48250e-09
 Reference value :  6.50250e-09
 Reference value :  6.52750e-09
 Reference value :  6.54750e-09
 Reference value :  6.56250e-09
 Reference value :  6.58250e-09
 Reference value :  6.60250e-09
 Reference value :  6.61750e-09
 Reference value :  6.63750e-09
 Reference value :  6.65750e-09
 Reference value :  6.67250e-09
 Reference value :  6.69250e-09
 Reference value :  6.71250e-09
 Reference value :  6.72750e-09
 Reference value :  6.74750e-09
 Reference value :  6.76750e-09
 Reference value :  6.78250e-09
 Reference value :  6.80250e-09
 Reference value :  6.81750e-09
 Reference value :  6.83750e-09
 Reference value :  6.85250e-09
 Reference value :  6.87250e-09
 Reference value :  6.89750e-09
 Reference value :  6.91750e-09
 Reference value :  6.93750e-09
 Reference value :  6.95250e-09
 Reference value :  6.97750e-09
 Reference value :  6.99750e-09
 Reference value :  7.01750e-09
 Reference value :  7.03250e-09
 Reference value :  7.05250e-09
 Reference value :  7.07250e-09
 Reference value :  7.09250e-09
 Reference value :  7.11250e-09
 Reference value :  7.12750e-09
 Reference value :  7.14750e-09
 Reference value :  7.16750e-09
 Reference value :  7.18750e-09
 Reference value :  7.20750e-09
 Reference value :  7.22750e-09
 Reference value :  7.24750e-09
 Reference value :  7.26750e-09
 Reference value :  7.28750e-09
 Reference value :  7.30750e-09
 Reference value :  7.32750e-09
 Reference value :  7.34750e-09
 Reference value :  7.36750e-09
 Reference value :  7.39250e-09
 Reference value :  7.41250e-09
 Reference value :  7.43250e-09
 Reference value :  7.45250e-09
 Reference value :  7.47250e-09
 Reference value :  7.49250e-09
 Reference value :  7.51250e-09
 Reference value :  7.52750e-09
 Reference value :  7.54750e-09
 Reference value :  7.56750e-09
 Reference value :  7.58750e-09
 Reference value :  7.60750e-09
 Reference value :  7.62250e-09
 Reference value :  7.64250e-09
 Reference value :  7.65750e-09
 Reference value :  7.67750e-09
 Reference value :  7.69750e-09
 Reference value :  7.71750e-09
 Reference value :  7.73750e-09
 Reference value :  7.76250e-09
 Reference value :  7.78250e-09
 Reference value :  7.80750e-09
 Reference value :  7.82750e-09
 Reference value :  7.85250e-09
 Reference value :  7.87750e-09
 Reference value :  7.89750e-09
 Reference value :  7.91750e-09
 Reference value :  7.93250e-09
 Reference value :  7.95250e-09
 Reference value :  7.96750e-09
 Reference value :  7.98750e-09
 Reference value :  8.00750e-09
 Reference value :  8.02250e-09
 Reference value :  8.04250e-09
 Reference value :  8.06250e-09
 Reference value :  8.08250e-09
 Reference value :  8.10750e-09
 Reference value :  8.12750e-09
 Reference value :  8.14750e-09
 Reference value :  8.16750e-09
 Reference value :  8.19750e-09
 Reference value :  8.21750e-09
 Reference value :  8.24250e-09
 Reference value :  8.26250e-09
 Reference value :  8.28750e-09
 Reference value :  8.30750e-09
 Reference value :  8.32750e-09
 Reference value :  8.34750e-09
 Reference value :  8.37250e-09
 Reference value :  8.39750e-09
 Reference value :  8.41750e-09
 Reference value :  8.43750e-09
 Reference value :  8.45750e-09
 Reference value :  8.48250e-09
 Reference value :  8.50250e-09
 Reference value :  8.52250e-09
 Reference value :  8.54750e-09
 Reference value :  8.56750e-09
 Reference value :  8.58750e-09
 Reference value :  8.61250e-09
 Reference value :  8.63250e-09
 Reference value :  8.65250e-09
 Reference value :  8.67250e-09
 Reference value :  8.69250e-09
 Reference value :  8.71250e-09
 Reference value :  8.73250e-09
 Reference value :  8.75250e-09
 Reference value :  8.77250e-09
 Reference value :  8.78750e-09
 Reference value :  8.80750e-09
 Reference value :  8.82750e-09
 Reference value :  8.85250e-09
 Reference value :  8.87750e-09
 Reference value :  8.89750e-09
 Reference value :  8.91750e-09
 Reference value :  8.93750e-09
 Reference value :  8.95750e-09
 Reference value :  8.97750e-09
 Reference value :  8.99750e-09
 Reference value :  9.01750e-09
 Reference value :  9.03750e-09
 Reference value :  9.05750e-09
 Reference value :  9.07250e-09
 Reference value :  9.09250e-09
 Reference value :  9.11750e-09
 Reference value :  9.13750e-09
 Reference value :  9.15250e-09
 Reference value :  9.17250e-09
 Reference value :  9.18750e-09
 Reference value :  9.20250e-09
 Reference value :  9.21750e-09
 Reference value :  9.23250e-09
 Reference value :  9.24750e-09
 Reference value :  9.26250e-09
 Reference value :  9.28250e-09
 Reference value :  9.29750e-09
 Reference value :  9.31750e-09
 Reference value :  9.33250e-09
 Reference value :  9.35250e-09
 Reference value :  9.36750e-09
 Reference value :  9.38250e-09
 Reference value :  9.40250e-09
 Reference value :  9.41750e-09
 Reference value :  9.43750e-09
 Reference value :  9.45250e-09
 Reference value :  9.46750e-09
 Reference value :  9.48750e-09
 Reference value :  9.50750e-09
 Reference value :  9.52750e-09
 Reference value :  9.54750e-09
 Reference value :  9.56750e-09
 Reference value :  9.58750e-09
 Reference value :  9.60750e-09
 Reference value :  9.62250e-09
 Reference value :  9.64250e-09
 Reference value :  9.65750e-09
 Reference value :  9.67750e-09
 Reference value :  9.69250e-09
 Reference value :  9.71250e-09
 Reference value :  9.72750e-09
 Reference value :  9.74750e-09
 Reference value :  9.76750e-09
 Reference value :  9.78250e-09
 Reference value :  9.80250e-09
 Reference value :  9.82250e-09
 Reference value :  9.84250e-09
 Reference value :  9.85750e-09
 Reference value :  9.87750e-09
 Reference value :  9.90250e-09
 Reference value :  9.92250e-09
 Reference value :  9.94250e-09
 Reference value :  9.96250e-09
 Reference value :  9.98250e-09
 Reference value :  1.00025e-08
 Reference value :  1.00225e-08
 Reference value :  1.00375e-08
 Reference value :  1.00575e-08
 Reference value :  1.00775e-08
 Reference value :  1.00925e-08
 Reference value :  1.01125e-08
 Reference value :  1.01325e-08
 Reference value :  1.01525e-08
 Reference value :  1.01725e-08
 Reference value :  1.01925e-08
 Reference value :  1.02175e-08
 Reference value :  1.02375e-08
 Reference value :  1.02525e-08
 Reference value :  1.02775e-08
 Reference value :  1.02975e-08
 Reference value :  1.03175e-08
 Reference value :  1.03425e-08
 Reference value :  1.03575e-08
 Reference value :  1.03775e-08
 Reference value :  1.03975e-08
 Reference value :  1.04175e-08
 Reference value :  1.04325e-08
 Reference value :  1.04525e-08
 Reference value :  1.04725e-08
 Reference value :  1.04925e-08
 Reference value :  1.05125e-08
 Reference value :  1.05325e-08
 Reference value :  1.05475e-08
 Reference value :  1.05625e-08
 Reference value :  1.05775e-08
 Reference value :  1.05925e-08
 Reference value :  1.06125e-08
 Reference value :  1.06325e-08
 Reference value :  1.06525e-08
 Reference value :  1.06725e-08
 Reference value :  1.06875e-08
 Reference value :  1.07075e-08
 Reference value :  1.07225e-08
 Reference value :  1.07375e-08
 Reference value :  1.07525e-08
 Reference value :  1.07725e-08
 Reference value :  1.07875e-08
 Reference value :  1.08075e-08
 Reference value :  1.08275e-08
 Reference value :  1.08475e-08
 Reference value :  1.08675e-08
 Reference value :  1.08875e-08
 Reference value :  1.09075e-08
 Reference value :  1.09225e-08
 Reference value :  1.09425e-08
 Reference value :  1.09625e-08
 Reference value :  1.09825e-08
 Reference value :  1.10075e-08
 Reference value :  1.10275e-08
 Reference value :  1.10525e-08
 Reference value :  1.10725e-08
 Reference value :  1.10925e-08
 Reference value :  1.11125e-08
 Reference value :  1.11325e-08
 Reference value :  1.11575e-08
 Reference value :  1.11775e-08
 Reference value :  1.11975e-08
 Reference value :  1.12175e-08
 Reference value :  1.12425e-08
 Reference value :  1.12675e-08
 Reference value :  1.12875e-08
 Reference value :  1.13075e-08
 Reference value :  1.13275e-08
 Reference value :  1.13475e-08
 Reference value :  1.13675e-08
 Reference value :  1.13825e-08
 Reference value :  1.13975e-08
 Reference value :  1.14175e-08
 Reference value :  1.14325e-08
 Reference value :  1.14575e-08
 Reference value :  1.14725e-08
 Reference value :  1.14925e-08
 Reference value :  1.15125e-08
 Reference value :  1.15275e-08
 Reference value :  1.15475e-08
 Reference value :  1.15625e-08
 Reference value :  1.15775e-08
 Reference value :  1.15975e-08
 Reference value :  1.16175e-08
 Reference value :  1.16375e-08
 Reference value :  1.16575e-08
 Reference value :  1.16775e-08
 Reference value :  1.16925e-08
 Reference value :  1.17125e-08
 Reference value :  1.17275e-08
 Reference value :  1.17425e-08
 Reference value :  1.17625e-08
 Reference value :  1.17825e-08
 Reference value :  1.18025e-08
 Reference value :  1.18225e-08
 Reference value :  1.18425e-08
 Reference value :  1.18625e-08
 Reference value :  1.18825e-08
 Reference value :  1.19025e-08
 Reference value :  1.19275e-08
 Reference value :  1.19475e-08
 Reference value :  1.19675e-08
 Reference value :  1.19825e-08
 Reference value :  1.19975e-08
 Reference value :  1.20125e-08
 Reference value :  1.20275e-08
 Reference value :  1.20475e-08
 Reference value :  1.20675e-08
 Reference value :  1.20825e-08
 Reference value :  1.21025e-08
 Reference value :  1.21175e-08
 Reference value :  1.21325e-08
 Reference value :  1.21475e-08
 Reference value :  1.21675e-08
 Reference value :  1.21825e-08
 Reference value :  1.21975e-08
 Reference value :  1.22225e-08
 Reference value :  1.22525e-08
 Reference value :  1.22775e-08
 Reference value :  1.22925e-08
 Reference value :  1.23125e-08
 Reference value :  1.23325e-08
 Reference value :  1.23525e-08
 Reference value :  1.23725e-08
 Reference value :  1.23925e-08
 Reference value :  1.24125e-08
 Reference value :  1.24275e-08
 Reference value :  1.24425e-08
 Reference value :  1.24625e-08
 Reference value :  1.24875e-08
 Reference value :  1.25075e-08
 Reference value :  1.25225e-08
 Reference value :  1.25425e-08
 Reference value :  1.25625e-08
 Reference value :  1.25775e-08
 Reference value :  1.25975e-08
 Reference value :  1.26175e-08
 Reference value :  1.26325e-08
 Reference value :  1.26525e-08
 Reference value :  1.26775e-08
 Reference value :  1.27025e-08
 Reference value :  1.27225e-08
 Reference value :  1.27425e-08
 Reference value :  1.27675e-08
 Reference value :  1.27875e-08
 Reference value :  1.28075e-08
 Reference value :  1.28325e-08
 Reference value :  1.28575e-08
 Reference value :  1.28825e-08
 Reference value :  1.29025e-08
 Reference value :  1.29225e-08
 Reference value :  1.29425e-08
 Reference value :  1.29625e-08
 Reference value :  1.29825e-08
 Reference value :  1.30025e-08
 Reference value :  1.30225e-08
 Reference value :  1.30425e-08
 Reference value :  1.30675e-08
 Reference value :  1.30875e-08
 Reference value :  1.31075e-08
 Reference value :  1.31275e-08
 Reference value :  1.31425e-08
 Reference value :  1.31625e-08
 Reference value :  1.31825e-08
 Reference value :  1.32025e-08
 Reference value :  1.32225e-08
 Reference value :  1.32425e-08
 Reference value :  1.32625e-08
 Reference value :  1.32825e-08
 Reference value :  1.33025e-08
 Reference value :  1.33225e-08
 Reference value :  1.33475e-08
 Reference value :  1.33625e-08
 Reference value :  1.33825e-08
 Reference value :  1.33975e-08
 Reference value :  1.34175e-08
 Reference value :  1.34325e-08
 Reference value :  1.34525e-08
 Reference value :  1.34775e-08
 Reference value :  1.34975e-08
 Reference value :  1.35125e-08
 Reference value :  1.35325e-08
 Reference value :  1.35475e-08
 Reference value :  1.35625e-08
 Reference value :  1.35775e-08
 Reference value :  1.35925e-08
 Reference value :  1.36125e-08
 Reference value :  1.36325e-08
 Reference value :  1.36525e-08
 Reference value :  1.36675e-08
 Reference value :  1.36875e-08
 Reference value :  1.37025e-08
 Reference value :  1.37275e-08
 Reference value :  1.37525e-08
 Reference value :  1.37675e-08
 Reference value :  1.37925e-08
 Reference value :  1.38175e-08
 Reference value :  1.38325e-08
 Reference value :  1.38525e-08
 Reference value :  1.38725e-08
 Reference value :  1.38975e-08
 Reference value :  1.39225e-08
 Reference value :  1.39425e-08
 Reference value :  1.39575e-08
 Reference value :  1.39775e-08
 Reference value :  1.39975e-08
 Reference value :  1.40125e-08
 Reference value :  1.40325e-08
 Reference value :  1.40525e-08
 Reference value :  1.40725e-08
 Reference value :  1.40875e-08
 Reference value :  1.41075e-08
 Reference value :  1.41275e-08
 Reference value :  1.41525e-08
 Reference value :  1.41775e-08
 Reference value :  1.41975e-08
 Reference value :  1.42175e-08
 Reference value :  1.42375e-08
 Reference value :  1.42625e-08
 Reference value :  1.42825e-08
 Reference value :  1.43075e-08
 Reference value :  1.43325e-08
 Reference value :  1.43525e-08
 Reference value :  1.43675e-08
 Reference value :  1.43875e-08
 Reference value :  1.44025e-08
 Reference value :  1.44175e-08
 Reference value :  1.44375e-08
 Reference value :  1.44575e-08
 Reference value :  1.44725e-08
 Reference value :  1.44875e-08
 Reference value :  1.45025e-08
 Reference value :  1.45175e-08
 Reference value :  1.45325e-08
 Reference value :  1.45525e-08
 Reference value :  1.45675e-08
 Reference value :  1.45875e-08
 Reference value :  1.46075e-08
 Reference value :  1.46225e-08
 Reference value :  1.46425e-08
 Reference value :  1.46575e-08
 Reference value :  1.46775e-08
 Reference value :  1.46975e-08
 Reference value :  1.47125e-08
 Reference value :  1.47325e-08
 Reference value :  1.47475e-08
 Reference value :  1.47675e-08
 Reference value :  1.47825e-08
 Reference value :  1.47975e-08
 Reference value :  1.48175e-08
 Reference value :  1.48325e-08
 Reference value :  1.48525e-08
 Reference value :  1.48675e-08
 Reference value :  1.48825e-08
 Reference value :  1.48975e-08
 Reference value :  1.49175e-08
 Reference value :  1.49325e-08
 Reference value :  1.49525e-08
 Reference value :  1.49675e-08
 Reference value :  1.49875e-08
 Reference value :  1.50025e-08
 Reference value :  1.50225e-08
 Reference value :  1.50425e-08
 Reference value :  1.50575e-08
 Reference value :  1.50775e-08
 Reference value :  1.50975e-08
 Reference value :  1.51175e-08
 Reference value :  1.51375e-08
 Reference value :  1.51575e-08
 Reference value :  1.51775e-08
 Reference value :  1.51975e-08
 Reference value :  1.52125e-08
 Reference value :  1.52275e-08
 Reference value :  1.52475e-08
 Reference value :  1.52625e-08
 Reference value :  1.52775e-08
 Reference value :  1.52925e-08
 Reference value :  1.53075e-08
 Reference value :  1.53225e-08
 Reference value :  1.53425e-08
 Reference value :  1.53575e-08
 Reference value :  1.53725e-08
 Reference value :  1.53925e-08
 Reference value :  1.54075e-08
 Reference value :  1.54225e-08
 Reference value :  1.54375e-08
 Reference value :  1.54575e-08
 Reference value :  1.54775e-08
 Reference value :  1.54925e-08
 Reference value :  1.55075e-08
 Reference value :  1.55225e-08
 Reference value :  1.55375e-08
 Reference value :  1.55525e-08
 Reference value :  1.55725e-08
 Reference value :  1.55875e-08
 Reference value :  1.56075e-08
 Reference value :  1.56275e-08
 Reference value :  1.56425e-08
 Reference value :  1.56575e-08
 Reference value :  1.56775e-08
 Reference value :  1.56925e-08
 Reference value :  1.57075e-08
 Reference value :  1.57275e-08
 Reference value :  1.57425e-08
 Reference value :  1.57575e-08
 Reference value :  1.57775e-08
 Reference value :  1.57925e-08
 Reference value :  1.58075e-08
 Reference value :  1.58225e-08
 Reference value :  1.58375e-08
 Reference value :  1.58575e-08
 Reference value :  1.58725e-08
 Reference value :  1.58925e-08
 Reference value :  1.59075e-08
 Reference value :  1.59225e-08
 Reference value :  1.59375e-08
 Reference value :  1.59575e-08
 Reference value :  1.59725e-08
 Reference value :  1.59925e-08
 Reference value :  1.60075e-08
 Reference value :  1.60225e-08
 Reference value :  1.60425e-08
 Reference value :  1.60625e-08
 Reference value :  1.60825e-08
 Reference value :  1.61025e-08
 Reference value :  1.61225e-08
 Reference value :  1.61425e-08
 Reference value :  1.61625e-08
 Reference value :  1.61825e-08
 Reference value :  1.61975e-08
 Reference value :  1.62175e-08
 Reference value :  1.62375e-08
 Reference value :  1.62525e-08
 Reference value :  1.62675e-08
 Reference value :  1.62825e-08
 Reference value :  1.62975e-08
 Reference value :  1.63125e-08
 Reference value :  1.63275e-08
 Reference value :  1.63425e-08
 Reference value :  1.63575e-08
 Reference value :  1.63725e-08
 Reference value :  1.63925e-08
 Reference value :  1.64075e-08
 Reference value :  1.64275e-08
 Reference value :  1.64425e-08
 Reference value :  1.64575e-08
 Reference value :  1.64725e-08
 Reference value :  1.64925e-08
 Reference value :  1.65075e-08
 Reference value :  1.65225e-08
 Reference value :  1.65375e-08
 Reference value :  1.65525e-08
 Reference value :  1.65675e-08
 Reference value :  1.65825e-08
 Reference value :  1.65975e-08
 Reference value :  1.66125e-08
 Reference value :  1.66275e-08
 Reference value :  1.66425e-08
 Reference value :  1.66575e-08
 Reference value :  1.66725e-08
 Reference value :  1.66875e-08
 Reference value :  1.67025e-08
 Reference value :  1.67175e-08
 Reference value :  1.67375e-08
 Reference value :  1.67525e-08
 Reference value :  1.67725e-08
 Reference value :  1.67875e-08
 Reference value :  1.68075e-08
 Reference value :  1.68225e-08
 Reference value :  1.68425e-08
 Reference value :  1.68625e-08
 Reference value :  1.68775e-08
 Reference value :  1.68925e-08
 Reference value :  1.69125e-08
 Reference value :  1.69275e-08
 Reference value :  1.69475e-08
 Reference value :  1.69625e-08
 Reference value :  1.69775e-08
 Reference value :  1.69925e-08
 Reference value :  1.70075e-08
 Reference value :  1.70225e-08
 Reference value :  1.70375e-08
 Reference value :  1.70525e-08
 Reference value :  1.70675e-08
 Reference value :  1.70825e-08
 Reference value :  1.70975e-08
 Reference value :  1.71175e-08
 Reference value :  1.71325e-08
 Reference value :  1.71475e-08
 Reference value :  1.71675e-08
 Reference value :  1.71825e-08
 Reference value :  1.71975e-08
 Reference value :  1.72175e-08
 Reference value :  1.72325e-08
 Reference value :  1.72475e-08
 Reference value :  1.72625e-08
 Reference value :  1.72775e-08
 Reference value :  1.72925e-08
 Reference value :  1.73125e-08
 Reference value :  1.73275e-08
 Reference value :  1.73425e-08
 Reference value :  1.73625e-08
 Reference value :  1.73775e-08
 Reference value :  1.73925e-08
 Reference value :  1.74125e-08
 Reference value :  1.74275e-08
 Reference value :  1.74475e-08
 Reference value :  1.74625e-08
 Reference value :  1.74775e-08
 Reference value :  1.74925e-08
 Reference value :  1.75075e-08
 Reference value :  1.75275e-08
 Reference value :  1.75425e-08
 Reference value :  1.75575e-08
 Reference value :  1.75775e-08
 Reference value :  1.75925e-08
 Reference value :  1.76075e-08
 Reference value :  1.76275e-08
 Reference value :  1.76425e-08
 Reference value :  1.76575e-08
 Reference value :  1.76775e-08
 Reference value :  1.76925e-08
 Reference value :  1.77075e-08
 Reference value :  1.77275e-08
 Reference value :  1.77425e-08
 Reference value :  1.77575e-08
 Reference value :  1.77725e-08
 Reference value :  1.77875e-08
 Reference value :  1.78025e-08
 Reference value :  1.78225e-08
 Reference value :  1.78425e-08
 Reference value :  1.78625e-08
 Reference value :  1.78775e-08
 Reference value :  1.78925e-08
 Reference value :  1.79075e-08
 Reference value :  1.79225e-08
 Reference value :  1.79375e-08
 Reference value :  1.79525e-08
 Reference value :  1.79675e-08
 Reference value :  1.79825e-08
 Reference value :  1.80025e-08
 Reference value :  1.80175e-08
 Reference value :  1.80325e-08
 Reference value :  1.80525e-08
 Reference value :  1.80725e-08
 Reference value :  1.80875e-08
 Reference value :  1.81075e-08
 Reference value :  1.81225e-08
 Reference value :  1.81375e-08
 Reference value :  1.81525e-08
 Reference value :  1.81675e-08
 Reference value :  1.81825e-08
 Reference value :  1.81975e-08
 Reference value :  1.82175e-08
 Reference value :  1.82375e-08
 Reference value :  1.82575e-08
 Reference value :  1.82775e-08
 Reference value :  1.82925e-08
 Reference value :  1.83125e-08
 Reference value :  1.83275e-08
 Reference value :  1.83425e-08
 Reference value :  1.83575e-08
 Reference value :  1.83725e-08
 Reference value :  1.83925e-08
 Reference value :  1.84075e-08
 Reference value :  1.84225e-08
 Reference value :  1.84375e-08
 Reference value :  1.84525e-08
 Reference value :  1.84675e-08
 Reference value :  1.84825e-08
 Reference value :  1.84975e-08
 Reference value :  1.85125e-08
 Reference value :  1.85275e-08
 Reference value :  1.85475e-08
 Reference value :  1.85625e-08
 Reference value :  1.85775e-08
 Reference value :  1.85925e-08
 Reference value :  1.86075e-08
 Reference value :  1.86275e-08
 Reference value :  1.86425e-08
 Reference value :  1.86575e-08
 Reference value :  1.86775e-08
 Reference value :  1.86975e-08
 Reference value :  1.87175e-08
 Reference value :  1.87325e-08
 Reference value :  1.87475e-08
 Reference value :  1.87625e-08
 Reference value :  1.87825e-08
 Reference value :  1.87975e-08
 Reference value :  1.88125e-08
 Reference value :  1.88375e-08
 Reference value :  1.88575e-08
 Reference value :  1.88775e-08
 Reference value :  1.88975e-08
 Reference value :  1.89125e-08
 Reference value :  1.89325e-08
 Reference value :  1.89475e-08
 Reference value :  1.89625e-08
 Reference value :  1.89825e-08
 Reference value :  1.89975e-08
 Reference value :  1.90125e-08
 Reference value :  1.90275e-08
 Reference value :  1.90425e-08
 Reference value :  1.90575e-08
 Reference value :  1.90775e-08
 Reference value :  1.90975e-08
 Reference value :  1.91125e-08
 Reference value :  1.91325e-08
 Reference value :  1.91475e-08
 Reference value :  1.91675e-08
 Reference value :  1.91825e-08
 Reference value :  1.91975e-08
 Reference value :  1.92125e-08
 Reference value :  1.92275e-08
 Reference value :  1.92425e-08
 Reference value :  1.92625e-08
 Reference value :  1.92775e-08
 Reference value :  1.92925e-08
 Reference value :  1.93075e-08
 Reference value :  1.93225e-08
 Reference value :  1.93375e-08
 Reference value :  1.93525e-08
 Reference value :  1.93675e-08
 Reference value :  1.93875e-08
 Reference value :  1.94075e-08
 Reference value :  1.94275e-08
 Reference value :  1.94475e-08
 Reference value :  1.94625e-08
 Reference value :  1.94775e-08
 Reference value :  1.94925e-08
 Reference value :  1.95125e-08
 Reference value :  1.95325e-08
 Reference value :  1.95525e-08
 Reference value :  1.95675e-08
 Reference value :  1.95875e-08
 Reference value :  1.96025e-08
 Reference value :  1.96225e-08
 Reference value :  1.96375e-08
 Reference value :  1.96575e-08
 Reference value :  1.96725e-08
 Reference value :  1.96875e-08
 Reference value :  1.97025e-08
 Reference value :  1.97175e-08
 Reference value :  1.97325e-08
 Reference value :  1.97475e-08
 Reference value :  1.97625e-08
 Reference value :  1.97775e-08
 Reference value :  1.97925e-08
 Reference value :  1.98075e-08
 Reference value :  1.98225e-08
 Reference value :  1.98375e-08
 Reference value :  1.98525e-08
 Reference value :  1.98675e-08
 Reference value :  1.98825e-08
 Reference value :  1.99025e-08
 Reference value :  1.99175e-08
 Reference value :  1.99325e-08
 Reference value :  1.99475e-08
 Reference value :  1.99675e-08
 Reference value :  1.99875e-08
 Reference value :  2.00025e-08
 Reference value :  2.00225e-08
 Reference value :  2.00375e-08
 Reference value :  2.00525e-08
 Reference value :  2.00725e-08
 Reference value :  2.00875e-08
 Reference value :  2.01025e-08
 Reference value :  2.01175e-08
 Reference value :  2.01325e-08
 Reference value :  2.01475e-08
 Reference value :  2.01625e-08
 Reference value :  2.01825e-08
 Reference value :  2.02025e-08
 Reference value :  2.02225e-08
 Reference value :  2.02375e-08
 Reference value :  2.02525e-08
 Reference value :  2.02725e-08
 Reference value :  2.02875e-08
 Reference value :  2.03025e-08
 Reference value :  2.03175e-08
 Reference value :  2.03325e-08
 Reference value :  2.03475e-08
 Reference value :  2.03675e-08
 Reference value :  2.03875e-08
 Reference value :  2.04025e-08
 Reference value :  2.04225e-08
 Reference value :  2.04425e-08
 Reference value :  2.04575e-08
 Reference value :  2.04775e-08
 Reference value :  2.04975e-08
 Reference value :  2.05175e-08
 Reference value :  2.05375e-08
 Reference value :  2.05525e-08
 Reference value :  2.05675e-08
 Reference value :  2.05825e-08
 Reference value :  2.05975e-08
 Reference value :  2.06125e-08
 Reference value :  2.06275e-08
 Reference value :  2.06425e-08
 Reference value :  2.06625e-08
 Reference value :  2.06775e-08
 Reference value :  2.06925e-08
 Reference value :  2.07075e-08
 Reference value :  2.07225e-08
 Reference value :  2.07375e-08
 Reference value :  2.07525e-08
 Reference value :  2.07675e-08
 Reference value :  2.07825e-08
 Reference value :  2.08025e-08
 Reference value :  2.08225e-08
 Reference value :  2.08425e-08
 Reference value :  2.08575e-08
 Reference value :  2.08775e-08
 Reference value :  2.08975e-08
 Reference value :  2.09175e-08
 Reference value :  2.09375e-08
 Reference value :  2.09575e-08
 Reference value :  2.09775e-08
 Reference value :  2.09975e-08
 Reference value :  2.10125e-08
 Reference value :  2.10275e-08
 Reference value :  2.10475e-08
 Reference value :  2.10625e-08
 Reference value :  2.10775e-08
 Reference value :  2.10925e-08
 Reference value :  2.11125e-08
 Reference value :  2.11275e-08
 Reference value :  2.11425e-08
 Reference value :  2.11575e-08
 Reference value :  2.11725e-08
 Reference value :  2.11875e-08
 Reference value :  2.12025e-08
 Reference value :  2.12225e-08
 Reference value :  2.12375e-08
 Reference value :  2.12525e-08
 Reference value :  2.12675e-08
 Reference value :  2.12825e-08
 Reference value :  2.13025e-08
 Reference value :  2.13175e-08
 Reference value :  2.13375e-08
 Reference value :  2.13575e-08
 Reference value :  2.13775e-08
 Reference value :  2.13925e-08
 Reference value :  2.14075e-08
 Reference value :  2.14275e-08
 Reference value :  2.14425e-08
 Reference value :  2.14575e-08
 Reference value :  2.14725e-08
 Reference value :  2.14925e-08
 Reference value :  2.15125e-08
 Reference value :  2.15275e-08
 Reference value :  2.15425e-08
 Reference value :  2.15625e-08
 Reference value :  2.15825e-08
 Reference value :  2.16025e-08
 Reference value :  2.16175e-08
 Reference value :  2.16325e-08
 Reference value :  2.16475e-08
 Reference value :  2.16675e-08
 Reference value :  2.16875e-08
 Reference value :  2.17025e-08
 Reference value :  2.17175e-08
 Reference value :  2.17375e-08
 Reference value :  2.17525e-08
 Reference value :  2.17675e-08
 Reference value :  2.17825e-08
 Reference value :  2.18025e-08
 Reference value :  2.18225e-08
 Reference value :  2.18375e-08
 Reference value :  2.18525e-08
 Reference value :  2.18725e-08
 Reference value :  2.18875e-08
 Reference value :  2.19075e-08
 Reference value :  2.19275e-08
 Reference value :  2.19525e-08
 Reference value :  2.19725e-08
 Reference value :  2.19925e-08
 Reference value :  2.20075e-08
 Reference value :  2.20275e-08
 Reference value :  2.20425e-08
 Reference value :  2.20575e-08
 Reference value :  2.20725e-08
 Reference value :  2.20875e-08
 Reference value :  2.21025e-08
 Reference value :  2.21175e-08
 Reference value :  2.21325e-08
 Reference value :  2.21475e-08
 Reference value :  2.21625e-08
 Reference value :  2.21825e-08
 Reference value :  2.21975e-08
 Reference value :  2.22225e-08
 Reference value :  2.22425e-08
 Reference value :  2.22625e-08
 Reference value :  2.22825e-08
 Reference value :  2.23075e-08
 Reference value :  2.23225e-08
 Reference value :  2.23375e-08
 Reference value :  2.23575e-08
 Reference value :  2.23775e-08
 Reference value :  2.23925e-08
 Reference value :  2.24125e-08
 Reference value :  2.24325e-08
 Reference value :  2.24475e-08
 Reference value :  2.24625e-08
 Reference value :  2.24825e-08
 Reference value :  2.25025e-08
 Reference value :  2.25225e-08
 Reference value :  2.25425e-08
 Reference value :  2.25625e-08
 Reference value :  2.25775e-08
 Reference value :  2.25925e-08
 Reference value :  2.26125e-08
 Reference value :  2.26325e-08
 Reference value :  2.26475e-08
 Reference value :  2.26625e-08
 Reference value :  2.26775e-08
 Reference value :  2.26925e-08
 Reference value :  2.27075e-08
 Reference value :  2.27275e-08
 Reference value :  2.27475e-08
 Reference value :  2.27675e-08
 Reference value :  2.27875e-08
 Reference value :  2.28075e-08
 Reference value :  2.28275e-08
 Reference value :  2.28475e-08
 Reference value :  2.28625e-08
 Reference value :  2.28825e-08
 Reference value :  2.29025e-08
 Reference value :  2.29175e-08
 Reference value :  2.29375e-08
 Reference value :  2.29575e-08
 Reference value :  2.29775e-08
 Reference value :  2.29975e-08
 Reference value :  2.30175e-08
 Reference value :  2.30375e-08
 Reference value :  2.30575e-08
 Reference value :  2.30775e-08
 Reference value :  2.30975e-08
 Reference value :  2.31175e-08
 Reference value :  2.31375e-08
 Reference value :  2.31525e-08
 Reference value :  2.31725e-08
 Reference value :  2.31925e-08
 Reference value :  2.32075e-08
 Reference value :  2.32225e-08
 Reference value :  2.32425e-08
 Reference value :  2.32625e-08
 Reference value :  2.32825e-08
 Reference value :  2.33025e-08
 Reference value :  2.33175e-08
 Reference value :  2.33375e-08
 Reference value :  2.33575e-08
 Reference value :  2.33725e-08
 Reference value :  2.33875e-08
 Reference value :  2.34025e-08
 Reference value :  2.34225e-08
 Reference value :  2.34425e-08
 Reference value :  2.34575e-08
 Reference value :  2.34775e-08
 Reference value :  2.34975e-08
 Reference value :  2.35125e-08
 Reference value :  2.35275e-08
 Reference value :  2.35475e-08
 Reference value :  2.35675e-08
 Reference value :  2.35825e-08
 Reference value :  2.36025e-08
 Reference value :  2.36225e-08
 Reference value :  2.36425e-08
 Reference value :  2.36625e-08
 Reference value :  2.36775e-08
 Reference value :  2.36925e-08
 Reference value :  2.37075e-08
 Reference value :  2.37225e-08
 Reference value :  2.37425e-08
 Reference value :  2.37575e-08
 Reference value :  2.37775e-08
 Reference value :  2.37975e-08
 Reference value :  2.38175e-08
 Reference value :  2.38325e-08
 Reference value :  2.38525e-08
 Reference value :  2.38725e-08
 Reference value :  2.38925e-08
 Reference value :  2.39075e-08
 Reference value :  2.39275e-08
 Reference value :  2.39475e-08
 Reference value :  2.39625e-08
 Reference value :  2.39775e-08
 Reference value :  2.39925e-08
 Reference value :  2.40075e-08
 Reference value :  2.40225e-08
 Reference value :  2.40375e-08
 Reference value :  2.40525e-08
 Reference value :  2.40725e-08
 Reference value :  2.40875e-08
 Reference value :  2.41025e-08
 Reference value :  2.41175e-08
 Reference value :  2.41325e-08
 Reference value :  2.41475e-08
 Reference value :  2.41625e-08
 Reference value :  2.41825e-08
 Reference value :  2.42025e-08
 Reference value :  2.42225e-08
 Reference value :  2.42425e-08
 Reference value :  2.42625e-08
 Reference value :  2.42825e-08
 Reference value :  2.43025e-08
 Reference value :  2.43175e-08
 Reference value :  2.43375e-08
 Reference value :  2.43575e-08
 Reference value :  2.43775e-08
 Reference value :  2.43975e-08
 Reference value :  2.44175e-08
 Reference value :  2.44375e-08
 Reference value :  2.44625e-08
 Reference value :  2.44775e-08
 Reference value :  2.44975e-08
 Reference value :  2.45125e-08
 Reference value :  2.45275e-08
 Reference value :  2.45475e-08
 Reference value :  2.45675e-08
 Reference value :  2.45875e-08
 Reference value :  2.46075e-08
 Reference value :  2.46225e-08
 Reference value :  2.46425e-08
 Reference value :  2.46575e-08
 Reference value :  2.46775e-08
 Reference value :  2.46925e-08
 Reference value :  2.47125e-08
 Reference value :  2.47275e-08
 Reference value :  2.47475e-08
 Reference value :  2.47675e-08
 Reference value :  2.47925e-08
 Reference value :  2.48075e-08
 Reference value :  2.48275e-08
 Reference value :  2.48425e-08
 Reference value :  2.48625e-08
 Reference value :  2.48775e-08
 Reference value :  2.48925e-08
 Reference value :  2.49075e-08
 Reference value :  2.49225e-08
 Reference value :  2.49425e-08
 Reference value :  2.49625e-08
 Reference value :  2.49825e-08
 Reference value :  2.49975e-08
 Reference value :  2.50125e-08
 Reference value :  2.50325e-08
 Reference value :  2.50475e-08
 Reference value :  2.50675e-08
 Reference value :  2.50875e-08
 Reference value :  2.51025e-08
 Reference value :  2.51225e-08
 Reference value :  2.51425e-08
 Reference value :  2.51575e-08
 Reference value :  2.51725e-08
 Reference value :  2.51875e-08
 Reference value :  2.52075e-08
 Reference value :  2.52275e-08
 Reference value :  2.52475e-08
 Reference value :  2.52625e-08
 Reference value :  2.52775e-08
 Reference value :  2.52925e-08
 Reference value :  2.53125e-08
 Reference value :  2.53325e-08
 Reference value :  2.53475e-08
 Reference value :  2.53675e-08
 Reference value :  2.53875e-08
 Reference value :  2.54075e-08
 Reference value :  2.54275e-08
 Reference value :  2.54525e-08
 Reference value :  2.54675e-08
 Reference value :  2.54875e-08
 Reference value :  2.55025e-08
 Reference value :  2.55175e-08
 Reference value :  2.55325e-08
 Reference value :  2.55475e-08
 Reference value :  2.55625e-08
 Reference value :  2.55825e-08
 Reference value :  2.55975e-08
 Reference value :  2.56125e-08
 Reference value :  2.56325e-08
 Reference value :  2.56475e-08
 Reference value :  2.56625e-08
 Reference value :  2.56775e-08
 Reference value :  2.56925e-08
 Reference value :  2.57125e-08
 Reference value :  2.57325e-08
 Reference value :  2.57525e-08
 Reference value :  2.57675e-08
 Reference value :  2.57825e-08
 Reference value :  2.58025e-08
 Reference value :  2.58225e-08
 Reference value :  2.58375e-08
 Reference value :  2.58575e-08
 Reference value :  2.58775e-08
 Reference value :  2.58925e-08
 Reference value :  2.59075e-08
 Reference value :  2.59275e-08
 Reference value :  2.59475e-08
 Reference value :  2.59625e-08
 Reference value :  2.59825e-08
 Reference value :  2.60025e-08
 Reference value :  2.60225e-08
 Reference value :  2.60375e-08
 Reference value :  2.60575e-08
 Reference value :  2.60725e-08
 Reference value :  2.60975e-08
 Reference value :  2.61175e-08
 Reference value :  2.61425e-08
 Reference value :  2.61625e-08
 Reference value :  2.61775e-08
 Reference value :  2.61925e-08
 Reference value :  2.62125e-08
 Reference value :  2.62325e-08
 Reference value :  2.62475e-08
 Reference value :  2.62675e-08
 Reference value :  2.62875e-08
 Reference value :  2.63125e-08
 Reference value :  2.63325e-08
 Reference value :  2.63525e-08
 Reference value :  2.63725e-08
 Reference value :  2.63875e-08
 Reference value :  2.64075e-08
 Reference value :  2.64225e-08
 Reference value :  2.64375e-08
 Reference value :  2.64575e-08
 Reference value :  2.64775e-08
 Reference value :  2.64975e-08
 Reference value :  2.65125e-08
 Reference value :  2.65325e-08
 Reference value :  2.65525e-08
 Reference value :  2.65675e-08
 Reference value :  2.65875e-08
 Reference value :  2.66075e-08
 Reference value :  2.66275e-08
 Reference value :  2.66475e-08
 Reference value :  2.66675e-08
 Reference value :  2.66875e-08
 Reference value :  2.67075e-08
 Reference value :  2.67225e-08
 Reference value :  2.67425e-08
 Reference value :  2.67625e-08
 Reference value :  2.67825e-08
 Reference value :  2.68025e-08
 Reference value :  2.68225e-08
 Reference value :  2.68425e-08
 Reference value :  2.68575e-08
 Reference value :  2.68725e-08
 Reference value :  2.68925e-08
 Reference value :  2.69075e-08
 Reference value :  2.69275e-08
 Reference value :  2.69425e-08
 Reference value :  2.69575e-08
 Reference value :  2.69725e-08
 Reference value :  2.69875e-08
 Reference value :  2.70025e-08
 Reference value :  2.70225e-08
 Reference value :  2.70375e-08
 Reference value :  2.70575e-08
 Reference value :  2.70725e-08
 Reference value :  2.70925e-08
 Reference value :  2.71075e-08
 Reference value :  2.71275e-08
 Reference value :  2.71475e-08
 Reference value :  2.71675e-08
 Reference value :  2.71825e-08
 Reference value :  2.71975e-08
 Reference value :  2.72125e-08
 Reference value :  2.72325e-08
 Reference value :  2.72475e-08
 Reference value :  2.72625e-08
 Reference value :  2.72775e-08
 Reference value :  2.72925e-08
 Reference value :  2.73075e-08
 Reference value :  2.73275e-08
 Reference value :  2.73425e-08
 Reference value :  2.73575e-08
 Reference value :  2.73725e-08
 Reference value :  2.73875e-08
 Reference value :  2.74025e-08
 Reference value :  2.74225e-08
 Reference value :  2.74425e-08
 Reference value :  2.74575e-08
 Reference value :  2.74775e-08
 Reference value :  2.74925e-08
 Reference value :  2.75125e-08
 Reference value :  2.75325e-08
 Reference value :  2.75475e-08
 Reference value :  2.75675e-08
 Reference value :  2.75825e-08
 Reference value :  2.76025e-08
 Reference value :  2.76225e-08
 Reference value :  2.76425e-08
 Reference value :  2.76575e-08
 Reference value :  2.76725e-08
 Reference value :  2.76875e-08
 Reference value :  2.77125e-08
 Reference value :  2.77275e-08
 Reference value :  2.77475e-08
 Reference value :  2.77675e-08
 Reference value :  2.77825e-08
 Reference value :  2.77975e-08
 Reference value :  2.78125e-08
 Reference value :  2.78325e-08
 Reference value :  2.78525e-08
 Reference value :  2.78725e-08
 Reference value :  2.78875e-08
 Reference value :  2.79025e-08
 Reference value :  2.79225e-08
 Reference value :  2.79375e-08
 Reference value :  2.79525e-08
 Reference value :  2.79675e-08
 Reference value :  2.79875e-08
 Reference value :  2.80075e-08
 Reference value :  2.80275e-08
 Reference value :  2.80475e-08
 Reference value :  2.80675e-08
 Reference value :  2.80875e-08
 Reference value :  2.81075e-08
 Reference value :  2.81225e-08
 Reference value :  2.81375e-08
 Reference value :  2.81575e-08
 Reference value :  2.81775e-08
 Reference value :  2.81925e-08
 Reference value :  2.82125e-08
 Reference value :  2.82325e-08
 Reference value :  2.82525e-08
 Reference value :  2.82725e-08
 Reference value :  2.82875e-08
 Reference value :  2.83025e-08
 Reference value :  2.83175e-08
 Reference value :  2.83375e-08
 Reference value :  2.83525e-08
 Reference value :  2.83725e-08
 Reference value :  2.83925e-08
 Reference value :  2.84075e-08
 Reference value :  2.84275e-08
 Reference value :  2.84425e-08
 Reference value :  2.84575e-08
 Reference value :  2.84725e-08
 Reference value :  2.84925e-08
 Reference value :  2.85075e-08
 Reference value :  2.85275e-08
 Reference value :  2.85425e-08
 Reference value :  2.85575e-08
 Reference value :  2.85725e-08
 Reference value :  2.85925e-08
 Reference value :  2.86125e-08
 Reference value :  2.86275e-08
 Reference value :  2.86475e-08
 Reference value :  2.86625e-08
 Reference value :  2.86825e-08
 Reference value :  2.87025e-08
 Reference value :  2.87225e-08
 Reference value :  2.87375e-08
 Reference value :  2.87525e-08
 Reference value :  2.87725e-08
 Reference value :  2.87925e-08
 Reference value :  2.88125e-08
 Reference value :  2.88325e-08
 Reference value :  2.88525e-08
 Reference value :  2.88675e-08
 Reference value :  2.88875e-08
 Reference value :  2.89075e-08
 Reference value :  2.89275e-08
 Reference value :  2.89475e-08
 Reference value :  2.89625e-08
 Reference value :  2.89775e-08
 Reference value :  2.89925e-08
 Reference value :  2.90125e-08
 Reference value :  2.90325e-08
 Reference value :  2.90525e-08
 Reference value :  2.90775e-08
 Reference value :  2.90975e-08
 Reference value :  2.91125e-08
 Reference value :  2.91275e-08
 Reference value :  2.91425e-08
 Reference value :  2.91625e-08
 Reference value :  2.91775e-08
 Reference value :  2.91975e-08
 Reference value :  2.92175e-08
 Reference value :  2.92375e-08
 Reference value :  2.92575e-08
 Reference value :  2.92775e-08
 Reference value :  2.92975e-08
 Reference value :  2.93125e-08
 Reference value :  2.93275e-08
 Reference value :  2.93425e-08
 Reference value :  2.93625e-08
 Reference value :  2.93775e-08
 Reference value :  2.93925e-08
 Reference value :  2.94075e-08
 Reference value :  2.94225e-08
 Reference value :  2.94375e-08
 Reference value :  2.94525e-08
 Reference value :  2.94675e-08
 Reference value :  2.94825e-08
 Reference value :  2.95025e-08
 Reference value :  2.95225e-08
 Reference value :  2.95425e-08
 Reference value :  2.95625e-08
 Reference value :  2.95775e-08
 Reference value :  2.95975e-08
 Reference value :  2.96175e-08
 Reference value :  2.96325e-08
 Reference value :  2.96525e-08
 Reference value :  2.96725e-08
 Reference value :  2.96875e-08
 Reference value :  2.97025e-08
 Reference value :  2.97225e-08
 Reference value :  2.97425e-08
 Reference value :  2.97575e-08
 Reference value :  2.97775e-08
 Reference value :  2.97975e-08
 Reference value :  2.98125e-08
 Reference value :  2.98275e-08
 Reference value :  2.98475e-08
 Reference value :  2.98625e-08
 Reference value :  2.98775e-08
 Reference value :  2.98925e-08
 Reference value :  2.99075e-08
 Reference value :  2.99225e-08
 Reference value :  2.99375e-08
 Reference value :  2.99575e-08
 Reference value :  2.99775e-08
 Reference value :  2.99975e-08
 Reference value :  3.00175e-08
 Reference value :  3.00375e-08
 Reference value :  3.00575e-08
 Reference value :  3.00775e-08
 Reference value :  3.00975e-08
 Reference value :  3.01125e-08
 Reference value :  3.01275e-08
 Reference value :  3.01425e-08
 Reference value :  3.01575e-08
 Reference value :  3.01775e-08
 Reference value :  3.01975e-08
 Reference value :  3.02125e-08
 Reference value :  3.02325e-08
 Reference value :  3.02475e-08
 Reference value :  3.02675e-08
 Reference value :  3.02825e-08
 Reference value :  3.03025e-08
 Reference value :  3.03175e-08
 Reference value :  3.03325e-08
 Reference value :  3.03475e-08
 Reference value :  3.03625e-08
 Reference value :  3.03775e-08
 Reference value :  3.03975e-08
 Reference value :  3.04175e-08
 Reference value :  3.04375e-08
 Reference value :  3.04575e-08
 Reference value :  3.04775e-08
 Reference value :  3.04925e-08
 Reference value :  3.05125e-08
 Reference value :  3.05275e-08
 Reference value :  3.05425e-08
 Reference value :  3.05625e-08
 Reference value :  3.05775e-08
 Reference value :  3.05975e-08
 Reference value :  3.06175e-08
 Reference value :  3.06375e-08
 Reference value :  3.06575e-08
 Reference value :  3.06775e-08
 Reference value :  3.06975e-08
 Reference value :  3.07125e-08
 Reference value :  3.07275e-08
 Reference value :  3.07425e-08
 Reference value :  3.07575e-08
 Reference value :  3.07775e-08
 Reference value :  3.07975e-08
 Reference value :  3.08175e-08
 Reference value :  3.08375e-08
 Reference value :  3.08525e-08
 Reference value :  3.08675e-08
 Reference value :  3.08875e-08
 Reference value :  3.09025e-08
 Reference value :  3.09175e-08
 Reference value :  3.09375e-08
 Reference value :  3.09525e-08
 Reference value :  3.09675e-08
 Reference value :  3.09825e-08
 Reference value :  3.09975e-08
 Reference value :  3.10175e-08
 Reference value :  3.10375e-08
 Reference value :  3.10525e-08
 Reference value :  3.10675e-08
 Reference value :  3.10825e-08
 Reference value :  3.11025e-08
 Reference value :  3.11225e-08
 Reference value :  3.11375e-08
 Reference value :  3.11575e-08
 Reference value :  3.11725e-08
 Reference value :  3.11875e-08
 Reference value :  3.12025e-08
 Reference value :  3.12225e-08
 Reference value :  3.12375e-08
 Reference value :  3.12575e-08
 Reference value :  3.12725e-08
 Reference value :  3.12875e-08
 Reference value :  3.13075e-08
 Reference value :  3.13225e-08
 Reference value :  3.13425e-08
 Reference value :  3.13625e-08
 Reference value :  3.13775e-08
 Reference value :  3.13975e-08
 Reference value :  3.14175e-08
 Reference value :  3.14325e-08
 Reference value :  3.14475e-08
 Reference value :  3.14625e-08
 Reference value :  3.14775e-08
 Reference value :  3.14975e-08
 Reference value :  3.15175e-08
 Reference value :  3.15375e-08
 Reference value :  3.15525e-08
 Reference value :  3.15725e-08
 Reference value :  3.15875e-08
 Reference value :  3.16025e-08
 Reference value :  3.16175e-08
 Reference value :  3.16375e-08
 Reference value :  3.16575e-08
 Reference value :  3.16725e-08
 Reference value :  3.16925e-08
 Reference value :  3.17125e-08
 Reference value :  3.17275e-08
 Reference value :  3.17475e-08
 Reference value :  3.17675e-08
 Reference value :  3.17875e-08
 Reference value :  3.18025e-08
 Reference value :  3.18175e-08
 Reference value :  3.18375e-08
 Reference value :  3.18575e-08
 Reference value :  3.18725e-08
 Reference value :  3.18875e-08
 Reference value :  3.19075e-08
 Reference value :  3.19275e-08
 Reference value :  3.19475e-08
 Reference value :  3.19675e-08
 Reference value :  3.19925e-08
 Reference value :  3.20125e-08
 Reference value :  3.20325e-08
 Reference value :  3.20525e-08
 Reference value :  3.20675e-08
 Reference value :  3.20875e-08
 Reference value :  3.21025e-08
 Reference value :  3.21225e-08
 Reference value :  3.21375e-08
 Reference value :  3.21525e-08
 Reference value :  3.21725e-08
 Reference value :  3.21875e-08
 Reference value :  3.22075e-08
 Reference value :  3.22225e-08
 Reference value :  3.22425e-08
 Reference value :  3.22575e-08
 Reference value :  3.22775e-08
 Reference value :  3.22925e-08
 Reference value :  3.23125e-08
 Reference value :  3.23325e-08
 Reference value :  3.23525e-08
 Reference value :  3.23675e-08
 Reference value :  3.23875e-08
 Reference value :  3.24075e-08
 Reference value :  3.24275e-08
 Reference value :  3.24525e-08
 Reference value :  3.24775e-08
 Reference value :  3.24925e-08
 Reference value :  3.25125e-08
 Reference value :  3.25325e-08
 Reference value :  3.25525e-08
 Reference value :  3.25725e-08
 Reference value :  3.25925e-08
 Reference value :  3.26075e-08
 Reference value :  3.26275e-08
 Reference value :  3.26475e-08
 Reference value :  3.26675e-08
 Reference value :  3.26875e-08
 Reference value :  3.27075e-08
 Reference value :  3.27225e-08
 Reference value :  3.27425e-08
 Reference value :  3.27625e-08
 Reference value :  3.27775e-08
 Reference value :  3.27975e-08
 Reference value :  3.28125e-08
 Reference value :  3.28325e-08
 Reference value :  3.28525e-08
 Reference value :  3.28725e-08
 Reference value :  3.28875e-08
 Reference value :  3.29025e-08
 Reference value :  3.29225e-08
 Reference value :  3.29425e-08
 Reference value :  3.29625e-08
 Reference value :  3.29775e-08
 Reference value :  3.29925e-08
 Reference value :  3.30075e-08
 Reference value :  3.30275e-08
 Reference value :  3.30475e-08
 Reference value :  3.30675e-08
 Reference value :  3.30875e-08
 Reference value :  3.31025e-08
 Reference value :  3.31225e-08
 Reference value :  3.31425e-08
 Reference value :  3.31625e-08
 Reference value :  3.31775e-08
 Reference value :  3.31925e-08
 Reference value :  3.32125e-08
 Reference value :  3.32325e-08
 Reference value :  3.32525e-08
 Reference value :  3.32675e-08
 Reference value :  3.32925e-08
 Reference value :  3.33175e-08
 Reference value :  3.33375e-08
 Reference value :  3.33525e-08
 Reference value :  3.33675e-08
 Reference value :  3.33825e-08
 Reference value :  3.33975e-08
 Reference value :  3.34175e-08
 Reference value :  3.34375e-08
 Reference value :  3.34625e-08
 Reference value :  3.34825e-08
 Reference value :  3.34975e-08
 Reference value :  3.35175e-08
 Reference value :  3.35325e-08
 Reference value :  3.35475e-08
 Reference value :  3.35675e-08
 Reference value :  3.35925e-08
 Reference value :  3.36225e-08
 Reference value :  3.36425e-08
 Reference value :  3.36625e-08
 Reference value :  3.36825e-08
 Reference value :  3.37025e-08
 Reference value :  3.37175e-08
 Reference value :  3.37375e-08
 Reference value :  3.37575e-08
 Reference value :  3.37725e-08
 Reference value :  3.37875e-08
 Reference value :  3.38075e-08
 Reference value :  3.38275e-08
 Reference value :  3.38425e-08
 Reference value :  3.38575e-08
 Reference value :  3.38775e-08
 Reference value :  3.38975e-08
 Reference value :  3.39175e-08
 Reference value :  3.39425e-08
 Reference value :  3.39625e-08
 Reference value :  3.39875e-08
 Reference value :  3.40075e-08
 Reference value :  3.40275e-08
 Reference value :  3.40425e-08
 Reference value :  3.40625e-08
 Reference value :  3.40825e-08
 Reference value :  3.41075e-08
 Reference value :  3.41275e-08
 Reference value :  3.41475e-08
 Reference value :  3.41675e-08
 Reference value :  3.41875e-08
 Reference value :  3.42075e-08
 Reference value :  3.42275e-08
 Reference value :  3.42425e-08
 Reference value :  3.42575e-08
 Reference value :  3.42825e-08
 Reference value :  3.43025e-08
 Reference value :  3.43225e-08
 Reference value :  3.43425e-08
 Reference value :  3.43625e-08
 Reference value :  3.43825e-08
 Reference value :  3.44075e-08
 Reference value :  3.44275e-08
 Reference value :  3.44425e-08
 Reference value :  3.44575e-08
 Reference value :  3.44775e-08
 Reference value :  3.44925e-08
 Reference value :  3.45075e-08
 Reference value :  3.45275e-08
 Reference value :  3.45425e-08
 Reference value :  3.45575e-08
 Reference value :  3.45775e-08
 Reference value :  3.45975e-08
 Reference value :  3.46175e-08
 Reference value :  3.46325e-08
 Reference value :  3.46525e-08
 Reference value :  3.46725e-08
 Reference value :  3.46925e-08
 Reference value :  3.47125e-08
 Reference value :  3.47325e-08
 Reference value :  3.47475e-08
 Reference value :  3.47675e-08
 Reference value :  3.47875e-08
 Reference value :  3.48125e-08
 Reference value :  3.48375e-08
 Reference value :  3.48625e-08
 Reference value :  3.48825e-08
 Reference value :  3.48975e-08
 Reference value :  3.49225e-08
 Reference value :  3.49475e-08
 Reference value :  3.49675e-08
 Reference value :  3.49925e-08
 Reference value :  3.50075e-08
 Reference value :  3.50275e-08
 Reference value :  3.50475e-08
 Reference value :  3.50625e-08
 Reference value :  3.50825e-08
 Reference value :  3.51025e-08
 Reference value :  3.51225e-08
 Reference value :  3.51425e-08
 Reference value :  3.51575e-08
 Reference value :  3.51775e-08
 Reference value :  3.51975e-08
 Reference value :  3.52225e-08
 Reference value :  3.52425e-08
 Reference value :  3.52625e-08
 Reference value :  3.52775e-08
 Reference value :  3.52975e-08
 Reference value :  3.53175e-08
 Reference value :  3.53375e-08
 Reference value :  3.53575e-08
 Reference value :  3.53775e-08
 Reference value :  3.53975e-08
 Reference value :  3.54175e-08
 Reference value :  3.54375e-08
 Reference value :  3.54525e-08
 Reference value :  3.54675e-08
 Reference value :  3.54875e-08
 Reference value :  3.55025e-08
 Reference value :  3.55225e-08
 Reference value :  3.55425e-08
 Reference value :  3.55575e-08
 Reference value :  3.55775e-08
 Reference value :  3.55925e-08
 Reference value :  3.56125e-08
 Reference value :  3.56425e-08
 Reference value :  3.56625e-08
 Reference value :  3.56825e-08
 Reference value :  3.57025e-08
 Reference value :  3.57225e-08
 Reference value :  3.57425e-08
 Reference value :  3.57575e-08
 Reference value :  3.57775e-08
 Reference value :  3.57975e-08
 Reference value :  3.58125e-08
 Reference value :  3.58325e-08
 Reference value :  3.58525e-08
 Reference value :  3.58725e-08
 Reference value :  3.58925e-08
 Reference value :  3.59125e-08
 Reference value :  3.59375e-08
 Reference value :  3.59525e-08
 Reference value :  3.59725e-08
 Reference value :  3.59925e-08
 Reference value :  3.60075e-08
 Reference value :  3.60275e-08
 Reference value :  3.60425e-08
 Reference value :  3.60575e-08
 Reference value :  3.60725e-08
 Reference value :  3.60925e-08
 Reference value :  3.61075e-08
 Reference value :  3.61275e-08
 Reference value :  3.61425e-08
 Reference value :  3.61625e-08
 Reference value :  3.61825e-08
 Reference value :  3.62025e-08
 Reference value :  3.62225e-08
 Reference value :  3.62425e-08
 Reference value :  3.62625e-08
 Reference value :  3.62775e-08
 Reference value :  3.62975e-08
 Reference value :  3.63125e-08
 Reference value :  3.63325e-08
 Reference value :  3.63525e-08
 Reference value :  3.63725e-08
 Reference value :  3.63925e-08
 Reference value :  3.64125e-08
 Reference value :  3.64325e-08
 Reference value :  3.64475e-08
 Reference value :  3.64675e-08
 Reference value :  3.64875e-08
 Reference value :  3.65075e-08
 Reference value :  3.65275e-08
 Reference value :  3.65475e-08
 Reference value :  3.65675e-08
 Reference value :  3.65875e-08
 Reference value :  3.66075e-08
 Reference value :  3.66225e-08
 Reference value :  3.66425e-08
 Reference value :  3.66625e-08
 Reference value :  3.66825e-08
 Reference value :  3.66975e-08
 Reference value :  3.67175e-08
 Reference value :  3.67375e-08
 Reference value :  3.67525e-08
 Reference value :  3.67725e-08
 Reference value :  3.67925e-08
 Reference value :  3.68125e-08
 Reference value :  3.68325e-08
 Reference value :  3.68525e-08
 Reference value :  3.68725e-08
 Reference value :  3.68925e-08
 Reference value :  3.69075e-08
 Reference value :  3.69225e-08
 Reference value :  3.69425e-08
 Reference value :  3.69575e-08
 Reference value :  3.69725e-08
 Reference value :  3.69925e-08
 Reference value :  3.70175e-08
 Reference value :  3.70375e-08
 Reference value :  3.70575e-08
 Reference value :  3.70775e-08
 Reference value :  3.70975e-08
 Reference value :  3.71175e-08
 Reference value :  3.71325e-08
 Reference value :  3.71475e-08
 Reference value :  3.71675e-08
 Reference value :  3.71875e-08
 Reference value :  3.72075e-08
 Reference value :  3.72275e-08
 Reference value :  3.72475e-08
 Reference value :  3.72625e-08
 Reference value :  3.72775e-08
 Reference value :  3.72925e-08
 Reference value :  3.73075e-08
 Reference value :  3.73225e-08
 Reference value :  3.73375e-08
 Reference value :  3.73575e-08
 Reference value :  3.73775e-08
 Reference value :  3.73925e-08
 Reference value :  3.74075e-08
 Reference value :  3.74225e-08
 Reference value :  3.74375e-08
 Reference value :  3.74525e-08
 Reference value :  3.74725e-08
 Reference value :  3.74925e-08
 Reference value :  3.75075e-08
 Reference value :  3.75275e-08
 Reference value :  3.75475e-08
 Reference value :  3.75675e-08
 Reference value :  3.75825e-08
 Reference value :  3.76025e-08
 Reference value :  3.76175e-08
 Reference value :  3.76325e-08
 Reference value :  3.76525e-08
 Reference value :  3.76675e-08
 Reference value :  3.76825e-08
 Reference value :  3.76975e-08
 Reference value :  3.77125e-08
 Reference value :  3.77275e-08
 Reference value :  3.77475e-08
 Reference value :  3.77625e-08
 Reference value :  3.77825e-08
 Reference value :  3.77975e-08
 Reference value :  3.78125e-08
 Reference value :  3.78275e-08
 Reference value :  3.78475e-08
 Reference value :  3.78625e-08
 Reference value :  3.78775e-08
 Reference value :  3.78975e-08
 Reference value :  3.79175e-08
 Reference value :  3.79425e-08
 Reference value :  3.79625e-08
 Reference value :  3.79775e-08
 Reference value :  3.79925e-08
 Reference value :  3.80075e-08
 Reference value :  3.80275e-08
 Reference value :  3.80425e-08
 Reference value :  3.80625e-08
 Reference value :  3.80825e-08
 Reference value :  3.80975e-08
 Reference value :  3.81125e-08
 Reference value :  3.81275e-08
 Reference value :  3.81475e-08
 Reference value :  3.81625e-08
 Reference value :  3.81775e-08
 Reference value :  3.81925e-08
 Reference value :  3.82075e-08
 Reference value :  3.82275e-08
 Reference value :  3.82475e-08
 Reference value :  3.82675e-08
 Reference value :  3.82825e-08
 Reference value :  3.82975e-08
 Reference value :  3.83125e-08
 Reference value :  3.83325e-08
 Reference value :  3.83575e-08
 Reference value :  3.83725e-08
 Reference value :  3.83925e-08
 Reference value :  3.84125e-08
 Reference value :  3.84325e-08
 Reference value :  3.84525e-08
 Reference value :  3.84725e-08
 Reference value :  3.84875e-08
 Reference value :  3.85075e-08
 Reference value :  3.85275e-08
 Reference value :  3.85475e-08
 Reference value :  3.85625e-08
 Reference value :  3.85775e-08
 Reference value :  3.85975e-08
 Reference value :  3.86125e-08
 Reference value :  3.86325e-08
 Reference value :  3.86525e-08
 Reference value :  3.86725e-08
 Reference value :  3.86925e-08
 Reference value :  3.87125e-08
 Reference value :  3.87325e-08
 Reference value :  3.87475e-08
 Reference value :  3.87675e-08
 Reference value :  3.87875e-08
 Reference value :  3.88025e-08
 Reference value :  3.88225e-08
 Reference value :  3.88375e-08
 Reference value :  3.88575e-08
 Reference value :  3.88775e-08
 Reference value :  3.88925e-08
 Reference value :  3.89125e-08
 Reference value :  3.89325e-08
 Reference value :  3.89475e-08
 Reference value :  3.89675e-08
 Reference value :  3.89825e-08
 Reference value :  3.90025e-08
 Reference value :  3.90225e-08
 Reference value :  3.90475e-08
 Reference value :  3.90675e-08
 Reference value :  3.90825e-08
 Reference value :  3.90975e-08
 Reference value :  3.91175e-08
 Reference value :  3.91375e-08
 Reference value :  3.91575e-08
 Reference value :  3.91775e-08
 Reference value :  3.91975e-08
 Reference value :  3.92175e-08
 Reference value :  3.92325e-08
 Reference value :  3.92525e-08
 Reference value :  3.92775e-08
 Reference value :  3.92975e-08
 Reference value :  3.93175e-08
 Reference value :  3.93375e-08
 Reference value :  3.93575e-08
 Reference value :  3.93775e-08
 Reference value :  3.93975e-08
 Reference value :  3.94125e-08
 Reference value :  3.94325e-08
 Reference value :  3.94475e-08
 Reference value :  3.94675e-08
 Reference value :  3.94875e-08
 Reference value :  3.95075e-08
 Reference value :  3.95275e-08
 Reference value :  3.95475e-08
 Reference value :  3.95675e-08
 Reference value :  3.95875e-08
 Reference value :  3.96075e-08
 Reference value :  3.96225e-08
 Reference value :  3.96375e-08
 Reference value :  3.96575e-08
 Reference value :  3.96775e-08
 Reference value :  3.96975e-08
 Reference value :  3.97175e-08
 Reference value :  3.97425e-08
 Reference value :  3.97625e-08
 Reference value :  3.97825e-08
 Reference value :  3.98025e-08
 Reference value :  3.98225e-08
 Reference value :  3.98425e-08
 Reference value :  3.98625e-08
 Reference value :  3.98825e-08
 Reference value :  3.98975e-08
 Reference value :  3.99175e-08
 Reference value :  3.99325e-08
 Reference value :  3.99525e-08
 Reference value :  3.99725e-08
 Reference value :  3.99925e-08
 Reference value :  4.00075e-08
 Reference value :  4.00275e-08
 Reference value :  4.00475e-08
 Reference value :  4.00625e-08
 Reference value :  4.00775e-08
 Reference value :  4.00975e-08
 Reference value :  4.01175e-08
 Reference value :  4.01375e-08
 Reference value :  4.01575e-08
 Reference value :  4.01775e-08
 Reference value :  4.02025e-08
 Reference value :  4.02225e-08
 Reference value :  4.02425e-08
 Reference value :  4.02575e-08
 Reference value :  4.02725e-08
 Reference value :  4.02925e-08
 Reference value :  4.03125e-08
 Reference value :  4.03275e-08
 Reference value :  4.03525e-08
 Reference value :  4.03725e-08
 Reference value :  4.03925e-08
 Reference value :  4.04125e-08
 Reference value :  4.04325e-08
 Reference value :  4.04575e-08
 Reference value :  4.04825e-08
 Reference value :  4.05025e-08
 Reference value :  4.05225e-08
 Reference value :  4.05375e-08
 Reference value :  4.05525e-08
 Reference value :  4.05725e-08
 Reference value :  4.05875e-08
 Reference value :  4.06075e-08
 Reference value :  4.06225e-08
 Reference value :  4.06375e-08
 Reference value :  4.06575e-08
 Reference value :  4.06775e-08
 Reference value :  4.07025e-08
 Reference value :  4.07175e-08
 Reference value :  4.07425e-08
 Reference value :  4.07625e-08
 Reference value :  4.07825e-08
 Reference value :  4.08075e-08
 Reference value :  4.08275e-08
 Reference value :  4.08425e-08
 Reference value :  4.08625e-08
 Reference value :  4.08825e-08
 Reference value :  4.09025e-08
 Reference value :  4.09225e-08
 Reference value :  4.09575e-08
 Reference value :  4.09975e-08
 Reference value :  4.10225e-08
 Reference value :  4.10475e-08
 Reference value :  4.10675e-08
 Reference value :  4.10925e-08
 Reference value :  4.11175e-08
 Reference value :  4.11325e-08
 Reference value :  4.11525e-08
 Reference value :  4.11675e-08
 Reference value :  4.11825e-08
 Reference value :  4.11975e-08
 Reference value :  4.12175e-08
 Reference value :  4.12325e-08
 Reference value :  4.12525e-08
 Reference value :  4.12675e-08
 Reference value :  4.12825e-08
 Reference value :  4.12975e-08
 Reference value :  4.13175e-08
 Reference value :  4.13325e-08
 Reference value :  4.13525e-08
 Reference value :  4.13725e-08
 Reference value :  4.13875e-08
 Reference value :  4.14025e-08
 Reference value :  4.14225e-08
 Reference value :  4.14425e-08
 Reference value :  4.14625e-08
 Reference value :  4.14825e-08
 Reference value :  4.15025e-08
 Reference value :  4.15225e-08
 Reference value :  4.15375e-08
 Reference value :  4.15575e-08
 Reference value :  4.15775e-08
 Reference value :  4.16025e-08
 Reference value :  4.16225e-08
 Reference value :  4.16425e-08
 Reference value :  4.16675e-08
 Reference value :  4.16875e-08
 Reference value :  4.17125e-08
 Reference value :  4.17275e-08
 Reference value :  4.17475e-08
 Reference value :  4.17725e-08
 Reference value :  4.17925e-08
 Reference value :  4.18125e-08
 Reference value :  4.18275e-08
 Reference value :  4.18425e-08
 Reference value :  4.18575e-08
 Reference value :  4.18775e-08
 Reference value :  4.18975e-08
 Reference value :  4.19175e-08
 Reference value :  4.19375e-08
 Reference value :  4.19525e-08
 Reference value :  4.19725e-08
 Reference value :  4.19925e-08
 Reference value :  4.20075e-08
 Reference value :  4.20225e-08
 Reference value :  4.20425e-08
 Reference value :  4.20625e-08
 Reference value :  4.20775e-08
 Reference value :  4.21025e-08
 Reference value :  4.21175e-08
 Reference value :  4.21325e-08
 Reference value :  4.21525e-08
 Reference value :  4.21725e-08
 Reference value :  4.21925e-08
 Reference value :  4.22175e-08
 Reference value :  4.22325e-08
 Reference value :  4.22475e-08
 Reference value :  4.22675e-08
 Reference value :  4.22825e-08
 Reference value :  4.22975e-08
 Reference value :  4.23175e-08
 Reference value :  4.23375e-08
 Reference value :  4.23525e-08
 Reference value :  4.23725e-08
 Reference value :  4.23875e-08
 Reference value :  4.24075e-08
 Reference value :  4.24275e-08
 Reference value :  4.24475e-08
 Reference value :  4.24625e-08
 Reference value :  4.24875e-08
 Reference value :  4.25025e-08
 Reference value :  4.25225e-08
 Reference value :  4.25375e-08
 Reference value :  4.25525e-08
 Reference value :  4.25675e-08
 Reference value :  4.25875e-08
 Reference value :  4.26025e-08
 Reference value :  4.26225e-08
 Reference value :  4.26375e-08
 Reference value :  4.26625e-08
 Reference value :  4.26825e-08
 Reference value :  4.26975e-08
 Reference value :  4.27175e-08
 Reference value :  4.27325e-08
 Reference value :  4.27525e-08
 Reference value :  4.27675e-08
 Reference value :  4.27875e-08
 Reference value :  4.28025e-08
 Reference value :  4.28225e-08
 Reference value :  4.28425e-08
 Reference value :  4.28575e-08
 Reference value :  4.28775e-08
 Reference value :  4.28925e-08
 Reference value :  4.29075e-08
 Reference value :  4.29275e-08
 Reference value :  4.29475e-08
 Reference value :  4.29675e-08
 Reference value :  4.29875e-08
 Reference value :  4.30025e-08
 Reference value :  4.30225e-08
 Reference value :  4.30375e-08
 Reference value :  4.30525e-08
 Reference value :  4.30675e-08
 Reference value :  4.30875e-08
 Reference value :  4.31075e-08
 Reference value :  4.31225e-08
 Reference value :  4.31375e-08
 Reference value :  4.31575e-08
 Reference value :  4.31725e-08
 Reference value :  4.31925e-08
 Reference value :  4.32125e-08
 Reference value :  4.32325e-08
 Reference value :  4.32475e-08
 Reference value :  4.32625e-08
 Reference value :  4.32825e-08
 Reference value :  4.32975e-08
 Reference value :  4.33175e-08
 Reference value :  4.33375e-08
 Reference value :  4.33575e-08
 Reference value :  4.33725e-08
 Reference value :  4.33875e-08
 Reference value :  4.34075e-08
 Reference value :  4.34275e-08
 Reference value :  4.34475e-08
 Reference value :  4.34625e-08
 Reference value :  4.34825e-08
 Reference value :  4.34975e-08
 Reference value :  4.35125e-08
 Reference value :  4.35275e-08
 Reference value :  4.35425e-08
 Reference value :  4.35675e-08
 Reference value :  4.35825e-08
 Reference value :  4.36025e-08
 Reference value :  4.36175e-08
 Reference value :  4.36325e-08
 Reference value :  4.36475e-08
 Reference value :  4.36625e-08
 Reference value :  4.36775e-08
 Reference value :  4.36975e-08
 Reference value :  4.37125e-08
 Reference value :  4.37325e-08
 Reference value :  4.37475e-08
 Reference value :  4.37625e-08
 Reference value :  4.37775e-08
 Reference value :  4.37975e-08
 Reference value :  4.38175e-08
 Reference value :  4.38325e-08
 Reference value :  4.38525e-08
 Reference value :  4.38675e-08
 Reference value :  4.38825e-08
 Reference value :  4.38975e-08
 Reference value :  4.39175e-08
 Reference value :  4.39375e-08
 Reference value :  4.39575e-08
 Reference value :  4.39725e-08
 Reference value :  4.39925e-08
 Reference value :  4.40075e-08
 Reference value :  4.40275e-08
 Reference value :  4.40475e-08
 Reference value :  4.40675e-08
 Reference value :  4.40875e-08
 Reference value :  4.41075e-08
 Reference value :  4.41275e-08
 Reference value :  4.41525e-08
 Reference value :  4.41725e-08
 Reference value :  4.41875e-08
 Reference value :  4.42075e-08
 Reference value :  4.42325e-08
 Reference value :  4.42475e-08
 Reference value :  4.42675e-08
 Reference value :  4.42875e-08
 Reference value :  4.43075e-08
 Reference value :  4.43225e-08
 Reference value :  4.43375e-08
 Reference value :  4.43575e-08
 Reference value :  4.43775e-08
 Reference value :  4.43975e-08
 Reference value :  4.44175e-08
 Reference value :  4.44425e-08
 Reference value :  4.44625e-08
 Reference value :  4.44825e-08
 Reference value :  4.45025e-08
 Reference value :  4.45225e-08
 Reference value :  4.45425e-08
 Reference value :  4.45625e-08
 Reference value :  4.45825e-08
 Reference value :  4.46025e-08
 Reference value :  4.46225e-08
 Reference value :  4.46375e-08
 Reference value :  4.46525e-08
 Reference value :  4.46675e-08
 Reference value :  4.46875e-08
 Reference value :  4.47025e-08
 Reference value :  4.47225e-08
 Reference value :  4.47425e-08
 Reference value :  4.47625e-08
 Reference value :  4.47825e-08
 Reference value :  4.48025e-08
 Reference value :  4.48275e-08
 Reference value :  4.48475e-08
 Reference value :  4.48675e-08
 Reference value :  4.48875e-08
 Reference value :  4.49075e-08
 Reference value :  4.49275e-08
 Reference value :  4.49475e-08
 Reference value :  4.49675e-08
 Reference value :  4.49875e-08
 Reference value :  4.50075e-08
 Reference value :  4.50275e-08
 Reference value :  4.50525e-08
 Reference value :  4.50775e-08
 Reference value :  4.50962e-08
No. of Data Rows : 9034
Note: Simulation executed from .control section 
