
Note: Compatibility modes selected: hs a


Circuit: * comparator-decision kickback disturbance -- variant=loaded rs=1000ohm vindiff=50.0mv corner=fs temp=-40.0c (issue #26)

option SCALE: Scale is set to 1e-06 for instance and model parameters
option SCALE: Scale is set to 1e-06 for instance and model parameters
option SCALE: Scale is set to 1e-06 for instance and model parameters
option SCALE: Scale is set to 1e-06 for instance and model parameters
Doing analysis at TEMP = -40.000000 and TNOM = 27.000000

Using KLU as Direct Linear Solver
 Reference value :  0.00000e+00
 Reference value :  2.00000e-13
 Reference value :  3.20000e-12
 Reference value :  2.64000e-11
 Reference value :  6.14000e-11
 Reference value :  7.64000e-11
 Reference value :  9.64000e-11
 Reference value :  1.16400e-10
 Reference value :  1.36400e-10
 Reference value :  1.56400e-10
 Reference value :  1.81400e-10
 Reference value :  2.16400e-10
 Reference value :  2.41400e-10
 Reference value :  2.61400e-10
 Reference value :  2.81400e-10
 Reference value :  3.01400e-10
 Reference value :  3.21400e-10
 Reference value :  3.41400e-10
 Reference value :  3.61400e-10
 Reference value :  3.81400e-10
 Reference value :  4.01400e-10
 Reference value :  4.21400e-10
 Reference value :  1.32140e-09
 Reference value :  2.20640e-09
 Reference value :  2.22640e-09
 Reference value :  2.24640e-09
 Reference value :  2.26640e-09
 Reference value :  2.28640e-09
 Reference value :  2.31140e-09
 Reference value :  2.33140e-09
 Reference value :  2.35140e-09
 Reference value :  2.36640e-09
 Reference value :  2.62640e-09
 Reference value :  4.30140e-09
 Reference value :  6.35750e-09
 Reference value :  7.36250e-09
 Reference value :  9.32250e-09
 Reference value :  9.44250e-09
 Reference value :  9.46250e-09
 Reference value :  9.48750e-09
 Reference value :  9.50250e-09
 Reference value :  9.52750e-09
 Reference value :  9.54750e-09
 Reference value :  9.56250e-09
 Reference value :  9.58250e-09
 Reference value :  9.61250e-09
 Reference value :  1.24425e-08
 Reference value :  1.37575e-08
 Reference value :  1.64125e-08
 Reference value :  1.91075e-08
 Reference value :  2.16575e-08
 Reference value :  2.45325e-08
 Reference value :  2.59725e-08
 Reference value :  2.59925e-08
 Reference value :  2.60125e-08
 Reference value :  2.60325e-08
 Reference value :  2.60475e-08
 Reference value :  2.60675e-08
 Reference value :  2.63875e-08
 Reference value :  2.64075e-08
 Reference value :  2.64275e-08
 Reference value :  2.71025e-08
 Reference value :  2.86275e-08
 Reference value :  3.18375e-08
 Reference value :  3.48875e-08
 Reference value :  3.77375e-08
 Reference value :  4.04225e-08
 Reference value :  4.16725e-08
 Reference value :  4.16925e-08
 Reference value :  4.17125e-08
 Reference value :  4.17275e-08
 Reference value :  4.17475e-08
 Reference value :  4.17675e-08
 Reference value :  4.17875e-08
 Reference value :  4.18075e-08
 Reference value :  4.25875e-08
 Reference value :  4.33875e-08
 Reference value :  4.42775e-08
No. of Data Rows : 9034
Note: Simulation executed from .control section 
