
Note: Compatibility modes selected: hs a


Circuit: * comparator-decision regen-time sweep -- vindiff=5mv corner=fs temp=125.0c (issue #9)

option SCALE: Scale is set to 1e-06 for instance and model parameters
option SCALE: Scale is set to 1e-06 for instance and model parameters
option SCALE: Scale is set to 1e-06 for instance and model parameters
option SCALE: Scale is set to 1e-06 for instance and model parameters
Doing analysis at TEMP = 125.000000 and TNOM = 27.000000

Using KLU as Direct Linear Solver
 Reference value :  0.00000e+00
 Reference value :  4.00000e-13
 Reference value :  6.40000e-12
 Reference value :  3.14000e-11
 Reference value :  5.14000e-11
 Reference value :  6.64000e-11
 Reference value :  8.64000e-11
 Reference value :  1.06400e-10
 Reference value :  1.21400e-10
 Reference value :  1.46400e-10
 Reference value :  1.71400e-10
 Reference value :  1.91400e-10
 Reference value :  2.16400e-10
 Reference value :  2.41400e-10
 Reference value :  2.66400e-10
 Reference value :  2.86400e-10
 Reference value :  3.01400e-10
 Reference value :  3.21400e-10
 Reference value :  3.41400e-10
 Reference value :  3.56400e-10
 Reference value :  3.76400e-10
 Reference value :  3.96400e-10
 Reference value :  4.11400e-10
 Reference value :  4.36400e-10
 Reference value :  4.51400e-10
 Reference value :  4.71400e-10
 Reference value :  4.91400e-10
 Reference value :  5.11400e-10
 Reference value :  5.26400e-10
 Reference value :  5.46400e-10
 Reference value :  5.66400e-10
 Reference value :  5.86400e-10
 Reference value :  6.11400e-10
 Reference value :  6.26400e-10
 Reference value :  6.41400e-10
 Reference value :  6.61400e-10
 Reference value :  6.81400e-10
 Reference value :  7.06400e-10
 Reference value :  7.31400e-10
 Reference value :  7.46400e-10
 Reference value :  7.66400e-10
 Reference value :  7.86400e-10
 Reference value :  8.11400e-10
 Reference value :  8.31400e-10
 Reference value :  8.51400e-10
 Reference value :  8.71400e-10
 Reference value :  8.96400e-10
 Reference value :  9.16400e-10
 Reference value :  9.31400e-10
 Reference value :  9.46400e-10
 Reference value :  9.66400e-10
 Reference value :  9.86400e-10
 Reference value :  1.00140e-09
 Reference value :  1.02140e-09
 Reference value :  1.04140e-09
 Reference value :  1.06140e-09
 Reference value :  1.08140e-09
 Reference value :  1.09640e-09
 Reference value :  1.11640e-09
 Reference value :  1.13640e-09
 Reference value :  1.15640e-09
 Reference value :  1.17640e-09
 Reference value :  1.19640e-09
 Reference value :  1.21640e-09
 Reference value :  1.23640e-09
 Reference value :  1.25140e-09
 Reference value :  1.27640e-09
 Reference value :  1.29640e-09
 Reference value :  1.31640e-09
 Reference value :  1.33640e-09
 Reference value :  1.35140e-09
 Reference value :  1.37140e-09
 Reference value :  1.39140e-09
 Reference value :  1.41640e-09
 Reference value :  1.43640e-09
 Reference value :  1.46140e-09
 Reference value :  1.48140e-09
 Reference value :  1.50140e-09
 Reference value :  1.52640e-09
 Reference value :  1.54640e-09
 Reference value :  1.56640e-09
 Reference value :  1.58640e-09
 Reference value :  1.60640e-09
 Reference value :  1.63140e-09
 Reference value :  1.65640e-09
 Reference value :  1.67640e-09
 Reference value :  1.69640e-09
 Reference value :  1.71640e-09
 Reference value :  1.73640e-09
 Reference value :  1.75640e-09
 Reference value :  1.78140e-09
 Reference value :  1.80140e-09
 Reference value :  1.82640e-09
 Reference value :  1.85140e-09
 Reference value :  1.87140e-09
 Reference value :  1.89140e-09
 Reference value :  1.90640e-09
 Reference value :  1.92640e-09
 Reference value :  1.94640e-09
 Reference value :  1.96140e-09
 Reference value :  1.98140e-09
 Reference value :  2.00140e-09
 Reference value :  2.02140e-09
 Reference value :  2.04640e-09
 Reference value :  2.06640e-09
 Reference value :  2.08140e-09
 Reference value :  2.10140e-09
 Reference value :  2.11640e-09
 Reference value :  2.13640e-09
 Reference value :  2.15640e-09
 Reference value :  2.17640e-09
 Reference value :  2.19640e-09
 Reference value :  2.22140e-09
 Reference value :  2.24140e-09
 Reference value :  2.26140e-09
 Reference value :  2.29140e-09
 Reference value :  2.32640e-09
 Reference value :  2.35140e-09
 Reference value :  2.37640e-09
 Reference value :  2.39140e-09
 Reference value :  2.41140e-09
 Reference value :  2.43140e-09
 Reference value :  2.44640e-09
 Reference value :  2.46140e-09
 Reference value :  2.48140e-09
 Reference value :  2.50140e-09
 Reference value :  2.52640e-09
 Reference value :  2.54640e-09
 Reference value :  2.56640e-09
 Reference value :  2.58640e-09
 Reference value :  2.60640e-09
 Reference value :  2.62640e-09
 Reference value :  2.64640e-09
 Reference value :  2.66640e-09
 Reference value :  2.68640e-09
 Reference value :  2.70640e-09
 Reference value :  2.72640e-09
 Reference value :  2.74640e-09
 Reference value :  2.76640e-09
 Reference value :  2.79140e-09
 Reference value :  2.81640e-09
 Reference value :  2.83640e-09
 Reference value :  2.85140e-09
 Reference value :  2.87140e-09
 Reference value :  2.89140e-09
 Reference value :  2.91640e-09
 Reference value :  2.93140e-09
 Reference value :  2.95140e-09
 Reference value :  2.98640e-09
 Reference value :  3.00640e-09
 Reference value :  3.02140e-09
 Reference value :  3.04140e-09
 Reference value :  3.06640e-09
 Reference value :  3.08140e-09
 Reference value :  3.09640e-09
 Reference value :  3.12140e-09
 Reference value :  3.14140e-09
 Reference value :  3.16640e-09
 Reference value :  3.18640e-09
 Reference value :  3.20640e-09
 Reference value :  3.22640e-09
 Reference value :  3.24640e-09
 Reference value :  3.26640e-09
 Reference value :  3.28640e-09
 Reference value :  3.30140e-09
 Reference value :  3.32640e-09
 Reference value :  3.34640e-09
 Reference value :  3.37140e-09
 Reference value :  3.38640e-09
 Reference value :  3.41140e-09
 Reference value :  3.43140e-09
 Reference value :  3.45640e-09
 Reference value :  3.48640e-09
 Reference value :  3.50640e-09
 Reference value :  3.52640e-09
 Reference value :  3.54640e-09
 Reference value :  3.56640e-09
 Reference value :  3.59140e-09
 Reference value :  3.61140e-09
 Reference value :  3.63140e-09
 Reference value :  3.65640e-09
 Reference value :  3.67640e-09
 Reference value :  3.69640e-09
 Reference value :  3.71640e-09
 Reference value :  3.74140e-09
 Reference value :  3.76140e-09
 Reference value :  3.78640e-09
 Reference value :  3.80640e-09
 Reference value :  3.83140e-09
 Reference value :  3.85140e-09
 Reference value :  3.87140e-09
 Reference value :  3.88640e-09
 Reference value :  3.90640e-09
 Reference value :  3.93140e-09
 Reference value :  3.95140e-09
 Reference value :  3.97140e-09
 Reference value :  3.98640e-09
 Reference value :  4.00140e-09
 Reference value :  4.02140e-09
 Reference value :  4.04140e-09
 Reference value :  4.05640e-09
 Reference value :  4.07140e-09
 Reference value :  4.09140e-09
 Reference value :  4.11640e-09
 Reference value :  4.14140e-09
 Reference value :  4.16640e-09
 Reference value :  4.18640e-09
 Reference value :  4.20640e-09
 Reference value :  4.22640e-09
 Reference value :  4.24640e-09
 Reference value :  4.26140e-09
 Reference value :  4.28140e-09
 Reference value :  4.30140e-09
 Reference value :  4.32640e-09
 Reference value :  4.34640e-09
 Reference value :  4.36640e-09
 Reference value :  4.38640e-09
 Reference value :  4.40640e-09
 Reference value :  4.43140e-09
 Reference value :  4.45140e-09
 Reference value :  4.47140e-09
 Reference value :  4.49140e-09
 Reference value :  4.51640e-09
 Reference value :  4.54140e-09
 Reference value :  4.56140e-09
 Reference value :  4.58140e-09
 Reference value :  4.60140e-09
 Reference value :  4.62140e-09
 Reference value :  4.64140e-09
 Reference value :  4.66140e-09
 Reference value :  4.68140e-09
 Reference value :  4.70140e-09
 Reference value :  4.72140e-09
 Reference value :  4.75640e-09
 Reference value :  4.77640e-09
 Reference value :  4.79140e-09
 Reference value :  4.81140e-09
 Reference value :  4.83140e-09
 Reference value :  4.85140e-09
 Reference value :  4.87140e-09
 Reference value :  4.89140e-09
 Reference value :  4.91140e-09
 Reference value :  4.93140e-09
 Reference value :  4.95640e-09
 Reference value :  4.97640e-09
 Reference value :  4.99570e-09
 Reference value :  5.00750e-09
 Reference value :  5.02250e-09
 Reference value :  5.04250e-09
 Reference value :  5.06250e-09
 Reference value :  5.08250e-09
 Reference value :  5.10000e-09
 Reference value :  5.10750e-09
 Reference value :  5.12750e-09
 Reference value :  5.14750e-09
 Reference value :  5.16750e-09
 Reference value :  5.18750e-09
 Reference value :  5.20250e-09
 Reference value :  5.21750e-09
 Reference value :  5.23750e-09
 Reference value :  5.26250e-09
 Reference value :  5.28250e-09
 Reference value :  5.30750e-09
 Reference value :  5.33250e-09
 Reference value :  5.35250e-09
 Reference value :  5.37250e-09
 Reference value :  5.39250e-09
 Reference value :  5.41750e-09
 Reference value :  5.43750e-09
 Reference value :  5.44750e-09
 Reference value :  5.46250e-09
 Reference value :  5.47750e-09
 Reference value :  5.49250e-09
 Reference value :  5.51250e-09
 Reference value :  5.53250e-09
 Reference value :  5.54750e-09
 Reference value :  5.55750e-09
 Reference value :  5.57250e-09
 Reference value :  5.59250e-09
 Reference value :  5.61250e-09
 Reference value :  5.63250e-09
 Reference value :  5.64750e-09
 Reference value :  5.66750e-09
 Reference value :  5.68750e-09
 Reference value :  5.70750e-09
 Reference value :  5.72250e-09
 Reference value :  5.73750e-09
 Reference value :  5.75750e-09
 Reference value :  5.77750e-09
 Reference value :  5.79250e-09
 Reference value :  5.81250e-09
 Reference value :  5.83250e-09
 Reference value :  5.84750e-09
 Reference value :  5.86750e-09
 Reference value :  5.88750e-09
 Reference value :  5.91250e-09
 Reference value :  5.93750e-09
 Reference value :  5.95750e-09
 Reference value :  5.97750e-09
 Reference value :  5.99250e-09
 Reference value :  6.00750e-09
 Reference value :  6.02750e-09
 Reference value :  6.05250e-09
 Reference value :  6.07250e-09
 Reference value :  6.08750e-09
 Reference value :  6.10750e-09
 Reference value :  6.12750e-09
 Reference value :  6.14750e-09
 Reference value :  6.16750e-09
 Reference value :  6.18750e-09
 Reference value :  6.20750e-09
 Reference value :  6.22750e-09
 Reference value :  6.24750e-09
 Reference value :  6.26750e-09
 Reference value :  6.28750e-09
 Reference value :  6.31250e-09
 Reference value :  6.33250e-09
 Reference value :  6.35750e-09
 Reference value :  6.37250e-09
 Reference value :  6.39750e-09
 Reference value :  6.41750e-09
 Reference value :  6.43750e-09
 Reference value :  6.46250e-09
 Reference value :  6.48250e-09
 Reference value :  6.50750e-09
 Reference value :  6.52750e-09
 Reference value :  6.55250e-09
 Reference value :  6.57250e-09
 Reference value :  6.59250e-09
 Reference value :  6.61750e-09
 Reference value :  6.63750e-09
 Reference value :  6.65750e-09
 Reference value :  6.67750e-09
 Reference value :  6.69750e-09
 Reference value :  6.71750e-09
 Reference value :  6.73750e-09
 Reference value :  6.75250e-09
 Reference value :  6.76750e-09
 Reference value :  6.78750e-09
 Reference value :  6.80750e-09
 Reference value :  6.82750e-09
 Reference value :  6.84750e-09
 Reference value :  6.86750e-09
 Reference value :  6.89750e-09
 Reference value :  6.92250e-09
 Reference value :  6.94250e-09
 Reference value :  6.96250e-09
 Reference value :  6.98250e-09
 Reference value :  7.00250e-09
 Reference value :  7.02250e-09
 Reference value :  7.04750e-09
 Reference value :  7.06750e-09
 Reference value :  7.09750e-09
 Reference value :  7.11750e-09
 Reference value :  7.13750e-09
 Reference value :  7.15750e-09
 Reference value :  7.17750e-09
 Reference value :  7.19750e-09
 Reference value :  7.21750e-09
 Reference value :  7.23750e-09
 Reference value :  7.25750e-09
 Reference value :  7.27250e-09
 Reference value :  7.29250e-09
 Reference value :  7.31250e-09
 Reference value :  7.33250e-09
 Reference value :  7.35250e-09
 Reference value :  7.36750e-09
 Reference value :  7.38750e-09
 Reference value :  7.40750e-09
 Reference value :  7.42750e-09
 Reference value :  7.45250e-09
 Reference value :  7.46750e-09
 Reference value :  7.48250e-09
 Reference value :  7.49750e-09
 Reference value :  7.51750e-09
 Reference value :  7.53750e-09
 Reference value :  7.55750e-09
 Reference value :  7.58250e-09
 Reference value :  7.60250e-09
 Reference value :  7.62250e-09
 Reference value :  7.63750e-09
 Reference value :  7.65750e-09
 Reference value :  7.67750e-09
 Reference value :  7.69250e-09
 Reference value :  7.71250e-09
 Reference value :  7.73250e-09
 Reference value :  7.75250e-09
 Reference value :  7.77250e-09
 Reference value :  7.79250e-09
 Reference value :  7.81250e-09
 Reference value :  7.83250e-09
 Reference value :  7.85250e-09
 Reference value :  7.87250e-09
 Reference value :  7.89250e-09
 Reference value :  7.91250e-09
 Reference value :  7.93250e-09
 Reference value :  7.95750e-09
 Reference value :  7.97750e-09
 Reference value :  7.99750e-09
 Reference value :  8.01250e-09
 Reference value :  8.03250e-09
 Reference value :  8.05250e-09
 Reference value :  8.07250e-09
 Reference value :  8.09750e-09
 Reference value :  8.11250e-09
 Reference value :  8.13250e-09
 Reference value :  8.15250e-09
 Reference value :  8.17750e-09
 Reference value :  8.19750e-09
 Reference value :  8.21750e-09
 Reference value :  8.23750e-09
 Reference value :  8.25750e-09
 Reference value :  8.27750e-09
 Reference value :  8.29250e-09
 Reference value :  8.31250e-09
 Reference value :  8.33250e-09
 Reference value :  8.35750e-09
 Reference value :  8.37750e-09
 Reference value :  8.39250e-09
 Reference value :  8.41750e-09
 Reference value :  8.43250e-09
 Reference value :  8.45250e-09
 Reference value :  8.47250e-09
 Reference value :  8.49250e-09
 Reference value :  8.51250e-09
 Reference value :  8.53750e-09
 Reference value :  8.55250e-09
 Reference value :  8.57750e-09
 Reference value :  8.59250e-09
 Reference value :  8.61250e-09
 Reference value :  8.63750e-09
 Reference value :  8.65750e-09
 Reference value :  8.67750e-09
 Reference value :  8.70750e-09
 Reference value :  8.72750e-09
 Reference value :  8.74750e-09
 Reference value :  8.76250e-09
 Reference value :  8.78750e-09
 Reference value :  8.80750e-09
 Reference value :  8.83250e-09
 Reference value :  8.85750e-09
 Reference value :  8.88250e-09
 Reference value :  8.90250e-09
 Reference value :  8.91750e-09
 Reference value :  8.93750e-09
 Reference value :  8.95750e-09
 Reference value :  8.97750e-09
 Reference value :  8.99250e-09
 Reference value :  9.01250e-09
 Reference value :  9.03250e-09
 Reference value :  9.05750e-09
 Reference value :  9.07750e-09
 Reference value :  9.09750e-09
 Reference value :  9.11750e-09
 Reference value :  9.13750e-09
 Reference value :  9.16250e-09
 Reference value :  9.18750e-09
 Reference value :  9.21250e-09
 Reference value :  9.23250e-09
 Reference value :  9.25250e-09
 Reference value :  9.27250e-09
 Reference value :  9.29250e-09
 Reference value :  9.31250e-09
 Reference value :  9.32750e-09
 Reference value :  9.35250e-09
 Reference value :  9.37250e-09
 Reference value :  9.38750e-09
 Reference value :  9.40250e-09
 Reference value :  9.42250e-09
 Reference value :  9.44250e-09
 Reference value :  9.46250e-09
 Reference value :  9.48250e-09
 Reference value :  9.50250e-09
 Reference value :  9.51750e-09
 Reference value :  9.53750e-09
 Reference value :  9.55750e-09
 Reference value :  9.57750e-09
 Reference value :  9.60250e-09
 Reference value :  9.62250e-09
 Reference value :  9.64250e-09
 Reference value :  9.66250e-09
 Reference value :  9.68250e-09
 Reference value :  9.70750e-09
 Reference value :  9.73250e-09
 Reference value :  9.75250e-09
 Reference value :  9.77250e-09
 Reference value :  9.79250e-09
 Reference value :  9.81250e-09
 Reference value :  9.83250e-09
 Reference value :  9.85250e-09
 Reference value :  9.87750e-09
 Reference value :  9.89750e-09
 Reference value :  9.91750e-09
 Reference value :  9.93750e-09
 Reference value :  9.96250e-09
 Reference value :  9.98250e-09
 Reference value :  9.99750e-09
 Reference value :  1.00125e-08
 Reference value :  1.00325e-08
 Reference value :  1.00525e-08
 Reference value :  1.00775e-08
 Reference value :  1.00975e-08
 Reference value :  1.01175e-08
 Reference value :  1.01475e-08
 Reference value :  1.01675e-08
 Reference value :  1.01875e-08
 Reference value :  1.02125e-08
 Reference value :  1.02325e-08
 Reference value :  1.02525e-08
 Reference value :  1.02725e-08
 Reference value :  1.02975e-08
 Reference value :  1.03175e-08
 Reference value :  1.03375e-08
 Reference value :  1.03725e-08
 Reference value :  1.03925e-08
 Reference value :  1.04075e-08
 Reference value :  1.04275e-08
 Reference value :  1.04475e-08
 Reference value :  1.04675e-08
 Reference value :  1.04875e-08
 Reference value :  1.05125e-08
 Reference value :  1.05325e-08
 Reference value :  1.05575e-08
 Reference value :  1.05775e-08
 Reference value :  1.06025e-08
 Reference value :  1.06225e-08
 Reference value :  1.06425e-08
 Reference value :  1.06625e-08
 Reference value :  1.06825e-08
 Reference value :  1.06975e-08
 Reference value :  1.07175e-08
 Reference value :  1.07375e-08
 Reference value :  1.07575e-08
 Reference value :  1.07825e-08
 Reference value :  1.08025e-08
 Reference value :  1.08225e-08
 Reference value :  1.08375e-08
 Reference value :  1.08575e-08
 Reference value :  1.08825e-08
 Reference value :  1.08975e-08
 Reference value :  1.09175e-08
 Reference value :  1.09375e-08
 Reference value :  1.09525e-08
 Reference value :  1.09775e-08
 Reference value :  1.10025e-08
 Reference value :  1.10275e-08
 Reference value :  1.10525e-08
 Reference value :  1.10775e-08
 Reference value :  1.10925e-08
 Reference value :  1.11125e-08
 Reference value :  1.11425e-08
 Reference value :  1.11575e-08
 Reference value :  1.11775e-08
 Reference value :  1.11975e-08
 Reference value :  1.12175e-08
 Reference value :  1.12375e-08
 Reference value :  1.12575e-08
 Reference value :  1.12775e-08
 Reference value :  1.12975e-08
 Reference value :  1.13125e-08
 Reference value :  1.13375e-08
 Reference value :  1.13625e-08
 Reference value :  1.13775e-08
 Reference value :  1.13975e-08
 Reference value :  1.14175e-08
 Reference value :  1.14375e-08
 Reference value :  1.14625e-08
 Reference value :  1.14875e-08
 Reference value :  1.15075e-08
 Reference value :  1.15275e-08
 Reference value :  1.15475e-08
 Reference value :  1.15625e-08
 Reference value :  1.15825e-08
 Reference value :  1.15975e-08
 Reference value :  1.16175e-08
 Reference value :  1.16375e-08
 Reference value :  1.16575e-08
 Reference value :  1.16825e-08
 Reference value :  1.17025e-08
 Reference value :  1.17275e-08
 Reference value :  1.17475e-08
 Reference value :  1.17775e-08
 Reference value :  1.17925e-08
 Reference value :  1.18125e-08
 Reference value :  1.18325e-08
 Reference value :  1.18475e-08
 Reference value :  1.18675e-08
 Reference value :  1.18875e-08
 Reference value :  1.19025e-08
 Reference value :  1.19225e-08
 Reference value :  1.19475e-08
 Reference value :  1.19675e-08
 Reference value :  1.19875e-08
 Reference value :  1.20075e-08
 Reference value :  1.20225e-08
 Reference value :  1.20375e-08
 Reference value :  1.20575e-08
 Reference value :  1.20775e-08
 Reference value :  1.20975e-08
 Reference value :  1.21175e-08
 Reference value :  1.21375e-08
 Reference value :  1.21625e-08
 Reference value :  1.21875e-08
 Reference value :  1.22075e-08
 Reference value :  1.22275e-08
 Reference value :  1.22475e-08
 Reference value :  1.22725e-08
 Reference value :  1.22925e-08
 Reference value :  1.23175e-08
 Reference value :  1.23375e-08
 Reference value :  1.23575e-08
 Reference value :  1.23825e-08
 Reference value :  1.24075e-08
 Reference value :  1.24275e-08
 Reference value :  1.24475e-08
 Reference value :  1.24675e-08
 Reference value :  1.24925e-08
 Reference value :  1.25125e-08
 Reference value :  1.25375e-08
 Reference value :  1.25625e-08
 Reference value :  1.25825e-08
 Reference value :  1.26025e-08
 Reference value :  1.26225e-08
 Reference value :  1.26475e-08
 Reference value :  1.26675e-08
 Reference value :  1.26825e-08
 Reference value :  1.26975e-08
 Reference value :  1.27175e-08
 Reference value :  1.27375e-08
 Reference value :  1.27525e-08
 Reference value :  1.27675e-08
 Reference value :  1.27825e-08
 Reference value :  1.27975e-08
 Reference value :  1.28125e-08
 Reference value :  1.28325e-08
 Reference value :  1.28475e-08
 Reference value :  1.28675e-08
 Reference value :  1.28875e-08
 Reference value :  1.29075e-08
 Reference value :  1.29275e-08
 Reference value :  1.29425e-08
 Reference value :  1.29625e-08
 Reference value :  1.29825e-08
 Reference value :  1.30025e-08
 Reference value :  1.30225e-08
 Reference value :  1.30425e-08
 Reference value :  1.30625e-08
 Reference value :  1.30825e-08
 Reference value :  1.31075e-08
 Reference value :  1.31275e-08
 Reference value :  1.31525e-08
 Reference value :  1.31725e-08
 Reference value :  1.31975e-08
 Reference value :  1.32175e-08
 Reference value :  1.32375e-08
 Reference value :  1.32625e-08
 Reference value :  1.32825e-08
 Reference value :  1.33025e-08
 Reference value :  1.33275e-08
 Reference value :  1.33525e-08
 Reference value :  1.33725e-08
 Reference value :  1.33925e-08
 Reference value :  1.34175e-08
 Reference value :  1.34375e-08
 Reference value :  1.34575e-08
 Reference value :  1.34725e-08
 Reference value :  1.34875e-08
 Reference value :  1.35075e-08
 Reference value :  1.35225e-08
 Reference value :  1.35475e-08
 Reference value :  1.35725e-08
 Reference value :  1.35975e-08
 Reference value :  1.36125e-08
 Reference value :  1.36325e-08
 Reference value :  1.36575e-08
 Reference value :  1.36775e-08
 Reference value :  1.36975e-08
 Reference value :  1.37225e-08
 Reference value :  1.37475e-08
 Reference value :  1.37675e-08
 Reference value :  1.37875e-08
 Reference value :  1.38025e-08
 Reference value :  1.38275e-08
 Reference value :  1.38575e-08
 Reference value :  1.38775e-08
 Reference value :  1.38925e-08
 Reference value :  1.39125e-08
 Reference value :  1.39325e-08
 Reference value :  1.39575e-08
 Reference value :  1.39775e-08
 Reference value :  1.39975e-08
 Reference value :  1.40125e-08
 Reference value :  1.40375e-08
 Reference value :  1.40625e-08
 Reference value :  1.40825e-08
 Reference value :  1.41025e-08
 Reference value :  1.41225e-08
 Reference value :  1.41425e-08
 Reference value :  1.41575e-08
 Reference value :  1.41725e-08
 Reference value :  1.41925e-08
 Reference value :  1.42125e-08
 Reference value :  1.42325e-08
 Reference value :  1.42525e-08
 Reference value :  1.42725e-08
 Reference value :  1.42925e-08
 Reference value :  1.43175e-08
 Reference value :  1.43375e-08
 Reference value :  1.43525e-08
 Reference value :  1.43775e-08
 Reference value :  1.44025e-08
 Reference value :  1.44225e-08
 Reference value :  1.44425e-08
 Reference value :  1.44625e-08
 Reference value :  1.44825e-08
 Reference value :  1.45025e-08
 Reference value :  1.45225e-08
 Reference value :  1.45425e-08
 Reference value :  1.45575e-08
 Reference value :  1.45775e-08
 Reference value :  1.45975e-08
 Reference value :  1.46175e-08
 Reference value :  1.46375e-08
 Reference value :  1.46575e-08
 Reference value :  1.46775e-08
 Reference value :  1.47025e-08
 Reference value :  1.47275e-08
 Reference value :  1.47425e-08
 Reference value :  1.47675e-08
 Reference value :  1.47875e-08
 Reference value :  1.48075e-08
 Reference value :  1.48275e-08
 Reference value :  1.48425e-08
 Reference value :  1.48625e-08
 Reference value :  1.48825e-08
 Reference value :  1.49025e-08
 Reference value :  1.49225e-08
 Reference value :  1.49425e-08
 Reference value :  1.49575e-08
 Reference value :  1.49775e-08
 Reference value :  1.49975e-08
 Reference value :  1.50175e-08
 Reference value :  1.50425e-08
 Reference value :  1.50625e-08
 Reference value :  1.50875e-08
 Reference value :  1.51075e-08
 Reference value :  1.51325e-08
 Reference value :  1.51525e-08
 Reference value :  1.51725e-08
 Reference value :  1.51925e-08
 Reference value :  1.52175e-08
 Reference value :  1.52425e-08
 Reference value :  1.52625e-08
 Reference value :  1.52825e-08
 Reference value :  1.53025e-08
 Reference value :  1.53375e-08
 Reference value :  1.53575e-08
 Reference value :  1.53775e-08
 Reference value :  1.54025e-08
 Reference value :  1.54175e-08
 Reference value :  1.54375e-08
 Reference value :  1.54525e-08
 Reference value :  1.54725e-08
 Reference value :  1.54925e-08
 Reference value :  1.55175e-08
 Reference value :  1.55375e-08
 Reference value :  1.55575e-08
 Reference value :  1.55875e-08
 Reference value :  1.56125e-08
 Reference value :  1.56375e-08
 Reference value :  1.56575e-08
 Reference value :  1.56725e-08
 Reference value :  1.56925e-08
 Reference value :  1.57125e-08
 Reference value :  1.57275e-08
 Reference value :  1.57475e-08
 Reference value :  1.57675e-08
 Reference value :  1.57875e-08
 Reference value :  1.58125e-08
 Reference value :  1.58325e-08
 Reference value :  1.58575e-08
 Reference value :  1.58775e-08
 Reference value :  1.58975e-08
 Reference value :  1.59125e-08
 Reference value :  1.59325e-08
 Reference value :  1.59525e-08
 Reference value :  1.59725e-08
 Reference value :  1.59975e-08
 Reference value :  1.60225e-08
 Reference value :  1.60475e-08
 Reference value :  1.60625e-08
 Reference value :  1.60825e-08
 Reference value :  1.61025e-08
 Reference value :  1.61175e-08
 Reference value :  1.61425e-08
 Reference value :  1.61625e-08
 Reference value :  1.61825e-08
 Reference value :  1.62025e-08
 Reference value :  1.62225e-08
 Reference value :  1.62425e-08
 Reference value :  1.62625e-08
 Reference value :  1.62825e-08
 Reference value :  1.63025e-08
 Reference value :  1.63225e-08
 Reference value :  1.63475e-08
 Reference value :  1.63675e-08
 Reference value :  1.63825e-08
 Reference value :  1.64025e-08
 Reference value :  1.64225e-08
 Reference value :  1.64375e-08
 Reference value :  1.64575e-08
 Reference value :  1.64775e-08
 Reference value :  1.64975e-08
 Reference value :  1.65175e-08
 Reference value :  1.65375e-08
 Reference value :  1.65625e-08
 Reference value :  1.65775e-08
 Reference value :  1.65975e-08
 Reference value :  1.66175e-08
 Reference value :  1.66425e-08
 Reference value :  1.66725e-08
 Reference value :  1.67025e-08
 Reference value :  1.67225e-08
 Reference value :  1.67375e-08
 Reference value :  1.67575e-08
 Reference value :  1.67725e-08
 Reference value :  1.67925e-08
 Reference value :  1.68125e-08
 Reference value :  1.68325e-08
 Reference value :  1.68525e-08
 Reference value :  1.68675e-08
 Reference value :  1.68825e-08
 Reference value :  1.68975e-08
 Reference value :  1.69175e-08
 Reference value :  1.69375e-08
 Reference value :  1.69575e-08
 Reference value :  1.69825e-08
 Reference value :  1.70025e-08
 Reference value :  1.70225e-08
 Reference value :  1.70425e-08
 Reference value :  1.70625e-08
 Reference value :  1.70775e-08
 Reference value :  1.70925e-08
 Reference value :  1.71175e-08
 Reference value :  1.71375e-08
 Reference value :  1.71575e-08
 Reference value :  1.71825e-08
 Reference value :  1.72025e-08
 Reference value :  1.72225e-08
 Reference value :  1.72475e-08
 Reference value :  1.72675e-08
 Reference value :  1.72875e-08
 Reference value :  1.73075e-08
 Reference value :  1.73275e-08
 Reference value :  1.73425e-08
 Reference value :  1.73625e-08
 Reference value :  1.73825e-08
 Reference value :  1.74025e-08
 Reference value :  1.74275e-08
 Reference value :  1.74525e-08
 Reference value :  1.74775e-08
 Reference value :  1.75025e-08
 Reference value :  1.75225e-08
 Reference value :  1.75425e-08
 Reference value :  1.75625e-08
 Reference value :  1.75875e-08
 Reference value :  1.76125e-08
 Reference value :  1.76325e-08
 Reference value :  1.76575e-08
 Reference value :  1.76825e-08
 Reference value :  1.77075e-08
 Reference value :  1.77225e-08
 Reference value :  1.77425e-08
 Reference value :  1.77625e-08
 Reference value :  1.77825e-08
 Reference value :  1.78025e-08
 Reference value :  1.78225e-08
 Reference value :  1.78375e-08
 Reference value :  1.78525e-08
 Reference value :  1.78725e-08
 Reference value :  1.78975e-08
 Reference value :  1.79175e-08
 Reference value :  1.79325e-08
 Reference value :  1.79525e-08
 Reference value :  1.79725e-08
 Reference value :  1.79925e-08
 Reference value :  1.80125e-08
 Reference value :  1.80325e-08
 Reference value :  1.80625e-08
 Reference value :  1.80825e-08
 Reference value :  1.81025e-08
 Reference value :  1.81225e-08
 Reference value :  1.81525e-08
 Reference value :  1.81825e-08
 Reference value :  1.81975e-08
 Reference value :  1.82175e-08
 Reference value :  1.82375e-08
 Reference value :  1.82625e-08
 Reference value :  1.82775e-08
 Reference value :  1.82975e-08
 Reference value :  1.83175e-08
 Reference value :  1.83325e-08
 Reference value :  1.83525e-08
 Reference value :  1.83775e-08
 Reference value :  1.83975e-08
 Reference value :  1.84125e-08
 Reference value :  1.84375e-08
 Reference value :  1.84575e-08
 Reference value :  1.84825e-08
 Reference value :  1.84975e-08
 Reference value :  1.85125e-08
 Reference value :  1.85325e-08
 Reference value :  1.85525e-08
 Reference value :  1.85725e-08
 Reference value :  1.85875e-08
 Reference value :  1.86075e-08
 Reference value :  1.86275e-08
 Reference value :  1.86525e-08
 Reference value :  1.86725e-08
 Reference value :  1.86925e-08
 Reference value :  1.87125e-08
 Reference value :  1.87325e-08
 Reference value :  1.87625e-08
 Reference value :  1.87825e-08
 Reference value :  1.88075e-08
 Reference value :  1.88325e-08
 Reference value :  1.88525e-08
 Reference value :  1.88775e-08
 Reference value :  1.88975e-08
 Reference value :  1.89175e-08
 Reference value :  1.89375e-08
 Reference value :  1.89575e-08
 Reference value :  1.89775e-08
 Reference value :  1.89975e-08
 Reference value :  1.90175e-08
 Reference value :  1.90325e-08
 Reference value :  1.90475e-08
 Reference value :  1.90675e-08
 Reference value :  1.90875e-08
 Reference value :  1.91075e-08
 Reference value :  1.91275e-08
 Reference value :  1.91475e-08
 Reference value :  1.91675e-08
 Reference value :  1.91875e-08
 Reference value :  1.92125e-08
 Reference value :  1.92325e-08
 Reference value :  1.92525e-08
 Reference value :  1.92725e-08
 Reference value :  1.92975e-08
 Reference value :  1.93175e-08
 Reference value :  1.93375e-08
 Reference value :  1.93575e-08
 Reference value :  1.93775e-08
 Reference value :  1.93975e-08
 Reference value :  1.94125e-08
 Reference value :  1.94325e-08
 Reference value :  1.94525e-08
 Reference value :  1.94725e-08
 Reference value :  1.94925e-08
 Reference value :  1.95175e-08
 Reference value :  1.95525e-08
 Reference value :  1.95725e-08
 Reference value :  1.95925e-08
 Reference value :  1.96125e-08
 Reference value :  1.96325e-08
 Reference value :  1.96525e-08
 Reference value :  1.96675e-08
 Reference value :  1.96875e-08
 Reference value :  1.97075e-08
 Reference value :  1.97275e-08
 Reference value :  1.97475e-08
 Reference value :  1.97725e-08
 Reference value :  1.97925e-08
 Reference value :  1.98125e-08
 Reference value :  1.98325e-08
 Reference value :  1.98525e-08
 Reference value :  1.98775e-08
 Reference value :  1.99025e-08
 Reference value :  1.99225e-08
 Reference value :  1.99425e-08
 Reference value :  1.99625e-08
 Reference value :  1.99825e-08
 Reference value :  2.00025e-08
 Reference value :  2.00225e-08
 Reference value :  2.00425e-08
 Reference value :  2.00575e-08
 Reference value :  2.00775e-08
 Reference value :  2.00925e-08
 Reference value :  2.01125e-08
 Reference value :  2.01375e-08
 Reference value :  2.01625e-08
 Reference value :  2.01875e-08
 Reference value :  2.02025e-08
 Reference value :  2.02225e-08
 Reference value :  2.02425e-08
 Reference value :  2.02625e-08
 Reference value :  2.02875e-08
 Reference value :  2.03075e-08
 Reference value :  2.03325e-08
 Reference value :  2.03525e-08
 Reference value :  2.03725e-08
 Reference value :  2.03875e-08
 Reference value :  2.04025e-08
 Reference value :  2.04175e-08
 Reference value :  2.04375e-08
 Reference value :  2.04575e-08
 Reference value :  2.04725e-08
 Reference value :  2.04925e-08
 Reference value :  2.05075e-08
 Reference value :  2.05275e-08
 Reference value :  2.05475e-08
 Reference value :  2.05675e-08
 Reference value :  2.05875e-08
 Reference value :  2.06125e-08
 Reference value :  2.06325e-08
 Reference value :  2.06525e-08
 Reference value :  2.06725e-08
 Reference value :  2.06975e-08
 Reference value :  2.07225e-08
 Reference value :  2.07425e-08
 Reference value :  2.07675e-08
 Reference value :  2.07875e-08
 Reference value :  2.08075e-08
 Reference value :  2.08275e-08
 Reference value :  2.08425e-08
 Reference value :  2.08625e-08
 Reference value :  2.08825e-08
 Reference value :  2.09025e-08
 Reference value :  2.09225e-08
 Reference value :  2.09425e-08
 Reference value :  2.09575e-08
 Reference value :  2.09725e-08
 Reference value :  2.09925e-08
 Reference value :  2.10125e-08
 Reference value :  2.10375e-08
 Reference value :  2.10525e-08
 Reference value :  2.10675e-08
 Reference value :  2.10825e-08
 Reference value :  2.11025e-08
 Reference value :  2.11175e-08
 Reference value :  2.11375e-08
 Reference value :  2.11575e-08
 Reference value :  2.11775e-08
 Reference value :  2.11975e-08
 Reference value :  2.12175e-08
 Reference value :  2.12375e-08
 Reference value :  2.12625e-08
 Reference value :  2.12825e-08
 Reference value :  2.13025e-08
 Reference value :  2.13175e-08
 Reference value :  2.13375e-08
 Reference value :  2.13525e-08
 Reference value :  2.13725e-08
 Reference value :  2.13975e-08
 Reference value :  2.14175e-08
 Reference value :  2.14375e-08
 Reference value :  2.14575e-08
 Reference value :  2.14775e-08
 Reference value :  2.15025e-08
 Reference value :  2.15225e-08
 Reference value :  2.15425e-08
 Reference value :  2.15675e-08
 Reference value :  2.15825e-08
 Reference value :  2.16025e-08
 Reference value :  2.16225e-08
 Reference value :  2.16375e-08
 Reference value :  2.16625e-08
 Reference value :  2.16825e-08
 Reference value :  2.17025e-08
 Reference value :  2.17225e-08
 Reference value :  2.17425e-08
 Reference value :  2.17675e-08
 Reference value :  2.17875e-08
 Reference value :  2.18125e-08
 Reference value :  2.18325e-08
 Reference value :  2.18525e-08
 Reference value :  2.18725e-08
 Reference value :  2.18925e-08
 Reference value :  2.19125e-08
 Reference value :  2.19325e-08
 Reference value :  2.19525e-08
 Reference value :  2.19725e-08
 Reference value :  2.19975e-08
 Reference value :  2.20175e-08
 Reference value :  2.20375e-08
 Reference value :  2.20625e-08
 Reference value :  2.20825e-08
 Reference value :  2.21025e-08
 Reference value :  2.21225e-08
 Reference value :  2.21425e-08
 Reference value :  2.21625e-08
 Reference value :  2.21825e-08
 Reference value :  2.22025e-08
 Reference value :  2.22225e-08
 Reference value :  2.22425e-08
 Reference value :  2.22625e-08
 Reference value :  2.22825e-08
 Reference value :  2.23025e-08
 Reference value :  2.23225e-08
 Reference value :  2.23375e-08
 Reference value :  2.23575e-08
 Reference value :  2.23775e-08
 Reference value :  2.23975e-08
 Reference value :  2.24175e-08
 Reference value :  2.24425e-08
 Reference value :  2.24625e-08
 Reference value :  2.24875e-08
 Reference value :  2.25025e-08
 Reference value :  2.25225e-08
 Reference value :  2.25425e-08
 Reference value :  2.25625e-08
 Reference value :  2.25825e-08
 Reference value :  2.26025e-08
 Reference value :  2.26225e-08
 Reference value :  2.26375e-08
 Reference value :  2.26575e-08
 Reference value :  2.26775e-08
 Reference value :  2.26975e-08
 Reference value :  2.27175e-08
 Reference value :  2.27375e-08
 Reference value :  2.27625e-08
 Reference value :  2.27825e-08
 Reference value :  2.28025e-08
 Reference value :  2.28225e-08
 Reference value :  2.28425e-08
 Reference value :  2.28625e-08
 Reference value :  2.28825e-08
 Reference value :  2.29025e-08
 Reference value :  2.29225e-08
 Reference value :  2.29425e-08
 Reference value :  2.29675e-08
 Reference value :  2.29875e-08
 Reference value :  2.30075e-08
 Reference value :  2.30275e-08
 Reference value :  2.30425e-08
 Reference value :  2.30625e-08
 Reference value :  2.30825e-08
 Reference value :  2.31025e-08
 Reference value :  2.31225e-08
 Reference value :  2.31425e-08
 Reference value :  2.31625e-08
 Reference value :  2.31775e-08
 Reference value :  2.31975e-08
 Reference value :  2.32175e-08
 Reference value :  2.32375e-08
 Reference value :  2.32575e-08
 Reference value :  2.32825e-08
 Reference value :  2.32975e-08
 Reference value :  2.33125e-08
 Reference value :  2.33325e-08
 Reference value :  2.33525e-08
 Reference value :  2.33725e-08
 Reference value :  2.33975e-08
 Reference value :  2.34125e-08
 Reference value :  2.34325e-08
 Reference value :  2.34525e-08
 Reference value :  2.34725e-08
 Reference value :  2.34925e-08
 Reference value :  2.35125e-08
 Reference value :  2.35325e-08
 Reference value :  2.35525e-08
 Reference value :  2.35775e-08
 Reference value :  2.36025e-08
 Reference value :  2.36275e-08
 Reference value :  2.36425e-08
 Reference value :  2.36625e-08
 Reference value :  2.36825e-08
 Reference value :  2.37025e-08
 Reference value :  2.37225e-08
 Reference value :  2.37425e-08
 Reference value :  2.37625e-08
 Reference value :  2.37825e-08
 Reference value :  2.38025e-08
 Reference value :  2.38275e-08
 Reference value :  2.38475e-08
 Reference value :  2.38675e-08
 Reference value :  2.38875e-08
 Reference value :  2.39075e-08
 Reference value :  2.39275e-08
 Reference value :  2.39475e-08
 Reference value :  2.39675e-08
 Reference value :  2.39875e-08
 Reference value :  2.40075e-08
 Reference value :  2.40275e-08
 Reference value :  2.40475e-08
 Reference value :  2.40675e-08
 Reference value :  2.40925e-08
 Reference value :  2.41125e-08
 Reference value :  2.41325e-08
 Reference value :  2.41525e-08
 Reference value :  2.41725e-08
 Reference value :  2.41925e-08
 Reference value :  2.42125e-08
 Reference value :  2.42325e-08
 Reference value :  2.42525e-08
 Reference value :  2.42725e-08
 Reference value :  2.42925e-08
 Reference value :  2.43125e-08
 Reference value :  2.43325e-08
 Reference value :  2.43525e-08
 Reference value :  2.43725e-08
 Reference value :  2.43925e-08
 Reference value :  2.44125e-08
 Reference value :  2.44325e-08
 Reference value :  2.44575e-08
 Reference value :  2.44825e-08
 Reference value :  2.45025e-08
 Reference value :  2.45225e-08
 Reference value :  2.45425e-08
 Reference value :  2.45625e-08
 Reference value :  2.45825e-08
 Reference value :  2.46025e-08
 Reference value :  2.46225e-08
 Reference value :  2.46425e-08
 Reference value :  2.46625e-08
 Reference value :  2.46825e-08
 Reference value :  2.47025e-08
 Reference value :  2.47275e-08
 Reference value :  2.47475e-08
 Reference value :  2.47675e-08
 Reference value :  2.47875e-08
 Reference value :  2.48075e-08
 Reference value :  2.48275e-08
 Reference value :  2.48475e-08
 Reference value :  2.48675e-08
 Reference value :  2.48925e-08
 Reference value :  2.49125e-08
 Reference value :  2.49325e-08
 Reference value :  2.49525e-08
 Reference value :  2.49725e-08
 Reference value :  2.49925e-08
 Reference value :  2.50125e-08
 Reference value :  2.50325e-08
 Reference value :  2.50525e-08
 Reference value :  2.50725e-08
 Reference value :  2.50975e-08
 Reference value :  2.51175e-08
 Reference value :  2.51375e-08
 Reference value :  2.51575e-08
 Reference value :  2.51775e-08
 Reference value :  2.51975e-08
 Reference value :  2.52225e-08
 Reference value :  2.52425e-08
 Reference value :  2.52625e-08
 Reference value :  2.52825e-08
 Reference value :  2.53025e-08
 Reference value :  2.53175e-08
 Reference value :  2.53375e-08
 Reference value :  2.53575e-08
 Reference value :  2.53825e-08
 Reference value :  2.54025e-08
 Reference value :  2.54225e-08
 Reference value :  2.54425e-08
 Reference value :  2.54675e-08
 Reference value :  2.54925e-08
 Reference value :  2.55125e-08
 Reference value :  2.55325e-08
 Reference value :  2.55525e-08
 Reference value :  2.55725e-08
 Reference value :  2.55925e-08
 Reference value :  2.56125e-08
 Reference value :  2.56325e-08
 Reference value :  2.56525e-08
 Reference value :  2.56725e-08
 Reference value :  2.56925e-08
 Reference value :  2.57075e-08
 Reference value :  2.57275e-08
 Reference value :  2.57475e-08
 Reference value :  2.57675e-08
 Reference value :  2.57875e-08
 Reference value :  2.58075e-08
 Reference value :  2.58275e-08
 Reference value :  2.58475e-08
 Reference value :  2.58675e-08
 Reference value :  2.58875e-08
 Reference value :  2.59075e-08
 Reference value :  2.59275e-08
 Reference value :  2.59425e-08
 Reference value :  2.59625e-08
 Reference value :  2.59825e-08
 Reference value :  2.60025e-08
 Reference value :  2.60225e-08
 Reference value :  2.60425e-08
 Reference value :  2.60625e-08
 Reference value :  2.60825e-08
 Reference value :  2.61025e-08
 Reference value :  2.61175e-08
 Reference value :  2.61375e-08
 Reference value :  2.61575e-08
 Reference value :  2.61775e-08
 Reference value :  2.61975e-08
 Reference value :  2.62175e-08
 Reference value :  2.62375e-08
 Reference value :  2.62575e-08
 Reference value :  2.62775e-08
 Reference value :  2.62975e-08
 Reference value :  2.63175e-08
 Reference value :  2.63425e-08
 Reference value :  2.63675e-08
 Reference value :  2.63875e-08
 Reference value :  2.64075e-08
 Reference value :  2.64275e-08
 Reference value :  2.64475e-08
 Reference value :  2.64725e-08
 Reference value :  2.64925e-08
 Reference value :  2.65125e-08
 Reference value :  2.65325e-08
 Reference value :  2.65525e-08
 Reference value :  2.65725e-08
 Reference value :  2.65925e-08
 Reference value :  2.66125e-08
 Reference value :  2.66325e-08
 Reference value :  2.66525e-08
 Reference value :  2.66725e-08
 Reference value :  2.66925e-08
 Reference value :  2.67125e-08
 Reference value :  2.67325e-08
 Reference value :  2.67525e-08
 Reference value :  2.67725e-08
 Reference value :  2.67925e-08
 Reference value :  2.68125e-08
 Reference value :  2.68325e-08
 Reference value :  2.68525e-08
 Reference value :  2.68725e-08
 Reference value :  2.68925e-08
 Reference value :  2.69125e-08
 Reference value :  2.69325e-08
 Reference value :  2.69525e-08
 Reference value :  2.69725e-08
 Reference value :  2.69925e-08
 Reference value :  2.70125e-08
 Reference value :  2.70375e-08
 Reference value :  2.70575e-08
 Reference value :  2.70775e-08
 Reference value :  2.70975e-08
 Reference value :  2.71175e-08
 Reference value :  2.71375e-08
 Reference value :  2.71575e-08
 Reference value :  2.71725e-08
 Reference value :  2.71925e-08
 Reference value :  2.72125e-08
 Reference value :  2.72325e-08
 Reference value :  2.72525e-08
 Reference value :  2.72725e-08
 Reference value :  2.72925e-08
 Reference value :  2.73175e-08
 Reference value :  2.73375e-08
 Reference value :  2.73625e-08
 Reference value :  2.73825e-08
 Reference value :  2.74025e-08
 Reference value :  2.74225e-08
 Reference value :  2.74425e-08
 Reference value :  2.74675e-08
 Reference value :  2.74875e-08
 Reference value :  2.75075e-08
 Reference value :  2.75325e-08
 Reference value :  2.75525e-08
 Reference value :  2.75725e-08
 Reference value :  2.75925e-08
 Reference value :  2.76125e-08
 Reference value :  2.76325e-08
 Reference value :  2.76525e-08
 Reference value :  2.76725e-08
 Reference value :  2.76925e-08
 Reference value :  2.77125e-08
 Reference value :  2.77325e-08
 Reference value :  2.77525e-08
 Reference value :  2.77725e-08
 Reference value :  2.77925e-08
 Reference value :  2.78125e-08
 Reference value :  2.78375e-08
 Reference value :  2.78625e-08
 Reference value :  2.78825e-08
 Reference value :  2.79025e-08
 Reference value :  2.79225e-08
 Reference value :  2.79425e-08
 Reference value :  2.79625e-08
 Reference value :  2.79875e-08
 Reference value :  2.80075e-08
 Reference value :  2.80275e-08
 Reference value :  2.80475e-08
 Reference value :  2.80675e-08
 Reference value :  2.80925e-08
 Reference value :  2.81125e-08
 Reference value :  2.81375e-08
 Reference value :  2.81575e-08
 Reference value :  2.81775e-08
 Reference value :  2.81925e-08
 Reference value :  2.82125e-08
 Reference value :  2.82325e-08
 Reference value :  2.82525e-08
 Reference value :  2.82725e-08
 Reference value :  2.82975e-08
 Reference value :  2.83175e-08
 Reference value :  2.83375e-08
 Reference value :  2.83575e-08
 Reference value :  2.83775e-08
 Reference value :  2.83975e-08
 Reference value :  2.84175e-08
 Reference value :  2.84375e-08
 Reference value :  2.84575e-08
 Reference value :  2.84725e-08
 Reference value :  2.84925e-08
 Reference value :  2.85075e-08
 Reference value :  2.85275e-08
 Reference value :  2.85475e-08
 Reference value :  2.85675e-08
 Reference value :  2.85875e-08
 Reference value :  2.86075e-08
 Reference value :  2.86275e-08
 Reference value :  2.86475e-08
 Reference value :  2.86725e-08
 Reference value :  2.86925e-08
 Reference value :  2.87075e-08
 Reference value :  2.87225e-08
 Reference value :  2.87425e-08
 Reference value :  2.87675e-08
 Reference value :  2.87825e-08
 Reference value :  2.88025e-08
 Reference value :  2.88275e-08
 Reference value :  2.88525e-08
 Reference value :  2.88775e-08
 Reference value :  2.89025e-08
 Reference value :  2.89225e-08
 Reference value :  2.89425e-08
 Reference value :  2.89625e-08
 Reference value :  2.89825e-08
 Reference value :  2.90025e-08
 Reference value :  2.90275e-08
 Reference value :  2.90525e-08
 Reference value :  2.90725e-08
 Reference value :  2.90925e-08
 Reference value :  2.91175e-08
 Reference value :  2.91375e-08
 Reference value :  2.91625e-08
 Reference value :  2.91825e-08
 Reference value :  2.91975e-08
 Reference value :  2.92225e-08
 Reference value :  2.92475e-08
 Reference value :  2.92675e-08
 Reference value :  2.92925e-08
 Reference value :  2.93175e-08
 Reference value :  2.93375e-08
 Reference value :  2.93625e-08
 Reference value :  2.93875e-08
 Reference value :  2.94075e-08
 Reference value :  2.94275e-08
 Reference value :  2.94425e-08
 Reference value :  2.94725e-08
 Reference value :  2.94875e-08
 Reference value :  2.95125e-08
 Reference value :  2.95325e-08
 Reference value :  2.95575e-08
 Reference value :  2.95825e-08
 Reference value :  2.96025e-08
 Reference value :  2.96275e-08
 Reference value :  2.96475e-08
 Reference value :  2.96675e-08
 Reference value :  2.96875e-08
 Reference value :  2.97075e-08
 Reference value :  2.97275e-08
 Reference value :  2.97475e-08
 Reference value :  2.97725e-08
 Reference value :  2.97925e-08
 Reference value :  2.98125e-08
 Reference value :  2.98275e-08
 Reference value :  2.98425e-08
 Reference value :  2.98575e-08
 Reference value :  2.98775e-08
 Reference value :  2.98975e-08
 Reference value :  2.99125e-08
 Reference value :  2.99325e-08
 Reference value :  2.99525e-08
 Reference value :  2.99725e-08
 Reference value :  2.99925e-08
 Reference value :  3.00125e-08
 Reference value :  3.00325e-08
 Reference value :  3.00575e-08
 Reference value :  3.00775e-08
 Reference value :  3.01025e-08
 Reference value :  3.01225e-08
 Reference value :  3.01525e-08
 Reference value :  3.01825e-08
 Reference value :  3.02125e-08
 Reference value :  3.02325e-08
 Reference value :  3.02525e-08
 Reference value :  3.02675e-08
 Reference value :  3.02875e-08
 Reference value :  3.03075e-08
 Reference value :  3.03275e-08
 Reference value :  3.03475e-08
 Reference value :  3.03675e-08
 Reference value :  3.03825e-08
 Reference value :  3.04025e-08
 Reference value :  3.04275e-08
 Reference value :  3.04475e-08
 Reference value :  3.04675e-08
 Reference value :  3.04875e-08
 Reference value :  3.05075e-08
 Reference value :  3.05325e-08
 Reference value :  3.05525e-08
 Reference value :  3.05725e-08
 Reference value :  3.05875e-08
 Reference value :  3.06075e-08
 Reference value :  3.06225e-08
 Reference value :  3.06375e-08
 Reference value :  3.06625e-08
 Reference value :  3.06875e-08
 Reference value :  3.07125e-08
 Reference value :  3.07475e-08
 Reference value :  3.07675e-08
 Reference value :  3.07875e-08
 Reference value :  3.08075e-08
 Reference value :  3.08275e-08
 Reference value :  3.08475e-08
 Reference value :  3.08675e-08
 Reference value :  3.08875e-08
 Reference value :  3.09125e-08
 Reference value :  3.09275e-08
 Reference value :  3.09525e-08
 Reference value :  3.09775e-08
 Reference value :  3.09975e-08
 Reference value :  3.10175e-08
 Reference value :  3.10375e-08
 Reference value :  3.10575e-08
 Reference value :  3.10775e-08
 Reference value :  3.11025e-08
 Reference value :  3.11225e-08
 Reference value :  3.11425e-08
 Reference value :  3.11625e-08
 Reference value :  3.11825e-08
 Reference value :  3.12025e-08
 Reference value :  3.12225e-08
 Reference value :  3.12425e-08
 Reference value :  3.12625e-08
 Reference value :  3.12825e-08
 Reference value :  3.13025e-08
 Reference value :  3.13275e-08
 Reference value :  3.13475e-08
 Reference value :  3.13725e-08
 Reference value :  3.13875e-08
 Reference value :  3.14075e-08
 Reference value :  3.14225e-08
 Reference value :  3.14375e-08
 Reference value :  3.14625e-08
 Reference value :  3.14825e-08
 Reference value :  3.15025e-08
 Reference value :  3.15225e-08
 Reference value :  3.15425e-08
 Reference value :  3.15625e-08
 Reference value :  3.15775e-08
 Reference value :  3.15975e-08
 Reference value :  3.16175e-08
 Reference value :  3.16375e-08
 Reference value :  3.16625e-08
 Reference value :  3.16875e-08
 Reference value :  3.17075e-08
 Reference value :  3.17275e-08
 Reference value :  3.17475e-08
 Reference value :  3.17675e-08
 Reference value :  3.17825e-08
 Reference value :  3.18025e-08
 Reference value :  3.18225e-08
 Reference value :  3.18425e-08
 Reference value :  3.18625e-08
 Reference value :  3.18775e-08
 Reference value :  3.18975e-08
 Reference value :  3.19175e-08
 Reference value :  3.19425e-08
 Reference value :  3.19575e-08
 Reference value :  3.19775e-08
 Reference value :  3.19975e-08
 Reference value :  3.20225e-08
 Reference value :  3.20425e-08
 Reference value :  3.20625e-08
 Reference value :  3.20825e-08
 Reference value :  3.20975e-08
 Reference value :  3.21175e-08
 Reference value :  3.21425e-08
 Reference value :  3.21625e-08
 Reference value :  3.21875e-08
 Reference value :  3.22075e-08
 Reference value :  3.22225e-08
 Reference value :  3.22475e-08
 Reference value :  3.22725e-08
 Reference value :  3.22925e-08
 Reference value :  3.23125e-08
 Reference value :  3.23375e-08
 Reference value :  3.23575e-08
 Reference value :  3.23725e-08
 Reference value :  3.23875e-08
 Reference value :  3.24075e-08
 Reference value :  3.24325e-08
 Reference value :  3.24525e-08
 Reference value :  3.24725e-08
 Reference value :  3.24925e-08
 Reference value :  3.25125e-08
 Reference value :  3.25325e-08
 Reference value :  3.25525e-08
 Reference value :  3.25775e-08
 Reference value :  3.25975e-08
 Reference value :  3.26175e-08
 Reference value :  3.26375e-08
 Reference value :  3.26575e-08
 Reference value :  3.26775e-08
 Reference value :  3.26975e-08
 Reference value :  3.27175e-08
 Reference value :  3.27375e-08
 Reference value :  3.27575e-08
 Reference value :  3.27775e-08
 Reference value :  3.27975e-08
 Reference value :  3.28175e-08
 Reference value :  3.28375e-08
 Reference value :  3.28575e-08
 Reference value :  3.28825e-08
 Reference value :  3.29075e-08
 Reference value :  3.29275e-08
 Reference value :  3.29575e-08
 Reference value :  3.29775e-08
 Reference value :  3.29975e-08
 Reference value :  3.30175e-08
 Reference value :  3.30375e-08
 Reference value :  3.30575e-08
 Reference value :  3.30725e-08
 Reference value :  3.30925e-08
 Reference value :  3.31075e-08
 Reference value :  3.31275e-08
 Reference value :  3.31525e-08
 Reference value :  3.31775e-08
 Reference value :  3.32025e-08
 Reference value :  3.32275e-08
 Reference value :  3.32575e-08
 Reference value :  3.32825e-08
 Reference value :  3.33075e-08
 Reference value :  3.33375e-08
 Reference value :  3.33575e-08
 Reference value :  3.33775e-08
 Reference value :  3.33975e-08
 Reference value :  3.34175e-08
 Reference value :  3.34375e-08
 Reference value :  3.34575e-08
 Reference value :  3.34775e-08
 Reference value :  3.35025e-08
 Reference value :  3.35225e-08
 Reference value :  3.35375e-08
 Reference value :  3.35575e-08
 Reference value :  3.35825e-08
 Reference value :  3.36075e-08
 Reference value :  3.36275e-08
 Reference value :  3.36425e-08
 Reference value :  3.36625e-08
 Reference value :  3.36825e-08
 Reference value :  3.37075e-08
 Reference value :  3.37325e-08
 Reference value :  3.37525e-08
 Reference value :  3.37675e-08
 Reference value :  3.37925e-08
 Reference value :  3.38125e-08
 Reference value :  3.38425e-08
 Reference value :  3.38625e-08
 Reference value :  3.38825e-08
 Reference value :  3.39025e-08
 Reference value :  3.39275e-08
 Reference value :  3.39475e-08
 Reference value :  3.39675e-08
 Reference value :  3.39875e-08
 Reference value :  3.40175e-08
 Reference value :  3.40375e-08
 Reference value :  3.40525e-08
 Reference value :  3.40725e-08
 Reference value :  3.40925e-08
 Reference value :  3.41125e-08
 Reference value :  3.41325e-08
 Reference value :  3.41525e-08
 Reference value :  3.41725e-08
 Reference value :  3.41875e-08
 Reference value :  3.42075e-08
 Reference value :  3.42275e-08
 Reference value :  3.42475e-08
 Reference value :  3.42625e-08
 Reference value :  3.42825e-08
 Reference value :  3.43025e-08
 Reference value :  3.43225e-08
 Reference value :  3.43375e-08
 Reference value :  3.43525e-08
 Reference value :  3.43775e-08
 Reference value :  3.43975e-08
 Reference value :  3.44225e-08
 Reference value :  3.44475e-08
 Reference value :  3.44725e-08
 Reference value :  3.44925e-08
 Reference value :  3.45125e-08
 Reference value :  3.45325e-08
 Reference value :  3.45525e-08
 Reference value :  3.45775e-08
 Reference value :  3.45975e-08
 Reference value :  3.46225e-08
 Reference value :  3.46425e-08
 Reference value :  3.46575e-08
 Reference value :  3.46725e-08
 Reference value :  3.47075e-08
 Reference value :  3.47375e-08
 Reference value :  3.47625e-08
 Reference value :  3.47825e-08
 Reference value :  3.48025e-08
 Reference value :  3.48325e-08
 Reference value :  3.48575e-08
 Reference value :  3.48825e-08
 Reference value :  3.49025e-08
 Reference value :  3.49275e-08
 Reference value :  3.49475e-08
 Reference value :  3.49675e-08
 Reference value :  3.49925e-08
 Reference value :  3.50125e-08
 Reference value :  3.50375e-08
 Reference value :  3.50575e-08
 Reference value :  3.50825e-08
 Reference value :  3.51025e-08
 Reference value :  3.51225e-08
 Reference value :  3.51425e-08
 Reference value :  3.51675e-08
 Reference value :  3.51925e-08
 Reference value :  3.52125e-08
 Reference value :  3.52325e-08
 Reference value :  3.52525e-08
 Reference value :  3.52725e-08
 Reference value :  3.52925e-08
 Reference value :  3.53125e-08
 Reference value :  3.53375e-08
 Reference value :  3.53625e-08
 Reference value :  3.53875e-08
 Reference value :  3.54075e-08
 Reference value :  3.54275e-08
 Reference value :  3.54475e-08
 Reference value :  3.54725e-08
 Reference value :  3.54925e-08
 Reference value :  3.55125e-08
 Reference value :  3.55325e-08
 Reference value :  3.55475e-08
 Reference value :  3.55675e-08
 Reference value :  3.55875e-08
 Reference value :  3.56025e-08
 Reference value :  3.56275e-08
 Reference value :  3.56475e-08
 Reference value :  3.56675e-08
 Reference value :  3.56875e-08
 Reference value :  3.57075e-08
 Reference value :  3.57325e-08
 Reference value :  3.57525e-08
 Reference value :  3.57775e-08
 Reference value :  3.58025e-08
 Reference value :  3.58225e-08
 Reference value :  3.58425e-08
 Reference value :  3.58625e-08
 Reference value :  3.58825e-08
 Reference value :  3.59025e-08
 Reference value :  3.59275e-08
 Reference value :  3.59475e-08
 Reference value :  3.59625e-08
 Reference value :  3.59825e-08
 Reference value :  3.60025e-08
 Reference value :  3.60275e-08
 Reference value :  3.60475e-08
 Reference value :  3.60675e-08
 Reference value :  3.60875e-08
 Reference value :  3.61125e-08
 Reference value :  3.61275e-08
 Reference value :  3.61425e-08
 Reference value :  3.61625e-08
 Reference value :  3.61825e-08
 Reference value :  3.62025e-08
 Reference value :  3.62275e-08
 Reference value :  3.62475e-08
 Reference value :  3.62675e-08
 Reference value :  3.62825e-08
 Reference value :  3.63075e-08
 Reference value :  3.63275e-08
 Reference value :  3.63525e-08
 Reference value :  3.63725e-08
 Reference value :  3.63925e-08
 Reference value :  3.64125e-08
 Reference value :  3.64375e-08
 Reference value :  3.64575e-08
 Reference value :  3.64775e-08
 Reference value :  3.64975e-08
 Reference value :  3.65125e-08
 Reference value :  3.65375e-08
 Reference value :  3.65575e-08
 Reference value :  3.65775e-08
 Reference value :  3.65925e-08
 Reference value :  3.66125e-08
 Reference value :  3.66325e-08
 Reference value :  3.66525e-08
 Reference value :  3.66775e-08
 Reference value :  3.66975e-08
 Reference value :  3.67175e-08
 Reference value :  3.67375e-08
 Reference value :  3.67575e-08
 Reference value :  3.67775e-08
 Reference value :  3.67975e-08
 Reference value :  3.68175e-08
 Reference value :  3.68375e-08
 Reference value :  3.68575e-08
 Reference value :  3.68775e-08
 Reference value :  3.68975e-08
 Reference value :  3.69175e-08
 Reference value :  3.69425e-08
 Reference value :  3.69625e-08
 Reference value :  3.69825e-08
 Reference value :  3.70025e-08
 Reference value :  3.70275e-08
 Reference value :  3.70475e-08
 Reference value :  3.70625e-08
 Reference value :  3.70825e-08
 Reference value :  3.71025e-08
 Reference value :  3.71225e-08
 Reference value :  3.71425e-08
 Reference value :  3.71675e-08
 Reference value :  3.71925e-08
 Reference value :  3.72125e-08
 Reference value :  3.72325e-08
 Reference value :  3.72525e-08
 Reference value :  3.72725e-08
 Reference value :  3.72925e-08
 Reference value :  3.73125e-08
 Reference value :  3.73325e-08
 Reference value :  3.73525e-08
 Reference value :  3.73675e-08
 Reference value :  3.73825e-08
 Reference value :  3.74075e-08
 Reference value :  3.74275e-08
 Reference value :  3.74475e-08
 Reference value :  3.74675e-08
 Reference value :  3.74925e-08
 Reference value :  3.75125e-08
 Reference value :  3.75325e-08
 Reference value :  3.75525e-08
 Reference value :  3.75675e-08
 Reference value :  3.75875e-08
 Reference value :  3.76175e-08
 Reference value :  3.76425e-08
 Reference value :  3.76625e-08
 Reference value :  3.76875e-08
 Reference value :  3.77075e-08
 Reference value :  3.77275e-08
 Reference value :  3.77525e-08
 Reference value :  3.77725e-08
 Reference value :  3.77975e-08
 Reference value :  3.78175e-08
 Reference value :  3.78375e-08
 Reference value :  3.78575e-08
 Reference value :  3.78725e-08
 Reference value :  3.78925e-08
 Reference value :  3.79075e-08
 Reference value :  3.79275e-08
 Reference value :  3.79475e-08
 Reference value :  3.79675e-08
 Reference value :  3.79875e-08
 Reference value :  3.80125e-08
 Reference value :  3.80375e-08
 Reference value :  3.80575e-08
 Reference value :  3.80775e-08
 Reference value :  3.81025e-08
 Reference value :  3.81175e-08
 Reference value :  3.81325e-08
 Reference value :  3.81525e-08
 Reference value :  3.81725e-08
 Reference value :  3.81925e-08
 Reference value :  3.82175e-08
 Reference value :  3.82375e-08
 Reference value :  3.82525e-08
 Reference value :  3.82725e-08
 Reference value :  3.82975e-08
 Reference value :  3.83225e-08
 Reference value :  3.83425e-08
 Reference value :  3.83625e-08
 Reference value :  3.83825e-08
 Reference value :  3.84025e-08
 Reference value :  3.84225e-08
 Reference value :  3.84425e-08
 Reference value :  3.84675e-08
 Reference value :  3.84875e-08
 Reference value :  3.85075e-08
 Reference value :  3.85275e-08
 Reference value :  3.85575e-08
 Reference value :  3.85775e-08
 Reference value :  3.85975e-08
 Reference value :  3.86175e-08
 Reference value :  3.86375e-08
 Reference value :  3.86575e-08
 Reference value :  3.86775e-08
 Reference value :  3.86925e-08
 Reference value :  3.87175e-08
 Reference value :  3.87375e-08
 Reference value :  3.87575e-08
 Reference value :  3.87825e-08
 Reference value :  3.88025e-08
 Reference value :  3.88275e-08
 Reference value :  3.88475e-08
 Reference value :  3.88625e-08
 Reference value :  3.88825e-08
 Reference value :  3.89075e-08
 Reference value :  3.89275e-08
 Reference value :  3.89475e-08
 Reference value :  3.89675e-08
 Reference value :  3.89875e-08
 Reference value :  3.90025e-08
 Reference value :  3.90175e-08
 Reference value :  3.90325e-08
 Reference value :  3.90475e-08
 Reference value :  3.90675e-08
 Reference value :  3.90875e-08
 Reference value :  3.91125e-08
 Reference value :  3.91325e-08
 Reference value :  3.91525e-08
 Reference value :  3.91825e-08
 Reference value :  3.92025e-08
 Reference value :  3.92275e-08
 Reference value :  3.92475e-08
 Reference value :  3.92675e-08
 Reference value :  3.92925e-08
 Reference value :  3.93125e-08
 Reference value :  3.93325e-08
 Reference value :  3.93525e-08
 Reference value :  3.93725e-08
 Reference value :  3.93925e-08
 Reference value :  3.94125e-08
 Reference value :  3.94425e-08
 Reference value :  3.94625e-08
 Reference value :  3.94825e-08
 Reference value :  3.95075e-08
 Reference value :  3.95275e-08
 Reference value :  3.95475e-08
 Reference value :  3.95675e-08
 Reference value :  3.95875e-08
 Reference value :  3.96075e-08
 Reference value :  3.96225e-08
 Reference value :  3.96425e-08
 Reference value :  3.96625e-08
 Reference value :  3.96825e-08
 Reference value :  3.97025e-08
 Reference value :  3.97175e-08
 Reference value :  3.97375e-08
 Reference value :  3.97575e-08
 Reference value :  3.97725e-08
 Reference value :  3.97925e-08
 Reference value :  3.98125e-08
 Reference value :  3.98325e-08
 Reference value :  3.98575e-08
 Reference value :  3.98775e-08
 Reference value :  3.98975e-08
 Reference value :  3.99175e-08
 Reference value :  3.99375e-08
 Reference value :  3.99575e-08
 Reference value :  3.99875e-08
 Reference value :  4.00075e-08
 Reference value :  4.00375e-08
 Reference value :  4.00575e-08
 Reference value :  4.00825e-08
 Reference value :  4.01025e-08
 Reference value :  4.01225e-08
 Reference value :  4.01475e-08
 Reference value :  4.01775e-08
 Reference value :  4.02025e-08
 Reference value :  4.02225e-08
 Reference value :  4.02425e-08
 Reference value :  4.02675e-08
 Reference value :  4.02875e-08
 Reference value :  4.03075e-08
 Reference value :  4.03325e-08
 Reference value :  4.03625e-08
 Reference value :  4.03875e-08
 Reference value :  4.04075e-08
 Reference value :  4.04275e-08
 Reference value :  4.04475e-08
 Reference value :  4.04675e-08
 Reference value :  4.04825e-08
 Reference value :  4.05025e-08
 Reference value :  4.05225e-08
 Reference value :  4.05425e-08
 Reference value :  4.05675e-08
 Reference value :  4.05925e-08
 Reference value :  4.06175e-08
 Reference value :  4.06425e-08
 Reference value :  4.06675e-08
 Reference value :  4.06875e-08
 Reference value :  4.07125e-08
 Reference value :  4.07375e-08
 Reference value :  4.07575e-08
 Reference value :  4.07775e-08
 Reference value :  4.08025e-08
 Reference value :  4.08275e-08
 Reference value :  4.08475e-08
 Reference value :  4.08725e-08
 Reference value :  4.09025e-08
 Reference value :  4.09175e-08
 Reference value :  4.09325e-08
 Reference value :  4.09475e-08
 Reference value :  4.09675e-08
 Reference value :  4.09925e-08
 Reference value :  4.10125e-08
 Reference value :  4.10375e-08
 Reference value :  4.10525e-08
 Reference value :  4.10725e-08
 Reference value :  4.10925e-08
 Reference value :  4.11175e-08
 Reference value :  4.11425e-08
 Reference value :  4.11675e-08
 Reference value :  4.11875e-08
 Reference value :  4.12075e-08
 Reference value :  4.12225e-08
 Reference value :  4.12425e-08
 Reference value :  4.12675e-08
 Reference value :  4.12825e-08
 Reference value :  4.13025e-08
 Reference value :  4.13225e-08
 Reference value :  4.13425e-08
 Reference value :  4.13625e-08
 Reference value :  4.13775e-08
 Reference value :  4.13975e-08
 Reference value :  4.14225e-08
 Reference value :  4.14425e-08
 Reference value :  4.14675e-08
 Reference value :  4.14875e-08
 Reference value :  4.15125e-08
 Reference value :  4.15325e-08
 Reference value :  4.15525e-08
 Reference value :  4.15725e-08
 Reference value :  4.15925e-08
 Reference value :  4.16175e-08
 Reference value :  4.16375e-08
 Reference value :  4.16625e-08
 Reference value :  4.16825e-08
 Reference value :  4.17075e-08
 Reference value :  4.17325e-08
 Reference value :  4.17575e-08
 Reference value :  4.17825e-08
 Reference value :  4.18075e-08
 Reference value :  4.18325e-08
 Reference value :  4.18575e-08
 Reference value :  4.18775e-08
 Reference value :  4.19025e-08
 Reference value :  4.19225e-08
 Reference value :  4.19425e-08
 Reference value :  4.19625e-08
 Reference value :  4.19825e-08
 Reference value :  4.20025e-08
 Reference value :  4.20225e-08
 Reference value :  4.20475e-08
 Reference value :  4.20725e-08
 Reference value :  4.21025e-08
 Reference value :  4.21275e-08
 Reference value :  4.21475e-08
 Reference value :  4.21675e-08
 Reference value :  4.21975e-08
 Reference value :  4.22175e-08
 Reference value :  4.22425e-08
 Reference value :  4.22675e-08
 Reference value :  4.22925e-08
 Reference value :  4.23125e-08
 Reference value :  4.23325e-08
 Reference value :  4.23525e-08
 Reference value :  4.23775e-08
 Reference value :  4.23925e-08
 Reference value :  4.24175e-08
 Reference value :  4.24375e-08
 Reference value :  4.24625e-08
 Reference value :  4.24775e-08
 Reference value :  4.24975e-08
 Reference value :  4.25175e-08
 Reference value :  4.25375e-08
 Reference value :  4.25625e-08
 Reference value :  4.25775e-08
 Reference value :  4.26025e-08
 Reference value :  4.26225e-08
 Reference value :  4.26475e-08
 Reference value :  4.26675e-08
 Reference value :  4.26925e-08
 Reference value :  4.27175e-08
 Reference value :  4.27375e-08
 Reference value :  4.27625e-08
 Reference value :  4.27825e-08
 Reference value :  4.28025e-08
 Reference value :  4.28175e-08
 Reference value :  4.28375e-08
 Reference value :  4.28625e-08
 Reference value :  4.28875e-08
 Reference value :  4.29125e-08
 Reference value :  4.29325e-08
 Reference value :  4.29525e-08
 Reference value :  4.29725e-08
 Reference value :  4.29975e-08
 Reference value :  4.30175e-08
 Reference value :  4.30325e-08
 Reference value :  4.30525e-08
 Reference value :  4.30725e-08
 Reference value :  4.30925e-08
 Reference value :  4.31125e-08
 Reference value :  4.31325e-08
 Reference value :  4.31525e-08
 Reference value :  4.31725e-08
 Reference value :  4.31925e-08
 Reference value :  4.32125e-08
 Reference value :  4.32325e-08
 Reference value :  4.32525e-08
 Reference value :  4.32725e-08
 Reference value :  4.32975e-08
 Reference value :  4.33225e-08
 Reference value :  4.33425e-08
 Reference value :  4.33625e-08
 Reference value :  4.33825e-08
 Reference value :  4.34025e-08
 Reference value :  4.34225e-08
 Reference value :  4.34425e-08
 Reference value :  4.34575e-08
 Reference value :  4.34775e-08
 Reference value :  4.35025e-08
 Reference value :  4.35225e-08
 Reference value :  4.35475e-08
 Reference value :  4.35675e-08
 Reference value :  4.35825e-08
 Reference value :  4.36075e-08
 Reference value :  4.36375e-08
 Reference value :  4.36625e-08
 Reference value :  4.36825e-08
 Reference value :  4.37025e-08
 Reference value :  4.37225e-08
 Reference value :  4.37475e-08
 Reference value :  4.37675e-08
 Reference value :  4.37875e-08
 Reference value :  4.38025e-08
 Reference value :  4.38225e-08
 Reference value :  4.38425e-08
 Reference value :  4.38625e-08
 Reference value :  4.38875e-08
 Reference value :  4.39075e-08
 Reference value :  4.39275e-08
 Reference value :  4.39425e-08
 Reference value :  4.39675e-08
 Reference value :  4.39925e-08
 Reference value :  4.40125e-08
 Reference value :  4.40325e-08
 Reference value :  4.40525e-08
 Reference value :  4.40725e-08
 Reference value :  4.40875e-08
 Reference value :  4.41125e-08
 Reference value :  4.41325e-08
 Reference value :  4.41525e-08
 Reference value :  4.41725e-08
 Reference value :  4.41925e-08
 Reference value :  4.42125e-08
 Reference value :  4.42325e-08
 Reference value :  4.42625e-08
 Reference value :  4.42875e-08
 Reference value :  4.43075e-08
 Reference value :  4.43275e-08
 Reference value :  4.43475e-08
 Reference value :  4.43725e-08
 Reference value :  4.43925e-08
 Reference value :  4.44175e-08
 Reference value :  4.44375e-08
 Reference value :  4.44625e-08
 Reference value :  4.44825e-08
 Reference value :  4.45025e-08
 Reference value :  4.45225e-08
 Reference value :  4.45425e-08
 Reference value :  4.45625e-08
 Reference value :  4.45825e-08
 Reference value :  4.46025e-08
 Reference value :  4.46175e-08
 Reference value :  4.46375e-08
 Reference value :  4.46575e-08
 Reference value :  4.46725e-08
 Reference value :  4.46925e-08
 Reference value :  4.47125e-08
 Reference value :  4.47325e-08
 Reference value :  4.47525e-08
 Reference value :  4.47725e-08
 Reference value :  4.47925e-08
 Reference value :  4.48125e-08
 Reference value :  4.48325e-08
 Reference value :  4.48525e-08
 Reference value :  4.48725e-08
 Reference value :  4.48925e-08
 Reference value :  4.49125e-08
 Reference value :  4.49325e-08
 Reference value :  4.49525e-08
 Reference value :  4.49725e-08
 Reference value :  4.49925e-08
 Reference value :  4.50125e-08
 Reference value :  4.50425e-08
 Reference value :  4.50625e-08
 Reference value :  4.50775e-08
 Reference value :  4.50925e-08
No. of Data Rows : 9034
Note: Simulation executed from .control section 
