
Note: Compatibility modes selected: hs a


Circuit: * comparator-decision regen-time sweep -- vindiff=2mv corner=fs temp=125.0c (issue #9)

option SCALE: Scale is set to 1e-06 for instance and model parameters
option SCALE: Scale is set to 1e-06 for instance and model parameters
option SCALE: Scale is set to 1e-06 for instance and model parameters
option SCALE: Scale is set to 1e-06 for instance and model parameters
Doing analysis at TEMP = 125.000000 and TNOM = 27.000000

Using KLU as Direct Linear Solver
 Reference value :  0.00000e+00
 Reference value :  4.00000e-13
 Reference value :  3.20000e-12
 Reference value :  2.14000e-11
 Reference value :  4.64000e-11
 Reference value :  7.14000e-11
 Reference value :  9.14000e-11
 Reference value :  1.16400e-10
 Reference value :  1.41400e-10
 Reference value :  1.61400e-10
 Reference value :  1.81400e-10
 Reference value :  2.06400e-10
 Reference value :  2.26400e-10
 Reference value :  2.51400e-10
 Reference value :  2.76400e-10
 Reference value :  3.01400e-10
 Reference value :  3.21400e-10
 Reference value :  3.36400e-10
 Reference value :  3.51400e-10
 Reference value :  3.71400e-10
 Reference value :  3.96400e-10
 Reference value :  4.16400e-10
 Reference value :  4.36400e-10
 Reference value :  4.56400e-10
 Reference value :  4.71400e-10
 Reference value :  4.96400e-10
 Reference value :  5.21400e-10
 Reference value :  5.41400e-10
 Reference value :  5.66400e-10
 Reference value :  5.86400e-10
 Reference value :  6.01400e-10
 Reference value :  6.26400e-10
 Reference value :  6.41400e-10
 Reference value :  6.61400e-10
 Reference value :  6.81400e-10
 Reference value :  7.06400e-10
 Reference value :  7.26400e-10
 Reference value :  7.46400e-10
 Reference value :  7.66400e-10
 Reference value :  7.86400e-10
 Reference value :  8.06400e-10
 Reference value :  8.31400e-10
 Reference value :  8.51400e-10
 Reference value :  8.71400e-10
 Reference value :  8.91400e-10
 Reference value :  9.11400e-10
 Reference value :  9.31400e-10
 Reference value :  9.56400e-10
 Reference value :  9.81400e-10
 Reference value :  1.00140e-09
 Reference value :  1.02640e-09
 Reference value :  1.05140e-09
 Reference value :  1.07640e-09
 Reference value :  1.09640e-09
 Reference value :  1.12140e-09
 Reference value :  1.14140e-09
 Reference value :  1.16140e-09
 Reference value :  1.18140e-09
 Reference value :  1.20640e-09
 Reference value :  1.22640e-09
 Reference value :  1.24640e-09
 Reference value :  1.26640e-09
 Reference value :  1.28640e-09
 Reference value :  1.30640e-09
 Reference value :  1.32140e-09
 Reference value :  1.34640e-09
 Reference value :  1.36640e-09
 Reference value :  1.38640e-09
 Reference value :  1.41140e-09
 Reference value :  1.43640e-09
 Reference value :  1.45640e-09
 Reference value :  1.48140e-09
 Reference value :  1.50140e-09
 Reference value :  1.52140e-09
 Reference value :  1.54640e-09
 Reference value :  1.57140e-09
 Reference value :  1.59140e-09
 Reference value :  1.61640e-09
 Reference value :  1.64140e-09
 Reference value :  1.66640e-09
 Reference value :  1.68640e-09
 Reference value :  1.70640e-09
 Reference value :  1.72640e-09
 Reference value :  1.74640e-09
 Reference value :  1.76640e-09
 Reference value :  1.78640e-09
 Reference value :  1.80640e-09
 Reference value :  1.82640e-09
 Reference value :  1.85140e-09
 Reference value :  1.87640e-09
 Reference value :  1.89640e-09
 Reference value :  1.91640e-09
 Reference value :  1.93640e-09
 Reference value :  1.95640e-09
 Reference value :  1.97640e-09
 Reference value :  1.99640e-09
 Reference value :  2.01640e-09
 Reference value :  2.03640e-09
 Reference value :  2.05640e-09
 Reference value :  2.08140e-09
 Reference value :  2.10140e-09
 Reference value :  2.12140e-09
 Reference value :  2.14640e-09
 Reference value :  2.17140e-09
 Reference value :  2.18640e-09
 Reference value :  2.22140e-09
 Reference value :  2.24640e-09
 Reference value :  2.27140e-09
 Reference value :  2.29140e-09
 Reference value :  2.31140e-09
 Reference value :  2.33640e-09
 Reference value :  2.36140e-09
 Reference value :  2.37640e-09
 Reference value :  2.39640e-09
 Reference value :  2.42140e-09
 Reference value :  2.44640e-09
 Reference value :  2.46640e-09
 Reference value :  2.48640e-09
 Reference value :  2.51140e-09
 Reference value :  2.53140e-09
 Reference value :  2.54640e-09
 Reference value :  2.57640e-09
 Reference value :  2.60140e-09
 Reference value :  2.62640e-09
 Reference value :  2.65140e-09
 Reference value :  2.67640e-09
 Reference value :  2.69640e-09
 Reference value :  2.71640e-09
 Reference value :  2.73640e-09
 Reference value :  2.75640e-09
 Reference value :  2.77640e-09
 Reference value :  2.79140e-09
 Reference value :  2.81140e-09
 Reference value :  2.83140e-09
 Reference value :  2.85140e-09
 Reference value :  2.87140e-09
 Reference value :  2.89640e-09
 Reference value :  2.91640e-09
 Reference value :  2.93640e-09
 Reference value :  2.96140e-09
 Reference value :  2.98640e-09
 Reference value :  3.01140e-09
 Reference value :  3.03140e-09
 Reference value :  3.06140e-09
 Reference value :  3.08640e-09
 Reference value :  3.11140e-09
 Reference value :  3.13640e-09
 Reference value :  3.15640e-09
 Reference value :  3.17640e-09
 Reference value :  3.19140e-09
 Reference value :  3.20640e-09
 Reference value :  3.22640e-09
 Reference value :  3.24640e-09
 Reference value :  3.26640e-09
 Reference value :  3.28640e-09
 Reference value :  3.31140e-09
 Reference value :  3.33640e-09
 Reference value :  3.36140e-09
 Reference value :  3.38140e-09
 Reference value :  3.40140e-09
 Reference value :  3.42640e-09
 Reference value :  3.44640e-09
 Reference value :  3.47140e-09
 Reference value :  3.49640e-09
 Reference value :  3.51640e-09
 Reference value :  3.53640e-09
 Reference value :  3.55640e-09
 Reference value :  3.57640e-09
 Reference value :  3.59640e-09
 Reference value :  3.61640e-09
 Reference value :  3.64640e-09
 Reference value :  3.66640e-09
 Reference value :  3.68140e-09
 Reference value :  3.70140e-09
 Reference value :  3.72140e-09
 Reference value :  3.74640e-09
 Reference value :  3.76640e-09
 Reference value :  3.78640e-09
 Reference value :  3.80640e-09
 Reference value :  3.82640e-09
 Reference value :  3.84640e-09
 Reference value :  3.86640e-09
 Reference value :  3.88640e-09
 Reference value :  3.90140e-09
 Reference value :  3.92140e-09
 Reference value :  3.94640e-09
 Reference value :  3.96640e-09
 Reference value :  3.98640e-09
 Reference value :  4.01140e-09
 Reference value :  4.03140e-09
 Reference value :  4.04640e-09
 Reference value :  4.06640e-09
 Reference value :  4.08640e-09
 Reference value :  4.10640e-09
 Reference value :  4.12640e-09
 Reference value :  4.14640e-09
 Reference value :  4.16140e-09
 Reference value :  4.18140e-09
 Reference value :  4.20140e-09
 Reference value :  4.22140e-09
 Reference value :  4.24140e-09
 Reference value :  4.26140e-09
 Reference value :  4.28140e-09
 Reference value :  4.30140e-09
 Reference value :  4.32140e-09
 Reference value :  4.34140e-09
 Reference value :  4.36140e-09
 Reference value :  4.38140e-09
 Reference value :  4.40640e-09
 Reference value :  4.42640e-09
 Reference value :  4.44640e-09
 Reference value :  4.46140e-09
 Reference value :  4.48140e-09
 Reference value :  4.49640e-09
 Reference value :  4.52140e-09
 Reference value :  4.54140e-09
 Reference value :  4.56140e-09
 Reference value :  4.57640e-09
 Reference value :  4.59640e-09
 Reference value :  4.61640e-09
 Reference value :  4.64140e-09
 Reference value :  4.66140e-09
 Reference value :  4.68640e-09
 Reference value :  4.71640e-09
 Reference value :  4.73640e-09
 Reference value :  4.76140e-09
 Reference value :  4.78140e-09
 Reference value :  4.80140e-09
 Reference value :  4.82640e-09
 Reference value :  4.84640e-09
 Reference value :  4.86640e-09
 Reference value :  4.88640e-09
 Reference value :  4.91140e-09
 Reference value :  4.93640e-09
 Reference value :  4.95640e-09
 Reference value :  4.98140e-09
 Reference value :  5.00000e-09
 Reference value :  5.00350e-09
 Reference value :  5.02250e-09
 Reference value :  5.04750e-09
 Reference value :  5.06750e-09
 Reference value :  5.08750e-09
 Reference value :  5.10050e-09
 Reference value :  5.11250e-09
 Reference value :  5.13250e-09
 Reference value :  5.15250e-09
 Reference value :  5.17250e-09
 Reference value :  5.19250e-09
 Reference value :  5.21750e-09
 Reference value :  5.23750e-09
 Reference value :  5.26250e-09
 Reference value :  5.28250e-09
 Reference value :  5.30250e-09
 Reference value :  5.32250e-09
 Reference value :  5.33750e-09
 Reference value :  5.35750e-09
 Reference value :  5.37750e-09
 Reference value :  5.39250e-09
 Reference value :  5.41250e-09
 Reference value :  5.43750e-09
 Reference value :  5.45250e-09
 Reference value :  5.46750e-09
 Reference value :  5.48750e-09
 Reference value :  5.51250e-09
 Reference value :  5.53250e-09
 Reference value :  5.54750e-09
 Reference value :  5.55750e-09
 Reference value :  5.57750e-09
 Reference value :  5.59750e-09
 Reference value :  5.62250e-09
 Reference value :  5.64750e-09
 Reference value :  5.67250e-09
 Reference value :  5.69250e-09
 Reference value :  5.71250e-09
 Reference value :  5.73250e-09
 Reference value :  5.75750e-09
 Reference value :  5.78250e-09
 Reference value :  5.80750e-09
 Reference value :  5.82750e-09
 Reference value :  5.84250e-09
 Reference value :  5.86250e-09
 Reference value :  5.89750e-09
 Reference value :  5.93750e-09
 Reference value :  5.97750e-09
 Reference value :  5.99250e-09
 Reference value :  6.00750e-09
 Reference value :  6.02250e-09
 Reference value :  6.04250e-09
 Reference value :  6.05750e-09
 Reference value :  6.07750e-09
 Reference value :  6.09750e-09
 Reference value :  6.11750e-09
 Reference value :  6.13750e-09
 Reference value :  6.16250e-09
 Reference value :  6.18250e-09
 Reference value :  6.20250e-09
 Reference value :  6.22250e-09
 Reference value :  6.24250e-09
 Reference value :  6.26250e-09
 Reference value :  6.28750e-09
 Reference value :  6.30750e-09
 Reference value :  6.32750e-09
 Reference value :  6.34750e-09
 Reference value :  6.37250e-09
 Reference value :  6.38750e-09
 Reference value :  6.41250e-09
 Reference value :  6.43250e-09
 Reference value :  6.45250e-09
 Reference value :  6.46750e-09
 Reference value :  6.48750e-09
 Reference value :  6.50750e-09
 Reference value :  6.52750e-09
 Reference value :  6.54750e-09
 Reference value :  6.56750e-09
 Reference value :  6.58750e-09
 Reference value :  6.60750e-09
 Reference value :  6.62750e-09
 Reference value :  6.64250e-09
 Reference value :  6.67250e-09
 Reference value :  6.69750e-09
 Reference value :  6.72250e-09
 Reference value :  6.74750e-09
 Reference value :  6.76750e-09
 Reference value :  6.79250e-09
 Reference value :  6.81750e-09
 Reference value :  6.83750e-09
 Reference value :  6.85750e-09
 Reference value :  6.87750e-09
 Reference value :  6.90750e-09
 Reference value :  6.93250e-09
 Reference value :  6.95250e-09
 Reference value :  6.97250e-09
 Reference value :  6.99250e-09
 Reference value :  7.01250e-09
 Reference value :  7.03250e-09
 Reference value :  7.05250e-09
 Reference value :  7.07250e-09
 Reference value :  7.09250e-09
 Reference value :  7.11250e-09
 Reference value :  7.13250e-09
 Reference value :  7.14750e-09
 Reference value :  7.16750e-09
 Reference value :  7.18250e-09
 Reference value :  7.19750e-09
 Reference value :  7.21250e-09
 Reference value :  7.23750e-09
 Reference value :  7.25250e-09
 Reference value :  7.26750e-09
 Reference value :  7.28750e-09
 Reference value :  7.30250e-09
 Reference value :  7.32250e-09
 Reference value :  7.34750e-09
 Reference value :  7.36750e-09
 Reference value :  7.39250e-09
 Reference value :  7.41250e-09
 Reference value :  7.43250e-09
 Reference value :  7.44750e-09
 Reference value :  7.56750e-09
 Reference value :  7.58750e-09
 Reference value :  7.60250e-09
 Reference value :  7.62750e-09
 Reference value :  7.64750e-09
 Reference value :  7.67250e-09
 Reference value :  7.69250e-09
 Reference value :  7.71750e-09
 Reference value :  7.73750e-09
 Reference value :  7.75750e-09
 Reference value :  7.77750e-09
 Reference value :  7.79750e-09
 Reference value :  7.81250e-09
 Reference value :  7.82750e-09
 Reference value :  7.84750e-09
 Reference value :  7.86750e-09
 Reference value :  7.88750e-09
 Reference value :  7.90750e-09
 Reference value :  7.93250e-09
 Reference value :  7.94750e-09
 Reference value :  7.96750e-09
 Reference value :  7.99250e-09
 Reference value :  8.01250e-09
 Reference value :  8.03250e-09
 Reference value :  8.04750e-09
 Reference value :  8.07250e-09
 Reference value :  8.09250e-09
 Reference value :  8.11250e-09
 Reference value :  8.12750e-09
 Reference value :  8.14750e-09
 Reference value :  8.17250e-09
 Reference value :  8.19250e-09
 Reference value :  8.21250e-09
 Reference value :  8.23750e-09
 Reference value :  8.26750e-09
 Reference value :  8.29250e-09
 Reference value :  8.30750e-09
 Reference value :  8.32250e-09
 Reference value :  8.34250e-09
 Reference value :  8.36750e-09
 Reference value :  8.38750e-09
 Reference value :  8.40750e-09
 Reference value :  8.42750e-09
 Reference value :  8.44750e-09
 Reference value :  8.46750e-09
 Reference value :  8.48250e-09
 Reference value :  8.50750e-09
 Reference value :  8.53250e-09
 Reference value :  8.55250e-09
 Reference value :  8.57250e-09
 Reference value :  8.59250e-09
 Reference value :  8.61250e-09
 Reference value :  8.64250e-09
 Reference value :  8.66750e-09
 Reference value :  8.69250e-09
 Reference value :  8.71750e-09
 Reference value :  8.73750e-09
 Reference value :  8.75250e-09
 Reference value :  8.77250e-09
 Reference value :  8.79250e-09
 Reference value :  8.81250e-09
 Reference value :  8.83250e-09
 Reference value :  8.85250e-09
 Reference value :  8.87250e-09
 Reference value :  8.89750e-09
 Reference value :  8.92250e-09
 Reference value :  8.94250e-09
 Reference value :  8.96250e-09
 Reference value :  8.98250e-09
 Reference value :  9.00250e-09
 Reference value :  9.02750e-09
 Reference value :  9.04250e-09
 Reference value :  9.05750e-09
 Reference value :  9.07750e-09
 Reference value :  9.10250e-09
 Reference value :  9.12250e-09
 Reference value :  9.14250e-09
 Reference value :  9.16250e-09
 Reference value :  9.17750e-09
 Reference value :  9.19750e-09
 Reference value :  9.22250e-09
 Reference value :  9.24250e-09
 Reference value :  9.26250e-09
 Reference value :  9.28250e-09
 Reference value :  9.30750e-09
 Reference value :  9.32750e-09
 Reference value :  9.34750e-09
 Reference value :  9.36750e-09
 Reference value :  9.39250e-09
 Reference value :  9.41250e-09
 Reference value :  9.43250e-09
 Reference value :  9.45250e-09
 Reference value :  9.46750e-09
 Reference value :  9.48750e-09
 Reference value :  9.50750e-09
 Reference value :  9.52750e-09
 Reference value :  9.54750e-09
 Reference value :  9.56750e-09
 Reference value :  9.59250e-09
 Reference value :  9.61250e-09
 Reference value :  9.63750e-09
 Reference value :  9.66250e-09
 Reference value :  9.68750e-09
 Reference value :  9.70750e-09
 Reference value :  9.72750e-09
 Reference value :  9.74250e-09
 Reference value :  9.76250e-09
 Reference value :  9.78750e-09
 Reference value :  9.80750e-09
 Reference value :  9.82750e-09
 Reference value :  9.84750e-09
 Reference value :  9.86750e-09
 Reference value :  9.88750e-09
 Reference value :  9.90750e-09
 Reference value :  9.93250e-09
 Reference value :  9.94750e-09
 Reference value :  9.96750e-09
 Reference value :  9.98750e-09
 Reference value :  1.00075e-08
 Reference value :  1.00275e-08
 Reference value :  1.00425e-08
 Reference value :  1.00625e-08
 Reference value :  1.00825e-08
 Reference value :  1.00975e-08
 Reference value :  1.01175e-08
 Reference value :  1.01325e-08
 Reference value :  1.01525e-08
 Reference value :  1.01675e-08
 Reference value :  1.01925e-08
 Reference value :  1.02125e-08
 Reference value :  1.02375e-08
 Reference value :  1.02525e-08
 Reference value :  1.02675e-08
 Reference value :  1.02875e-08
 Reference value :  1.03075e-08
 Reference value :  1.03275e-08
 Reference value :  1.03475e-08
 Reference value :  1.03675e-08
 Reference value :  1.03825e-08
 Reference value :  1.03975e-08
 Reference value :  1.04225e-08
 Reference value :  1.04425e-08
 Reference value :  1.04625e-08
 Reference value :  1.04825e-08
 Reference value :  1.05025e-08
 Reference value :  1.05275e-08
 Reference value :  1.05425e-08
 Reference value :  1.05575e-08
 Reference value :  1.05775e-08
 Reference value :  1.05975e-08
 Reference value :  1.06175e-08
 Reference value :  1.06325e-08
 Reference value :  1.06525e-08
 Reference value :  1.06725e-08
 Reference value :  1.06925e-08
 Reference value :  1.07125e-08
 Reference value :  1.07325e-08
 Reference value :  1.07525e-08
 Reference value :  1.07825e-08
 Reference value :  1.08025e-08
 Reference value :  1.08175e-08
 Reference value :  1.08425e-08
 Reference value :  1.08675e-08
 Reference value :  1.08975e-08
 Reference value :  1.09175e-08
 Reference value :  1.09425e-08
 Reference value :  1.09625e-08
 Reference value :  1.09875e-08
 Reference value :  1.10075e-08
 Reference value :  1.10275e-08
 Reference value :  1.10525e-08
 Reference value :  1.10725e-08
 Reference value :  1.10925e-08
 Reference value :  1.11175e-08
 Reference value :  1.11375e-08
 Reference value :  1.11575e-08
 Reference value :  1.11825e-08
 Reference value :  1.12025e-08
 Reference value :  1.12225e-08
 Reference value :  1.12425e-08
 Reference value :  1.12675e-08
 Reference value :  1.12875e-08
 Reference value :  1.13075e-08
 Reference value :  1.13275e-08
 Reference value :  1.13425e-08
 Reference value :  1.13625e-08
 Reference value :  1.13825e-08
 Reference value :  1.14025e-08
 Reference value :  1.14225e-08
 Reference value :  1.14425e-08
 Reference value :  1.14575e-08
 Reference value :  1.14725e-08
 Reference value :  1.14975e-08
 Reference value :  1.15175e-08
 Reference value :  1.15375e-08
 Reference value :  1.15525e-08
 Reference value :  1.15725e-08
 Reference value :  1.15975e-08
 Reference value :  1.16225e-08
 Reference value :  1.16475e-08
 Reference value :  1.16675e-08
 Reference value :  1.16925e-08
 Reference value :  1.17125e-08
 Reference value :  1.17325e-08
 Reference value :  1.17575e-08
 Reference value :  1.17775e-08
 Reference value :  1.17975e-08
 Reference value :  1.18175e-08
 Reference value :  1.18375e-08
 Reference value :  1.18625e-08
 Reference value :  1.18825e-08
 Reference value :  1.19025e-08
 Reference value :  1.19225e-08
 Reference value :  1.19425e-08
 Reference value :  1.19675e-08
 Reference value :  1.19875e-08
 Reference value :  1.20075e-08
 Reference value :  1.20275e-08
 Reference value :  1.20425e-08
 Reference value :  1.20625e-08
 Reference value :  1.20825e-08
 Reference value :  1.20975e-08
 Reference value :  1.21175e-08
 Reference value :  1.21375e-08
 Reference value :  1.21625e-08
 Reference value :  1.21775e-08
 Reference value :  1.21975e-08
 Reference value :  1.22175e-08
 Reference value :  1.22325e-08
 Reference value :  1.22475e-08
 Reference value :  1.22675e-08
 Reference value :  1.22925e-08
 Reference value :  1.23125e-08
 Reference value :  1.23325e-08
 Reference value :  1.23525e-08
 Reference value :  1.23725e-08
 Reference value :  1.23975e-08
 Reference value :  1.24175e-08
 Reference value :  1.24375e-08
 Reference value :  1.24575e-08
 Reference value :  1.24775e-08
 Reference value :  1.24925e-08
 Reference value :  1.25075e-08
 Reference value :  1.25225e-08
 Reference value :  1.25425e-08
 Reference value :  1.25625e-08
 Reference value :  1.25875e-08
 Reference value :  1.26175e-08
 Reference value :  1.26375e-08
 Reference value :  1.26625e-08
 Reference value :  1.26825e-08
 Reference value :  1.27075e-08
 Reference value :  1.27325e-08
 Reference value :  1.27525e-08
 Reference value :  1.27675e-08
 Reference value :  1.27875e-08
 Reference value :  1.28075e-08
 Reference value :  1.28275e-08
 Reference value :  1.28475e-08
 Reference value :  1.28625e-08
 Reference value :  1.28825e-08
 Reference value :  1.29025e-08
 Reference value :  1.29225e-08
 Reference value :  1.29425e-08
 Reference value :  1.29625e-08
 Reference value :  1.29825e-08
 Reference value :  1.30025e-08
 Reference value :  1.30175e-08
 Reference value :  1.30325e-08
 Reference value :  1.30475e-08
 Reference value :  1.30625e-08
 Reference value :  1.30775e-08
 Reference value :  1.31025e-08
 Reference value :  1.31225e-08
 Reference value :  1.31425e-08
 Reference value :  1.31625e-08
 Reference value :  1.31775e-08
 Reference value :  1.32125e-08
 Reference value :  1.32275e-08
 Reference value :  1.32425e-08
 Reference value :  1.32625e-08
 Reference value :  1.32825e-08
 Reference value :  1.33025e-08
 Reference value :  1.33275e-08
 Reference value :  1.33475e-08
 Reference value :  1.33675e-08
 Reference value :  1.33875e-08
 Reference value :  1.34175e-08
 Reference value :  1.34375e-08
 Reference value :  1.34575e-08
 Reference value :  1.34825e-08
 Reference value :  1.35175e-08
 Reference value :  1.35425e-08
 Reference value :  1.35625e-08
 Reference value :  1.35825e-08
 Reference value :  1.36025e-08
 Reference value :  1.36175e-08
 Reference value :  1.36325e-08
 Reference value :  1.36575e-08
 Reference value :  1.36775e-08
 Reference value :  1.37025e-08
 Reference value :  1.37275e-08
 Reference value :  1.37525e-08
 Reference value :  1.37775e-08
 Reference value :  1.38025e-08
 Reference value :  1.38225e-08
 Reference value :  1.38375e-08
 Reference value :  1.38575e-08
 Reference value :  1.38775e-08
 Reference value :  1.38975e-08
 Reference value :  1.39125e-08
 Reference value :  1.39325e-08
 Reference value :  1.39525e-08
 Reference value :  1.39675e-08
 Reference value :  1.39975e-08
 Reference value :  1.40175e-08
 Reference value :  1.40375e-08
 Reference value :  1.40575e-08
 Reference value :  1.40775e-08
 Reference value :  1.40975e-08
 Reference value :  1.41175e-08
 Reference value :  1.41325e-08
 Reference value :  1.41575e-08
 Reference value :  1.41775e-08
 Reference value :  1.41975e-08
 Reference value :  1.42225e-08
 Reference value :  1.42425e-08
 Reference value :  1.42675e-08
 Reference value :  1.42875e-08
 Reference value :  1.43075e-08
 Reference value :  1.43325e-08
 Reference value :  1.43525e-08
 Reference value :  1.43825e-08
 Reference value :  1.44025e-08
 Reference value :  1.44225e-08
 Reference value :  1.44425e-08
 Reference value :  1.44625e-08
 Reference value :  1.44825e-08
 Reference value :  1.45025e-08
 Reference value :  1.45225e-08
 Reference value :  1.45425e-08
 Reference value :  1.45625e-08
 Reference value :  1.45875e-08
 Reference value :  1.46125e-08
 Reference value :  1.46325e-08
 Reference value :  1.46475e-08
 Reference value :  1.46675e-08
 Reference value :  1.46875e-08
 Reference value :  1.47075e-08
 Reference value :  1.47225e-08
 Reference value :  1.47375e-08
 Reference value :  1.47575e-08
 Reference value :  1.47775e-08
 Reference value :  1.47975e-08
 Reference value :  1.48175e-08
 Reference value :  1.48375e-08
 Reference value :  1.48625e-08
 Reference value :  1.48825e-08
 Reference value :  1.49025e-08
 Reference value :  1.49225e-08
 Reference value :  1.49425e-08
 Reference value :  1.49625e-08
 Reference value :  1.49825e-08
 Reference value :  1.50025e-08
 Reference value :  1.50225e-08
 Reference value :  1.50375e-08
 Reference value :  1.50575e-08
 Reference value :  1.50775e-08
 Reference value :  1.50975e-08
 Reference value :  1.51125e-08
 Reference value :  1.51425e-08
 Reference value :  1.51675e-08
 Reference value :  1.51875e-08
 Reference value :  1.52075e-08
 Reference value :  1.52225e-08
 Reference value :  1.52425e-08
 Reference value :  1.52625e-08
 Reference value :  1.52875e-08
 Reference value :  1.53075e-08
 Reference value :  1.53275e-08
 Reference value :  1.53475e-08
 Reference value :  1.53675e-08
 Reference value :  1.53875e-08
 Reference value :  1.54075e-08
 Reference value :  1.54275e-08
 Reference value :  1.54475e-08
 Reference value :  1.54675e-08
 Reference value :  1.54925e-08
 Reference value :  1.55225e-08
 Reference value :  1.55475e-08
 Reference value :  1.55675e-08
 Reference value :  1.55975e-08
 Reference value :  1.56225e-08
 Reference value :  1.56425e-08
 Reference value :  1.56625e-08
 Reference value :  1.56825e-08
 Reference value :  1.56975e-08
 Reference value :  1.57175e-08
 Reference value :  1.57375e-08
 Reference value :  1.57525e-08
 Reference value :  1.57725e-08
 Reference value :  1.57975e-08
 Reference value :  1.58175e-08
 Reference value :  1.58375e-08
 Reference value :  1.58575e-08
 Reference value :  1.58725e-08
 Reference value :  1.58925e-08
 Reference value :  1.59125e-08
 Reference value :  1.59375e-08
 Reference value :  1.59625e-08
 Reference value :  1.59875e-08
 Reference value :  1.60025e-08
 Reference value :  1.60275e-08
 Reference value :  1.60525e-08
 Reference value :  1.60675e-08
 Reference value :  1.60875e-08
 Reference value :  1.61075e-08
 Reference value :  1.61275e-08
 Reference value :  1.61475e-08
 Reference value :  1.61675e-08
 Reference value :  1.61875e-08
 Reference value :  1.62075e-08
 Reference value :  1.62325e-08
 Reference value :  1.62525e-08
 Reference value :  1.62725e-08
 Reference value :  1.62925e-08
 Reference value :  1.63125e-08
 Reference value :  1.63275e-08
 Reference value :  1.63475e-08
 Reference value :  1.63675e-08
 Reference value :  1.63925e-08
 Reference value :  1.64125e-08
 Reference value :  1.64375e-08
 Reference value :  1.64575e-08
 Reference value :  1.64775e-08
 Reference value :  1.65025e-08
 Reference value :  1.65175e-08
 Reference value :  1.65375e-08
 Reference value :  1.65575e-08
 Reference value :  1.65875e-08
 Reference value :  1.66125e-08
 Reference value :  1.66325e-08
 Reference value :  1.66525e-08
 Reference value :  1.66725e-08
 Reference value :  1.66875e-08
 Reference value :  1.67075e-08
 Reference value :  1.67275e-08
 Reference value :  1.67525e-08
 Reference value :  1.67725e-08
 Reference value :  1.67925e-08
 Reference value :  1.68175e-08
 Reference value :  1.68525e-08
 Reference value :  1.68725e-08
 Reference value :  1.68925e-08
 Reference value :  1.69125e-08
 Reference value :  1.69325e-08
 Reference value :  1.69525e-08
 Reference value :  1.69725e-08
 Reference value :  1.69925e-08
 Reference value :  1.70075e-08
 Reference value :  1.70275e-08
 Reference value :  1.70525e-08
 Reference value :  1.70725e-08
 Reference value :  1.70875e-08
 Reference value :  1.71125e-08
 Reference value :  1.71375e-08
 Reference value :  1.71575e-08
 Reference value :  1.71775e-08
 Reference value :  1.71925e-08
 Reference value :  1.72125e-08
 Reference value :  1.72325e-08
 Reference value :  1.72525e-08
 Reference value :  1.72725e-08
 Reference value :  1.72925e-08
 Reference value :  1.73175e-08
 Reference value :  1.73375e-08
 Reference value :  1.73575e-08
 Reference value :  1.73725e-08
 Reference value :  1.73925e-08
 Reference value :  1.74125e-08
 Reference value :  1.74325e-08
 Reference value :  1.74525e-08
 Reference value :  1.74775e-08
 Reference value :  1.74975e-08
 Reference value :  1.75175e-08
 Reference value :  1.75425e-08
 Reference value :  1.75625e-08
 Reference value :  1.75825e-08
 Reference value :  1.76025e-08
 Reference value :  1.76275e-08
 Reference value :  1.76525e-08
 Reference value :  1.76675e-08
 Reference value :  1.76825e-08
 Reference value :  1.77025e-08
 Reference value :  1.77225e-08
 Reference value :  1.77425e-08
 Reference value :  1.77675e-08
 Reference value :  1.77925e-08
 Reference value :  1.78175e-08
 Reference value :  1.78375e-08
 Reference value :  1.78575e-08
 Reference value :  1.78775e-08
 Reference value :  1.79025e-08
 Reference value :  1.79275e-08
 Reference value :  1.79425e-08
 Reference value :  1.79625e-08
 Reference value :  1.79775e-08
 Reference value :  1.79925e-08
 Reference value :  1.80125e-08
 Reference value :  1.80275e-08
 Reference value :  1.80475e-08
 Reference value :  1.80675e-08
 Reference value :  1.80875e-08
 Reference value :  1.81075e-08
 Reference value :  1.81275e-08
 Reference value :  1.81475e-08
 Reference value :  1.81675e-08
 Reference value :  1.81875e-08
 Reference value :  1.82075e-08
 Reference value :  1.82275e-08
 Reference value :  1.82475e-08
 Reference value :  1.82675e-08
 Reference value :  1.82925e-08
 Reference value :  1.83125e-08
 Reference value :  1.83325e-08
 Reference value :  1.83525e-08
 Reference value :  1.83725e-08
 Reference value :  1.83925e-08
 Reference value :  1.84125e-08
 Reference value :  1.84325e-08
 Reference value :  1.84525e-08
 Reference value :  1.84725e-08
 Reference value :  1.84925e-08
 Reference value :  1.85125e-08
 Reference value :  1.85325e-08
 Reference value :  1.85575e-08
 Reference value :  1.85775e-08
 Reference value :  1.85975e-08
 Reference value :  1.86275e-08
 Reference value :  1.86475e-08
 Reference value :  1.86725e-08
 Reference value :  1.86925e-08
 Reference value :  1.87125e-08
 Reference value :  1.87325e-08
 Reference value :  1.87525e-08
 Reference value :  1.87725e-08
 Reference value :  1.87875e-08
 Reference value :  1.88075e-08
 Reference value :  1.88325e-08
 Reference value :  1.88525e-08
 Reference value :  1.88775e-08
 Reference value :  1.88975e-08
 Reference value :  1.89225e-08
 Reference value :  1.89375e-08
 Reference value :  1.89525e-08
 Reference value :  1.89725e-08
 Reference value :  1.89925e-08
 Reference value :  1.90125e-08
 Reference value :  1.90325e-08
 Reference value :  1.90475e-08
 Reference value :  1.90675e-08
 Reference value :  1.90875e-08
 Reference value :  1.91075e-08
 Reference value :  1.91225e-08
 Reference value :  1.91375e-08
 Reference value :  1.91625e-08
 Reference value :  1.91875e-08
 Reference value :  1.92125e-08
 Reference value :  1.92325e-08
 Reference value :  1.92575e-08
 Reference value :  1.92775e-08
 Reference value :  1.93075e-08
 Reference value :  1.93325e-08
 Reference value :  1.93525e-08
 Reference value :  1.93725e-08
 Reference value :  1.93925e-08
 Reference value :  1.94125e-08
 Reference value :  1.94325e-08
 Reference value :  1.94475e-08
 Reference value :  1.94675e-08
 Reference value :  1.94875e-08
 Reference value :  1.95175e-08
 Reference value :  1.95325e-08
 Reference value :  1.95525e-08
 Reference value :  1.95725e-08
 Reference value :  1.95875e-08
 Reference value :  1.96075e-08
 Reference value :  1.96275e-08
 Reference value :  1.96475e-08
 Reference value :  1.96625e-08
 Reference value :  1.96825e-08
 Reference value :  1.97125e-08
 Reference value :  1.97375e-08
 Reference value :  1.97625e-08
 Reference value :  1.97875e-08
 Reference value :  1.98175e-08
 Reference value :  1.98425e-08
 Reference value :  1.98625e-08
 Reference value :  1.98825e-08
 Reference value :  1.99075e-08
 Reference value :  1.99325e-08
 Reference value :  1.99575e-08
 Reference value :  1.99825e-08
 Reference value :  2.00125e-08
 Reference value :  2.00325e-08
 Reference value :  2.00475e-08
 Reference value :  2.00675e-08
 Reference value :  2.00925e-08
 Reference value :  2.01175e-08
 Reference value :  2.01375e-08
 Reference value :  2.01575e-08
 Reference value :  2.01825e-08
 Reference value :  2.02025e-08
 Reference value :  2.02225e-08
 Reference value :  2.02425e-08
 Reference value :  2.02625e-08
 Reference value :  2.02825e-08
 Reference value :  2.03025e-08
 Reference value :  2.03225e-08
 Reference value :  2.03425e-08
 Reference value :  2.03625e-08
 Reference value :  2.03825e-08
 Reference value :  2.04025e-08
 Reference value :  2.04275e-08
 Reference value :  2.04625e-08
 Reference value :  2.04875e-08
 Reference value :  2.05025e-08
 Reference value :  2.05225e-08
 Reference value :  2.05525e-08
 Reference value :  2.05775e-08
 Reference value :  2.05975e-08
 Reference value :  2.06225e-08
 Reference value :  2.06425e-08
 Reference value :  2.06675e-08
 Reference value :  2.06875e-08
 Reference value :  2.07075e-08
 Reference value :  2.07275e-08
 Reference value :  2.07525e-08
 Reference value :  2.07725e-08
 Reference value :  2.07975e-08
 Reference value :  2.08225e-08
 Reference value :  2.08475e-08
 Reference value :  2.08725e-08
 Reference value :  2.08925e-08
 Reference value :  2.09175e-08
 Reference value :  2.09375e-08
 Reference value :  2.09725e-08
 Reference value :  2.09925e-08
 Reference value :  2.10125e-08
 Reference value :  2.10325e-08
 Reference value :  2.10525e-08
 Reference value :  2.10725e-08
 Reference value :  2.11025e-08
 Reference value :  2.11325e-08
 Reference value :  2.11525e-08
 Reference value :  2.11725e-08
 Reference value :  2.11925e-08
 Reference value :  2.12175e-08
 Reference value :  2.12375e-08
 Reference value :  2.12575e-08
 Reference value :  2.12775e-08
 Reference value :  2.12975e-08
 Reference value :  2.13175e-08
 Reference value :  2.13425e-08
 Reference value :  2.13675e-08
 Reference value :  2.13825e-08
 Reference value :  2.14075e-08
 Reference value :  2.14275e-08
 Reference value :  2.14525e-08
 Reference value :  2.14725e-08
 Reference value :  2.14975e-08
 Reference value :  2.15175e-08
 Reference value :  2.15425e-08
 Reference value :  2.15675e-08
 Reference value :  2.15925e-08
 Reference value :  2.16125e-08
 Reference value :  2.16375e-08
 Reference value :  2.16625e-08
 Reference value :  2.16825e-08
 Reference value :  2.17025e-08
 Reference value :  2.17275e-08
 Reference value :  2.17475e-08
 Reference value :  2.17675e-08
 Reference value :  2.17875e-08
 Reference value :  2.18075e-08
 Reference value :  2.18275e-08
 Reference value :  2.18475e-08
 Reference value :  2.18625e-08
 Reference value :  2.18825e-08
 Reference value :  2.19075e-08
 Reference value :  2.19225e-08
 Reference value :  2.19425e-08
 Reference value :  2.19675e-08
 Reference value :  2.19875e-08
 Reference value :  2.21025e-08
 Reference value :  2.21225e-08
 Reference value :  2.21425e-08
 Reference value :  2.21675e-08
 Reference value :  2.21875e-08
 Reference value :  2.22125e-08
 Reference value :  2.22375e-08
 Reference value :  2.22625e-08
 Reference value :  2.22925e-08
 Reference value :  2.23175e-08
 Reference value :  2.23375e-08
 Reference value :  2.23625e-08
 Reference value :  2.23875e-08
 Reference value :  2.24125e-08
 Reference value :  2.24325e-08
 Reference value :  2.24575e-08
 Reference value :  2.24775e-08
 Reference value :  2.24975e-08
 Reference value :  2.25175e-08
 Reference value :  2.25425e-08
 Reference value :  2.25675e-08
 Reference value :  2.25825e-08
 Reference value :  2.26025e-08
 Reference value :  2.26225e-08
 Reference value :  2.26425e-08
 Reference value :  2.26575e-08
 Reference value :  2.26775e-08
 Reference value :  2.26975e-08
 Reference value :  2.27225e-08
 Reference value :  2.27475e-08
 Reference value :  2.27675e-08
 Reference value :  2.27875e-08
 Reference value :  2.28075e-08
 Reference value :  2.28325e-08
 Reference value :  2.28575e-08
 Reference value :  2.28775e-08
 Reference value :  2.28975e-08
 Reference value :  2.29125e-08
 Reference value :  2.29325e-08
 Reference value :  2.29525e-08
 Reference value :  2.29725e-08
 Reference value :  2.29975e-08
 Reference value :  2.30175e-08
 Reference value :  2.30375e-08
 Reference value :  2.30575e-08
 Reference value :  2.30775e-08
 Reference value :  2.30925e-08
 Reference value :  2.31175e-08
 Reference value :  2.31375e-08
 Reference value :  2.31625e-08
 Reference value :  2.31775e-08
 Reference value :  2.31975e-08
 Reference value :  2.32175e-08
 Reference value :  2.32375e-08
 Reference value :  2.32575e-08
 Reference value :  2.32725e-08
 Reference value :  2.32875e-08
 Reference value :  2.33025e-08
 Reference value :  2.33225e-08
 Reference value :  2.33475e-08
 Reference value :  2.33725e-08
 Reference value :  2.33925e-08
 Reference value :  2.34175e-08
 Reference value :  2.34375e-08
 Reference value :  2.34575e-08
 Reference value :  2.34775e-08
 Reference value :  2.34975e-08
 Reference value :  2.35175e-08
 Reference value :  2.35375e-08
 Reference value :  2.35625e-08
 Reference value :  2.35925e-08
 Reference value :  2.36175e-08
 Reference value :  2.36425e-08
 Reference value :  2.36725e-08
 Reference value :  2.36925e-08
 Reference value :  2.37125e-08
 Reference value :  2.37325e-08
 Reference value :  2.37525e-08
 Reference value :  2.37725e-08
 Reference value :  2.37925e-08
 Reference value :  2.38125e-08
 Reference value :  2.38325e-08
 Reference value :  2.38525e-08
 Reference value :  2.38775e-08
 Reference value :  2.38975e-08
 Reference value :  2.39275e-08
 Reference value :  2.39525e-08
 Reference value :  2.39775e-08
 Reference value :  2.39975e-08
 Reference value :  2.40225e-08
 Reference value :  2.40425e-08
 Reference value :  2.40625e-08
 Reference value :  2.40825e-08
 Reference value :  2.40975e-08
 Reference value :  2.41125e-08
 Reference value :  2.41275e-08
 Reference value :  2.41475e-08
 Reference value :  2.41675e-08
 Reference value :  2.41925e-08
 Reference value :  2.42125e-08
 Reference value :  2.42325e-08
 Reference value :  2.42525e-08
 Reference value :  2.42775e-08
 Reference value :  2.43025e-08
 Reference value :  2.43175e-08
 Reference value :  2.43375e-08
 Reference value :  2.43575e-08
 Reference value :  2.43775e-08
 Reference value :  2.43975e-08
 Reference value :  2.44175e-08
 Reference value :  2.44325e-08
 Reference value :  2.44525e-08
 Reference value :  2.44725e-08
 Reference value :  2.44925e-08
 Reference value :  2.45125e-08
 Reference value :  2.45275e-08
 Reference value :  2.45475e-08
 Reference value :  2.45675e-08
 Reference value :  2.45925e-08
 Reference value :  2.46075e-08
 Reference value :  2.46325e-08
 Reference value :  2.46525e-08
 Reference value :  2.46775e-08
 Reference value :  2.46975e-08
 Reference value :  2.47175e-08
 Reference value :  2.47325e-08
 Reference value :  2.47475e-08
 Reference value :  2.47675e-08
 Reference value :  2.47875e-08
 Reference value :  2.48125e-08
 Reference value :  2.48325e-08
 Reference value :  2.48525e-08
 Reference value :  2.48725e-08
 Reference value :  2.48925e-08
 Reference value :  2.49175e-08
 Reference value :  2.49375e-08
 Reference value :  2.49575e-08
 Reference value :  2.49775e-08
 Reference value :  2.49975e-08
 Reference value :  2.50225e-08
 Reference value :  2.50425e-08
 Reference value :  2.50625e-08
 Reference value :  2.50825e-08
 Reference value :  2.51025e-08
 Reference value :  2.51275e-08
 Reference value :  2.51575e-08
 Reference value :  2.51925e-08
 Reference value :  2.52125e-08
 Reference value :  2.52325e-08
 Reference value :  2.52525e-08
 Reference value :  2.52775e-08
 Reference value :  2.52975e-08
 Reference value :  2.53175e-08
 Reference value :  2.53375e-08
 Reference value :  2.53575e-08
 Reference value :  2.53775e-08
 Reference value :  2.53975e-08
 Reference value :  2.54175e-08
 Reference value :  2.54425e-08
 Reference value :  2.54675e-08
 Reference value :  2.54875e-08
 Reference value :  2.55125e-08
 Reference value :  2.55325e-08
 Reference value :  2.55525e-08
 Reference value :  2.55725e-08
 Reference value :  2.55875e-08
 Reference value :  2.56125e-08
 Reference value :  2.56325e-08
 Reference value :  2.56475e-08
 Reference value :  2.56675e-08
 Reference value :  2.56875e-08
 Reference value :  2.57125e-08
 Reference value :  2.57325e-08
 Reference value :  2.57525e-08
 Reference value :  2.57725e-08
 Reference value :  2.57925e-08
 Reference value :  2.58075e-08
 Reference value :  2.58325e-08
 Reference value :  2.58575e-08
 Reference value :  2.58775e-08
 Reference value :  2.58975e-08
 Reference value :  2.59175e-08
 Reference value :  2.59325e-08
 Reference value :  2.59525e-08
 Reference value :  2.59725e-08
 Reference value :  2.59925e-08
 Reference value :  2.60125e-08
 Reference value :  2.60375e-08
 Reference value :  2.60575e-08
 Reference value :  2.60775e-08
 Reference value :  2.60975e-08
 Reference value :  2.61175e-08
 Reference value :  2.61425e-08
 Reference value :  2.61725e-08
 Reference value :  2.61925e-08
 Reference value :  2.62175e-08
 Reference value :  2.62375e-08
 Reference value :  2.62625e-08
 Reference value :  2.62825e-08
 Reference value :  2.63075e-08
 Reference value :  2.63325e-08
 Reference value :  2.63525e-08
 Reference value :  2.63725e-08
 Reference value :  2.63925e-08
 Reference value :  2.64125e-08
 Reference value :  2.64275e-08
 Reference value :  2.64475e-08
 Reference value :  2.64625e-08
 Reference value :  2.64775e-08
 Reference value :  2.65025e-08
 Reference value :  2.65275e-08
 Reference value :  2.65475e-08
 Reference value :  2.65725e-08
 Reference value :  2.65925e-08
 Reference value :  2.66125e-08
 Reference value :  2.66375e-08
 Reference value :  2.66575e-08
 Reference value :  2.66775e-08
 Reference value :  2.67025e-08
 Reference value :  2.67225e-08
 Reference value :  2.67425e-08
 Reference value :  2.67625e-08
 Reference value :  2.67875e-08
 Reference value :  2.68075e-08
 Reference value :  2.68275e-08
 Reference value :  2.68475e-08
 Reference value :  2.68675e-08
 Reference value :  2.68825e-08
 Reference value :  2.69075e-08
 Reference value :  2.69225e-08
 Reference value :  2.69425e-08
 Reference value :  2.69675e-08
 Reference value :  2.69925e-08
 Reference value :  2.70125e-08
 Reference value :  2.70375e-08
 Reference value :  2.70575e-08
 Reference value :  2.70775e-08
 Reference value :  2.71025e-08
 Reference value :  2.71275e-08
 Reference value :  2.71525e-08
 Reference value :  2.71875e-08
 Reference value :  2.72125e-08
 Reference value :  2.72375e-08
 Reference value :  2.72675e-08
 Reference value :  2.72875e-08
 Reference value :  2.73075e-08
 Reference value :  2.73275e-08
 Reference value :  2.73525e-08
 Reference value :  2.73725e-08
 Reference value :  2.73925e-08
 Reference value :  2.74125e-08
 Reference value :  2.74275e-08
 Reference value :  2.74475e-08
 Reference value :  2.74675e-08
 Reference value :  2.74925e-08
 Reference value :  2.75175e-08
 Reference value :  2.75325e-08
 Reference value :  2.75525e-08
 Reference value :  2.75725e-08
 Reference value :  2.75975e-08
 Reference value :  2.76225e-08
 Reference value :  2.76425e-08
 Reference value :  2.76675e-08
 Reference value :  2.76875e-08
 Reference value :  2.77075e-08
 Reference value :  2.77275e-08
 Reference value :  2.77475e-08
 Reference value :  2.77675e-08
 Reference value :  2.77825e-08
 Reference value :  2.78025e-08
 Reference value :  2.78275e-08
 Reference value :  2.78475e-08
 Reference value :  2.78675e-08
 Reference value :  2.78825e-08
 Reference value :  2.79025e-08
 Reference value :  2.79225e-08
 Reference value :  2.79425e-08
 Reference value :  2.79675e-08
 Reference value :  2.79925e-08
 Reference value :  2.80125e-08
 Reference value :  2.80375e-08
 Reference value :  2.80625e-08
 Reference value :  2.80875e-08
 Reference value :  2.81225e-08
 Reference value :  2.81375e-08
 Reference value :  2.81575e-08
 Reference value :  2.81825e-08
 Reference value :  2.82075e-08
 Reference value :  2.82375e-08
 Reference value :  2.82575e-08
 Reference value :  2.82775e-08
 Reference value :  2.82975e-08
 Reference value :  2.83375e-08
 Reference value :  2.83575e-08
 Reference value :  2.83775e-08
 Reference value :  2.83975e-08
 Reference value :  2.84175e-08
 Reference value :  2.84375e-08
 Reference value :  2.84575e-08
 Reference value :  2.84775e-08
 Reference value :  2.84975e-08
 Reference value :  2.85175e-08
 Reference value :  2.85375e-08
 Reference value :  2.85575e-08
 Reference value :  2.85775e-08
 Reference value :  2.85975e-08
 Reference value :  2.86175e-08
 Reference value :  2.86375e-08
 Reference value :  2.86575e-08
 Reference value :  2.86825e-08
 Reference value :  2.86975e-08
 Reference value :  2.87225e-08
 Reference value :  2.87475e-08
 Reference value :  2.87675e-08
 Reference value :  2.87825e-08
 Reference value :  2.88125e-08
 Reference value :  2.88325e-08
 Reference value :  2.88525e-08
 Reference value :  2.88775e-08
 Reference value :  2.89025e-08
 Reference value :  2.89225e-08
 Reference value :  2.89425e-08
 Reference value :  2.89625e-08
 Reference value :  2.89875e-08
 Reference value :  2.90125e-08
 Reference value :  2.90325e-08
 Reference value :  2.90475e-08
 Reference value :  2.90625e-08
 Reference value :  2.90775e-08
 Reference value :  2.91025e-08
 Reference value :  2.91225e-08
 Reference value :  2.91475e-08
 Reference value :  2.91675e-08
 Reference value :  2.91925e-08
 Reference value :  2.92125e-08
 Reference value :  2.92325e-08
 Reference value :  2.92575e-08
 Reference value :  2.92775e-08
 Reference value :  2.92975e-08
 Reference value :  2.93175e-08
 Reference value :  2.93425e-08
 Reference value :  2.93625e-08
 Reference value :  2.93775e-08
 Reference value :  2.94025e-08
 Reference value :  2.94225e-08
 Reference value :  2.94425e-08
 Reference value :  2.94675e-08
 Reference value :  2.94825e-08
 Reference value :  2.95025e-08
 Reference value :  2.95325e-08
 Reference value :  2.95525e-08
 Reference value :  2.95725e-08
 Reference value :  2.95925e-08
 Reference value :  2.96175e-08
 Reference value :  2.96375e-08
 Reference value :  2.96525e-08
 Reference value :  2.96725e-08
 Reference value :  2.96925e-08
 Reference value :  2.97075e-08
 Reference value :  2.97275e-08
 Reference value :  2.97525e-08
 Reference value :  2.97675e-08
 Reference value :  2.97825e-08
 Reference value :  2.98025e-08
 Reference value :  2.98275e-08
 Reference value :  2.98475e-08
 Reference value :  2.98675e-08
 Reference value :  2.98875e-08
 Reference value :  2.99075e-08
 Reference value :  2.99275e-08
 Reference value :  2.99475e-08
 Reference value :  2.99625e-08
 Reference value :  2.99775e-08
 Reference value :  2.99975e-08
 Reference value :  3.00225e-08
 Reference value :  3.00425e-08
 Reference value :  3.00625e-08
 Reference value :  3.00875e-08
 Reference value :  3.01125e-08
 Reference value :  3.01325e-08
 Reference value :  3.01525e-08
 Reference value :  3.01725e-08
 Reference value :  3.01975e-08
 Reference value :  3.02225e-08
 Reference value :  3.02475e-08
 Reference value :  3.02625e-08
 Reference value :  3.02875e-08
 Reference value :  3.03075e-08
 Reference value :  3.03275e-08
 Reference value :  3.03525e-08
 Reference value :  3.03725e-08
 Reference value :  3.04025e-08
 Reference value :  3.04275e-08
 Reference value :  3.04475e-08
 Reference value :  3.04825e-08
 Reference value :  3.05125e-08
 Reference value :  3.05375e-08
 Reference value :  3.05625e-08
 Reference value :  3.05875e-08
 Reference value :  3.06075e-08
 Reference value :  3.06275e-08
 Reference value :  3.06475e-08
 Reference value :  3.06675e-08
 Reference value :  3.06875e-08
 Reference value :  3.07075e-08
 Reference value :  3.07225e-08
 Reference value :  3.07425e-08
 Reference value :  3.07625e-08
 Reference value :  3.07825e-08
 Reference value :  3.07975e-08
 Reference value :  3.08175e-08
 Reference value :  3.08375e-08
 Reference value :  3.08575e-08
 Reference value :  3.08725e-08
 Reference value :  3.08925e-08
 Reference value :  3.09125e-08
 Reference value :  3.09325e-08
 Reference value :  3.09575e-08
 Reference value :  3.09825e-08
 Reference value :  3.09975e-08
 Reference value :  3.10175e-08
 Reference value :  3.10375e-08
 Reference value :  3.10575e-08
 Reference value :  3.10825e-08
 Reference value :  3.11025e-08
 Reference value :  3.11275e-08
 Reference value :  3.11475e-08
 Reference value :  3.11625e-08
 Reference value :  3.11875e-08
 Reference value :  3.12075e-08
 Reference value :  3.12275e-08
 Reference value :  3.12525e-08
 Reference value :  3.12775e-08
 Reference value :  3.13075e-08
 Reference value :  3.13325e-08
 Reference value :  3.13525e-08
 Reference value :  3.13725e-08
 Reference value :  3.13975e-08
 Reference value :  3.14225e-08
 Reference value :  3.14425e-08
 Reference value :  3.14625e-08
 Reference value :  3.14875e-08
 Reference value :  3.15075e-08
 Reference value :  3.15275e-08
 Reference value :  3.15475e-08
 Reference value :  3.15675e-08
 Reference value :  3.15975e-08
 Reference value :  3.16225e-08
 Reference value :  3.16475e-08
 Reference value :  3.16675e-08
 Reference value :  3.16875e-08
 Reference value :  3.17025e-08
 Reference value :  3.17275e-08
 Reference value :  3.17425e-08
 Reference value :  3.17625e-08
 Reference value :  3.17825e-08
 Reference value :  3.18025e-08
 Reference value :  3.18225e-08
 Reference value :  3.18475e-08
 Reference value :  3.18675e-08
 Reference value :  3.18875e-08
 Reference value :  3.19125e-08
 Reference value :  3.19275e-08
 Reference value :  3.19575e-08
 Reference value :  3.19775e-08
 Reference value :  3.20025e-08
 Reference value :  3.20275e-08
 Reference value :  3.20475e-08
 Reference value :  3.20775e-08
 Reference value :  3.20925e-08
 Reference value :  3.21125e-08
 Reference value :  3.21325e-08
 Reference value :  3.21475e-08
 Reference value :  3.21675e-08
 Reference value :  3.22025e-08
 Reference value :  3.22275e-08
 Reference value :  3.22475e-08
 Reference value :  3.22675e-08
 Reference value :  3.22925e-08
 Reference value :  3.23175e-08
 Reference value :  3.23425e-08
 Reference value :  3.23625e-08
 Reference value :  3.23825e-08
 Reference value :  3.24025e-08
 Reference value :  3.24225e-08
 Reference value :  3.24425e-08
 Reference value :  3.24675e-08
 Reference value :  3.24875e-08
 Reference value :  3.25025e-08
 Reference value :  3.25225e-08
 Reference value :  3.25425e-08
 Reference value :  3.25625e-08
 Reference value :  3.25825e-08
 Reference value :  3.26025e-08
 Reference value :  3.26275e-08
 Reference value :  3.26475e-08
 Reference value :  3.26725e-08
 Reference value :  3.26925e-08
 Reference value :  3.27125e-08
 Reference value :  3.27325e-08
 Reference value :  3.27575e-08
 Reference value :  3.27775e-08
 Reference value :  3.27925e-08
 Reference value :  3.28125e-08
 Reference value :  3.28325e-08
 Reference value :  3.28525e-08
 Reference value :  3.28725e-08
 Reference value :  3.28975e-08
 Reference value :  3.29175e-08
 Reference value :  3.29425e-08
 Reference value :  3.29625e-08
 Reference value :  3.29825e-08
 Reference value :  3.30075e-08
 Reference value :  3.30325e-08
 Reference value :  3.30525e-08
 Reference value :  3.30725e-08
 Reference value :  3.30925e-08
 Reference value :  3.31125e-08
 Reference value :  3.31325e-08
 Reference value :  3.31575e-08
 Reference value :  3.31775e-08
 Reference value :  3.31925e-08
 Reference value :  3.32125e-08
 Reference value :  3.32325e-08
 Reference value :  3.32525e-08
 Reference value :  3.32675e-08
 Reference value :  3.32875e-08
 Reference value :  3.33125e-08
 Reference value :  3.33375e-08
 Reference value :  3.33575e-08
 Reference value :  3.33775e-08
 Reference value :  3.33975e-08
 Reference value :  3.34175e-08
 Reference value :  3.34375e-08
 Reference value :  3.34575e-08
 Reference value :  3.34775e-08
 Reference value :  3.34975e-08
 Reference value :  3.35175e-08
 Reference value :  3.35375e-08
 Reference value :  3.35575e-08
 Reference value :  3.35775e-08
 Reference value :  3.35975e-08
 Reference value :  3.36175e-08
 Reference value :  3.36325e-08
 Reference value :  3.36575e-08
 Reference value :  3.36775e-08
 Reference value :  3.36975e-08
 Reference value :  3.37175e-08
 Reference value :  3.37375e-08
 Reference value :  3.37575e-08
 Reference value :  3.37775e-08
 Reference value :  3.37975e-08
 Reference value :  3.38175e-08
 Reference value :  3.38375e-08
 Reference value :  3.38575e-08
 Reference value :  3.38775e-08
 Reference value :  3.38975e-08
 Reference value :  3.39175e-08
 Reference value :  3.39375e-08
 Reference value :  3.39575e-08
 Reference value :  3.39775e-08
 Reference value :  3.39975e-08
 Reference value :  3.40175e-08
 Reference value :  3.40375e-08
 Reference value :  3.40575e-08
 Reference value :  3.40775e-08
 Reference value :  3.40975e-08
 Reference value :  3.41175e-08
 Reference value :  3.41375e-08
 Reference value :  3.41575e-08
 Reference value :  3.41775e-08
 Reference value :  3.41975e-08
 Reference value :  3.42225e-08
 Reference value :  3.42425e-08
 Reference value :  3.42625e-08
 Reference value :  3.42875e-08
 Reference value :  3.43075e-08
 Reference value :  3.43275e-08
 Reference value :  3.43475e-08
 Reference value :  3.43675e-08
 Reference value :  3.43925e-08
 Reference value :  3.44125e-08
 Reference value :  3.44325e-08
 Reference value :  3.44525e-08
 Reference value :  3.44725e-08
 Reference value :  3.44925e-08
 Reference value :  3.45125e-08
 Reference value :  3.45325e-08
 Reference value :  3.45525e-08
 Reference value :  3.45725e-08
 Reference value :  3.45925e-08
 Reference value :  3.46125e-08
 Reference value :  3.46275e-08
 Reference value :  3.46475e-08
 Reference value :  3.46675e-08
 Reference value :  3.46875e-08
 Reference value :  3.47075e-08
 Reference value :  3.47275e-08
 Reference value :  3.47475e-08
 Reference value :  3.47725e-08
 Reference value :  3.47925e-08
 Reference value :  3.48125e-08
 Reference value :  3.48325e-08
 Reference value :  3.48525e-08
 Reference value :  3.48725e-08
 Reference value :  3.48925e-08
 Reference value :  3.49125e-08
 Reference value :  3.49325e-08
 Reference value :  3.49525e-08
 Reference value :  3.49725e-08
 Reference value :  3.49925e-08
 Reference value :  3.50125e-08
 Reference value :  3.50325e-08
 Reference value :  3.50525e-08
 Reference value :  3.50725e-08
 Reference value :  3.50925e-08
 Reference value :  3.51125e-08
 Reference value :  3.51375e-08
 Reference value :  3.51575e-08
 Reference value :  3.51775e-08
 Reference value :  3.51925e-08
 Reference value :  3.52125e-08
 Reference value :  3.52325e-08
 Reference value :  3.52525e-08
 Reference value :  3.52725e-08
 Reference value :  3.52975e-08
 Reference value :  3.53175e-08
 Reference value :  3.53375e-08
 Reference value :  3.53575e-08
 Reference value :  3.53775e-08
 Reference value :  3.53975e-08
 Reference value :  3.54225e-08
 Reference value :  3.54425e-08
 Reference value :  3.54625e-08
 Reference value :  3.54975e-08
 Reference value :  3.55175e-08
 Reference value :  3.55375e-08
 Reference value :  3.55575e-08
 Reference value :  3.55775e-08
 Reference value :  3.55975e-08
 Reference value :  3.56175e-08
 Reference value :  3.56375e-08
 Reference value :  3.56625e-08
 Reference value :  3.56775e-08
 Reference value :  3.56975e-08
 Reference value :  3.57225e-08
 Reference value :  3.57425e-08
 Reference value :  3.57625e-08
 Reference value :  3.57875e-08
 Reference value :  3.58125e-08
 Reference value :  3.58375e-08
 Reference value :  3.58625e-08
 Reference value :  3.58825e-08
 Reference value :  3.59075e-08
 Reference value :  3.59275e-08
 Reference value :  3.59475e-08
 Reference value :  3.59675e-08
 Reference value :  3.59875e-08
 Reference value :  3.60075e-08
 Reference value :  3.60275e-08
 Reference value :  3.60475e-08
 Reference value :  3.60675e-08
 Reference value :  3.60925e-08
 Reference value :  3.61175e-08
 Reference value :  3.61375e-08
 Reference value :  3.61575e-08
 Reference value :  3.61775e-08
 Reference value :  3.61975e-08
 Reference value :  3.62125e-08
 Reference value :  3.62325e-08
 Reference value :  3.62525e-08
 Reference value :  3.62725e-08
 Reference value :  3.62925e-08
 Reference value :  3.63175e-08
 Reference value :  3.63425e-08
 Reference value :  3.63625e-08
 Reference value :  3.63825e-08
 Reference value :  3.64025e-08
 Reference value :  3.64225e-08
 Reference value :  3.64425e-08
 Reference value :  3.64675e-08
 Reference value :  3.64875e-08
 Reference value :  3.65075e-08
 Reference value :  3.65325e-08
 Reference value :  3.65525e-08
 Reference value :  3.65725e-08
 Reference value :  3.65925e-08
 Reference value :  3.66125e-08
 Reference value :  3.66325e-08
 Reference value :  3.66525e-08
 Reference value :  3.66725e-08
 Reference value :  3.66925e-08
 Reference value :  3.67125e-08
 Reference value :  3.67375e-08
 Reference value :  3.67575e-08
 Reference value :  3.67775e-08
 Reference value :  3.67975e-08
 Reference value :  3.68175e-08
 Reference value :  3.68425e-08
 Reference value :  3.68575e-08
 Reference value :  3.68825e-08
 Reference value :  3.69075e-08
 Reference value :  3.69325e-08
 Reference value :  3.69575e-08
 Reference value :  3.69825e-08
 Reference value :  3.70025e-08
 Reference value :  3.70225e-08
 Reference value :  3.70425e-08
 Reference value :  3.70675e-08
 Reference value :  3.70925e-08
 Reference value :  3.71125e-08
 Reference value :  3.71375e-08
 Reference value :  3.71575e-08
 Reference value :  3.71725e-08
 Reference value :  3.71925e-08
 Reference value :  3.72125e-08
 Reference value :  3.72325e-08
 Reference value :  3.72575e-08
 Reference value :  3.72725e-08
 Reference value :  3.72925e-08
 Reference value :  3.73125e-08
 Reference value :  3.73375e-08
 Reference value :  3.73575e-08
 Reference value :  3.73775e-08
 Reference value :  3.74025e-08
 Reference value :  3.74275e-08
 Reference value :  3.74475e-08
 Reference value :  3.74725e-08
 Reference value :  3.74925e-08
 Reference value :  3.75075e-08
 Reference value :  3.75275e-08
 Reference value :  3.75475e-08
 Reference value :  3.75675e-08
 Reference value :  3.75875e-08
 Reference value :  3.76125e-08
 Reference value :  3.76325e-08
 Reference value :  3.76525e-08
 Reference value :  3.76725e-08
 Reference value :  3.76925e-08
 Reference value :  3.77125e-08
 Reference value :  3.77325e-08
 Reference value :  3.77525e-08
 Reference value :  3.77725e-08
 Reference value :  3.77925e-08
 Reference value :  3.78125e-08
 Reference value :  3.78325e-08
 Reference value :  3.78525e-08
 Reference value :  3.78725e-08
 Reference value :  3.78925e-08
 Reference value :  3.79125e-08
 Reference value :  3.79325e-08
 Reference value :  3.79575e-08
 Reference value :  3.79775e-08
 Reference value :  3.79975e-08
 Reference value :  3.80175e-08
 Reference value :  3.80375e-08
 Reference value :  3.80575e-08
 Reference value :  3.80775e-08
 Reference value :  3.80975e-08
 Reference value :  3.81175e-08
 Reference value :  3.81425e-08
 Reference value :  3.81675e-08
 Reference value :  3.81925e-08
 Reference value :  3.82175e-08
 Reference value :  3.82375e-08
 Reference value :  3.82625e-08
 Reference value :  3.82875e-08
 Reference value :  3.83075e-08
 Reference value :  3.83275e-08
 Reference value :  3.83475e-08
 Reference value :  3.83675e-08
 Reference value :  3.83875e-08
 Reference value :  3.84125e-08
 Reference value :  3.84375e-08
 Reference value :  3.84625e-08
 Reference value :  3.84825e-08
 Reference value :  3.85025e-08
 Reference value :  3.85225e-08
 Reference value :  3.85475e-08
 Reference value :  3.85625e-08
 Reference value :  3.85825e-08
 Reference value :  3.86075e-08
 Reference value :  3.86275e-08
 Reference value :  3.86525e-08
 Reference value :  3.86775e-08
 Reference value :  3.86975e-08
 Reference value :  3.87175e-08
 Reference value :  3.87375e-08
 Reference value :  3.87575e-08
 Reference value :  3.87725e-08
 Reference value :  3.87925e-08
 Reference value :  3.88125e-08
 Reference value :  3.88325e-08
 Reference value :  3.88525e-08
 Reference value :  3.88725e-08
 Reference value :  3.88925e-08
 Reference value :  3.89175e-08
 Reference value :  3.89375e-08
 Reference value :  3.89575e-08
 Reference value :  3.89725e-08
 Reference value :  3.89925e-08
 Reference value :  3.90125e-08
 Reference value :  3.90275e-08
 Reference value :  3.90525e-08
 Reference value :  3.90725e-08
 Reference value :  3.90875e-08
 Reference value :  3.91125e-08
 Reference value :  3.91325e-08
 Reference value :  3.91575e-08
 Reference value :  3.91775e-08
 Reference value :  3.91925e-08
 Reference value :  3.92125e-08
 Reference value :  3.92325e-08
 Reference value :  3.92475e-08
 Reference value :  3.92625e-08
 Reference value :  3.92825e-08
 Reference value :  3.92975e-08
 Reference value :  3.93175e-08
 Reference value :  3.93375e-08
 Reference value :  3.93575e-08
 Reference value :  3.93775e-08
 Reference value :  3.93975e-08
 Reference value :  3.94175e-08
 Reference value :  3.94425e-08
 Reference value :  3.94625e-08
 Reference value :  3.94825e-08
 Reference value :  3.95025e-08
 Reference value :  3.95225e-08
 Reference value :  3.95475e-08
 Reference value :  3.95675e-08
 Reference value :  3.95875e-08
 Reference value :  3.96125e-08
 Reference value :  3.96325e-08
 Reference value :  3.96525e-08
 Reference value :  3.96775e-08
 Reference value :  3.96975e-08
 Reference value :  3.97125e-08
 Reference value :  3.97475e-08
 Reference value :  3.97825e-08
 Reference value :  3.98025e-08
 Reference value :  3.98225e-08
 Reference value :  3.98375e-08
 Reference value :  3.98525e-08
 Reference value :  3.98725e-08
 Reference value :  3.98875e-08
 Reference value :  3.99075e-08
 Reference value :  3.99275e-08
 Reference value :  3.99525e-08
 Reference value :  3.99725e-08
 Reference value :  3.99925e-08
 Reference value :  4.00125e-08
 Reference value :  4.00375e-08
 Reference value :  4.00525e-08
 Reference value :  4.00675e-08
 Reference value :  4.00825e-08
 Reference value :  4.00975e-08
 Reference value :  4.01175e-08
 Reference value :  4.01375e-08
 Reference value :  4.01625e-08
 Reference value :  4.01775e-08
 Reference value :  4.01975e-08
 Reference value :  4.02175e-08
 Reference value :  4.02325e-08
 Reference value :  4.02525e-08
 Reference value :  4.02725e-08
 Reference value :  4.02925e-08
 Reference value :  4.03125e-08
 Reference value :  4.03275e-08
 Reference value :  4.03475e-08
 Reference value :  4.03675e-08
 Reference value :  4.03875e-08
 Reference value :  4.04125e-08
 Reference value :  4.04325e-08
 Reference value :  4.04575e-08
 Reference value :  4.04725e-08
 Reference value :  4.04875e-08
 Reference value :  4.05075e-08
 Reference value :  4.05275e-08
 Reference value :  4.05475e-08
 Reference value :  4.05675e-08
 Reference value :  4.05825e-08
 Reference value :  4.06075e-08
 Reference value :  4.06275e-08
 Reference value :  4.06475e-08
 Reference value :  4.06675e-08
 Reference value :  4.06875e-08
 Reference value :  4.07025e-08
 Reference value :  4.07225e-08
 Reference value :  4.07375e-08
 Reference value :  4.07525e-08
 Reference value :  4.07775e-08
 Reference value :  4.07925e-08
 Reference value :  4.08125e-08
 Reference value :  4.08325e-08
 Reference value :  4.08575e-08
 Reference value :  4.08825e-08
 Reference value :  4.09025e-08
 Reference value :  4.09225e-08
 Reference value :  4.09375e-08
 Reference value :  4.09575e-08
 Reference value :  4.09825e-08
 Reference value :  4.10025e-08
 Reference value :  4.10225e-08
 Reference value :  4.10375e-08
 Reference value :  4.10575e-08
 Reference value :  4.10775e-08
 Reference value :  4.10975e-08
 Reference value :  4.11175e-08
 Reference value :  4.11375e-08
 Reference value :  4.11575e-08
 Reference value :  4.11775e-08
 Reference value :  4.11975e-08
 Reference value :  4.12175e-08
 Reference value :  4.12375e-08
 Reference value :  4.12525e-08
 Reference value :  4.12725e-08
 Reference value :  4.12875e-08
 Reference value :  4.13075e-08
 Reference value :  4.13275e-08
 Reference value :  4.13425e-08
 Reference value :  4.13625e-08
 Reference value :  4.13825e-08
 Reference value :  4.14025e-08
 Reference value :  4.14225e-08
 Reference value :  4.14425e-08
 Reference value :  4.14625e-08
 Reference value :  4.14775e-08
 Reference value :  4.15025e-08
 Reference value :  4.15275e-08
 Reference value :  4.15475e-08
 Reference value :  4.15675e-08
 Reference value :  4.15875e-08
 Reference value :  4.16075e-08
 Reference value :  4.16275e-08
 Reference value :  4.16475e-08
 Reference value :  4.16675e-08
 Reference value :  4.16875e-08
 Reference value :  4.17125e-08
 Reference value :  4.17275e-08
 Reference value :  4.17475e-08
 Reference value :  4.17775e-08
 Reference value :  4.17925e-08
 Reference value :  4.18125e-08
 Reference value :  4.18375e-08
 Reference value :  4.18625e-08
 Reference value :  4.18825e-08
 Reference value :  4.19025e-08
 Reference value :  4.19275e-08
 Reference value :  4.19525e-08
 Reference value :  4.19725e-08
 Reference value :  4.19925e-08
 Reference value :  4.20125e-08
 Reference value :  4.20275e-08
 Reference value :  4.20475e-08
 Reference value :  4.20675e-08
 Reference value :  4.20825e-08
 Reference value :  4.21025e-08
 Reference value :  4.21175e-08
 Reference value :  4.21375e-08
 Reference value :  4.21575e-08
 Reference value :  4.21825e-08
 Reference value :  4.22025e-08
 Reference value :  4.22175e-08
 Reference value :  4.22425e-08
 Reference value :  4.22625e-08
 Reference value :  4.22825e-08
 Reference value :  4.23025e-08
 Reference value :  4.23175e-08
 Reference value :  4.23375e-08
 Reference value :  4.23625e-08
 Reference value :  4.23775e-08
 Reference value :  4.23925e-08
 Reference value :  4.24125e-08
 Reference value :  4.24325e-08
 Reference value :  4.24525e-08
 Reference value :  4.24675e-08
 Reference value :  4.24875e-08
 Reference value :  4.25075e-08
 Reference value :  4.25325e-08
 Reference value :  4.25525e-08
 Reference value :  4.25725e-08
 Reference value :  4.25875e-08
 Reference value :  4.26075e-08
 Reference value :  4.26275e-08
 Reference value :  4.26525e-08
 Reference value :  4.26775e-08
 Reference value :  4.26975e-08
 Reference value :  4.27175e-08
 Reference value :  4.27375e-08
 Reference value :  4.27575e-08
 Reference value :  4.27775e-08
 Reference value :  4.27925e-08
 Reference value :  4.28125e-08
 Reference value :  4.28325e-08
 Reference value :  4.28525e-08
 Reference value :  4.28725e-08
 Reference value :  4.28975e-08
 Reference value :  4.29175e-08
 Reference value :  4.29375e-08
 Reference value :  4.29625e-08
 Reference value :  4.29775e-08
 Reference value :  4.30025e-08
 Reference value :  4.30275e-08
 Reference value :  4.30475e-08
 Reference value :  4.30675e-08
 Reference value :  4.30925e-08
 Reference value :  4.31125e-08
 Reference value :  4.31325e-08
 Reference value :  4.31525e-08
 Reference value :  4.31775e-08
 Reference value :  4.31975e-08
 Reference value :  4.32175e-08
 Reference value :  4.32375e-08
 Reference value :  4.32575e-08
 Reference value :  4.32775e-08
 Reference value :  4.32925e-08
 Reference value :  4.33125e-08
 Reference value :  4.33325e-08
 Reference value :  4.33475e-08
 Reference value :  4.33725e-08
 Reference value :  4.33925e-08
 Reference value :  4.34125e-08
 Reference value :  4.34375e-08
 Reference value :  4.34575e-08
 Reference value :  4.34725e-08
 Reference value :  4.34925e-08
 Reference value :  4.35075e-08
 Reference value :  4.35275e-08
 Reference value :  4.35525e-08
 Reference value :  4.35725e-08
 Reference value :  4.35875e-08
 Reference value :  4.36075e-08
 Reference value :  4.36275e-08
 Reference value :  4.36475e-08
 Reference value :  4.36675e-08
 Reference value :  4.36875e-08
 Reference value :  4.37075e-08
 Reference value :  4.37325e-08
 Reference value :  4.37475e-08
 Reference value :  4.37725e-08
 Reference value :  4.37925e-08
 Reference value :  4.38125e-08
 Reference value :  4.38375e-08
 Reference value :  4.38575e-08
 Reference value :  4.38775e-08
 Reference value :  4.38975e-08
 Reference value :  4.39175e-08
 Reference value :  4.39425e-08
 Reference value :  4.39625e-08
 Reference value :  4.39775e-08
 Reference value :  4.39975e-08
 Reference value :  4.40175e-08
 Reference value :  4.40325e-08
 Reference value :  4.40525e-08
 Reference value :  4.40725e-08
 Reference value :  4.40925e-08
 Reference value :  4.41175e-08
 Reference value :  4.41375e-08
 Reference value :  4.41525e-08
 Reference value :  4.41725e-08
 Reference value :  4.41925e-08
 Reference value :  4.42125e-08
 Reference value :  4.42375e-08
 Reference value :  4.42575e-08
 Reference value :  4.42875e-08
 Reference value :  4.43125e-08
 Reference value :  4.43325e-08
 Reference value :  4.43525e-08
 Reference value :  4.43725e-08
 Reference value :  4.43925e-08
 Reference value :  4.44125e-08
 Reference value :  4.44325e-08
 Reference value :  4.44525e-08
 Reference value :  4.44775e-08
 Reference value :  4.44975e-08
 Reference value :  4.45125e-08
 Reference value :  4.45275e-08
 Reference value :  4.45475e-08
 Reference value :  4.45725e-08
 Reference value :  4.45925e-08
 Reference value :  4.46125e-08
 Reference value :  4.46325e-08
 Reference value :  4.46525e-08
 Reference value :  4.46675e-08
 Reference value :  4.46875e-08
 Reference value :  4.47075e-08
 Reference value :  4.47275e-08
 Reference value :  4.47475e-08
 Reference value :  4.47675e-08
 Reference value :  4.47875e-08
 Reference value :  4.48075e-08
 Reference value :  4.48275e-08
 Reference value :  4.48475e-08
 Reference value :  4.48675e-08
 Reference value :  4.48875e-08
 Reference value :  4.49075e-08
 Reference value :  4.49275e-08
 Reference value :  4.49525e-08
 Reference value :  4.49675e-08
 Reference value :  4.49825e-08
 Reference value :  4.49975e-08
 Reference value :  4.50175e-08
 Reference value :  4.50375e-08
 Reference value :  4.50625e-08
 Reference value :  4.50825e-08
 Reference value :  4.51000e-08
No. of Data Rows : 9034
Note: Simulation executed from .control section 
