
Note: Compatibility modes selected: hs a


Circuit: * comparator-decision regen-time sweep -- vindiff=1mv corner=fs temp=125.0c (issue #9)

option SCALE: Scale is set to 1e-06 for instance and model parameters
option SCALE: Scale is set to 1e-06 for instance and model parameters
option SCALE: Scale is set to 1e-06 for instance and model parameters
option SCALE: Scale is set to 1e-06 for instance and model parameters
Doing analysis at TEMP = 125.000000 and TNOM = 27.000000

Using KLU as Direct Linear Solver
 Reference value :  0.00000e+00
 Reference value :  4.00000e-13
 Reference value :  3.20000e-12
 Reference value :  2.14000e-11
 Reference value :  4.64000e-11
 Reference value :  8.64000e-11
 Reference value :  1.06400e-10
 Reference value :  1.26400e-10
 Reference value :  1.56400e-10
 Reference value :  1.76400e-10
 Reference value :  1.96400e-10
 Reference value :  2.16400e-10
 Reference value :  2.41400e-10
 Reference value :  2.66400e-10
 Reference value :  2.86400e-10
 Reference value :  3.11400e-10
 Reference value :  3.31400e-10
 Reference value :  3.56400e-10
 Reference value :  3.76400e-10
 Reference value :  3.96400e-10
 Reference value :  4.16400e-10
 Reference value :  4.31400e-10
 Reference value :  4.56400e-10
 Reference value :  4.76400e-10
 Reference value :  5.01400e-10
 Reference value :  5.26400e-10
 Reference value :  5.41400e-10
 Reference value :  5.61400e-10
 Reference value :  5.86400e-10
 Reference value :  6.11400e-10
 Reference value :  6.31400e-10
 Reference value :  6.51400e-10
 Reference value :  6.71400e-10
 Reference value :  6.91400e-10
 Reference value :  7.11400e-10
 Reference value :  7.31400e-10
 Reference value :  7.51400e-10
 Reference value :  7.66400e-10
 Reference value :  7.81400e-10
 Reference value :  8.01400e-10
 Reference value :  8.26400e-10
 Reference value :  8.51400e-10
 Reference value :  8.71400e-10
 Reference value :  8.91400e-10
 Reference value :  9.16400e-10
 Reference value :  9.41400e-10
 Reference value :  9.66400e-10
 Reference value :  9.86400e-10
 Reference value :  1.00640e-09
 Reference value :  1.02640e-09
 Reference value :  1.05640e-09
 Reference value :  1.07640e-09
 Reference value :  1.09640e-09
 Reference value :  1.11640e-09
 Reference value :  1.14140e-09
 Reference value :  1.16140e-09
 Reference value :  1.18140e-09
 Reference value :  1.20140e-09
 Reference value :  1.22140e-09
 Reference value :  1.24140e-09
 Reference value :  1.26140e-09
 Reference value :  1.28640e-09
 Reference value :  1.31140e-09
 Reference value :  1.33140e-09
 Reference value :  1.35140e-09
 Reference value :  1.37140e-09
 Reference value :  1.39140e-09
 Reference value :  1.41140e-09
 Reference value :  1.43140e-09
 Reference value :  1.45140e-09
 Reference value :  1.47140e-09
 Reference value :  1.49140e-09
 Reference value :  1.50640e-09
 Reference value :  1.52640e-09
 Reference value :  1.55140e-09
 Reference value :  1.57140e-09
 Reference value :  1.59140e-09
 Reference value :  1.61140e-09
 Reference value :  1.63140e-09
 Reference value :  1.65140e-09
 Reference value :  1.67140e-09
 Reference value :  1.69640e-09
 Reference value :  1.71640e-09
 Reference value :  1.74140e-09
 Reference value :  1.76640e-09
 Reference value :  1.78640e-09
 Reference value :  1.81140e-09
 Reference value :  1.83640e-09
 Reference value :  1.85140e-09
 Reference value :  1.87140e-09
 Reference value :  1.89640e-09
 Reference value :  1.92140e-09
 Reference value :  1.94140e-09
 Reference value :  1.96140e-09
 Reference value :  1.98140e-09
 Reference value :  2.00140e-09
 Reference value :  2.02140e-09
 Reference value :  2.04140e-09
 Reference value :  2.06140e-09
 Reference value :  2.08140e-09
 Reference value :  2.10140e-09
 Reference value :  2.12140e-09
 Reference value :  2.13640e-09
 Reference value :  2.15140e-09
 Reference value :  2.17140e-09
 Reference value :  2.19140e-09
 Reference value :  2.21640e-09
 Reference value :  2.23640e-09
 Reference value :  2.25140e-09
 Reference value :  2.27140e-09
 Reference value :  2.29140e-09
 Reference value :  2.31640e-09
 Reference value :  2.34140e-09
 Reference value :  2.37140e-09
 Reference value :  2.39640e-09
 Reference value :  2.42140e-09
 Reference value :  2.43640e-09
 Reference value :  2.45640e-09
 Reference value :  2.47640e-09
 Reference value :  2.50140e-09
 Reference value :  2.52140e-09
 Reference value :  2.54640e-09
 Reference value :  2.56140e-09
 Reference value :  2.58140e-09
 Reference value :  2.60140e-09
 Reference value :  2.62140e-09
 Reference value :  2.63640e-09
 Reference value :  2.66640e-09
 Reference value :  2.68640e-09
 Reference value :  2.70640e-09
 Reference value :  2.74640e-09
 Reference value :  2.76640e-09
 Reference value :  2.79140e-09
 Reference value :  2.81140e-09
 Reference value :  2.83140e-09
 Reference value :  2.84640e-09
 Reference value :  2.86640e-09
 Reference value :  2.88640e-09
 Reference value :  2.90640e-09
 Reference value :  2.93140e-09
 Reference value :  5.31250e-09
 Reference value :  5.33250e-09
 Reference value :  5.35250e-09
 Reference value :  5.37250e-09
 Reference value :  5.39750e-09
 Reference value :  5.41750e-09
 Reference value :  5.43750e-09
 Reference value :  5.45250e-09
 Reference value :  5.47250e-09
 Reference value :  5.49250e-09
 Reference value :  5.51250e-09
 Reference value :  5.53750e-09
 Reference value :  5.55250e-09
 Reference value :  5.57250e-09
 Reference value :  5.58750e-09
 Reference value :  5.61250e-09
 Reference value :  5.62750e-09
 Reference value :  5.64750e-09
 Reference value :  5.66750e-09
 Reference value :  5.68750e-09
 Reference value :  5.70750e-09
 Reference value :  5.72250e-09
 Reference value :  5.74250e-09
 Reference value :  5.76250e-09
 Reference value :  5.78250e-09
 Reference value :  5.80250e-09
 Reference value :  5.82250e-09
 Reference value :  5.84250e-09
 Reference value :  5.86750e-09
 Reference value :  5.90250e-09
 Reference value :  5.92750e-09
 Reference value :  5.94750e-09
 Reference value :  5.96750e-09
 Reference value :  5.98750e-09
 Reference value :  6.00750e-09
 Reference value :  6.02250e-09
 Reference value :  6.03750e-09
 Reference value :  6.05750e-09
 Reference value :  6.07250e-09
 Reference value :  6.09250e-09
 Reference value :  6.11250e-09
 Reference value :  6.14250e-09
 Reference value :  6.16750e-09
 Reference value :  6.18750e-09
 Reference value :  6.20750e-09
 Reference value :  6.23250e-09
 Reference value :  6.25250e-09
 Reference value :  6.27250e-09
 Reference value :  6.29250e-09
 Reference value :  6.30750e-09
 Reference value :  6.32750e-09
 Reference value :  6.34750e-09
 Reference value :  6.37250e-09
 Reference value :  6.39750e-09
 Reference value :  6.41750e-09
 Reference value :  6.44750e-09
 Reference value :  6.46750e-09
 Reference value :  6.48750e-09
 Reference value :  6.51250e-09
 Reference value :  6.53250e-09
 Reference value :  6.55750e-09
 Reference value :  6.57750e-09
 Reference value :  6.59750e-09
 Reference value :  6.61750e-09
 Reference value :  6.63750e-09
 Reference value :  6.66250e-09
 Reference value :  6.68250e-09
 Reference value :  6.70750e-09
 Reference value :  6.73250e-09
 Reference value :  6.75250e-09
 Reference value :  6.77250e-09
 Reference value :  6.79250e-09
 Reference value :  6.81750e-09
 Reference value :  6.83250e-09
 Reference value :  6.85250e-09
 Reference value :  6.87250e-09
 Reference value :  6.90250e-09
 Reference value :  6.92250e-09
 Reference value :  6.93750e-09
 Reference value :  6.96750e-09
 Reference value :  6.99250e-09
 Reference value :  7.01250e-09
 Reference value :  7.03250e-09
 Reference value :  7.05750e-09
 Reference value :  7.07750e-09
 Reference value :  7.09250e-09
 Reference value :  7.11750e-09
 Reference value :  7.13750e-09
 Reference value :  7.15750e-09
 Reference value :  7.17750e-09
 Reference value :  7.19750e-09
 Reference value :  7.21750e-09
 Reference value :  7.24250e-09
 Reference value :  7.26250e-09
 Reference value :  7.28250e-09
 Reference value :  7.30750e-09
 Reference value :  7.33250e-09
 Reference value :  7.35750e-09
 Reference value :  7.37750e-09
 Reference value :  7.39750e-09
 Reference value :  7.42750e-09
 Reference value :  7.44750e-09
 Reference value :  7.47250e-09
 Reference value :  7.49750e-09
 Reference value :  7.51750e-09
 Reference value :  7.54250e-09
 Reference value :  7.56750e-09
 Reference value :  7.58250e-09
 Reference value :  7.60750e-09
 Reference value :  7.62250e-09
 Reference value :  7.64250e-09
 Reference value :  7.66250e-09
 Reference value :  7.68250e-09
 Reference value :  7.70750e-09
 Reference value :  7.73250e-09
 Reference value :  7.75750e-09
 Reference value :  7.77750e-09
 Reference value :  7.80250e-09
 Reference value :  7.82250e-09
 Reference value :  7.84250e-09
 Reference value :  7.86750e-09
 Reference value :  7.89250e-09
 Reference value :  7.91250e-09
 Reference value :  7.93750e-09
 Reference value :  7.95750e-09
 Reference value :  7.97250e-09
 Reference value :  7.98750e-09
 Reference value :  8.00750e-09
 Reference value :  8.02250e-09
 Reference value :  8.04250e-09
 Reference value :  8.06250e-09
 Reference value :  8.08750e-09
 Reference value :  8.11250e-09
 Reference value :  8.13250e-09
 Reference value :  8.15750e-09
 Reference value :  8.17750e-09
 Reference value :  8.20250e-09
 Reference value :  8.22750e-09
 Reference value :  8.25250e-09
 Reference value :  8.27250e-09
 Reference value :  8.29250e-09
 Reference value :  8.31250e-09
 Reference value :  8.33250e-09
 Reference value :  8.35250e-09
 Reference value :  8.37250e-09
 Reference value :  8.39250e-09
 Reference value :  8.40750e-09
 Reference value :  8.42250e-09
 Reference value :  8.43750e-09
 Reference value :  8.45750e-09
 Reference value :  8.47750e-09
 Reference value :  8.49250e-09
 Reference value :  8.51250e-09
 Reference value :  8.53250e-09
 Reference value :  8.55750e-09
 Reference value :  8.57750e-09
 Reference value :  8.60250e-09
 Reference value :  8.62750e-09
 Reference value :  8.64750e-09
 Reference value :  8.67250e-09
 Reference value :  8.69250e-09
 Reference value :  8.71250e-09
 Reference value :  8.73250e-09
 Reference value :  8.75250e-09
 Reference value :  8.77250e-09
 Reference value :  8.79250e-09
 Reference value :  8.81250e-09
 Reference value :  8.83750e-09
 Reference value :  8.85750e-09
 Reference value :  8.87250e-09
 Reference value :  8.89750e-09
 Reference value :  8.91750e-09
 Reference value :  8.94250e-09
 Reference value :  8.96750e-09
 Reference value :  8.99250e-09
 Reference value :  9.01250e-09
 Reference value :  9.02750e-09
 Reference value :  9.05250e-09
 Reference value :  9.07250e-09
 Reference value :  9.09250e-09
 Reference value :  9.11250e-09
 Reference value :  9.13750e-09
 Reference value :  9.15750e-09
 Reference value :  9.17250e-09
 Reference value :  9.19750e-09
 Reference value :  9.23250e-09
 Reference value :  9.24750e-09
 Reference value :  9.26750e-09
 Reference value :  9.28750e-09
 Reference value :  9.30750e-09
 Reference value :  9.32750e-09
 Reference value :  9.34250e-09
 Reference value :  9.36750e-09
 Reference value :  9.38750e-09
 Reference value :  9.40750e-09
 Reference value :  9.43750e-09
 Reference value :  9.45750e-09
 Reference value :  9.48250e-09
 Reference value :  9.50750e-09
 Reference value :  9.52750e-09
 Reference value :  9.55250e-09
 Reference value :  9.57250e-09
 Reference value :  9.59250e-09
 Reference value :  9.61250e-09
 Reference value :  9.63750e-09
 Reference value :  9.65750e-09
 Reference value :  9.67750e-09
 Reference value :  9.69750e-09
 Reference value :  9.72250e-09
 Reference value :  9.73750e-09
 Reference value :  9.75750e-09
 Reference value :  9.77750e-09
 Reference value :  9.79750e-09
 Reference value :  9.81750e-09
 Reference value :  9.84250e-09
 Reference value :  9.86250e-09
 Reference value :  9.88750e-09
 Reference value :  9.90750e-09
 Reference value :  9.93750e-09
 Reference value :  9.96250e-09
 Reference value :  9.97750e-09
 Reference value :  9.99250e-09
 Reference value :  1.00125e-08
 Reference value :  1.00325e-08
 Reference value :  1.00575e-08
 Reference value :  1.00725e-08
 Reference value :  1.00925e-08
 Reference value :  1.01125e-08
 Reference value :  1.01375e-08
 Reference value :  1.01575e-08
 Reference value :  1.01775e-08
 Reference value :  1.01975e-08
 Reference value :  1.02175e-08
 Reference value :  1.02375e-08
 Reference value :  1.02575e-08
 Reference value :  1.02775e-08
 Reference value :  1.02925e-08
 Reference value :  1.03125e-08
 Reference value :  1.03325e-08
 Reference value :  1.03525e-08
 Reference value :  1.03725e-08
 Reference value :  1.03925e-08
 Reference value :  1.04175e-08
 Reference value :  1.04375e-08
 Reference value :  1.04575e-08
 Reference value :  1.04775e-08
 Reference value :  1.04975e-08
 Reference value :  1.05175e-08
 Reference value :  1.05425e-08
 Reference value :  1.05625e-08
 Reference value :  1.05825e-08
 Reference value :  1.05975e-08
 Reference value :  1.06175e-08
 Reference value :  1.06425e-08
 Reference value :  1.06675e-08
 Reference value :  1.06925e-08
 Reference value :  1.07075e-08
 Reference value :  1.07275e-08
 Reference value :  1.07575e-08
 Reference value :  1.07825e-08
 Reference value :  1.08025e-08
 Reference value :  1.08225e-08
 Reference value :  1.08475e-08
 Reference value :  1.08725e-08
 Reference value :  1.08925e-08
 Reference value :  1.09125e-08
 Reference value :  1.09325e-08
 Reference value :  1.09525e-08
 Reference value :  1.09725e-08
 Reference value :  1.09925e-08
 Reference value :  1.10175e-08
 Reference value :  1.10375e-08
 Reference value :  1.10575e-08
 Reference value :  1.10825e-08
 Reference value :  1.11025e-08
 Reference value :  1.11275e-08
 Reference value :  1.11475e-08
 Reference value :  1.11675e-08
 Reference value :  1.11875e-08
 Reference value :  1.12125e-08
 Reference value :  1.12325e-08
 Reference value :  1.12525e-08
 Reference value :  1.12775e-08
 Reference value :  1.13025e-08
 Reference value :  1.13225e-08
 Reference value :  1.13425e-08
 Reference value :  1.13625e-08
 Reference value :  1.13825e-08
 Reference value :  1.14025e-08
 Reference value :  1.14225e-08
 Reference value :  1.14475e-08
 Reference value :  1.14675e-08
 Reference value :  1.14925e-08
 Reference value :  1.15125e-08
 Reference value :  1.15325e-08
 Reference value :  1.15525e-08
 Reference value :  1.15725e-08
 Reference value :  1.15925e-08
 Reference value :  1.16175e-08
 Reference value :  1.16375e-08
 Reference value :  1.16575e-08
 Reference value :  1.16775e-08
 Reference value :  1.16975e-08
 Reference value :  1.17175e-08
 Reference value :  1.17375e-08
 Reference value :  1.17575e-08
 Reference value :  1.17775e-08
 Reference value :  1.18025e-08
 Reference value :  1.18275e-08
 Reference value :  1.18475e-08
 Reference value :  1.18675e-08
 Reference value :  1.18925e-08
 Reference value :  1.19175e-08
 Reference value :  1.19425e-08
 Reference value :  1.19625e-08
 Reference value :  1.19825e-08
 Reference value :  1.20025e-08
 Reference value :  1.20225e-08
 Reference value :  1.20425e-08
 Reference value :  1.20675e-08
 Reference value :  1.20875e-08
 Reference value :  1.21075e-08
 Reference value :  1.21275e-08
 Reference value :  1.21475e-08
 Reference value :  1.21725e-08
 Reference value :  1.21925e-08
 Reference value :  1.22125e-08
 Reference value :  1.22325e-08
 Reference value :  1.22575e-08
 Reference value :  1.22825e-08
 Reference value :  1.23075e-08
 Reference value :  1.23275e-08
 Reference value :  1.23475e-08
 Reference value :  1.23725e-08
 Reference value :  1.23925e-08
 Reference value :  1.24125e-08
 Reference value :  1.24425e-08
 Reference value :  1.24675e-08
 Reference value :  1.24875e-08
 Reference value :  1.25075e-08
 Reference value :  1.25275e-08
 Reference value :  1.25525e-08
 Reference value :  1.25725e-08
 Reference value :  1.25975e-08
 Reference value :  1.26175e-08
 Reference value :  1.26325e-08
 Reference value :  1.26525e-08
 Reference value :  1.26725e-08
 Reference value :  1.26975e-08
 Reference value :  1.27175e-08
 Reference value :  1.27425e-08
 Reference value :  1.27675e-08
 Reference value :  1.27925e-08
 Reference value :  1.28125e-08
 Reference value :  1.28375e-08
 Reference value :  1.28575e-08
 Reference value :  1.28825e-08
 Reference value :  1.29025e-08
 Reference value :  1.29225e-08
 Reference value :  1.29425e-08
 Reference value :  1.29675e-08
 Reference value :  1.29875e-08
 Reference value :  1.30075e-08
 Reference value :  1.30325e-08
 Reference value :  1.30575e-08
 Reference value :  1.30875e-08
 Reference value :  1.31075e-08
 Reference value :  1.31275e-08
 Reference value :  1.31475e-08
 Reference value :  1.31725e-08
 Reference value :  1.31925e-08
 Reference value :  1.32125e-08
 Reference value :  1.32325e-08
 Reference value :  1.32525e-08
 Reference value :  1.32725e-08
 Reference value :  1.32925e-08
 Reference value :  1.33125e-08
 Reference value :  1.33325e-08
 Reference value :  1.33525e-08
 Reference value :  1.33825e-08
 Reference value :  1.34075e-08
 Reference value :  1.34275e-08
 Reference value :  1.34475e-08
 Reference value :  1.34675e-08
 Reference value :  1.34825e-08
 Reference value :  1.35025e-08
 Reference value :  1.35225e-08
 Reference value :  1.35475e-08
 Reference value :  1.35675e-08
 Reference value :  1.35875e-08
 Reference value :  1.36125e-08
 Reference value :  1.36375e-08
 Reference value :  1.36575e-08
 Reference value :  1.36775e-08
 Reference value :  1.37025e-08
 Reference value :  1.37225e-08
 Reference value :  1.37425e-08
 Reference value :  1.37625e-08
 Reference value :  1.37825e-08
 Reference value :  1.38025e-08
 Reference value :  1.38225e-08
 Reference value :  1.38425e-08
 Reference value :  1.38625e-08
 Reference value :  1.38825e-08
 Reference value :  1.39025e-08
 Reference value :  1.39225e-08
 Reference value :  1.39425e-08
 Reference value :  1.39675e-08
 Reference value :  1.39925e-08
 Reference value :  1.40175e-08
 Reference value :  1.40375e-08
 Reference value :  1.40625e-08
 Reference value :  1.40875e-08
 Reference value :  1.41125e-08
 Reference value :  1.41375e-08
 Reference value :  1.41625e-08
 Reference value :  1.41825e-08
 Reference value :  1.41975e-08
 Reference value :  1.42225e-08
 Reference value :  1.42425e-08
 Reference value :  1.42625e-08
 Reference value :  1.42825e-08
 Reference value :  1.43025e-08
 Reference value :  1.43225e-08
 Reference value :  1.43475e-08
 Reference value :  1.43725e-08
 Reference value :  1.43925e-08
 Reference value :  1.44125e-08
 Reference value :  1.44325e-08
 Reference value :  1.44525e-08
 Reference value :  1.44775e-08
 Reference value :  1.44975e-08
 Reference value :  1.45125e-08
 Reference value :  1.45325e-08
 Reference value :  1.45625e-08
 Reference value :  1.45825e-08
 Reference value :  1.45975e-08
 Reference value :  1.46175e-08
 Reference value :  1.46375e-08
 Reference value :  1.46525e-08
 Reference value :  1.46725e-08
 Reference value :  1.46925e-08
 Reference value :  1.47175e-08
 Reference value :  1.47425e-08
 Reference value :  1.47625e-08
 Reference value :  1.47825e-08
 Reference value :  1.48075e-08
 Reference value :  1.48275e-08
 Reference value :  1.48475e-08
 Reference value :  1.48675e-08
 Reference value :  1.48875e-08
 Reference value :  1.49025e-08
 Reference value :  1.49225e-08
 Reference value :  1.49425e-08
 Reference value :  1.49575e-08
 Reference value :  1.49775e-08
 Reference value :  1.49975e-08
 Reference value :  1.50175e-08
 Reference value :  1.50375e-08
 Reference value :  1.50575e-08
 Reference value :  1.50725e-08
 Reference value :  1.50925e-08
 Reference value :  1.51125e-08
 Reference value :  1.51375e-08
 Reference value :  1.51625e-08
 Reference value :  1.51825e-08
 Reference value :  1.52025e-08
 Reference value :  1.52275e-08
 Reference value :  1.52475e-08
 Reference value :  1.52725e-08
 Reference value :  1.52925e-08
 Reference value :  1.53125e-08
 Reference value :  1.53325e-08
 Reference value :  1.53575e-08
 Reference value :  1.53825e-08
 Reference value :  1.54075e-08
 Reference value :  1.54275e-08
 Reference value :  1.54475e-08
 Reference value :  1.54725e-08
 Reference value :  1.54925e-08
 Reference value :  1.55225e-08
 Reference value :  1.55425e-08
 Reference value :  1.55675e-08
 Reference value :  1.55875e-08
 Reference value :  1.56075e-08
 Reference value :  1.56225e-08
 Reference value :  1.56475e-08
 Reference value :  1.56625e-08
 Reference value :  1.56825e-08
 Reference value :  1.57025e-08
 Reference value :  1.57275e-08
 Reference value :  1.57525e-08
 Reference value :  1.57725e-08
 Reference value :  1.57925e-08
 Reference value :  1.58125e-08
 Reference value :  1.58325e-08
 Reference value :  1.58525e-08
 Reference value :  1.58725e-08
 Reference value :  1.58875e-08
 Reference value :  1.59075e-08
 Reference value :  1.59325e-08
 Reference value :  1.59525e-08
 Reference value :  1.59725e-08
 Reference value :  1.59925e-08
 Reference value :  1.60225e-08
 Reference value :  1.60375e-08
 Reference value :  1.60625e-08
 Reference value :  1.60775e-08
 Reference value :  1.60975e-08
 Reference value :  1.61175e-08
 Reference value :  1.61375e-08
 Reference value :  1.61525e-08
 Reference value :  1.61725e-08
 Reference value :  1.61875e-08
 Reference value :  1.62075e-08
 Reference value :  1.62325e-08
 Reference value :  1.62525e-08
 Reference value :  1.62775e-08
 Reference value :  1.62975e-08
 Reference value :  1.63225e-08
 Reference value :  1.63375e-08
 Reference value :  1.63575e-08
 Reference value :  1.63775e-08
 Reference value :  1.63975e-08
 Reference value :  1.64225e-08
 Reference value :  1.64475e-08
 Reference value :  1.64725e-08
 Reference value :  1.64925e-08
 Reference value :  1.65175e-08
 Reference value :  1.65375e-08
 Reference value :  1.65575e-08
 Reference value :  1.65825e-08
 Reference value :  1.66025e-08
 Reference value :  1.66225e-08
 Reference value :  1.66425e-08
 Reference value :  1.66625e-08
 Reference value :  1.66825e-08
 Reference value :  1.67025e-08
 Reference value :  1.67225e-08
 Reference value :  1.67425e-08
 Reference value :  1.67625e-08
 Reference value :  1.67775e-08
 Reference value :  1.67975e-08
 Reference value :  1.68175e-08
 Reference value :  1.68425e-08
 Reference value :  1.68675e-08
 Reference value :  1.68875e-08
 Reference value :  1.69125e-08
 Reference value :  1.69325e-08
 Reference value :  1.69475e-08
 Reference value :  1.69725e-08
 Reference value :  1.69925e-08
 Reference value :  1.70125e-08
 Reference value :  1.70375e-08
 Reference value :  1.70625e-08
 Reference value :  1.70825e-08
 Reference value :  1.71025e-08
 Reference value :  1.71225e-08
 Reference value :  1.71425e-08
 Reference value :  1.71625e-08
 Reference value :  1.71825e-08
 Reference value :  1.71975e-08
 Reference value :  1.72225e-08
 Reference value :  1.72425e-08
 Reference value :  1.72675e-08
 Reference value :  1.72875e-08
 Reference value :  1.73025e-08
 Reference value :  1.73225e-08
 Reference value :  1.73475e-08
 Reference value :  1.73675e-08
 Reference value :  1.73875e-08
 Reference value :  1.74075e-08
 Reference value :  1.74275e-08
 Reference value :  1.74475e-08
 Reference value :  1.74675e-08
 Reference value :  1.74825e-08
 Reference value :  1.75025e-08
 Reference value :  1.75275e-08
 Reference value :  1.75475e-08
 Reference value :  1.75725e-08
 Reference value :  1.75875e-08
 Reference value :  1.76075e-08
 Reference value :  1.76325e-08
 Reference value :  1.76575e-08
 Reference value :  1.76825e-08
 Reference value :  1.77025e-08
 Reference value :  1.77325e-08
 Reference value :  1.77575e-08
 Reference value :  1.77775e-08
 Reference value :  1.78075e-08
 Reference value :  1.78275e-08
 Reference value :  1.78475e-08
 Reference value :  1.78675e-08
 Reference value :  1.78925e-08
 Reference value :  1.79125e-08
 Reference value :  1.79375e-08
 Reference value :  1.79625e-08
 Reference value :  1.79875e-08
 Reference value :  1.80075e-08
 Reference value :  1.80275e-08
 Reference value :  1.80475e-08
 Reference value :  1.80725e-08
 Reference value :  1.80925e-08
 Reference value :  1.81125e-08
 Reference value :  1.81325e-08
 Reference value :  1.81525e-08
 Reference value :  1.81725e-08
 Reference value :  1.81975e-08
 Reference value :  1.82225e-08
 Reference value :  1.82425e-08
 Reference value :  1.82675e-08
 Reference value :  1.82925e-08
 Reference value :  1.83175e-08
 Reference value :  1.83425e-08
 Reference value :  1.83625e-08
 Reference value :  1.83825e-08
 Reference value :  1.84025e-08
 Reference value :  1.84275e-08
 Reference value :  1.84475e-08
 Reference value :  1.84675e-08
 Reference value :  1.84875e-08
 Reference value :  1.85125e-08
 Reference value :  1.85375e-08
 Reference value :  1.85575e-08
 Reference value :  1.85775e-08
 Reference value :  1.85925e-08
 Reference value :  1.86125e-08
 Reference value :  1.86375e-08
 Reference value :  1.86625e-08
 Reference value :  1.86875e-08
 Reference value :  1.87075e-08
 Reference value :  1.87275e-08
 Reference value :  1.87525e-08
 Reference value :  1.87775e-08
 Reference value :  1.87975e-08
 Reference value :  1.88175e-08
 Reference value :  1.88425e-08
 Reference value :  1.88575e-08
 Reference value :  1.88775e-08
 Reference value :  1.88975e-08
 Reference value :  1.89175e-08
 Reference value :  1.89325e-08
 Reference value :  1.89575e-08
 Reference value :  1.89775e-08
 Reference value :  1.89975e-08
 Reference value :  1.90175e-08
 Reference value :  1.90325e-08
 Reference value :  1.90675e-08
 Reference value :  1.90925e-08
 Reference value :  1.91125e-08
 Reference value :  1.91325e-08
 Reference value :  1.91525e-08
 Reference value :  1.91725e-08
 Reference value :  1.91925e-08
 Reference value :  1.92075e-08
 Reference value :  1.92225e-08
 Reference value :  1.92425e-08
 Reference value :  1.92625e-08
 Reference value :  1.92825e-08
 Reference value :  1.93025e-08
 Reference value :  1.93225e-08
 Reference value :  1.93425e-08
 Reference value :  1.93625e-08
 Reference value :  1.93825e-08
 Reference value :  1.94025e-08
 Reference value :  1.94275e-08
 Reference value :  1.94475e-08
 Reference value :  1.94725e-08
 Reference value :  1.94925e-08
 Reference value :  1.95175e-08
 Reference value :  1.95375e-08
 Reference value :  1.95575e-08
 Reference value :  1.95775e-08
 Reference value :  1.96025e-08
 Reference value :  1.96225e-08
 Reference value :  1.96425e-08
 Reference value :  1.96675e-08
 Reference value :  1.96925e-08
 Reference value :  1.97175e-08
 Reference value :  1.97375e-08
 Reference value :  1.97525e-08
 Reference value :  1.97725e-08
 Reference value :  1.97925e-08
 Reference value :  1.98125e-08
 Reference value :  1.98325e-08
 Reference value :  1.98575e-08
 Reference value :  1.98775e-08
 Reference value :  1.98925e-08
 Reference value :  1.99125e-08
 Reference value :  1.99375e-08
 Reference value :  1.99625e-08
 Reference value :  1.99825e-08
 Reference value :  2.00025e-08
 Reference value :  2.00225e-08
 Reference value :  2.00425e-08
 Reference value :  2.00625e-08
 Reference value :  2.00825e-08
 Reference value :  2.01025e-08
 Reference value :  2.01225e-08
 Reference value :  2.01475e-08
 Reference value :  2.01725e-08
 Reference value :  2.01975e-08
 Reference value :  2.02225e-08
 Reference value :  2.02425e-08
 Reference value :  2.02675e-08
 Reference value :  2.02925e-08
 Reference value :  2.03125e-08
 Reference value :  2.03325e-08
 Reference value :  2.03525e-08
 Reference value :  2.03725e-08
 Reference value :  2.03975e-08
 Reference value :  2.04175e-08
 Reference value :  2.04425e-08
 Reference value :  2.04575e-08
 Reference value :  2.04825e-08
 Reference value :  2.05025e-08
 Reference value :  2.05225e-08
 Reference value :  2.05475e-08
 Reference value :  2.05675e-08
 Reference value :  2.05825e-08
 Reference value :  2.06025e-08
 Reference value :  2.06275e-08
 Reference value :  2.06475e-08
 Reference value :  2.06625e-08
 Reference value :  2.06825e-08
 Reference value :  2.07025e-08
 Reference value :  2.07175e-08
 Reference value :  2.07375e-08
 Reference value :  2.07575e-08
 Reference value :  2.07825e-08
 Reference value :  2.08025e-08
 Reference value :  2.08225e-08
 Reference value :  2.08425e-08
 Reference value :  2.08575e-08
 Reference value :  2.08775e-08
 Reference value :  2.08975e-08
 Reference value :  2.09175e-08
 Reference value :  2.09375e-08
 Reference value :  2.09525e-08
 Reference value :  2.09725e-08
 Reference value :  2.09925e-08
 Reference value :  2.10175e-08
 Reference value :  2.10375e-08
 Reference value :  2.10575e-08
 Reference value :  2.10775e-08
 Reference value :  2.10975e-08
 Reference value :  2.11175e-08
 Reference value :  2.11425e-08
 Reference value :  2.11625e-08
 Reference value :  2.11775e-08
 Reference value :  2.11975e-08
 Reference value :  2.12175e-08
 Reference value :  2.12425e-08
 Reference value :  2.12575e-08
 Reference value :  2.12775e-08
 Reference value :  2.13025e-08
 Reference value :  2.13225e-08
 Reference value :  2.13425e-08
 Reference value :  2.13625e-08
 Reference value :  2.13825e-08
 Reference value :  2.14025e-08
 Reference value :  2.14275e-08
 Reference value :  2.14475e-08
 Reference value :  2.14725e-08
 Reference value :  2.14975e-08
 Reference value :  2.15275e-08
 Reference value :  2.15575e-08
 Reference value :  2.15875e-08
 Reference value :  2.16125e-08
 Reference value :  2.16325e-08
 Reference value :  2.16525e-08
 Reference value :  2.16775e-08
 Reference value :  2.17025e-08
 Reference value :  2.17225e-08
 Reference value :  2.17475e-08
 Reference value :  2.17725e-08
 Reference value :  2.17925e-08
 Reference value :  2.18125e-08
 Reference value :  2.18275e-08
 Reference value :  2.18475e-08
 Reference value :  2.18675e-08
 Reference value :  2.18875e-08
 Reference value :  2.19025e-08
 Reference value :  2.19275e-08
 Reference value :  2.19525e-08
 Reference value :  2.19725e-08
 Reference value :  2.19875e-08
 Reference value :  2.20025e-08
 Reference value :  2.20225e-08
 Reference value :  2.20475e-08
 Reference value :  2.20725e-08
 Reference value :  2.20925e-08
 Reference value :  2.21175e-08
 Reference value :  2.21425e-08
 Reference value :  2.21575e-08
 Reference value :  2.21775e-08
 Reference value :  2.21975e-08
 Reference value :  2.22175e-08
 Reference value :  2.22425e-08
 Reference value :  2.22675e-08
 Reference value :  2.22875e-08
 Reference value :  2.23075e-08
 Reference value :  2.23325e-08
 Reference value :  2.23525e-08
 Reference value :  2.23825e-08
 Reference value :  2.24075e-08
 Reference value :  2.24275e-08
 Reference value :  2.24475e-08
 Reference value :  2.24675e-08
 Reference value :  2.24875e-08
 Reference value :  2.25075e-08
 Reference value :  2.25275e-08
 Reference value :  2.25575e-08
 Reference value :  2.25775e-08
 Reference value :  2.25975e-08
 Reference value :  2.26175e-08
 Reference value :  2.26375e-08
 Reference value :  2.26575e-08
 Reference value :  2.26775e-08
 Reference value :  2.27025e-08
 Reference value :  2.27325e-08
 Reference value :  2.27525e-08
 Reference value :  2.27725e-08
 Reference value :  2.27925e-08
 Reference value :  2.28175e-08
 Reference value :  2.28375e-08
 Reference value :  2.28575e-08
 Reference value :  2.28775e-08
 Reference value :  2.28975e-08
 Reference value :  2.29175e-08
 Reference value :  2.29375e-08
 Reference value :  2.29575e-08
 Reference value :  2.29825e-08
 Reference value :  2.30025e-08
 Reference value :  2.30175e-08
 Reference value :  2.30375e-08
 Reference value :  2.30625e-08
 Reference value :  2.30875e-08
 Reference value :  2.31125e-08
 Reference value :  2.31375e-08
 Reference value :  2.31575e-08
 Reference value :  2.31825e-08
 Reference value :  2.32025e-08
 Reference value :  2.32175e-08
 Reference value :  2.32375e-08
 Reference value :  2.32575e-08
 Reference value :  2.32775e-08
 Reference value :  2.32975e-08
 Reference value :  2.33175e-08
 Reference value :  2.33375e-08
 Reference value :  2.33575e-08
 Reference value :  2.33775e-08
 Reference value :  2.33975e-08
 Reference value :  2.34175e-08
 Reference value :  2.34375e-08
 Reference value :  2.34575e-08
 Reference value :  2.34775e-08
 Reference value :  2.34975e-08
 Reference value :  2.35175e-08
 Reference value :  2.35375e-08
 Reference value :  2.35575e-08
 Reference value :  2.35775e-08
 Reference value :  2.35925e-08
 Reference value :  2.36125e-08
 Reference value :  2.36425e-08
 Reference value :  2.36575e-08
 Reference value :  2.36775e-08
 Reference value :  2.36975e-08
 Reference value :  2.37225e-08
 Reference value :  2.37425e-08
 Reference value :  2.37625e-08
 Reference value :  2.37825e-08
 Reference value :  2.37975e-08
 Reference value :  2.38175e-08
 Reference value :  2.38425e-08
 Reference value :  2.38675e-08
 Reference value :  2.38975e-08
 Reference value :  2.39225e-08
 Reference value :  2.39425e-08
 Reference value :  2.39625e-08
 Reference value :  2.39825e-08
 Reference value :  2.40025e-08
 Reference value :  2.40225e-08
 Reference value :  2.40475e-08
 Reference value :  2.40725e-08
 Reference value :  2.40925e-08
 Reference value :  2.41125e-08
 Reference value :  2.41325e-08
 Reference value :  2.41525e-08
 Reference value :  2.41725e-08
 Reference value :  2.41975e-08
 Reference value :  2.42225e-08
 Reference value :  2.42425e-08
 Reference value :  2.42675e-08
 Reference value :  2.42875e-08
 Reference value :  2.43075e-08
 Reference value :  2.43275e-08
 Reference value :  2.43525e-08
 Reference value :  2.43725e-08
 Reference value :  2.43925e-08
 Reference value :  2.44175e-08
 Reference value :  2.44375e-08
 Reference value :  2.44575e-08
 Reference value :  2.44825e-08
 Reference value :  2.45025e-08
 Reference value :  2.45225e-08
 Reference value :  2.45475e-08
 Reference value :  2.45675e-08
 Reference value :  2.45875e-08
 Reference value :  2.46125e-08
 Reference value :  2.46325e-08
 Reference value :  2.46525e-08
 Reference value :  2.46725e-08
 Reference value :  2.46925e-08
 Reference value :  2.47125e-08
 Reference value :  2.47325e-08
 Reference value :  2.47525e-08
 Reference value :  2.47675e-08
 Reference value :  2.47875e-08
 Reference value :  2.48075e-08
 Reference value :  2.48225e-08
 Reference value :  2.48425e-08
 Reference value :  2.48625e-08
 Reference value :  2.48875e-08
 Reference value :  2.49075e-08
 Reference value :  2.49275e-08
 Reference value :  2.49475e-08
 Reference value :  2.49625e-08
 Reference value :  2.49825e-08
 Reference value :  2.50075e-08
 Reference value :  2.50275e-08
 Reference value :  2.50425e-08
 Reference value :  2.50625e-08
 Reference value :  2.50825e-08
 Reference value :  2.51025e-08
 Reference value :  2.51325e-08
 Reference value :  2.51575e-08
 Reference value :  2.51825e-08
 Reference value :  2.52075e-08
 Reference value :  2.52275e-08
 Reference value :  2.52475e-08
 Reference value :  2.52725e-08
 Reference value :  2.52875e-08
 Reference value :  2.53125e-08
 Reference value :  2.53425e-08
 Reference value :  2.53625e-08
 Reference value :  2.53875e-08
 Reference value :  2.54075e-08
 Reference value :  2.54325e-08
 Reference value :  2.54475e-08
 Reference value :  2.54675e-08
 Reference value :  2.54875e-08
 Reference value :  2.55125e-08
 Reference value :  2.55375e-08
 Reference value :  2.55575e-08
 Reference value :  2.55775e-08
 Reference value :  2.56125e-08
 Reference value :  2.56375e-08
 Reference value :  2.56575e-08
 Reference value :  2.56775e-08
 Reference value :  2.56975e-08
 Reference value :  2.57175e-08
 Reference value :  2.57375e-08
 Reference value :  2.57575e-08
 Reference value :  2.57725e-08
 Reference value :  2.57925e-08
 Reference value :  2.58125e-08
 Reference value :  2.58325e-08
 Reference value :  2.58525e-08
 Reference value :  2.58725e-08
 Reference value :  2.58975e-08
 Reference value :  2.59225e-08
 Reference value :  2.59475e-08
 Reference value :  2.59725e-08
 Reference value :  2.59925e-08
 Reference value :  2.60125e-08
 Reference value :  2.60325e-08
 Reference value :  2.60575e-08
 Reference value :  2.60775e-08
 Reference value :  2.60975e-08
 Reference value :  2.61225e-08
 Reference value :  2.61525e-08
 Reference value :  2.61775e-08
 Reference value :  2.61975e-08
 Reference value :  2.62125e-08
 Reference value :  2.62425e-08
 Reference value :  2.62625e-08
 Reference value :  2.62825e-08
 Reference value :  2.63075e-08
 Reference value :  2.63275e-08
 Reference value :  2.63475e-08
 Reference value :  2.63725e-08
 Reference value :  2.63925e-08
 Reference value :  2.64125e-08
 Reference value :  2.64325e-08
 Reference value :  2.64525e-08
 Reference value :  2.64725e-08
 Reference value :  2.64925e-08
 Reference value :  2.65125e-08
 Reference value :  2.65325e-08
 Reference value :  2.65525e-08
 Reference value :  2.65725e-08
 Reference value :  2.65925e-08
 Reference value :  2.66125e-08
 Reference value :  2.66325e-08
 Reference value :  2.66575e-08
 Reference value :  2.66825e-08
 Reference value :  2.67075e-08
 Reference value :  2.67275e-08
 Reference value :  2.67475e-08
 Reference value :  2.67675e-08
 Reference value :  2.67925e-08
 Reference value :  2.68175e-08
 Reference value :  2.68375e-08
 Reference value :  2.68575e-08
 Reference value :  2.68875e-08
 Reference value :  2.69075e-08
 Reference value :  2.69325e-08
 Reference value :  2.69525e-08
 Reference value :  2.69775e-08
 Reference value :  2.69975e-08
 Reference value :  2.70175e-08
 Reference value :  2.70375e-08
 Reference value :  2.70675e-08
 Reference value :  2.70875e-08
 Reference value :  2.71125e-08
 Reference value :  2.71325e-08
 Reference value :  2.71475e-08
 Reference value :  2.71625e-08
 Reference value :  2.71775e-08
 Reference value :  2.71975e-08
 Reference value :  2.72225e-08
 Reference value :  2.72475e-08
 Reference value :  2.72725e-08
 Reference value :  2.72925e-08
 Reference value :  2.73175e-08
 Reference value :  2.73475e-08
 Reference value :  2.73675e-08
 Reference value :  2.73875e-08
 Reference value :  2.74075e-08
 Reference value :  2.74325e-08
 Reference value :  2.74575e-08
 Reference value :  2.74775e-08
 Reference value :  2.74925e-08
 Reference value :  2.75175e-08
 Reference value :  2.75375e-08
 Reference value :  2.75625e-08
 Reference value :  2.75825e-08
 Reference value :  2.76025e-08
 Reference value :  2.76225e-08
 Reference value :  2.76425e-08
 Reference value :  2.76625e-08
 Reference value :  2.76825e-08
 Reference value :  2.77025e-08
 Reference value :  2.77225e-08
 Reference value :  2.77425e-08
 Reference value :  2.77675e-08
 Reference value :  2.77875e-08
 Reference value :  2.78075e-08
 Reference value :  2.78275e-08
 Reference value :  2.78475e-08
 Reference value :  2.78675e-08
 Reference value :  2.78875e-08
 Reference value :  2.79025e-08
 Reference value :  2.79175e-08
 Reference value :  2.79375e-08
 Reference value :  2.79575e-08
 Reference value :  2.79825e-08
 Reference value :  2.80075e-08
 Reference value :  2.80275e-08
 Reference value :  2.80475e-08
 Reference value :  2.80675e-08
 Reference value :  2.80875e-08
 Reference value :  2.81075e-08
 Reference value :  2.81275e-08
 Reference value :  2.81575e-08
 Reference value :  2.81825e-08
 Reference value :  2.82025e-08
 Reference value :  2.82225e-08
 Reference value :  2.82425e-08
 Reference value :  2.82575e-08
 Reference value :  2.82775e-08
 Reference value :  2.82975e-08
 Reference value :  2.83225e-08
 Reference value :  2.83475e-08
 Reference value :  2.83675e-08
 Reference value :  2.83875e-08
 Reference value :  2.84075e-08
 Reference value :  2.84275e-08
 Reference value :  2.84475e-08
 Reference value :  2.84725e-08
 Reference value :  2.84925e-08
 Reference value :  2.85125e-08
 Reference value :  2.85325e-08
 Reference value :  2.85525e-08
 Reference value :  2.85775e-08
 Reference value :  2.85975e-08
 Reference value :  2.86175e-08
 Reference value :  2.86375e-08
 Reference value :  2.86525e-08
 Reference value :  2.86775e-08
 Reference value :  2.86975e-08
 Reference value :  2.87225e-08
 Reference value :  2.87475e-08
 Reference value :  2.87675e-08
 Reference value :  2.87875e-08
 Reference value :  2.88125e-08
 Reference value :  2.88325e-08
 Reference value :  2.88525e-08
 Reference value :  2.88775e-08
 Reference value :  2.88975e-08
 Reference value :  2.89175e-08
 Reference value :  2.89425e-08
 Reference value :  2.89675e-08
 Reference value :  2.89925e-08
 Reference value :  2.90175e-08
 Reference value :  2.90475e-08
 Reference value :  2.90675e-08
 Reference value :  2.90875e-08
 Reference value :  2.91075e-08
 Reference value :  2.91325e-08
 Reference value :  2.91575e-08
 Reference value :  2.91825e-08
 Reference value :  2.91975e-08
 Reference value :  2.92225e-08
 Reference value :  2.92475e-08
 Reference value :  2.92725e-08
 Reference value :  2.92975e-08
 Reference value :  2.93225e-08
 Reference value :  2.93425e-08
 Reference value :  2.93575e-08
 Reference value :  2.93925e-08
 Reference value :  2.96125e-08
 Reference value :  3.07025e-08
 Reference value :  3.07225e-08
 Reference value :  3.07425e-08
 Reference value :  3.07725e-08
 Reference value :  3.07975e-08
 Reference value :  3.08225e-08
 Reference value :  3.08475e-08
 Reference value :  3.08675e-08
 Reference value :  3.08875e-08
 Reference value :  3.09125e-08
 Reference value :  3.09275e-08
 Reference value :  3.09425e-08
 Reference value :  3.09625e-08
 Reference value :  3.09875e-08
 Reference value :  3.10075e-08
 Reference value :  3.10225e-08
 Reference value :  3.10425e-08
 Reference value :  3.10625e-08
 Reference value :  3.10825e-08
 Reference value :  3.11025e-08
 Reference value :  3.11225e-08
 Reference value :  3.11425e-08
 Reference value :  3.11625e-08
 Reference value :  3.11825e-08
 Reference value :  3.12025e-08
 Reference value :  3.12175e-08
 Reference value :  3.12375e-08
 Reference value :  3.12575e-08
 Reference value :  3.12775e-08
 Reference value :  3.13025e-08
 Reference value :  3.13225e-08
 Reference value :  3.13425e-08
 Reference value :  3.13675e-08
 Reference value :  3.13875e-08
 Reference value :  3.14075e-08
 Reference value :  3.14275e-08
 Reference value :  3.14525e-08
 Reference value :  3.14725e-08
 Reference value :  3.14925e-08
 Reference value :  3.15175e-08
 Reference value :  3.15375e-08
 Reference value :  3.15575e-08
 Reference value :  3.15775e-08
 Reference value :  3.15975e-08
 Reference value :  3.16175e-08
 Reference value :  3.16375e-08
 Reference value :  3.16575e-08
 Reference value :  3.16775e-08
 Reference value :  3.16975e-08
 Reference value :  3.17225e-08
 Reference value :  3.17475e-08
 Reference value :  3.17675e-08
 Reference value :  3.17875e-08
 Reference value :  3.18025e-08
 Reference value :  3.18225e-08
 Reference value :  3.18425e-08
 Reference value :  3.18675e-08
 Reference value :  3.18875e-08
 Reference value :  3.19075e-08
 Reference value :  3.19275e-08
 Reference value :  3.19475e-08
 Reference value :  3.19675e-08
 Reference value :  3.19875e-08
 Reference value :  3.20125e-08
 Reference value :  3.20325e-08
 Reference value :  3.20525e-08
 Reference value :  3.20775e-08
 Reference value :  3.21025e-08
 Reference value :  3.21225e-08
 Reference value :  3.21425e-08
 Reference value :  3.21625e-08
 Reference value :  3.21825e-08
 Reference value :  3.22075e-08
 Reference value :  3.22275e-08
 Reference value :  3.22475e-08
 Reference value :  3.22675e-08
 Reference value :  3.22925e-08
 Reference value :  3.23125e-08
 Reference value :  3.23375e-08
 Reference value :  3.23625e-08
 Reference value :  3.23875e-08
 Reference value :  3.24075e-08
 Reference value :  3.24325e-08
 Reference value :  3.24575e-08
 Reference value :  3.24775e-08
 Reference value :  3.24975e-08
 Reference value :  3.25175e-08
 Reference value :  3.25425e-08
 Reference value :  3.25625e-08
 Reference value :  3.25825e-08
 Reference value :  3.25975e-08
 Reference value :  3.26175e-08
 Reference value :  3.26375e-08
 Reference value :  3.26625e-08
 Reference value :  3.26825e-08
 Reference value :  3.27025e-08
 Reference value :  3.27225e-08
 Reference value :  3.27425e-08
 Reference value :  3.27625e-08
 Reference value :  3.27825e-08
 Reference value :  3.28025e-08
 Reference value :  3.28325e-08
 Reference value :  3.28525e-08
 Reference value :  3.28725e-08
 Reference value :  3.28975e-08
 Reference value :  3.29225e-08
 Reference value :  3.29425e-08
 Reference value :  3.29675e-08
 Reference value :  3.29875e-08
 Reference value :  3.30025e-08
 Reference value :  3.30225e-08
 Reference value :  3.30425e-08
 Reference value :  3.30625e-08
 Reference value :  3.30775e-08
 Reference value :  3.30975e-08
 Reference value :  3.31175e-08
 Reference value :  3.31425e-08
 Reference value :  3.31625e-08
 Reference value :  3.31825e-08
 Reference value :  3.32025e-08
 Reference value :  3.32225e-08
 Reference value :  3.32425e-08
 Reference value :  3.32675e-08
 Reference value :  3.32825e-08
 Reference value :  3.33025e-08
 Reference value :  3.33225e-08
 Reference value :  3.33425e-08
 Reference value :  3.33625e-08
 Reference value :  3.33875e-08
 Reference value :  3.34075e-08
 Reference value :  3.34275e-08
 Reference value :  3.34475e-08
 Reference value :  3.34725e-08
 Reference value :  3.34925e-08
 Reference value :  3.35175e-08
 Reference value :  3.35375e-08
 Reference value :  3.35575e-08
 Reference value :  3.35825e-08
 Reference value :  3.36025e-08
 Reference value :  3.36225e-08
 Reference value :  3.36425e-08
 Reference value :  3.36675e-08
 Reference value :  3.36875e-08
 Reference value :  3.37125e-08
 Reference value :  3.37275e-08
 Reference value :  3.37625e-08
 Reference value :  3.37825e-08
 Reference value :  3.38025e-08
 Reference value :  3.38275e-08
 Reference value :  3.38475e-08
 Reference value :  3.38675e-08
 Reference value :  3.38975e-08
 Reference value :  3.39175e-08
 Reference value :  3.39375e-08
 Reference value :  3.39575e-08
 Reference value :  3.39775e-08
 Reference value :  3.39975e-08
 Reference value :  3.40175e-08
 Reference value :  3.40375e-08
 Reference value :  3.40575e-08
 Reference value :  3.40775e-08
 Reference value :  3.41075e-08
 Reference value :  3.41275e-08
 Reference value :  3.41425e-08
 Reference value :  3.41625e-08
 Reference value :  3.41875e-08
 Reference value :  3.42075e-08
 Reference value :  3.42275e-08
 Reference value :  3.42425e-08
 Reference value :  3.42625e-08
 Reference value :  3.42825e-08
 Reference value :  3.43025e-08
 Reference value :  3.43225e-08
 Reference value :  3.43475e-08
 Reference value :  3.43725e-08
 Reference value :  3.43875e-08
 Reference value :  3.44075e-08
 Reference value :  3.44275e-08
 Reference value :  3.44475e-08
 Reference value :  3.44725e-08
 Reference value :  3.44925e-08
 Reference value :  3.45075e-08
 Reference value :  3.45275e-08
 Reference value :  3.45475e-08
 Reference value :  3.45675e-08
 Reference value :  3.45875e-08
 Reference value :  3.46075e-08
 Reference value :  3.46275e-08
 Reference value :  3.46525e-08
 Reference value :  3.46825e-08
 Reference value :  3.47025e-08
 Reference value :  3.47175e-08
 Reference value :  3.47375e-08
 Reference value :  3.47575e-08
 Reference value :  3.47775e-08
 Reference value :  3.48025e-08
 Reference value :  3.52125e-08
 Reference value :  3.52325e-08
 Reference value :  3.52525e-08
 Reference value :  3.52775e-08
 Reference value :  3.53025e-08
 Reference value :  3.53275e-08
 Reference value :  3.53425e-08
 Reference value :  3.53625e-08
 Reference value :  3.53825e-08
 Reference value :  3.53975e-08
 Reference value :  3.54225e-08
 Reference value :  3.54475e-08
 Reference value :  3.54825e-08
 Reference value :  3.55075e-08
 Reference value :  3.55275e-08
 Reference value :  3.55475e-08
 Reference value :  3.55725e-08
 Reference value :  3.55875e-08
 Reference value :  3.56075e-08
 Reference value :  3.56275e-08
 Reference value :  3.56525e-08
 Reference value :  3.56725e-08
 Reference value :  3.56975e-08
 Reference value :  3.57175e-08
 Reference value :  3.57375e-08
 Reference value :  3.57575e-08
 Reference value :  3.57725e-08
 Reference value :  3.57925e-08
 Reference value :  3.58125e-08
 Reference value :  3.58375e-08
 Reference value :  3.58575e-08
 Reference value :  3.58775e-08
 Reference value :  3.58975e-08
 Reference value :  3.59225e-08
 Reference value :  3.59475e-08
 Reference value :  3.59725e-08
 Reference value :  3.59925e-08
 Reference value :  3.60125e-08
 Reference value :  3.60325e-08
 Reference value :  3.60525e-08
 Reference value :  3.60675e-08
 Reference value :  3.60875e-08
 Reference value :  3.61075e-08
 Reference value :  3.61275e-08
 Reference value :  3.61475e-08
 Reference value :  3.61675e-08
 Reference value :  3.61875e-08
 Reference value :  3.62175e-08
 Reference value :  3.62425e-08
 Reference value :  3.62625e-08
 Reference value :  3.62825e-08
 Reference value :  3.63075e-08
 Reference value :  3.63375e-08
 Reference value :  3.63575e-08
 Reference value :  3.63825e-08
 Reference value :  3.64075e-08
 Reference value :  3.64275e-08
 Reference value :  3.64525e-08
 Reference value :  3.64725e-08
 Reference value :  3.64925e-08
 Reference value :  3.65175e-08
 Reference value :  3.65375e-08
 Reference value :  3.65575e-08
 Reference value :  3.65775e-08
 Reference value :  3.65925e-08
 Reference value :  3.66175e-08
 Reference value :  3.66325e-08
 Reference value :  3.66575e-08
 Reference value :  3.66775e-08
 Reference value :  3.67025e-08
 Reference value :  3.67225e-08
 Reference value :  3.67475e-08
 Reference value :  3.67675e-08
 Reference value :  3.67875e-08
 Reference value :  3.68075e-08
 Reference value :  3.68325e-08
 Reference value :  3.68525e-08
 Reference value :  3.68725e-08
 Reference value :  3.68925e-08
 Reference value :  3.69175e-08
 Reference value :  3.69375e-08
 Reference value :  3.69575e-08
 Reference value :  3.69775e-08
 Reference value :  3.69975e-08
 Reference value :  3.70175e-08
 Reference value :  3.70375e-08
 Reference value :  3.70575e-08
 Reference value :  3.70775e-08
 Reference value :  3.70975e-08
 Reference value :  3.71175e-08
 Reference value :  3.71375e-08
 Reference value :  3.71625e-08
 Reference value :  3.71825e-08
 Reference value :  3.72075e-08
 Reference value :  3.72325e-08
 Reference value :  3.72575e-08
 Reference value :  3.72725e-08
 Reference value :  3.72925e-08
 Reference value :  3.73175e-08
 Reference value :  3.73475e-08
 Reference value :  3.73675e-08
 Reference value :  3.73925e-08
 Reference value :  3.74225e-08
 Reference value :  3.74425e-08
 Reference value :  3.74725e-08
 Reference value :  3.74925e-08
 Reference value :  3.75125e-08
 Reference value :  3.75325e-08
 Reference value :  3.75475e-08
 Reference value :  3.75625e-08
 Reference value :  3.75825e-08
 Reference value :  3.76025e-08
 Reference value :  3.76275e-08
 Reference value :  3.76475e-08
 Reference value :  3.76625e-08
 Reference value :  3.76775e-08
 Reference value :  3.76975e-08
 Reference value :  3.77225e-08
 Reference value :  3.77475e-08
 Reference value :  3.77725e-08
 Reference value :  3.77925e-08
 Reference value :  3.78175e-08
 Reference value :  3.78425e-08
 Reference value :  3.78625e-08
 Reference value :  3.78775e-08
 Reference value :  3.78975e-08
 Reference value :  3.79225e-08
 Reference value :  3.79425e-08
 Reference value :  3.79675e-08
 Reference value :  3.79875e-08
 Reference value :  3.80075e-08
 Reference value :  3.80275e-08
 Reference value :  3.80475e-08
 Reference value :  3.80675e-08
 Reference value :  3.80875e-08
 Reference value :  3.81075e-08
 Reference value :  3.81225e-08
 Reference value :  3.81475e-08
 Reference value :  3.81675e-08
 Reference value :  3.81875e-08
 Reference value :  3.82075e-08
 Reference value :  3.82275e-08
 Reference value :  3.82525e-08
 Reference value :  3.82775e-08
 Reference value :  3.82975e-08
 Reference value :  3.83225e-08
 Reference value :  3.83425e-08
 Reference value :  3.83625e-08
 Reference value :  3.83825e-08
 Reference value :  3.84075e-08
 Reference value :  3.84275e-08
 Reference value :  3.84475e-08
 Reference value :  3.84625e-08
 Reference value :  3.84775e-08
 Reference value :  3.84975e-08
 Reference value :  3.85225e-08
 Reference value :  3.85425e-08
 Reference value :  3.85675e-08
 Reference value :  3.85875e-08
 Reference value :  3.86125e-08
 Reference value :  3.86375e-08
 Reference value :  3.86625e-08
 Reference value :  3.86825e-08
 Reference value :  3.87025e-08
 Reference value :  3.87175e-08
 Reference value :  3.87425e-08
 Reference value :  3.87625e-08
 Reference value :  3.87875e-08
 Reference value :  3.88075e-08
 Reference value :  3.88275e-08
 Reference value :  3.88525e-08
 Reference value :  3.88775e-08
 Reference value :  3.89025e-08
 Reference value :  3.89225e-08
 Reference value :  3.89425e-08
 Reference value :  3.89625e-08
 Reference value :  3.89825e-08
 Reference value :  3.90025e-08
 Reference value :  3.90225e-08
 Reference value :  3.90375e-08
 Reference value :  3.90575e-08
 Reference value :  3.90775e-08
 Reference value :  3.91025e-08
 Reference value :  3.91225e-08
 Reference value :  3.91425e-08
 Reference value :  3.91625e-08
 Reference value :  3.91825e-08
 Reference value :  3.92025e-08
 Reference value :  3.92225e-08
 Reference value :  3.92475e-08
 Reference value :  3.92725e-08
 Reference value :  3.92975e-08
 Reference value :  3.93125e-08
 Reference value :  3.93325e-08
 Reference value :  3.93525e-08
 Reference value :  3.93675e-08
 Reference value :  3.93875e-08
 Reference value :  3.94125e-08
 Reference value :  3.94325e-08
 Reference value :  3.94525e-08
 Reference value :  3.94725e-08
 Reference value :  3.94875e-08
 Reference value :  3.95175e-08
 Reference value :  3.95425e-08
 Reference value :  3.95675e-08
 Reference value :  3.95875e-08
 Reference value :  3.96025e-08
 Reference value :  3.96275e-08
 Reference value :  3.96425e-08
 Reference value :  3.96575e-08
 Reference value :  3.96775e-08
 Reference value :  3.96975e-08
 Reference value :  3.97125e-08
 Reference value :  3.97325e-08
 Reference value :  3.97525e-08
 Reference value :  3.97725e-08
 Reference value :  3.97925e-08
 Reference value :  3.98125e-08
 Reference value :  3.98325e-08
 Reference value :  3.98575e-08
 Reference value :  3.98775e-08
 Reference value :  3.98975e-08
 Reference value :  3.99175e-08
 Reference value :  3.99375e-08
 Reference value :  3.99575e-08
 Reference value :  3.99775e-08
 Reference value :  3.99975e-08
 Reference value :  4.00175e-08
 Reference value :  4.00375e-08
 Reference value :  4.00625e-08
 Reference value :  4.00825e-08
 Reference value :  4.01025e-08
 Reference value :  4.01225e-08
 Reference value :  4.01475e-08
 Reference value :  4.01675e-08
 Reference value :  4.01875e-08
 Reference value :  4.02075e-08
 Reference value :  4.02275e-08
 Reference value :  4.02525e-08
 Reference value :  4.02725e-08
 Reference value :  4.02925e-08
 Reference value :  4.03125e-08
 Reference value :  4.03325e-08
 Reference value :  4.03575e-08
 Reference value :  4.03775e-08
 Reference value :  4.03975e-08
 Reference value :  4.04175e-08
 Reference value :  4.04375e-08
 Reference value :  4.04575e-08
 Reference value :  4.04775e-08
 Reference value :  4.04975e-08
 Reference value :  4.05175e-08
 Reference value :  4.05425e-08
 Reference value :  4.05675e-08
 Reference value :  4.05875e-08
 Reference value :  4.06075e-08
 Reference value :  4.06275e-08
 Reference value :  4.06475e-08
 Reference value :  4.06675e-08
 Reference value :  4.06875e-08
 Reference value :  4.07075e-08
 Reference value :  4.07225e-08
 Reference value :  4.07425e-08
 Reference value :  4.07625e-08
 Reference value :  4.07825e-08
 Reference value :  4.08025e-08
 Reference value :  4.08225e-08
 Reference value :  4.08425e-08
 Reference value :  4.08625e-08
 Reference value :  4.08825e-08
 Reference value :  4.09025e-08
 Reference value :  4.09225e-08
 Reference value :  4.09425e-08
 Reference value :  4.09625e-08
 Reference value :  4.09825e-08
 Reference value :  4.09975e-08
 Reference value :  4.10175e-08
 Reference value :  4.10375e-08
 Reference value :  4.10575e-08
 Reference value :  4.10775e-08
 Reference value :  4.10975e-08
 Reference value :  4.11175e-08
 Reference value :  4.11375e-08
 Reference value :  4.11575e-08
 Reference value :  4.11775e-08
 Reference value :  4.11975e-08
 Reference value :  4.12175e-08
 Reference value :  4.12375e-08
 Reference value :  4.12575e-08
 Reference value :  4.12775e-08
 Reference value :  4.12975e-08
 Reference value :  4.13225e-08
 Reference value :  4.13425e-08
 Reference value :  4.13625e-08
 Reference value :  4.13825e-08
 Reference value :  4.14025e-08
 Reference value :  4.14225e-08
 Reference value :  4.14425e-08
 Reference value :  4.14625e-08
 Reference value :  4.14825e-08
 Reference value :  4.14975e-08
 Reference value :  4.15175e-08
 Reference value :  4.15375e-08
 Reference value :  4.15575e-08
 Reference value :  4.15775e-08
 Reference value :  4.15975e-08
 Reference value :  4.16175e-08
 Reference value :  4.16375e-08
 Reference value :  4.16575e-08
 Reference value :  4.16775e-08
 Reference value :  4.16975e-08
 Reference value :  4.17175e-08
 Reference value :  4.17325e-08
 Reference value :  4.17525e-08
 Reference value :  4.17725e-08
 Reference value :  4.17925e-08
 Reference value :  4.18125e-08
 Reference value :  4.18325e-08
 Reference value :  4.18525e-08
 Reference value :  4.18725e-08
 Reference value :  4.18975e-08
 Reference value :  4.19175e-08
 Reference value :  4.19375e-08
 Reference value :  4.19575e-08
 Reference value :  4.19775e-08
 Reference value :  4.19975e-08
 Reference value :  4.20175e-08
 Reference value :  4.20375e-08
 Reference value :  4.20575e-08
 Reference value :  4.20775e-08
 Reference value :  4.20975e-08
 Reference value :  4.21175e-08
 Reference value :  4.21325e-08
 Reference value :  4.21525e-08
 Reference value :  4.21725e-08
 Reference value :  4.21925e-08
 Reference value :  4.22125e-08
 Reference value :  4.22325e-08
 Reference value :  4.22525e-08
 Reference value :  4.22725e-08
 Reference value :  4.22925e-08
 Reference value :  4.23125e-08
 Reference value :  4.23325e-08
 Reference value :  4.23525e-08
 Reference value :  4.23725e-08
 Reference value :  4.23925e-08
 Reference value :  4.24125e-08
 Reference value :  4.24325e-08
 Reference value :  4.24525e-08
 Reference value :  4.24725e-08
 Reference value :  4.24925e-08
 Reference value :  4.25125e-08
 Reference value :  4.25275e-08
 Reference value :  4.25475e-08
 Reference value :  4.25675e-08
 Reference value :  4.25875e-08
 Reference value :  4.26125e-08
 Reference value :  4.26325e-08
 Reference value :  4.26525e-08
 Reference value :  4.26725e-08
 Reference value :  4.26925e-08
 Reference value :  4.27125e-08
 Reference value :  4.27325e-08
 Reference value :  4.27475e-08
 Reference value :  4.27675e-08
 Reference value :  4.27825e-08
 Reference value :  4.28025e-08
 Reference value :  4.28175e-08
 Reference value :  4.28375e-08
 Reference value :  4.28575e-08
 Reference value :  4.28775e-08
 Reference value :  4.28975e-08
 Reference value :  4.29175e-08
 Reference value :  4.29375e-08
 Reference value :  4.29575e-08
 Reference value :  4.29775e-08
 Reference value :  4.29975e-08
 Reference value :  4.30175e-08
 Reference value :  4.30375e-08
 Reference value :  4.30575e-08
 Reference value :  4.30775e-08
 Reference value :  4.30975e-08
 Reference value :  4.31125e-08
 Reference value :  4.31325e-08
 Reference value :  4.31475e-08
 Reference value :  4.31675e-08
 Reference value :  4.31875e-08
 Reference value :  4.32075e-08
 Reference value :  4.32275e-08
 Reference value :  4.32475e-08
 Reference value :  4.32675e-08
 Reference value :  4.32925e-08
 Reference value :  4.33075e-08
 Reference value :  4.33275e-08
 Reference value :  4.33475e-08
 Reference value :  4.33675e-08
 Reference value :  4.33825e-08
 Reference value :  4.34025e-08
 Reference value :  4.34225e-08
 Reference value :  4.34425e-08
 Reference value :  4.34625e-08
 Reference value :  4.34825e-08
 Reference value :  4.35025e-08
 Reference value :  4.35225e-08
 Reference value :  4.35425e-08
 Reference value :  4.35625e-08
 Reference value :  4.35825e-08
 Reference value :  4.36025e-08
 Reference value :  4.36225e-08
 Reference value :  4.36425e-08
 Reference value :  4.36625e-08
 Reference value :  4.36825e-08
 Reference value :  4.37025e-08
 Reference value :  4.37225e-08
 Reference value :  4.37425e-08
 Reference value :  4.37625e-08
 Reference value :  4.37825e-08
 Reference value :  4.38025e-08
 Reference value :  4.38225e-08
 Reference value :  4.38425e-08
 Reference value :  4.38625e-08
 Reference value :  4.38825e-08
 Reference value :  4.39025e-08
 Reference value :  4.39175e-08
 Reference value :  4.39375e-08
 Reference value :  4.39575e-08
 Reference value :  4.39775e-08
 Reference value :  4.39925e-08
 Reference value :  4.40125e-08
 Reference value :  4.40325e-08
 Reference value :  4.40525e-08
 Reference value :  4.40725e-08
 Reference value :  4.40925e-08
 Reference value :  4.41075e-08
 Reference value :  4.41275e-08
 Reference value :  4.41475e-08
 Reference value :  4.41675e-08
 Reference value :  4.41875e-08
 Reference value :  4.42075e-08
 Reference value :  4.42375e-08
 Reference value :  4.42575e-08
 Reference value :  4.42775e-08
 Reference value :  4.42975e-08
 Reference value :  4.43175e-08
 Reference value :  4.43375e-08
 Reference value :  4.43575e-08
 Reference value :  4.43725e-08
 Reference value :  4.43925e-08
 Reference value :  4.44125e-08
 Reference value :  4.44325e-08
 Reference value :  4.44525e-08
 Reference value :  4.44675e-08
 Reference value :  4.44875e-08
 Reference value :  4.45025e-08
 Reference value :  4.45225e-08
 Reference value :  4.45425e-08
 Reference value :  4.45625e-08
 Reference value :  4.45825e-08
 Reference value :  4.46025e-08
 Reference value :  4.46225e-08
 Reference value :  4.46425e-08
 Reference value :  4.46625e-08
 Reference value :  4.46825e-08
 Reference value :  4.47025e-08
 Reference value :  4.47225e-08
 Reference value :  4.47425e-08
 Reference value :  4.47625e-08
 Reference value :  4.47825e-08
 Reference value :  4.48025e-08
 Reference value :  4.48225e-08
 Reference value :  4.48425e-08
 Reference value :  4.48625e-08
 Reference value :  4.48825e-08
 Reference value :  4.48975e-08
 Reference value :  4.49175e-08
 Reference value :  4.49375e-08
 Reference value :  4.49575e-08
 Reference value :  4.49775e-08
 Reference value :  4.49925e-08
 Reference value :  4.50175e-08
 Reference value :  4.50375e-08
 Reference value :  4.50575e-08
 Reference value :  4.50775e-08
 Reference value :  4.50962e-08
No. of Data Rows : 9034
Note: Simulation executed from .control section 
