
Note: Compatibility modes selected: hs a


Circuit: * comparator-decision regen-time sweep -- vindiff=20mv corner=fs temp=125.0c (issue #9)

option SCALE: Scale is set to 1e-06 for instance and model parameters
option SCALE: Scale is set to 1e-06 for instance and model parameters
option SCALE: Scale is set to 1e-06 for instance and model parameters
option SCALE: Scale is set to 1e-06 for instance and model parameters
Doing analysis at TEMP = 125.000000 and TNOM = 27.000000

Using KLU as Direct Linear Solver
 Reference value :  0.00000e+00
 Reference value :  4.00000e-13
 Reference value :  1.14000e-11
 Reference value :  3.64000e-11
 Reference value :  5.64000e-11
 Reference value :  7.64000e-11
 Reference value :  9.64000e-11
 Reference value :  1.16400e-10
 Reference value :  1.36400e-10
 Reference value :  1.56400e-10
 Reference value :  1.81400e-10
 Reference value :  1.96400e-10
 Reference value :  2.16400e-10
 Reference value :  2.36400e-10
 Reference value :  2.56400e-10
 Reference value :  2.76400e-10
 Reference value :  2.96400e-10
 Reference value :  3.21400e-10
 Reference value :  3.41400e-10
 Reference value :  3.66400e-10
 Reference value :  3.86400e-10
 Reference value :  4.11400e-10
 Reference value :  4.26400e-10
 Reference value :  4.46400e-10
 Reference value :  4.71400e-10
 Reference value :  4.91400e-10
 Reference value :  5.16400e-10
 Reference value :  5.41400e-10
 Reference value :  5.61400e-10
 Reference value :  5.86400e-10
 Reference value :  6.11400e-10
 Reference value :  6.36400e-10
 Reference value :  6.51400e-10
 Reference value :  6.66400e-10
 Reference value :  6.91400e-10
 Reference value :  7.11400e-10
 Reference value :  7.31400e-10
 Reference value :  7.51400e-10
 Reference value :  7.76400e-10
 Reference value :  7.96400e-10
 Reference value :  8.21400e-10
 Reference value :  8.41400e-10
 Reference value :  8.56400e-10
 Reference value :  8.71400e-10
 Reference value :  8.91400e-10
 Reference value :  9.11400e-10
 Reference value :  9.36400e-10
 Reference value :  9.56400e-10
 Reference value :  9.76400e-10
 Reference value :  1.00140e-09
 Reference value :  1.02140e-09
 Reference value :  1.04140e-09
 Reference value :  1.06640e-09
 Reference value :  1.08640e-09
 Reference value :  1.10640e-09
 Reference value :  1.12640e-09
 Reference value :  1.15140e-09
 Reference value :  1.17140e-09
 Reference value :  1.19140e-09
 Reference value :  1.21140e-09
 Reference value :  1.23140e-09
 Reference value :  1.26140e-09
 Reference value :  1.28140e-09
 Reference value :  1.30140e-09
 Reference value :  1.32640e-09
 Reference value :  1.35140e-09
 Reference value :  1.37140e-09
 Reference value :  1.39140e-09
 Reference value :  1.41140e-09
 Reference value :  1.43640e-09
 Reference value :  1.46140e-09
 Reference value :  1.48140e-09
 Reference value :  1.50140e-09
 Reference value :  1.52140e-09
 Reference value :  1.53640e-09
 Reference value :  1.56140e-09
 Reference value :  1.59140e-09
 Reference value :  1.61140e-09
 Reference value :  1.63140e-09
 Reference value :  1.65140e-09
 Reference value :  1.67640e-09
 Reference value :  1.69640e-09
 Reference value :  1.71640e-09
 Reference value :  1.73640e-09
 Reference value :  1.75640e-09
 Reference value :  1.78140e-09
 Reference value :  1.80640e-09
 Reference value :  1.82640e-09
 Reference value :  1.84640e-09
 Reference value :  1.87140e-09
 Reference value :  1.89140e-09
 Reference value :  1.91640e-09
 Reference value :  1.93640e-09
 Reference value :  1.95140e-09
 Reference value :  1.96640e-09
 Reference value :  1.98640e-09
 Reference value :  2.00640e-09
 Reference value :  2.02640e-09
 Reference value :  2.05140e-09
 Reference value :  2.07140e-09
 Reference value :  2.09140e-09
 Reference value :  2.11640e-09
 Reference value :  2.14640e-09
 Reference value :  2.17640e-09
 Reference value :  2.19640e-09
 Reference value :  2.21640e-09
 Reference value :  2.23140e-09
 Reference value :  2.25140e-09
 Reference value :  2.26640e-09
 Reference value :  2.28140e-09
 Reference value :  2.30140e-09
 Reference value :  2.32140e-09
 Reference value :  2.34140e-09
 Reference value :  2.36140e-09
 Reference value :  2.38640e-09
 Reference value :  2.40640e-09
 Reference value :  2.43140e-09
 Reference value :  2.45640e-09
 Reference value :  2.47640e-09
 Reference value :  2.49640e-09
 Reference value :  2.51640e-09
 Reference value :  2.53640e-09
 Reference value :  2.55640e-09
 Reference value :  2.57140e-09
 Reference value :  2.59140e-09
 Reference value :  2.61140e-09
 Reference value :  2.62640e-09
 Reference value :  2.64640e-09
 Reference value :  2.66640e-09
 Reference value :  2.68140e-09
 Reference value :  2.70140e-09
 Reference value :  2.72640e-09
 Reference value :  2.74640e-09
 Reference value :  2.76640e-09
 Reference value :  2.78640e-09
 Reference value :  2.81140e-09
 Reference value :  2.83140e-09
 Reference value :  2.85140e-09
 Reference value :  2.87140e-09
 Reference value :  2.89140e-09
 Reference value :  2.91640e-09
 Reference value :  2.94140e-09
 Reference value :  2.96640e-09
 Reference value :  2.99140e-09
 Reference value :  3.01140e-09
 Reference value :  3.03140e-09
 Reference value :  3.05640e-09
 Reference value :  3.07140e-09
 Reference value :  3.09140e-09
 Reference value :  3.11140e-09
 Reference value :  3.12640e-09
 Reference value :  3.14140e-09
 Reference value :  3.16640e-09
 Reference value :  3.18640e-09
 Reference value :  3.20140e-09
 Reference value :  3.22140e-09
 Reference value :  3.24640e-09
 Reference value :  3.26640e-09
 Reference value :  3.29140e-09
 Reference value :  3.31640e-09
 Reference value :  3.34140e-09
 Reference value :  3.35640e-09
 Reference value :  3.37640e-09
 Reference value :  3.39640e-09
 Reference value :  3.41640e-09
 Reference value :  3.43640e-09
 Reference value :  3.45640e-09
 Reference value :  3.47640e-09
 Reference value :  3.49140e-09
 Reference value :  3.51640e-09
 Reference value :  3.53640e-09
 Reference value :  3.55640e-09
 Reference value :  3.57640e-09
 Reference value :  3.59140e-09
 Reference value :  3.61640e-09
 Reference value :  3.63640e-09
 Reference value :  3.66640e-09
 Reference value :  3.68140e-09
 Reference value :  3.70640e-09
 Reference value :  3.73140e-09
 Reference value :  3.75140e-09
 Reference value :  3.77140e-09
 Reference value :  3.79140e-09
 Reference value :  3.81140e-09
 Reference value :  3.83140e-09
 Reference value :  3.85140e-09
 Reference value :  3.87640e-09
 Reference value :  3.89640e-09
 Reference value :  3.91640e-09
 Reference value :  3.93640e-09
 Reference value :  3.95640e-09
 Reference value :  3.98140e-09
 Reference value :  4.02140e-09
 Reference value :  4.05640e-09
 Reference value :  4.08140e-09
 Reference value :  4.10640e-09
 Reference value :  4.13140e-09
 Reference value :  4.15140e-09
 Reference value :  4.16640e-09
 Reference value :  4.19140e-09
 Reference value :  4.21640e-09
 Reference value :  4.24140e-09
 Reference value :  4.26140e-09
 Reference value :  4.28140e-09
 Reference value :  4.30140e-09
 Reference value :  4.32140e-09
 Reference value :  4.34140e-09
 Reference value :  4.36640e-09
 Reference value :  4.38640e-09
 Reference value :  4.40640e-09
 Reference value :  4.43140e-09
 Reference value :  4.45140e-09
 Reference value :  4.46640e-09
 Reference value :  4.48640e-09
 Reference value :  4.51140e-09
 Reference value :  4.53140e-09
 Reference value :  4.55140e-09
 Reference value :  4.57140e-09
 Reference value :  4.59140e-09
 Reference value :  4.61140e-09
 Reference value :  4.63140e-09
 Reference value :  4.65140e-09
 Reference value :  4.67140e-09
 Reference value :  4.68640e-09
 Reference value :  4.70640e-09
 Reference value :  4.72640e-09
 Reference value :  4.74640e-09
 Reference value :  4.76640e-09
 Reference value :  4.78640e-09
 Reference value :  4.80640e-09
 Reference value :  4.82640e-09
 Reference value :  4.84640e-09
 Reference value :  4.86140e-09
 Reference value :  4.88140e-09
 Reference value :  4.89640e-09
 Reference value :  4.91640e-09
 Reference value :  4.94140e-09
 Reference value :  4.96640e-09
 Reference value :  4.98640e-09
 Reference value :  5.00050e-09
 Reference value :  5.01250e-09
 Reference value :  5.03250e-09
 Reference value :  5.05750e-09
 Reference value :  5.07250e-09
 Reference value :  5.08750e-09
 Reference value :  5.10150e-09
 Reference value :  5.12250e-09
 Reference value :  5.14750e-09
 Reference value :  5.16750e-09
 Reference value :  5.18750e-09
 Reference value :  5.20250e-09
 Reference value :  5.22750e-09
 Reference value :  5.25250e-09
 Reference value :  5.26750e-09
 Reference value :  5.28750e-09
 Reference value :  5.31250e-09
 Reference value :  5.33750e-09
 Reference value :  5.35750e-09
 Reference value :  5.37250e-09
 Reference value :  5.39250e-09
 Reference value :  5.41250e-09
 Reference value :  5.43250e-09
 Reference value :  5.44750e-09
 Reference value :  5.46250e-09
 Reference value :  5.48250e-09
 Reference value :  5.50750e-09
 Reference value :  5.52750e-09
 Reference value :  5.54250e-09
 Reference value :  5.56250e-09
 Reference value :  5.57750e-09
 Reference value :  5.59750e-09
 Reference value :  5.61750e-09
 Reference value :  5.64250e-09
 Reference value :  5.66250e-09
 Reference value :  5.68250e-09
 Reference value :  5.70250e-09
 Reference value :  5.72250e-09
 Reference value :  5.73750e-09
 Reference value :  5.75750e-09
 Reference value :  5.77250e-09
 Reference value :  5.79250e-09
 Reference value :  5.81250e-09
 Reference value :  5.83750e-09
 Reference value :  5.85750e-09
 Reference value :  5.87750e-09
 Reference value :  5.89750e-09
 Reference value :  5.92250e-09
 Reference value :  5.93750e-09
 Reference value :  5.95750e-09
 Reference value :  5.97750e-09
 Reference value :  5.99250e-09
 Reference value :  6.01250e-09
 Reference value :  6.03750e-09
 Reference value :  6.05750e-09
 Reference value :  6.07750e-09
 Reference value :  6.09750e-09
 Reference value :  6.11750e-09
 Reference value :  6.13250e-09
 Reference value :  6.15250e-09
 Reference value :  6.17250e-09
 Reference value :  6.20250e-09
 Reference value :  6.22750e-09
 Reference value :  6.25250e-09
 Reference value :  6.27250e-09
 Reference value :  6.30250e-09
 Reference value :  6.32750e-09
 Reference value :  6.34750e-09
 Reference value :  6.36750e-09
 Reference value :  6.39250e-09
 Reference value :  6.41250e-09
 Reference value :  6.43250e-09
 Reference value :  6.45250e-09
 Reference value :  6.47250e-09
 Reference value :  6.49250e-09
 Reference value :  6.51250e-09
 Reference value :  6.53750e-09
 Reference value :  6.55750e-09
 Reference value :  6.58250e-09
 Reference value :  6.59750e-09
 Reference value :  6.61750e-09
 Reference value :  6.63250e-09
 Reference value :  6.65250e-09
 Reference value :  6.67250e-09
 Reference value :  6.69250e-09
 Reference value :  6.71250e-09
 Reference value :  6.73250e-09
 Reference value :  6.75250e-09
 Reference value :  6.77250e-09
 Reference value :  6.79250e-09
 Reference value :  6.81250e-09
 Reference value :  6.83250e-09
 Reference value :  6.85250e-09
 Reference value :  6.87250e-09
 Reference value :  6.89250e-09
 Reference value :  6.91250e-09
 Reference value :  6.93250e-09
 Reference value :  6.95750e-09
 Reference value :  6.97750e-09
 Reference value :  7.00250e-09
 Reference value :  7.02250e-09
 Reference value :  7.04250e-09
 Reference value :  7.06250e-09
 Reference value :  7.08250e-09
 Reference value :  7.10250e-09
 Reference value :  7.12250e-09
 Reference value :  7.14250e-09
 Reference value :  7.16250e-09
 Reference value :  7.18250e-09
 Reference value :  7.20250e-09
 Reference value :  7.22250e-09
 Reference value :  7.24250e-09
 Reference value :  7.26250e-09
 Reference value :  7.28250e-09
 Reference value :  7.30250e-09
 Reference value :  7.32250e-09
 Reference value :  7.34250e-09
 Reference value :  7.36250e-09
 Reference value :  7.38250e-09
 Reference value :  7.40250e-09
 Reference value :  7.42250e-09
 Reference value :  7.44250e-09
 Reference value :  7.46250e-09
 Reference value :  7.48250e-09
 Reference value :  7.50250e-09
 Reference value :  7.52250e-09
 Reference value :  7.54250e-09
 Reference value :  7.56250e-09
 Reference value :  7.58250e-09
 Reference value :  7.60250e-09
 Reference value :  7.62250e-09
 Reference value :  7.64250e-09
 Reference value :  7.66250e-09
 Reference value :  7.68250e-09
 Reference value :  7.70250e-09
 Reference value :  7.72250e-09
 Reference value :  7.74250e-09
 Reference value :  7.76250e-09
 Reference value :  7.78250e-09
 Reference value :  7.79750e-09
 Reference value :  7.82250e-09
 Reference value :  7.84750e-09
 Reference value :  7.86750e-09
 Reference value :  7.88750e-09
 Reference value :  7.90750e-09
 Reference value :  7.93250e-09
 Reference value :  7.95250e-09
 Reference value :  7.97250e-09
 Reference value :  7.99250e-09
 Reference value :  8.01250e-09
 Reference value :  8.03250e-09
 Reference value :  8.05250e-09
 Reference value :  8.07250e-09
 Reference value :  8.09250e-09
 Reference value :  8.11250e-09
 Reference value :  8.13250e-09
 Reference value :  8.15250e-09
 Reference value :  8.17250e-09
 Reference value :  8.19250e-09
 Reference value :  8.21250e-09
 Reference value :  8.23250e-09
 Reference value :  8.25750e-09
 Reference value :  8.27750e-09
 Reference value :  8.30250e-09
 Reference value :  8.32750e-09
 Reference value :  8.34750e-09
 Reference value :  8.36750e-09
 Reference value :  8.39250e-09
 Reference value :  8.41750e-09
 Reference value :  8.43750e-09
 Reference value :  8.45750e-09
 Reference value :  8.47750e-09
 Reference value :  8.49750e-09
 Reference value :  8.52250e-09
 Reference value :  8.54250e-09
 Reference value :  8.56250e-09
 Reference value :  8.58250e-09
 Reference value :  8.60250e-09
 Reference value :  8.62250e-09
 Reference value :  8.64250e-09
 Reference value :  8.66250e-09
 Reference value :  8.68250e-09
 Reference value :  8.70250e-09
 Reference value :  8.72250e-09
 Reference value :  8.74250e-09
 Reference value :  8.76250e-09
 Reference value :  8.78250e-09
 Reference value :  8.80250e-09
 Reference value :  8.82250e-09
 Reference value :  8.84250e-09
 Reference value :  8.86250e-09
 Reference value :  8.88250e-09
 Reference value :  8.90250e-09
 Reference value :  8.92250e-09
 Reference value :  8.94250e-09
 Reference value :  8.96250e-09
 Reference value :  8.98250e-09
 Reference value :  9.00250e-09
 Reference value :  9.01750e-09
 Reference value :  9.04250e-09
 Reference value :  9.06250e-09
 Reference value :  9.08250e-09
 Reference value :  9.10250e-09
 Reference value :  9.12250e-09
 Reference value :  9.14250e-09
 Reference value :  9.16250e-09
 Reference value :  9.18250e-09
 Reference value :  9.20250e-09
 Reference value :  9.22750e-09
 Reference value :  9.24750e-09
 Reference value :  9.26750e-09
 Reference value :  9.28750e-09
 Reference value :  9.30750e-09
 Reference value :  9.32750e-09
 Reference value :  9.34750e-09
 Reference value :  9.36750e-09
 Reference value :  9.38750e-09
 Reference value :  9.40750e-09
 Reference value :  9.42750e-09
 Reference value :  9.44750e-09
 Reference value :  9.46750e-09
 Reference value :  9.48750e-09
 Reference value :  9.50750e-09
 Reference value :  9.52750e-09
 Reference value :  9.54750e-09
 Reference value :  9.56750e-09
 Reference value :  9.58250e-09
 Reference value :  9.60250e-09
 Reference value :  9.62250e-09
 Reference value :  9.63750e-09
 Reference value :  9.65750e-09
 Reference value :  9.67750e-09
 Reference value :  9.69750e-09
 Reference value :  9.72250e-09
 Reference value :  9.74750e-09
 Reference value :  9.76750e-09
 Reference value :  9.78750e-09
 Reference value :  9.80750e-09
 Reference value :  9.82750e-09
 Reference value :  9.84750e-09
 Reference value :  9.86750e-09
 Reference value :  9.88750e-09
 Reference value :  9.90750e-09
 Reference value :  9.92750e-09
 Reference value :  9.94750e-09
 Reference value :  9.96750e-09
 Reference value :  9.98750e-09
 Reference value :  1.00075e-08
 Reference value :  1.00275e-08
 Reference value :  1.00475e-08
 Reference value :  1.00675e-08
 Reference value :  1.00875e-08
 Reference value :  1.01075e-08
 Reference value :  1.01275e-08
 Reference value :  1.01475e-08
 Reference value :  1.01675e-08
 Reference value :  1.01875e-08
 Reference value :  1.02075e-08
 Reference value :  1.02275e-08
 Reference value :  1.02475e-08
 Reference value :  1.02675e-08
 Reference value :  1.02875e-08
 Reference value :  1.03075e-08
 Reference value :  1.03275e-08
 Reference value :  1.03475e-08
 Reference value :  1.03675e-08
 Reference value :  1.03875e-08
 Reference value :  1.04075e-08
 Reference value :  1.04275e-08
 Reference value :  1.04475e-08
 Reference value :  1.04675e-08
 Reference value :  1.04875e-08
 Reference value :  1.05075e-08
 Reference value :  1.05275e-08
 Reference value :  1.05475e-08
 Reference value :  1.05725e-08
 Reference value :  1.05925e-08
 Reference value :  1.06125e-08
 Reference value :  1.06325e-08
 Reference value :  1.06525e-08
 Reference value :  1.06725e-08
 Reference value :  1.06875e-08
 Reference value :  1.07075e-08
 Reference value :  1.07275e-08
 Reference value :  1.07475e-08
 Reference value :  1.07675e-08
 Reference value :  1.07925e-08
 Reference value :  1.08125e-08
 Reference value :  1.08325e-08
 Reference value :  1.08525e-08
 Reference value :  1.08725e-08
 Reference value :  1.08925e-08
 Reference value :  1.09125e-08
 Reference value :  1.09325e-08
 Reference value :  1.09525e-08
 Reference value :  1.09725e-08
 Reference value :  1.09925e-08
 Reference value :  1.10125e-08
 Reference value :  1.10275e-08
 Reference value :  1.10475e-08
 Reference value :  1.10675e-08
 Reference value :  1.10875e-08
 Reference value :  1.11075e-08
 Reference value :  1.11275e-08
 Reference value :  1.11475e-08
 Reference value :  1.11675e-08
 Reference value :  1.11875e-08
 Reference value :  1.12075e-08
 Reference value :  1.12275e-08
 Reference value :  1.12475e-08
 Reference value :  1.12675e-08
 Reference value :  1.12875e-08
 Reference value :  1.13075e-08
 Reference value :  1.13275e-08
 Reference value :  1.13475e-08
 Reference value :  1.13675e-08
 Reference value :  1.13875e-08
 Reference value :  1.14075e-08
 Reference value :  1.14275e-08
 Reference value :  1.14475e-08
 Reference value :  1.14725e-08
 Reference value :  1.14925e-08
 Reference value :  1.15075e-08
 Reference value :  1.15275e-08
 Reference value :  1.15475e-08
 Reference value :  1.15675e-08
 Reference value :  1.15875e-08
 Reference value :  1.16075e-08
 Reference value :  1.16275e-08
 Reference value :  1.16525e-08
 Reference value :  1.16725e-08
 Reference value :  1.16925e-08
 Reference value :  1.17125e-08
 Reference value :  1.17325e-08
 Reference value :  1.17525e-08
 Reference value :  1.17725e-08
 Reference value :  1.17925e-08
 Reference value :  1.18125e-08
 Reference value :  1.18325e-08
 Reference value :  1.18525e-08
 Reference value :  1.18725e-08
 Reference value :  1.18925e-08
 Reference value :  1.19125e-08
 Reference value :  1.19325e-08
 Reference value :  1.19575e-08
 Reference value :  1.19775e-08
 Reference value :  1.19975e-08
 Reference value :  1.20175e-08
 Reference value :  1.20375e-08
 Reference value :  1.20525e-08
 Reference value :  1.20725e-08
 Reference value :  1.20925e-08
 Reference value :  1.21175e-08
 Reference value :  1.21375e-08
 Reference value :  1.21525e-08
 Reference value :  1.21725e-08
 Reference value :  1.21925e-08
 Reference value :  1.22125e-08
 Reference value :  1.22325e-08
 Reference value :  1.22525e-08
 Reference value :  1.22725e-08
 Reference value :  1.22925e-08
 Reference value :  1.23175e-08
 Reference value :  1.23375e-08
 Reference value :  1.23575e-08
 Reference value :  1.23825e-08
 Reference value :  1.24025e-08
 Reference value :  1.24225e-08
 Reference value :  1.24475e-08
 Reference value :  1.24675e-08
 Reference value :  1.24925e-08
 Reference value :  1.25125e-08
 Reference value :  1.25325e-08
 Reference value :  1.25525e-08
 Reference value :  1.25725e-08
 Reference value :  1.25925e-08
 Reference value :  1.26125e-08
 Reference value :  1.26325e-08
 Reference value :  1.26525e-08
 Reference value :  1.26725e-08
 Reference value :  1.26925e-08
 Reference value :  1.27075e-08
 Reference value :  1.27275e-08
 Reference value :  1.27475e-08
 Reference value :  1.27675e-08
 Reference value :  1.27875e-08
 Reference value :  1.28075e-08
 Reference value :  1.28275e-08
 Reference value :  1.28525e-08
 Reference value :  1.28725e-08
 Reference value :  1.28925e-08
 Reference value :  1.29125e-08
 Reference value :  1.29325e-08
 Reference value :  1.29525e-08
 Reference value :  1.29725e-08
 Reference value :  1.29925e-08
 Reference value :  1.30125e-08
 Reference value :  1.30325e-08
 Reference value :  1.30525e-08
 Reference value :  1.30725e-08
 Reference value :  1.30975e-08
 Reference value :  1.31175e-08
 Reference value :  1.31375e-08
 Reference value :  1.31575e-08
 Reference value :  1.31825e-08
 Reference value :  1.32025e-08
 Reference value :  1.32225e-08
 Reference value :  1.32425e-08
 Reference value :  1.32625e-08
 Reference value :  1.32825e-08
 Reference value :  1.32975e-08
 Reference value :  1.33225e-08
 Reference value :  1.33425e-08
 Reference value :  1.33625e-08
 Reference value :  1.33825e-08
 Reference value :  1.34025e-08
 Reference value :  1.34225e-08
 Reference value :  1.34425e-08
 Reference value :  1.34625e-08
 Reference value :  1.34875e-08
 Reference value :  1.35075e-08
 Reference value :  1.35325e-08
 Reference value :  1.35525e-08
 Reference value :  1.35725e-08
 Reference value :  1.35925e-08
 Reference value :  1.36125e-08
 Reference value :  1.36375e-08
 Reference value :  1.36675e-08
 Reference value :  1.36875e-08
 Reference value :  1.37075e-08
 Reference value :  1.37325e-08
 Reference value :  1.37525e-08
 Reference value :  1.37725e-08
 Reference value :  1.37925e-08
 Reference value :  1.38125e-08
 Reference value :  1.38425e-08
 Reference value :  1.38625e-08
 Reference value :  1.38825e-08
 Reference value :  1.39025e-08
 Reference value :  1.39275e-08
 Reference value :  1.39475e-08
 Reference value :  1.39675e-08
 Reference value :  1.39875e-08
 Reference value :  1.40125e-08
 Reference value :  1.40325e-08
 Reference value :  1.40575e-08
 Reference value :  1.40825e-08
 Reference value :  1.41025e-08
 Reference value :  1.41225e-08
 Reference value :  1.41475e-08
 Reference value :  1.41725e-08
 Reference value :  1.41975e-08
 Reference value :  1.42175e-08
 Reference value :  1.42425e-08
 Reference value :  1.42675e-08
 Reference value :  1.42875e-08
 Reference value :  1.43075e-08
 Reference value :  1.43225e-08
 Reference value :  1.43425e-08
 Reference value :  1.43675e-08
 Reference value :  1.43875e-08
 Reference value :  1.44025e-08
 Reference value :  1.44225e-08
 Reference value :  1.44425e-08
 Reference value :  1.44625e-08
 Reference value :  1.44825e-08
 Reference value :  1.45025e-08
 Reference value :  1.45225e-08
 Reference value :  1.45425e-08
 Reference value :  1.45625e-08
 Reference value :  1.45825e-08
 Reference value :  1.46025e-08
 Reference value :  1.46225e-08
 Reference value :  1.46425e-08
 Reference value :  1.46625e-08
 Reference value :  1.46875e-08
 Reference value :  1.47125e-08
 Reference value :  1.47325e-08
 Reference value :  1.47575e-08
 Reference value :  1.47825e-08
 Reference value :  1.48075e-08
 Reference value :  1.48375e-08
 Reference value :  1.48575e-08
 Reference value :  1.48775e-08
 Reference value :  1.49025e-08
 Reference value :  1.49325e-08
 Reference value :  1.49525e-08
 Reference value :  1.49675e-08
 Reference value :  1.49875e-08
 Reference value :  1.50075e-08
 Reference value :  1.50225e-08
 Reference value :  1.50425e-08
 Reference value :  1.50575e-08
 Reference value :  1.50775e-08
 Reference value :  1.50975e-08
 Reference value :  1.51175e-08
 Reference value :  1.51525e-08
 Reference value :  1.51725e-08
 Reference value :  1.51875e-08
 Reference value :  1.52025e-08
 Reference value :  1.52225e-08
 Reference value :  1.52425e-08
 Reference value :  1.52625e-08
 Reference value :  1.52825e-08
 Reference value :  1.53075e-08
 Reference value :  1.53325e-08
 Reference value :  1.53575e-08
 Reference value :  1.53775e-08
 Reference value :  1.53975e-08
 Reference value :  1.54325e-08
 Reference value :  1.54525e-08
 Reference value :  1.54725e-08
 Reference value :  1.54925e-08
 Reference value :  1.55125e-08
 Reference value :  1.55325e-08
 Reference value :  1.55525e-08
 Reference value :  1.55725e-08
 Reference value :  1.55975e-08
 Reference value :  1.56225e-08
 Reference value :  1.56475e-08
 Reference value :  1.56675e-08
 Reference value :  1.56925e-08
 Reference value :  1.57125e-08
 Reference value :  1.57325e-08
 Reference value :  1.57525e-08
 Reference value :  1.57725e-08
 Reference value :  1.57975e-08
 Reference value :  1.58175e-08
 Reference value :  1.58325e-08
 Reference value :  1.58575e-08
 Reference value :  1.58775e-08
 Reference value :  1.58975e-08
 Reference value :  1.59175e-08
 Reference value :  1.59475e-08
 Reference value :  1.59725e-08
 Reference value :  1.59925e-08
 Reference value :  1.60125e-08
 Reference value :  1.60325e-08
 Reference value :  1.60525e-08
 Reference value :  1.60675e-08
 Reference value :  1.60875e-08
 Reference value :  1.61125e-08
 Reference value :  1.61325e-08
 Reference value :  1.61525e-08
 Reference value :  1.61725e-08
 Reference value :  1.61925e-08
 Reference value :  1.62175e-08
 Reference value :  1.62375e-08
 Reference value :  1.62625e-08
 Reference value :  1.62825e-08
 Reference value :  1.63025e-08
 Reference value :  1.63175e-08
 Reference value :  1.63375e-08
 Reference value :  1.63575e-08
 Reference value :  1.63775e-08
 Reference value :  1.63925e-08
 Reference value :  1.64075e-08
 Reference value :  1.64275e-08
 Reference value :  1.64525e-08
 Reference value :  1.64775e-08
 Reference value :  1.64975e-08
 Reference value :  1.65175e-08
 Reference value :  1.65425e-08
 Reference value :  1.65625e-08
 Reference value :  1.65925e-08
 Reference value :  1.66125e-08
 Reference value :  1.66325e-08
 Reference value :  1.66525e-08
 Reference value :  1.66725e-08
 Reference value :  1.66925e-08
 Reference value :  1.67175e-08
 Reference value :  1.67375e-08
 Reference value :  1.67625e-08
 Reference value :  1.67775e-08
 Reference value :  1.67975e-08
 Reference value :  1.68175e-08
 Reference value :  1.68375e-08
 Reference value :  1.68625e-08
 Reference value :  1.68825e-08
 Reference value :  1.69075e-08
 Reference value :  1.69225e-08
 Reference value :  1.69425e-08
 Reference value :  1.69625e-08
 Reference value :  1.69825e-08
 Reference value :  1.69975e-08
 Reference value :  1.70225e-08
 Reference value :  1.70475e-08
 Reference value :  1.70675e-08
 Reference value :  1.70875e-08
 Reference value :  1.71125e-08
 Reference value :  1.71375e-08
 Reference value :  1.71625e-08
 Reference value :  1.71825e-08
 Reference value :  1.72025e-08
 Reference value :  1.72325e-08
 Reference value :  1.72575e-08
 Reference value :  1.72775e-08
 Reference value :  1.72975e-08
 Reference value :  1.73175e-08
 Reference value :  1.73375e-08
 Reference value :  1.73575e-08
 Reference value :  1.73775e-08
 Reference value :  1.73975e-08
 Reference value :  1.74225e-08
 Reference value :  1.74425e-08
 Reference value :  1.74675e-08
 Reference value :  1.74925e-08
 Reference value :  1.75175e-08
 Reference value :  1.75375e-08
 Reference value :  1.75575e-08
 Reference value :  1.75825e-08
 Reference value :  1.76025e-08
 Reference value :  1.76225e-08
 Reference value :  1.76425e-08
 Reference value :  1.76625e-08
 Reference value :  1.76825e-08
 Reference value :  1.77125e-08
 Reference value :  1.77325e-08
 Reference value :  1.77525e-08
 Reference value :  1.77725e-08
 Reference value :  1.77925e-08
 Reference value :  1.78125e-08
 Reference value :  1.78325e-08
 Reference value :  1.78525e-08
 Reference value :  1.78725e-08
 Reference value :  1.78925e-08
 Reference value :  1.79125e-08
 Reference value :  1.79325e-08
 Reference value :  1.79575e-08
 Reference value :  1.79775e-08
 Reference value :  1.79975e-08
 Reference value :  1.80175e-08
 Reference value :  1.80325e-08
 Reference value :  1.80525e-08
 Reference value :  1.80725e-08
 Reference value :  1.80925e-08
 Reference value :  1.81075e-08
 Reference value :  1.81225e-08
 Reference value :  1.81375e-08
 Reference value :  1.81575e-08
 Reference value :  1.81775e-08
 Reference value :  1.81975e-08
 Reference value :  1.82125e-08
 Reference value :  1.82275e-08
 Reference value :  1.82475e-08
 Reference value :  1.82675e-08
 Reference value :  1.82875e-08
 Reference value :  1.83025e-08
 Reference value :  1.83225e-08
 Reference value :  1.83425e-08
 Reference value :  1.83625e-08
 Reference value :  1.83875e-08
 Reference value :  1.84125e-08
 Reference value :  1.84325e-08
 Reference value :  1.84525e-08
 Reference value :  1.84775e-08
 Reference value :  1.84975e-08
 Reference value :  1.85225e-08
 Reference value :  1.85425e-08
 Reference value :  1.85625e-08
 Reference value :  1.85825e-08
 Reference value :  1.86025e-08
 Reference value :  1.86225e-08
 Reference value :  1.86425e-08
 Reference value :  1.87325e-08
 Reference value :  1.87525e-08
 Reference value :  1.87725e-08
 Reference value :  1.87975e-08
 Reference value :  1.88175e-08
 Reference value :  1.88425e-08
 Reference value :  1.88625e-08
 Reference value :  1.88875e-08
 Reference value :  1.89025e-08
 Reference value :  1.89225e-08
 Reference value :  1.89425e-08
 Reference value :  1.89625e-08
 Reference value :  1.89825e-08
 Reference value :  1.90025e-08
 Reference value :  1.90225e-08
 Reference value :  1.90425e-08
 Reference value :  1.90625e-08
 Reference value :  1.90875e-08
 Reference value :  1.91075e-08
 Reference value :  1.91275e-08
 Reference value :  1.91525e-08
 Reference value :  1.91725e-08
 Reference value :  1.91925e-08
 Reference value :  1.92125e-08
 Reference value :  1.92375e-08
 Reference value :  1.92575e-08
 Reference value :  1.92825e-08
 Reference value :  1.93125e-08
 Reference value :  1.93325e-08
 Reference value :  1.93525e-08
 Reference value :  1.93725e-08
 Reference value :  1.93925e-08
 Reference value :  1.94125e-08
 Reference value :  1.94325e-08
 Reference value :  1.94525e-08
 Reference value :  1.94675e-08
 Reference value :  1.94825e-08
 Reference value :  1.95075e-08
 Reference value :  1.95325e-08
 Reference value :  1.95475e-08
 Reference value :  1.95675e-08
 Reference value :  1.95925e-08
 Reference value :  1.96225e-08
 Reference value :  1.96425e-08
 Reference value :  1.96625e-08
 Reference value :  1.96825e-08
 Reference value :  1.96975e-08
 Reference value :  1.97175e-08
 Reference value :  1.97375e-08
 Reference value :  1.97575e-08
 Reference value :  1.97775e-08
 Reference value :  1.98025e-08
 Reference value :  1.98275e-08
 Reference value :  1.98475e-08
 Reference value :  1.98675e-08
 Reference value :  1.98925e-08
 Reference value :  1.99125e-08
 Reference value :  1.99425e-08
 Reference value :  1.99675e-08
 Reference value :  1.99925e-08
 Reference value :  2.00175e-08
 Reference value :  2.00375e-08
 Reference value :  2.00575e-08
 Reference value :  2.00775e-08
 Reference value :  2.00975e-08
 Reference value :  2.01175e-08
 Reference value :  2.01375e-08
 Reference value :  2.01575e-08
 Reference value :  2.01775e-08
 Reference value :  2.01975e-08
 Reference value :  2.02175e-08
 Reference value :  2.02375e-08
 Reference value :  2.02625e-08
 Reference value :  2.02775e-08
 Reference value :  2.02975e-08
 Reference value :  2.03225e-08
 Reference value :  2.03425e-08
 Reference value :  2.03675e-08
 Reference value :  2.03875e-08
 Reference value :  2.04075e-08
 Reference value :  2.04275e-08
 Reference value :  2.04475e-08
 Reference value :  2.04675e-08
 Reference value :  2.04875e-08
 Reference value :  2.05025e-08
 Reference value :  2.05275e-08
 Reference value :  2.05475e-08
 Reference value :  2.05675e-08
 Reference value :  2.05875e-08
 Reference value :  2.06075e-08
 Reference value :  2.06325e-08
 Reference value :  2.06575e-08
 Reference value :  2.06775e-08
 Reference value :  2.06925e-08
 Reference value :  2.07125e-08
 Reference value :  2.07375e-08
 Reference value :  2.07575e-08
 Reference value :  2.07825e-08
 Reference value :  2.08025e-08
 Reference value :  2.08325e-08
 Reference value :  2.08575e-08
 Reference value :  2.08775e-08
 Reference value :  2.08975e-08
 Reference value :  2.09175e-08
 Reference value :  2.09375e-08
 Reference value :  2.09575e-08
 Reference value :  2.09725e-08
 Reference value :  2.09925e-08
 Reference value :  2.10125e-08
 Reference value :  2.10325e-08
 Reference value :  2.10625e-08
 Reference value :  2.10825e-08
 Reference value :  2.11025e-08
 Reference value :  2.11275e-08
 Reference value :  2.11475e-08
 Reference value :  2.11675e-08
 Reference value :  2.11925e-08
 Reference value :  2.12175e-08
 Reference value :  2.12375e-08
 Reference value :  2.12575e-08
 Reference value :  2.12725e-08
 Reference value :  2.12925e-08
 Reference value :  2.13175e-08
 Reference value :  2.13375e-08
 Reference value :  2.13575e-08
 Reference value :  2.13775e-08
 Reference value :  2.14025e-08
 Reference value :  2.14175e-08
 Reference value :  2.14325e-08
 Reference value :  2.14575e-08
 Reference value :  2.14775e-08
 Reference value :  2.14975e-08
 Reference value :  2.15125e-08
 Reference value :  2.15325e-08
 Reference value :  2.15525e-08
 Reference value :  2.15725e-08
 Reference value :  2.15925e-08
 Reference value :  2.16125e-08
 Reference value :  2.16275e-08
 Reference value :  2.16425e-08
 Reference value :  2.16675e-08
 Reference value :  2.16925e-08
 Reference value :  2.17175e-08
 Reference value :  2.17325e-08
 Reference value :  2.17525e-08
 Reference value :  2.17725e-08
 Reference value :  2.17925e-08
 Reference value :  2.18125e-08
 Reference value :  2.18325e-08
 Reference value :  2.18525e-08
 Reference value :  2.18725e-08
 Reference value :  2.18925e-08
 Reference value :  2.19175e-08
 Reference value :  2.19375e-08
 Reference value :  2.19575e-08
 Reference value :  2.19825e-08
 Reference value :  2.20025e-08
 Reference value :  2.20225e-08
 Reference value :  2.20425e-08
 Reference value :  2.20575e-08
 Reference value :  2.20775e-08
 Reference value :  2.21025e-08
 Reference value :  2.21225e-08
 Reference value :  2.21475e-08
 Reference value :  2.21675e-08
 Reference value :  2.21825e-08
 Reference value :  2.22025e-08
 Reference value :  2.22225e-08
 Reference value :  2.22425e-08
 Reference value :  2.22675e-08
 Reference value :  2.22875e-08
 Reference value :  2.23125e-08
 Reference value :  2.23325e-08
 Reference value :  2.23525e-08
 Reference value :  2.23725e-08
 Reference value :  2.23925e-08
 Reference value :  2.24125e-08
 Reference value :  2.24325e-08
 Reference value :  2.24525e-08
 Reference value :  2.24675e-08
 Reference value :  2.24875e-08
 Reference value :  2.25125e-08
 Reference value :  2.25325e-08
 Reference value :  2.25475e-08
 Reference value :  2.25725e-08
 Reference value :  2.25975e-08
 Reference value :  2.26175e-08
 Reference value :  2.26375e-08
 Reference value :  2.26625e-08
 Reference value :  2.26825e-08
 Reference value :  2.27075e-08
 Reference value :  2.27225e-08
 Reference value :  2.27425e-08
 Reference value :  2.27625e-08
 Reference value :  2.27825e-08
 Reference value :  2.28025e-08
 Reference value :  2.28275e-08
 Reference value :  2.28475e-08
 Reference value :  2.28725e-08
 Reference value :  2.28925e-08
 Reference value :  2.29125e-08
 Reference value :  2.29375e-08
 Reference value :  2.29575e-08
 Reference value :  2.29775e-08
 Reference value :  2.30025e-08
 Reference value :  2.30225e-08
 Reference value :  2.30425e-08
 Reference value :  2.30625e-08
 Reference value :  2.30825e-08
 Reference value :  2.30975e-08
 Reference value :  2.31175e-08
 Reference value :  2.31425e-08
 Reference value :  2.31575e-08
 Reference value :  2.31875e-08
 Reference value :  2.32125e-08
 Reference value :  2.32325e-08
 Reference value :  2.32525e-08
 Reference value :  2.32775e-08
 Reference value :  2.32975e-08
 Reference value :  2.33175e-08
 Reference value :  2.33425e-08
 Reference value :  2.33575e-08
 Reference value :  2.33725e-08
 Reference value :  2.33925e-08
 Reference value :  2.34125e-08
 Reference value :  2.34375e-08
 Reference value :  2.34575e-08
 Reference value :  2.34725e-08
 Reference value :  2.34925e-08
 Reference value :  2.35125e-08
 Reference value :  2.35275e-08
 Reference value :  2.35475e-08
 Reference value :  2.35675e-08
 Reference value :  2.35875e-08
 Reference value :  2.36025e-08
 Reference value :  2.36275e-08
 Reference value :  2.36525e-08
 Reference value :  2.36775e-08
 Reference value :  2.36975e-08
 Reference value :  2.38175e-08
 Reference value :  2.38325e-08
 Reference value :  2.38475e-08
 Reference value :  2.38675e-08
 Reference value :  2.38925e-08
 Reference value :  2.39175e-08
 Reference value :  2.39375e-08
 Reference value :  2.39625e-08
 Reference value :  2.39825e-08
 Reference value :  2.40075e-08
 Reference value :  2.40325e-08
 Reference value :  2.40525e-08
 Reference value :  2.40725e-08
 Reference value :  2.40925e-08
 Reference value :  2.41125e-08
 Reference value :  2.41375e-08
 Reference value :  2.41575e-08
 Reference value :  2.41775e-08
 Reference value :  2.41975e-08
 Reference value :  2.42175e-08
 Reference value :  2.42375e-08
 Reference value :  2.42625e-08
 Reference value :  2.42925e-08
 Reference value :  2.43125e-08
 Reference value :  2.43375e-08
 Reference value :  2.43575e-08
 Reference value :  2.43775e-08
 Reference value :  2.43975e-08
 Reference value :  2.44175e-08
 Reference value :  2.44325e-08
 Reference value :  2.44525e-08
 Reference value :  2.44725e-08
 Reference value :  2.44925e-08
 Reference value :  2.45175e-08
 Reference value :  2.45475e-08
 Reference value :  2.45725e-08
 Reference value :  2.45975e-08
 Reference value :  2.46125e-08
 Reference value :  2.46275e-08
 Reference value :  2.46475e-08
 Reference value :  2.46625e-08
 Reference value :  2.46825e-08
 Reference value :  2.47025e-08
 Reference value :  2.47275e-08
 Reference value :  2.47475e-08
 Reference value :  2.47725e-08
 Reference value :  2.47875e-08
 Reference value :  2.48025e-08
 Reference value :  2.48275e-08
 Reference value :  2.48475e-08
 Reference value :  2.48725e-08
 Reference value :  2.48975e-08
 Reference value :  2.49175e-08
 Reference value :  2.49375e-08
 Reference value :  2.49575e-08
 Reference value :  2.49825e-08
 Reference value :  2.50075e-08
 Reference value :  2.50275e-08
 Reference value :  2.50425e-08
 Reference value :  2.50675e-08
 Reference value :  2.50825e-08
 Reference value :  2.51025e-08
 Reference value :  2.51275e-08
 Reference value :  2.51575e-08
 Reference value :  2.51775e-08
 Reference value :  2.52025e-08
 Reference value :  2.52275e-08
 Reference value :  2.52475e-08
 Reference value :  2.52675e-08
 Reference value :  2.52925e-08
 Reference value :  2.53125e-08
 Reference value :  2.53325e-08
 Reference value :  2.53525e-08
 Reference value :  2.53825e-08
 Reference value :  2.54125e-08
 Reference value :  2.54375e-08
 Reference value :  2.54625e-08
 Reference value :  2.54825e-08
 Reference value :  2.55075e-08
 Reference value :  2.55275e-08
 Reference value :  2.55475e-08
 Reference value :  2.55675e-08
 Reference value :  2.55925e-08
 Reference value :  2.56125e-08
 Reference value :  2.56325e-08
 Reference value :  2.56525e-08
 Reference value :  2.56725e-08
 Reference value :  2.56875e-08
 Reference value :  2.57025e-08
 Reference value :  2.57225e-08
 Reference value :  2.57475e-08
 Reference value :  2.57725e-08
 Reference value :  2.57925e-08
 Reference value :  2.58125e-08
 Reference value :  2.58325e-08
 Reference value :  2.58525e-08
 Reference value :  2.58775e-08
 Reference value :  2.59025e-08
 Reference value :  2.59275e-08
 Reference value :  2.59475e-08
 Reference value :  2.59675e-08
 Reference value :  2.59875e-08
 Reference value :  2.60075e-08
 Reference value :  2.60275e-08
 Reference value :  2.60475e-08
 Reference value :  2.60675e-08
 Reference value :  2.60875e-08
 Reference value :  2.61075e-08
 Reference value :  2.61275e-08
 Reference value :  2.61425e-08
 Reference value :  2.61675e-08
 Reference value :  2.61825e-08
 Reference value :  2.61975e-08
 Reference value :  2.62125e-08
 Reference value :  2.62325e-08
 Reference value :  2.62625e-08
 Reference value :  2.62825e-08
 Reference value :  2.63025e-08
 Reference value :  2.63225e-08
 Reference value :  2.63375e-08
 Reference value :  2.63625e-08
 Reference value :  2.63875e-08
 Reference value :  2.64075e-08
 Reference value :  2.64275e-08
 Reference value :  2.64475e-08
 Reference value :  2.64675e-08
 Reference value :  2.64875e-08
 Reference value :  2.65075e-08
 Reference value :  2.65275e-08
 Reference value :  2.65525e-08
 Reference value :  2.65775e-08
 Reference value :  2.66025e-08
 Reference value :  2.66225e-08
 Reference value :  2.66425e-08
 Reference value :  2.66625e-08
 Reference value :  2.66825e-08
 Reference value :  2.67025e-08
 Reference value :  2.67325e-08
 Reference value :  2.67575e-08
 Reference value :  2.67825e-08
 Reference value :  2.68025e-08
 Reference value :  2.68275e-08
 Reference value :  2.68475e-08
 Reference value :  2.68675e-08
 Reference value :  2.68925e-08
 Reference value :  2.69075e-08
 Reference value :  2.69325e-08
 Reference value :  2.69575e-08
 Reference value :  2.69825e-08
 Reference value :  2.70025e-08
 Reference value :  2.70225e-08
 Reference value :  2.70375e-08
 Reference value :  2.70575e-08
 Reference value :  2.70825e-08
 Reference value :  2.71025e-08
 Reference value :  2.71225e-08
 Reference value :  2.71475e-08
 Reference value :  2.71675e-08
 Reference value :  2.71875e-08
 Reference value :  2.72025e-08
 Reference value :  2.72275e-08
 Reference value :  2.72475e-08
 Reference value :  2.72675e-08
 Reference value :  2.72875e-08
 Reference value :  2.73025e-08
 Reference value :  2.73225e-08
 Reference value :  2.73425e-08
 Reference value :  2.73625e-08
 Reference value :  2.73825e-08
 Reference value :  2.73975e-08
 Reference value :  2.74125e-08
 Reference value :  2.74325e-08
 Reference value :  2.74525e-08
 Reference value :  2.74725e-08
 Reference value :  2.74925e-08
 Reference value :  2.75175e-08
 Reference value :  2.75425e-08
 Reference value :  2.75625e-08
 Reference value :  2.75975e-08
 Reference value :  2.76175e-08
 Reference value :  2.76375e-08
 Reference value :  2.76575e-08
 Reference value :  2.76775e-08
 Reference value :  2.77025e-08
 Reference value :  2.77225e-08
 Reference value :  2.77475e-08
 Reference value :  2.77675e-08
 Reference value :  2.77925e-08
 Reference value :  2.78125e-08
 Reference value :  2.78475e-08
 Reference value :  2.78675e-08
 Reference value :  2.78875e-08
 Reference value :  2.79125e-08
 Reference value :  2.79375e-08
 Reference value :  2.79575e-08
 Reference value :  2.79725e-08
 Reference value :  2.79925e-08
 Reference value :  2.80175e-08
 Reference value :  2.80375e-08
 Reference value :  2.80625e-08
 Reference value :  2.80825e-08
 Reference value :  2.81025e-08
 Reference value :  2.81325e-08
 Reference value :  2.81575e-08
 Reference value :  2.81775e-08
 Reference value :  2.82025e-08
 Reference value :  2.82175e-08
 Reference value :  2.82375e-08
 Reference value :  2.82625e-08
 Reference value :  2.82875e-08
 Reference value :  2.83125e-08
 Reference value :  2.83325e-08
 Reference value :  2.83525e-08
 Reference value :  2.83675e-08
 Reference value :  2.83875e-08
 Reference value :  2.84075e-08
 Reference value :  2.84375e-08
 Reference value :  2.84575e-08
 Reference value :  2.84775e-08
 Reference value :  2.84975e-08
 Reference value :  2.85225e-08
 Reference value :  2.85525e-08
 Reference value :  2.85725e-08
 Reference value :  2.85925e-08
 Reference value :  2.86125e-08
 Reference value :  2.86275e-08
 Reference value :  2.86425e-08
 Reference value :  2.86575e-08
 Reference value :  2.86725e-08
 Reference value :  2.86875e-08
 Reference value :  2.87075e-08
 Reference value :  2.87275e-08
 Reference value :  2.87525e-08
 Reference value :  2.87775e-08
 Reference value :  2.87975e-08
 Reference value :  2.88175e-08
 Reference value :  2.88425e-08
 Reference value :  2.88625e-08
 Reference value :  2.88875e-08
 Reference value :  2.89075e-08
 Reference value :  2.89275e-08
 Reference value :  2.89475e-08
 Reference value :  2.89675e-08
 Reference value :  2.89925e-08
 Reference value :  2.90125e-08
 Reference value :  2.90375e-08
 Reference value :  2.90625e-08
 Reference value :  2.90825e-08
 Reference value :  2.91025e-08
 Reference value :  2.91225e-08
 Reference value :  2.91525e-08
 Reference value :  2.91825e-08
 Reference value :  2.92025e-08
 Reference value :  2.92225e-08
 Reference value :  2.92425e-08
 Reference value :  2.92675e-08
 Reference value :  2.92875e-08
 Reference value :  2.93125e-08
 Reference value :  2.93375e-08
 Reference value :  2.93575e-08
 Reference value :  2.93775e-08
 Reference value :  2.93975e-08
 Reference value :  2.94225e-08
 Reference value :  2.94475e-08
 Reference value :  2.94625e-08
 Reference value :  2.94825e-08
 Reference value :  2.95075e-08
 Reference value :  2.95275e-08
 Reference value :  2.95475e-08
 Reference value :  2.95725e-08
 Reference value :  2.95975e-08
 Reference value :  2.96175e-08
 Reference value :  2.96325e-08
 Reference value :  2.96525e-08
 Reference value :  2.96725e-08
 Reference value :  2.96875e-08
 Reference value :  2.97125e-08
 Reference value :  2.97325e-08
 Reference value :  2.97625e-08
 Reference value :  2.97825e-08
 Reference value :  2.98025e-08
 Reference value :  2.98225e-08
 Reference value :  2.98375e-08
 Reference value :  2.98575e-08
 Reference value :  2.98775e-08
 Reference value :  2.98975e-08
 Reference value :  2.99125e-08
 Reference value :  2.99325e-08
 Reference value :  2.99525e-08
 Reference value :  2.99675e-08
 Reference value :  2.99875e-08
 Reference value :  3.00075e-08
 Reference value :  3.00275e-08
 Reference value :  3.00425e-08
 Reference value :  3.00675e-08
 Reference value :  3.00875e-08
 Reference value :  3.01075e-08
 Reference value :  3.01425e-08
 Reference value :  3.01625e-08
 Reference value :  3.01825e-08
 Reference value :  3.02075e-08
 Reference value :  3.02325e-08
 Reference value :  3.02525e-08
 Reference value :  3.02725e-08
 Reference value :  3.02925e-08
 Reference value :  3.03125e-08
 Reference value :  3.03375e-08
 Reference value :  3.03575e-08
 Reference value :  3.03775e-08
 Reference value :  3.04025e-08
 Reference value :  3.04225e-08
 Reference value :  3.04425e-08
 Reference value :  3.04625e-08
 Reference value :  3.04825e-08
 Reference value :  3.05025e-08
 Reference value :  3.05225e-08
 Reference value :  3.05425e-08
 Reference value :  3.05725e-08
 Reference value :  3.05975e-08
 Reference value :  3.06225e-08
 Reference value :  3.06475e-08
 Reference value :  3.06675e-08
 Reference value :  3.06875e-08
 Reference value :  3.07075e-08
 Reference value :  3.07325e-08
 Reference value :  3.07525e-08
 Reference value :  3.07675e-08
 Reference value :  3.07925e-08
 Reference value :  3.08225e-08
 Reference value :  3.08375e-08
 Reference value :  3.08625e-08
 Reference value :  3.08875e-08
 Reference value :  3.09075e-08
 Reference value :  3.09275e-08
 Reference value :  3.09525e-08
 Reference value :  3.09775e-08
 Reference value :  3.09975e-08
 Reference value :  3.10175e-08
 Reference value :  3.10425e-08
 Reference value :  3.10675e-08
 Reference value :  3.10925e-08
 Reference value :  3.11125e-08
 Reference value :  3.11425e-08
 Reference value :  3.11575e-08
 Reference value :  3.11825e-08
 Reference value :  3.12075e-08
 Reference value :  3.12275e-08
 Reference value :  3.12475e-08
 Reference value :  3.12775e-08
 Reference value :  3.13075e-08
 Reference value :  3.13325e-08
 Reference value :  3.13525e-08
 Reference value :  3.13725e-08
 Reference value :  3.13925e-08
 Reference value :  3.14125e-08
 Reference value :  3.14325e-08
 Reference value :  3.14525e-08
 Reference value :  3.14725e-08
 Reference value :  3.14925e-08
 Reference value :  3.15125e-08
 Reference value :  3.15325e-08
 Reference value :  3.15575e-08
 Reference value :  3.15825e-08
 Reference value :  3.16075e-08
 Reference value :  3.16325e-08
 Reference value :  3.16525e-08
 Reference value :  3.16775e-08
 Reference value :  3.17025e-08
 Reference value :  3.17275e-08
 Reference value :  3.17525e-08
 Reference value :  3.17725e-08
 Reference value :  3.17925e-08
 Reference value :  3.18075e-08
 Reference value :  3.18275e-08
 Reference value :  3.18475e-08
 Reference value :  3.18675e-08
 Reference value :  3.18825e-08
 Reference value :  3.19075e-08
 Reference value :  3.19325e-08
 Reference value :  3.19575e-08
 Reference value :  3.19825e-08
 Reference value :  3.20025e-08
 Reference value :  3.20225e-08
 Reference value :  3.20425e-08
 Reference value :  3.20625e-08
 Reference value :  3.20775e-08
 Reference value :  3.21025e-08
 Reference value :  3.21225e-08
 Reference value :  3.21425e-08
 Reference value :  3.21625e-08
 Reference value :  3.21825e-08
 Reference value :  3.22025e-08
 Reference value :  3.22225e-08
 Reference value :  3.22375e-08
 Reference value :  3.22575e-08
 Reference value :  3.22875e-08
 Reference value :  3.23075e-08
 Reference value :  3.23275e-08
 Reference value :  3.23475e-08
 Reference value :  3.23675e-08
 Reference value :  3.23875e-08
 Reference value :  3.24075e-08
 Reference value :  3.24275e-08
 Reference value :  3.24475e-08
 Reference value :  3.24725e-08
 Reference value :  3.24975e-08
 Reference value :  3.25175e-08
 Reference value :  3.25375e-08
 Reference value :  3.25575e-08
 Reference value :  3.25875e-08
 Reference value :  3.26075e-08
 Reference value :  3.26325e-08
 Reference value :  3.26575e-08
 Reference value :  3.26775e-08
 Reference value :  3.27025e-08
 Reference value :  3.27275e-08
 Reference value :  3.27475e-08
 Reference value :  3.27725e-08
 Reference value :  3.27925e-08
 Reference value :  3.28125e-08
 Reference value :  3.28275e-08
 Reference value :  3.28475e-08
 Reference value :  3.28675e-08
 Reference value :  3.28875e-08
 Reference value :  3.29125e-08
 Reference value :  3.29325e-08
 Reference value :  3.29525e-08
 Reference value :  3.29725e-08
 Reference value :  3.29925e-08
 Reference value :  3.30125e-08
 Reference value :  3.30275e-08
 Reference value :  3.30475e-08
 Reference value :  3.30675e-08
 Reference value :  3.30825e-08
 Reference value :  3.30975e-08
 Reference value :  3.31125e-08
 Reference value :  3.31275e-08
 Reference value :  3.31425e-08
 Reference value :  3.31575e-08
 Reference value :  3.31775e-08
 Reference value :  3.32025e-08
 Reference value :  3.32225e-08
 Reference value :  3.32375e-08
 Reference value :  3.32575e-08
 Reference value :  3.32775e-08
 Reference value :  3.32925e-08
 Reference value :  3.33075e-08
 Reference value :  3.33225e-08
 Reference value :  3.33475e-08
 Reference value :  3.33675e-08
 Reference value :  3.33875e-08
 Reference value :  3.34075e-08
 Reference value :  3.34275e-08
 Reference value :  3.34475e-08
 Reference value :  3.34675e-08
 Reference value :  3.34875e-08
 Reference value :  3.35025e-08
 Reference value :  3.35275e-08
 Reference value :  3.35475e-08
 Reference value :  3.35725e-08
 Reference value :  3.35875e-08
 Reference value :  3.36075e-08
 Reference value :  3.36325e-08
 Reference value :  3.36525e-08
 Reference value :  3.36675e-08
 Reference value :  3.36925e-08
 Reference value :  3.37175e-08
 Reference value :  3.37375e-08
 Reference value :  3.37575e-08
 Reference value :  3.37825e-08
 Reference value :  3.38025e-08
 Reference value :  3.38225e-08
 Reference value :  3.38425e-08
 Reference value :  3.38625e-08
 Reference value :  3.38825e-08
 Reference value :  3.39025e-08
 Reference value :  3.39225e-08
 Reference value :  3.39525e-08
 Reference value :  3.39725e-08
 Reference value :  3.39875e-08
 Reference value :  3.40075e-08
 Reference value :  3.40275e-08
 Reference value :  3.40575e-08
 Reference value :  3.40725e-08
 Reference value :  3.40925e-08
 Reference value :  3.41125e-08
 Reference value :  3.41375e-08
 Reference value :  3.41625e-08
 Reference value :  3.41875e-08
 Reference value :  3.42075e-08
 Reference value :  3.42325e-08
 Reference value :  3.42475e-08
 Reference value :  3.42675e-08
 Reference value :  3.42875e-08
 Reference value :  3.43075e-08
 Reference value :  3.43325e-08
 Reference value :  3.43525e-08
 Reference value :  3.43725e-08
 Reference value :  3.43925e-08
 Reference value :  3.44125e-08
 Reference value :  3.44325e-08
 Reference value :  3.44475e-08
 Reference value :  3.44675e-08
 Reference value :  3.44875e-08
 Reference value :  3.45125e-08
 Reference value :  3.45325e-08
 Reference value :  3.45475e-08
 Reference value :  3.45675e-08
 Reference value :  3.45875e-08
 Reference value :  3.46025e-08
 Reference value :  3.46275e-08
 Reference value :  3.46475e-08
 Reference value :  3.46625e-08
 Reference value :  3.46875e-08
 Reference value :  3.47075e-08
 Reference value :  3.47225e-08
 Reference value :  3.47425e-08
 Reference value :  3.47625e-08
 Reference value :  3.47875e-08
 Reference value :  3.48075e-08
 Reference value :  3.48275e-08
 Reference value :  3.48475e-08
 Reference value :  3.48625e-08
 Reference value :  3.48825e-08
 Reference value :  3.49075e-08
 Reference value :  3.49225e-08
 Reference value :  3.49425e-08
 Reference value :  3.49625e-08
 Reference value :  3.49875e-08
 Reference value :  3.50075e-08
 Reference value :  3.50325e-08
 Reference value :  3.50525e-08
 Reference value :  3.50675e-08
 Reference value :  3.50825e-08
 Reference value :  3.50975e-08
 Reference value :  3.51125e-08
 Reference value :  3.51325e-08
 Reference value :  3.51525e-08
 Reference value :  3.51675e-08
 Reference value :  3.51875e-08
 Reference value :  3.52025e-08
 Reference value :  3.52225e-08
 Reference value :  3.52475e-08
 Reference value :  3.52625e-08
 Reference value :  3.52825e-08
 Reference value :  3.53025e-08
 Reference value :  3.53175e-08
 Reference value :  3.53375e-08
 Reference value :  3.53575e-08
 Reference value :  3.53775e-08
 Reference value :  3.54025e-08
 Reference value :  3.54225e-08
 Reference value :  3.54425e-08
 Reference value :  3.54625e-08
 Reference value :  3.54825e-08
 Reference value :  3.55025e-08
 Reference value :  3.55275e-08
 Reference value :  3.55475e-08
 Reference value :  3.55675e-08
 Reference value :  3.55925e-08
 Reference value :  3.56125e-08
 Reference value :  3.56375e-08
 Reference value :  3.56575e-08
 Reference value :  3.56825e-08
 Reference value :  3.57025e-08
 Reference value :  3.57225e-08
 Reference value :  3.57425e-08
 Reference value :  3.57625e-08
 Reference value :  3.57775e-08
 Reference value :  3.57925e-08
 Reference value :  3.58125e-08
 Reference value :  3.58275e-08
 Reference value :  3.58475e-08
 Reference value :  3.58675e-08
 Reference value :  3.58825e-08
 Reference value :  3.58975e-08
 Reference value :  3.59125e-08
 Reference value :  3.59325e-08
 Reference value :  3.59575e-08
 Reference value :  3.59775e-08
 Reference value :  3.59975e-08
 Reference value :  3.60225e-08
 Reference value :  3.60425e-08
 Reference value :  3.60625e-08
 Reference value :  3.60875e-08
 Reference value :  3.61075e-08
 Reference value :  3.61275e-08
 Reference value :  3.61525e-08
 Reference value :  3.61725e-08
 Reference value :  3.61925e-08
 Reference value :  3.62125e-08
 Reference value :  3.62325e-08
 Reference value :  3.62525e-08
 Reference value :  3.62725e-08
 Reference value :  3.62925e-08
 Reference value :  3.63225e-08
 Reference value :  3.63475e-08
 Reference value :  3.63675e-08
 Reference value :  3.63825e-08
 Reference value :  3.64025e-08
 Reference value :  3.64225e-08
 Reference value :  3.64475e-08
 Reference value :  3.64675e-08
 Reference value :  3.64875e-08
 Reference value :  3.65075e-08
 Reference value :  3.65275e-08
 Reference value :  3.65475e-08
 Reference value :  3.65675e-08
 Reference value :  3.65825e-08
 Reference value :  3.65975e-08
 Reference value :  3.66225e-08
 Reference value :  3.66425e-08
 Reference value :  3.66625e-08
 Reference value :  3.66825e-08
 Reference value :  3.67025e-08
 Reference value :  3.67225e-08
 Reference value :  3.67425e-08
 Reference value :  3.67625e-08
 Reference value :  3.67825e-08
 Reference value :  3.68025e-08
 Reference value :  3.68175e-08
 Reference value :  3.68325e-08
 Reference value :  3.68475e-08
 Reference value :  3.68675e-08
 Reference value :  3.68875e-08
 Reference value :  3.69075e-08
 Reference value :  3.69325e-08
 Reference value :  3.69575e-08
 Reference value :  3.69775e-08
 Reference value :  3.70025e-08
 Reference value :  3.70225e-08
 Reference value :  3.70425e-08
 Reference value :  3.70625e-08
 Reference value :  3.70825e-08
 Reference value :  3.71025e-08
 Reference value :  3.71225e-08
 Reference value :  3.71425e-08
 Reference value :  3.71625e-08
 Reference value :  3.71775e-08
 Reference value :  3.71975e-08
 Reference value :  3.72175e-08
 Reference value :  3.72375e-08
 Reference value :  3.72575e-08
 Reference value :  3.72825e-08
 Reference value :  3.72975e-08
 Reference value :  3.73225e-08
 Reference value :  3.73425e-08
 Reference value :  3.73675e-08
 Reference value :  3.73875e-08
 Reference value :  3.74125e-08
 Reference value :  3.74375e-08
 Reference value :  3.74575e-08
 Reference value :  3.74825e-08
 Reference value :  3.75025e-08
 Reference value :  3.75175e-08
 Reference value :  3.75375e-08
 Reference value :  3.75575e-08
 Reference value :  3.75725e-08
 Reference value :  3.75925e-08
 Reference value :  3.76075e-08
 Reference value :  3.76375e-08
 Reference value :  3.76625e-08
 Reference value :  3.76825e-08
 Reference value :  3.77025e-08
 Reference value :  3.77225e-08
 Reference value :  3.77425e-08
 Reference value :  3.77625e-08
 Reference value :  3.77825e-08
 Reference value :  3.77975e-08
 Reference value :  3.78175e-08
 Reference value :  3.78375e-08
 Reference value :  3.78575e-08
 Reference value :  3.78775e-08
 Reference value :  3.78975e-08
 Reference value :  3.79175e-08
 Reference value :  3.79375e-08
 Reference value :  3.79525e-08
 Reference value :  3.79725e-08
 Reference value :  3.79975e-08
 Reference value :  3.80225e-08
 Reference value :  3.80475e-08
 Reference value :  3.80675e-08
 Reference value :  3.80825e-08
 Reference value :  3.81025e-08
 Reference value :  3.81175e-08
 Reference value :  3.81425e-08
 Reference value :  3.81625e-08
 Reference value :  3.81925e-08
 Reference value :  3.82125e-08
 Reference value :  3.82325e-08
 Reference value :  3.82525e-08
 Reference value :  3.82725e-08
 Reference value :  3.82925e-08
 Reference value :  3.83125e-08
 Reference value :  3.83325e-08
 Reference value :  3.83525e-08
 Reference value :  3.83775e-08
 Reference value :  3.83975e-08
 Reference value :  3.84175e-08
 Reference value :  3.84375e-08
 Reference value :  3.84575e-08
 Reference value :  3.84775e-08
 Reference value :  3.84975e-08
 Reference value :  3.85175e-08
 Reference value :  3.85325e-08
 Reference value :  3.85525e-08
 Reference value :  3.85775e-08
 Reference value :  3.85975e-08
 Reference value :  3.86225e-08
 Reference value :  3.86425e-08
 Reference value :  3.86625e-08
 Reference value :  3.86825e-08
 Reference value :  3.87075e-08
 Reference value :  3.87375e-08
 Reference value :  3.87675e-08
 Reference value :  3.87975e-08
 Reference value :  3.88225e-08
 Reference value :  3.88475e-08
 Reference value :  3.88725e-08
 Reference value :  3.88975e-08
 Reference value :  3.89175e-08
 Reference value :  3.89375e-08
 Reference value :  3.89625e-08
 Reference value :  3.89825e-08
 Reference value :  3.90025e-08
 Reference value :  3.90175e-08
 Reference value :  3.90375e-08
 Reference value :  3.90575e-08
 Reference value :  3.90775e-08
 Reference value :  3.90925e-08
 Reference value :  3.91125e-08
 Reference value :  3.91325e-08
 Reference value :  3.91525e-08
 Reference value :  3.91775e-08
 Reference value :  3.91975e-08
 Reference value :  3.92175e-08
 Reference value :  3.92425e-08
 Reference value :  3.92625e-08
 Reference value :  3.92825e-08
 Reference value :  3.93075e-08
 Reference value :  3.93225e-08
 Reference value :  3.93425e-08
 Reference value :  3.93625e-08
 Reference value :  3.93825e-08
 Reference value :  3.94025e-08
 Reference value :  3.94225e-08
 Reference value :  3.94475e-08
 Reference value :  3.94675e-08
 Reference value :  3.94875e-08
 Reference value :  3.95075e-08
 Reference value :  3.95325e-08
 Reference value :  3.95525e-08
 Reference value :  3.95725e-08
 Reference value :  3.95925e-08
 Reference value :  3.96225e-08
 Reference value :  3.96425e-08
 Reference value :  3.96725e-08
 Reference value :  3.96875e-08
 Reference value :  3.97075e-08
 Reference value :  3.97225e-08
 Reference value :  3.97475e-08
 Reference value :  3.97675e-08
 Reference value :  3.97875e-08
 Reference value :  3.98075e-08
 Reference value :  3.98225e-08
 Reference value :  3.98425e-08
 Reference value :  3.98575e-08
 Reference value :  3.98775e-08
 Reference value :  3.98975e-08
 Reference value :  3.99175e-08
 Reference value :  3.99375e-08
 Reference value :  3.99625e-08
 Reference value :  3.99825e-08
 Reference value :  4.00025e-08
 Reference value :  4.00225e-08
 Reference value :  4.00425e-08
 Reference value :  4.00675e-08
 Reference value :  4.00925e-08
 Reference value :  4.01225e-08
 Reference value :  4.01425e-08
 Reference value :  4.01625e-08
 Reference value :  4.01825e-08
 Reference value :  4.02025e-08
 Reference value :  4.02275e-08
 Reference value :  4.02525e-08
 Reference value :  4.02725e-08
 Reference value :  4.02975e-08
 Reference value :  4.03175e-08
 Reference value :  4.03375e-08
 Reference value :  4.03625e-08
 Reference value :  4.03775e-08
 Reference value :  4.03925e-08
 Reference value :  4.04125e-08
 Reference value :  4.04325e-08
 Reference value :  4.04525e-08
 Reference value :  4.04725e-08
 Reference value :  4.04925e-08
 Reference value :  4.05075e-08
 Reference value :  4.05275e-08
 Reference value :  4.05525e-08
 Reference value :  4.05725e-08
 Reference value :  4.05875e-08
 Reference value :  4.06125e-08
 Reference value :  4.06375e-08
 Reference value :  4.06575e-08
 Reference value :  4.06775e-08
 Reference value :  4.07025e-08
 Reference value :  4.07275e-08
 Reference value :  4.07475e-08
 Reference value :  4.07725e-08
 Reference value :  4.07975e-08
 Reference value :  4.08175e-08
 Reference value :  4.08375e-08
 Reference value :  4.08575e-08
 Reference value :  4.08775e-08
 Reference value :  4.08975e-08
 Reference value :  4.09175e-08
 Reference value :  4.09375e-08
 Reference value :  4.09575e-08
 Reference value :  4.09775e-08
 Reference value :  4.10025e-08
 Reference value :  4.10225e-08
 Reference value :  4.10425e-08
 Reference value :  4.10675e-08
 Reference value :  4.10875e-08
 Reference value :  4.11075e-08
 Reference value :  4.11325e-08
 Reference value :  4.11525e-08
 Reference value :  4.11725e-08
 Reference value :  4.11875e-08
 Reference value :  4.12125e-08
 Reference value :  4.12325e-08
 Reference value :  4.12525e-08
 Reference value :  4.12725e-08
 Reference value :  4.12925e-08
 Reference value :  4.13125e-08
 Reference value :  4.13325e-08
 Reference value :  4.13525e-08
 Reference value :  4.13725e-08
 Reference value :  4.13925e-08
 Reference value :  4.14075e-08
 Reference value :  4.14275e-08
 Reference value :  4.14475e-08
 Reference value :  4.14725e-08
 Reference value :  4.14925e-08
 Reference value :  4.15175e-08
 Reference value :  4.15325e-08
 Reference value :  4.15525e-08
 Reference value :  4.15825e-08
 Reference value :  4.16075e-08
 Reference value :  4.16325e-08
 Reference value :  4.16575e-08
 Reference value :  4.16775e-08
 Reference value :  4.16975e-08
 Reference value :  4.17175e-08
 Reference value :  4.17375e-08
 Reference value :  4.17575e-08
 Reference value :  4.17775e-08
 Reference value :  4.17925e-08
 Reference value :  4.18125e-08
 Reference value :  4.18325e-08
 Reference value :  4.18525e-08
 Reference value :  4.18825e-08
 Reference value :  4.19025e-08
 Reference value :  4.19175e-08
 Reference value :  4.19425e-08
 Reference value :  4.19625e-08
 Reference value :  4.19825e-08
 Reference value :  4.20075e-08
 Reference value :  4.20275e-08
 Reference value :  4.20525e-08
 Reference value :  4.20775e-08
 Reference value :  4.21075e-08
 Reference value :  4.21325e-08
 Reference value :  4.21575e-08
 Reference value :  4.21725e-08
 Reference value :  4.21925e-08
 Reference value :  4.22125e-08
 Reference value :  4.22325e-08
 Reference value :  4.22575e-08
 Reference value :  4.22825e-08
 Reference value :  4.23075e-08
 Reference value :  4.23225e-08
 Reference value :  4.23425e-08
 Reference value :  4.23625e-08
 Reference value :  4.23825e-08
 Reference value :  4.24075e-08
 Reference value :  4.24275e-08
 Reference value :  4.24475e-08
 Reference value :  4.24625e-08
 Reference value :  4.24825e-08
 Reference value :  4.25025e-08
 Reference value :  4.25225e-08
 Reference value :  4.25425e-08
 Reference value :  4.25625e-08
 Reference value :  4.25925e-08
 Reference value :  4.26075e-08
 Reference value :  4.26225e-08
 Reference value :  4.26475e-08
 Reference value :  4.26725e-08
 Reference value :  4.26925e-08
 Reference value :  4.27125e-08
 Reference value :  4.27275e-08
 Reference value :  4.27475e-08
 Reference value :  4.27675e-08
 Reference value :  4.27925e-08
 Reference value :  4.28075e-08
 Reference value :  4.28275e-08
 Reference value :  4.28525e-08
 Reference value :  4.28725e-08
 Reference value :  4.28925e-08
 Reference value :  4.29125e-08
 Reference value :  4.29325e-08
 Reference value :  4.29475e-08
 Reference value :  4.29725e-08
 Reference value :  4.29975e-08
 Reference value :  4.30175e-08
 Reference value :  4.30375e-08
 Reference value :  4.30575e-08
 Reference value :  4.30825e-08
 Reference value :  4.31025e-08
 Reference value :  4.31225e-08
 Reference value :  4.31425e-08
 Reference value :  4.31725e-08
 Reference value :  4.31925e-08
 Reference value :  4.32125e-08
 Reference value :  4.32375e-08
 Reference value :  4.32575e-08
 Reference value :  4.32775e-08
 Reference value :  4.33025e-08
 Reference value :  4.33275e-08
 Reference value :  4.33475e-08
 Reference value :  4.33675e-08
 Reference value :  4.33925e-08
 Reference value :  4.34175e-08
 Reference value :  4.34325e-08
 Reference value :  4.34525e-08
 Reference value :  4.34725e-08
 Reference value :  4.34925e-08
 Reference value :  4.35175e-08
 Reference value :  4.35375e-08
 Reference value :  4.35575e-08
 Reference value :  4.35775e-08
 Reference value :  4.36025e-08
 Reference value :  4.36225e-08
 Reference value :  4.36425e-08
 Reference value :  4.36625e-08
 Reference value :  4.36825e-08
 Reference value :  4.37125e-08
 Reference value :  4.37325e-08
 Reference value :  4.37475e-08
 Reference value :  4.37675e-08
 Reference value :  4.37875e-08
 Reference value :  4.38075e-08
 Reference value :  4.38275e-08
 Reference value :  4.38475e-08
 Reference value :  4.38725e-08
 Reference value :  4.38925e-08
 Reference value :  4.39125e-08
 Reference value :  4.39325e-08
 Reference value :  4.39575e-08
 Reference value :  4.39725e-08
 Reference value :  4.39925e-08
 Reference value :  4.40175e-08
 Reference value :  4.40325e-08
 Reference value :  4.40475e-08
 Reference value :  4.40675e-08
 Reference value :  4.40825e-08
 Reference value :  4.41025e-08
 Reference value :  4.41225e-08
 Reference value :  4.41425e-08
 Reference value :  4.41675e-08
 Reference value :  4.41925e-08
 Reference value :  4.42225e-08
 Reference value :  4.42525e-08
 Reference value :  4.42775e-08
 Reference value :  4.42975e-08
 Reference value :  4.43175e-08
 Reference value :  4.43475e-08
 Reference value :  4.43725e-08
 Reference value :  4.43925e-08
 Reference value :  4.44075e-08
 Reference value :  4.44275e-08
 Reference value :  4.44525e-08
 Reference value :  4.44725e-08
 Reference value :  4.44875e-08
 Reference value :  4.45125e-08
 Reference value :  4.45325e-08
 Reference value :  4.45525e-08
 Reference value :  4.45725e-08
 Reference value :  4.45925e-08
 Reference value :  4.46125e-08
 Reference value :  4.46375e-08
 Reference value :  4.46575e-08
 Reference value :  4.46775e-08
 Reference value :  4.46975e-08
 Reference value :  4.47175e-08
 Reference value :  4.47375e-08
 Reference value :  4.47625e-08
 Reference value :  4.47825e-08
 Reference value :  4.48025e-08
 Reference value :  4.48225e-08
 Reference value :  4.48425e-08
 Reference value :  4.48675e-08
 Reference value :  4.48875e-08
 Reference value :  4.49075e-08
 Reference value :  4.49225e-08
 Reference value :  4.49425e-08
 Reference value :  4.49625e-08
 Reference value :  4.49875e-08
 Reference value :  4.50075e-08
 Reference value :  4.50375e-08
 Reference value :  4.50625e-08
 Reference value :  4.50825e-08
No. of Data Rows : 9034
Note: Simulation executed from .control section 
