
Note: Compatibility modes selected: hs a


Circuit: * comparator-decision regen-time sweep -- vindiff=0.5mv corner=fs temp=125.0c (issue #9)

option SCALE: Scale is set to 1e-06 for instance and model parameters
option SCALE: Scale is set to 1e-06 for instance and model parameters
option SCALE: Scale is set to 1e-06 for instance and model parameters
option SCALE: Scale is set to 1e-06 for instance and model parameters
Doing analysis at TEMP = 125.000000 and TNOM = 27.000000

Using KLU as Direct Linear Solver
 Reference value :  0.00000e+00
 Reference value :  4.00000e-13
 Reference value :  3.20000e-12
 Reference value :  2.14000e-11
 Reference value :  4.14000e-11
 Reference value :  6.14000e-11
 Reference value :  7.64000e-11
 Reference value :  9.64000e-11
 Reference value :  1.21400e-10
 Reference value :  1.46400e-10
 Reference value :  1.61400e-10
 Reference value :  1.81400e-10
 Reference value :  2.01400e-10
 Reference value :  2.21400e-10
 Reference value :  2.41400e-10
 Reference value :  2.61400e-10
 Reference value :  2.86400e-10
 Reference value :  3.06400e-10
 Reference value :  3.26400e-10
 Reference value :  3.51400e-10
 Reference value :  3.71400e-10
 Reference value :  3.86400e-10
 Reference value :  4.06400e-10
 Reference value :  4.26400e-10
 Reference value :  4.46400e-10
 Reference value :  4.71400e-10
 Reference value :  4.91400e-10
 Reference value :  5.11400e-10
 Reference value :  5.36400e-10
 Reference value :  5.51400e-10
 Reference value :  5.71400e-10
 Reference value :  6.11400e-10
 Reference value :  6.26400e-10
 Reference value :  6.46400e-10
 Reference value :  6.61400e-10
 Reference value :  6.81400e-10
 Reference value :  7.01400e-10
 Reference value :  7.16400e-10
 Reference value :  7.36400e-10
 Reference value :  7.61400e-10
 Reference value :  7.91400e-10
 Reference value :  8.11400e-10
 Reference value :  8.36400e-10
 Reference value :  8.61400e-10
 Reference value :  8.81400e-10
 Reference value :  9.06400e-10
 Reference value :  9.31400e-10
 Reference value :  9.51400e-10
 Reference value :  9.71400e-10
 Reference value :  9.96400e-10
 Reference value :  1.01140e-09
 Reference value :  1.03140e-09
 Reference value :  1.05140e-09
 Reference value :  1.07640e-09
 Reference value :  1.09640e-09
 Reference value :  1.11640e-09
 Reference value :  1.13640e-09
 Reference value :  1.15140e-09
 Reference value :  1.17140e-09
 Reference value :  1.19640e-09
 Reference value :  1.21640e-09
 Reference value :  1.23140e-09
 Reference value :  1.25140e-09
 Reference value :  1.26640e-09
 Reference value :  1.28640e-09
 Reference value :  1.30640e-09
 Reference value :  1.32640e-09
 Reference value :  1.34640e-09
 Reference value :  1.37140e-09
 Reference value :  1.39640e-09
 Reference value :  1.41140e-09
 Reference value :  1.43140e-09
 Reference value :  1.45140e-09
 Reference value :  1.47140e-09
 Reference value :  1.48640e-09
 Reference value :  1.51140e-09
 Reference value :  1.52640e-09
 Reference value :  1.54640e-09
 Reference value :  1.56640e-09
 Reference value :  1.58640e-09
 Reference value :  1.60640e-09
 Reference value :  1.62640e-09
 Reference value :  1.64640e-09
 Reference value :  1.67140e-09
 Reference value :  1.69640e-09
 Reference value :  1.72140e-09
 Reference value :  1.74140e-09
 Reference value :  1.75640e-09
 Reference value :  1.77640e-09
 Reference value :  1.79640e-09
 Reference value :  1.81640e-09
 Reference value :  1.83140e-09
 Reference value :  1.85140e-09
 Reference value :  1.87140e-09
 Reference value :  1.89640e-09
 Reference value :  1.91640e-09
 Reference value :  1.93640e-09
 Reference value :  1.95640e-09
 Reference value :  1.97640e-09
 Reference value :  1.99640e-09
 Reference value :  2.01640e-09
 Reference value :  2.03640e-09
 Reference value :  2.05640e-09
 Reference value :  2.07640e-09
 Reference value :  2.09640e-09
 Reference value :  2.11640e-09
 Reference value :  2.13140e-09
 Reference value :  2.14640e-09
 Reference value :  2.16640e-09
 Reference value :  2.18640e-09
 Reference value :  2.20640e-09
 Reference value :  2.22640e-09
 Reference value :  2.24140e-09
 Reference value :  2.25640e-09
 Reference value :  2.27640e-09
 Reference value :  2.29640e-09
 Reference value :  2.31640e-09
 Reference value :  2.33640e-09
 Reference value :  2.36140e-09
 Reference value :  2.38140e-09
 Reference value :  2.40140e-09
 Reference value :  2.42140e-09
 Reference value :  2.44140e-09
 Reference value :  2.46140e-09
 Reference value :  2.48140e-09
 Reference value :  2.50640e-09
 Reference value :  2.52640e-09
 Reference value :  2.54640e-09
 Reference value :  2.56640e-09
 Reference value :  2.58640e-09
 Reference value :  2.60640e-09
 Reference value :  2.63140e-09
 Reference value :  2.65140e-09
 Reference value :  2.67640e-09
 Reference value :  2.69640e-09
 Reference value :  2.71640e-09
 Reference value :  2.73640e-09
 Reference value :  2.76140e-09
 Reference value :  2.78640e-09
 Reference value :  2.81140e-09
 Reference value :  2.83140e-09
 Reference value :  2.85140e-09
 Reference value :  2.87140e-09
 Reference value :  2.90140e-09
 Reference value :  2.94140e-09
 Reference value :  2.96140e-09
 Reference value :  2.99140e-09
 Reference value :  3.01640e-09
 Reference value :  3.04140e-09
 Reference value :  3.06140e-09
 Reference value :  3.08140e-09
 Reference value :  3.10140e-09
 Reference value :  3.12640e-09
 Reference value :  3.14640e-09
 Reference value :  3.16640e-09
 Reference value :  3.18640e-09
 Reference value :  4.03140e-09
 Reference value :  4.66640e-09
 Reference value :  4.68640e-09
 Reference value :  4.71140e-09
 Reference value :  4.73140e-09
 Reference value :  4.74640e-09
 Reference value :  4.77140e-09
 Reference value :  4.79140e-09
 Reference value :  4.81140e-09
 Reference value :  4.83140e-09
 Reference value :  4.85140e-09
 Reference value :  4.86640e-09
 Reference value :  4.88640e-09
 Reference value :  4.91140e-09
 Reference value :  4.93140e-09
 Reference value :  4.95140e-09
 Reference value :  4.97140e-09
 Reference value :  4.99140e-09
 Reference value :  5.00150e-09
 Reference value :  5.02250e-09
 Reference value :  5.04750e-09
 Reference value :  5.06750e-09
 Reference value :  5.08750e-09
 Reference value :  5.10050e-09
 Reference value :  5.11250e-09
 Reference value :  5.12750e-09
 Reference value :  5.15250e-09
 Reference value :  5.18250e-09
 Reference value :  5.20250e-09
 Reference value :  5.22750e-09
 Reference value :  5.24750e-09
 Reference value :  5.26250e-09
 Reference value :  5.28250e-09
 Reference value :  5.30750e-09
 Reference value :  5.32750e-09
 Reference value :  5.34750e-09
 Reference value :  5.36750e-09
 Reference value :  5.39250e-09
 Reference value :  5.41250e-09
 Reference value :  5.43750e-09
 Reference value :  5.45250e-09
 Reference value :  5.46750e-09
 Reference value :  5.48250e-09
 Reference value :  5.50250e-09
 Reference value :  5.52250e-09
 Reference value :  5.53750e-09
 Reference value :  5.55250e-09
 Reference value :  5.57250e-09
 Reference value :  5.59750e-09
 Reference value :  5.61750e-09
 Reference value :  5.63750e-09
 Reference value :  5.66250e-09
 Reference value :  5.68250e-09
 Reference value :  5.70750e-09
 Reference value :  5.72750e-09
 Reference value :  5.75250e-09
 Reference value :  5.77750e-09
 Reference value :  5.79750e-09
 Reference value :  5.81750e-09
 Reference value :  5.83750e-09
 Reference value :  5.85750e-09
 Reference value :  5.87750e-09
 Reference value :  5.89750e-09
 Reference value :  5.91750e-09
 Reference value :  5.93750e-09
 Reference value :  5.95250e-09
 Reference value :  5.96750e-09
 Reference value :  5.98750e-09
 Reference value :  6.00750e-09
 Reference value :  6.02750e-09
 Reference value :  6.04750e-09
 Reference value :  6.06750e-09
 Reference value :  6.08750e-09
 Reference value :  6.11750e-09
 Reference value :  6.13750e-09
 Reference value :  6.15750e-09
 Reference value :  6.17250e-09
 Reference value :  6.19750e-09
 Reference value :  6.22250e-09
 Reference value :  6.24250e-09
 Reference value :  6.26750e-09
 Reference value :  6.29250e-09
 Reference value :  6.31250e-09
 Reference value :  6.33250e-09
 Reference value :  6.35250e-09
 Reference value :  6.37250e-09
 Reference value :  6.39750e-09
 Reference value :  6.41750e-09
 Reference value :  6.44250e-09
 Reference value :  6.46750e-09
 Reference value :  6.49250e-09
 Reference value :  6.51750e-09
 Reference value :  6.54250e-09
 Reference value :  6.56750e-09
 Reference value :  6.58750e-09
 Reference value :  6.60750e-09
 Reference value :  6.62750e-09
 Reference value :  6.64750e-09
 Reference value :  6.66750e-09
 Reference value :  6.68750e-09
 Reference value :  6.70750e-09
 Reference value :  6.72250e-09
 Reference value :  6.74250e-09
 Reference value :  6.76250e-09
 Reference value :  6.78750e-09
 Reference value :  6.80750e-09
 Reference value :  6.82250e-09
 Reference value :  6.83750e-09
 Reference value :  6.86250e-09
 Reference value :  6.87750e-09
 Reference value :  6.89750e-09
 Reference value :  6.91750e-09
 Reference value :  6.93750e-09
 Reference value :  6.96250e-09
 Reference value :  6.98750e-09
 Reference value :  7.00750e-09
 Reference value :  7.02750e-09
 Reference value :  7.04750e-09
 Reference value :  7.06750e-09
 Reference value :  7.08750e-09
 Reference value :  7.11250e-09
 Reference value :  7.13250e-09
 Reference value :  7.15250e-09
 Reference value :  7.17250e-09
 Reference value :  7.19250e-09
 Reference value :  7.21250e-09
 Reference value :  7.23750e-09
 Reference value :  7.25750e-09
 Reference value :  7.28250e-09
 Reference value :  7.30750e-09
 Reference value :  7.32750e-09
 Reference value :  7.34250e-09
 Reference value :  7.36250e-09
 Reference value :  7.38250e-09
 Reference value :  7.40750e-09
 Reference value :  7.42750e-09
 Reference value :  7.45250e-09
 Reference value :  7.47750e-09
 Reference value :  7.49750e-09
 Reference value :  7.51750e-09
 Reference value :  7.54250e-09
 Reference value :  7.56250e-09
 Reference value :  7.58250e-09
 Reference value :  7.62750e-09
 Reference value :  7.65250e-09
 Reference value :  7.67250e-09
 Reference value :  7.69250e-09
 Reference value :  7.71250e-09
 Reference value :  7.73250e-09
 Reference value :  7.75750e-09
 Reference value :  7.77750e-09
 Reference value :  7.80250e-09
 Reference value :  7.82250e-09
 Reference value :  7.83750e-09
 Reference value :  7.85750e-09
 Reference value :  7.88750e-09
 Reference value :  7.90750e-09
 Reference value :  7.92250e-09
 Reference value :  7.94750e-09
 Reference value :  7.97250e-09
 Reference value :  8.00250e-09
 Reference value :  8.02250e-09
 Reference value :  8.05250e-09
 Reference value :  8.06750e-09
 Reference value :  8.08750e-09
 Reference value :  8.10750e-09
 Reference value :  8.12250e-09
 Reference value :  8.14250e-09
 Reference value :  8.16250e-09
 Reference value :  8.18250e-09
 Reference value :  8.20250e-09
 Reference value :  8.22250e-09
 Reference value :  8.24250e-09
 Reference value :  8.26250e-09
 Reference value :  8.28250e-09
 Reference value :  8.30750e-09
 Reference value :  8.32750e-09
 Reference value :  8.35250e-09
 Reference value :  8.37250e-09
 Reference value :  8.39750e-09
 Reference value :  8.43750e-09
 Reference value :  8.47250e-09
 Reference value :  8.49250e-09
 Reference value :  8.50750e-09
 Reference value :  8.52750e-09
 Reference value :  8.54750e-09
 Reference value :  8.56750e-09
 Reference value :  8.58750e-09
 Reference value :  8.61250e-09
 Reference value :  8.63750e-09
 Reference value :  8.66250e-09
 Reference value :  8.68250e-09
 Reference value :  8.70250e-09
 Reference value :  8.72250e-09
 Reference value :  8.74750e-09
 Reference value :  8.76750e-09
 Reference value :  8.78750e-09
 Reference value :  8.80750e-09
 Reference value :  8.83250e-09
 Reference value :  8.85750e-09
 Reference value :  8.88250e-09
 Reference value :  8.90750e-09
 Reference value :  8.92750e-09
 Reference value :  8.95250e-09
 Reference value :  8.96750e-09
 Reference value :  8.99250e-09
 Reference value :  9.01250e-09
 Reference value :  9.03250e-09
 Reference value :  9.05750e-09
 Reference value :  9.08250e-09
 Reference value :  9.10250e-09
 Reference value :  9.12750e-09
 Reference value :  9.14750e-09
 Reference value :  9.17250e-09
 Reference value :  9.19750e-09
 Reference value :  9.22250e-09
 Reference value :  9.24250e-09
 Reference value :  9.26750e-09
 Reference value :  9.29250e-09
 Reference value :  9.31750e-09
 Reference value :  9.33250e-09
 Reference value :  9.35250e-09
 Reference value :  9.37250e-09
 Reference value :  9.39750e-09
 Reference value :  9.42250e-09
 Reference value :  9.43750e-09
 Reference value :  9.45750e-09
 Reference value :  9.47750e-09
 Reference value :  9.50250e-09
 Reference value :  9.52250e-09
 Reference value :  9.54250e-09
 Reference value :  9.56750e-09
 Reference value :  9.58750e-09
 Reference value :  9.60750e-09
 Reference value :  9.62750e-09
 Reference value :  9.64750e-09
 Reference value :  9.67250e-09
 Reference value :  9.69250e-09
 Reference value :  9.71250e-09
 Reference value :  9.73250e-09
 Reference value :  9.75250e-09
 Reference value :  9.77750e-09
 Reference value :  9.79750e-09
 Reference value :  9.81750e-09
 Reference value :  9.84250e-09
 Reference value :  9.86250e-09
 Reference value :  9.88750e-09
 Reference value :  9.91250e-09
 Reference value :  9.93750e-09
 Reference value :  9.96250e-09
 Reference value :  9.98250e-09
 Reference value :  1.00025e-08
 Reference value :  1.00175e-08
 Reference value :  1.00425e-08
 Reference value :  1.00675e-08
 Reference value :  1.00925e-08
 Reference value :  1.01175e-08
 Reference value :  1.01325e-08
 Reference value :  1.01525e-08
 Reference value :  1.01725e-08
 Reference value :  1.01925e-08
 Reference value :  1.02125e-08
 Reference value :  1.02275e-08
 Reference value :  1.02475e-08
 Reference value :  1.02675e-08
 Reference value :  1.02825e-08
 Reference value :  1.03075e-08
 Reference value :  1.03275e-08
 Reference value :  1.03475e-08
 Reference value :  1.03675e-08
 Reference value :  1.03875e-08
 Reference value :  1.04125e-08
 Reference value :  1.04325e-08
 Reference value :  1.04525e-08
 Reference value :  1.04725e-08
 Reference value :  1.04975e-08
 Reference value :  1.05175e-08
 Reference value :  1.05375e-08
 Reference value :  1.05575e-08
 Reference value :  1.05775e-08
 Reference value :  1.06025e-08
 Reference value :  1.06225e-08
 Reference value :  1.06425e-08
 Reference value :  1.06575e-08
 Reference value :  1.06825e-08
 Reference value :  1.07025e-08
 Reference value :  1.07375e-08
 Reference value :  1.07625e-08
 Reference value :  1.07825e-08
 Reference value :  1.08025e-08
 Reference value :  1.08225e-08
 Reference value :  1.08475e-08
 Reference value :  1.08675e-08
 Reference value :  1.08875e-08
 Reference value :  1.09075e-08
 Reference value :  1.09275e-08
 Reference value :  1.09525e-08
 Reference value :  1.09725e-08
 Reference value :  1.09925e-08
 Reference value :  1.10125e-08
 Reference value :  1.10325e-08
 Reference value :  1.10525e-08
 Reference value :  1.10775e-08
 Reference value :  1.10975e-08
 Reference value :  1.11125e-08
 Reference value :  1.11275e-08
 Reference value :  1.11475e-08
 Reference value :  1.11625e-08
 Reference value :  1.11775e-08
 Reference value :  1.11925e-08
 Reference value :  1.12125e-08
 Reference value :  1.12325e-08
 Reference value :  1.12525e-08
 Reference value :  1.12675e-08
 Reference value :  1.12925e-08
 Reference value :  1.13175e-08
 Reference value :  1.13375e-08
 Reference value :  1.13575e-08
 Reference value :  1.13775e-08
 Reference value :  1.14125e-08
 Reference value :  1.14325e-08
 Reference value :  1.14525e-08
 Reference value :  1.14725e-08
 Reference value :  1.14975e-08
 Reference value :  1.15175e-08
 Reference value :  1.15375e-08
 Reference value :  1.15575e-08
 Reference value :  1.15725e-08
 Reference value :  1.15925e-08
 Reference value :  1.16125e-08
 Reference value :  1.16375e-08
 Reference value :  1.16625e-08
 Reference value :  1.16825e-08
 Reference value :  1.16975e-08
 Reference value :  1.17175e-08
 Reference value :  1.17375e-08
 Reference value :  1.17575e-08
 Reference value :  1.17775e-08
 Reference value :  1.17975e-08
 Reference value :  1.18175e-08
 Reference value :  1.18375e-08
 Reference value :  1.18575e-08
 Reference value :  1.18775e-08
 Reference value :  1.18975e-08
 Reference value :  1.19175e-08
 Reference value :  1.19425e-08
 Reference value :  1.19625e-08
 Reference value :  1.19875e-08
 Reference value :  1.20125e-08
 Reference value :  1.20325e-08
 Reference value :  1.20475e-08
 Reference value :  1.20725e-08
 Reference value :  1.20975e-08
 Reference value :  1.21175e-08
 Reference value :  1.21375e-08
 Reference value :  1.21525e-08
 Reference value :  1.21725e-08
 Reference value :  1.21925e-08
 Reference value :  1.22125e-08
 Reference value :  1.22325e-08
 Reference value :  1.22525e-08
 Reference value :  1.22725e-08
 Reference value :  1.22925e-08
 Reference value :  1.23175e-08
 Reference value :  1.23375e-08
 Reference value :  1.23625e-08
 Reference value :  1.23825e-08
 Reference value :  1.24025e-08
 Reference value :  1.24225e-08
 Reference value :  1.24525e-08
 Reference value :  1.24775e-08
 Reference value :  1.25025e-08
 Reference value :  1.25275e-08
 Reference value :  1.25525e-08
 Reference value :  1.25775e-08
 Reference value :  1.25975e-08
 Reference value :  1.26175e-08
 Reference value :  1.26375e-08
 Reference value :  1.26575e-08
 Reference value :  1.26775e-08
 Reference value :  1.26975e-08
 Reference value :  1.27225e-08
 Reference value :  1.27425e-08
 Reference value :  1.27675e-08
 Reference value :  1.27875e-08
 Reference value :  1.28075e-08
 Reference value :  1.28275e-08
 Reference value :  1.28525e-08
 Reference value :  1.28775e-08
 Reference value :  1.28975e-08
 Reference value :  1.29175e-08
 Reference value :  1.29375e-08
 Reference value :  1.29575e-08
 Reference value :  1.29775e-08
 Reference value :  1.29975e-08
 Reference value :  1.30225e-08
 Reference value :  1.30475e-08
 Reference value :  1.30625e-08
 Reference value :  1.30825e-08
 Reference value :  1.30975e-08
 Reference value :  1.31175e-08
 Reference value :  1.31425e-08
 Reference value :  1.31625e-08
 Reference value :  1.31825e-08
 Reference value :  1.32025e-08
 Reference value :  1.32275e-08
 Reference value :  1.32475e-08
 Reference value :  1.32725e-08
 Reference value :  1.32925e-08
 Reference value :  1.33125e-08
 Reference value :  1.33325e-08
 Reference value :  1.33525e-08
 Reference value :  1.33875e-08
 Reference value :  1.34075e-08
 Reference value :  1.34275e-08
 Reference value :  1.34475e-08
 Reference value :  1.34725e-08
 Reference value :  1.34925e-08
 Reference value :  1.35125e-08
 Reference value :  1.35375e-08
 Reference value :  1.35575e-08
 Reference value :  1.35775e-08
 Reference value :  1.35975e-08
 Reference value :  1.36175e-08
 Reference value :  1.36375e-08
 Reference value :  1.36575e-08
 Reference value :  1.54025e-08
 Reference value :  1.61575e-08
 Reference value :  1.61775e-08
 Reference value :  1.62025e-08
 Reference value :  1.62175e-08
 Reference value :  1.62375e-08
 Reference value :  1.62525e-08
 Reference value :  1.62725e-08
 Reference value :  1.62975e-08
 Reference value :  1.63175e-08
 Reference value :  1.63375e-08
 Reference value :  1.63575e-08
 Reference value :  1.63775e-08
 Reference value :  1.63975e-08
 Reference value :  1.64225e-08
 Reference value :  1.64475e-08
 Reference value :  1.64675e-08
 Reference value :  1.64925e-08
 Reference value :  1.65125e-08
 Reference value :  1.65325e-08
 Reference value :  1.65525e-08
 Reference value :  1.65675e-08
 Reference value :  1.65875e-08
 Reference value :  1.66025e-08
 Reference value :  1.66275e-08
 Reference value :  1.66475e-08
 Reference value :  1.66675e-08
 Reference value :  1.66925e-08
 Reference value :  1.67125e-08
 Reference value :  1.89625e-08
 Reference value :  2.09625e-08
 Reference value :  2.09825e-08
 Reference value :  2.10075e-08
 Reference value :  2.10275e-08
 Reference value :  2.10475e-08
 Reference value :  2.10675e-08
 Reference value :  2.10875e-08
 Reference value :  2.11075e-08
 Reference value :  2.11225e-08
 Reference value :  2.11475e-08
 Reference value :  2.11675e-08
 Reference value :  2.11825e-08
 Reference value :  2.11975e-08
 Reference value :  2.12175e-08
 Reference value :  2.12425e-08
 Reference value :  2.12575e-08
 Reference value :  2.12775e-08
 Reference value :  2.12925e-08
 Reference value :  2.13125e-08
 Reference value :  2.13375e-08
 Reference value :  2.13575e-08
 Reference value :  2.13725e-08
 Reference value :  2.13925e-08
 Reference value :  2.14175e-08
 Reference value :  2.14325e-08
 Reference value :  2.14525e-08
 Reference value :  2.14775e-08
 Reference value :  2.15075e-08
 Reference value :  2.15275e-08
 Reference value :  2.15475e-08
 Reference value :  2.15675e-08
 Reference value :  2.15875e-08
 Reference value :  2.16075e-08
 Reference value :  2.16275e-08
 Reference value :  2.16525e-08
 Reference value :  2.16725e-08
 Reference value :  2.16925e-08
 Reference value :  2.17125e-08
 Reference value :  2.17325e-08
 Reference value :  2.17475e-08
 Reference value :  2.17675e-08
 Reference value :  2.17875e-08
 Reference value :  2.18025e-08
 Reference value :  2.18175e-08
 Reference value :  2.18375e-08
 Reference value :  2.18575e-08
 Reference value :  2.18725e-08
 Reference value :  2.18925e-08
 Reference value :  2.19175e-08
 Reference value :  2.19375e-08
 Reference value :  2.19625e-08
 Reference value :  2.19925e-08
 Reference value :  2.20125e-08
 Reference value :  2.20325e-08
 Reference value :  2.20575e-08
 Reference value :  2.20825e-08
 Reference value :  2.21025e-08
 Reference value :  2.21175e-08
 Reference value :  2.21375e-08
 Reference value :  2.21575e-08
 Reference value :  2.21775e-08
 Reference value :  2.22025e-08
 Reference value :  2.22325e-08
 Reference value :  2.22525e-08
 Reference value :  2.22725e-08
 Reference value :  2.22875e-08
 Reference value :  2.23075e-08
 Reference value :  2.23275e-08
 Reference value :  2.23475e-08
 Reference value :  2.23725e-08
 Reference value :  2.23975e-08
 Reference value :  2.24225e-08
 Reference value :  2.24425e-08
 Reference value :  2.24625e-08
 Reference value :  2.24875e-08
 Reference value :  2.25025e-08
 Reference value :  2.25175e-08
 Reference value :  2.25375e-08
 Reference value :  2.25625e-08
 Reference value :  2.25825e-08
 Reference value :  2.26025e-08
 Reference value :  2.26275e-08
 Reference value :  2.26475e-08
 Reference value :  2.26675e-08
 Reference value :  2.26925e-08
 Reference value :  2.27125e-08
 Reference value :  2.27325e-08
 Reference value :  2.27525e-08
 Reference value :  2.27775e-08
 Reference value :  2.27975e-08
 Reference value :  2.28175e-08
 Reference value :  2.28325e-08
 Reference value :  2.28525e-08
 Reference value :  2.28725e-08
 Reference value :  2.28975e-08
 Reference value :  2.29225e-08
 Reference value :  2.29425e-08
 Reference value :  2.29625e-08
 Reference value :  2.29775e-08
 Reference value :  2.29975e-08
 Reference value :  2.30275e-08
 Reference value :  2.30475e-08
 Reference value :  2.30675e-08
 Reference value :  2.30875e-08
 Reference value :  2.31125e-08
 Reference value :  2.31325e-08
 Reference value :  2.31475e-08
 Reference value :  2.31725e-08
 Reference value :  2.31975e-08
 Reference value :  2.32125e-08
 Reference value :  2.32325e-08
 Reference value :  2.32575e-08
 Reference value :  2.32775e-08
 Reference value :  2.33025e-08
 Reference value :  2.33275e-08
 Reference value :  2.33525e-08
 Reference value :  2.33725e-08
 Reference value :  2.33925e-08
 Reference value :  2.34125e-08
 Reference value :  2.34275e-08
 Reference value :  2.34475e-08
 Reference value :  2.34675e-08
 Reference value :  2.34925e-08
 Reference value :  2.35125e-08
 Reference value :  2.35325e-08
 Reference value :  2.35475e-08
 Reference value :  2.35675e-08
 Reference value :  2.35875e-08
 Reference value :  2.36075e-08
 Reference value :  2.36275e-08
 Reference value :  2.36475e-08
 Reference value :  2.36675e-08
 Reference value :  2.36925e-08
 Reference value :  2.37125e-08
 Reference value :  2.37375e-08
 Reference value :  2.37625e-08
 Reference value :  2.37825e-08
 Reference value :  2.38025e-08
 Reference value :  2.38225e-08
 Reference value :  2.38425e-08
 Reference value :  2.38625e-08
 Reference value :  2.38825e-08
 Reference value :  2.38975e-08
 Reference value :  2.39175e-08
 Reference value :  2.39325e-08
 Reference value :  2.39575e-08
 Reference value :  2.39775e-08
 Reference value :  2.39975e-08
 Reference value :  2.40175e-08
 Reference value :  2.40425e-08
 Reference value :  2.40625e-08
 Reference value :  2.40875e-08
 Reference value :  2.41075e-08
 Reference value :  2.41325e-08
 Reference value :  2.41575e-08
 Reference value :  2.41775e-08
 Reference value :  2.42025e-08
 Reference value :  2.42475e-08
 Reference value :  2.42725e-08
 Reference value :  2.42925e-08
 Reference value :  2.43125e-08
 Reference value :  2.43325e-08
 Reference value :  2.43575e-08
 Reference value :  2.43775e-08
 Reference value :  2.43975e-08
 Reference value :  2.44225e-08
 Reference value :  2.44425e-08
 Reference value :  2.44625e-08
 Reference value :  2.44825e-08
 Reference value :  2.45025e-08
 Reference value :  2.45275e-08
 Reference value :  2.45525e-08
 Reference value :  2.45775e-08
 Reference value :  2.45975e-08
 Reference value :  2.46225e-08
 Reference value :  2.46475e-08
 Reference value :  2.46675e-08
 Reference value :  2.46875e-08
 Reference value :  2.47025e-08
 Reference value :  2.47275e-08
 Reference value :  2.47525e-08
 Reference value :  2.47725e-08
 Reference value :  2.47925e-08
 Reference value :  2.48125e-08
 Reference value :  2.48275e-08
 Reference value :  2.48475e-08
 Reference value :  2.48725e-08
 Reference value :  2.48975e-08
 Reference value :  2.49225e-08
 Reference value :  2.49475e-08
 Reference value :  2.49675e-08
 Reference value :  2.49825e-08
 Reference value :  2.50025e-08
 Reference value :  2.50225e-08
 Reference value :  2.50425e-08
 Reference value :  2.50675e-08
 Reference value :  2.50925e-08
 Reference value :  2.51125e-08
 Reference value :  2.51325e-08
 Reference value :  2.51525e-08
 Reference value :  2.51725e-08
 Reference value :  2.51875e-08
 Reference value :  2.52075e-08
 Reference value :  2.52225e-08
 Reference value :  2.52475e-08
 Reference value :  2.52625e-08
 Reference value :  2.52775e-08
 Reference value :  2.52975e-08
 Reference value :  2.53225e-08
 Reference value :  2.53425e-08
 Reference value :  2.53625e-08
 Reference value :  2.53825e-08
 Reference value :  2.54025e-08
 Reference value :  2.54275e-08
 Reference value :  2.54475e-08
 Reference value :  2.54725e-08
 Reference value :  2.54925e-08
 Reference value :  2.55175e-08
 Reference value :  2.55375e-08
 Reference value :  2.55575e-08
 Reference value :  2.55825e-08
 Reference value :  2.56075e-08
 Reference value :  2.56325e-08
 Reference value :  2.56525e-08
 Reference value :  2.56775e-08
 Reference value :  2.57025e-08
 Reference value :  2.57275e-08
 Reference value :  2.57525e-08
 Reference value :  2.57725e-08
 Reference value :  2.57925e-08
 Reference value :  2.58125e-08
 Reference value :  2.58375e-08
 Reference value :  2.58575e-08
 Reference value :  2.58725e-08
 Reference value :  2.58925e-08
 Reference value :  2.59125e-08
 Reference value :  2.59375e-08
 Reference value :  2.59625e-08
 Reference value :  2.59825e-08
 Reference value :  2.60025e-08
 Reference value :  2.60275e-08
 Reference value :  2.60525e-08
 Reference value :  2.60775e-08
 Reference value :  2.61075e-08
 Reference value :  2.61325e-08
 Reference value :  2.61525e-08
 Reference value :  2.61825e-08
 Reference value :  2.62075e-08
 Reference value :  2.62325e-08
 Reference value :  2.62525e-08
 Reference value :  2.62725e-08
 Reference value :  2.62925e-08
 Reference value :  2.63175e-08
 Reference value :  2.63425e-08
 Reference value :  2.63625e-08
 Reference value :  2.63825e-08
 Reference value :  2.64125e-08
 Reference value :  2.64375e-08
 Reference value :  2.64525e-08
 Reference value :  2.64725e-08
 Reference value :  2.64975e-08
 Reference value :  2.65175e-08
 Reference value :  2.65375e-08
 Reference value :  2.65575e-08
 Reference value :  2.65825e-08
 Reference value :  2.81925e-08
 Reference value :  2.82175e-08
 Reference value :  2.82375e-08
 Reference value :  2.82575e-08
 Reference value :  2.82825e-08
 Reference value :  2.83025e-08
 Reference value :  2.83225e-08
 Reference value :  2.83475e-08
 Reference value :  2.83625e-08
 Reference value :  2.83775e-08
 Reference value :  2.84025e-08
 Reference value :  2.84275e-08
 Reference value :  2.84475e-08
 Reference value :  2.84675e-08
 Reference value :  2.84925e-08
 Reference value :  2.85125e-08
 Reference value :  2.85375e-08
 Reference value :  2.85575e-08
 Reference value :  2.85725e-08
 Reference value :  2.85925e-08
 Reference value :  2.86125e-08
 Reference value :  2.86325e-08
 Reference value :  2.86525e-08
 Reference value :  2.86775e-08
 Reference value :  2.86925e-08
 Reference value :  2.87125e-08
 Reference value :  2.87325e-08
 Reference value :  2.87525e-08
 Reference value :  2.87725e-08
 Reference value :  2.87925e-08
 Reference value :  2.88175e-08
 Reference value :  2.88375e-08
 Reference value :  2.88625e-08
 Reference value :  2.88825e-08
 Reference value :  2.89025e-08
 Reference value :  2.89225e-08
 Reference value :  2.89425e-08
 Reference value :  2.89625e-08
 Reference value :  2.89825e-08
 Reference value :  2.90025e-08
 Reference value :  2.90175e-08
 Reference value :  2.90425e-08
 Reference value :  2.90625e-08
 Reference value :  2.90825e-08
 Reference value :  2.91025e-08
 Reference value :  2.91175e-08
 Reference value :  2.91325e-08
 Reference value :  2.91525e-08
 Reference value :  2.91675e-08
 Reference value :  2.91875e-08
 Reference value :  2.92125e-08
 Reference value :  2.92325e-08
 Reference value :  2.92525e-08
 Reference value :  2.92775e-08
 Reference value :  2.92975e-08
 Reference value :  2.93175e-08
 Reference value :  2.93375e-08
 Reference value :  2.93575e-08
 Reference value :  2.93725e-08
 Reference value :  2.93925e-08
 Reference value :  2.94175e-08
 Reference value :  2.94375e-08
 Reference value :  2.94575e-08
 Reference value :  2.94775e-08
 Reference value :  2.94975e-08
 Reference value :  2.95175e-08
 Reference value :  2.95375e-08
 Reference value :  2.95575e-08
 Reference value :  2.95825e-08
 Reference value :  2.96025e-08
 Reference value :  2.96225e-08
 Reference value :  2.96475e-08
 Reference value :  2.96675e-08
 Reference value :  2.96875e-08
 Reference value :  2.97125e-08
 Reference value :  2.97325e-08
 Reference value :  2.97525e-08
 Reference value :  2.97725e-08
 Reference value :  2.97925e-08
 Reference value :  2.98125e-08
 Reference value :  2.98375e-08
 Reference value :  2.98625e-08
 Reference value :  2.98875e-08
 Reference value :  2.99125e-08
 Reference value :  2.99375e-08
 Reference value :  2.99575e-08
 Reference value :  2.99825e-08
 Reference value :  3.00025e-08
 Reference value :  3.00225e-08
 Reference value :  3.00475e-08
 Reference value :  3.00725e-08
 Reference value :  3.00925e-08
 Reference value :  3.01175e-08
 Reference value :  3.01375e-08
 Reference value :  3.01625e-08
 Reference value :  3.01825e-08
 Reference value :  3.02025e-08
 Reference value :  3.02225e-08
 Reference value :  3.02425e-08
 Reference value :  3.02625e-08
 Reference value :  3.02775e-08
 Reference value :  3.02975e-08
 Reference value :  3.03175e-08
 Reference value :  3.03425e-08
 Reference value :  3.03625e-08
 Reference value :  3.03825e-08
 Reference value :  3.04025e-08
 Reference value :  3.04225e-08
 Reference value :  3.04425e-08
 Reference value :  3.04625e-08
 Reference value :  3.04775e-08
 Reference value :  3.04975e-08
 Reference value :  3.05175e-08
 Reference value :  3.05325e-08
 Reference value :  3.05575e-08
 Reference value :  3.05775e-08
 Reference value :  3.06025e-08
 Reference value :  3.06225e-08
 Reference value :  3.06425e-08
 Reference value :  3.06625e-08
 Reference value :  3.06825e-08
 Reference value :  3.07025e-08
 Reference value :  3.07225e-08
 Reference value :  3.07425e-08
 Reference value :  3.07625e-08
 Reference value :  3.07825e-08
 Reference value :  3.08025e-08
 Reference value :  3.08275e-08
 Reference value :  3.08525e-08
 Reference value :  3.08775e-08
 Reference value :  3.08975e-08
 Reference value :  3.09175e-08
 Reference value :  3.09425e-08
 Reference value :  3.09625e-08
 Reference value :  3.09875e-08
 Reference value :  3.10125e-08
 Reference value :  3.10325e-08
 Reference value :  3.10525e-08
 Reference value :  3.10725e-08
 Reference value :  3.10975e-08
 Reference value :  3.11225e-08
 Reference value :  3.11425e-08
 Reference value :  3.11625e-08
 Reference value :  3.11775e-08
 Reference value :  3.11975e-08
 Reference value :  3.12225e-08
 Reference value :  3.12425e-08
 Reference value :  3.12625e-08
 Reference value :  3.12875e-08
 Reference value :  3.13075e-08
 Reference value :  3.13225e-08
 Reference value :  3.13425e-08
 Reference value :  3.13625e-08
 Reference value :  3.13825e-08
 Reference value :  3.14025e-08
 Reference value :  3.14225e-08
 Reference value :  3.14425e-08
 Reference value :  3.14625e-08
 Reference value :  3.14825e-08
 Reference value :  3.15075e-08
 Reference value :  3.15325e-08
 Reference value :  3.15575e-08
 Reference value :  3.15775e-08
 Reference value :  3.15975e-08
 Reference value :  3.16175e-08
 Reference value :  3.16425e-08
 Reference value :  3.16625e-08
 Reference value :  3.16825e-08
 Reference value :  3.17075e-08
 Reference value :  3.17275e-08
 Reference value :  3.17525e-08
 Reference value :  3.17725e-08
 Reference value :  3.17975e-08
 Reference value :  3.18175e-08
 Reference value :  3.18325e-08
 Reference value :  3.18525e-08
 Reference value :  3.18775e-08
 Reference value :  3.19025e-08
 Reference value :  3.19325e-08
 Reference value :  3.19575e-08
 Reference value :  3.19825e-08
 Reference value :  3.20025e-08
 Reference value :  3.20225e-08
 Reference value :  3.20425e-08
 Reference value :  3.20575e-08
 Reference value :  3.20775e-08
 Reference value :  3.20975e-08
 Reference value :  3.21225e-08
 Reference value :  3.21475e-08
 Reference value :  3.21675e-08
 Reference value :  3.21875e-08
 Reference value :  3.22075e-08
 Reference value :  3.22325e-08
 Reference value :  3.22525e-08
 Reference value :  3.22675e-08
 Reference value :  3.22875e-08
 Reference value :  3.23075e-08
 Reference value :  3.23325e-08
 Reference value :  3.23575e-08
 Reference value :  3.23775e-08
 Reference value :  3.24025e-08
 Reference value :  3.24225e-08
 Reference value :  3.24475e-08
 Reference value :  3.24675e-08
 Reference value :  3.24875e-08
 Reference value :  3.25025e-08
 Reference value :  3.25225e-08
 Reference value :  3.25425e-08
 Reference value :  3.25575e-08
 Reference value :  3.25825e-08
 Reference value :  3.26025e-08
 Reference value :  3.26225e-08
 Reference value :  3.26475e-08
 Reference value :  3.26675e-08
 Reference value :  3.26875e-08
 Reference value :  3.27125e-08
 Reference value :  3.27325e-08
 Reference value :  3.27575e-08
 Reference value :  3.27825e-08
 Reference value :  3.27975e-08
 Reference value :  3.28175e-08
 Reference value :  3.28375e-08
 Reference value :  3.28575e-08
 Reference value :  3.28775e-08
 Reference value :  3.29125e-08
 Reference value :  3.29375e-08
 Reference value :  3.29575e-08
 Reference value :  3.29825e-08
 Reference value :  3.30075e-08
 Reference value :  3.30225e-08
 Reference value :  3.30425e-08
 Reference value :  3.30675e-08
 Reference value :  3.30875e-08
 Reference value :  3.31075e-08
 Reference value :  3.31275e-08
 Reference value :  3.31475e-08
 Reference value :  3.31675e-08
 Reference value :  3.31875e-08
 Reference value :  3.32125e-08
 Reference value :  3.32375e-08
 Reference value :  3.32575e-08
 Reference value :  3.32775e-08
 Reference value :  3.32975e-08
 Reference value :  3.33175e-08
 Reference value :  3.33375e-08
 Reference value :  3.33575e-08
 Reference value :  3.33825e-08
 Reference value :  3.34025e-08
 Reference value :  3.34175e-08
 Reference value :  3.34375e-08
 Reference value :  3.34625e-08
 Reference value :  3.34925e-08
 Reference value :  3.35125e-08
 Reference value :  3.35375e-08
 Reference value :  3.35575e-08
 Reference value :  3.35725e-08
 Reference value :  3.35875e-08
 Reference value :  3.36075e-08
 Reference value :  3.36275e-08
 Reference value :  3.36475e-08
 Reference value :  3.36725e-08
 Reference value :  3.36975e-08
 Reference value :  3.37125e-08
 Reference value :  3.37325e-08
 Reference value :  3.37525e-08
 Reference value :  3.37725e-08
 Reference value :  3.37925e-08
 Reference value :  3.38125e-08
 Reference value :  3.38325e-08
 Reference value :  3.38575e-08
 Reference value :  3.38825e-08
 Reference value :  3.39025e-08
 Reference value :  3.39275e-08
 Reference value :  3.39475e-08
 Reference value :  3.39675e-08
 Reference value :  3.39875e-08
 Reference value :  3.40075e-08
 Reference value :  3.40275e-08
 Reference value :  3.40475e-08
 Reference value :  3.40775e-08
 Reference value :  3.40975e-08
 Reference value :  3.41175e-08
 Reference value :  3.41425e-08
 Reference value :  3.41675e-08
 Reference value :  3.41925e-08
 Reference value :  3.42175e-08
 Reference value :  3.42425e-08
 Reference value :  3.42625e-08
 Reference value :  3.42825e-08
 Reference value :  3.43025e-08
 Reference value :  3.43225e-08
 Reference value :  3.43425e-08
 Reference value :  3.43625e-08
 Reference value :  3.43825e-08
 Reference value :  3.44075e-08
 Reference value :  3.44275e-08
 Reference value :  3.44525e-08
 Reference value :  3.44825e-08
 Reference value :  3.45025e-08
 Reference value :  3.45225e-08
 Reference value :  3.45425e-08
 Reference value :  3.45825e-08
 Reference value :  3.46025e-08
 Reference value :  3.46225e-08
 Reference value :  3.46425e-08
 Reference value :  3.46675e-08
 Reference value :  3.46875e-08
 Reference value :  3.47075e-08
 Reference value :  3.47225e-08
 Reference value :  3.47425e-08
 Reference value :  3.47675e-08
 Reference value :  3.47925e-08
 Reference value :  3.48225e-08
 Reference value :  3.48475e-08
 Reference value :  3.48675e-08
 Reference value :  3.48875e-08
 Reference value :  3.49075e-08
 Reference value :  3.49275e-08
 Reference value :  3.49475e-08
 Reference value :  3.49725e-08
 Reference value :  3.49925e-08
 Reference value :  3.50125e-08
 Reference value :  3.50325e-08
 Reference value :  3.50475e-08
 Reference value :  3.50675e-08
 Reference value :  3.50875e-08
 Reference value :  3.51025e-08
 Reference value :  3.51225e-08
 Reference value :  3.51375e-08
 Reference value :  3.51575e-08
 Reference value :  3.51775e-08
 Reference value :  3.51975e-08
 Reference value :  3.52175e-08
 Reference value :  3.52375e-08
 Reference value :  3.52575e-08
 Reference value :  3.52775e-08
 Reference value :  3.52975e-08
 Reference value :  3.53225e-08
 Reference value :  3.53425e-08
 Reference value :  3.53625e-08
 Reference value :  3.53825e-08
 Reference value :  3.54025e-08
 Reference value :  3.54325e-08
 Reference value :  3.54575e-08
 Reference value :  3.54725e-08
 Reference value :  3.54875e-08
 Reference value :  3.55075e-08
 Reference value :  3.55275e-08
 Reference value :  3.55475e-08
 Reference value :  3.55675e-08
 Reference value :  3.55875e-08
 Reference value :  3.56075e-08
 Reference value :  3.56275e-08
 Reference value :  3.56425e-08
 Reference value :  3.56625e-08
 Reference value :  3.56825e-08
 Reference value :  3.57025e-08
 Reference value :  3.57175e-08
 Reference value :  3.57375e-08
 Reference value :  3.57575e-08
 Reference value :  3.57775e-08
 Reference value :  3.57975e-08
 Reference value :  3.58225e-08
 Reference value :  3.58425e-08
 Reference value :  3.58625e-08
 Reference value :  3.58825e-08
 Reference value :  3.59025e-08
 Reference value :  3.59225e-08
 Reference value :  3.59475e-08
 Reference value :  3.59675e-08
 Reference value :  3.59875e-08
 Reference value :  3.60075e-08
 Reference value :  3.60275e-08
 Reference value :  3.60525e-08
 Reference value :  3.60775e-08
 Reference value :  3.61025e-08
 Reference value :  3.61225e-08
 Reference value :  3.61425e-08
 Reference value :  3.61625e-08
 Reference value :  3.61825e-08
 Reference value :  3.62075e-08
 Reference value :  3.62275e-08
 Reference value :  3.62475e-08
 Reference value :  3.62725e-08
 Reference value :  3.62875e-08
 Reference value :  3.63075e-08
 Reference value :  3.63275e-08
 Reference value :  3.63525e-08
 Reference value :  3.63775e-08
 Reference value :  3.64025e-08
 Reference value :  3.64275e-08
 Reference value :  3.64525e-08
 Reference value :  3.64725e-08
 Reference value :  3.64875e-08
 Reference value :  3.65025e-08
 Reference value :  3.65175e-08
 Reference value :  3.65375e-08
 Reference value :  3.65575e-08
 Reference value :  3.65775e-08
 Reference value :  3.65975e-08
 Reference value :  3.66175e-08
 Reference value :  3.66375e-08
 Reference value :  3.66625e-08
 Reference value :  3.66775e-08
 Reference value :  3.66975e-08
 Reference value :  3.67225e-08
 Reference value :  3.67475e-08
 Reference value :  3.67625e-08
 Reference value :  3.67875e-08
 Reference value :  3.68075e-08
 Reference value :  3.68275e-08
 Reference value :  3.68475e-08
 Reference value :  3.68675e-08
 Reference value :  3.68875e-08
 Reference value :  3.69125e-08
 Reference value :  3.69325e-08
 Reference value :  3.69525e-08
 Reference value :  3.69775e-08
 Reference value :  3.69925e-08
 Reference value :  3.70125e-08
 Reference value :  3.70325e-08
 Reference value :  3.70525e-08
 Reference value :  3.70775e-08
 Reference value :  3.70975e-08
 Reference value :  3.71125e-08
 Reference value :  3.71325e-08
 Reference value :  3.71525e-08
 Reference value :  3.71675e-08
 Reference value :  3.71875e-08
 Reference value :  3.72125e-08
 Reference value :  3.72325e-08
 Reference value :  3.72525e-08
 Reference value :  3.72775e-08
 Reference value :  3.73075e-08
 Reference value :  3.73275e-08
 Reference value :  3.73525e-08
 Reference value :  3.73725e-08
 Reference value :  3.73925e-08
 Reference value :  3.74125e-08
 Reference value :  3.74325e-08
 Reference value :  3.74525e-08
 Reference value :  3.74725e-08
 Reference value :  3.74975e-08
 Reference value :  3.75175e-08
 Reference value :  3.75375e-08
 Reference value :  3.75625e-08
 Reference value :  3.75825e-08
 Reference value :  3.76075e-08
 Reference value :  3.76275e-08
 Reference value :  3.76475e-08
 Reference value :  3.76675e-08
 Reference value :  3.76875e-08
 Reference value :  3.77125e-08
 Reference value :  3.77275e-08
 Reference value :  3.77475e-08
 Reference value :  3.77675e-08
 Reference value :  3.77875e-08
 Reference value :  3.78075e-08
 Reference value :  3.78275e-08
 Reference value :  3.78475e-08
 Reference value :  3.78725e-08
 Reference value :  3.78975e-08
 Reference value :  3.79175e-08
 Reference value :  3.79325e-08
 Reference value :  3.79525e-08
 Reference value :  3.79675e-08
 Reference value :  3.79875e-08
 Reference value :  3.80075e-08
 Reference value :  3.80275e-08
 Reference value :  3.80475e-08
 Reference value :  3.80675e-08
 Reference value :  3.80875e-08
 Reference value :  3.81075e-08
 Reference value :  3.81225e-08
 Reference value :  3.81425e-08
 Reference value :  3.81625e-08
 Reference value :  3.81825e-08
 Reference value :  3.82025e-08
 Reference value :  3.82175e-08
 Reference value :  3.82325e-08
 Reference value :  3.82625e-08
 Reference value :  3.82825e-08
 Reference value :  3.83025e-08
 Reference value :  3.83225e-08
 Reference value :  3.83475e-08
 Reference value :  3.83675e-08
 Reference value :  3.83875e-08
 Reference value :  3.84075e-08
 Reference value :  3.84325e-08
 Reference value :  3.84575e-08
 Reference value :  3.84825e-08
 Reference value :  3.85075e-08
 Reference value :  3.85325e-08
 Reference value :  3.85525e-08
 Reference value :  3.85675e-08
 Reference value :  3.85875e-08
 Reference value :  3.86125e-08
 Reference value :  3.86325e-08
 Reference value :  3.86525e-08
 Reference value :  3.86725e-08
 Reference value :  3.86925e-08
 Reference value :  3.87175e-08
 Reference value :  3.87475e-08
 Reference value :  3.87725e-08
 Reference value :  3.88025e-08
 Reference value :  3.88275e-08
 Reference value :  3.88525e-08
 Reference value :  3.88675e-08
 Reference value :  3.88925e-08
 Reference value :  3.89125e-08
 Reference value :  3.89325e-08
 Reference value :  3.89575e-08
 Reference value :  3.89775e-08
 Reference value :  3.89975e-08
 Reference value :  3.90175e-08
 Reference value :  3.90425e-08
 Reference value :  3.90675e-08
 Reference value :  3.90875e-08
 Reference value :  3.91125e-08
 Reference value :  3.91375e-08
 Reference value :  3.91725e-08
 Reference value :  3.92075e-08
 Reference value :  3.92275e-08
 Reference value :  3.92475e-08
 Reference value :  3.92725e-08
 Reference value :  3.92925e-08
 Reference value :  3.93125e-08
 Reference value :  3.93325e-08
 Reference value :  3.93475e-08
 Reference value :  3.93675e-08
 Reference value :  3.93875e-08
 Reference value :  3.94075e-08
 Reference value :  3.94275e-08
 Reference value :  3.94525e-08
 Reference value :  3.94675e-08
 Reference value :  3.94875e-08
 Reference value :  3.95075e-08
 Reference value :  3.95225e-08
 Reference value :  3.95425e-08
 Reference value :  3.95675e-08
 Reference value :  3.95925e-08
 Reference value :  3.96125e-08
 Reference value :  3.96325e-08
 Reference value :  3.96525e-08
 Reference value :  3.96725e-08
 Reference value :  3.96925e-08
 Reference value :  3.97125e-08
 Reference value :  3.97325e-08
 Reference value :  3.97525e-08
 Reference value :  3.97725e-08
 Reference value :  3.97875e-08
 Reference value :  3.98075e-08
 Reference value :  3.98275e-08
 Reference value :  3.98475e-08
 Reference value :  3.98625e-08
 Reference value :  3.98825e-08
 Reference value :  3.98975e-08
 Reference value :  3.99275e-08
 Reference value :  3.99475e-08
 Reference value :  3.99625e-08
 Reference value :  3.99825e-08
 Reference value :  4.00025e-08
 Reference value :  4.00225e-08
 Reference value :  4.00475e-08
 Reference value :  4.00675e-08
 Reference value :  4.00875e-08
 Reference value :  4.01025e-08
 Reference value :  4.01225e-08
 Reference value :  4.01425e-08
 Reference value :  4.01575e-08
 Reference value :  4.01775e-08
 Reference value :  4.01975e-08
 Reference value :  4.02275e-08
 Reference value :  4.02475e-08
 Reference value :  4.02675e-08
 Reference value :  4.02875e-08
 Reference value :  4.03025e-08
 Reference value :  4.03275e-08
 Reference value :  4.03525e-08
 Reference value :  4.03675e-08
 Reference value :  4.03875e-08
 Reference value :  4.04075e-08
 Reference value :  4.04275e-08
 Reference value :  4.04425e-08
 Reference value :  4.04625e-08
 Reference value :  4.04825e-08
 Reference value :  4.05025e-08
 Reference value :  4.05175e-08
 Reference value :  4.05375e-08
 Reference value :  4.05575e-08
 Reference value :  4.05775e-08
 Reference value :  4.06025e-08
 Reference value :  4.06225e-08
 Reference value :  4.06425e-08
 Reference value :  4.06625e-08
 Reference value :  4.06775e-08
 Reference value :  4.07125e-08
 Reference value :  4.07325e-08
 Reference value :  4.07525e-08
 Reference value :  4.07725e-08
 Reference value :  4.07975e-08
 Reference value :  4.08175e-08
 Reference value :  4.08375e-08
 Reference value :  4.08775e-08
 Reference value :  4.08975e-08
 Reference value :  4.09125e-08
 Reference value :  4.09325e-08
 Reference value :  4.09525e-08
 Reference value :  4.09725e-08
 Reference value :  4.09875e-08
 Reference value :  4.10125e-08
 Reference value :  4.10325e-08
 Reference value :  4.10525e-08
 Reference value :  4.10725e-08
 Reference value :  4.10975e-08
 Reference value :  4.11175e-08
 Reference value :  4.11375e-08
 Reference value :  4.11575e-08
 Reference value :  4.11775e-08
 Reference value :  4.11925e-08
 Reference value :  4.12125e-08
 Reference value :  4.12275e-08
 Reference value :  4.12475e-08
 Reference value :  4.12675e-08
 Reference value :  4.12975e-08
 Reference value :  4.13175e-08
 Reference value :  4.13375e-08
 Reference value :  4.13575e-08
 Reference value :  4.13775e-08
 Reference value :  4.13975e-08
 Reference value :  4.14175e-08
 Reference value :  4.14375e-08
 Reference value :  4.14575e-08
 Reference value :  4.14775e-08
 Reference value :  4.14925e-08
 Reference value :  4.17425e-08
 Reference value :  4.17575e-08
 Reference value :  4.17775e-08
 Reference value :  4.17975e-08
 Reference value :  4.18175e-08
 Reference value :  4.18375e-08
 Reference value :  4.18525e-08
 Reference value :  4.18725e-08
 Reference value :  4.18925e-08
 Reference value :  4.19125e-08
 Reference value :  4.19325e-08
 Reference value :  4.19525e-08
 Reference value :  4.19675e-08
 Reference value :  4.19875e-08
 Reference value :  4.20075e-08
 Reference value :  4.20275e-08
 Reference value :  4.20425e-08
 Reference value :  4.20625e-08
 Reference value :  4.20825e-08
 Reference value :  4.21025e-08
 Reference value :  4.21225e-08
 Reference value :  4.21425e-08
 Reference value :  4.21625e-08
 Reference value :  4.21825e-08
 Reference value :  4.21975e-08
 Reference value :  4.22175e-08
 Reference value :  4.22375e-08
 Reference value :  4.22575e-08
 Reference value :  4.22725e-08
 Reference value :  4.22875e-08
 Reference value :  4.23025e-08
 Reference value :  4.23225e-08
 Reference value :  4.23425e-08
 Reference value :  4.23625e-08
 Reference value :  4.23825e-08
 Reference value :  4.23975e-08
 Reference value :  4.24175e-08
 Reference value :  4.24325e-08
 Reference value :  4.24525e-08
 Reference value :  4.24675e-08
 Reference value :  4.24875e-08
 Reference value :  4.25025e-08
 Reference value :  4.25275e-08
 Reference value :  4.25475e-08
 Reference value :  4.25725e-08
 Reference value :  4.25925e-08
 Reference value :  4.26125e-08
 Reference value :  4.26325e-08
 Reference value :  4.26525e-08
 Reference value :  4.26725e-08
 Reference value :  4.26925e-08
 Reference value :  4.27125e-08
 Reference value :  4.27325e-08
 Reference value :  4.27525e-08
 Reference value :  4.27725e-08
 Reference value :  4.27925e-08
 Reference value :  4.28075e-08
 Reference value :  4.28275e-08
 Reference value :  4.28475e-08
 Reference value :  4.28675e-08
 Reference value :  4.28875e-08
 Reference value :  4.29075e-08
 Reference value :  4.29275e-08
 Reference value :  4.29475e-08
 Reference value :  4.29675e-08
 Reference value :  4.29875e-08
 Reference value :  4.30075e-08
 Reference value :  4.30275e-08
 Reference value :  4.30475e-08
 Reference value :  4.30675e-08
 Reference value :  4.30925e-08
 Reference value :  4.31125e-08
 Reference value :  4.31325e-08
 Reference value :  4.31525e-08
 Reference value :  4.31725e-08
 Reference value :  4.31975e-08
 Reference value :  4.32175e-08
 Reference value :  4.32375e-08
 Reference value :  4.32575e-08
 Reference value :  4.32775e-08
 Reference value :  4.32925e-08
 Reference value :  4.33125e-08
 Reference value :  4.33375e-08
 Reference value :  4.33575e-08
 Reference value :  4.33775e-08
 Reference value :  4.34025e-08
 Reference value :  4.34225e-08
 Reference value :  4.34375e-08
 Reference value :  4.34625e-08
 Reference value :  4.34825e-08
 Reference value :  4.35025e-08
 Reference value :  4.35225e-08
 Reference value :  4.35425e-08
 Reference value :  4.35625e-08
 Reference value :  4.35875e-08
 Reference value :  4.36075e-08
 Reference value :  4.36275e-08
 Reference value :  4.36475e-08
 Reference value :  4.36675e-08
 Reference value :  4.36875e-08
 Reference value :  4.37125e-08
 Reference value :  4.37325e-08
 Reference value :  4.37525e-08
 Reference value :  4.37725e-08
 Reference value :  4.37925e-08
 Reference value :  4.38125e-08
 Reference value :  4.38325e-08
 Reference value :  4.38525e-08
 Reference value :  4.38725e-08
 Reference value :  4.38925e-08
 Reference value :  4.39125e-08
 Reference value :  4.39325e-08
 Reference value :  4.39525e-08
 Reference value :  4.39725e-08
 Reference value :  4.39925e-08
 Reference value :  4.40125e-08
 Reference value :  4.40325e-08
 Reference value :  4.40525e-08
 Reference value :  4.40725e-08
 Reference value :  4.40925e-08
 Reference value :  4.41125e-08
 Reference value :  4.41325e-08
 Reference value :  4.41525e-08
 Reference value :  4.41725e-08
 Reference value :  4.41875e-08
 Reference value :  4.42075e-08
 Reference value :  4.42275e-08
 Reference value :  4.42475e-08
 Reference value :  4.42725e-08
 Reference value :  4.42925e-08
 Reference value :  4.43125e-08
 Reference value :  4.43325e-08
 Reference value :  4.43525e-08
 Reference value :  4.43725e-08
 Reference value :  4.43925e-08
 Reference value :  4.44125e-08
 Reference value :  4.44325e-08
 Reference value :  4.44525e-08
 Reference value :  4.44775e-08
 Reference value :  4.44925e-08
 Reference value :  4.45125e-08
 Reference value :  4.45325e-08
 Reference value :  4.45525e-08
 Reference value :  4.45725e-08
 Reference value :  4.45975e-08
 Reference value :  4.46225e-08
 Reference value :  4.46425e-08
 Reference value :  4.46625e-08
 Reference value :  4.46825e-08
 Reference value :  4.47025e-08
 Reference value :  4.47275e-08
 Reference value :  4.47475e-08
 Reference value :  4.47675e-08
 Reference value :  4.47875e-08
 Reference value :  4.48075e-08
 Reference value :  4.48275e-08
 Reference value :  4.48475e-08
 Reference value :  4.48675e-08
 Reference value :  4.48925e-08
 Reference value :  4.49125e-08
 Reference value :  4.49325e-08
 Reference value :  4.49525e-08
 Reference value :  4.49725e-08
 Reference value :  4.49925e-08
 Reference value :  4.50125e-08
 Reference value :  4.50325e-08
 Reference value :  4.50525e-08
 Reference value :  4.50725e-08
 Reference value :  4.50925e-08
No. of Data Rows : 9034
Note: Simulation executed from .control section 
