
Note: Compatibility modes selected: hs a


Circuit: * comparator-decision offset pick-off -- vindiff=0.0mv corner=tt_mm temp=27.0c seed=13 (issue #9)

option SCALE: Scale is set to 1e-06 for instance and model parameters
option SCALE: Scale is set to 1e-06 for instance and model parameters
option SCALE: Scale is set to 1e-06 for instance and model parameters
option SCALE: Scale is set to 1e-06 for instance and model parameters
Doing analysis at TEMP = 27.000000 and TNOM = 27.000000

Using KLU as Direct Linear Solver
 Reference value :  0.00000e+00
 Reference value :  7.08560e-10
 Reference value :  1.20856e-09
 Reference value :  1.21456e-09
 Reference value :  1.43056e-09
 Reference value :  1.74256e-09
 Reference value :  1.96656e-09
 Reference value :  2.04856e-09
 Reference value :  2.26656e-09
 Reference value :  2.44256e-09
 Reference value :  3.36856e-09
 Reference value :  5.24100e-09
No. of Data Rows : 3314
Note: Simulation executed from .control section 
