
Note: Compatibility modes selected: hs a


Circuit: * comparator-decision offset pick-off -- vindiff=0.0mv corner=tt_mm temp=27.0c seed=2 (issue #9)

option SCALE: Scale is set to 1e-06 for instance and model parameters
option SCALE: Scale is set to 1e-06 for instance and model parameters
option SCALE: Scale is set to 1e-06 for instance and model parameters
option SCALE: Scale is set to 1e-06 for instance and model parameters
Doing analysis at TEMP = 27.000000 and TNOM = 27.000000

Using KLU as Direct Linear Solver
 Reference value :  0.00000e+00
 Reference value :  1.04656e-09
 Reference value :  2.23656e-09
 Reference value :  3.15256e-09
 Reference value :  4.30256e-09
 Reference value :  4.54856e-09
 Reference value :  4.82456e-09
 Reference value :  4.92856e-09
 Reference value :  5.88700e-09
 Reference value :  5.89500e-09
 Reference value :  6.07100e-09
 Reference value :  6.07900e-09
 Reference value :  6.57500e-09
 Reference value :  6.58300e-09
 Reference value :  6.59100e-09
 Reference value :  6.59850e-09
No. of Data Rows : 3314
Note: Simulation executed from .control section 
