
Note: Compatibility modes selected: hs a


Circuit: * comparator-decision offset pick-off -- vindiff=2mv corner=tt temp=27.0c seed=none (issue #9)

option SCALE: Scale is set to 1e-06 for instance and model parameters
option SCALE: Scale is set to 1e-06 for instance and model parameters
option SCALE: Scale is set to 1e-06 for instance and model parameters
option SCALE: Scale is set to 1e-06 for instance and model parameters
Doing analysis at TEMP = 27.000000 and TNOM = 27.000000

Using KLU as Direct Linear Solver
 Reference value :  0.00000e+00
 Reference value :  9.84560e-10
 Reference value :  1.45056e-09
 Reference value :  2.48456e-09
 Reference value :  3.43656e-09
 Reference value :  3.91856e-09
 Reference value :  4.45056e-09
 Reference value :  4.48856e-09
 Reference value :  5.22900e-09
 Reference value :  5.86900e-09
 Reference value :  5.95700e-09
 Reference value :  6.11700e-09
 Reference value :  6.12500e-09
 Reference value :  6.18500e-09
No. of Data Rows : 3314
Note: Simulation executed from .control section 
