
Note: Compatibility modes selected: hs a


Circuit: * comparator-decision offset pick-off -- vindiff=0.0mv corner=tt_mm temp=27.0c seed=12 (issue #9)

option SCALE: Scale is set to 1e-06 for instance and model parameters
option SCALE: Scale is set to 1e-06 for instance and model parameters
option SCALE: Scale is set to 1e-06 for instance and model parameters
option SCALE: Scale is set to 1e-06 for instance and model parameters
Doing analysis at TEMP = 27.000000 and TNOM = 27.000000

Using KLU as Direct Linear Solver
 Reference value :  0.00000e+00
 Reference value :  1.60000e-13
 Reference value :  2.56000e-12
 Reference value :  1.05600e-11
 Reference value :  2.05600e-11
 Reference value :  2.85600e-11
 Reference value :  3.85600e-11
 Reference value :  4.65600e-11
 Reference value :  5.65600e-11
 Reference value :  6.45600e-11
 Reference value :  7.45600e-11
 Reference value :  8.05600e-11
 Reference value :  8.85600e-11
 Reference value :  9.65600e-11
 Reference value :  1.04560e-10
 Reference value :  1.14560e-10
 Reference value :  1.24560e-10
 Reference value :  1.34560e-10
 Reference value :  1.44560e-10
 Reference value :  1.52560e-10
 Reference value :  1.58560e-10
 Reference value :  1.66560e-10
 Reference value :  1.74560e-10
 Reference value :  1.82560e-10
 Reference value :  1.88560e-10
 Reference value :  1.96560e-10
 Reference value :  2.04560e-10
 Reference value :  2.12560e-10
 Reference value :  2.20560e-10
 Reference value :  2.28560e-10
 Reference value :  2.36560e-10
 Reference value :  2.42560e-10
 Reference value :  2.50560e-10
 Reference value :  2.58560e-10
 Reference value :  2.66560e-10
 Reference value :  2.74560e-10
 Reference value :  2.82560e-10
 Reference value :  2.90560e-10
 Reference value :  3.00560e-10
 Reference value :  3.08560e-10
 Reference value :  3.16560e-10
 Reference value :  3.24560e-10
 Reference value :  3.30560e-10
 Reference value :  3.36560e-10
 Reference value :  3.44560e-10
 Reference value :  3.52560e-10
 Reference value :  3.60560e-10
 Reference value :  3.66560e-10
 Reference value :  3.74560e-10
 Reference value :  3.82560e-10
 Reference value :  3.90560e-10
 Reference value :  3.96560e-10
 Reference value :  4.04560e-10
 Reference value :  4.12560e-10
 Reference value :  4.20560e-10
 Reference value :  4.28560e-10
 Reference value :  4.34560e-10
 Reference value :  4.42560e-10
 Reference value :  4.48560e-10
 Reference value :  4.56560e-10
 Reference value :  4.62560e-10
 Reference value :  4.70560e-10
 Reference value :  4.78560e-10
 Reference value :  4.86560e-10
 Reference value :  4.94560e-10
 Reference value :  5.02560e-10
 Reference value :  5.08560e-10
 Reference value :  5.14560e-10
 Reference value :  5.22560e-10
 Reference value :  5.28560e-10
 Reference value :  5.36560e-10
 Reference value :  5.44560e-10
 Reference value :  5.50560e-10
 Reference value :  5.56560e-10
 Reference value :  5.62560e-10
 Reference value :  5.70560e-10
 Reference value :  5.78560e-10
 Reference value :  5.84560e-10
 Reference value :  5.92560e-10
 Reference value :  6.00560e-10
 Reference value :  6.06560e-10
 Reference value :  6.16560e-10
 Reference value :  6.22560e-10
 Reference value :  6.30560e-10
 Reference value :  6.36560e-10
 Reference value :  6.42560e-10
 Reference value :  6.50560e-10
 Reference value :  6.58560e-10
 Reference value :  6.66560e-10
 Reference value :  6.74560e-10
 Reference value :  6.82560e-10
 Reference value :  6.90560e-10
 Reference value :  6.98560e-10
 Reference value :  7.06560e-10
 Reference value :  7.14560e-10
 Reference value :  7.22560e-10
 Reference value :  7.30560e-10
 Reference value :  7.36560e-10
 Reference value :  7.44560e-10
 Reference value :  7.50560e-10
 Reference value :  7.56560e-10
 Reference value :  7.64560e-10
 Reference value :  7.70560e-10
 Reference value :  7.78560e-10
 Reference value :  7.84560e-10
 Reference value :  7.90560e-10
 Reference value :  7.96560e-10
 Reference value :  8.04560e-10
 Reference value :  8.10560e-10
 Reference value :  8.16560e-10
 Reference value :  8.24560e-10
 Reference value :  8.32560e-10
 Reference value :  8.40560e-10
 Reference value :  8.46560e-10
 Reference value :  8.52560e-10
 Reference value :  8.58560e-10
 Reference value :  8.64560e-10
 Reference value :  8.72560e-10
 Reference value :  8.78560e-10
 Reference value :  8.84560e-10
 Reference value :  8.90560e-10
 Reference value :  8.98560e-10
 Reference value :  1.02256e-09
 Reference value :  1.03056e-09
 Reference value :  1.03856e-09
 Reference value :  1.04656e-09
 Reference value :  1.05456e-09
 Reference value :  1.06056e-09
 Reference value :  1.07056e-09
 Reference value :  1.07856e-09
 Reference value :  1.08456e-09
 Reference value :  1.09056e-09
 Reference value :  1.09856e-09
 Reference value :  1.10656e-09
 Reference value :  1.11256e-09
 Reference value :  1.11856e-09
 Reference value :  1.12456e-09
 Reference value :  1.13056e-09
 Reference value :  1.13856e-09
 Reference value :  1.14656e-09
 Reference value :  1.15256e-09
 Reference value :  1.16056e-09
 Reference value :  1.16856e-09
 Reference value :  1.17656e-09
 Reference value :  1.18456e-09
 Reference value :  1.19056e-09
 Reference value :  1.19856e-09
 Reference value :  1.20656e-09
 Reference value :  1.21656e-09
 Reference value :  1.22256e-09
 Reference value :  1.22856e-09
 Reference value :  1.23656e-09
 Reference value :  1.24256e-09
 Reference value :  1.25056e-09
 Reference value :  1.25856e-09
 Reference value :  1.26456e-09
 Reference value :  1.27056e-09
 Reference value :  1.27856e-09
 Reference value :  1.28456e-09
 Reference value :  1.29256e-09
 Reference value :  1.29856e-09
 Reference value :  1.30456e-09
 Reference value :  1.31056e-09
 Reference value :  1.31656e-09
 Reference value :  1.32256e-09
 Reference value :  1.32856e-09
 Reference value :  1.33456e-09
 Reference value :  1.34256e-09
 Reference value :  1.34856e-09
 Reference value :  1.35456e-09
 Reference value :  1.36056e-09
 Reference value :  1.36656e-09
 Reference value :  1.37456e-09
 Reference value :  1.38256e-09
 Reference value :  1.38856e-09
 Reference value :  1.39656e-09
 Reference value :  1.40456e-09
 Reference value :  1.41456e-09
 Reference value :  1.42456e-09
 Reference value :  1.43256e-09
 Reference value :  1.43856e-09
 Reference value :  1.44656e-09
 Reference value :  1.45256e-09
 Reference value :  1.46056e-09
 Reference value :  1.46856e-09
 Reference value :  1.47656e-09
 Reference value :  1.48256e-09
 Reference value :  1.48856e-09
 Reference value :  1.49456e-09
 Reference value :  1.50056e-09
 Reference value :  1.50856e-09
 Reference value :  1.51656e-09
 Reference value :  1.52256e-09
 Reference value :  1.53056e-09
 Reference value :  1.53856e-09
 Reference value :  1.54456e-09
 Reference value :  1.55256e-09
 Reference value :  1.55856e-09
 Reference value :  1.56856e-09
 Reference value :  1.57656e-09
 Reference value :  1.58656e-09
 Reference value :  1.59456e-09
 Reference value :  1.60256e-09
 Reference value :  1.61056e-09
 Reference value :  1.61856e-09
 Reference value :  1.62656e-09
 Reference value :  1.63456e-09
 Reference value :  1.64056e-09
 Reference value :  1.64856e-09
 Reference value :  1.65656e-09
 Reference value :  1.66456e-09
 Reference value :  1.67456e-09
 Reference value :  1.68456e-09
 Reference value :  1.69256e-09
 Reference value :  1.70056e-09
 Reference value :  1.70856e-09
 Reference value :  1.71656e-09
 Reference value :  1.72256e-09
 Reference value :  1.73056e-09
 Reference value :  1.73856e-09
 Reference value :  1.74656e-09
 Reference value :  1.75256e-09
 Reference value :  1.76056e-09
 Reference value :  1.76656e-09
 Reference value :  1.77456e-09
 Reference value :  1.78056e-09
 Reference value :  1.78656e-09
 Reference value :  1.79456e-09
 Reference value :  1.80056e-09
 Reference value :  1.80656e-09
 Reference value :  1.81256e-09
 Reference value :  1.81856e-09
 Reference value :  1.82656e-09
 Reference value :  1.83456e-09
 Reference value :  1.84056e-09
 Reference value :  1.84656e-09
 Reference value :  1.85456e-09
 Reference value :  1.86056e-09
 Reference value :  1.86656e-09
 Reference value :  1.87256e-09
 Reference value :  1.87856e-09
 Reference value :  1.88456e-09
 Reference value :  1.89256e-09
 Reference value :  1.90056e-09
 Reference value :  1.90856e-09
 Reference value :  1.91656e-09
 Reference value :  1.92256e-09
 Reference value :  1.92856e-09
 Reference value :  1.93456e-09
 Reference value :  1.94256e-09
 Reference value :  1.94856e-09
 Reference value :  1.95656e-09
 Reference value :  1.96456e-09
 Reference value :  1.97256e-09
 Reference value :  1.97856e-09
 Reference value :  1.98656e-09
 Reference value :  1.99456e-09
 Reference value :  2.00056e-09
 Reference value :  2.00656e-09
 Reference value :  2.01456e-09
 Reference value :  2.02056e-09
 Reference value :  2.02856e-09
 Reference value :  2.03656e-09
 Reference value :  2.04256e-09
 Reference value :  2.04856e-09
 Reference value :  2.05456e-09
 Reference value :  2.06056e-09
 Reference value :  2.06856e-09
 Reference value :  2.07456e-09
 Reference value :  2.08056e-09
 Reference value :  2.08656e-09
 Reference value :  2.09256e-09
 Reference value :  2.09856e-09
 Reference value :  2.10456e-09
 Reference value :  2.11056e-09
 Reference value :  2.11656e-09
 Reference value :  2.12256e-09
 Reference value :  2.12856e-09
 Reference value :  2.13456e-09
 Reference value :  2.14056e-09
 Reference value :  2.14656e-09
 Reference value :  2.15256e-09
 Reference value :  2.15856e-09
 Reference value :  2.16456e-09
 Reference value :  2.17056e-09
 Reference value :  2.17856e-09
 Reference value :  2.18656e-09
 Reference value :  2.19456e-09
 Reference value :  2.20056e-09
 Reference value :  2.20856e-09
 Reference value :  2.21456e-09
 Reference value :  2.22056e-09
 Reference value :  2.22656e-09
 Reference value :  2.23256e-09
 Reference value :  2.24056e-09
 Reference value :  2.24856e-09
 Reference value :  2.25656e-09
 Reference value :  2.26256e-09
 Reference value :  2.26856e-09
 Reference value :  2.27456e-09
 Reference value :  2.28256e-09
 Reference value :  2.28856e-09
 Reference value :  2.29456e-09
 Reference value :  2.30056e-09
 Reference value :  2.30856e-09
 Reference value :  2.31856e-09
 Reference value :  2.32656e-09
 Reference value :  2.33256e-09
 Reference value :  2.33856e-09
 Reference value :  2.34456e-09
 Reference value :  2.35056e-09
 Reference value :  2.35656e-09
 Reference value :  2.36256e-09
 Reference value :  2.37056e-09
 Reference value :  2.37656e-09
 Reference value :  2.38256e-09
 Reference value :  2.39056e-09
 Reference value :  2.39656e-09
 Reference value :  2.40256e-09
 Reference value :  2.40856e-09
 Reference value :  2.41456e-09
 Reference value :  2.42056e-09
 Reference value :  2.42656e-09
 Reference value :  2.43256e-09
 Reference value :  2.44056e-09
 Reference value :  2.44656e-09
 Reference value :  2.45256e-09
 Reference value :  2.45856e-09
 Reference value :  2.46456e-09
 Reference value :  2.47056e-09
 Reference value :  2.47656e-09
 Reference value :  2.48456e-09
 Reference value :  2.49056e-09
 Reference value :  2.49656e-09
 Reference value :  2.50256e-09
 Reference value :  2.50856e-09
 Reference value :  2.51456e-09
 Reference value :  2.52056e-09
 Reference value :  2.52856e-09
 Reference value :  2.53656e-09
 Reference value :  2.54456e-09
 Reference value :  2.55056e-09
 Reference value :  2.55856e-09
 Reference value :  2.56656e-09
 Reference value :  2.57456e-09
 Reference value :  2.58256e-09
 Reference value :  2.58856e-09
 Reference value :  2.59456e-09
 Reference value :  2.60256e-09
 Reference value :  2.61056e-09
 Reference value :  2.61856e-09
 Reference value :  2.62656e-09
 Reference value :  2.63456e-09
 Reference value :  2.64256e-09
 Reference value :  2.65056e-09
 Reference value :  2.65656e-09
 Reference value :  2.66256e-09
 Reference value :  2.66856e-09
 Reference value :  2.67456e-09
 Reference value :  2.68056e-09
 Reference value :  2.68656e-09
 Reference value :  2.69256e-09
 Reference value :  2.70056e-09
 Reference value :  2.70656e-09
 Reference value :  2.71256e-09
 Reference value :  2.71856e-09
 Reference value :  2.72456e-09
 Reference value :  2.73056e-09
 Reference value :  2.73856e-09
 Reference value :  2.74456e-09
 Reference value :  2.75056e-09
 Reference value :  2.75856e-09
 Reference value :  2.76456e-09
 Reference value :  2.77056e-09
 Reference value :  2.77856e-09
 Reference value :  2.78456e-09
 Reference value :  2.79256e-09
 Reference value :  2.79856e-09
 Reference value :  2.80456e-09
 Reference value :  2.81056e-09
 Reference value :  2.81656e-09
 Reference value :  2.82456e-09
 Reference value :  2.83256e-09
 Reference value :  2.84056e-09
 Reference value :  2.84656e-09
 Reference value :  2.85256e-09
 Reference value :  2.85856e-09
 Reference value :  2.86656e-09
 Reference value :  2.87456e-09
 Reference value :  2.88256e-09
 Reference value :  2.88856e-09
 Reference value :  2.89456e-09
 Reference value :  2.90256e-09
 Reference value :  2.91056e-09
 Reference value :  2.91656e-09
 Reference value :  2.92456e-09
 Reference value :  2.93256e-09
 Reference value :  2.94056e-09
 Reference value :  2.94656e-09
 Reference value :  2.95256e-09
 Reference value :  2.95856e-09
 Reference value :  2.96656e-09
 Reference value :  2.97256e-09
 Reference value :  2.98056e-09
 Reference value :  2.98856e-09
 Reference value :  2.99456e-09
 Reference value :  3.00056e-09
 Reference value :  3.00656e-09
 Reference value :  3.01256e-09
 Reference value :  3.01856e-09
 Reference value :  3.02456e-09
 Reference value :  3.03256e-09
 Reference value :  3.03856e-09
 Reference value :  3.04456e-09
 Reference value :  3.05056e-09
 Reference value :  3.05656e-09
 Reference value :  3.06256e-09
 Reference value :  3.07056e-09
 Reference value :  3.07856e-09
 Reference value :  3.08656e-09
 Reference value :  3.09256e-09
 Reference value :  3.09856e-09
 Reference value :  3.10456e-09
 Reference value :  3.11256e-09
 Reference value :  3.11856e-09
 Reference value :  3.12456e-09
 Reference value :  3.13056e-09
 Reference value :  3.13656e-09
 Reference value :  3.14256e-09
 Reference value :  3.15056e-09
 Reference value :  3.15656e-09
 Reference value :  3.16256e-09
 Reference value :  3.16856e-09
 Reference value :  3.17456e-09
 Reference value :  3.18056e-09
 Reference value :  3.18656e-09
 Reference value :  3.19256e-09
 Reference value :  3.19856e-09
 Reference value :  3.20656e-09
 Reference value :  3.21456e-09
 Reference value :  3.22056e-09
 Reference value :  3.22656e-09
 Reference value :  3.23256e-09
 Reference value :  3.23856e-09
 Reference value :  3.24456e-09
 Reference value :  3.25056e-09
 Reference value :  3.25856e-09
 Reference value :  3.26656e-09
 Reference value :  3.27456e-09
 Reference value :  3.28256e-09
 Reference value :  3.29056e-09
 Reference value :  3.29856e-09
 Reference value :  3.30456e-09
 Reference value :  3.31056e-09
 Reference value :  3.31856e-09
 Reference value :  3.32656e-09
 Reference value :  3.33456e-09
 Reference value :  3.34456e-09
 Reference value :  3.35056e-09
 Reference value :  3.35656e-09
 Reference value :  3.36256e-09
 Reference value :  3.36856e-09
 Reference value :  3.37456e-09
 Reference value :  3.38056e-09
 Reference value :  3.38856e-09
 Reference value :  3.39456e-09
 Reference value :  3.40056e-09
 Reference value :  3.40656e-09
 Reference value :  3.41256e-09
 Reference value :  3.42056e-09
 Reference value :  3.42856e-09
 Reference value :  3.43456e-09
 Reference value :  3.44256e-09
 Reference value :  3.45056e-09
 Reference value :  3.45656e-09
 Reference value :  3.46456e-09
 Reference value :  3.47256e-09
 Reference value :  3.47856e-09
 Reference value :  3.48656e-09
 Reference value :  3.49656e-09
 Reference value :  3.50656e-09
 Reference value :  3.51456e-09
 Reference value :  3.52256e-09
 Reference value :  3.52856e-09
 Reference value :  3.53656e-09
 Reference value :  3.54456e-09
 Reference value :  3.55056e-09
 Reference value :  3.55856e-09
 Reference value :  3.56656e-09
 Reference value :  3.57456e-09
 Reference value :  3.58056e-09
 Reference value :  3.58656e-09
 Reference value :  3.59256e-09
 Reference value :  3.60056e-09
 Reference value :  3.60856e-09
 Reference value :  3.61656e-09
 Reference value :  3.62456e-09
 Reference value :  3.63056e-09
 Reference value :  3.63656e-09
 Reference value :  3.64256e-09
 Reference value :  3.65056e-09
 Reference value :  3.65656e-09
 Reference value :  3.66456e-09
 Reference value :  3.67056e-09
 Reference value :  3.67656e-09
 Reference value :  3.68256e-09
 Reference value :  3.69056e-09
 Reference value :  3.69856e-09
 Reference value :  3.70656e-09
 Reference value :  3.71456e-09
 Reference value :  3.72056e-09
 Reference value :  3.72856e-09
 Reference value :  3.73456e-09
 Reference value :  3.74056e-09
 Reference value :  3.74656e-09
 Reference value :  3.75456e-09
 Reference value :  3.76056e-09
 Reference value :  3.76856e-09
 Reference value :  3.77656e-09
 Reference value :  3.78256e-09
 Reference value :  3.78856e-09
 Reference value :  3.79456e-09
 Reference value :  3.80056e-09
 Reference value :  3.80656e-09
 Reference value :  3.81456e-09
 Reference value :  3.82256e-09
 Reference value :  3.82856e-09
 Reference value :  3.83456e-09
 Reference value :  3.84056e-09
 Reference value :  3.84656e-09
 Reference value :  3.85256e-09
 Reference value :  3.86056e-09
 Reference value :  3.86656e-09
 Reference value :  3.87456e-09
 Reference value :  3.88256e-09
 Reference value :  3.88856e-09
 Reference value :  3.89456e-09
 Reference value :  3.90056e-09
 Reference value :  3.90656e-09
 Reference value :  3.91256e-09
 Reference value :  3.92056e-09
 Reference value :  3.92656e-09
 Reference value :  3.93256e-09
 Reference value :  3.93856e-09
 Reference value :  3.94456e-09
 Reference value :  3.95056e-09
 Reference value :  3.95856e-09
 Reference value :  3.96456e-09
 Reference value :  3.97056e-09
 Reference value :  3.97656e-09
 Reference value :  3.98256e-09
 Reference value :  3.98856e-09
 Reference value :  3.99656e-09
 Reference value :  4.00256e-09
 Reference value :  4.01056e-09
 Reference value :  4.01656e-09
 Reference value :  4.02456e-09
 Reference value :  4.03256e-09
 Reference value :  4.03856e-09
 Reference value :  4.04456e-09
 Reference value :  4.05056e-09
 Reference value :  4.05856e-09
 Reference value :  4.06456e-09
 Reference value :  4.07256e-09
 Reference value :  4.07856e-09
 Reference value :  4.08656e-09
 Reference value :  4.09256e-09
 Reference value :  4.09856e-09
 Reference value :  4.10656e-09
 Reference value :  4.11456e-09
 Reference value :  4.12056e-09
 Reference value :  4.12656e-09
 Reference value :  4.13456e-09
 Reference value :  4.14056e-09
 Reference value :  4.14656e-09
 Reference value :  4.15456e-09
 Reference value :  4.16256e-09
 Reference value :  4.16856e-09
 Reference value :  4.17656e-09
 Reference value :  4.18456e-09
 Reference value :  4.19056e-09
 Reference value :  4.19856e-09
 Reference value :  4.20656e-09
 Reference value :  4.21456e-09
 Reference value :  4.22056e-09
 Reference value :  4.22856e-09
 Reference value :  4.23656e-09
 Reference value :  4.24256e-09
 Reference value :  4.24856e-09
 Reference value :  4.25456e-09
 Reference value :  4.26056e-09
 Reference value :  4.26656e-09
 Reference value :  4.27256e-09
 Reference value :  4.27856e-09
 Reference value :  4.28456e-09
 Reference value :  4.29256e-09
 Reference value :  4.29856e-09
 Reference value :  4.30456e-09
 Reference value :  4.31056e-09
 Reference value :  4.31656e-09
 Reference value :  4.32256e-09
 Reference value :  4.32856e-09
 Reference value :  4.33456e-09
 Reference value :  4.34256e-09
 Reference value :  4.34856e-09
 Reference value :  4.35456e-09
 Reference value :  4.36056e-09
 Reference value :  4.36656e-09
 Reference value :  4.37256e-09
 Reference value :  4.37856e-09
 Reference value :  4.38456e-09
 Reference value :  4.39056e-09
 Reference value :  4.39656e-09
 Reference value :  4.40456e-09
 Reference value :  4.41256e-09
 Reference value :  4.42056e-09
 Reference value :  4.42856e-09
 Reference value :  4.43656e-09
 Reference value :  4.44456e-09
 Reference value :  4.45456e-09
 Reference value :  4.46256e-09
 Reference value :  4.47056e-09
 Reference value :  4.48056e-09
 Reference value :  4.48856e-09
 Reference value :  4.49856e-09
 Reference value :  4.50656e-09
 Reference value :  4.51256e-09
 Reference value :  4.52056e-09
 Reference value :  4.52656e-09
 Reference value :  4.53256e-09
 Reference value :  4.53856e-09
 Reference value :  4.54656e-09
 Reference value :  4.55256e-09
 Reference value :  4.56056e-09
 Reference value :  4.56856e-09
 Reference value :  4.57656e-09
 Reference value :  4.58256e-09
 Reference value :  4.59056e-09
 Reference value :  4.59856e-09
 Reference value :  4.60656e-09
 Reference value :  4.61456e-09
 Reference value :  4.62256e-09
 Reference value :  4.63056e-09
 Reference value :  4.63856e-09
 Reference value :  4.64456e-09
 Reference value :  4.65256e-09
 Reference value :  4.66056e-09
 Reference value :  4.66856e-09
 Reference value :  4.67656e-09
 Reference value :  4.68456e-09
 Reference value :  4.69256e-09
 Reference value :  4.70056e-09
 Reference value :  4.70856e-09
 Reference value :  4.71656e-09
 Reference value :  4.72656e-09
 Reference value :  4.73256e-09
 Reference value :  4.74056e-09
 Reference value :  4.74856e-09
 Reference value :  4.75656e-09
 Reference value :  4.76256e-09
 Reference value :  4.77256e-09
 Reference value :  4.78256e-09
 Reference value :  4.79056e-09
 Reference value :  4.79656e-09
 Reference value :  4.80456e-09
 Reference value :  4.81056e-09
 Reference value :  4.81856e-09
 Reference value :  4.82656e-09
 Reference value :  4.83656e-09
 Reference value :  4.84256e-09
 Reference value :  4.85256e-09
 Reference value :  4.86056e-09
 Reference value :  4.86656e-09
 Reference value :  4.87256e-09
 Reference value :  4.87856e-09
 Reference value :  4.88656e-09
 Reference value :  4.89456e-09
 Reference value :  4.90056e-09
 Reference value :  4.90656e-09
 Reference value :  4.91256e-09
 Reference value :  4.91856e-09
 Reference value :  4.92456e-09
 Reference value :  4.93256e-09
 Reference value :  4.94256e-09
 Reference value :  4.95056e-09
 Reference value :  4.95856e-09
 Reference value :  4.96656e-09
 Reference value :  4.97656e-09
 Reference value :  4.98256e-09
 Reference value :  4.99056e-09
 Reference value :  4.99828e-09
 Reference value :  5.00140e-09
 Reference value :  5.00900e-09
 Reference value :  5.01700e-09
 Reference value :  5.02500e-09
 Reference value :  5.03300e-09
 Reference value :  5.04100e-09
 Reference value :  5.04900e-09
 Reference value :  5.05500e-09
 Reference value :  5.06300e-09
 Reference value :  5.07100e-09
 Reference value :  5.07700e-09
 Reference value :  5.08500e-09
 Reference value :  5.09300e-09
 Reference value :  5.09850e-09
 Reference value :  5.10060e-09
 Reference value :  5.10700e-09
 Reference value :  5.11500e-09
 Reference value :  5.12500e-09
 Reference value :  5.13500e-09
 Reference value :  5.14500e-09
 Reference value :  5.15300e-09
 Reference value :  5.15900e-09
 Reference value :  5.16500e-09
 Reference value :  5.17300e-09
 Reference value :  5.18100e-09
 Reference value :  5.18700e-09
 Reference value :  5.19500e-09
 Reference value :  5.20300e-09
 Reference value :  5.20900e-09
 Reference value :  5.21500e-09
 Reference value :  5.22300e-09
 Reference value :  5.22900e-09
 Reference value :  5.23700e-09
 Reference value :  5.24500e-09
 Reference value :  5.25100e-09
 Reference value :  5.25900e-09
 Reference value :  5.26700e-09
 Reference value :  5.27500e-09
 Reference value :  5.28100e-09
 Reference value :  5.28700e-09
 Reference value :  5.29500e-09
 Reference value :  5.30300e-09
 Reference value :  5.31100e-09
 Reference value :  5.31700e-09
 Reference value :  5.32300e-09
 Reference value :  5.33100e-09
 Reference value :  5.33900e-09
 Reference value :  5.34700e-09
 Reference value :  5.35500e-09
 Reference value :  5.36300e-09
 Reference value :  5.36900e-09
 Reference value :  5.37700e-09
 Reference value :  5.38300e-09
 Reference value :  5.39100e-09
 Reference value :  5.39900e-09
 Reference value :  5.40700e-09
 Reference value :  5.41500e-09
 Reference value :  5.42300e-09
 Reference value :  5.43100e-09
 Reference value :  5.43900e-09
 Reference value :  5.44700e-09
 Reference value :  5.45700e-09
 Reference value :  5.46700e-09
 Reference value :  5.47500e-09
 Reference value :  5.48300e-09
 Reference value :  5.49100e-09
 Reference value :  5.49900e-09
 Reference value :  5.50700e-09
 Reference value :  5.51500e-09
 Reference value :  5.52300e-09
 Reference value :  5.53100e-09
 Reference value :  5.53900e-09
 Reference value :  5.54500e-09
 Reference value :  5.55100e-09
 Reference value :  5.55900e-09
 Reference value :  5.56500e-09
 Reference value :  5.57100e-09
 Reference value :  5.57900e-09
 Reference value :  5.58700e-09
 Reference value :  5.59500e-09
 Reference value :  5.60300e-09
 Reference value :  5.60900e-09
 Reference value :  5.61700e-09
 Reference value :  5.62500e-09
 Reference value :  5.63300e-09
 Reference value :  5.64100e-09
 Reference value :  5.64700e-09
 Reference value :  5.65500e-09
 Reference value :  5.66300e-09
 Reference value :  5.67100e-09
 Reference value :  5.67900e-09
 Reference value :  5.68700e-09
 Reference value :  5.69500e-09
 Reference value :  5.70100e-09
 Reference value :  5.70900e-09
 Reference value :  5.71700e-09
 Reference value :  5.72300e-09
 Reference value :  5.73300e-09
 Reference value :  5.74300e-09
 Reference value :  5.75300e-09
 Reference value :  5.76100e-09
 Reference value :  5.76900e-09
 Reference value :  5.77500e-09
 Reference value :  5.78100e-09
 Reference value :  5.78900e-09
 Reference value :  5.79900e-09
 Reference value :  5.80700e-09
 Reference value :  5.81500e-09
 Reference value :  5.82300e-09
 Reference value :  5.83100e-09
 Reference value :  5.88100e-09
 Reference value :  5.88900e-09
 Reference value :  5.89700e-09
 Reference value :  5.90300e-09
 Reference value :  5.91100e-09
 Reference value :  5.91900e-09
 Reference value :  5.92700e-09
 Reference value :  5.93300e-09
 Reference value :  5.94100e-09
 Reference value :  5.94900e-09
 Reference value :  5.95900e-09
 Reference value :  5.96700e-09
 Reference value :  5.97500e-09
 Reference value :  5.98300e-09
 Reference value :  5.99100e-09
 Reference value :  5.99900e-09
 Reference value :  6.00700e-09
 Reference value :  6.01500e-09
 Reference value :  6.02500e-09
 Reference value :  6.03300e-09
 Reference value :  6.04100e-09
 Reference value :  6.04900e-09
 Reference value :  6.05700e-09
 Reference value :  6.06700e-09
 Reference value :  6.07300e-09
 Reference value :  6.08100e-09
 Reference value :  6.08900e-09
 Reference value :  6.09700e-09
 Reference value :  6.10500e-09
 Reference value :  6.11100e-09
 Reference value :  6.11700e-09
 Reference value :  6.12300e-09
 Reference value :  6.12900e-09
 Reference value :  6.13700e-09
 Reference value :  6.14300e-09
 Reference value :  6.15100e-09
 Reference value :  6.15900e-09
 Reference value :  6.16700e-09
 Reference value :  6.17500e-09
 Reference value :  6.18500e-09
 Reference value :  6.19300e-09
 Reference value :  6.19900e-09
 Reference value :  6.20700e-09
 Reference value :  6.21300e-09
 Reference value :  6.22100e-09
 Reference value :  6.22700e-09
 Reference value :  6.23700e-09
 Reference value :  6.24500e-09
 Reference value :  6.25300e-09
 Reference value :  6.26100e-09
 Reference value :  6.26900e-09
 Reference value :  6.27500e-09
 Reference value :  6.28300e-09
 Reference value :  6.29100e-09
 Reference value :  6.29900e-09
 Reference value :  6.30700e-09
 Reference value :  6.31500e-09
 Reference value :  6.32300e-09
 Reference value :  6.32900e-09
 Reference value :  6.33700e-09
 Reference value :  6.34500e-09
 Reference value :  6.35500e-09
 Reference value :  6.36300e-09
 Reference value :  6.36900e-09
 Reference value :  6.37700e-09
 Reference value :  6.38500e-09
 Reference value :  6.39300e-09
 Reference value :  6.40100e-09
 Reference value :  6.40900e-09
 Reference value :  6.41700e-09
 Reference value :  6.42300e-09
 Reference value :  6.43100e-09
 Reference value :  6.43900e-09
 Reference value :  6.44500e-09
 Reference value :  6.45100e-09
 Reference value :  6.45900e-09
 Reference value :  6.46500e-09
 Reference value :  6.47300e-09
 Reference value :  6.48100e-09
 Reference value :  6.48700e-09
 Reference value :  6.49500e-09
 Reference value :  6.50300e-09
 Reference value :  6.51100e-09
 Reference value :  6.51900e-09
 Reference value :  6.52700e-09
 Reference value :  6.53500e-09
 Reference value :  6.54100e-09
 Reference value :  6.54900e-09
 Reference value :  6.55700e-09
 Reference value :  6.56300e-09
 Reference value :  6.57100e-09
 Reference value :  6.57700e-09
 Reference value :  6.58500e-09
 Reference value :  6.59100e-09
 Reference value :  6.59700e-09
 Reference value :  6.60500e-09
 Reference value :  6.61100e-09
 Reference value :  6.61900e-09
 Reference value :  6.62500e-09
 Reference value :  6.63300e-09
 Reference value :  6.64300e-09
 Reference value :  6.64900e-09
 Reference value :  6.65700e-09
 Reference value :  6.66500e-09
 Reference value :  6.67100e-09
 Reference value :  6.67900e-09
 Reference value :  6.68700e-09
 Reference value :  6.69300e-09
 Reference value :  6.70100e-09
 Reference value :  6.70900e-09
 Reference value :  6.71700e-09
 Reference value :  6.72300e-09
 Reference value :  6.72900e-09
 Reference value :  6.73700e-09
 Reference value :  6.74500e-09
 Reference value :  6.75100e-09
 Reference value :  6.75700e-09
 Reference value :  6.76300e-09
 Reference value :  6.77100e-09
 Reference value :  6.77900e-09
 Reference value :  6.78700e-09
 Reference value :  6.79500e-09
 Reference value :  6.80300e-09
 Reference value :  6.81100e-09
 Reference value :  6.81900e-09
 Reference value :  6.82700e-09
 Reference value :  6.83500e-09
 Reference value :  6.84300e-09
 Reference value :  6.85100e-09
 Reference value :  6.85900e-09
 Reference value :  6.86700e-09
 Reference value :  6.87700e-09
 Reference value :  6.88500e-09
 Reference value :  6.89300e-09
 Reference value :  6.90100e-09
 Reference value :  6.90900e-09
 Reference value :  6.91700e-09
 Reference value :  6.92500e-09
 Reference value :  6.93100e-09
 Reference value :  6.93900e-09
 Reference value :  6.94700e-09
 Reference value :  6.95500e-09
 Reference value :  6.96300e-09
 Reference value :  6.97100e-09
 Reference value :  6.97900e-09
 Reference value :  6.98700e-09
 Reference value :  6.99500e-09
 Reference value :  7.00300e-09
 Reference value :  7.01100e-09
 Reference value :  7.01900e-09
 Reference value :  7.02700e-09
 Reference value :  7.03300e-09
 Reference value :  7.04100e-09
 Reference value :  7.04900e-09
 Reference value :  7.05700e-09
 Reference value :  7.06300e-09
 Reference value :  7.07100e-09
 Reference value :  7.07900e-09
 Reference value :  7.08700e-09
 Reference value :  7.09500e-09
 Reference value :  7.10300e-09
 Reference value :  7.11100e-09
 Reference value :  7.11900e-09
 Reference value :  7.12700e-09
 Reference value :  7.13500e-09
 Reference value :  7.14500e-09
 Reference value :  7.15300e-09
 Reference value :  7.16100e-09
 Reference value :  7.16900e-09
 Reference value :  7.17700e-09
 Reference value :  7.18500e-09
 Reference value :  7.19300e-09
 Reference value :  7.20100e-09
 Reference value :  7.20900e-09
 Reference value :  7.21500e-09
 Reference value :  7.33100e-09
No. of Data Rows : 3814
Note: Simulation executed from .control section 
