
Note: Compatibility modes selected: hs a


Circuit: * comparator-decision offset pick-off -- vindiff=0.0mv corner=tt_mm temp=27.0c seed=15 (issue #9)

option SCALE: Scale is set to 1e-06 for instance and model parameters
option SCALE: Scale is set to 1e-06 for instance and model parameters
option SCALE: Scale is set to 1e-06 for instance and model parameters
option SCALE: Scale is set to 1e-06 for instance and model parameters
Doing analysis at TEMP = 27.000000 and TNOM = 27.000000

Using KLU as Direct Linear Solver
 Reference value :  0.00000e+00
 Reference value :  1.60000e-13
 Reference value :  2.56000e-12
 Reference value :  1.05600e-11
 Reference value :  1.85600e-11
 Reference value :  2.65600e-11
 Reference value :  3.45600e-11
 Reference value :  4.25600e-11
 Reference value :  4.85600e-11
 Reference value :  5.65600e-11
 Reference value :  6.25600e-11
 Reference value :  7.25600e-11
 Reference value :  8.25600e-11
 Reference value :  9.05600e-11
 Reference value :  9.85600e-11
 Reference value :  1.06560e-10
 Reference value :  1.14560e-10
 Reference value :  1.20560e-10
 Reference value :  1.28560e-10
 Reference value :  1.36560e-10
 Reference value :  1.44560e-10
 Reference value :  1.52560e-10
 Reference value :  1.62560e-10
 Reference value :  1.70560e-10
 Reference value :  1.78560e-10
 Reference value :  1.86560e-10
 Reference value :  1.94560e-10
 Reference value :  2.02560e-10
 Reference value :  2.12560e-10
 Reference value :  2.20560e-10
 Reference value :  2.28560e-10
 Reference value :  2.38560e-10
 Reference value :  2.46560e-10
 Reference value :  2.52560e-10
 Reference value :  2.60560e-10
 Reference value :  2.68560e-10
 Reference value :  2.76560e-10
 Reference value :  2.82560e-10
 Reference value :  2.88560e-10
 Reference value :  2.96560e-10
 Reference value :  3.02560e-10
 Reference value :  3.10560e-10
 Reference value :  3.16560e-10
 Reference value :  3.22560e-10
 Reference value :  3.28560e-10
 Reference value :  3.36560e-10
 Reference value :  3.44560e-10
 Reference value :  3.50560e-10
 Reference value :  3.56560e-10
 Reference value :  3.62560e-10
 Reference value :  3.68560e-10
 Reference value :  3.74560e-10
 Reference value :  3.82560e-10
 Reference value :  3.88560e-10
 Reference value :  3.96560e-10
 Reference value :  4.02560e-10
 Reference value :  4.10560e-10
 Reference value :  4.16560e-10
 Reference value :  4.22560e-10
 Reference value :  4.30560e-10
 Reference value :  4.36560e-10
 Reference value :  4.44560e-10
 Reference value :  4.52560e-10
 Reference value :  4.60560e-10
 Reference value :  4.68560e-10
 Reference value :  4.74560e-10
 Reference value :  4.80560e-10
 Reference value :  4.88560e-10
 Reference value :  4.94560e-10
 Reference value :  5.00560e-10
 Reference value :  5.08560e-10
 Reference value :  5.14560e-10
 Reference value :  5.22560e-10
 Reference value :  5.30560e-10
 Reference value :  5.36560e-10
 Reference value :  5.44560e-10
 Reference value :  5.52560e-10
 Reference value :  5.58560e-10
 Reference value :  5.64560e-10
 Reference value :  5.70560e-10
 Reference value :  5.76560e-10
 Reference value :  5.84560e-10
 Reference value :  5.92560e-10
 Reference value :  6.00560e-10
 Reference value :  6.08560e-10
 Reference value :  6.16560e-10
 Reference value :  6.22560e-10
 Reference value :  6.28560e-10
 Reference value :  6.36560e-10
 Reference value :  6.42560e-10
 Reference value :  6.48560e-10
 Reference value :  6.56560e-10
 Reference value :  6.62560e-10
 Reference value :  6.68560e-10
 Reference value :  6.74560e-10
 Reference value :  6.80560e-10
 Reference value :  6.86560e-10
 Reference value :  6.92560e-10
 Reference value :  7.00560e-10
 Reference value :  7.06560e-10
 Reference value :  7.12560e-10
 Reference value :  7.20560e-10
 Reference value :  7.26560e-10
 Reference value :  7.32560e-10
 Reference value :  7.38560e-10
 Reference value :  7.44560e-10
 Reference value :  7.50560e-10
 Reference value :  7.56560e-10
 Reference value :  7.62560e-10
 Reference value :  7.70560e-10
 Reference value :  7.76560e-10
 Reference value :  7.84560e-10
 Reference value :  7.92560e-10
 Reference value :  7.98560e-10
 Reference value :  8.06560e-10
 Reference value :  8.12560e-10
 Reference value :  8.18560e-10
 Reference value :  8.24560e-10
 Reference value :  8.30560e-10
 Reference value :  8.36560e-10
 Reference value :  8.44560e-10
 Reference value :  8.52560e-10
 Reference value :  8.60560e-10
 Reference value :  8.68560e-10
 Reference value :  8.74560e-10
 Reference value :  8.82560e-10
 Reference value :  8.88560e-10
 Reference value :  8.96560e-10
 Reference value :  9.02560e-10
 Reference value :  9.08560e-10
 Reference value :  9.14560e-10
 Reference value :  9.20560e-10
 Reference value :  9.26560e-10
 Reference value :  9.34560e-10
 Reference value :  9.40560e-10
 Reference value :  9.50560e-10
 Reference value :  9.58560e-10
 Reference value :  9.66560e-10
 Reference value :  9.76560e-10
 Reference value :  9.84560e-10
 Reference value :  9.90560e-10
 Reference value :  9.96560e-10
 Reference value :  1.00256e-09
 Reference value :  1.01056e-09
 Reference value :  1.01656e-09
 Reference value :  1.02456e-09
 Reference value :  1.03056e-09
 Reference value :  1.03856e-09
 Reference value :  1.04656e-09
 Reference value :  1.05456e-09
 Reference value :  1.06256e-09
 Reference value :  1.07056e-09
 Reference value :  1.07656e-09
 Reference value :  1.08256e-09
 Reference value :  1.08856e-09
 Reference value :  1.09456e-09
 Reference value :  1.10056e-09
 Reference value :  1.10656e-09
 Reference value :  1.11256e-09
 Reference value :  1.12056e-09
 Reference value :  1.12856e-09
 Reference value :  1.13656e-09
 Reference value :  1.14256e-09
 Reference value :  1.15056e-09
 Reference value :  1.15656e-09
 Reference value :  1.16456e-09
 Reference value :  1.17256e-09
 Reference value :  1.17856e-09
 Reference value :  1.18456e-09
 Reference value :  1.19056e-09
 Reference value :  1.19656e-09
 Reference value :  1.20256e-09
 Reference value :  1.21056e-09
 Reference value :  1.21856e-09
 Reference value :  1.22656e-09
 Reference value :  1.23456e-09
 Reference value :  1.24056e-09
 Reference value :  1.24856e-09
 Reference value :  1.25656e-09
 Reference value :  1.26456e-09
 Reference value :  1.27056e-09
 Reference value :  1.27656e-09
 Reference value :  1.28256e-09
 Reference value :  1.29056e-09
 Reference value :  1.29856e-09
 Reference value :  1.30656e-09
 Reference value :  1.31456e-09
 Reference value :  1.32056e-09
 Reference value :  1.32656e-09
 Reference value :  1.33456e-09
 Reference value :  1.34256e-09
 Reference value :  1.35056e-09
 Reference value :  1.35856e-09
 Reference value :  1.36656e-09
 Reference value :  1.37456e-09
 Reference value :  1.38256e-09
 Reference value :  1.39056e-09
 Reference value :  1.39856e-09
 Reference value :  1.40656e-09
 Reference value :  1.41456e-09
 Reference value :  1.42056e-09
 Reference value :  1.42656e-09
 Reference value :  1.43456e-09
 Reference value :  1.44256e-09
 Reference value :  1.45056e-09
 Reference value :  1.45856e-09
 Reference value :  1.46656e-09
 Reference value :  1.47456e-09
 Reference value :  1.48056e-09
 Reference value :  1.48656e-09
 Reference value :  1.49456e-09
 Reference value :  1.50056e-09
 Reference value :  1.50656e-09
 Reference value :  1.51456e-09
 Reference value :  1.52256e-09
 Reference value :  1.53056e-09
 Reference value :  1.53656e-09
 Reference value :  1.54456e-09
 Reference value :  1.55456e-09
 Reference value :  1.56256e-09
 Reference value :  1.56856e-09
 Reference value :  1.57656e-09
 Reference value :  1.58456e-09
 Reference value :  1.59256e-09
 Reference value :  1.59856e-09
 Reference value :  1.60456e-09
 Reference value :  1.61056e-09
 Reference value :  1.61856e-09
 Reference value :  1.62456e-09
 Reference value :  1.63256e-09
 Reference value :  1.63856e-09
 Reference value :  1.64656e-09
 Reference value :  1.65456e-09
 Reference value :  1.66056e-09
 Reference value :  1.66656e-09
 Reference value :  1.67456e-09
 Reference value :  1.68056e-09
 Reference value :  1.68856e-09
 Reference value :  1.69656e-09
 Reference value :  1.70456e-09
 Reference value :  1.71256e-09
 Reference value :  1.72056e-09
 Reference value :  1.72856e-09
 Reference value :  1.73456e-09
 Reference value :  1.74056e-09
 Reference value :  1.74656e-09
 Reference value :  1.75456e-09
 Reference value :  1.76256e-09
 Reference value :  1.77056e-09
 Reference value :  1.77856e-09
 Reference value :  1.78456e-09
 Reference value :  1.79056e-09
 Reference value :  1.79856e-09
 Reference value :  1.80456e-09
 Reference value :  1.81056e-09
 Reference value :  1.81656e-09
 Reference value :  1.82456e-09
 Reference value :  1.83256e-09
 Reference value :  1.84056e-09
 Reference value :  1.84656e-09
 Reference value :  1.85456e-09
 Reference value :  1.86056e-09
 Reference value :  1.86656e-09
 Reference value :  1.87256e-09
 Reference value :  1.87856e-09
 Reference value :  1.88456e-09
 Reference value :  1.89256e-09
 Reference value :  1.90056e-09
 Reference value :  1.90656e-09
 Reference value :  1.91256e-09
 Reference value :  1.91856e-09
 Reference value :  1.92656e-09
 Reference value :  1.93256e-09
 Reference value :  1.94056e-09
 Reference value :  1.94856e-09
 Reference value :  1.95656e-09
 Reference value :  1.96456e-09
 Reference value :  1.97056e-09
 Reference value :  1.97656e-09
 Reference value :  1.98456e-09
 Reference value :  1.99256e-09
 Reference value :  1.99856e-09
 Reference value :  2.00656e-09
 Reference value :  2.01456e-09
 Reference value :  2.02056e-09
 Reference value :  2.02656e-09
 Reference value :  2.03456e-09
 Reference value :  2.04256e-09
 Reference value :  2.05056e-09
 Reference value :  2.05856e-09
 Reference value :  2.06656e-09
 Reference value :  2.07456e-09
 Reference value :  2.08056e-09
 Reference value :  2.08656e-09
 Reference value :  2.09256e-09
 Reference value :  2.09856e-09
 Reference value :  2.10456e-09
 Reference value :  2.11056e-09
 Reference value :  2.11656e-09
 Reference value :  2.12256e-09
 Reference value :  2.12856e-09
 Reference value :  2.13456e-09
 Reference value :  2.14056e-09
 Reference value :  2.14656e-09
 Reference value :  2.15256e-09
 Reference value :  2.16056e-09
 Reference value :  2.16656e-09
 Reference value :  2.17256e-09
 Reference value :  2.18056e-09
 Reference value :  2.18656e-09
 Reference value :  2.19256e-09
 Reference value :  2.19856e-09
 Reference value :  2.20656e-09
 Reference value :  2.21256e-09
 Reference value :  2.21856e-09
 Reference value :  2.22456e-09
 Reference value :  2.23056e-09
 Reference value :  2.23656e-09
 Reference value :  2.24256e-09
 Reference value :  2.24856e-09
 Reference value :  2.25456e-09
 Reference value :  2.26056e-09
 Reference value :  2.26656e-09
 Reference value :  2.27256e-09
 Reference value :  2.27856e-09
 Reference value :  2.28456e-09
 Reference value :  2.29056e-09
 Reference value :  2.29856e-09
 Reference value :  2.30456e-09
 Reference value :  2.31056e-09
 Reference value :  2.31656e-09
 Reference value :  2.32456e-09
 Reference value :  2.33056e-09
 Reference value :  2.33856e-09
 Reference value :  2.34456e-09
 Reference value :  2.35056e-09
 Reference value :  2.35656e-09
 Reference value :  2.36256e-09
 Reference value :  2.37056e-09
 Reference value :  2.37656e-09
 Reference value :  2.38256e-09
 Reference value :  2.38856e-09
 Reference value :  2.39456e-09
 Reference value :  2.40256e-09
 Reference value :  2.41056e-09
 Reference value :  2.41656e-09
 Reference value :  2.42256e-09
 Reference value :  2.42856e-09
 Reference value :  2.43456e-09
 Reference value :  2.44056e-09
 Reference value :  2.44656e-09
 Reference value :  2.45256e-09
 Reference value :  2.45856e-09
 Reference value :  2.46456e-09
 Reference value :  2.47056e-09
 Reference value :  2.47656e-09
 Reference value :  2.48256e-09
 Reference value :  2.48856e-09
 Reference value :  2.49456e-09
 Reference value :  2.50056e-09
 Reference value :  2.50856e-09
 Reference value :  2.51456e-09
 Reference value :  2.52056e-09
 Reference value :  2.52856e-09
 Reference value :  2.53456e-09
 Reference value :  2.54056e-09
 Reference value :  2.54656e-09
 Reference value :  2.55256e-09
 Reference value :  2.56056e-09
 Reference value :  2.56856e-09
 Reference value :  2.57456e-09
 Reference value :  2.58456e-09
 Reference value :  2.59256e-09
 Reference value :  2.59856e-09
 Reference value :  2.60656e-09
 Reference value :  2.61456e-09
 Reference value :  2.62256e-09
 Reference value :  2.62856e-09
 Reference value :  2.63456e-09
 Reference value :  2.64056e-09
 Reference value :  2.64656e-09
 Reference value :  2.65256e-09
 Reference value :  2.65856e-09
 Reference value :  2.66456e-09
 Reference value :  2.67056e-09
 Reference value :  2.67656e-09
 Reference value :  2.68256e-09
 Reference value :  2.68856e-09
 Reference value :  2.69656e-09
 Reference value :  2.70256e-09
 Reference value :  2.70856e-09
 Reference value :  2.71656e-09
 Reference value :  2.72256e-09
 Reference value :  2.72856e-09
 Reference value :  2.73456e-09
 Reference value :  2.74256e-09
 Reference value :  2.74856e-09
 Reference value :  2.75456e-09
 Reference value :  2.76056e-09
 Reference value :  2.76656e-09
 Reference value :  2.77256e-09
 Reference value :  2.77856e-09
 Reference value :  2.78456e-09
 Reference value :  2.79056e-09
 Reference value :  2.79656e-09
 Reference value :  2.80456e-09
 Reference value :  2.81056e-09
 Reference value :  2.81856e-09
 Reference value :  2.82456e-09
 Reference value :  2.83056e-09
 Reference value :  2.83856e-09
 Reference value :  2.84656e-09
 Reference value :  2.85256e-09
 Reference value :  2.85856e-09
 Reference value :  2.86456e-09
 Reference value :  2.87056e-09
 Reference value :  2.87656e-09
 Reference value :  2.88456e-09
 Reference value :  2.89056e-09
 Reference value :  2.89656e-09
 Reference value :  2.90256e-09
 Reference value :  2.90856e-09
 Reference value :  2.91456e-09
 Reference value :  2.92056e-09
 Reference value :  2.92656e-09
 Reference value :  2.93256e-09
 Reference value :  2.93856e-09
 Reference value :  2.94456e-09
 Reference value :  2.95056e-09
 Reference value :  2.95656e-09
 Reference value :  2.96256e-09
 Reference value :  2.97056e-09
 Reference value :  2.97656e-09
 Reference value :  2.98256e-09
 Reference value :  2.98856e-09
 Reference value :  2.99456e-09
 Reference value :  3.00256e-09
 Reference value :  3.00856e-09
 Reference value :  3.01456e-09
 Reference value :  3.02056e-09
 Reference value :  3.02856e-09
 Reference value :  3.03456e-09
 Reference value :  3.04056e-09
 Reference value :  3.04656e-09
 Reference value :  3.05456e-09
 Reference value :  3.06056e-09
 Reference value :  3.06656e-09
 Reference value :  3.07256e-09
 Reference value :  3.07856e-09
 Reference value :  3.08656e-09
 Reference value :  3.09256e-09
 Reference value :  3.09856e-09
 Reference value :  3.10456e-09
 Reference value :  3.11056e-09
 Reference value :  3.11856e-09
 Reference value :  3.12456e-09
 Reference value :  3.13256e-09
 Reference value :  3.13856e-09
 Reference value :  3.14656e-09
 Reference value :  3.15456e-09
 Reference value :  3.16256e-09
 Reference value :  3.16856e-09
 Reference value :  3.17656e-09
 Reference value :  3.18456e-09
 Reference value :  3.19056e-09
 Reference value :  3.19656e-09
 Reference value :  3.20456e-09
 Reference value :  3.21056e-09
 Reference value :  3.21656e-09
 Reference value :  3.22456e-09
 Reference value :  3.23456e-09
 Reference value :  3.24056e-09
 Reference value :  3.24656e-09
 Reference value :  3.25256e-09
 Reference value :  3.25856e-09
 Reference value :  3.26456e-09
 Reference value :  3.27056e-09
 Reference value :  3.27656e-09
 Reference value :  3.28456e-09
 Reference value :  3.29056e-09
 Reference value :  3.29856e-09
 Reference value :  3.30456e-09
 Reference value :  3.31056e-09
 Reference value :  3.31656e-09
 Reference value :  3.32256e-09
 Reference value :  3.33056e-09
 Reference value :  3.33656e-09
 Reference value :  3.34256e-09
 Reference value :  3.35056e-09
 Reference value :  3.35656e-09
 Reference value :  3.36456e-09
 Reference value :  3.37056e-09
 Reference value :  3.37856e-09
 Reference value :  3.38456e-09
 Reference value :  3.39256e-09
 Reference value :  3.39856e-09
 Reference value :  3.40456e-09
 Reference value :  3.41056e-09
 Reference value :  3.41856e-09
 Reference value :  3.42456e-09
 Reference value :  3.43256e-09
 Reference value :  3.43856e-09
 Reference value :  3.44656e-09
 Reference value :  3.45456e-09
 Reference value :  3.46256e-09
 Reference value :  3.47056e-09
 Reference value :  3.47656e-09
 Reference value :  3.48456e-09
 Reference value :  3.49056e-09
 Reference value :  3.49656e-09
 Reference value :  3.50256e-09
 Reference value :  3.50856e-09
 Reference value :  3.51456e-09
 Reference value :  3.52056e-09
 Reference value :  3.52656e-09
 Reference value :  3.53256e-09
 Reference value :  3.53856e-09
 Reference value :  3.54456e-09
 Reference value :  3.55056e-09
 Reference value :  3.55656e-09
 Reference value :  3.56256e-09
 Reference value :  3.56856e-09
 Reference value :  3.57456e-09
 Reference value :  3.58256e-09
 Reference value :  3.58856e-09
 Reference value :  3.59456e-09
 Reference value :  3.60056e-09
 Reference value :  3.60856e-09
 Reference value :  3.61656e-09
 Reference value :  3.62256e-09
 Reference value :  3.62856e-09
 Reference value :  3.63456e-09
 Reference value :  3.64056e-09
 Reference value :  3.64656e-09
 Reference value :  3.65456e-09
 Reference value :  3.66056e-09
 Reference value :  3.66856e-09
 Reference value :  3.67456e-09
 Reference value :  3.68056e-09
 Reference value :  3.68656e-09
 Reference value :  3.69256e-09
 Reference value :  3.69856e-09
 Reference value :  3.70456e-09
 Reference value :  3.71056e-09
 Reference value :  3.71656e-09
 Reference value :  3.72256e-09
 Reference value :  3.72856e-09
 Reference value :  3.73456e-09
 Reference value :  3.74056e-09
 Reference value :  3.74656e-09
 Reference value :  3.75256e-09
 Reference value :  3.75856e-09
 Reference value :  3.76456e-09
 Reference value :  3.77056e-09
 Reference value :  3.77656e-09
 Reference value :  3.78456e-09
 Reference value :  3.79056e-09
 Reference value :  3.79856e-09
 Reference value :  3.80456e-09
 Reference value :  3.81056e-09
 Reference value :  3.81856e-09
 Reference value :  3.82456e-09
 Reference value :  3.83056e-09
 Reference value :  3.83656e-09
 Reference value :  3.84456e-09
 Reference value :  3.85056e-09
 Reference value :  3.85656e-09
 Reference value :  3.86256e-09
 Reference value :  3.86856e-09
 Reference value :  3.87456e-09
 Reference value :  3.88056e-09
 Reference value :  3.88656e-09
 Reference value :  3.89256e-09
 Reference value :  3.90056e-09
 Reference value :  3.90656e-09
 Reference value :  3.91256e-09
 Reference value :  3.91856e-09
 Reference value :  3.92456e-09
 Reference value :  3.93056e-09
 Reference value :  3.93656e-09
 Reference value :  3.94256e-09
 Reference value :  3.94856e-09
 Reference value :  3.95456e-09
 Reference value :  3.96056e-09
 Reference value :  3.96656e-09
 Reference value :  3.97456e-09
 Reference value :  3.98256e-09
 Reference value :  3.98856e-09
 Reference value :  3.99656e-09
 Reference value :  4.00256e-09
 Reference value :  4.01056e-09
 Reference value :  4.01856e-09
 Reference value :  4.02456e-09
 Reference value :  4.03056e-09
 Reference value :  4.03656e-09
 Reference value :  4.04456e-09
 Reference value :  4.05056e-09
 Reference value :  4.05856e-09
 Reference value :  4.06456e-09
 Reference value :  4.07056e-09
 Reference value :  4.07856e-09
 Reference value :  4.08656e-09
 Reference value :  4.09456e-09
 Reference value :  4.10056e-09
 Reference value :  4.10656e-09
 Reference value :  4.11256e-09
 Reference value :  4.11856e-09
 Reference value :  4.12456e-09
 Reference value :  4.13056e-09
 Reference value :  4.13656e-09
 Reference value :  4.14256e-09
 Reference value :  4.15056e-09
 Reference value :  4.15656e-09
 Reference value :  4.16256e-09
 Reference value :  4.16856e-09
 Reference value :  4.17456e-09
 Reference value :  4.18056e-09
 Reference value :  4.18856e-09
 Reference value :  4.19456e-09
 Reference value :  4.20256e-09
 Reference value :  4.20856e-09
 Reference value :  4.21456e-09
 Reference value :  4.22056e-09
 Reference value :  4.22656e-09
 Reference value :  4.23256e-09
 Reference value :  4.23856e-09
 Reference value :  4.24456e-09
 Reference value :  4.25256e-09
 Reference value :  4.25856e-09
 Reference value :  4.26656e-09
 Reference value :  4.27256e-09
 Reference value :  4.27856e-09
 Reference value :  4.28656e-09
 Reference value :  4.29256e-09
 Reference value :  4.29856e-09
 Reference value :  4.30456e-09
 Reference value :  4.31256e-09
 Reference value :  4.32056e-09
 Reference value :  4.32656e-09
 Reference value :  4.33456e-09
 Reference value :  4.34056e-09
 Reference value :  4.34656e-09
 Reference value :  4.35256e-09
 Reference value :  4.35856e-09
 Reference value :  4.36456e-09
 Reference value :  4.37256e-09
 Reference value :  4.37856e-09
 Reference value :  4.38456e-09
 Reference value :  4.39056e-09
 Reference value :  4.39656e-09
 Reference value :  4.40456e-09
 Reference value :  4.41056e-09
 Reference value :  4.41656e-09
 Reference value :  4.42256e-09
 Reference value :  4.42856e-09
 Reference value :  4.43456e-09
 Reference value :  4.44056e-09
 Reference value :  4.44656e-09
 Reference value :  4.45256e-09
 Reference value :  4.45856e-09
 Reference value :  4.46656e-09
 Reference value :  4.47656e-09
 Reference value :  4.48256e-09
 Reference value :  4.48856e-09
 Reference value :  4.49456e-09
 Reference value :  4.50056e-09
 Reference value :  4.50856e-09
 Reference value :  4.51656e-09
 Reference value :  4.52256e-09
 Reference value :  4.53056e-09
 Reference value :  4.53656e-09
 Reference value :  4.54256e-09
 Reference value :  4.54856e-09
 Reference value :  4.55456e-09
 Reference value :  4.56056e-09
 Reference value :  4.56856e-09
 Reference value :  4.57456e-09
 Reference value :  4.58056e-09
 Reference value :  4.58856e-09
 Reference value :  4.59456e-09
 Reference value :  4.60056e-09
 Reference value :  4.60656e-09
 Reference value :  4.61456e-09
 Reference value :  4.62056e-09
 Reference value :  4.62856e-09
 Reference value :  4.63456e-09
 Reference value :  4.64056e-09
 Reference value :  4.64656e-09
 Reference value :  4.65456e-09
 Reference value :  4.66256e-09
 Reference value :  4.66856e-09
 Reference value :  4.67656e-09
 Reference value :  4.68456e-09
 Reference value :  4.69056e-09
 Reference value :  4.69656e-09
 Reference value :  4.70456e-09
 Reference value :  4.71056e-09
 Reference value :  4.71656e-09
 Reference value :  4.72256e-09
 Reference value :  4.72856e-09
 Reference value :  4.73456e-09
 Reference value :  4.74056e-09
 Reference value :  4.74656e-09
 Reference value :  4.75456e-09
 Reference value :  4.76056e-09
 Reference value :  4.76656e-09
 Reference value :  4.77256e-09
 Reference value :  4.77856e-09
 Reference value :  4.78456e-09
 Reference value :  4.79056e-09
 Reference value :  4.79856e-09
 Reference value :  4.80456e-09
 Reference value :  4.81056e-09
 Reference value :  4.81656e-09
 Reference value :  4.82456e-09
 Reference value :  4.83056e-09
 Reference value :  4.83656e-09
 Reference value :  4.84256e-09
 Reference value :  4.84856e-09
 Reference value :  4.85456e-09
 Reference value :  4.86256e-09
 Reference value :  4.86856e-09
 Reference value :  4.87456e-09
 Reference value :  4.88256e-09
 Reference value :  4.88856e-09
 Reference value :  4.89456e-09
 Reference value :  4.90256e-09
 Reference value :  4.90856e-09
 Reference value :  4.91656e-09
 Reference value :  4.92256e-09
 Reference value :  4.93056e-09
 Reference value :  4.93656e-09
 Reference value :  4.94456e-09
 Reference value :  4.95056e-09
 Reference value :  4.95656e-09
 Reference value :  4.96456e-09
 Reference value :  4.97056e-09
 Reference value :  4.97656e-09
 Reference value :  4.98456e-09
 Reference value :  4.99056e-09
 Reference value :  4.99656e-09
 Reference value :  5.00060e-09
 Reference value :  5.00700e-09
 Reference value :  5.01300e-09
 Reference value :  5.02100e-09
 Reference value :  5.02700e-09
 Reference value :  5.03300e-09
 Reference value :  5.04100e-09
 Reference value :  5.04700e-09
 Reference value :  5.05500e-09
 Reference value :  5.06100e-09
 Reference value :  5.06700e-09
 Reference value :  5.07300e-09
 Reference value :  5.08100e-09
 Reference value :  5.08700e-09
 Reference value :  5.09300e-09
 Reference value :  5.09850e-09
 Reference value :  5.10140e-09
 Reference value :  5.10700e-09
 Reference value :  5.11300e-09
 Reference value :  5.11900e-09
 Reference value :  5.12700e-09
 Reference value :  5.13300e-09
 Reference value :  5.13900e-09
 Reference value :  5.14700e-09
 Reference value :  5.15300e-09
 Reference value :  5.15900e-09
 Reference value :  5.16500e-09
 Reference value :  5.17100e-09
 Reference value :  5.17700e-09
 Reference value :  5.18300e-09
 Reference value :  5.19100e-09
 Reference value :  5.19700e-09
 Reference value :  5.20300e-09
 Reference value :  5.21100e-09
 Reference value :  5.21900e-09
 Reference value :  5.22700e-09
 Reference value :  5.23300e-09
 Reference value :  5.24100e-09
 Reference value :  5.24700e-09
 Reference value :  5.25300e-09
 Reference value :  5.26100e-09
 Reference value :  5.26900e-09
 Reference value :  5.27500e-09
 Reference value :  5.28100e-09
 Reference value :  5.28700e-09
 Reference value :  5.29300e-09
 Reference value :  5.30100e-09
 Reference value :  5.30900e-09
 Reference value :  5.31500e-09
 Reference value :  5.32100e-09
 Reference value :  5.32700e-09
 Reference value :  5.33500e-09
 Reference value :  5.34100e-09
 Reference value :  5.34700e-09
 Reference value :  5.35300e-09
 Reference value :  5.35900e-09
 Reference value :  5.36700e-09
 Reference value :  5.37300e-09
 Reference value :  5.37900e-09
 Reference value :  5.38500e-09
 Reference value :  5.39300e-09
 Reference value :  5.39900e-09
 Reference value :  5.40500e-09
 Reference value :  5.41100e-09
 Reference value :  5.41700e-09
 Reference value :  5.42300e-09
 Reference value :  5.42900e-09
 Reference value :  5.43500e-09
 Reference value :  5.44100e-09
 Reference value :  5.44900e-09
 Reference value :  5.45700e-09
 Reference value :  5.46500e-09
 Reference value :  5.47300e-09
 Reference value :  5.47900e-09
 Reference value :  5.48500e-09
 Reference value :  5.49100e-09
 Reference value :  5.49700e-09
 Reference value :  5.50500e-09
 Reference value :  5.51300e-09
 Reference value :  5.51900e-09
 Reference value :  5.52500e-09
 Reference value :  5.53100e-09
 Reference value :  5.53700e-09
 Reference value :  5.54300e-09
 Reference value :  5.54900e-09
 Reference value :  5.55700e-09
 Reference value :  5.56300e-09
 Reference value :  5.57100e-09
 Reference value :  5.57700e-09
 Reference value :  5.58300e-09
 Reference value :  5.58900e-09
 Reference value :  5.59500e-09
 Reference value :  5.60300e-09
 Reference value :  5.61100e-09
 Reference value :  5.61700e-09
 Reference value :  5.62500e-09
 Reference value :  5.63100e-09
 Reference value :  5.63700e-09
 Reference value :  5.64300e-09
 Reference value :  5.64900e-09
 Reference value :  5.65500e-09
 Reference value :  5.66100e-09
 Reference value :  5.66700e-09
 Reference value :  5.67300e-09
 Reference value :  5.67900e-09
 Reference value :  5.68500e-09
 Reference value :  5.69300e-09
 Reference value :  5.69900e-09
 Reference value :  5.70500e-09
 Reference value :  5.71100e-09
 Reference value :  5.71900e-09
 Reference value :  5.72500e-09
 Reference value :  5.73100e-09
 Reference value :  5.73900e-09
 Reference value :  5.74500e-09
 Reference value :  5.75100e-09
 Reference value :  5.75700e-09
 Reference value :  5.76300e-09
 Reference value :  5.76900e-09
 Reference value :  5.77500e-09
 Reference value :  5.78100e-09
 Reference value :  5.78900e-09
 Reference value :  5.79700e-09
 Reference value :  5.80500e-09
 Reference value :  5.81300e-09
 Reference value :  5.81900e-09
 Reference value :  5.82500e-09
 Reference value :  5.83300e-09
 Reference value :  5.83900e-09
 Reference value :  5.84500e-09
 Reference value :  5.85100e-09
 Reference value :  5.85700e-09
 Reference value :  5.86300e-09
 Reference value :  5.87100e-09
 Reference value :  5.87700e-09
 Reference value :  5.88300e-09
 Reference value :  5.88900e-09
 Reference value :  5.89500e-09
 Reference value :  5.90100e-09
 Reference value :  5.90700e-09
 Reference value :  5.91500e-09
 Reference value :  5.92300e-09
 Reference value :  5.92900e-09
 Reference value :  5.93700e-09
 Reference value :  5.94300e-09
 Reference value :  5.94900e-09
 Reference value :  5.95500e-09
 Reference value :  5.96100e-09
 Reference value :  5.96700e-09
 Reference value :  5.97300e-09
 Reference value :  5.97900e-09
 Reference value :  5.98500e-09
 Reference value :  5.99300e-09
 Reference value :  6.00100e-09
 Reference value :  6.00700e-09
 Reference value :  6.01300e-09
 Reference value :  6.01900e-09
 Reference value :  6.02700e-09
 Reference value :  6.03300e-09
 Reference value :  6.04100e-09
 Reference value :  6.04900e-09
 Reference value :  6.05500e-09
 Reference value :  6.06300e-09
 Reference value :  6.07100e-09
 Reference value :  6.07700e-09
 Reference value :  6.08300e-09
 Reference value :  6.08900e-09
 Reference value :  6.09500e-09
 Reference value :  6.10100e-09
 Reference value :  6.10900e-09
 Reference value :  6.11500e-09
 Reference value :  6.12100e-09
 Reference value :  6.12700e-09
 Reference value :  6.13300e-09
 Reference value :  6.13900e-09
 Reference value :  6.14700e-09
 Reference value :  6.15500e-09
 Reference value :  6.16100e-09
 Reference value :  6.16900e-09
 Reference value :  6.17500e-09
 Reference value :  6.18300e-09
 Reference value :  6.18900e-09
 Reference value :  6.19500e-09
 Reference value :  6.20100e-09
 Reference value :  6.20900e-09
 Reference value :  6.21700e-09
 Reference value :  6.22300e-09
 Reference value :  6.22900e-09
 Reference value :  6.24700e-09
 Reference value :  6.25300e-09
 Reference value :  6.25900e-09
 Reference value :  6.26500e-09
 Reference value :  6.27100e-09
 Reference value :  6.27700e-09
 Reference value :  6.28300e-09
 Reference value :  6.28900e-09
 Reference value :  6.29500e-09
 Reference value :  6.30100e-09
 Reference value :  6.30700e-09
 Reference value :  6.31500e-09
 Reference value :  6.32100e-09
 Reference value :  6.32900e-09
 Reference value :  6.33500e-09
 Reference value :  6.34100e-09
 Reference value :  6.34700e-09
 Reference value :  6.35300e-09
 Reference value :  6.35900e-09
 Reference value :  6.36500e-09
 Reference value :  6.37100e-09
 Reference value :  6.37700e-09
 Reference value :  6.38500e-09
 Reference value :  6.39100e-09
 Reference value :  6.39900e-09
 Reference value :  6.40500e-09
 Reference value :  6.41100e-09
 Reference value :  6.41700e-09
 Reference value :  6.42500e-09
 Reference value :  6.43100e-09
 Reference value :  6.43700e-09
 Reference value :  6.44300e-09
 Reference value :  6.44900e-09
 Reference value :  6.45700e-09
 Reference value :  6.46300e-09
 Reference value :  6.46900e-09
 Reference value :  6.47700e-09
 Reference value :  6.48500e-09
 Reference value :  6.49100e-09
 Reference value :  6.49700e-09
 Reference value :  6.50300e-09
 Reference value :  6.51100e-09
 Reference value :  6.51700e-09
 Reference value :  6.52300e-09
 Reference value :  6.52900e-09
 Reference value :  6.53500e-09
 Reference value :  6.54100e-09
 Reference value :  6.54700e-09
 Reference value :  6.55300e-09
 Reference value :  6.55900e-09
 Reference value :  6.56500e-09
 Reference value :  6.57100e-09
 Reference value :  6.57700e-09
 Reference value :  6.58300e-09
 Reference value :  6.59100e-09
 Reference value :  6.59700e-09
 Reference value :  6.60300e-09
 Reference value :  6.61100e-09
 Reference value :  6.61700e-09
 Reference value :  6.62500e-09
 Reference value :  6.63100e-09
 Reference value :  6.63700e-09
 Reference value :  6.64500e-09
 Reference value :  6.65300e-09
 Reference value :  6.65900e-09
 Reference value :  6.66700e-09
 Reference value :  6.67300e-09
 Reference value :  6.67900e-09
 Reference value :  6.68500e-09
 Reference value :  6.69100e-09
 Reference value :  6.69700e-09
 Reference value :  6.70300e-09
 Reference value :  6.71100e-09
 Reference value :  6.71700e-09
 Reference value :  6.72300e-09
 Reference value :  6.72900e-09
 Reference value :  6.73500e-09
 Reference value :  6.74100e-09
 Reference value :  6.74900e-09
 Reference value :  6.75500e-09
 Reference value :  6.76300e-09
 Reference value :  6.76900e-09
 Reference value :  6.77500e-09
 Reference value :  6.78300e-09
 Reference value :  6.78900e-09
 Reference value :  6.79500e-09
 Reference value :  6.80100e-09
 Reference value :  6.80700e-09
 Reference value :  6.81500e-09
 Reference value :  6.82300e-09
 Reference value :  6.83100e-09
 Reference value :  6.83700e-09
 Reference value :  6.84300e-09
 Reference value :  6.84900e-09
 Reference value :  6.85500e-09
 Reference value :  6.86300e-09
 Reference value :  6.86900e-09
 Reference value :  6.87500e-09
 Reference value :  6.88100e-09
 Reference value :  6.88700e-09
 Reference value :  6.89500e-09
 Reference value :  6.90300e-09
 Reference value :  6.90900e-09
 Reference value :  6.91700e-09
 Reference value :  6.92300e-09
 Reference value :  6.92900e-09
 Reference value :  6.93500e-09
 Reference value :  6.94100e-09
 Reference value :  6.94700e-09
 Reference value :  6.95300e-09
 Reference value :  6.95900e-09
 Reference value :  6.96500e-09
 Reference value :  6.97100e-09
 Reference value :  6.97900e-09
 Reference value :  6.98700e-09
 Reference value :  6.99300e-09
 Reference value :  6.99900e-09
 Reference value :  7.00500e-09
 Reference value :  7.01100e-09
 Reference value :  7.01900e-09
 Reference value :  7.02500e-09
 Reference value :  7.03300e-09
 Reference value :  7.04100e-09
 Reference value :  7.04700e-09
 Reference value :  7.05300e-09
 Reference value :  7.05900e-09
 Reference value :  7.06500e-09
 Reference value :  7.07100e-09
 Reference value :  7.07700e-09
 Reference value :  7.08500e-09
 Reference value :  7.09100e-09
 Reference value :  7.09900e-09
 Reference value :  7.10700e-09
 Reference value :  7.11300e-09
 Reference value :  7.11900e-09
 Reference value :  7.12500e-09
 Reference value :  7.13100e-09
 Reference value :  7.13700e-09
 Reference value :  7.14300e-09
 Reference value :  7.15100e-09
 Reference value :  7.15700e-09
 Reference value :  7.16300e-09
 Reference value :  7.16900e-09
 Reference value :  7.17500e-09
 Reference value :  7.18100e-09
 Reference value :  7.18700e-09
 Reference value :  7.19300e-09
 Reference value :  7.20100e-09
 Reference value :  7.20900e-09
 Reference value :  7.21500e-09
 Reference value :  7.22100e-09
 Reference value :  7.22700e-09
 Reference value :  7.23500e-09
 Reference value :  7.24100e-09
 Reference value :  7.24900e-09
 Reference value :  7.25500e-09
 Reference value :  7.26300e-09
 Reference value :  7.26900e-09
 Reference value :  7.27500e-09
 Reference value :  7.28100e-09
 Reference value :  7.28900e-09
 Reference value :  7.29500e-09
 Reference value :  7.30100e-09
 Reference value :  7.30700e-09
 Reference value :  7.31300e-09
 Reference value :  7.31900e-09
 Reference value :  7.32500e-09
 Reference value :  7.33100e-09
 Reference value :  7.33700e-09
 Reference value :  7.34300e-09
 Reference value :  7.34900e-09
 Reference value :  7.35700e-09
 Reference value :  7.36300e-09
 Reference value :  7.36900e-09
 Reference value :  7.37500e-09
 Reference value :  7.38100e-09
 Reference value :  7.38700e-09
 Reference value :  7.39500e-09
 Reference value :  7.40100e-09
 Reference value :  7.40700e-09
 Reference value :  7.41300e-09
 Reference value :  7.41900e-09
 Reference value :  7.42700e-09
 Reference value :  7.43300e-09
 Reference value :  7.44100e-09
 Reference value :  7.44700e-09
 Reference value :  7.45300e-09
 Reference value :  7.45900e-09
 Reference value :  7.46500e-09
 Reference value :  7.47100e-09
 Reference value :  7.47900e-09
 Reference value :  7.48500e-09
 Reference value :  7.49100e-09
 Reference value :  7.49700e-09
 Reference value :  7.50300e-09
 Reference value :  7.50900e-09
 Reference value :  7.51500e-09
 Reference value :  7.52100e-09
 Reference value :  7.52700e-09
 Reference value :  7.53300e-09
 Reference value :  7.53900e-09
 Reference value :  7.54500e-09
 Reference value :  7.55100e-09
 Reference value :  7.55700e-09
 Reference value :  7.56300e-09
 Reference value :  7.57100e-09
 Reference value :  7.57700e-09
 Reference value :  7.58500e-09
 Reference value :  7.59300e-09
 Reference value :  7.59850e-09
No. of Data Rows : 3814
Note: Simulation executed from .control section 
