
Note: Compatibility modes selected: hs a


Circuit: * comparator-decision offset pick-off -- vindiff=0.0mv corner=tt_mm temp=27.0c seed=1 (issue #9)

option SCALE: Scale is set to 1e-06 for instance and model parameters
option SCALE: Scale is set to 1e-06 for instance and model parameters
option SCALE: Scale is set to 1e-06 for instance and model parameters
option SCALE: Scale is set to 1e-06 for instance and model parameters
Doing analysis at TEMP = 27.000000 and TNOM = 27.000000

Using KLU as Direct Linear Solver
 Reference value :  0.00000e+00
 Reference value :  8.00000e-14
 Reference value :  1.28000e-12
 Reference value :  1.05600e-11
 Reference value :  2.05600e-11
 Reference value :  2.85600e-11
 Reference value :  3.65600e-11
 Reference value :  4.45600e-11
 Reference value :  5.25600e-11
 Reference value :  5.85600e-11
 Reference value :  6.65600e-11
 Reference value :  7.25600e-11
 Reference value :  7.85600e-11
 Reference value :  8.65600e-11
 Reference value :  9.25600e-11
 Reference value :  1.02560e-10
 Reference value :  1.08560e-10
 Reference value :  1.16560e-10
 Reference value :  1.24560e-10
 Reference value :  3.18560e-10
 Reference value :  3.28560e-10
 Reference value :  4.02560e-10
 Reference value :  4.08560e-10
 Reference value :  4.16560e-10
 Reference value :  4.26560e-10
 Reference value :  4.34560e-10
 Reference value :  4.42560e-10
 Reference value :  4.48560e-10
 Reference value :  4.56560e-10
 Reference value :  4.64560e-10
 Reference value :  4.72560e-10
 Reference value :  4.82560e-10
 Reference value :  4.90560e-10
 Reference value :  5.00560e-10
 Reference value :  5.08560e-10
 Reference value :  5.16560e-10
 Reference value :  5.22560e-10
 Reference value :  5.32560e-10
 Reference value :  5.38560e-10
 Reference value :  5.48560e-10
 Reference value :  5.56560e-10
 Reference value :  5.66560e-10
 Reference value :  5.76560e-10
 Reference value :  5.84560e-10
 Reference value :  5.92560e-10
 Reference value :  5.98560e-10
 Reference value :  6.04560e-10
 Reference value :  6.12560e-10
 Reference value :  6.18560e-10
 Reference value :  6.26560e-10
 Reference value :  6.36560e-10
 Reference value :  6.44560e-10
 Reference value :  6.54560e-10
 Reference value :  6.62560e-10
 Reference value :  6.72560e-10
 Reference value :  6.82560e-10
 Reference value :  6.90560e-10
 Reference value :  6.98560e-10
 Reference value :  7.06560e-10
 Reference value :  7.16560e-10
 Reference value :  7.24560e-10
 Reference value :  7.30560e-10
 Reference value :  7.40560e-10
 Reference value :  7.48560e-10
 Reference value :  7.56560e-10
 Reference value :  7.64560e-10
 Reference value :  7.70560e-10
 Reference value :  7.80560e-10
 Reference value :  7.88560e-10
 Reference value :  7.98560e-10
 Reference value :  8.08560e-10
 Reference value :  8.16560e-10
 Reference value :  8.24560e-10
 Reference value :  8.32560e-10
 Reference value :  8.42560e-10
 Reference value :  8.52560e-10
 Reference value :  8.60560e-10
 Reference value :  8.70560e-10
 Reference value :  8.78560e-10
 Reference value :  8.84560e-10
 Reference value :  8.90560e-10
 Reference value :  8.98560e-10
 Reference value :  9.06560e-10
 Reference value :  9.16560e-10
 Reference value :  9.24560e-10
 Reference value :  9.32560e-10
 Reference value :  1.05856e-09
 Reference value :  1.06656e-09
 Reference value :  1.07256e-09
 Reference value :  1.08056e-09
 Reference value :  1.08856e-09
 Reference value :  1.09656e-09
 Reference value :  1.10656e-09
 Reference value :  1.11656e-09
 Reference value :  1.12256e-09
 Reference value :  1.12856e-09
 Reference value :  1.13856e-09
 Reference value :  1.14656e-09
 Reference value :  1.15456e-09
 Reference value :  1.16256e-09
 Reference value :  1.17256e-09
 Reference value :  1.18056e-09
 Reference value :  1.18856e-09
 Reference value :  1.19656e-09
 Reference value :  1.20656e-09
 Reference value :  1.21456e-09
 Reference value :  1.22256e-09
 Reference value :  1.23056e-09
 Reference value :  1.23856e-09
 Reference value :  1.24656e-09
 Reference value :  1.25456e-09
 Reference value :  1.26456e-09
 Reference value :  1.27256e-09
 Reference value :  1.28256e-09
 Reference value :  1.29056e-09
 Reference value :  1.30056e-09
 Reference value :  1.30856e-09
 Reference value :  1.31656e-09
 Reference value :  1.32456e-09
 Reference value :  1.33456e-09
 Reference value :  1.34256e-09
 Reference value :  1.34856e-09
 Reference value :  1.35656e-09
 Reference value :  1.36456e-09
 Reference value :  1.37256e-09
 Reference value :  1.38056e-09
 Reference value :  1.38856e-09
 Reference value :  1.39456e-09
 Reference value :  1.40256e-09
 Reference value :  1.41056e-09
 Reference value :  1.42056e-09
 Reference value :  1.42856e-09
 Reference value :  1.43656e-09
 Reference value :  1.44456e-09
 Reference value :  1.45056e-09
 Reference value :  1.45856e-09
 Reference value :  1.46856e-09
 Reference value :  1.47656e-09
 Reference value :  1.48456e-09
 Reference value :  1.49256e-09
 Reference value :  1.50056e-09
 Reference value :  1.50856e-09
 Reference value :  1.51856e-09
 Reference value :  1.52656e-09
 Reference value :  1.53456e-09
 Reference value :  1.54256e-09
 Reference value :  1.55056e-09
 Reference value :  1.56056e-09
 Reference value :  1.56856e-09
 Reference value :  1.57656e-09
 Reference value :  1.58456e-09
 Reference value :  1.59256e-09
 Reference value :  1.60056e-09
 Reference value :  1.60856e-09
 Reference value :  1.61656e-09
 Reference value :  1.62456e-09
 Reference value :  1.63056e-09
 Reference value :  1.63856e-09
 Reference value :  1.64856e-09
 Reference value :  1.65856e-09
 Reference value :  1.66856e-09
 Reference value :  1.67656e-09
 Reference value :  1.68656e-09
 Reference value :  1.69456e-09
 Reference value :  1.70256e-09
 Reference value :  1.70856e-09
 Reference value :  1.71456e-09
 Reference value :  1.72256e-09
 Reference value :  1.72856e-09
 Reference value :  1.73656e-09
 Reference value :  1.74656e-09
 Reference value :  1.75656e-09
 Reference value :  1.76656e-09
 Reference value :  1.77656e-09
 Reference value :  1.82456e-09
 Reference value :  1.87856e-09
 Reference value :  1.88656e-09
 Reference value :  1.89456e-09
 Reference value :  1.90256e-09
 Reference value :  1.91056e-09
 Reference value :  1.91656e-09
 Reference value :  1.92456e-09
 Reference value :  1.93256e-09
 Reference value :  1.94056e-09
 Reference value :  1.94856e-09
 Reference value :  1.95456e-09
 Reference value :  1.96056e-09
 Reference value :  1.96656e-09
 Reference value :  1.97256e-09
 Reference value :  1.97856e-09
 Reference value :  1.98456e-09
 Reference value :  1.99256e-09
 Reference value :  2.00056e-09
 Reference value :  2.01056e-09
 Reference value :  2.01856e-09
 Reference value :  2.02856e-09
 Reference value :  2.03856e-09
 Reference value :  2.04856e-09
 Reference value :  2.05656e-09
 Reference value :  2.06256e-09
 Reference value :  2.06856e-09
 Reference value :  2.07856e-09
 Reference value :  2.08856e-09
 Reference value :  2.09856e-09
 Reference value :  2.10656e-09
 Reference value :  2.11456e-09
 Reference value :  2.12056e-09
 Reference value :  2.12656e-09
 Reference value :  2.13456e-09
 Reference value :  2.14056e-09
 Reference value :  2.15056e-09
 Reference value :  2.15856e-09
 Reference value :  2.16656e-09
 Reference value :  2.17456e-09
 Reference value :  2.18256e-09
 Reference value :  2.19056e-09
 Reference value :  2.19656e-09
 Reference value :  2.20456e-09
 Reference value :  2.21256e-09
 Reference value :  2.22256e-09
 Reference value :  2.23056e-09
 Reference value :  2.23856e-09
 Reference value :  2.24856e-09
 Reference value :  2.25856e-09
 Reference value :  2.26656e-09
 Reference value :  2.27256e-09
 Reference value :  2.28056e-09
 Reference value :  2.28856e-09
 Reference value :  2.29656e-09
 Reference value :  2.30456e-09
 Reference value :  2.31056e-09
 Reference value :  2.32056e-09
 Reference value :  2.33256e-09
 Reference value :  2.34256e-09
 Reference value :  2.35056e-09
 Reference value :  2.35656e-09
 Reference value :  2.36456e-09
 Reference value :  2.37456e-09
 Reference value :  2.38456e-09
 Reference value :  2.39456e-09
 Reference value :  2.40256e-09
 Reference value :  2.41256e-09
 Reference value :  2.42056e-09
 Reference value :  2.42856e-09
 Reference value :  2.43456e-09
 Reference value :  2.44456e-09
 Reference value :  2.45056e-09
 Reference value :  2.45856e-09
 Reference value :  2.46656e-09
 Reference value :  2.47456e-09
 Reference value :  2.48256e-09
 Reference value :  2.49256e-09
 Reference value :  2.50056e-09
 Reference value :  2.50656e-09
 Reference value :  2.51456e-09
 Reference value :  2.52456e-09
 Reference value :  2.53256e-09
 Reference value :  2.54256e-09
 Reference value :  2.55256e-09
 Reference value :  2.56256e-09
 Reference value :  2.56856e-09
 Reference value :  2.57856e-09
 Reference value :  2.58456e-09
 Reference value :  2.59256e-09
 Reference value :  2.60056e-09
 Reference value :  2.61056e-09
 Reference value :  2.62056e-09
 Reference value :  2.63056e-09
 Reference value :  2.63856e-09
 Reference value :  2.64856e-09
 Reference value :  2.66056e-09
 Reference value :  2.66856e-09
 Reference value :  2.67456e-09
 Reference value :  2.68056e-09
 Reference value :  2.68856e-09
 Reference value :  2.69856e-09
 Reference value :  2.70856e-09
 Reference value :  2.71856e-09
 Reference value :  2.72656e-09
 Reference value :  2.73456e-09
 Reference value :  2.74256e-09
 Reference value :  2.75056e-09
 Reference value :  2.75856e-09
 Reference value :  2.76656e-09
 Reference value :  2.77656e-09
 Reference value :  2.78456e-09
 Reference value :  2.79256e-09
 Reference value :  2.80056e-09
 Reference value :  2.80856e-09
 Reference value :  2.81656e-09
 Reference value :  2.82456e-09
 Reference value :  2.83456e-09
 Reference value :  2.84256e-09
 Reference value :  2.85056e-09
 Reference value :  2.86056e-09
 Reference value :  2.87056e-09
 Reference value :  2.87856e-09
 Reference value :  2.88656e-09
 Reference value :  2.89456e-09
 Reference value :  2.90256e-09
 Reference value :  2.90856e-09
 Reference value :  2.91656e-09
 Reference value :  2.92456e-09
 Reference value :  2.93056e-09
 Reference value :  2.93856e-09
 Reference value :  2.94856e-09
 Reference value :  2.95856e-09
 Reference value :  2.96656e-09
 Reference value :  2.97656e-09
 Reference value :  2.98456e-09
 Reference value :  2.99256e-09
 Reference value :  3.00256e-09
 Reference value :  3.01256e-09
 Reference value :  3.02056e-09
 Reference value :  3.03056e-09
 Reference value :  3.03856e-09
 Reference value :  3.04656e-09
 Reference value :  3.05256e-09
 Reference value :  3.06056e-09
 Reference value :  3.07056e-09
 Reference value :  3.08056e-09
 Reference value :  3.09056e-09
 Reference value :  3.09856e-09
 Reference value :  3.10656e-09
 Reference value :  3.11456e-09
 Reference value :  3.12056e-09
 Reference value :  3.12856e-09
 Reference value :  3.13856e-09
 Reference value :  3.14656e-09
 Reference value :  3.15456e-09
 Reference value :  3.16256e-09
 Reference value :  3.16856e-09
 Reference value :  3.17656e-09
 Reference value :  3.18656e-09
 Reference value :  3.19656e-09
 Reference value :  3.20456e-09
 Reference value :  3.21256e-09
 Reference value :  3.22056e-09
 Reference value :  3.23056e-09
 Reference value :  3.23856e-09
 Reference value :  3.24656e-09
 Reference value :  3.25656e-09
 Reference value :  3.26456e-09
 Reference value :  3.27256e-09
 Reference value :  3.28056e-09
 Reference value :  3.28856e-09
 Reference value :  3.29656e-09
 Reference value :  3.30456e-09
 Reference value :  3.31456e-09
 Reference value :  3.32256e-09
 Reference value :  3.32856e-09
 Reference value :  3.33456e-09
 Reference value :  3.34056e-09
 Reference value :  3.34656e-09
 Reference value :  3.35256e-09
 Reference value :  3.35856e-09
 Reference value :  3.36656e-09
 Reference value :  3.37256e-09
 Reference value :  3.38056e-09
 Reference value :  3.38856e-09
 Reference value :  3.39656e-09
 Reference value :  3.40456e-09
 Reference value :  3.41256e-09
 Reference value :  3.42056e-09
 Reference value :  3.42856e-09
 Reference value :  3.43656e-09
 Reference value :  3.44456e-09
 Reference value :  3.45256e-09
 Reference value :  3.46056e-09
 Reference value :  3.46656e-09
 Reference value :  3.47456e-09
 Reference value :  3.48256e-09
 Reference value :  3.48856e-09
 Reference value :  3.49656e-09
 Reference value :  3.50456e-09
 Reference value :  3.51056e-09
 Reference value :  3.51656e-09
 Reference value :  3.52456e-09
 Reference value :  3.53056e-09
 Reference value :  3.53656e-09
 Reference value :  3.54256e-09
 Reference value :  3.54856e-09
 Reference value :  3.55656e-09
 Reference value :  3.56456e-09
 Reference value :  3.57256e-09
 Reference value :  3.58256e-09
 Reference value :  3.59056e-09
 Reference value :  3.60056e-09
 Reference value :  3.60856e-09
 Reference value :  3.61456e-09
 Reference value :  3.62256e-09
 Reference value :  3.63256e-09
 Reference value :  3.64056e-09
 Reference value :  3.64856e-09
 Reference value :  3.65656e-09
 Reference value :  3.66456e-09
 Reference value :  3.67256e-09
 Reference value :  3.68056e-09
 Reference value :  3.68856e-09
 Reference value :  3.69456e-09
 Reference value :  3.70456e-09
 Reference value :  3.71256e-09
 Reference value :  3.72056e-09
 Reference value :  3.72856e-09
 Reference value :  3.73656e-09
 Reference value :  3.74456e-09
 Reference value :  3.75256e-09
 Reference value :  3.76056e-09
 Reference value :  3.76856e-09
 Reference value :  3.77656e-09
 Reference value :  3.78456e-09
 Reference value :  3.79456e-09
 Reference value :  3.80256e-09
 Reference value :  3.81056e-09
 Reference value :  3.81856e-09
 Reference value :  3.82656e-09
 Reference value :  3.83456e-09
 Reference value :  3.84456e-09
 Reference value :  3.85256e-09
 Reference value :  3.86056e-09
 Reference value :  3.86656e-09
 Reference value :  3.87456e-09
 Reference value :  3.88256e-09
 Reference value :  3.88856e-09
 Reference value :  3.89656e-09
 Reference value :  3.90456e-09
 Reference value :  3.91056e-09
 Reference value :  3.91856e-09
 Reference value :  3.92656e-09
 Reference value :  3.93456e-09
 Reference value :  3.94256e-09
 Reference value :  3.95056e-09
 Reference value :  3.95856e-09
 Reference value :  3.96456e-09
 Reference value :  3.97256e-09
 Reference value :  3.98056e-09
 Reference value :  3.98856e-09
 Reference value :  3.99856e-09
 Reference value :  4.00656e-09
 Reference value :  4.01256e-09
 Reference value :  4.02056e-09
 Reference value :  4.02856e-09
 Reference value :  4.03856e-09
 Reference value :  4.04656e-09
 Reference value :  4.05456e-09
 Reference value :  4.06256e-09
 Reference value :  4.07056e-09
 Reference value :  4.07856e-09
 Reference value :  4.08856e-09
 Reference value :  4.09656e-09
 Reference value :  4.10456e-09
 Reference value :  4.11256e-09
 Reference value :  4.12256e-09
 Reference value :  4.13256e-09
 Reference value :  4.14056e-09
 Reference value :  4.14856e-09
 Reference value :  4.15656e-09
 Reference value :  4.16656e-09
 Reference value :  4.17456e-09
 Reference value :  4.18456e-09
 Reference value :  4.19256e-09
 Reference value :  4.20056e-09
 Reference value :  4.20856e-09
 Reference value :  4.21656e-09
 Reference value :  4.22456e-09
 Reference value :  4.23256e-09
 Reference value :  4.24056e-09
 Reference value :  4.24856e-09
 Reference value :  4.25656e-09
 Reference value :  4.26456e-09
 Reference value :  4.27056e-09
 Reference value :  4.27656e-09
 Reference value :  4.28456e-09
 Reference value :  4.29456e-09
 Reference value :  4.30256e-09
 Reference value :  4.30856e-09
 Reference value :  4.31456e-09
 Reference value :  4.32256e-09
 Reference value :  4.33056e-09
 Reference value :  4.33856e-09
 Reference value :  4.34456e-09
 Reference value :  4.35056e-09
 Reference value :  4.35656e-09
 Reference value :  4.36256e-09
 Reference value :  4.37056e-09
 Reference value :  4.37856e-09
 Reference value :  4.38456e-09
 Reference value :  4.39256e-09
 Reference value :  4.40256e-09
 Reference value :  4.41056e-09
 Reference value :  4.42056e-09
 Reference value :  4.42656e-09
 Reference value :  4.43456e-09
 Reference value :  4.44256e-09
 Reference value :  4.45056e-09
 Reference value :  4.45856e-09
 Reference value :  4.46456e-09
 Reference value :  4.47256e-09
 Reference value :  4.48056e-09
 Reference value :  4.48856e-09
 Reference value :  4.49656e-09
 Reference value :  4.50256e-09
 Reference value :  4.50856e-09
 Reference value :  4.51456e-09
 Reference value :  4.52256e-09
 Reference value :  4.53056e-09
 Reference value :  4.53856e-09
 Reference value :  4.54656e-09
 Reference value :  4.55256e-09
 Reference value :  4.56056e-09
 Reference value :  4.56656e-09
 Reference value :  4.57256e-09
 Reference value :  4.57856e-09
 Reference value :  4.58656e-09
 Reference value :  4.59256e-09
 Reference value :  4.59856e-09
 Reference value :  4.60656e-09
 Reference value :  4.61256e-09
 Reference value :  4.61856e-09
 Reference value :  4.62456e-09
 Reference value :  4.63256e-09
 Reference value :  4.63856e-09
 Reference value :  4.64656e-09
 Reference value :  4.65456e-09
 Reference value :  4.66256e-09
 Reference value :  4.66856e-09
 Reference value :  4.67656e-09
 Reference value :  4.68456e-09
 Reference value :  4.69056e-09
 Reference value :  4.69856e-09
 Reference value :  4.70656e-09
 Reference value :  4.71456e-09
 Reference value :  4.72256e-09
 Reference value :  4.72856e-09
 Reference value :  4.73456e-09
 Reference value :  4.74056e-09
 Reference value :  4.74656e-09
 Reference value :  4.75256e-09
 Reference value :  4.76056e-09
 Reference value :  4.76856e-09
 Reference value :  4.77456e-09
 Reference value :  4.78256e-09
 Reference value :  4.79056e-09
 Reference value :  4.79856e-09
 Reference value :  4.80456e-09
 Reference value :  4.81256e-09
 Reference value :  4.81856e-09
 Reference value :  4.82656e-09
 Reference value :  4.83656e-09
 Reference value :  4.84456e-09
 Reference value :  4.85256e-09
 Reference value :  4.86056e-09
 Reference value :  4.86656e-09
 Reference value :  4.87456e-09
 Reference value :  4.88056e-09
 Reference value :  4.88656e-09
 Reference value :  4.89456e-09
 Reference value :  4.90256e-09
 Reference value :  4.90856e-09
 Reference value :  4.91656e-09
 Reference value :  4.92456e-09
 Reference value :  4.93256e-09
 Reference value :  4.94056e-09
 Reference value :  4.94856e-09
 Reference value :  4.95656e-09
 Reference value :  4.96456e-09
 Reference value :  4.97256e-09
 Reference value :  4.98056e-09
 Reference value :  4.98656e-09
 Reference value :  4.99456e-09
 Reference value :  5.00020e-09
 Reference value :  5.00300e-09
 Reference value :  5.01100e-09
 Reference value :  5.01900e-09
 Reference value :  5.02700e-09
 Reference value :  5.03500e-09
 Reference value :  5.04300e-09
 Reference value :  5.05300e-09
 Reference value :  5.06300e-09
 Reference value :  5.07300e-09
 Reference value :  5.08300e-09
 Reference value :  5.09300e-09
 Reference value :  5.10000e-09
 Reference value :  5.10300e-09
 Reference value :  5.11100e-09
 Reference value :  5.11900e-09
 Reference value :  5.12500e-09
 Reference value :  5.13300e-09
 Reference value :  5.14300e-09
 Reference value :  5.15100e-09
 Reference value :  5.15700e-09
 Reference value :  5.16500e-09
 Reference value :  5.17300e-09
 Reference value :  5.17900e-09
 Reference value :  5.18700e-09
 Reference value :  5.19500e-09
 Reference value :  5.20300e-09
 Reference value :  5.21100e-09
 Reference value :  5.21700e-09
 Reference value :  5.22300e-09
 Reference value :  5.23100e-09
 Reference value :  5.23900e-09
 Reference value :  5.24500e-09
 Reference value :  5.25500e-09
 Reference value :  5.26500e-09
 Reference value :  5.27500e-09
 Reference value :  5.28300e-09
 Reference value :  5.29300e-09
 Reference value :  5.30100e-09
 Reference value :  5.30900e-09
 Reference value :  5.31700e-09
 Reference value :  5.32300e-09
 Reference value :  5.33100e-09
 Reference value :  5.33900e-09
 Reference value :  5.34900e-09
 Reference value :  5.35700e-09
 Reference value :  5.36300e-09
 Reference value :  5.36900e-09
 Reference value :  5.37500e-09
 Reference value :  5.38300e-09
 Reference value :  5.38900e-09
 Reference value :  5.39700e-09
 Reference value :  5.40300e-09
 Reference value :  5.41100e-09
 Reference value :  5.41900e-09
 Reference value :  5.42700e-09
 Reference value :  5.43500e-09
 Reference value :  5.44300e-09
 Reference value :  5.45900e-09
 Reference value :  5.46700e-09
 Reference value :  5.47500e-09
 Reference value :  5.48500e-09
 Reference value :  5.49500e-09
 Reference value :  5.50500e-09
 Reference value :  5.51100e-09
 Reference value :  5.51900e-09
 Reference value :  5.52700e-09
 Reference value :  5.53500e-09
 Reference value :  5.54500e-09
 Reference value :  5.55500e-09
 Reference value :  5.56300e-09
 Reference value :  5.57300e-09
 Reference value :  5.58300e-09
 Reference value :  5.59100e-09
 Reference value :  5.60100e-09
 Reference value :  5.60900e-09
 Reference value :  5.61500e-09
 Reference value :  5.62300e-09
 Reference value :  5.63100e-09
 Reference value :  5.63900e-09
 Reference value :  5.64700e-09
 Reference value :  5.65700e-09
 Reference value :  5.66500e-09
 Reference value :  5.67300e-09
 Reference value :  5.68100e-09
 Reference value :  5.69100e-09
 Reference value :  5.70100e-09
 Reference value :  5.70900e-09
 Reference value :  5.71700e-09
 Reference value :  5.72300e-09
 Reference value :  5.73100e-09
 Reference value :  5.73900e-09
 Reference value :  5.74900e-09
 Reference value :  5.75700e-09
 Reference value :  5.76500e-09
 Reference value :  5.77300e-09
 Reference value :  5.78100e-09
 Reference value :  5.78700e-09
 Reference value :  5.79500e-09
 Reference value :  5.80300e-09
 Reference value :  5.81100e-09
 Reference value :  5.81900e-09
 Reference value :  5.82700e-09
 Reference value :  5.83500e-09
 Reference value :  5.84300e-09
 Reference value :  5.85100e-09
 Reference value :  5.85700e-09
 Reference value :  5.86500e-09
 Reference value :  5.87300e-09
 Reference value :  5.87900e-09
 Reference value :  5.88500e-09
 Reference value :  5.89100e-09
 Reference value :  5.89700e-09
 Reference value :  5.90300e-09
 Reference value :  5.91100e-09
 Reference value :  5.91700e-09
 Reference value :  5.92500e-09
 Reference value :  5.93300e-09
 Reference value :  5.94100e-09
 Reference value :  5.94900e-09
 Reference value :  5.95700e-09
 Reference value :  5.96500e-09
 Reference value :  5.97300e-09
 Reference value :  5.98100e-09
 Reference value :  5.98900e-09
 Reference value :  5.99700e-09
 Reference value :  6.00500e-09
 Reference value :  6.01300e-09
 Reference value :  6.02100e-09
 Reference value :  6.02900e-09
 Reference value :  6.03500e-09
 Reference value :  6.04100e-09
 Reference value :  6.04700e-09
 Reference value :  6.05700e-09
 Reference value :  6.06300e-09
 Reference value :  6.07300e-09
 Reference value :  6.07900e-09
 Reference value :  6.08700e-09
 Reference value :  6.09500e-09
 Reference value :  6.10300e-09
 Reference value :  6.11100e-09
 Reference value :  6.11700e-09
 Reference value :  6.12500e-09
 Reference value :  6.13300e-09
 Reference value :  6.14300e-09
 Reference value :  6.15100e-09
 Reference value :  6.16100e-09
 Reference value :  6.17100e-09
 Reference value :  6.17900e-09
 Reference value :  6.18900e-09
 Reference value :  6.19700e-09
 Reference value :  6.20500e-09
 Reference value :  6.21300e-09
 Reference value :  6.22100e-09
 Reference value :  6.23100e-09
 Reference value :  6.23900e-09
 Reference value :  6.24700e-09
 Reference value :  6.25500e-09
 Reference value :  6.26300e-09
 Reference value :  6.27100e-09
 Reference value :  6.27900e-09
 Reference value :  6.28700e-09
 Reference value :  6.29700e-09
 Reference value :  6.30500e-09
 Reference value :  6.31300e-09
 Reference value :  6.32100e-09
 Reference value :  6.32900e-09
 Reference value :  6.33700e-09
 Reference value :  6.34700e-09
 Reference value :  6.35500e-09
 Reference value :  6.36300e-09
 Reference value :  6.37300e-09
 Reference value :  6.38100e-09
 Reference value :  6.38900e-09
 Reference value :  6.39700e-09
 Reference value :  6.40500e-09
 Reference value :  6.49300e-09
 Reference value :  6.50100e-09
 Reference value :  6.50900e-09
 Reference value :  6.51900e-09
 Reference value :  6.52700e-09
 Reference value :  6.53500e-09
 Reference value :  6.54300e-09
 Reference value :  6.55100e-09
 Reference value :  6.55900e-09
 Reference value :  6.56700e-09
 Reference value :  6.57300e-09
 Reference value :  6.58300e-09
 Reference value :  6.58900e-09
 Reference value :  6.59700e-09
 Reference value :  6.60500e-09
 Reference value :  6.61300e-09
 Reference value :  6.62100e-09
 Reference value :  6.62900e-09
 Reference value :  6.63900e-09
 Reference value :  6.64700e-09
 Reference value :  6.65500e-09
 Reference value :  6.66300e-09
 Reference value :  6.67100e-09
 Reference value :  6.67700e-09
 Reference value :  6.68500e-09
 Reference value :  6.69100e-09
 Reference value :  6.69700e-09
 Reference value :  6.70500e-09
 Reference value :  6.71300e-09
 Reference value :  6.72100e-09
 Reference value :  6.72900e-09
 Reference value :  6.73500e-09
 Reference value :  6.74300e-09
 Reference value :  6.75100e-09
 Reference value :  6.75900e-09
 Reference value :  6.76700e-09
 Reference value :  6.77300e-09
 Reference value :  6.78100e-09
 Reference value :  6.78900e-09
 Reference value :  6.79500e-09
 Reference value :  6.80300e-09
 Reference value :  6.80900e-09
 Reference value :  6.81500e-09
 Reference value :  6.82300e-09
 Reference value :  6.83100e-09
 Reference value :  6.84100e-09
 Reference value :  6.84900e-09
 Reference value :  6.85700e-09
 Reference value :  6.86500e-09
 Reference value :  6.87300e-09
 Reference value :  6.88100e-09
 Reference value :  6.89100e-09
 Reference value :  6.89700e-09
 Reference value :  6.90300e-09
 Reference value :  6.91100e-09
 Reference value :  6.92100e-09
 Reference value :  6.92900e-09
 Reference value :  6.93900e-09
 Reference value :  6.94700e-09
 Reference value :  6.95500e-09
 Reference value :  6.96500e-09
 Reference value :  6.97500e-09
 Reference value :  6.98300e-09
 Reference value :  6.99100e-09
 Reference value :  7.03700e-09
 Reference value :  7.04700e-09
 Reference value :  7.05500e-09
 Reference value :  7.06100e-09
 Reference value :  7.06900e-09
 Reference value :  7.07500e-09
 Reference value :  7.08300e-09
 Reference value :  7.09300e-09
 Reference value :  7.10100e-09
 Reference value :  7.11100e-09
 Reference value :  7.11900e-09
 Reference value :  7.12700e-09
 Reference value :  7.13500e-09
 Reference value :  7.14300e-09
 Reference value :  7.14900e-09
 Reference value :  7.15500e-09
 Reference value :  7.16300e-09
 Reference value :  7.17100e-09
 Reference value :  7.17900e-09
 Reference value :  7.18700e-09
 Reference value :  7.19500e-09
 Reference value :  7.20500e-09
 Reference value :  7.21500e-09
 Reference value :  7.22300e-09
 Reference value :  7.23300e-09
 Reference value :  7.24100e-09
 Reference value :  7.24900e-09
 Reference value :  7.25700e-09
 Reference value :  7.26500e-09
 Reference value :  7.27300e-09
 Reference value :  7.28300e-09
 Reference value :  7.28900e-09
 Reference value :  7.29700e-09
 Reference value :  7.30500e-09
 Reference value :  7.31300e-09
 Reference value :  7.32100e-09
 Reference value :  7.32900e-09
 Reference value :  7.33500e-09
 Reference value :  7.34300e-09
 Reference value :  7.34900e-09
 Reference value :  7.35500e-09
 Reference value :  7.36500e-09
 Reference value :  7.37500e-09
 Reference value :  7.38500e-09
 Reference value :  7.39500e-09
 Reference value :  7.40500e-09
 Reference value :  7.41100e-09
 Reference value :  7.41700e-09
 Reference value :  7.42500e-09
 Reference value :  7.43300e-09
 Reference value :  7.44300e-09
 Reference value :  7.45100e-09
 Reference value :  7.46100e-09
 Reference value :  7.46900e-09
 Reference value :  7.47700e-09
 Reference value :  7.48500e-09
 Reference value :  7.49500e-09
 Reference value :  7.50300e-09
 Reference value :  7.51300e-09
 Reference value :  7.52100e-09
 Reference value :  7.52900e-09
 Reference value :  7.53900e-09
 Reference value :  7.54900e-09
 Reference value :  7.55700e-09
 Reference value :  7.56500e-09
 Reference value :  7.57500e-09
 Reference value :  7.58300e-09
No. of Data Rows : 3814
Note: Simulation executed from .control section 
