
Note: Compatibility modes selected: hs a


Circuit: * comparator-decision offset pick-off -- vindiff=0.0mv corner=tt_mm temp=27.0c seed=6 (issue #9)

option SCALE: Scale is set to 1e-06 for instance and model parameters
option SCALE: Scale is set to 1e-06 for instance and model parameters
option SCALE: Scale is set to 1e-06 for instance and model parameters
option SCALE: Scale is set to 1e-06 for instance and model parameters
Doing analysis at TEMP = 27.000000 and TNOM = 27.000000

Using KLU as Direct Linear Solver
 Reference value :  0.00000e+00
 Reference value :  3.20000e-13
 Reference value :  4.56000e-12
 Reference value :  1.05600e-11
 Reference value :  1.85600e-11
 Reference value :  2.65600e-11
 Reference value :  3.65600e-11
 Reference value :  4.45600e-11
 Reference value :  5.05600e-11
 Reference value :  6.05600e-11
 Reference value :  6.85600e-11
 Reference value :  7.45600e-11
 Reference value :  8.05600e-11
 Reference value :  8.65600e-11
 Reference value :  9.45600e-11
 Reference value :  1.04560e-10
 Reference value :  1.14560e-10
 Reference value :  1.22560e-10
 Reference value :  1.30560e-10
 Reference value :  1.38560e-10
 Reference value :  1.44560e-10
 Reference value :  1.52560e-10
 Reference value :  1.60560e-10
 Reference value :  1.66560e-10
 Reference value :  1.72560e-10
 Reference value :  1.80560e-10
 Reference value :  1.90560e-10
 Reference value :  1.98560e-10
 Reference value :  2.08560e-10
 Reference value :  2.16560e-10
 Reference value :  2.22560e-10
 Reference value :  2.30560e-10
 Reference value :  2.38560e-10
 Reference value :  2.48560e-10
 Reference value :  2.56560e-10
 Reference value :  2.64560e-10
 Reference value :  2.70560e-10
 Reference value :  2.78560e-10
 Reference value :  2.84560e-10
 Reference value :  2.94560e-10
 Reference value :  3.02560e-10
 Reference value :  3.12560e-10
 Reference value :  3.20560e-10
 Reference value :  3.28560e-10
 Reference value :  3.38560e-10
 Reference value :  3.46560e-10
 Reference value :  3.54560e-10
 Reference value :  3.64560e-10
 Reference value :  3.72560e-10
 Reference value :  3.80560e-10
 Reference value :  3.88560e-10
 Reference value :  3.96560e-10
 Reference value :  4.06560e-10
 Reference value :  4.14560e-10
 Reference value :  4.20560e-10
 Reference value :  4.28560e-10
 Reference value :  4.36560e-10
 Reference value :  4.44560e-10
 Reference value :  4.52560e-10
 Reference value :  4.60560e-10
 Reference value :  4.68560e-10
 Reference value :  4.76560e-10
 Reference value :  4.84560e-10
 Reference value :  4.92560e-10
 Reference value :  4.98560e-10
 Reference value :  5.06560e-10
 Reference value :  5.14560e-10
 Reference value :  5.24560e-10
 Reference value :  5.32560e-10
 Reference value :  5.38560e-10
 Reference value :  5.44560e-10
 Reference value :  5.52560e-10
 Reference value :  5.60560e-10
 Reference value :  5.70560e-10
 Reference value :  5.78560e-10
 Reference value :  5.84560e-10
 Reference value :  5.90560e-10
 Reference value :  5.98560e-10
 Reference value :  6.08560e-10
 Reference value :  6.16560e-10
 Reference value :  6.24560e-10
 Reference value :  6.32560e-10
 Reference value :  6.40560e-10
 Reference value :  6.50560e-10
 Reference value :  6.60560e-10
 Reference value :  6.68560e-10
 Reference value :  6.76560e-10
 Reference value :  6.86560e-10
 Reference value :  6.94560e-10
 Reference value :  7.00560e-10
 Reference value :  7.08560e-10
 Reference value :  7.16560e-10
 Reference value :  7.24560e-10
 Reference value :  7.32560e-10
 Reference value :  7.40560e-10
 Reference value :  7.48560e-10
 Reference value :  7.56560e-10
 Reference value :  7.64560e-10
 Reference value :  7.70560e-10
 Reference value :  7.80560e-10
 Reference value :  7.86560e-10
 Reference value :  7.94560e-10
 Reference value :  8.02560e-10
 Reference value :  8.10560e-10
 Reference value :  8.18560e-10
 Reference value :  8.28560e-10
 Reference value :  8.36560e-10
 Reference value :  8.44560e-10
 Reference value :  8.52560e-10
 Reference value :  8.60560e-10
 Reference value :  8.70560e-10
 Reference value :  8.76560e-10
 Reference value :  8.82560e-10
 Reference value :  8.90560e-10
 Reference value :  8.98560e-10
 Reference value :  9.06560e-10
 Reference value :  9.16560e-10
 Reference value :  9.24560e-10
 Reference value :  9.32560e-10
 Reference value :  9.40560e-10
 Reference value :  9.48560e-10
 Reference value :  9.56560e-10
 Reference value :  9.64560e-10
 Reference value :  9.70560e-10
 Reference value :  9.80560e-10
 Reference value :  9.88560e-10
 Reference value :  9.96560e-10
 Reference value :  1.00456e-09
 Reference value :  1.01056e-09
 Reference value :  1.01656e-09
 Reference value :  1.02456e-09
 Reference value :  1.03456e-09
 Reference value :  1.04256e-09
 Reference value :  1.05256e-09
 Reference value :  1.05856e-09
 Reference value :  1.06456e-09
 Reference value :  1.07056e-09
 Reference value :  1.07856e-09
 Reference value :  1.08656e-09
 Reference value :  1.09456e-09
 Reference value :  1.10456e-09
 Reference value :  1.11256e-09
 Reference value :  1.12056e-09
 Reference value :  1.12656e-09
 Reference value :  1.13456e-09
 Reference value :  1.14256e-09
 Reference value :  1.15056e-09
 Reference value :  1.16056e-09
 Reference value :  1.16856e-09
 Reference value :  1.17656e-09
 Reference value :  1.18456e-09
 Reference value :  1.19256e-09
 Reference value :  1.19856e-09
 Reference value :  1.20456e-09
 Reference value :  1.21056e-09
 Reference value :  1.21856e-09
 Reference value :  1.22656e-09
 Reference value :  1.23656e-09
 Reference value :  1.24456e-09
 Reference value :  1.25256e-09
 Reference value :  1.26056e-09
 Reference value :  1.27056e-09
 Reference value :  1.27856e-09
 Reference value :  1.28656e-09
 Reference value :  1.29256e-09
 Reference value :  1.30056e-09
 Reference value :  1.30656e-09
 Reference value :  1.31456e-09
 Reference value :  1.32256e-09
 Reference value :  1.33056e-09
 Reference value :  1.33656e-09
 Reference value :  1.34456e-09
 Reference value :  1.35256e-09
 Reference value :  1.36056e-09
 Reference value :  1.37056e-09
 Reference value :  1.37856e-09
 Reference value :  1.38456e-09
 Reference value :  1.39256e-09
 Reference value :  1.40256e-09
 Reference value :  1.41256e-09
 Reference value :  1.42056e-09
 Reference value :  1.42856e-09
 Reference value :  1.43656e-09
 Reference value :  1.44256e-09
 Reference value :  1.45056e-09
 Reference value :  1.46056e-09
 Reference value :  1.46856e-09
 Reference value :  1.47656e-09
 Reference value :  1.48456e-09
 Reference value :  1.49256e-09
 Reference value :  1.50056e-09
 Reference value :  1.50656e-09
 Reference value :  1.51456e-09
 Reference value :  1.52456e-09
 Reference value :  1.53256e-09
 Reference value :  1.54056e-09
 Reference value :  1.55056e-09
 Reference value :  1.56056e-09
 Reference value :  1.56856e-09
 Reference value :  1.57856e-09
 Reference value :  1.58656e-09
 Reference value :  1.59456e-09
 Reference value :  1.60256e-09
 Reference value :  1.61256e-09
 Reference value :  1.62056e-09
 Reference value :  1.62856e-09
 Reference value :  1.63456e-09
 Reference value :  1.64456e-09
 Reference value :  1.65256e-09
 Reference value :  1.65856e-09
 Reference value :  1.66656e-09
 Reference value :  1.67456e-09
 Reference value :  1.68256e-09
 Reference value :  1.68856e-09
 Reference value :  1.69456e-09
 Reference value :  1.70056e-09
 Reference value :  1.70856e-09
 Reference value :  1.71656e-09
 Reference value :  1.72456e-09
 Reference value :  1.73256e-09
 Reference value :  1.74056e-09
 Reference value :  1.74856e-09
 Reference value :  1.75656e-09
 Reference value :  1.76456e-09
 Reference value :  1.77256e-09
 Reference value :  1.78056e-09
 Reference value :  1.78856e-09
 Reference value :  1.79856e-09
 Reference value :  1.80656e-09
 Reference value :  1.81456e-09
 Reference value :  1.82256e-09
 Reference value :  1.82856e-09
 Reference value :  1.83656e-09
 Reference value :  1.84656e-09
 Reference value :  1.85456e-09
 Reference value :  1.86256e-09
 Reference value :  1.86856e-09
 Reference value :  1.87456e-09
 Reference value :  1.88256e-09
 Reference value :  1.89056e-09
 Reference value :  1.89856e-09
 Reference value :  1.90656e-09
 Reference value :  1.91456e-09
 Reference value :  1.92256e-09
 Reference value :  1.93056e-09
 Reference value :  1.93856e-09
 Reference value :  1.94656e-09
 Reference value :  1.95256e-09
 Reference value :  1.96056e-09
 Reference value :  1.96656e-09
 Reference value :  1.97656e-09
 Reference value :  1.98656e-09
 Reference value :  1.99656e-09
 Reference value :  2.00656e-09
 Reference value :  2.01456e-09
 Reference value :  2.02056e-09
 Reference value :  2.02856e-09
 Reference value :  2.03656e-09
 Reference value :  2.04656e-09
 Reference value :  2.05456e-09
 Reference value :  2.06256e-09
 Reference value :  2.07056e-09
 Reference value :  2.07656e-09
 Reference value :  2.08656e-09
 Reference value :  2.09456e-09
 Reference value :  2.10456e-09
 Reference value :  2.11056e-09
 Reference value :  2.11856e-09
 Reference value :  2.12656e-09
 Reference value :  2.13656e-09
 Reference value :  2.14256e-09
 Reference value :  2.14856e-09
 Reference value :  2.15456e-09
 Reference value :  2.16256e-09
 Reference value :  2.17056e-09
 Reference value :  2.18056e-09
 Reference value :  2.18656e-09
 Reference value :  2.19456e-09
 Reference value :  2.20256e-09
 Reference value :  2.21056e-09
 Reference value :  2.21856e-09
 Reference value :  2.22656e-09
 Reference value :  2.23656e-09
 Reference value :  2.24456e-09
 Reference value :  2.25256e-09
 Reference value :  2.26056e-09
 Reference value :  2.26856e-09
 Reference value :  2.27856e-09
 Reference value :  2.28456e-09
 Reference value :  2.29456e-09
 Reference value :  2.30256e-09
 Reference value :  2.31056e-09
 Reference value :  2.31856e-09
 Reference value :  2.32656e-09
 Reference value :  2.33456e-09
 Reference value :  2.34456e-09
 Reference value :  2.35456e-09
 Reference value :  2.36256e-09
 Reference value :  2.37056e-09
 Reference value :  2.37856e-09
 Reference value :  2.38656e-09
 Reference value :  2.39656e-09
 Reference value :  2.40656e-09
 Reference value :  2.41456e-09
 Reference value :  2.42256e-09
 Reference value :  2.43056e-09
 Reference value :  2.43856e-09
 Reference value :  2.44656e-09
 Reference value :  2.45656e-09
 Reference value :  2.46456e-09
 Reference value :  2.47256e-09
 Reference value :  2.47856e-09
 Reference value :  2.48456e-09
 Reference value :  2.49456e-09
 Reference value :  2.50456e-09
 Reference value :  2.51256e-09
 Reference value :  2.52056e-09
 Reference value :  2.52856e-09
 Reference value :  2.53656e-09
 Reference value :  2.54456e-09
 Reference value :  2.55456e-09
 Reference value :  2.56456e-09
 Reference value :  2.57256e-09
 Reference value :  2.57856e-09
 Reference value :  2.58856e-09
 Reference value :  2.59656e-09
 Reference value :  2.60456e-09
 Reference value :  2.61256e-09
 Reference value :  2.62056e-09
 Reference value :  2.62856e-09
 Reference value :  2.63856e-09
 Reference value :  2.64856e-09
 Reference value :  2.65656e-09
 Reference value :  2.66656e-09
 Reference value :  2.67656e-09
 Reference value :  2.68456e-09
 Reference value :  2.69256e-09
 Reference value :  2.69856e-09
 Reference value :  2.70656e-09
 Reference value :  2.71456e-09
 Reference value :  2.72256e-09
 Reference value :  2.73056e-09
 Reference value :  2.73856e-09
 Reference value :  2.74656e-09
 Reference value :  2.75656e-09
 Reference value :  2.76256e-09
 Reference value :  2.77256e-09
 Reference value :  2.78256e-09
 Reference value :  2.79056e-09
 Reference value :  2.79656e-09
 Reference value :  2.80256e-09
 Reference value :  2.81256e-09
 Reference value :  2.81856e-09
 Reference value :  2.82856e-09
 Reference value :  2.83856e-09
 Reference value :  2.84656e-09
 Reference value :  2.85456e-09
 Reference value :  2.86256e-09
 Reference value :  2.87056e-09
 Reference value :  2.88056e-09
 Reference value :  2.89056e-09
 Reference value :  2.89856e-09
 Reference value :  2.90656e-09
 Reference value :  2.91456e-09
 Reference value :  2.92456e-09
 Reference value :  2.93256e-09
 Reference value :  2.94056e-09
 Reference value :  2.94856e-09
 Reference value :  2.95456e-09
 Reference value :  2.96256e-09
 Reference value :  2.96856e-09
 Reference value :  2.97456e-09
 Reference value :  2.98056e-09
 Reference value :  2.98856e-09
 Reference value :  2.99456e-09
 Reference value :  3.00256e-09
 Reference value :  3.01256e-09
 Reference value :  3.02256e-09
 Reference value :  3.03056e-09
 Reference value :  3.03656e-09
 Reference value :  3.04456e-09
 Reference value :  3.05056e-09
 Reference value :  3.05656e-09
 Reference value :  3.06456e-09
 Reference value :  3.07256e-09
 Reference value :  3.08056e-09
 Reference value :  3.08656e-09
 Reference value :  3.09456e-09
 Reference value :  3.10056e-09
 Reference value :  3.10856e-09
 Reference value :  3.11656e-09
 Reference value :  3.12456e-09
 Reference value :  3.13056e-09
 Reference value :  3.13856e-09
 Reference value :  3.14656e-09
 Reference value :  3.15256e-09
 Reference value :  3.15856e-09
 Reference value :  3.16656e-09
 Reference value :  3.17656e-09
 Reference value :  3.18456e-09
 Reference value :  3.19256e-09
 Reference value :  3.22656e-09
 Reference value :  3.23456e-09
 Reference value :  3.24456e-09
 Reference value :  3.25256e-09
 Reference value :  3.26256e-09
 Reference value :  3.27056e-09
 Reference value :  3.27856e-09
 Reference value :  3.28856e-09
 Reference value :  3.29656e-09
 Reference value :  3.30456e-09
 Reference value :  3.31456e-09
 Reference value :  3.32256e-09
 Reference value :  3.33056e-09
 Reference value :  3.33656e-09
 Reference value :  3.34456e-09
 Reference value :  3.35456e-09
 Reference value :  3.36456e-09
 Reference value :  3.37256e-09
 Reference value :  3.38056e-09
 Reference value :  3.38856e-09
 Reference value :  3.39656e-09
 Reference value :  3.40456e-09
 Reference value :  3.41256e-09
 Reference value :  3.41856e-09
 Reference value :  3.42656e-09
 Reference value :  3.43456e-09
 Reference value :  3.44256e-09
 Reference value :  3.45056e-09
 Reference value :  3.45856e-09
 Reference value :  3.46456e-09
 Reference value :  3.47256e-09
 Reference value :  3.56256e-09
 Reference value :  3.57056e-09
 Reference value :  3.57856e-09
 Reference value :  3.58856e-09
 Reference value :  3.59656e-09
 Reference value :  3.60456e-09
 Reference value :  3.61256e-09
 Reference value :  3.62056e-09
 Reference value :  3.62856e-09
 Reference value :  3.63656e-09
 Reference value :  3.64256e-09
 Reference value :  3.64856e-09
 Reference value :  3.65656e-09
 Reference value :  3.66456e-09
 Reference value :  3.67256e-09
 Reference value :  3.68056e-09
 Reference value :  3.68856e-09
 Reference value :  3.69656e-09
 Reference value :  3.70456e-09
 Reference value :  3.71056e-09
 Reference value :  3.71856e-09
 Reference value :  3.72456e-09
 Reference value :  3.73256e-09
 Reference value :  3.74056e-09
 Reference value :  3.74856e-09
 Reference value :  3.75656e-09
 Reference value :  3.76256e-09
 Reference value :  3.77256e-09
 Reference value :  3.78056e-09
 Reference value :  3.78856e-09
 Reference value :  3.79456e-09
 Reference value :  3.80456e-09
 Reference value :  3.81256e-09
 Reference value :  3.82056e-09
 Reference value :  3.83056e-09
 Reference value :  3.83656e-09
 Reference value :  3.84456e-09
 Reference value :  3.85256e-09
 Reference value :  3.86056e-09
 Reference value :  3.87056e-09
 Reference value :  3.87856e-09
 Reference value :  3.88456e-09
 Reference value :  3.89256e-09
 Reference value :  3.90056e-09
 Reference value :  3.91056e-09
 Reference value :  3.91856e-09
 Reference value :  3.92856e-09
 Reference value :  3.93656e-09
 Reference value :  3.94456e-09
 Reference value :  3.95256e-09
 Reference value :  3.96056e-09
 Reference value :  3.96856e-09
 Reference value :  3.97656e-09
 Reference value :  3.98656e-09
 Reference value :  3.99456e-09
 Reference value :  4.00056e-09
 Reference value :  4.00656e-09
 Reference value :  4.01656e-09
 Reference value :  4.02256e-09
 Reference value :  4.02856e-09
 Reference value :  4.03456e-09
 Reference value :  4.04456e-09
 Reference value :  4.05256e-09
 Reference value :  4.05856e-09
 Reference value :  4.06456e-09
 Reference value :  4.07456e-09
 Reference value :  4.08256e-09
 Reference value :  4.09056e-09
 Reference value :  4.09856e-09
 Reference value :  4.10656e-09
 Reference value :  4.11256e-09
 Reference value :  4.11856e-09
 Reference value :  4.12456e-09
 Reference value :  4.13256e-09
 Reference value :  4.14256e-09
 Reference value :  4.15056e-09
 Reference value :  4.15656e-09
 Reference value :  4.16456e-09
 Reference value :  4.17256e-09
 Reference value :  4.18056e-09
 Reference value :  4.18856e-09
 Reference value :  4.19656e-09
 Reference value :  4.20456e-09
 Reference value :  4.21256e-09
 Reference value :  4.22056e-09
 Reference value :  4.22856e-09
 Reference value :  4.23856e-09
 Reference value :  4.24856e-09
 Reference value :  4.25656e-09
 Reference value :  4.26456e-09
 Reference value :  4.27256e-09
 Reference value :  4.28056e-09
 Reference value :  4.28856e-09
 Reference value :  4.29656e-09
 Reference value :  4.30256e-09
 Reference value :  4.31056e-09
 Reference value :  4.32056e-09
 Reference value :  4.32856e-09
 Reference value :  4.33856e-09
 Reference value :  4.34656e-09
 Reference value :  4.35256e-09
 Reference value :  4.35856e-09
 Reference value :  4.36856e-09
 Reference value :  4.37656e-09
 Reference value :  4.38456e-09
 Reference value :  4.39256e-09
 Reference value :  4.40056e-09
 Reference value :  4.40856e-09
 Reference value :  4.41856e-09
 Reference value :  4.42656e-09
 Reference value :  4.43456e-09
 Reference value :  4.44056e-09
 Reference value :  4.44856e-09
 Reference value :  4.45856e-09
 Reference value :  4.46856e-09
 Reference value :  4.47656e-09
 Reference value :  4.48256e-09
 Reference value :  4.48856e-09
 Reference value :  4.49656e-09
 Reference value :  4.50456e-09
 Reference value :  4.51256e-09
 Reference value :  4.52256e-09
 Reference value :  4.53056e-09
 Reference value :  4.54056e-09
 Reference value :  4.54656e-09
 Reference value :  4.55656e-09
 Reference value :  4.56456e-09
 Reference value :  4.57256e-09
 Reference value :  4.58056e-09
 Reference value :  4.58656e-09
 Reference value :  4.59256e-09
 Reference value :  4.59856e-09
 Reference value :  4.60656e-09
 Reference value :  4.61456e-09
 Reference value :  4.62256e-09
 Reference value :  4.63056e-09
 Reference value :  4.63856e-09
 Reference value :  4.64656e-09
 Reference value :  4.65456e-09
 Reference value :  4.66256e-09
 Reference value :  4.67056e-09
 Reference value :  4.67856e-09
 Reference value :  4.68656e-09
 Reference value :  4.69456e-09
 Reference value :  4.70256e-09
 Reference value :  4.71056e-09
 Reference value :  4.71656e-09
 Reference value :  4.72456e-09
 Reference value :  4.73256e-09
 Reference value :  4.74056e-09
 Reference value :  4.75056e-09
 Reference value :  4.75856e-09
 Reference value :  4.76456e-09
 Reference value :  4.77056e-09
 Reference value :  4.77656e-09
 Reference value :  4.78456e-09
 Reference value :  4.79456e-09
 Reference value :  4.80256e-09
 Reference value :  4.81256e-09
 Reference value :  4.82256e-09
 Reference value :  4.83056e-09
 Reference value :  4.84056e-09
 Reference value :  4.84856e-09
 Reference value :  4.85656e-09
 Reference value :  4.86456e-09
 Reference value :  4.87456e-09
 Reference value :  4.88256e-09
 Reference value :  4.89256e-09
 Reference value :  4.90056e-09
 Reference value :  4.90656e-09
 Reference value :  4.91456e-09
 Reference value :  4.92256e-09
 Reference value :  4.93256e-09
 Reference value :  4.94056e-09
 Reference value :  4.94856e-09
 Reference value :  4.95656e-09
 Reference value :  4.96456e-09
 Reference value :  4.97056e-09
 Reference value :  4.97856e-09
 Reference value :  4.98456e-09
 Reference value :  4.99256e-09
 Reference value :  5.00000e-09
 Reference value :  5.00300e-09
 Reference value :  5.00900e-09
 Reference value :  5.01500e-09
 Reference value :  5.02100e-09
 Reference value :  5.02900e-09
 Reference value :  5.03500e-09
 Reference value :  5.04100e-09
 Reference value :  5.04900e-09
 Reference value :  5.05700e-09
 Reference value :  5.06500e-09
 Reference value :  5.07300e-09
 Reference value :  5.08100e-09
 Reference value :  5.08900e-09
 Reference value :  5.09700e-09
 Reference value :  5.10060e-09
 Reference value :  5.10900e-09
 Reference value :  5.11900e-09
 Reference value :  5.12700e-09
 Reference value :  5.13500e-09
 Reference value :  5.14300e-09
 Reference value :  5.15100e-09
 Reference value :  5.15900e-09
 Reference value :  5.16900e-09
 Reference value :  5.17700e-09
 Reference value :  5.18500e-09
 Reference value :  5.19300e-09
 Reference value :  5.19900e-09
 Reference value :  5.20700e-09
 Reference value :  5.21500e-09
 Reference value :  5.22300e-09
 Reference value :  5.23100e-09
 Reference value :  5.23700e-09
 Reference value :  5.24500e-09
 Reference value :  5.25500e-09
 Reference value :  5.26300e-09
 Reference value :  5.27100e-09
 Reference value :  5.37500e-09
 Reference value :  5.38500e-09
 Reference value :  5.39300e-09
 Reference value :  5.40100e-09
 Reference value :  5.40900e-09
 Reference value :  5.41700e-09
 Reference value :  5.42300e-09
 Reference value :  5.43100e-09
 Reference value :  5.43900e-09
 Reference value :  5.44700e-09
 Reference value :  5.45500e-09
 Reference value :  5.46100e-09
 Reference value :  5.46700e-09
 Reference value :  5.47300e-09
 Reference value :  5.47900e-09
 Reference value :  5.48700e-09
 Reference value :  5.49300e-09
 Reference value :  5.50100e-09
 Reference value :  5.54900e-09
 Reference value :  5.55900e-09
 Reference value :  5.56700e-09
 Reference value :  5.57500e-09
 Reference value :  5.58700e-09
 Reference value :  5.59700e-09
 Reference value :  5.60500e-09
 Reference value :  5.61500e-09
 Reference value :  5.62300e-09
 Reference value :  5.63100e-09
 Reference value :  5.63900e-09
 Reference value :  5.64900e-09
 Reference value :  5.65700e-09
 Reference value :  5.66500e-09
 Reference value :  5.67300e-09
 Reference value :  5.68300e-09
 Reference value :  5.69100e-09
 Reference value :  5.69900e-09
 Reference value :  5.70900e-09
 Reference value :  5.71900e-09
 Reference value :  5.72900e-09
 Reference value :  5.73700e-09
 Reference value :  5.74500e-09
 Reference value :  5.75500e-09
 Reference value :  5.76500e-09
 Reference value :  5.77500e-09
 Reference value :  5.78300e-09
 Reference value :  5.79100e-09
 Reference value :  5.79700e-09
 Reference value :  5.80500e-09
 Reference value :  5.81300e-09
 Reference value :  5.81900e-09
 Reference value :  5.82500e-09
 Reference value :  5.83100e-09
 Reference value :  5.84100e-09
 Reference value :  5.84900e-09
 Reference value :  5.85500e-09
 Reference value :  5.86300e-09
 Reference value :  5.87100e-09
 Reference value :  5.95900e-09
 Reference value :  5.96700e-09
 Reference value :  5.97300e-09
 Reference value :  5.98100e-09
 Reference value :  5.98700e-09
 Reference value :  5.99500e-09
 Reference value :  6.00100e-09
 Reference value :  6.07700e-09
 Reference value :  6.08700e-09
 Reference value :  6.09500e-09
 Reference value :  6.10500e-09
 Reference value :  6.15500e-09
 Reference value :  6.16300e-09
 Reference value :  6.17100e-09
 Reference value :  6.17900e-09
 Reference value :  6.18900e-09
 Reference value :  6.19700e-09
 Reference value :  6.20500e-09
 Reference value :  6.21100e-09
 Reference value :  6.21700e-09
 Reference value :  6.22500e-09
 Reference value :  6.23300e-09
 Reference value :  6.24100e-09
 Reference value :  6.24900e-09
 Reference value :  6.25700e-09
 Reference value :  6.26300e-09
 Reference value :  6.26900e-09
 Reference value :  6.27900e-09
 Reference value :  6.28700e-09
 Reference value :  6.29500e-09
 Reference value :  6.30300e-09
 Reference value :  6.31100e-09
 Reference value :  6.31900e-09
 Reference value :  6.32500e-09
 Reference value :  6.33100e-09
 Reference value :  6.33900e-09
 Reference value :  6.34700e-09
 Reference value :  6.35500e-09
 Reference value :  6.36300e-09
 Reference value :  6.37300e-09
 Reference value :  6.38300e-09
 Reference value :  6.39300e-09
 Reference value :  6.40100e-09
 Reference value :  6.40900e-09
 Reference value :  6.41500e-09
 Reference value :  6.42300e-09
 Reference value :  6.43100e-09
 Reference value :  6.43900e-09
 Reference value :  6.44700e-09
 Reference value :  6.45500e-09
 Reference value :  6.46100e-09
 Reference value :  6.46700e-09
 Reference value :  6.47500e-09
 Reference value :  6.48300e-09
 Reference value :  6.48900e-09
 Reference value :  6.49500e-09
 Reference value :  6.50300e-09
 Reference value :  6.51100e-09
 Reference value :  6.51700e-09
 Reference value :  6.52500e-09
 Reference value :  6.53500e-09
 Reference value :  6.54300e-09
 Reference value :  6.55100e-09
 Reference value :  6.55900e-09
 Reference value :  6.56700e-09
 Reference value :  6.57300e-09
 Reference value :  6.58100e-09
 Reference value :  6.58900e-09
 Reference value :  6.59900e-09
 Reference value :  6.60900e-09
 Reference value :  6.61700e-09
 Reference value :  6.62700e-09
 Reference value :  6.63500e-09
 Reference value :  6.64500e-09
 Reference value :  6.65300e-09
 Reference value :  6.66300e-09
 Reference value :  6.66900e-09
 Reference value :  6.67700e-09
 Reference value :  6.68700e-09
 Reference value :  6.69500e-09
 Reference value :  6.70300e-09
 Reference value :  6.71100e-09
 Reference value :  6.71900e-09
 Reference value :  6.72900e-09
 Reference value :  6.73700e-09
 Reference value :  6.74700e-09
 Reference value :  6.75500e-09
 Reference value :  6.76500e-09
 Reference value :  6.77500e-09
 Reference value :  6.78300e-09
 Reference value :  6.79100e-09
 Reference value :  6.79900e-09
 Reference value :  6.80900e-09
 Reference value :  6.81700e-09
 Reference value :  6.82500e-09
 Reference value :  6.83300e-09
 Reference value :  6.84100e-09
 Reference value :  6.84900e-09
 Reference value :  6.85500e-09
 Reference value :  6.86500e-09
 Reference value :  6.87500e-09
 Reference value :  6.88500e-09
 Reference value :  6.89500e-09
 Reference value :  6.90300e-09
 Reference value :  6.91100e-09
 Reference value :  6.91900e-09
 Reference value :  6.92900e-09
 Reference value :  6.93900e-09
 Reference value :  6.94700e-09
 Reference value :  6.95500e-09
 Reference value :  6.96300e-09
 Reference value :  6.97100e-09
 Reference value :  6.97900e-09
 Reference value :  6.98700e-09
 Reference value :  6.99300e-09
 Reference value :  7.00100e-09
 Reference value :  7.00900e-09
 Reference value :  7.01500e-09
 Reference value :  7.02300e-09
 Reference value :  7.03100e-09
 Reference value :  7.04100e-09
 Reference value :  7.04900e-09
 Reference value :  7.05500e-09
 Reference value :  7.06300e-09
 Reference value :  7.06900e-09
 Reference value :  7.07700e-09
 Reference value :  7.08500e-09
 Reference value :  7.09300e-09
 Reference value :  7.10100e-09
 Reference value :  7.10700e-09
 Reference value :  7.11500e-09
 Reference value :  7.12300e-09
 Reference value :  7.13100e-09
 Reference value :  7.13900e-09
 Reference value :  7.14500e-09
 Reference value :  7.15100e-09
 Reference value :  7.15900e-09
 Reference value :  7.16700e-09
 Reference value :  7.17500e-09
 Reference value :  7.18300e-09
 Reference value :  7.19100e-09
 Reference value :  7.19700e-09
 Reference value :  7.20700e-09
 Reference value :  7.21500e-09
 Reference value :  7.22100e-09
 Reference value :  7.22700e-09
 Reference value :  7.23500e-09
 Reference value :  7.24100e-09
 Reference value :  7.24900e-09
 Reference value :  7.25500e-09
 Reference value :  7.26300e-09
No. of Data Rows : 3814
Note: Simulation executed from .control section 
