
Note: Compatibility modes selected: hs a


Circuit: * comparator-decision offset pick-off -- vindiff=0.0mv corner=tt_mm temp=27.0c seed=5 (issue #9)

option SCALE: Scale is set to 1e-06 for instance and model parameters
option SCALE: Scale is set to 1e-06 for instance and model parameters
option SCALE: Scale is set to 1e-06 for instance and model parameters
option SCALE: Scale is set to 1e-06 for instance and model parameters
Doing analysis at TEMP = 27.000000 and TNOM = 27.000000

Using KLU as Direct Linear Solver
 Reference value :  0.00000e+00
 Reference value :  1.60000e-13
 Reference value :  2.56000e-12
 Reference value :  1.05600e-11
 Reference value :  1.85600e-11
 Reference value :  2.65600e-11
 Reference value :  3.45600e-11
 Reference value :  4.05600e-11
 Reference value :  4.85600e-11
 Reference value :  5.65600e-11
 Reference value :  6.25600e-11
 Reference value :  7.05600e-11
 Reference value :  7.65600e-11
 Reference value :  8.25600e-11
 Reference value :  9.05600e-11
 Reference value :  9.85600e-11
 Reference value :  1.06560e-10
 Reference value :  1.14560e-10
 Reference value :  1.20560e-10
 Reference value :  1.28560e-10
 Reference value :  1.36560e-10
 Reference value :  1.44560e-10
 Reference value :  1.50560e-10
 Reference value :  1.58560e-10
 Reference value :  1.66560e-10
 Reference value :  1.74560e-10
 Reference value :  1.82560e-10
 Reference value :  1.90560e-10
 Reference value :  1.98560e-10
 Reference value :  2.06560e-10
 Reference value :  2.12560e-10
 Reference value :  2.20560e-10
 Reference value :  2.28560e-10
 Reference value :  2.36560e-10
 Reference value :  2.44560e-10
 Reference value :  2.52560e-10
 Reference value :  2.58560e-10
 Reference value :  2.66560e-10
 Reference value :  2.72560e-10
 Reference value :  2.82560e-10
 Reference value :  2.90560e-10
 Reference value :  3.00560e-10
 Reference value :  3.08560e-10
 Reference value :  3.16560e-10
 Reference value :  3.22560e-10
 Reference value :  3.32560e-10
 Reference value :  3.38560e-10
 Reference value :  3.46560e-10
 Reference value :  3.54560e-10
 Reference value :  3.64560e-10
 Reference value :  3.72560e-10
 Reference value :  3.80560e-10
 Reference value :  3.88560e-10
 Reference value :  3.96560e-10
 Reference value :  4.04560e-10
 Reference value :  4.12560e-10
 Reference value :  4.22560e-10
 Reference value :  4.32560e-10
 Reference value :  4.40560e-10
 Reference value :  4.48560e-10
 Reference value :  4.62560e-10
 Reference value :  4.72560e-10
 Reference value :  4.80560e-10
 Reference value :  4.88560e-10
 Reference value :  4.98560e-10
 Reference value :  5.06560e-10
 Reference value :  5.14560e-10
 Reference value :  5.20560e-10
 Reference value :  5.26560e-10
 Reference value :  5.34560e-10
 Reference value :  5.42560e-10
 Reference value :  5.50560e-10
 Reference value :  5.58560e-10
 Reference value :  5.68560e-10
 Reference value :  5.76560e-10
 Reference value :  5.84560e-10
 Reference value :  5.92560e-10
 Reference value :  6.00560e-10
 Reference value :  6.06560e-10
 Reference value :  6.14560e-10
 Reference value :  6.22560e-10
 Reference value :  6.28560e-10
 Reference value :  6.36560e-10
 Reference value :  6.44560e-10
 Reference value :  6.52560e-10
 Reference value :  6.62560e-10
 Reference value :  6.70560e-10
 Reference value :  6.80560e-10
 Reference value :  6.90560e-10
 Reference value :  7.00560e-10
 Reference value :  7.08560e-10
 Reference value :  7.18560e-10
 Reference value :  7.26560e-10
 Reference value :  7.34560e-10
 Reference value :  7.42560e-10
 Reference value :  7.50560e-10
 Reference value :  7.58560e-10
 Reference value :  7.66560e-10
 Reference value :  7.76560e-10
 Reference value :  7.86560e-10
 Reference value :  7.94560e-10
 Reference value :  8.02560e-10
 Reference value :  8.10560e-10
 Reference value :  8.18560e-10
 Reference value :  8.26560e-10
 Reference value :  8.36560e-10
 Reference value :  8.42560e-10
 Reference value :  8.50560e-10
 Reference value :  8.60560e-10
 Reference value :  8.68560e-10
 Reference value :  8.76560e-10
 Reference value :  8.84560e-10
 Reference value :  8.92560e-10
 Reference value :  9.00560e-10
 Reference value :  9.08560e-10
 Reference value :  9.14560e-10
 Reference value :  9.22560e-10
 Reference value :  9.30560e-10
 Reference value :  9.40560e-10
 Reference value :  9.50560e-10
 Reference value :  9.58560e-10
 Reference value :  9.66560e-10
 Reference value :  9.72560e-10
 Reference value :  9.80560e-10
 Reference value :  9.88560e-10
 Reference value :  9.96560e-10
 Reference value :  1.00656e-09
 Reference value :  1.01656e-09
 Reference value :  1.02256e-09
 Reference value :  1.02856e-09
 Reference value :  1.03656e-09
 Reference value :  1.04456e-09
 Reference value :  1.05256e-09
 Reference value :  1.06056e-09
 Reference value :  1.06856e-09
 Reference value :  1.07656e-09
 Reference value :  1.08456e-09
 Reference value :  1.09256e-09
 Reference value :  1.09856e-09
 Reference value :  1.10656e-09
 Reference value :  1.11456e-09
 Reference value :  1.12256e-09
 Reference value :  1.13056e-09
 Reference value :  1.13656e-09
 Reference value :  1.14656e-09
 Reference value :  1.15456e-09
 Reference value :  1.16056e-09
 Reference value :  1.16856e-09
 Reference value :  1.17656e-09
 Reference value :  1.18656e-09
 Reference value :  1.19656e-09
 Reference value :  1.20656e-09
 Reference value :  1.21656e-09
 Reference value :  1.22456e-09
 Reference value :  1.23056e-09
 Reference value :  1.23856e-09
 Reference value :  1.24456e-09
 Reference value :  1.25056e-09
 Reference value :  1.26056e-09
 Reference value :  1.26856e-09
 Reference value :  1.27656e-09
 Reference value :  1.28456e-09
 Reference value :  1.29256e-09
 Reference value :  1.30056e-09
 Reference value :  1.31056e-09
 Reference value :  1.31856e-09
 Reference value :  1.32656e-09
 Reference value :  1.33456e-09
 Reference value :  1.34256e-09
 Reference value :  1.35056e-09
 Reference value :  1.35856e-09
 Reference value :  1.36856e-09
 Reference value :  1.37656e-09
 Reference value :  1.38256e-09
 Reference value :  1.39056e-09
 Reference value :  1.39856e-09
 Reference value :  1.40656e-09
 Reference value :  1.41256e-09
 Reference value :  1.42056e-09
 Reference value :  1.42656e-09
 Reference value :  1.43456e-09
 Reference value :  1.44056e-09
 Reference value :  1.44656e-09
 Reference value :  1.45256e-09
 Reference value :  1.46056e-09
 Reference value :  1.46856e-09
 Reference value :  1.47656e-09
 Reference value :  1.48656e-09
 Reference value :  1.49256e-09
 Reference value :  1.49856e-09
 Reference value :  1.51056e-09
 Reference value :  1.51856e-09
 Reference value :  1.52656e-09
 Reference value :  1.53656e-09
 Reference value :  1.54656e-09
 Reference value :  1.55456e-09
 Reference value :  1.56256e-09
 Reference value :  1.57056e-09
 Reference value :  1.57856e-09
 Reference value :  1.58656e-09
 Reference value :  1.59456e-09
 Reference value :  1.60256e-09
 Reference value :  1.61056e-09
 Reference value :  1.61856e-09
 Reference value :  1.62656e-09
 Reference value :  1.63456e-09
 Reference value :  1.64256e-09
 Reference value :  1.65256e-09
 Reference value :  1.66056e-09
 Reference value :  1.67056e-09
 Reference value :  1.67656e-09
 Reference value :  1.68456e-09
 Reference value :  1.69256e-09
 Reference value :  1.70056e-09
 Reference value :  1.70856e-09
 Reference value :  1.71456e-09
 Reference value :  1.72056e-09
 Reference value :  1.72856e-09
 Reference value :  1.73856e-09
 Reference value :  1.74856e-09
 Reference value :  1.75856e-09
 Reference value :  1.76656e-09
 Reference value :  1.77456e-09
 Reference value :  1.78256e-09
 Reference value :  1.78856e-09
 Reference value :  1.79656e-09
 Reference value :  1.80456e-09
 Reference value :  1.81456e-09
 Reference value :  1.82056e-09
 Reference value :  1.82856e-09
 Reference value :  1.83856e-09
 Reference value :  1.84456e-09
 Reference value :  1.85256e-09
 Reference value :  1.86256e-09
 Reference value :  1.87056e-09
 Reference value :  1.88056e-09
 Reference value :  1.88856e-09
 Reference value :  1.89456e-09
 Reference value :  1.90256e-09
 Reference value :  1.91056e-09
 Reference value :  1.91656e-09
 Reference value :  1.92256e-09
 Reference value :  2.02056e-09
 Reference value :  2.02856e-09
 Reference value :  2.03456e-09
 Reference value :  2.04456e-09
 Reference value :  2.05456e-09
 Reference value :  2.06256e-09
 Reference value :  2.07056e-09
 Reference value :  2.07856e-09
 Reference value :  2.08656e-09
 Reference value :  2.09456e-09
 Reference value :  2.10256e-09
 Reference value :  2.11056e-09
 Reference value :  2.11856e-09
 Reference value :  2.12656e-09
 Reference value :  2.13456e-09
 Reference value :  2.14056e-09
 Reference value :  2.14656e-09
 Reference value :  2.15256e-09
 Reference value :  2.16256e-09
 Reference value :  2.17056e-09
 Reference value :  2.17856e-09
 Reference value :  2.18656e-09
 Reference value :  2.19456e-09
 Reference value :  2.20256e-09
 Reference value :  2.20856e-09
 Reference value :  2.21656e-09
 Reference value :  2.22456e-09
 Reference value :  2.23256e-09
 Reference value :  2.24056e-09
 Reference value :  2.24856e-09
 Reference value :  2.25656e-09
 Reference value :  2.26456e-09
 Reference value :  2.27256e-09
 Reference value :  2.27856e-09
 Reference value :  2.28656e-09
 Reference value :  2.29656e-09
 Reference value :  2.30656e-09
 Reference value :  2.31656e-09
 Reference value :  2.32456e-09
 Reference value :  2.33256e-09
 Reference value :  2.34056e-09
 Reference value :  2.34856e-09
 Reference value :  2.35656e-09
 Reference value :  2.36456e-09
 Reference value :  2.37056e-09
 Reference value :  2.38056e-09
 Reference value :  2.38856e-09
 Reference value :  2.39656e-09
 Reference value :  2.40456e-09
 Reference value :  2.41256e-09
 Reference value :  2.42056e-09
 Reference value :  2.42856e-09
 Reference value :  2.43456e-09
 Reference value :  2.44056e-09
 Reference value :  2.44856e-09
 Reference value :  2.45856e-09
 Reference value :  2.46656e-09
 Reference value :  2.47456e-09
 Reference value :  2.48256e-09
 Reference value :  2.49056e-09
 Reference value :  2.49856e-09
 Reference value :  2.50656e-09
 Reference value :  2.51456e-09
 Reference value :  2.52056e-09
 Reference value :  2.52856e-09
 Reference value :  2.53656e-09
 Reference value :  2.54256e-09
 Reference value :  2.55056e-09
 Reference value :  2.55856e-09
 Reference value :  2.56656e-09
 Reference value :  2.57656e-09
 Reference value :  2.58456e-09
 Reference value :  2.59256e-09
 Reference value :  2.60056e-09
 Reference value :  2.60856e-09
 Reference value :  2.61656e-09
 Reference value :  2.62456e-09
 Reference value :  2.63456e-09
 Reference value :  2.64256e-09
 Reference value :  2.65056e-09
 Reference value :  2.65856e-09
 Reference value :  2.66656e-09
 Reference value :  2.67456e-09
 Reference value :  2.68256e-09
 Reference value :  2.69256e-09
 Reference value :  2.70256e-09
 Reference value :  2.71056e-09
 Reference value :  2.71856e-09
 Reference value :  2.72656e-09
 Reference value :  2.73456e-09
 Reference value :  2.74256e-09
 Reference value :  2.75056e-09
 Reference value :  2.75856e-09
 Reference value :  2.76456e-09
 Reference value :  2.77456e-09
 Reference value :  2.78056e-09
 Reference value :  2.78656e-09
 Reference value :  2.79456e-09
 Reference value :  2.80256e-09
 Reference value :  2.84856e-09
 Reference value :  2.85856e-09
 Reference value :  2.86656e-09
 Reference value :  2.87456e-09
 Reference value :  2.88256e-09
 Reference value :  2.89056e-09
 Reference value :  2.89656e-09
 Reference value :  2.90456e-09
 Reference value :  2.91456e-09
 Reference value :  2.92256e-09
 Reference value :  2.93256e-09
 Reference value :  2.94056e-09
 Reference value :  2.94856e-09
 Reference value :  2.95656e-09
 Reference value :  2.96656e-09
 Reference value :  2.97656e-09
 Reference value :  2.98456e-09
 Reference value :  2.99256e-09
 Reference value :  3.00256e-09
 Reference value :  3.01056e-09
 Reference value :  3.02056e-09
 Reference value :  3.03056e-09
 Reference value :  3.04056e-09
 Reference value :  3.04856e-09
 Reference value :  3.05656e-09
 Reference value :  3.06456e-09
 Reference value :  3.07256e-09
 Reference value :  3.10056e-09
 Reference value :  3.16256e-09
 Reference value :  3.17256e-09
 Reference value :  3.18056e-09
 Reference value :  3.18856e-09
 Reference value :  3.19456e-09
 Reference value :  3.20256e-09
 Reference value :  3.21056e-09
 Reference value :  3.21656e-09
 Reference value :  3.22456e-09
 Reference value :  3.23256e-09
 Reference value :  3.24056e-09
 Reference value :  3.25056e-09
 Reference value :  3.25856e-09
 Reference value :  3.26656e-09
 Reference value :  3.27456e-09
 Reference value :  3.28256e-09
 Reference value :  3.29056e-09
 Reference value :  3.29656e-09
 Reference value :  3.30456e-09
 Reference value :  3.31256e-09
 Reference value :  3.32056e-09
 Reference value :  3.33056e-09
 Reference value :  3.33856e-09
 Reference value :  3.34656e-09
 Reference value :  3.35256e-09
 Reference value :  3.35856e-09
 Reference value :  3.36656e-09
 Reference value :  3.37456e-09
 Reference value :  3.38056e-09
 Reference value :  3.39056e-09
 Reference value :  3.40056e-09
 Reference value :  3.40856e-09
 Reference value :  3.41456e-09
 Reference value :  3.42056e-09
 Reference value :  3.42656e-09
 Reference value :  3.43656e-09
 Reference value :  3.44656e-09
 Reference value :  3.45656e-09
 Reference value :  3.46456e-09
 Reference value :  3.47456e-09
 Reference value :  3.48256e-09
 Reference value :  3.49256e-09
 Reference value :  3.50256e-09
 Reference value :  3.51256e-09
 Reference value :  3.52256e-09
 Reference value :  3.53256e-09
 Reference value :  3.54056e-09
 Reference value :  3.54656e-09
 Reference value :  3.55256e-09
 Reference value :  3.56056e-09
 Reference value :  3.56656e-09
 Reference value :  3.57456e-09
 Reference value :  3.58256e-09
 Reference value :  3.59056e-09
 Reference value :  3.59856e-09
 Reference value :  3.60856e-09
 Reference value :  3.61456e-09
 Reference value :  3.62256e-09
 Reference value :  3.63056e-09
 Reference value :  3.63856e-09
 Reference value :  3.64856e-09
 Reference value :  3.65656e-09
 Reference value :  3.66456e-09
 Reference value :  3.67856e-09
 Reference value :  3.68656e-09
 Reference value :  3.69256e-09
 Reference value :  3.70056e-09
 Reference value :  3.70856e-09
 Reference value :  3.71656e-09
 Reference value :  3.72256e-09
 Reference value :  3.73056e-09
 Reference value :  3.73856e-09
 Reference value :  3.74456e-09
 Reference value :  3.75256e-09
 Reference value :  3.75856e-09
 Reference value :  3.76656e-09
 Reference value :  3.77456e-09
 Reference value :  3.78256e-09
 Reference value :  3.79056e-09
 Reference value :  3.79656e-09
 Reference value :  3.80456e-09
 Reference value :  3.81256e-09
 Reference value :  3.82056e-09
 Reference value :  3.82856e-09
 Reference value :  3.89856e-09
 Reference value :  3.90856e-09
 Reference value :  3.91656e-09
 Reference value :  3.92656e-09
 Reference value :  3.93456e-09
 Reference value :  3.94456e-09
 Reference value :  3.95256e-09
 Reference value :  3.96056e-09
 Reference value :  3.96856e-09
 Reference value :  3.97656e-09
 Reference value :  3.98456e-09
 Reference value :  3.99256e-09
 Reference value :  4.00056e-09
 Reference value :  4.00856e-09
 Reference value :  4.01656e-09
 Reference value :  4.02456e-09
 Reference value :  4.03256e-09
 Reference value :  4.04056e-09
 Reference value :  4.04856e-09
 Reference value :  4.05656e-09
 Reference value :  4.06656e-09
 Reference value :  4.07656e-09
 Reference value :  4.08456e-09
 Reference value :  4.09256e-09
 Reference value :  4.10056e-09
 Reference value :  4.11056e-09
 Reference value :  4.11856e-09
 Reference value :  4.12656e-09
 Reference value :  4.13256e-09
 Reference value :  4.14056e-09
 Reference value :  4.14856e-09
 Reference value :  4.15856e-09
 Reference value :  4.16856e-09
 Reference value :  4.17656e-09
 Reference value :  4.18256e-09
 Reference value :  4.18856e-09
 Reference value :  4.19656e-09
 Reference value :  4.20856e-09
 Reference value :  4.21856e-09
 Reference value :  4.22656e-09
 Reference value :  4.23256e-09
 Reference value :  4.23856e-09
 Reference value :  4.24656e-09
 Reference value :  4.25456e-09
 Reference value :  4.26056e-09
 Reference value :  4.26856e-09
 Reference value :  4.27456e-09
 Reference value :  4.28256e-09
 Reference value :  4.29056e-09
 Reference value :  4.29656e-09
 Reference value :  4.30456e-09
 Reference value :  4.31256e-09
 Reference value :  4.32056e-09
 Reference value :  4.32856e-09
 Reference value :  4.33456e-09
 Reference value :  4.34456e-09
 Reference value :  4.35256e-09
 Reference value :  4.35856e-09
 Reference value :  4.36856e-09
 Reference value :  4.37856e-09
 Reference value :  4.38856e-09
 Reference value :  4.39656e-09
 Reference value :  4.40456e-09
 Reference value :  4.41456e-09
 Reference value :  4.42256e-09
 Reference value :  4.43056e-09
 Reference value :  4.43856e-09
 Reference value :  4.44856e-09
 Reference value :  4.45656e-09
 Reference value :  4.46656e-09
 Reference value :  4.47656e-09
 Reference value :  4.48256e-09
 Reference value :  4.49056e-09
 Reference value :  4.49656e-09
 Reference value :  4.50456e-09
 Reference value :  4.51256e-09
 Reference value :  4.52056e-09
 Reference value :  4.52856e-09
 Reference value :  4.53456e-09
 Reference value :  4.54256e-09
 Reference value :  4.55256e-09
 Reference value :  4.56256e-09
 Reference value :  4.57056e-09
 Reference value :  4.58056e-09
 Reference value :  4.58856e-09
 Reference value :  4.59656e-09
 Reference value :  4.60456e-09
 Reference value :  4.61256e-09
 Reference value :  4.62056e-09
 Reference value :  4.62856e-09
 Reference value :  4.63456e-09
 Reference value :  4.64256e-09
 Reference value :  4.65056e-09
 Reference value :  4.65856e-09
 Reference value :  4.66656e-09
 Reference value :  4.67456e-09
 Reference value :  4.68256e-09
 Reference value :  4.69056e-09
 Reference value :  4.69856e-09
 Reference value :  4.70656e-09
 Reference value :  4.71456e-09
 Reference value :  4.72056e-09
 Reference value :  4.72856e-09
 Reference value :  4.73656e-09
 Reference value :  4.74456e-09
 Reference value :  4.75456e-09
 Reference value :  4.76256e-09
 Reference value :  4.76856e-09
 Reference value :  4.77656e-09
 Reference value :  4.78456e-09
 Reference value :  4.79256e-09
 Reference value :  4.80256e-09
 Reference value :  4.81256e-09
 Reference value :  4.82256e-09
 Reference value :  4.83256e-09
 Reference value :  4.83856e-09
 Reference value :  4.84456e-09
 Reference value :  4.85256e-09
 Reference value :  4.86056e-09
 Reference value :  4.86856e-09
 Reference value :  4.87456e-09
 Reference value :  4.88256e-09
 Reference value :  4.89256e-09
 Reference value :  4.90056e-09
 Reference value :  4.91056e-09
 Reference value :  4.92056e-09
 Reference value :  4.92856e-09
 Reference value :  4.93656e-09
 Reference value :  4.94456e-09
 Reference value :  4.95456e-09
 Reference value :  4.96256e-09
 Reference value :  4.97056e-09
 Reference value :  4.97856e-09
 Reference value :  4.98656e-09
 Reference value :  4.99456e-09
 Reference value :  5.00020e-09
 Reference value :  5.00500e-09
 Reference value :  5.01300e-09
 Reference value :  5.02100e-09
 Reference value :  5.03100e-09
 Reference value :  5.03900e-09
 Reference value :  5.04700e-09
 Reference value :  5.05500e-09
 Reference value :  5.06300e-09
 Reference value :  5.07300e-09
 Reference value :  5.08100e-09
 Reference value :  5.08900e-09
 Reference value :  5.09500e-09
 Reference value :  5.10020e-09
 Reference value :  5.10500e-09
 Reference value :  5.11300e-09
 Reference value :  5.12100e-09
 Reference value :  5.13100e-09
 Reference value :  5.14100e-09
 Reference value :  5.15100e-09
 Reference value :  5.15900e-09
 Reference value :  5.16700e-09
 Reference value :  5.17500e-09
 Reference value :  5.18300e-09
 Reference value :  5.19100e-09
 Reference value :  5.20100e-09
 Reference value :  5.20700e-09
 Reference value :  5.21300e-09
 Reference value :  5.21900e-09
 Reference value :  5.22700e-09
 Reference value :  5.23500e-09
 Reference value :  5.24300e-09
 Reference value :  5.24900e-09
 Reference value :  5.25500e-09
 Reference value :  5.26100e-09
 Reference value :  5.26900e-09
 Reference value :  5.27700e-09
 Reference value :  5.28700e-09
 Reference value :  5.29500e-09
 Reference value :  5.30500e-09
 Reference value :  5.31100e-09
 Reference value :  5.31900e-09
 Reference value :  5.32700e-09
 Reference value :  5.33700e-09
 Reference value :  5.34500e-09
 Reference value :  5.35300e-09
 Reference value :  5.36100e-09
 Reference value :  5.40500e-09
 Reference value :  5.41100e-09
 Reference value :  5.41900e-09
 Reference value :  5.42700e-09
 Reference value :  5.43700e-09
 Reference value :  5.44500e-09
 Reference value :  5.45700e-09
 Reference value :  5.46700e-09
 Reference value :  5.47700e-09
 Reference value :  5.48700e-09
 Reference value :  5.49500e-09
 Reference value :  5.50500e-09
 Reference value :  5.51500e-09
 Reference value :  5.52300e-09
 Reference value :  5.53100e-09
 Reference value :  5.53900e-09
 Reference value :  5.54700e-09
 Reference value :  5.55500e-09
 Reference value :  5.56500e-09
 Reference value :  5.57300e-09
 Reference value :  5.58100e-09
 Reference value :  5.58900e-09
 Reference value :  5.59500e-09
 Reference value :  5.60100e-09
 Reference value :  5.60900e-09
 Reference value :  5.61500e-09
 Reference value :  5.62300e-09
 Reference value :  5.62900e-09
 Reference value :  5.63700e-09
 Reference value :  5.64500e-09
 Reference value :  5.65100e-09
 Reference value :  5.65900e-09
 Reference value :  5.66500e-09
 Reference value :  5.67500e-09
 Reference value :  5.68100e-09
 Reference value :  5.68900e-09
 Reference value :  5.69500e-09
 Reference value :  5.70300e-09
 Reference value :  5.71100e-09
 Reference value :  5.71900e-09
 Reference value :  5.72500e-09
 Reference value :  5.73300e-09
 Reference value :  5.74100e-09
 Reference value :  5.74700e-09
 Reference value :  5.75500e-09
 Reference value :  5.76300e-09
 Reference value :  5.77100e-09
 Reference value :  5.77900e-09
 Reference value :  5.78700e-09
 Reference value :  5.79500e-09
 Reference value :  5.80300e-09
 Reference value :  5.81100e-09
 Reference value :  5.81900e-09
 Reference value :  5.82900e-09
 Reference value :  5.83700e-09
 Reference value :  5.84700e-09
 Reference value :  5.85500e-09
 Reference value :  5.86300e-09
 Reference value :  5.87100e-09
 Reference value :  5.88100e-09
 Reference value :  5.89100e-09
 Reference value :  5.89700e-09
 Reference value :  5.90500e-09
 Reference value :  5.91100e-09
 Reference value :  5.91700e-09
 Reference value :  5.92500e-09
 Reference value :  5.93500e-09
 Reference value :  5.94300e-09
 Reference value :  5.95100e-09
 Reference value :  5.95900e-09
 Reference value :  5.96700e-09
 Reference value :  5.97700e-09
 Reference value :  5.98700e-09
 Reference value :  5.99500e-09
 Reference value :  6.00500e-09
 Reference value :  6.01300e-09
 Reference value :  6.01900e-09
 Reference value :  6.02500e-09
 Reference value :  6.03300e-09
 Reference value :  6.04100e-09
 Reference value :  6.05100e-09
 Reference value :  6.06100e-09
 Reference value :  6.06900e-09
 Reference value :  6.07700e-09
 Reference value :  6.08700e-09
 Reference value :  6.09500e-09
 Reference value :  6.10300e-09
 Reference value :  6.11300e-09
 Reference value :  6.12100e-09
 Reference value :  6.12700e-09
 Reference value :  6.13500e-09
 Reference value :  6.14100e-09
 Reference value :  6.14900e-09
 Reference value :  6.15700e-09
 Reference value :  6.16700e-09
 Reference value :  6.17700e-09
 Reference value :  6.18500e-09
 Reference value :  6.19500e-09
 Reference value :  6.20500e-09
 Reference value :  6.21500e-09
 Reference value :  6.22100e-09
 Reference value :  6.22900e-09
 Reference value :  6.23700e-09
 Reference value :  6.24500e-09
 Reference value :  6.25500e-09
 Reference value :  6.26300e-09
 Reference value :  6.27100e-09
 Reference value :  6.27700e-09
 Reference value :  6.28500e-09
 Reference value :  6.29300e-09
 Reference value :  6.30100e-09
 Reference value :  6.30900e-09
 Reference value :  6.31700e-09
 Reference value :  6.32500e-09
 Reference value :  6.33100e-09
 Reference value :  6.33900e-09
 Reference value :  6.34700e-09
 Reference value :  6.35500e-09
 Reference value :  6.44300e-09
 Reference value :  6.45100e-09
 Reference value :  6.49300e-09
 Reference value :  6.50100e-09
 Reference value :  6.50900e-09
 Reference value :  6.51900e-09
 Reference value :  6.52700e-09
 Reference value :  6.53500e-09
 Reference value :  6.54300e-09
 Reference value :  6.55100e-09
 Reference value :  6.55900e-09
 Reference value :  6.56700e-09
 Reference value :  6.61900e-09
 Reference value :  6.62900e-09
 Reference value :  6.63900e-09
 Reference value :  6.64500e-09
 Reference value :  6.65100e-09
 Reference value :  6.65900e-09
 Reference value :  6.66700e-09
 Reference value :  6.67700e-09
 Reference value :  6.68700e-09
 Reference value :  6.69500e-09
 Reference value :  6.70300e-09
 Reference value :  6.71100e-09
 Reference value :  6.71700e-09
 Reference value :  6.72500e-09
 Reference value :  6.73300e-09
 Reference value :  6.74100e-09
 Reference value :  6.74900e-09
 Reference value :  6.76100e-09
 Reference value :  6.76900e-09
 Reference value :  6.77700e-09
 Reference value :  6.78500e-09
 Reference value :  6.79300e-09
 Reference value :  6.80100e-09
 Reference value :  6.80900e-09
 Reference value :  6.81700e-09
 Reference value :  6.82500e-09
 Reference value :  6.83300e-09
 Reference value :  6.84100e-09
 Reference value :  6.84900e-09
 Reference value :  6.85700e-09
 Reference value :  6.86500e-09
 Reference value :  6.87100e-09
 Reference value :  6.87900e-09
 Reference value :  6.88500e-09
 Reference value :  6.89300e-09
 Reference value :  6.90100e-09
 Reference value :  6.90700e-09
 Reference value :  6.91500e-09
 Reference value :  6.92300e-09
 Reference value :  6.93100e-09
 Reference value :  6.93900e-09
 Reference value :  6.94700e-09
 Reference value :  6.95700e-09
 Reference value :  6.96500e-09
 Reference value :  6.97500e-09
 Reference value :  6.98300e-09
 Reference value :  6.99100e-09
 Reference value :  6.99700e-09
 Reference value :  7.00700e-09
 Reference value :  7.01500e-09
 Reference value :  7.02300e-09
 Reference value :  7.02900e-09
 Reference value :  7.03700e-09
 Reference value :  7.04500e-09
 Reference value :  7.05300e-09
 Reference value :  7.06300e-09
 Reference value :  7.07100e-09
 Reference value :  7.08100e-09
 Reference value :  7.09100e-09
 Reference value :  7.09900e-09
 Reference value :  7.10700e-09
 Reference value :  7.11500e-09
 Reference value :  7.12300e-09
 Reference value :  7.19700e-09
 Reference value :  7.20500e-09
 Reference value :  7.21300e-09
 Reference value :  7.21900e-09
 Reference value :  7.22500e-09
 Reference value :  7.23500e-09
 Reference value :  7.24300e-09
 Reference value :  7.25100e-09
 Reference value :  7.25900e-09
 Reference value :  7.26500e-09
 Reference value :  7.27300e-09
 Reference value :  7.27900e-09
 Reference value :  7.28500e-09
 Reference value :  7.29100e-09
 Reference value :  7.29900e-09
 Reference value :  7.30700e-09
 Reference value :  7.31300e-09
 Reference value :  7.32100e-09
 Reference value :  7.32900e-09
 Reference value :  7.33700e-09
 Reference value :  7.34500e-09
 Reference value :  7.35300e-09
 Reference value :  7.36100e-09
 Reference value :  7.36700e-09
 Reference value :  7.37700e-09
 Reference value :  7.38500e-09
 Reference value :  7.39300e-09
 Reference value :  7.40300e-09
 Reference value :  7.41100e-09
 Reference value :  7.41900e-09
 Reference value :  7.42700e-09
 Reference value :  7.43300e-09
 Reference value :  7.44100e-09
 Reference value :  7.44900e-09
 Reference value :  7.45500e-09
 Reference value :  7.46300e-09
 Reference value :  7.46900e-09
 Reference value :  7.47700e-09
 Reference value :  7.48300e-09
 Reference value :  7.49100e-09
 Reference value :  7.49900e-09
 Reference value :  7.50900e-09
 Reference value :  7.51700e-09
 Reference value :  7.52700e-09
 Reference value :  7.53700e-09
 Reference value :  7.54700e-09
 Reference value :  7.55500e-09
 Reference value :  7.56500e-09
 Reference value :  7.57500e-09
 Reference value :  7.58300e-09
 Reference value :  7.59100e-09
 Reference value :  7.59850e-09
No. of Data Rows : 3814
Note: Simulation executed from .control section 
