
Note: Compatibility modes selected: hs a


Circuit: * comparator-decision offset pick-off -- vindiff=0.0mv corner=tt_mm temp=27.0c seed=8 (issue #9)

option SCALE: Scale is set to 1e-06 for instance and model parameters
option SCALE: Scale is set to 1e-06 for instance and model parameters
option SCALE: Scale is set to 1e-06 for instance and model parameters
option SCALE: Scale is set to 1e-06 for instance and model parameters
Doing analysis at TEMP = 27.000000 and TNOM = 27.000000

Using KLU as Direct Linear Solver
 Reference value :  0.00000e+00
 Reference value :  1.60000e-13
 Reference value :  2.56000e-12
 Reference value :  1.25600e-11
 Reference value :  2.05600e-11
 Reference value :  3.05600e-11
 Reference value :  4.05600e-11
 Reference value :  4.85600e-11
 Reference value :  5.65600e-11
 Reference value :  6.45600e-11
 Reference value :  7.05600e-11
 Reference value :  7.85600e-11
 Reference value :  8.65600e-11
 Reference value :  9.65600e-11
 Reference value :  1.02560e-10
 Reference value :  1.10560e-10
 Reference value :  1.20560e-10
 Reference value :  1.30560e-10
 Reference value :  1.36560e-10
 Reference value :  1.44560e-10
 Reference value :  1.52560e-10
 Reference value :  1.60560e-10
 Reference value :  1.70560e-10
 Reference value :  1.78560e-10
 Reference value :  1.86560e-10
 Reference value :  1.94560e-10
 Reference value :  2.02560e-10
 Reference value :  2.12560e-10
 Reference value :  2.20560e-10
 Reference value :  2.30560e-10
 Reference value :  2.38560e-10
 Reference value :  2.46560e-10
 Reference value :  2.54560e-10
 Reference value :  2.60560e-10
 Reference value :  2.68560e-10
 Reference value :  2.76560e-10
 Reference value :  2.84560e-10
 Reference value :  2.94560e-10
 Reference value :  3.02560e-10
 Reference value :  3.10560e-10
 Reference value :  3.16560e-10
 Reference value :  3.22560e-10
 Reference value :  3.32560e-10
 Reference value :  3.42560e-10
 Reference value :  3.52560e-10
 Reference value :  3.60560e-10
 Reference value :  3.70560e-10
 Reference value :  3.78560e-10
 Reference value :  3.88560e-10
 Reference value :  3.98560e-10
 Reference value :  4.06560e-10
 Reference value :  4.16560e-10
 Reference value :  4.26560e-10
 Reference value :  4.34560e-10
 Reference value :  4.42560e-10
 Reference value :  4.50560e-10
 Reference value :  4.60560e-10
 Reference value :  4.72560e-10
 Reference value :  4.80560e-10
 Reference value :  4.88560e-10
 Reference value :  4.96560e-10
 Reference value :  5.06560e-10
 Reference value :  5.14560e-10
 Reference value :  5.22560e-10
 Reference value :  5.30560e-10
 Reference value :  5.38560e-10
 Reference value :  5.46560e-10
 Reference value :  5.56560e-10
 Reference value :  5.64560e-10
 Reference value :  5.72560e-10
 Reference value :  5.80560e-10
 Reference value :  5.88560e-10
 Reference value :  5.96560e-10
 Reference value :  6.04560e-10
 Reference value :  6.10560e-10
 Reference value :  6.20560e-10
 Reference value :  6.28560e-10
 Reference value :  6.36560e-10
 Reference value :  6.42560e-10
 Reference value :  6.48560e-10
 Reference value :  6.54560e-10
 Reference value :  6.60560e-10
 Reference value :  6.66560e-10
 Reference value :  6.74560e-10
 Reference value :  6.84560e-10
 Reference value :  6.90560e-10
 Reference value :  6.96560e-10
 Reference value :  7.04560e-10
 Reference value :  7.10560e-10
 Reference value :  7.18560e-10
 Reference value :  7.28560e-10
 Reference value :  7.38560e-10
 Reference value :  7.46560e-10
 Reference value :  7.54560e-10
 Reference value :  7.64560e-10
 Reference value :  7.72560e-10
 Reference value :  7.80560e-10
 Reference value :  7.90560e-10
 Reference value :  7.98560e-10
 Reference value :  8.06560e-10
 Reference value :  8.14560e-10
 Reference value :  8.22560e-10
 Reference value :  8.32560e-10
 Reference value :  8.38560e-10
 Reference value :  8.46560e-10
 Reference value :  8.56560e-10
 Reference value :  8.64560e-10
 Reference value :  8.72560e-10
 Reference value :  8.78560e-10
 Reference value :  8.86560e-10
 Reference value :  8.92560e-10
 Reference value :  9.00560e-10
 Reference value :  9.08560e-10
 Reference value :  9.18560e-10
 Reference value :  9.26560e-10
 Reference value :  9.34560e-10
 Reference value :  9.44560e-10
 Reference value :  9.52560e-10
 Reference value :  9.60560e-10
 Reference value :  9.70560e-10
 Reference value :  9.78560e-10
 Reference value :  9.88560e-10
 Reference value :  9.96560e-10
 Reference value :  1.00456e-09
 Reference value :  1.01256e-09
 Reference value :  1.02056e-09
 Reference value :  1.02856e-09
 Reference value :  1.03856e-09
 Reference value :  1.04856e-09
 Reference value :  1.05656e-09
 Reference value :  1.06256e-09
 Reference value :  1.06856e-09
 Reference value :  1.07656e-09
 Reference value :  1.08456e-09
 Reference value :  1.09056e-09
 Reference value :  1.10056e-09
 Reference value :  1.11056e-09
 Reference value :  1.11856e-09
 Reference value :  1.12656e-09
 Reference value :  1.13456e-09
 Reference value :  1.14456e-09
 Reference value :  1.15256e-09
 Reference value :  1.15856e-09
 Reference value :  1.16656e-09
 Reference value :  1.17256e-09
 Reference value :  1.18056e-09
 Reference value :  1.18656e-09
 Reference value :  1.19456e-09
 Reference value :  1.20256e-09
 Reference value :  1.21256e-09
 Reference value :  1.21856e-09
 Reference value :  1.22856e-09
 Reference value :  1.23856e-09
 Reference value :  1.24656e-09
 Reference value :  1.25456e-09
 Reference value :  1.26456e-09
 Reference value :  1.27056e-09
 Reference value :  1.27856e-09
 Reference value :  1.28656e-09
 Reference value :  1.29456e-09
 Reference value :  1.30456e-09
 Reference value :  1.31256e-09
 Reference value :  1.32256e-09
 Reference value :  1.33056e-09
 Reference value :  1.34056e-09
 Reference value :  1.34856e-09
 Reference value :  1.35856e-09
 Reference value :  1.36656e-09
 Reference value :  1.37656e-09
 Reference value :  1.38256e-09
 Reference value :  1.38856e-09
 Reference value :  1.39656e-09
 Reference value :  1.40456e-09
 Reference value :  1.41056e-09
 Reference value :  1.41856e-09
 Reference value :  1.42856e-09
 Reference value :  1.43856e-09
 Reference value :  1.44656e-09
 Reference value :  1.45456e-09
 Reference value :  1.46456e-09
 Reference value :  1.47256e-09
 Reference value :  1.48056e-09
 Reference value :  1.48856e-09
 Reference value :  1.49656e-09
 Reference value :  1.50656e-09
 Reference value :  1.51456e-09
 Reference value :  1.52256e-09
 Reference value :  1.53056e-09
 Reference value :  1.53656e-09
 Reference value :  1.54456e-09
 Reference value :  1.55256e-09
 Reference value :  1.55856e-09
 Reference value :  1.56456e-09
 Reference value :  1.57256e-09
 Reference value :  1.58056e-09
 Reference value :  1.58656e-09
 Reference value :  1.59256e-09
 Reference value :  1.60056e-09
 Reference value :  1.60656e-09
 Reference value :  1.61456e-09
 Reference value :  1.62256e-09
 Reference value :  1.63056e-09
 Reference value :  1.63856e-09
 Reference value :  1.64856e-09
 Reference value :  1.65856e-09
 Reference value :  1.66656e-09
 Reference value :  1.67456e-09
 Reference value :  1.68656e-09
 Reference value :  1.69656e-09
 Reference value :  1.70456e-09
 Reference value :  1.71256e-09
 Reference value :  1.72056e-09
 Reference value :  1.72856e-09
 Reference value :  1.73656e-09
 Reference value :  1.74456e-09
 Reference value :  1.75456e-09
 Reference value :  1.76056e-09
 Reference value :  1.76856e-09
 Reference value :  1.77656e-09
 Reference value :  1.78456e-09
 Reference value :  1.79056e-09
 Reference value :  1.79856e-09
 Reference value :  1.80456e-09
 Reference value :  1.81256e-09
 Reference value :  1.82256e-09
 Reference value :  1.82856e-09
 Reference value :  1.83856e-09
 Reference value :  1.84656e-09
 Reference value :  1.85456e-09
 Reference value :  1.86256e-09
 Reference value :  1.86856e-09
 Reference value :  1.87656e-09
 Reference value :  1.88656e-09
 Reference value :  1.89456e-09
 Reference value :  1.90256e-09
 Reference value :  1.91056e-09
 Reference value :  1.91656e-09
 Reference value :  1.92256e-09
 Reference value :  1.93256e-09
 Reference value :  1.94056e-09
 Reference value :  1.94856e-09
 Reference value :  1.95656e-09
 Reference value :  1.96456e-09
 Reference value :  1.97256e-09
 Reference value :  1.98056e-09
 Reference value :  1.98856e-09
 Reference value :  1.99656e-09
 Reference value :  2.00456e-09
 Reference value :  2.01256e-09
 Reference value :  2.02056e-09
 Reference value :  2.02656e-09
 Reference value :  2.03456e-09
 Reference value :  2.04256e-09
 Reference value :  2.05056e-09
 Reference value :  2.05856e-09
 Reference value :  2.06656e-09
 Reference value :  2.07656e-09
 Reference value :  2.08256e-09
 Reference value :  2.09056e-09
 Reference value :  2.10056e-09
 Reference value :  2.10856e-09
 Reference value :  2.11656e-09
 Reference value :  2.12456e-09
 Reference value :  2.13256e-09
 Reference value :  2.14456e-09
 Reference value :  2.15256e-09
 Reference value :  2.16056e-09
 Reference value :  2.17056e-09
 Reference value :  2.18056e-09
 Reference value :  2.19056e-09
 Reference value :  2.19856e-09
 Reference value :  2.20456e-09
 Reference value :  2.21456e-09
 Reference value :  2.22256e-09
 Reference value :  2.23056e-09
 Reference value :  2.23856e-09
 Reference value :  2.24856e-09
 Reference value :  2.25656e-09
 Reference value :  2.26456e-09
 Reference value :  2.27256e-09
 Reference value :  2.28256e-09
 Reference value :  2.29256e-09
 Reference value :  2.30056e-09
 Reference value :  2.30856e-09
 Reference value :  2.31456e-09
 Reference value :  2.32056e-09
 Reference value :  2.32656e-09
 Reference value :  2.33656e-09
 Reference value :  2.34656e-09
 Reference value :  2.35456e-09
 Reference value :  2.36056e-09
 Reference value :  2.36856e-09
 Reference value :  2.37656e-09
 Reference value :  2.38456e-09
 Reference value :  2.39256e-09
 Reference value :  2.40056e-09
 Reference value :  2.41056e-09
 Reference value :  2.41656e-09
 Reference value :  2.42456e-09
 Reference value :  2.43056e-09
 Reference value :  2.43856e-09
 Reference value :  2.44456e-09
 Reference value :  2.45056e-09
 Reference value :  2.46056e-09
 Reference value :  2.46856e-09
 Reference value :  2.47656e-09
 Reference value :  2.48456e-09
 Reference value :  2.49256e-09
 Reference value :  2.50056e-09
 Reference value :  2.50656e-09
 Reference value :  2.51256e-09
 Reference value :  2.51856e-09
 Reference value :  2.52656e-09
 Reference value :  2.53256e-09
 Reference value :  2.54056e-09
 Reference value :  2.54856e-09
 Reference value :  2.55456e-09
 Reference value :  2.56056e-09
 Reference value :  2.57056e-09
 Reference value :  2.58056e-09
 Reference value :  2.59056e-09
 Reference value :  2.59856e-09
 Reference value :  2.60656e-09
 Reference value :  2.61456e-09
 Reference value :  2.62256e-09
 Reference value :  2.63056e-09
 Reference value :  2.64056e-09
 Reference value :  2.65056e-09
 Reference value :  2.65856e-09
 Reference value :  2.66656e-09
 Reference value :  2.67456e-09
 Reference value :  2.68056e-09
 Reference value :  2.69056e-09
 Reference value :  2.70056e-09
 Reference value :  2.70856e-09
 Reference value :  2.71656e-09
 Reference value :  2.72456e-09
 Reference value :  2.73256e-09
 Reference value :  2.74056e-09
 Reference value :  2.75056e-09
 Reference value :  2.75856e-09
 Reference value :  2.76456e-09
 Reference value :  2.77256e-09
 Reference value :  2.78056e-09
 Reference value :  2.78856e-09
 Reference value :  2.79656e-09
 Reference value :  2.80456e-09
 Reference value :  2.81456e-09
 Reference value :  2.82056e-09
 Reference value :  2.82656e-09
 Reference value :  2.83256e-09
 Reference value :  2.84056e-09
 Reference value :  2.84856e-09
 Reference value :  2.85856e-09
 Reference value :  2.86656e-09
 Reference value :  2.87456e-09
 Reference value :  2.88456e-09
 Reference value :  2.89456e-09
 Reference value :  2.90256e-09
 Reference value :  2.91056e-09
 Reference value :  2.91656e-09
 Reference value :  2.92456e-09
 Reference value :  2.93256e-09
 Reference value :  2.94056e-09
 Reference value :  2.94856e-09
 Reference value :  2.95656e-09
 Reference value :  2.96456e-09
 Reference value :  2.97256e-09
 Reference value :  2.98056e-09
 Reference value :  2.98656e-09
 Reference value :  2.99256e-09
 Reference value :  3.00056e-09
 Reference value :  3.00656e-09
 Reference value :  3.01456e-09
 Reference value :  3.02256e-09
 Reference value :  3.03056e-09
 Reference value :  3.04056e-09
 Reference value :  3.04856e-09
 Reference value :  3.05856e-09
 Reference value :  3.06456e-09
 Reference value :  3.07056e-09
 Reference value :  3.07656e-09
 Reference value :  3.08656e-09
 Reference value :  3.09456e-09
 Reference value :  3.10456e-09
 Reference value :  3.11256e-09
 Reference value :  3.11856e-09
 Reference value :  3.12656e-09
 Reference value :  3.13456e-09
 Reference value :  3.14256e-09
 Reference value :  3.15256e-09
 Reference value :  3.16056e-09
 Reference value :  3.16856e-09
 Reference value :  3.17856e-09
 Reference value :  3.18456e-09
 Reference value :  3.19456e-09
 Reference value :  3.20256e-09
 Reference value :  3.20856e-09
 Reference value :  3.21856e-09
 Reference value :  3.22856e-09
 Reference value :  3.23656e-09
 Reference value :  3.24456e-09
 Reference value :  3.25456e-09
 Reference value :  3.26256e-09
 Reference value :  3.26856e-09
 Reference value :  3.27456e-09
 Reference value :  3.28256e-09
 Reference value :  3.29056e-09
 Reference value :  3.29656e-09
 Reference value :  3.30256e-09
 Reference value :  3.30856e-09
 Reference value :  3.31656e-09
 Reference value :  3.32456e-09
 Reference value :  3.33056e-09
 Reference value :  3.34056e-09
 Reference value :  3.35056e-09
 Reference value :  3.35656e-09
 Reference value :  3.36256e-09
 Reference value :  3.37056e-09
 Reference value :  3.37856e-09
 Reference value :  3.38656e-09
 Reference value :  3.39656e-09
 Reference value :  3.40456e-09
 Reference value :  3.41456e-09
 Reference value :  3.42256e-09
 Reference value :  3.43256e-09
 Reference value :  3.44056e-09
 Reference value :  3.44856e-09
 Reference value :  3.45656e-09
 Reference value :  3.62256e-09
 Reference value :  3.62856e-09
 Reference value :  3.63656e-09
 Reference value :  3.64456e-09
 Reference value :  3.65056e-09
 Reference value :  3.66056e-09
 Reference value :  3.66656e-09
 Reference value :  3.67456e-09
 Reference value :  3.68456e-09
 Reference value :  3.69456e-09
 Reference value :  3.70056e-09
 Reference value :  3.70856e-09
 Reference value :  3.71656e-09
 Reference value :  3.72456e-09
 Reference value :  3.73456e-09
 Reference value :  3.74456e-09
 Reference value :  3.75456e-09
 Reference value :  3.76256e-09
 Reference value :  3.77056e-09
 Reference value :  3.77856e-09
 Reference value :  3.78656e-09
 Reference value :  3.79456e-09
 Reference value :  3.80456e-09
 Reference value :  3.81056e-09
 Reference value :  3.81856e-09
 Reference value :  3.82656e-09
 Reference value :  3.83456e-09
 Reference value :  3.84256e-09
 Reference value :  3.85256e-09
 Reference value :  3.86056e-09
 Reference value :  3.86856e-09
 Reference value :  3.87656e-09
 Reference value :  3.88456e-09
 Reference value :  3.89256e-09
 Reference value :  3.89856e-09
 Reference value :  3.90856e-09
 Reference value :  3.91856e-09
 Reference value :  3.92656e-09
 Reference value :  3.93656e-09
 Reference value :  3.94456e-09
 Reference value :  3.95256e-09
 Reference value :  3.96056e-09
 Reference value :  3.96856e-09
 Reference value :  3.97856e-09
 Reference value :  3.98656e-09
 Reference value :  3.99456e-09
 Reference value :  4.00256e-09
 Reference value :  4.01056e-09
 Reference value :  4.01856e-09
 Reference value :  4.02656e-09
 Reference value :  4.03456e-09
 Reference value :  4.04256e-09
 Reference value :  4.05056e-09
 Reference value :  4.05856e-09
 Reference value :  4.06456e-09
 Reference value :  4.07256e-09
 Reference value :  4.08256e-09
 Reference value :  4.09056e-09
 Reference value :  4.09656e-09
 Reference value :  4.10456e-09
 Reference value :  4.11456e-09
 Reference value :  4.12256e-09
 Reference value :  4.13056e-09
 Reference value :  4.13856e-09
 Reference value :  4.14656e-09
 Reference value :  4.15656e-09
 Reference value :  4.16656e-09
 Reference value :  4.17656e-09
 Reference value :  4.18656e-09
 Reference value :  4.19456e-09
 Reference value :  4.20456e-09
 Reference value :  4.21256e-09
 Reference value :  4.22256e-09
 Reference value :  4.23256e-09
 Reference value :  4.23856e-09
 Reference value :  4.24456e-09
 Reference value :  4.25256e-09
 Reference value :  4.25856e-09
 Reference value :  4.26656e-09
 Reference value :  4.27456e-09
 Reference value :  4.28056e-09
 Reference value :  4.28856e-09
 Reference value :  4.29656e-09
 Reference value :  4.30456e-09
 Reference value :  4.31056e-09
 Reference value :  4.35056e-09
 Reference value :  4.35856e-09
 Reference value :  4.36656e-09
 Reference value :  4.37456e-09
 Reference value :  4.38456e-09
 Reference value :  4.39256e-09
 Reference value :  4.40256e-09
 Reference value :  4.41256e-09
 Reference value :  4.42256e-09
 Reference value :  4.43256e-09
 Reference value :  4.43856e-09
 Reference value :  4.44656e-09
 Reference value :  4.45456e-09
 Reference value :  4.46256e-09
 Reference value :  4.47056e-09
 Reference value :  4.47856e-09
 Reference value :  4.48456e-09
 Reference value :  4.49256e-09
 Reference value :  4.50056e-09
 Reference value :  4.50856e-09
 Reference value :  4.51856e-09
 Reference value :  4.53256e-09
 Reference value :  4.54256e-09
 Reference value :  4.55056e-09
 Reference value :  4.56056e-09
 Reference value :  4.56856e-09
 Reference value :  4.57856e-09
 Reference value :  4.58856e-09
 Reference value :  4.59856e-09
 Reference value :  4.60656e-09
 Reference value :  4.61256e-09
 Reference value :  4.62056e-09
 Reference value :  4.63056e-09
 Reference value :  4.64056e-09
 Reference value :  4.64856e-09
 Reference value :  4.65656e-09
 Reference value :  4.66256e-09
 Reference value :  4.67056e-09
 Reference value :  4.67656e-09
 Reference value :  4.68256e-09
 Reference value :  4.69056e-09
 Reference value :  4.69656e-09
 Reference value :  4.70256e-09
 Reference value :  4.70856e-09
 Reference value :  4.71456e-09
 Reference value :  4.72256e-09
 Reference value :  4.73256e-09
 Reference value :  4.74256e-09
 Reference value :  4.74856e-09
 Reference value :  4.75456e-09
 Reference value :  4.76456e-09
 Reference value :  4.77456e-09
 Reference value :  4.78456e-09
 Reference value :  4.79256e-09
 Reference value :  4.79856e-09
 Reference value :  4.80656e-09
 Reference value :  4.81656e-09
 Reference value :  4.82456e-09
 Reference value :  4.83256e-09
 Reference value :  4.84056e-09
 Reference value :  4.84856e-09
 Reference value :  4.85456e-09
 Reference value :  4.86256e-09
 Reference value :  4.87056e-09
 Reference value :  4.87856e-09
 Reference value :  4.88856e-09
 Reference value :  4.89456e-09
 Reference value :  4.90256e-09
 Reference value :  4.91056e-09
 Reference value :  4.91656e-09
 Reference value :  4.92256e-09
 Reference value :  4.92856e-09
 Reference value :  4.93656e-09
 Reference value :  4.94656e-09
 Reference value :  4.95456e-09
 Reference value :  4.96256e-09
 Reference value :  4.97056e-09
 Reference value :  4.97856e-09
 Reference value :  4.98656e-09
 Reference value :  4.99656e-09
 Reference value :  5.00060e-09
 Reference value :  5.00700e-09
 Reference value :  5.01500e-09
 Reference value :  5.02500e-09
 Reference value :  5.03300e-09
 Reference value :  5.04100e-09
 Reference value :  5.04900e-09
 Reference value :  5.05900e-09
 Reference value :  5.06700e-09
 Reference value :  5.07700e-09
 Reference value :  5.08500e-09
 Reference value :  5.09300e-09
 Reference value :  5.10000e-09
 Reference value :  5.10500e-09
 Reference value :  5.11500e-09
 Reference value :  5.12300e-09
 Reference value :  5.13100e-09
 Reference value :  5.13900e-09
 Reference value :  5.14500e-09
 Reference value :  5.15300e-09
 Reference value :  5.16100e-09
 Reference value :  5.16900e-09
 Reference value :  5.17700e-09
 Reference value :  5.18500e-09
 Reference value :  5.19300e-09
 Reference value :  5.20100e-09
 Reference value :  5.20900e-09
 Reference value :  5.21700e-09
 Reference value :  5.22500e-09
 Reference value :  5.23100e-09
 Reference value :  5.23900e-09
 Reference value :  5.24500e-09
 Reference value :  5.25300e-09
 Reference value :  5.26100e-09
 Reference value :  5.26900e-09
 Reference value :  5.27700e-09
 Reference value :  5.28500e-09
 Reference value :  5.29100e-09
 Reference value :  5.29900e-09
 Reference value :  5.30500e-09
 Reference value :  5.31500e-09
 Reference value :  5.32100e-09
 Reference value :  5.32700e-09
 Reference value :  5.33700e-09
 Reference value :  5.34700e-09
 Reference value :  5.35300e-09
 Reference value :  5.36300e-09
 Reference value :  5.37300e-09
 Reference value :  5.38100e-09
 Reference value :  5.39100e-09
 Reference value :  5.39900e-09
 Reference value :  5.40700e-09
 Reference value :  5.41700e-09
 Reference value :  5.42700e-09
 Reference value :  5.43300e-09
 Reference value :  5.43900e-09
 Reference value :  5.44500e-09
 Reference value :  5.45300e-09
 Reference value :  5.45900e-09
 Reference value :  5.46700e-09
 Reference value :  5.47500e-09
 Reference value :  5.48300e-09
 Reference value :  5.49100e-09
 Reference value :  5.49900e-09
 Reference value :  5.50700e-09
 Reference value :  5.51500e-09
 Reference value :  5.52500e-09
 Reference value :  5.53300e-09
 Reference value :  5.54300e-09
 Reference value :  5.55100e-09
 Reference value :  5.55900e-09
 Reference value :  5.56900e-09
 Reference value :  5.57500e-09
 Reference value :  5.58300e-09
 Reference value :  5.58900e-09
 Reference value :  5.59700e-09
 Reference value :  5.60700e-09
 Reference value :  5.61500e-09
 Reference value :  5.62300e-09
 Reference value :  5.63300e-09
 Reference value :  5.64100e-09
 Reference value :  5.65100e-09
 Reference value :  5.66100e-09
 Reference value :  5.66900e-09
 Reference value :  5.67700e-09
 Reference value :  5.68700e-09
 Reference value :  5.69300e-09
 Reference value :  5.70100e-09
 Reference value :  5.71100e-09
 Reference value :  5.71900e-09
 Reference value :  5.72900e-09
 Reference value :  5.73900e-09
 Reference value :  5.74700e-09
 Reference value :  5.75700e-09
 Reference value :  5.76700e-09
 Reference value :  5.77500e-09
 Reference value :  5.78100e-09
 Reference value :  5.78700e-09
 Reference value :  5.79300e-09
 Reference value :  5.79900e-09
 Reference value :  5.80700e-09
 Reference value :  5.81500e-09
 Reference value :  5.82100e-09
 Reference value :  5.82900e-09
 Reference value :  5.83700e-09
 Reference value :  5.84300e-09
 Reference value :  5.85100e-09
 Reference value :  5.85900e-09
 Reference value :  5.86700e-09
 Reference value :  5.87500e-09
 Reference value :  5.88500e-09
 Reference value :  5.89300e-09
 Reference value :  5.90300e-09
 Reference value :  5.90900e-09
 Reference value :  5.91700e-09
 Reference value :  5.92500e-09
 Reference value :  5.93300e-09
 Reference value :  5.94100e-09
 Reference value :  5.94700e-09
 Reference value :  5.95500e-09
 Reference value :  5.96500e-09
 Reference value :  5.97700e-09
 Reference value :  5.98700e-09
 Reference value :  5.99700e-09
 Reference value :  6.00500e-09
 Reference value :  6.01500e-09
 Reference value :  6.09700e-09
 Reference value :  6.13300e-09
 Reference value :  6.13900e-09
 Reference value :  6.14500e-09
 Reference value :  6.15100e-09
 Reference value :  6.15900e-09
 Reference value :  6.16500e-09
 Reference value :  6.17300e-09
 Reference value :  6.17900e-09
 Reference value :  6.18700e-09
 Reference value :  6.19300e-09
 Reference value :  6.20100e-09
 Reference value :  6.20900e-09
 Reference value :  6.21700e-09
 Reference value :  6.22500e-09
 Reference value :  6.23500e-09
 Reference value :  6.24300e-09
 Reference value :  6.25100e-09
 Reference value :  6.25900e-09
 Reference value :  6.26700e-09
 Reference value :  6.27500e-09
 Reference value :  6.28100e-09
 Reference value :  6.28700e-09
 Reference value :  6.29300e-09
 Reference value :  6.30100e-09
 Reference value :  6.30700e-09
 Reference value :  6.31300e-09
 Reference value :  6.32100e-09
 Reference value :  6.32700e-09
 Reference value :  6.33500e-09
 Reference value :  6.34100e-09
 Reference value :  6.34700e-09
 Reference value :  6.35300e-09
 Reference value :  6.36100e-09
 Reference value :  6.36700e-09
 Reference value :  6.37300e-09
 Reference value :  6.38100e-09
 Reference value :  6.38900e-09
 Reference value :  6.39700e-09
 Reference value :  6.40700e-09
 Reference value :  6.41300e-09
 Reference value :  6.41900e-09
 Reference value :  6.42700e-09
 Reference value :  6.43500e-09
 Reference value :  6.44300e-09
 Reference value :  6.45100e-09
 Reference value :  6.46100e-09
 Reference value :  6.46900e-09
 Reference value :  6.47500e-09
 Reference value :  6.48300e-09
 Reference value :  6.49300e-09
 Reference value :  6.49900e-09
 Reference value :  6.50500e-09
 Reference value :  6.51300e-09
 Reference value :  6.52300e-09
 Reference value :  6.53300e-09
 Reference value :  6.54100e-09
 Reference value :  6.54900e-09
 Reference value :  6.55900e-09
 Reference value :  6.56700e-09
 Reference value :  6.57500e-09
 Reference value :  6.58300e-09
 Reference value :  6.59300e-09
 Reference value :  6.60300e-09
 Reference value :  6.61100e-09
 Reference value :  6.61900e-09
 Reference value :  6.62700e-09
 Reference value :  6.63500e-09
 Reference value :  6.64100e-09
 Reference value :  6.65100e-09
 Reference value :  6.65900e-09
 Reference value :  6.66700e-09
 Reference value :  6.67300e-09
 Reference value :  6.68100e-09
 Reference value :  6.69100e-09
 Reference value :  6.69900e-09
 Reference value :  6.70700e-09
 Reference value :  6.71500e-09
 Reference value :  6.72300e-09
 Reference value :  6.73100e-09
 Reference value :  6.73900e-09
 Reference value :  6.74500e-09
 Reference value :  6.75300e-09
 Reference value :  6.76100e-09
 Reference value :  6.76900e-09
 Reference value :  6.77700e-09
 Reference value :  6.78500e-09
 Reference value :  6.79300e-09
 Reference value :  6.79900e-09
 Reference value :  6.80700e-09
 Reference value :  6.81500e-09
 Reference value :  6.82300e-09
 Reference value :  6.83100e-09
 Reference value :  6.83900e-09
 Reference value :  6.84700e-09
 Reference value :  6.85500e-09
 Reference value :  6.86100e-09
 Reference value :  6.86900e-09
 Reference value :  6.87700e-09
 Reference value :  6.88500e-09
 Reference value :  6.89100e-09
 Reference value :  6.89900e-09
 Reference value :  6.90500e-09
 Reference value :  6.91100e-09
 Reference value :  6.92100e-09
 Reference value :  6.92700e-09
 Reference value :  6.93300e-09
 Reference value :  6.94100e-09
 Reference value :  6.95100e-09
 Reference value :  6.95900e-09
 Reference value :  6.96700e-09
 Reference value :  6.97500e-09
 Reference value :  6.98100e-09
 Reference value :  6.98900e-09
 Reference value :  6.99500e-09
 Reference value :  7.00300e-09
 Reference value :  7.01100e-09
 Reference value :  7.01900e-09
 Reference value :  7.02500e-09
 Reference value :  7.03300e-09
 Reference value :  7.04100e-09
 Reference value :  7.05100e-09
 Reference value :  7.05900e-09
 Reference value :  7.07100e-09
 Reference value :  7.07900e-09
 Reference value :  7.08500e-09
 Reference value :  7.09300e-09
 Reference value :  7.10100e-09
 Reference value :  7.10900e-09
 Reference value :  7.11500e-09
 Reference value :  7.12300e-09
 Reference value :  7.13100e-09
 Reference value :  7.13900e-09
 Reference value :  7.14700e-09
 Reference value :  7.15500e-09
 Reference value :  7.16300e-09
 Reference value :  7.17300e-09
 Reference value :  7.18100e-09
 Reference value :  7.19100e-09
 Reference value :  7.19900e-09
 Reference value :  7.20500e-09
 Reference value :  7.21100e-09
 Reference value :  7.21900e-09
 Reference value :  7.22700e-09
 Reference value :  7.23500e-09
 Reference value :  7.24300e-09
 Reference value :  7.25300e-09
 Reference value :  7.26100e-09
 Reference value :  7.26700e-09
 Reference value :  7.27500e-09
 Reference value :  7.28300e-09
 Reference value :  7.29300e-09
 Reference value :  7.30100e-09
 Reference value :  7.30900e-09
 Reference value :  7.31500e-09
No. of Data Rows : 3814
Note: Simulation executed from .control section 
