
Note: Compatibility modes selected: hs a


Circuit: * comparator-decision offset pick-off -- vindiff=0.0mv corner=tt_mm temp=27.0c seed=2 (issue #9)

option SCALE: Scale is set to 1e-06 for instance and model parameters
option SCALE: Scale is set to 1e-06 for instance and model parameters
option SCALE: Scale is set to 1e-06 for instance and model parameters
option SCALE: Scale is set to 1e-06 for instance and model parameters
Doing analysis at TEMP = 27.000000 and TNOM = 27.000000

Using KLU as Direct Linear Solver
 Reference value :  0.00000e+00
 Reference value :  1.60000e-13
 Reference value :  1.28000e-12
 Reference value :  6.56000e-12
 Reference value :  1.45600e-11
 Reference value :  2.05600e-11
 Reference value :  2.85600e-11
 Reference value :  3.65600e-11
 Reference value :  4.45600e-11
 Reference value :  5.45600e-11
 Reference value :  6.25600e-11
 Reference value :  7.25600e-11
 Reference value :  8.05600e-11
 Reference value :  8.85600e-11
 Reference value :  9.45600e-11
 Reference value :  1.00560e-10
 Reference value :  1.08560e-10
 Reference value :  1.16560e-10
 Reference value :  1.24560e-10
 Reference value :  1.30560e-10
 Reference value :  1.38560e-10
 Reference value :  1.46560e-10
 Reference value :  1.56560e-10
 Reference value :  1.64560e-10
 Reference value :  1.72560e-10
 Reference value :  1.80560e-10
 Reference value :  1.86560e-10
 Reference value :  4.14560e-10
 Reference value :  4.22560e-10
 Reference value :  4.30560e-10
 Reference value :  4.38560e-10
 Reference value :  4.44560e-10
 Reference value :  4.50560e-10
 Reference value :  4.58560e-10
 Reference value :  4.84560e-10
 Reference value :  5.16560e-10
 Reference value :  5.22560e-10
 Reference value :  5.28560e-10
 Reference value :  5.36560e-10
 Reference value :  5.42560e-10
 Reference value :  5.48560e-10
 Reference value :  5.56560e-10
 Reference value :  5.64560e-10
 Reference value :  5.74560e-10
 Reference value :  5.84560e-10
 Reference value :  5.92560e-10
 Reference value :  6.02560e-10
 Reference value :  6.12560e-10
 Reference value :  6.22560e-10
 Reference value :  6.30560e-10
 Reference value :  6.38560e-10
 Reference value :  6.46560e-10
 Reference value :  6.54560e-10
 Reference value :  6.62560e-10
 Reference value :  6.72560e-10
 Reference value :  6.82560e-10
 Reference value :  6.90560e-10
 Reference value :  7.00560e-10
 Reference value :  7.08560e-10
 Reference value :  7.16560e-10
 Reference value :  7.24560e-10
 Reference value :  7.32560e-10
 Reference value :  7.40560e-10
 Reference value :  7.48560e-10
 Reference value :  7.58560e-10
 Reference value :  7.68560e-10
 Reference value :  7.76560e-10
 Reference value :  7.84560e-10
 Reference value :  7.92560e-10
 Reference value :  7.98560e-10
 Reference value :  8.06560e-10
 Reference value :  8.14560e-10
 Reference value :  8.22560e-10
 Reference value :  8.30560e-10
 Reference value :  8.38560e-10
 Reference value :  8.46560e-10
 Reference value :  8.56560e-10
 Reference value :  8.66560e-10
 Reference value :  8.76560e-10
 Reference value :  8.84560e-10
 Reference value :  8.92560e-10
 Reference value :  9.00560e-10
 Reference value :  9.08560e-10
 Reference value :  9.14560e-10
 Reference value :  9.20560e-10
 Reference value :  9.30560e-10
 Reference value :  9.38560e-10
 Reference value :  9.46560e-10
 Reference value :  9.54560e-10
 Reference value :  9.64560e-10
 Reference value :  9.72560e-10
 Reference value :  9.80560e-10
 Reference value :  9.88560e-10
 Reference value :  9.96560e-10
 Reference value :  1.00456e-09
 Reference value :  1.01256e-09
 Reference value :  1.02056e-09
 Reference value :  1.02856e-09
 Reference value :  1.03656e-09
 Reference value :  1.04456e-09
 Reference value :  1.05256e-09
 Reference value :  1.06056e-09
 Reference value :  1.07056e-09
 Reference value :  1.07856e-09
 Reference value :  1.08656e-09
 Reference value :  1.09656e-09
 Reference value :  1.10456e-09
 Reference value :  1.11256e-09
 Reference value :  1.12056e-09
 Reference value :  1.12856e-09
 Reference value :  1.13656e-09
 Reference value :  1.14256e-09
 Reference value :  1.14856e-09
 Reference value :  1.15656e-09
 Reference value :  1.16256e-09
 Reference value :  1.16856e-09
 Reference value :  1.17456e-09
 Reference value :  1.18056e-09
 Reference value :  1.18856e-09
 Reference value :  1.19656e-09
 Reference value :  1.20656e-09
 Reference value :  1.21456e-09
 Reference value :  1.22456e-09
 Reference value :  1.23256e-09
 Reference value :  1.24056e-09
 Reference value :  1.25056e-09
 Reference value :  1.25856e-09
 Reference value :  1.26856e-09
 Reference value :  1.28056e-09
 Reference value :  1.28856e-09
 Reference value :  1.29856e-09
 Reference value :  1.30656e-09
 Reference value :  1.31256e-09
 Reference value :  1.32056e-09
 Reference value :  1.33056e-09
 Reference value :  1.34056e-09
 Reference value :  1.34656e-09
 Reference value :  1.35656e-09
 Reference value :  1.36256e-09
 Reference value :  1.36856e-09
 Reference value :  1.37456e-09
 Reference value :  1.38056e-09
 Reference value :  1.38856e-09
 Reference value :  1.39656e-09
 Reference value :  1.40256e-09
 Reference value :  1.41056e-09
 Reference value :  1.41856e-09
 Reference value :  1.42656e-09
 Reference value :  1.43256e-09
 Reference value :  1.44056e-09
 Reference value :  1.45056e-09
 Reference value :  1.45856e-09
 Reference value :  1.46656e-09
 Reference value :  1.47456e-09
 Reference value :  1.48456e-09
 Reference value :  1.49456e-09
 Reference value :  1.50456e-09
 Reference value :  1.51256e-09
 Reference value :  1.51856e-09
 Reference value :  1.52856e-09
 Reference value :  1.53856e-09
 Reference value :  1.54656e-09
 Reference value :  1.55456e-09
 Reference value :  1.56056e-09
 Reference value :  1.56656e-09
 Reference value :  1.57656e-09
 Reference value :  1.58656e-09
 Reference value :  1.59256e-09
 Reference value :  1.60256e-09
 Reference value :  1.61256e-09
 Reference value :  1.62056e-09
 Reference value :  1.69656e-09
 Reference value :  1.70456e-09
 Reference value :  1.71456e-09
 Reference value :  1.72056e-09
 Reference value :  1.73056e-09
 Reference value :  1.73856e-09
 Reference value :  1.74656e-09
 Reference value :  1.75656e-09
 Reference value :  1.76456e-09
 Reference value :  1.77256e-09
 Reference value :  1.78056e-09
 Reference value :  1.79056e-09
 Reference value :  1.79856e-09
 Reference value :  1.80656e-09
 Reference value :  1.81656e-09
 Reference value :  1.82456e-09
 Reference value :  1.83256e-09
 Reference value :  1.84056e-09
 Reference value :  1.84856e-09
 Reference value :  1.85656e-09
 Reference value :  1.86656e-09
 Reference value :  1.87256e-09
 Reference value :  1.87856e-09
 Reference value :  1.88656e-09
 Reference value :  1.89656e-09
 Reference value :  1.90656e-09
 Reference value :  1.91656e-09
 Reference value :  1.92656e-09
 Reference value :  1.93656e-09
 Reference value :  1.94656e-09
 Reference value :  1.95256e-09
 Reference value :  1.96056e-09
 Reference value :  1.97056e-09
 Reference value :  1.97856e-09
 Reference value :  1.98856e-09
 Reference value :  1.99856e-09
 Reference value :  2.00656e-09
 Reference value :  2.01456e-09
 Reference value :  2.02256e-09
 Reference value :  2.03056e-09
 Reference value :  2.03656e-09
 Reference value :  2.04256e-09
 Reference value :  2.04856e-09
 Reference value :  2.05856e-09
 Reference value :  2.06856e-09
 Reference value :  2.07656e-09
 Reference value :  2.08456e-09
 Reference value :  2.09256e-09
 Reference value :  2.10256e-09
 Reference value :  2.11056e-09
 Reference value :  2.11856e-09
 Reference value :  2.12856e-09
 Reference value :  2.13856e-09
 Reference value :  2.14856e-09
 Reference value :  2.15656e-09
 Reference value :  2.16456e-09
 Reference value :  2.17256e-09
 Reference value :  2.18056e-09
 Reference value :  2.19056e-09
 Reference value :  2.19856e-09
 Reference value :  2.20656e-09
 Reference value :  2.21656e-09
 Reference value :  2.22656e-09
 Reference value :  2.23456e-09
 Reference value :  2.24256e-09
 Reference value :  2.25056e-09
 Reference value :  2.26056e-09
 Reference value :  2.27056e-09
 Reference value :  2.28056e-09
 Reference value :  2.29056e-09
 Reference value :  2.30056e-09
 Reference value :  2.30856e-09
 Reference value :  2.31456e-09
 Reference value :  2.32056e-09
 Reference value :  2.32656e-09
 Reference value :  2.33256e-09
 Reference value :  2.33856e-09
 Reference value :  2.34656e-09
 Reference value :  2.35456e-09
 Reference value :  2.36056e-09
 Reference value :  2.36856e-09
 Reference value :  2.37656e-09
 Reference value :  2.38456e-09
 Reference value :  2.39256e-09
 Reference value :  2.40256e-09
 Reference value :  2.41256e-09
 Reference value :  2.42056e-09
 Reference value :  2.43056e-09
 Reference value :  2.44056e-09
 Reference value :  2.44856e-09
 Reference value :  2.45656e-09
 Reference value :  2.46256e-09
 Reference value :  2.47056e-09
 Reference value :  2.47856e-09
 Reference value :  2.48456e-09
 Reference value :  2.49256e-09
 Reference value :  2.49856e-09
 Reference value :  2.50656e-09
 Reference value :  2.51256e-09
 Reference value :  2.52056e-09
 Reference value :  2.53056e-09
 Reference value :  2.54056e-09
 Reference value :  2.54856e-09
 Reference value :  2.55856e-09
 Reference value :  2.56656e-09
 Reference value :  2.57656e-09
 Reference value :  2.58456e-09
 Reference value :  2.59056e-09
 Reference value :  2.60056e-09
 Reference value :  2.61056e-09
 Reference value :  2.61856e-09
 Reference value :  2.62856e-09
 Reference value :  2.63856e-09
 Reference value :  2.64856e-09
 Reference value :  2.67656e-09
 Reference value :  2.68456e-09
 Reference value :  2.69256e-09
 Reference value :  2.70056e-09
 Reference value :  2.70656e-09
 Reference value :  2.71656e-09
 Reference value :  2.72656e-09
 Reference value :  2.73456e-09
 Reference value :  2.74456e-09
 Reference value :  2.75256e-09
 Reference value :  2.81056e-09
 Reference value :  2.82056e-09
 Reference value :  2.83056e-09
 Reference value :  2.84056e-09
 Reference value :  2.84856e-09
 Reference value :  2.85656e-09
 Reference value :  2.86256e-09
 Reference value :  2.87056e-09
 Reference value :  2.88056e-09
 Reference value :  2.88856e-09
 Reference value :  2.89656e-09
 Reference value :  2.90656e-09
 Reference value :  2.91456e-09
 Reference value :  2.92256e-09
 Reference value :  2.93056e-09
 Reference value :  2.94056e-09
 Reference value :  2.94856e-09
 Reference value :  2.95456e-09
 Reference value :  2.96256e-09
 Reference value :  2.96856e-09
 Reference value :  2.97656e-09
 Reference value :  2.98456e-09
 Reference value :  2.99056e-09
 Reference value :  2.99656e-09
 Reference value :  3.00456e-09
 Reference value :  3.01256e-09
 Reference value :  3.02056e-09
 Reference value :  3.02656e-09
 Reference value :  3.03456e-09
 Reference value :  3.04056e-09
 Reference value :  3.04656e-09
 Reference value :  3.05456e-09
 Reference value :  3.06256e-09
 Reference value :  3.07056e-09
 Reference value :  3.07656e-09
 Reference value :  3.08656e-09
 Reference value :  3.09456e-09
 Reference value :  3.10256e-09
 Reference value :  3.11256e-09
 Reference value :  3.11856e-09
 Reference value :  3.12656e-09
 Reference value :  3.13456e-09
 Reference value :  3.14056e-09
 Reference value :  3.14656e-09
 Reference value :  3.15456e-09
 Reference value :  3.16256e-09
 Reference value :  3.17056e-09
 Reference value :  3.17856e-09
 Reference value :  3.18456e-09
 Reference value :  3.19256e-09
 Reference value :  3.20056e-09
 Reference value :  3.20856e-09
 Reference value :  3.21656e-09
 Reference value :  3.22456e-09
 Reference value :  3.23256e-09
 Reference value :  3.24256e-09
 Reference value :  3.25056e-09
 Reference value :  3.25856e-09
 Reference value :  3.26456e-09
 Reference value :  3.27256e-09
 Reference value :  3.28056e-09
 Reference value :  3.28856e-09
 Reference value :  3.29656e-09
 Reference value :  3.30456e-09
 Reference value :  3.31456e-09
 Reference value :  3.32256e-09
 Reference value :  3.33056e-09
 Reference value :  3.33656e-09
 Reference value :  3.34256e-09
 Reference value :  3.34856e-09
 Reference value :  3.35856e-09
 Reference value :  3.36856e-09
 Reference value :  3.37656e-09
 Reference value :  3.38456e-09
 Reference value :  3.39456e-09
 Reference value :  3.40056e-09
 Reference value :  3.40856e-09
 Reference value :  3.41656e-09
 Reference value :  3.42456e-09
 Reference value :  3.43256e-09
 Reference value :  3.44056e-09
 Reference value :  3.44856e-09
 Reference value :  3.45656e-09
 Reference value :  3.46456e-09
 Reference value :  3.47456e-09
 Reference value :  3.48256e-09
 Reference value :  3.49056e-09
 Reference value :  3.50056e-09
 Reference value :  3.50856e-09
 Reference value :  3.51456e-09
 Reference value :  3.52256e-09
 Reference value :  3.53056e-09
 Reference value :  3.53856e-09
 Reference value :  3.54656e-09
 Reference value :  3.55656e-09
 Reference value :  3.56656e-09
 Reference value :  3.57456e-09
 Reference value :  3.58256e-09
 Reference value :  3.59056e-09
 Reference value :  3.60056e-09
 Reference value :  3.61056e-09
 Reference value :  3.62056e-09
 Reference value :  3.62856e-09
 Reference value :  3.63456e-09
 Reference value :  3.64256e-09
 Reference value :  3.65056e-09
 Reference value :  3.65856e-09
 Reference value :  3.66656e-09
 Reference value :  3.67856e-09
 Reference value :  3.68856e-09
 Reference value :  3.69456e-09
 Reference value :  3.70056e-09
 Reference value :  3.70856e-09
 Reference value :  3.71856e-09
 Reference value :  3.72656e-09
 Reference value :  3.73456e-09
 Reference value :  3.74456e-09
 Reference value :  3.75256e-09
 Reference value :  3.75856e-09
 Reference value :  3.76656e-09
 Reference value :  3.77256e-09
 Reference value :  3.77856e-09
 Reference value :  3.78456e-09
 Reference value :  3.79256e-09
 Reference value :  3.80256e-09
 Reference value :  3.81056e-09
 Reference value :  3.81856e-09
 Reference value :  3.82656e-09
 Reference value :  3.83456e-09
 Reference value :  3.84256e-09
 Reference value :  3.85056e-09
 Reference value :  3.85856e-09
 Reference value :  3.86456e-09
 Reference value :  3.87256e-09
 Reference value :  3.87856e-09
 Reference value :  3.88656e-09
 Reference value :  3.89256e-09
 Reference value :  3.89856e-09
 Reference value :  3.90456e-09
 Reference value :  3.91056e-09
 Reference value :  3.91856e-09
 Reference value :  3.92456e-09
 Reference value :  3.93256e-09
 Reference value :  3.94056e-09
 Reference value :  3.94856e-09
 Reference value :  3.95456e-09
 Reference value :  3.96256e-09
 Reference value :  3.97056e-09
 Reference value :  3.97856e-09
 Reference value :  3.98656e-09
 Reference value :  3.99656e-09
 Reference value :  4.00656e-09
 Reference value :  4.01456e-09
 Reference value :  4.02056e-09
 Reference value :  4.02856e-09
 Reference value :  4.03656e-09
 Reference value :  4.04256e-09
 Reference value :  4.05056e-09
 Reference value :  4.05856e-09
 Reference value :  4.06656e-09
 Reference value :  4.07656e-09
 Reference value :  4.08456e-09
 Reference value :  4.09256e-09
 Reference value :  4.10056e-09
 Reference value :  4.11056e-09
 Reference value :  4.11856e-09
 Reference value :  4.12656e-09
 Reference value :  4.13456e-09
 Reference value :  4.14256e-09
 Reference value :  4.15056e-09
 Reference value :  4.15856e-09
 Reference value :  4.16656e-09
 Reference value :  4.17656e-09
 Reference value :  4.18256e-09
 Reference value :  4.19056e-09
 Reference value :  4.19856e-09
 Reference value :  4.20656e-09
 Reference value :  4.21456e-09
 Reference value :  4.22256e-09
 Reference value :  4.23056e-09
 Reference value :  4.23856e-09
 Reference value :  4.24656e-09
 Reference value :  4.25456e-09
 Reference value :  4.26256e-09
 Reference value :  4.27056e-09
 Reference value :  4.27856e-09
 Reference value :  4.28656e-09
 Reference value :  4.29456e-09
 Reference value :  4.30256e-09
 Reference value :  4.31056e-09
 Reference value :  4.31856e-09
 Reference value :  4.32656e-09
 Reference value :  4.33456e-09
 Reference value :  4.34256e-09
 Reference value :  4.35056e-09
 Reference value :  4.35856e-09
 Reference value :  4.36456e-09
 Reference value :  4.37056e-09
 Reference value :  4.37856e-09
 Reference value :  4.38456e-09
 Reference value :  4.39256e-09
 Reference value :  4.40056e-09
 Reference value :  4.40856e-09
 Reference value :  4.41656e-09
 Reference value :  4.42656e-09
 Reference value :  4.43656e-09
 Reference value :  4.44456e-09
 Reference value :  4.45256e-09
 Reference value :  4.46056e-09
 Reference value :  4.46856e-09
 Reference value :  4.47856e-09
 Reference value :  4.49056e-09
 Reference value :  4.49856e-09
 Reference value :  4.50656e-09
 Reference value :  4.51456e-09
 Reference value :  4.52256e-09
 Reference value :  4.53056e-09
 Reference value :  4.53856e-09
 Reference value :  4.54456e-09
 Reference value :  4.55256e-09
 Reference value :  4.56056e-09
 Reference value :  4.56856e-09
 Reference value :  4.57656e-09
 Reference value :  4.58256e-09
 Reference value :  4.58856e-09
 Reference value :  4.59656e-09
 Reference value :  4.60456e-09
 Reference value :  4.61256e-09
 Reference value :  4.62256e-09
 Reference value :  4.62856e-09
 Reference value :  4.63456e-09
 Reference value :  4.64056e-09
 Reference value :  4.64856e-09
 Reference value :  4.65656e-09
 Reference value :  4.66256e-09
 Reference value :  4.67056e-09
 Reference value :  4.67856e-09
 Reference value :  4.68456e-09
 Reference value :  4.69256e-09
 Reference value :  4.70056e-09
 Reference value :  4.70856e-09
 Reference value :  4.71456e-09
 Reference value :  4.72456e-09
 Reference value :  4.73656e-09
 Reference value :  4.74656e-09
 Reference value :  4.75656e-09
 Reference value :  4.76656e-09
 Reference value :  4.77656e-09
 Reference value :  4.78656e-09
 Reference value :  4.79656e-09
 Reference value :  4.80456e-09
 Reference value :  4.81456e-09
 Reference value :  4.82256e-09
 Reference value :  4.82856e-09
 Reference value :  4.83456e-09
 Reference value :  4.84256e-09
 Reference value :  4.85256e-09
 Reference value :  4.86256e-09
 Reference value :  4.87256e-09
 Reference value :  4.88256e-09
 Reference value :  4.89256e-09
 Reference value :  4.90056e-09
 Reference value :  4.90856e-09
 Reference value :  4.91656e-09
 Reference value :  4.92256e-09
 Reference value :  4.92856e-09
 Reference value :  4.93456e-09
 Reference value :  4.94056e-09
 Reference value :  4.96656e-09
 Reference value :  4.97456e-09
 Reference value :  4.98056e-09
 Reference value :  4.98856e-09
 Reference value :  4.99656e-09
 Reference value :  5.00060e-09
 Reference value :  5.00500e-09
 Reference value :  5.01300e-09
 Reference value :  5.02100e-09
 Reference value :  5.02900e-09
 Reference value :  5.03700e-09
 Reference value :  5.04300e-09
 Reference value :  5.05100e-09
 Reference value :  5.05900e-09
 Reference value :  5.06500e-09
 Reference value :  5.07300e-09
 Reference value :  5.08100e-09
 Reference value :  5.08900e-09
 Reference value :  5.09700e-09
 Reference value :  5.10020e-09
 Reference value :  5.10500e-09
 Reference value :  5.11100e-09
 Reference value :  5.11700e-09
 Reference value :  5.12300e-09
 Reference value :  5.12900e-09
 Reference value :  5.13500e-09
 Reference value :  5.14100e-09
 Reference value :  5.14900e-09
 Reference value :  5.15500e-09
 Reference value :  5.16100e-09
 Reference value :  5.16700e-09
 Reference value :  5.17500e-09
 Reference value :  5.18300e-09
 Reference value :  5.19100e-09
 Reference value :  5.19700e-09
 Reference value :  5.20300e-09
 Reference value :  5.21100e-09
 Reference value :  5.21900e-09
 Reference value :  5.22700e-09
 Reference value :  5.23500e-09
 Reference value :  5.24300e-09
 Reference value :  5.25100e-09
 Reference value :  5.25900e-09
 Reference value :  5.26700e-09
 Reference value :  5.27500e-09
 Reference value :  5.28500e-09
 Reference value :  5.29300e-09
 Reference value :  5.30300e-09
 Reference value :  5.31100e-09
 Reference value :  5.32100e-09
 Reference value :  5.33100e-09
 Reference value :  5.33900e-09
 Reference value :  5.34700e-09
 Reference value :  5.35300e-09
 Reference value :  5.36100e-09
 Reference value :  5.36900e-09
 Reference value :  5.37700e-09
 Reference value :  5.38500e-09
 Reference value :  5.39300e-09
 Reference value :  5.40100e-09
 Reference value :  5.40900e-09
 Reference value :  5.41700e-09
 Reference value :  5.42500e-09
 Reference value :  5.43300e-09
 Reference value :  5.43900e-09
 Reference value :  5.44500e-09
 Reference value :  5.45300e-09
 Reference value :  5.46100e-09
 Reference value :  5.46900e-09
 Reference value :  5.47700e-09
 Reference value :  5.48700e-09
 Reference value :  5.49500e-09
 Reference value :  5.49900e-09
 Reference value :  5.50700e-09
 Reference value :  5.51300e-09
 Reference value :  5.51900e-09
 Reference value :  5.52700e-09
 Reference value :  5.53700e-09
 Reference value :  5.54700e-09
 Reference value :  5.55500e-09
 Reference value :  5.56300e-09
 Reference value :  5.57100e-09
 Reference value :  5.57900e-09
 Reference value :  5.58700e-09
 Reference value :  5.59300e-09
 Reference value :  5.59900e-09
 Reference value :  5.60700e-09
 Reference value :  5.61500e-09
 Reference value :  5.62300e-09
 Reference value :  5.63100e-09
 Reference value :  5.63900e-09
 Reference value :  5.64700e-09
 Reference value :  5.65500e-09
 Reference value :  5.66300e-09
 Reference value :  5.67300e-09
 Reference value :  5.68100e-09
 Reference value :  5.69100e-09
 Reference value :  5.69900e-09
 Reference value :  5.70500e-09
 Reference value :  5.71100e-09
 Reference value :  5.71900e-09
 Reference value :  5.72700e-09
 Reference value :  5.73500e-09
 Reference value :  5.74300e-09
 Reference value :  5.75300e-09
 Reference value :  5.76100e-09
 Reference value :  5.77100e-09
 Reference value :  5.77900e-09
 Reference value :  5.78700e-09
 Reference value :  5.79700e-09
 Reference value :  5.80500e-09
 Reference value :  5.81300e-09
 Reference value :  5.82500e-09
 Reference value :  5.83300e-09
 Reference value :  5.83900e-09
 Reference value :  5.84700e-09
 Reference value :  5.85500e-09
 Reference value :  5.86300e-09
 Reference value :  5.87100e-09
 Reference value :  5.87900e-09
 Reference value :  5.88700e-09
 Reference value :  5.89500e-09
 Reference value :  5.90300e-09
 Reference value :  5.91100e-09
 Reference value :  5.91700e-09
 Reference value :  5.92500e-09
 Reference value :  5.93100e-09
 Reference value :  5.93700e-09
 Reference value :  5.94500e-09
 Reference value :  5.95300e-09
 Reference value :  5.96100e-09
 Reference value :  5.96900e-09
 Reference value :  5.97900e-09
 Reference value :  5.98700e-09
 Reference value :  5.99500e-09
 Reference value :  6.00300e-09
 Reference value :  6.01300e-09
 Reference value :  6.02300e-09
 Reference value :  6.03300e-09
 Reference value :  6.04300e-09
 Reference value :  6.05100e-09
 Reference value :  6.06100e-09
 Reference value :  6.06700e-09
 Reference value :  6.07300e-09
 Reference value :  6.07900e-09
 Reference value :  6.08700e-09
 Reference value :  6.09500e-09
 Reference value :  6.10300e-09
 Reference value :  6.11100e-09
 Reference value :  6.11900e-09
 Reference value :  6.12700e-09
 Reference value :  6.13500e-09
 Reference value :  6.14300e-09
 Reference value :  6.15500e-09
 Reference value :  6.20700e-09
 Reference value :  6.21300e-09
 Reference value :  6.22100e-09
 Reference value :  6.22900e-09
 Reference value :  6.23500e-09
 Reference value :  6.24300e-09
 Reference value :  6.25100e-09
 Reference value :  6.25900e-09
 Reference value :  6.26900e-09
 Reference value :  6.27500e-09
 Reference value :  6.28300e-09
 Reference value :  6.28900e-09
 Reference value :  6.29700e-09
 Reference value :  6.30300e-09
 Reference value :  6.31100e-09
 Reference value :  6.31900e-09
 Reference value :  6.32700e-09
 Reference value :  6.33300e-09
 Reference value :  6.34100e-09
 Reference value :  6.45300e-09
 Reference value :  6.46100e-09
 Reference value :  6.47100e-09
 Reference value :  6.47900e-09
 Reference value :  6.48700e-09
 Reference value :  6.49500e-09
 Reference value :  6.50500e-09
 Reference value :  6.51300e-09
 Reference value :  6.52100e-09
 Reference value :  6.52900e-09
 Reference value :  6.53500e-09
 Reference value :  6.54500e-09
 Reference value :  6.55300e-09
 Reference value :  6.56100e-09
 Reference value :  6.57100e-09
 Reference value :  6.57900e-09
 Reference value :  6.58900e-09
 Reference value :  6.59500e-09
 Reference value :  6.60100e-09
 Reference value :  6.60900e-09
 Reference value :  6.61700e-09
 Reference value :  6.62700e-09
 Reference value :  6.63500e-09
 Reference value :  6.64100e-09
 Reference value :  6.64700e-09
 Reference value :  6.65500e-09
 Reference value :  6.66100e-09
 Reference value :  6.66900e-09
 Reference value :  6.67700e-09
 Reference value :  6.68500e-09
 Reference value :  6.69100e-09
 Reference value :  6.69900e-09
 Reference value :  6.70700e-09
 Reference value :  6.71500e-09
 Reference value :  6.72300e-09
 Reference value :  6.73100e-09
 Reference value :  6.73900e-09
 Reference value :  6.74700e-09
 Reference value :  6.75700e-09
 Reference value :  6.76700e-09
 Reference value :  6.77500e-09
 Reference value :  6.78300e-09
 Reference value :  6.78900e-09
 Reference value :  6.79700e-09
 Reference value :  6.80500e-09
 Reference value :  6.81500e-09
 Reference value :  6.82300e-09
 Reference value :  6.83300e-09
 Reference value :  6.84100e-09
 Reference value :  6.84900e-09
 Reference value :  6.85700e-09
 Reference value :  6.86500e-09
 Reference value :  6.87300e-09
 Reference value :  6.88300e-09
 Reference value :  6.88900e-09
 Reference value :  6.89700e-09
 Reference value :  6.90500e-09
 Reference value :  6.91300e-09
 Reference value :  6.92100e-09
 Reference value :  6.92900e-09
 Reference value :  6.93700e-09
 Reference value :  6.94500e-09
 Reference value :  6.95300e-09
 Reference value :  6.96300e-09
 Reference value :  6.97100e-09
 Reference value :  6.97700e-09
 Reference value :  6.98300e-09
 Reference value :  6.98900e-09
 Reference value :  6.99700e-09
 Reference value :  7.00500e-09
 Reference value :  7.01300e-09
 Reference value :  7.02100e-09
 Reference value :  7.03100e-09
 Reference value :  7.04100e-09
 Reference value :  7.04700e-09
 Reference value :  7.05500e-09
 Reference value :  7.06300e-09
 Reference value :  7.07300e-09
 Reference value :  7.08300e-09
 Reference value :  7.09300e-09
 Reference value :  7.10100e-09
 Reference value :  7.10900e-09
 Reference value :  7.11700e-09
 Reference value :  7.12500e-09
 Reference value :  7.13300e-09
 Reference value :  7.14100e-09
 Reference value :  7.14900e-09
 Reference value :  7.15700e-09
 Reference value :  7.16700e-09
 Reference value :  7.17300e-09
 Reference value :  7.17900e-09
 Reference value :  7.18500e-09
 Reference value :  7.19300e-09
 Reference value :  7.20300e-09
 Reference value :  7.21300e-09
 Reference value :  7.22300e-09
 Reference value :  7.23300e-09
 Reference value :  7.24300e-09
 Reference value :  7.25300e-09
 Reference value :  7.26100e-09
 Reference value :  7.26900e-09
 Reference value :  7.27700e-09
 Reference value :  7.28300e-09
 Reference value :  7.28900e-09
 Reference value :  7.29700e-09
 Reference value :  7.30300e-09
 Reference value :  7.30900e-09
 Reference value :  7.31700e-09
 Reference value :  7.32500e-09
 Reference value :  7.33100e-09
 Reference value :  7.33700e-09
 Reference value :  7.34500e-09
 Reference value :  7.35500e-09
 Reference value :  7.36300e-09
 Reference value :  7.37100e-09
 Reference value :  7.37700e-09
 Reference value :  7.38500e-09
 Reference value :  7.39100e-09
 Reference value :  7.39900e-09
 Reference value :  7.40700e-09
 Reference value :  7.41500e-09
 Reference value :  7.42300e-09
 Reference value :  7.43100e-09
 Reference value :  7.43900e-09
 Reference value :  7.44900e-09
 Reference value :  7.45900e-09
 Reference value :  7.46700e-09
 Reference value :  7.47500e-09
 Reference value :  7.48300e-09
 Reference value :  7.49100e-09
 Reference value :  7.49700e-09
 Reference value :  7.50300e-09
 Reference value :  7.51300e-09
 Reference value :  7.52300e-09
 Reference value :  7.53100e-09
 Reference value :  7.53900e-09
 Reference value :  7.54700e-09
 Reference value :  7.55700e-09
 Reference value :  7.56300e-09
 Reference value :  7.56900e-09
 Reference value :  7.57500e-09
 Reference value :  7.58300e-09
 Reference value :  7.59300e-09
 Reference value :  7.60000e-09
No. of Data Rows : 3814
Note: Simulation executed from .control section 
