
Note: Compatibility modes selected: hs a


Circuit: * comparator-decision offset pick-off -- vindiff=0.0mv corner=tt_mm temp=27.0c seed=13 (issue #9)

option SCALE: Scale is set to 1e-06 for instance and model parameters
option SCALE: Scale is set to 1e-06 for instance and model parameters
option SCALE: Scale is set to 1e-06 for instance and model parameters
option SCALE: Scale is set to 1e-06 for instance and model parameters
Doing analysis at TEMP = 27.000000 and TNOM = 27.000000

Using KLU as Direct Linear Solver
 Reference value :  0.00000e+00
 Reference value :  8.00000e-14
 Reference value :  6.40000e-13
 Reference value :  6.56000e-12
 Reference value :  1.65600e-11
 Reference value :  2.45600e-11
 Reference value :  3.25600e-11
 Reference value :  3.85600e-11
 Reference value :  4.65600e-11
 Reference value :  5.25600e-11
 Reference value :  6.05600e-11
 Reference value :  6.85600e-11
 Reference value :  7.65600e-11
 Reference value :  8.65600e-11
 Reference value :  9.45600e-11
 Reference value :  1.00560e-10
 Reference value :  1.08560e-10
 Reference value :  1.16560e-10
 Reference value :  1.24560e-10
 Reference value :  1.32560e-10
 Reference value :  1.40560e-10
 Reference value :  1.50560e-10
 Reference value :  1.56560e-10
 Reference value :  1.64560e-10
 Reference value :  1.72560e-10
 Reference value :  1.80560e-10
 Reference value :  1.88560e-10
 Reference value :  1.96560e-10
 Reference value :  2.02560e-10
 Reference value :  2.12560e-10
 Reference value :  2.22560e-10
 Reference value :  2.30560e-10
 Reference value :  2.38560e-10
 Reference value :  2.46560e-10
 Reference value :  2.54560e-10
 Reference value :  2.64560e-10
 Reference value :  2.72560e-10
 Reference value :  2.80560e-10
 Reference value :  2.88560e-10
 Reference value :  2.94560e-10
 Reference value :  3.00560e-10
 Reference value :  3.06560e-10
 Reference value :  3.14560e-10
 Reference value :  3.20560e-10
 Reference value :  3.26560e-10
 Reference value :  3.36560e-10
 Reference value :  3.44560e-10
 Reference value :  3.52560e-10
 Reference value :  3.60560e-10
 Reference value :  3.68560e-10
 Reference value :  3.76560e-10
 Reference value :  3.84560e-10
 Reference value :  3.92560e-10
 Reference value :  4.00560e-10
 Reference value :  4.08560e-10
 Reference value :  4.16560e-10
 Reference value :  4.24560e-10
 Reference value :  4.30560e-10
 Reference value :  4.36560e-10
 Reference value :  4.42560e-10
 Reference value :  4.50560e-10
 Reference value :  4.56560e-10
 Reference value :  4.64560e-10
 Reference value :  4.74560e-10
 Reference value :  4.80560e-10
 Reference value :  4.86560e-10
 Reference value :  4.92560e-10
 Reference value :  5.00560e-10
 Reference value :  5.10560e-10
 Reference value :  5.18560e-10
 Reference value :  5.26560e-10
 Reference value :  5.34560e-10
 Reference value :  5.42560e-10
 Reference value :  5.48560e-10
 Reference value :  5.54560e-10
 Reference value :  5.60560e-10
 Reference value :  5.66560e-10
 Reference value :  5.72560e-10
 Reference value :  5.78560e-10
 Reference value :  5.86560e-10
 Reference value :  5.92560e-10
 Reference value :  5.98560e-10
 Reference value :  6.04560e-10
 Reference value :  6.10560e-10
 Reference value :  6.16560e-10
 Reference value :  6.22560e-10
 Reference value :  6.28560e-10
 Reference value :  6.36560e-10
 Reference value :  6.42560e-10
 Reference value :  6.48560e-10
 Reference value :  6.54560e-10
 Reference value :  6.60560e-10
 Reference value :  6.66560e-10
 Reference value :  6.72560e-10
 Reference value :  6.78560e-10
 Reference value :  6.84560e-10
 Reference value :  6.92560e-10
 Reference value :  7.00560e-10
 Reference value :  7.08560e-10
 Reference value :  7.14560e-10
 Reference value :  7.20560e-10
 Reference value :  7.30560e-10
 Reference value :  7.38560e-10
 Reference value :  7.46560e-10
 Reference value :  7.54560e-10
 Reference value :  7.62560e-10
 Reference value :  7.68560e-10
 Reference value :  7.74560e-10
 Reference value :  7.82560e-10
 Reference value :  7.90560e-10
 Reference value :  7.98560e-10
 Reference value :  8.06560e-10
 Reference value :  8.12560e-10
 Reference value :  8.18560e-10
 Reference value :  8.28560e-10
 Reference value :  8.36560e-10
 Reference value :  8.42560e-10
 Reference value :  8.48560e-10
 Reference value :  8.56560e-10
 Reference value :  8.64560e-10
 Reference value :  8.72560e-10
 Reference value :  8.80560e-10
 Reference value :  8.88560e-10
 Reference value :  8.96560e-10
 Reference value :  9.04560e-10
 Reference value :  9.12560e-10
 Reference value :  9.20560e-10
 Reference value :  9.28560e-10
 Reference value :  9.34560e-10
 Reference value :  9.42560e-10
 Reference value :  9.48560e-10
 Reference value :  9.56560e-10
 Reference value :  9.64560e-10
 Reference value :  9.70560e-10
 Reference value :  9.76560e-10
 Reference value :  9.84560e-10
 Reference value :  9.90560e-10
 Reference value :  9.98560e-10
 Reference value :  1.00856e-09
 Reference value :  1.01656e-09
 Reference value :  1.02456e-09
 Reference value :  1.03256e-09
 Reference value :  1.04056e-09
 Reference value :  1.04856e-09
 Reference value :  1.05456e-09
 Reference value :  1.06256e-09
 Reference value :  1.07056e-09
 Reference value :  1.07856e-09
 Reference value :  1.08656e-09
 Reference value :  1.09456e-09
 Reference value :  1.10256e-09
 Reference value :  1.10856e-09
 Reference value :  1.11456e-09
 Reference value :  1.12256e-09
 Reference value :  1.12856e-09
 Reference value :  1.13656e-09
 Reference value :  1.14456e-09
 Reference value :  1.15256e-09
 Reference value :  1.15856e-09
 Reference value :  1.16456e-09
 Reference value :  1.17056e-09
 Reference value :  1.17856e-09
 Reference value :  1.18456e-09
 Reference value :  1.19256e-09
 Reference value :  1.20056e-09
 Reference value :  1.20856e-09
 Reference value :  1.21656e-09
 Reference value :  1.22456e-09
 Reference value :  1.23256e-09
 Reference value :  1.24056e-09
 Reference value :  1.25056e-09
 Reference value :  1.25856e-09
 Reference value :  1.27056e-09
 Reference value :  1.27856e-09
 Reference value :  1.28656e-09
 Reference value :  1.29456e-09
 Reference value :  1.30456e-09
 Reference value :  1.31456e-09
 Reference value :  1.32256e-09
 Reference value :  1.33056e-09
 Reference value :  1.34056e-09
 Reference value :  1.34856e-09
 Reference value :  1.35456e-09
 Reference value :  1.36256e-09
 Reference value :  1.37056e-09
 Reference value :  1.37856e-09
 Reference value :  1.38656e-09
 Reference value :  1.39456e-09
 Reference value :  1.40056e-09
 Reference value :  1.40856e-09
 Reference value :  1.41456e-09
 Reference value :  1.42056e-09
 Reference value :  1.42656e-09
 Reference value :  1.43456e-09
 Reference value :  1.44256e-09
 Reference value :  1.45056e-09
 Reference value :  1.45656e-09
 Reference value :  1.46256e-09
 Reference value :  1.46856e-09
 Reference value :  1.47656e-09
 Reference value :  1.48456e-09
 Reference value :  1.49456e-09
 Reference value :  1.50256e-09
 Reference value :  1.50856e-09
 Reference value :  1.51456e-09
 Reference value :  1.52056e-09
 Reference value :  1.52656e-09
 Reference value :  1.53256e-09
 Reference value :  1.54056e-09
 Reference value :  1.54856e-09
 Reference value :  1.55456e-09
 Reference value :  1.56256e-09
 Reference value :  1.57056e-09
 Reference value :  1.57656e-09
 Reference value :  1.58256e-09
 Reference value :  1.58856e-09
 Reference value :  1.59456e-09
 Reference value :  1.60256e-09
 Reference value :  1.61056e-09
 Reference value :  1.61856e-09
 Reference value :  1.62656e-09
 Reference value :  1.63456e-09
 Reference value :  1.64256e-09
 Reference value :  1.64856e-09
 Reference value :  1.65456e-09
 Reference value :  1.66056e-09
 Reference value :  1.66656e-09
 Reference value :  1.67456e-09
 Reference value :  1.68056e-09
 Reference value :  1.68656e-09
 Reference value :  1.69256e-09
 Reference value :  1.70056e-09
 Reference value :  1.70856e-09
 Reference value :  1.71656e-09
 Reference value :  1.72256e-09
 Reference value :  1.72856e-09
 Reference value :  1.73456e-09
 Reference value :  1.74056e-09
 Reference value :  1.74856e-09
 Reference value :  1.75456e-09
 Reference value :  1.76256e-09
 Reference value :  1.77056e-09
 Reference value :  1.77856e-09
 Reference value :  1.78656e-09
 Reference value :  1.79456e-09
 Reference value :  1.80256e-09
 Reference value :  1.81056e-09
 Reference value :  1.81856e-09
 Reference value :  1.82656e-09
 Reference value :  1.83856e-09
 Reference value :  1.84856e-09
 Reference value :  1.85856e-09
 Reference value :  1.86856e-09
 Reference value :  1.87656e-09
 Reference value :  1.88256e-09
 Reference value :  1.89056e-09
 Reference value :  1.89656e-09
 Reference value :  1.90256e-09
 Reference value :  1.91056e-09
 Reference value :  1.91656e-09
 Reference value :  1.92256e-09
 Reference value :  1.92856e-09
 Reference value :  1.93656e-09
 Reference value :  1.94456e-09
 Reference value :  1.95256e-09
 Reference value :  1.96056e-09
 Reference value :  1.96856e-09
 Reference value :  1.97456e-09
 Reference value :  1.98056e-09
 Reference value :  1.98656e-09
 Reference value :  1.99256e-09
 Reference value :  1.99856e-09
 Reference value :  2.00456e-09
 Reference value :  2.01056e-09
 Reference value :  2.02056e-09
 Reference value :  2.03056e-09
 Reference value :  2.04056e-09
 Reference value :  2.05056e-09
 Reference value :  2.05856e-09
 Reference value :  2.06456e-09
 Reference value :  2.07256e-09
 Reference value :  2.08056e-09
 Reference value :  2.08856e-09
 Reference value :  2.09656e-09
 Reference value :  2.10456e-09
 Reference value :  2.11256e-09
 Reference value :  2.11856e-09
 Reference value :  2.12456e-09
 Reference value :  2.13056e-09
 Reference value :  2.13856e-09
 Reference value :  2.14456e-09
 Reference value :  2.15056e-09
 Reference value :  2.15856e-09
 Reference value :  2.16456e-09
 Reference value :  2.17056e-09
 Reference value :  2.17656e-09
 Reference value :  2.18256e-09
 Reference value :  2.19056e-09
 Reference value :  2.19856e-09
 Reference value :  2.20456e-09
 Reference value :  2.21256e-09
 Reference value :  2.21856e-09
 Reference value :  2.22456e-09
 Reference value :  2.23256e-09
 Reference value :  2.24056e-09
 Reference value :  2.24656e-09
 Reference value :  2.25456e-09
 Reference value :  2.26256e-09
 Reference value :  2.27056e-09
 Reference value :  2.27856e-09
 Reference value :  2.28456e-09
 Reference value :  2.29056e-09
 Reference value :  2.29656e-09
 Reference value :  2.30256e-09
 Reference value :  2.30856e-09
 Reference value :  2.31456e-09
 Reference value :  2.32056e-09
 Reference value :  2.32656e-09
 Reference value :  2.33256e-09
 Reference value :  2.34056e-09
 Reference value :  2.34656e-09
 Reference value :  2.35256e-09
 Reference value :  2.35856e-09
 Reference value :  2.36456e-09
 Reference value :  2.37056e-09
 Reference value :  2.37656e-09
 Reference value :  2.38256e-09
 Reference value :  2.38856e-09
 Reference value :  2.39456e-09
 Reference value :  2.40056e-09
 Reference value :  2.40656e-09
 Reference value :  2.41256e-09
 Reference value :  2.41856e-09
 Reference value :  2.42656e-09
 Reference value :  2.43456e-09
 Reference value :  2.44056e-09
 Reference value :  2.44656e-09
 Reference value :  2.45456e-09
 Reference value :  2.46056e-09
 Reference value :  2.46656e-09
 Reference value :  2.47256e-09
 Reference value :  2.48056e-09
 Reference value :  2.48656e-09
 Reference value :  2.49256e-09
 Reference value :  2.50056e-09
 Reference value :  2.50856e-09
 Reference value :  2.51456e-09
 Reference value :  2.52056e-09
 Reference value :  2.52656e-09
 Reference value :  2.53256e-09
 Reference value :  2.53856e-09
 Reference value :  2.54456e-09
 Reference value :  2.55056e-09
 Reference value :  2.55856e-09
 Reference value :  2.56856e-09
 Reference value :  2.57656e-09
 Reference value :  2.58456e-09
 Reference value :  2.59256e-09
 Reference value :  2.59856e-09
 Reference value :  2.60456e-09
 Reference value :  2.61456e-09
 Reference value :  2.62256e-09
 Reference value :  2.63256e-09
 Reference value :  2.64056e-09
 Reference value :  2.64656e-09
 Reference value :  2.65256e-09
 Reference value :  2.66056e-09
 Reference value :  2.66856e-09
 Reference value :  2.67656e-09
 Reference value :  2.68256e-09
 Reference value :  2.68856e-09
 Reference value :  2.69656e-09
 Reference value :  2.70456e-09
 Reference value :  2.71256e-09
 Reference value :  2.72256e-09
 Reference value :  2.72856e-09
 Reference value :  2.73656e-09
 Reference value :  2.74656e-09
 Reference value :  2.75256e-09
 Reference value :  2.75856e-09
 Reference value :  2.76456e-09
 Reference value :  2.77056e-09
 Reference value :  2.77856e-09
 Reference value :  2.78456e-09
 Reference value :  2.79256e-09
 Reference value :  2.79856e-09
 Reference value :  2.80456e-09
 Reference value :  2.81256e-09
 Reference value :  2.82056e-09
 Reference value :  2.82856e-09
 Reference value :  2.83456e-09
 Reference value :  2.84056e-09
 Reference value :  2.84656e-09
 Reference value :  2.85456e-09
 Reference value :  2.86256e-09
 Reference value :  2.87056e-09
 Reference value :  2.87856e-09
 Reference value :  2.88656e-09
 Reference value :  2.89456e-09
 Reference value :  2.90056e-09
 Reference value :  2.91056e-09
 Reference value :  2.92056e-09
 Reference value :  2.93056e-09
 Reference value :  2.94056e-09
 Reference value :  2.94856e-09
 Reference value :  2.95656e-09
 Reference value :  2.96456e-09
 Reference value :  2.97056e-09
 Reference value :  2.97856e-09
 Reference value :  2.98656e-09
 Reference value :  2.99656e-09
 Reference value :  3.00456e-09
 Reference value :  3.01056e-09
 Reference value :  3.01856e-09
 Reference value :  3.02656e-09
 Reference value :  3.03256e-09
 Reference value :  3.04056e-09
 Reference value :  3.05056e-09
 Reference value :  3.05856e-09
 Reference value :  3.06656e-09
 Reference value :  3.07456e-09
 Reference value :  3.08256e-09
 Reference value :  3.09056e-09
 Reference value :  3.09856e-09
 Reference value :  3.10456e-09
 Reference value :  3.11056e-09
 Reference value :  3.11856e-09
 Reference value :  3.12456e-09
 Reference value :  3.13056e-09
 Reference value :  3.14056e-09
 Reference value :  3.14856e-09
 Reference value :  3.15656e-09
 Reference value :  3.16456e-09
 Reference value :  3.17256e-09
 Reference value :  3.17856e-09
 Reference value :  3.18656e-09
 Reference value :  3.19456e-09
 Reference value :  3.20256e-09
 Reference value :  3.21056e-09
 Reference value :  3.21656e-09
 Reference value :  3.22456e-09
 Reference value :  3.23256e-09
 Reference value :  3.24056e-09
 Reference value :  3.24856e-09
 Reference value :  3.25656e-09
 Reference value :  3.26456e-09
 Reference value :  3.27056e-09
 Reference value :  3.27656e-09
 Reference value :  3.28456e-09
 Reference value :  3.29256e-09
 Reference value :  3.29856e-09
 Reference value :  3.30456e-09
 Reference value :  3.31256e-09
 Reference value :  3.32056e-09
 Reference value :  3.32856e-09
 Reference value :  3.33456e-09
 Reference value :  3.34256e-09
 Reference value :  3.35056e-09
 Reference value :  3.35856e-09
 Reference value :  3.36656e-09
 Reference value :  3.37256e-09
 Reference value :  3.38056e-09
 Reference value :  3.38656e-09
 Reference value :  3.39256e-09
 Reference value :  3.40056e-09
 Reference value :  3.40656e-09
 Reference value :  3.41456e-09
 Reference value :  3.42256e-09
 Reference value :  3.42856e-09
 Reference value :  3.43456e-09
 Reference value :  3.44256e-09
 Reference value :  3.45056e-09
 Reference value :  3.45856e-09
 Reference value :  3.46656e-09
 Reference value :  3.47256e-09
 Reference value :  3.48056e-09
 Reference value :  3.48856e-09
 Reference value :  3.49656e-09
 Reference value :  3.50256e-09
 Reference value :  3.51056e-09
 Reference value :  3.51856e-09
 Reference value :  3.52456e-09
 Reference value :  3.53056e-09
 Reference value :  3.53856e-09
 Reference value :  3.54456e-09
 Reference value :  3.55256e-09
 Reference value :  3.55856e-09
 Reference value :  3.56456e-09
 Reference value :  3.57256e-09
 Reference value :  3.57856e-09
 Reference value :  3.58456e-09
 Reference value :  3.59456e-09
 Reference value :  3.60256e-09
 Reference value :  3.61056e-09
 Reference value :  3.61856e-09
 Reference value :  3.62656e-09
 Reference value :  3.63456e-09
 Reference value :  3.64256e-09
 Reference value :  3.65056e-09
 Reference value :  3.65856e-09
 Reference value :  3.66656e-09
 Reference value :  3.67456e-09
 Reference value :  3.68256e-09
 Reference value :  3.68856e-09
 Reference value :  3.69656e-09
 Reference value :  3.70256e-09
 Reference value :  3.70856e-09
 Reference value :  3.71456e-09
 Reference value :  3.72256e-09
 Reference value :  3.72856e-09
 Reference value :  3.73456e-09
 Reference value :  3.74256e-09
 Reference value :  3.74856e-09
 Reference value :  3.75656e-09
 Reference value :  3.76456e-09
 Reference value :  3.77056e-09
 Reference value :  3.77656e-09
 Reference value :  3.78256e-09
 Reference value :  3.78856e-09
 Reference value :  3.79656e-09
 Reference value :  3.80256e-09
 Reference value :  3.81056e-09
 Reference value :  3.81856e-09
 Reference value :  3.82656e-09
 Reference value :  3.83456e-09
 Reference value :  3.84056e-09
 Reference value :  3.85056e-09
 Reference value :  3.85856e-09
 Reference value :  3.86656e-09
 Reference value :  3.87456e-09
 Reference value :  3.88456e-09
 Reference value :  3.89256e-09
 Reference value :  3.90056e-09
 Reference value :  3.90856e-09
 Reference value :  3.91656e-09
 Reference value :  3.92456e-09
 Reference value :  3.93256e-09
 Reference value :  3.94056e-09
 Reference value :  3.94856e-09
 Reference value :  3.95456e-09
 Reference value :  3.96256e-09
 Reference value :  3.97056e-09
 Reference value :  3.97856e-09
 Reference value :  3.98456e-09
 Reference value :  3.99256e-09
 Reference value :  4.00056e-09
 Reference value :  4.00656e-09
 Reference value :  4.01256e-09
 Reference value :  4.02056e-09
 Reference value :  4.02856e-09
 Reference value :  4.03456e-09
 Reference value :  4.04056e-09
 Reference value :  4.04656e-09
 Reference value :  4.05456e-09
 Reference value :  4.06056e-09
 Reference value :  4.06856e-09
 Reference value :  4.07456e-09
 Reference value :  4.08256e-09
 Reference value :  4.09056e-09
 Reference value :  4.09656e-09
 Reference value :  4.10256e-09
 Reference value :  4.10856e-09
 Reference value :  4.11656e-09
 Reference value :  4.12456e-09
 Reference value :  4.13256e-09
 Reference value :  4.14056e-09
 Reference value :  4.14856e-09
 Reference value :  4.15656e-09
 Reference value :  4.16656e-09
 Reference value :  4.17256e-09
 Reference value :  4.18056e-09
 Reference value :  4.18656e-09
 Reference value :  4.19456e-09
 Reference value :  4.20456e-09
 Reference value :  4.21056e-09
 Reference value :  4.21856e-09
 Reference value :  4.22456e-09
 Reference value :  4.23256e-09
 Reference value :  4.24056e-09
 Reference value :  4.24856e-09
 Reference value :  4.25456e-09
 Reference value :  4.26256e-09
 Reference value :  4.26856e-09
 Reference value :  4.27656e-09
 Reference value :  4.28256e-09
 Reference value :  4.29056e-09
 Reference value :  4.29856e-09
 Reference value :  4.30656e-09
 Reference value :  4.31256e-09
 Reference value :  4.32056e-09
 Reference value :  4.32856e-09
 Reference value :  4.33856e-09
 Reference value :  4.34656e-09
 Reference value :  4.35456e-09
 Reference value :  4.36056e-09
 Reference value :  4.36656e-09
 Reference value :  4.37256e-09
 Reference value :  4.37856e-09
 Reference value :  4.38456e-09
 Reference value :  4.39256e-09
 Reference value :  4.40056e-09
 Reference value :  4.40856e-09
 Reference value :  4.41656e-09
 Reference value :  4.42256e-09
 Reference value :  4.42856e-09
 Reference value :  4.43656e-09
 Reference value :  4.44256e-09
 Reference value :  4.44856e-09
 Reference value :  4.45456e-09
 Reference value :  4.46256e-09
 Reference value :  4.46856e-09
 Reference value :  4.47656e-09
 Reference value :  4.48256e-09
 Reference value :  4.48856e-09
 Reference value :  4.49456e-09
 Reference value :  4.50056e-09
 Reference value :  4.50656e-09
 Reference value :  4.51256e-09
 Reference value :  4.51856e-09
 Reference value :  4.52456e-09
 Reference value :  4.53056e-09
 Reference value :  4.53856e-09
 Reference value :  4.54456e-09
 Reference value :  4.55056e-09
 Reference value :  4.55656e-09
 Reference value :  4.56456e-09
 Reference value :  4.57056e-09
 Reference value :  4.57656e-09
 Reference value :  4.58256e-09
 Reference value :  4.59056e-09
 Reference value :  4.59856e-09
 Reference value :  4.60456e-09
 Reference value :  4.61056e-09
 Reference value :  4.61656e-09
 Reference value :  4.62256e-09
 Reference value :  4.62856e-09
 Reference value :  4.63456e-09
 Reference value :  4.64256e-09
 Reference value :  4.65056e-09
 Reference value :  4.65856e-09
 Reference value :  4.66656e-09
 Reference value :  4.67456e-09
 Reference value :  4.68056e-09
 Reference value :  4.68856e-09
 Reference value :  4.69456e-09
 Reference value :  4.70056e-09
 Reference value :  4.70856e-09
 Reference value :  4.71456e-09
 Reference value :  4.72056e-09
 Reference value :  4.72856e-09
 Reference value :  4.73856e-09
 Reference value :  4.74456e-09
 Reference value :  4.75056e-09
 Reference value :  4.75656e-09
 Reference value :  4.76256e-09
 Reference value :  4.77056e-09
 Reference value :  4.77656e-09
 Reference value :  4.78256e-09
 Reference value :  4.78856e-09
 Reference value :  4.79456e-09
 Reference value :  4.80056e-09
 Reference value :  4.80856e-09
 Reference value :  4.81656e-09
 Reference value :  4.82456e-09
 Reference value :  4.83056e-09
 Reference value :  4.83656e-09
 Reference value :  4.84256e-09
 Reference value :  4.84856e-09
 Reference value :  4.85656e-09
 Reference value :  4.86456e-09
 Reference value :  4.87256e-09
 Reference value :  4.87856e-09
 Reference value :  4.88656e-09
 Reference value :  4.89256e-09
 Reference value :  4.89856e-09
 Reference value :  4.90656e-09
 Reference value :  4.91456e-09
 Reference value :  4.92256e-09
 Reference value :  4.92856e-09
 Reference value :  4.93456e-09
 Reference value :  4.94056e-09
 Reference value :  4.94656e-09
 Reference value :  4.95256e-09
 Reference value :  4.95856e-09
 Reference value :  4.96656e-09
 Reference value :  4.97456e-09
 Reference value :  4.98256e-09
 Reference value :  4.99056e-09
 Reference value :  4.99828e-09
 Reference value :  5.00060e-09
 Reference value :  5.00700e-09
 Reference value :  5.01300e-09
 Reference value :  5.02100e-09
 Reference value :  5.02700e-09
 Reference value :  5.03300e-09
 Reference value :  5.03900e-09
 Reference value :  5.04500e-09
 Reference value :  5.05100e-09
 Reference value :  5.05700e-09
 Reference value :  5.06300e-09
 Reference value :  5.06900e-09
 Reference value :  5.07500e-09
 Reference value :  5.08100e-09
 Reference value :  5.08700e-09
 Reference value :  5.09300e-09
 Reference value :  5.10000e-09
 Reference value :  5.10140e-09
 Reference value :  5.10700e-09
 Reference value :  5.11300e-09
 Reference value :  5.11900e-09
 Reference value :  5.12500e-09
 Reference value :  5.13100e-09
 Reference value :  5.13900e-09
 Reference value :  5.14700e-09
 Reference value :  5.15300e-09
 Reference value :  5.16100e-09
 Reference value :  5.16700e-09
 Reference value :  5.17300e-09
 Reference value :  5.17900e-09
 Reference value :  5.18500e-09
 Reference value :  5.19100e-09
 Reference value :  5.19700e-09
 Reference value :  5.20500e-09
 Reference value :  5.21100e-09
 Reference value :  5.21700e-09
 Reference value :  5.22500e-09
 Reference value :  5.23300e-09
 Reference value :  5.23900e-09
 Reference value :  5.24700e-09
 Reference value :  5.25300e-09
 Reference value :  5.25900e-09
 Reference value :  5.26500e-09
 Reference value :  5.27300e-09
 Reference value :  5.28100e-09
 Reference value :  5.28900e-09
 Reference value :  5.29500e-09
 Reference value :  5.30300e-09
 Reference value :  5.31100e-09
 Reference value :  5.31900e-09
 Reference value :  5.32700e-09
 Reference value :  5.33500e-09
 Reference value :  5.34100e-09
 Reference value :  5.34700e-09
 Reference value :  5.35500e-09
 Reference value :  5.36100e-09
 Reference value :  5.36900e-09
 Reference value :  5.37500e-09
 Reference value :  5.38100e-09
 Reference value :  5.38900e-09
 Reference value :  5.39700e-09
 Reference value :  5.40500e-09
 Reference value :  5.41100e-09
 Reference value :  5.41900e-09
 Reference value :  5.42700e-09
 Reference value :  5.43300e-09
 Reference value :  5.44100e-09
 Reference value :  5.44900e-09
 Reference value :  5.45700e-09
 Reference value :  5.46300e-09
 Reference value :  5.46900e-09
 Reference value :  5.47700e-09
 Reference value :  5.48500e-09
 Reference value :  5.49300e-09
 Reference value :  5.50100e-09
 Reference value :  5.50900e-09
 Reference value :  5.51700e-09
 Reference value :  5.52300e-09
 Reference value :  5.52900e-09
 Reference value :  5.53500e-09
 Reference value :  5.54100e-09
 Reference value :  5.54900e-09
 Reference value :  5.55700e-09
 Reference value :  5.56500e-09
 Reference value :  5.57300e-09
 Reference value :  5.58100e-09
 Reference value :  5.58900e-09
 Reference value :  5.59500e-09
 Reference value :  5.60300e-09
 Reference value :  5.61100e-09
 Reference value :  5.61900e-09
 Reference value :  5.62900e-09
 Reference value :  5.64300e-09
 Reference value :  5.65100e-09
 Reference value :  5.65900e-09
 Reference value :  5.66500e-09
 Reference value :  5.67300e-09
 Reference value :  5.68100e-09
 Reference value :  5.68900e-09
 Reference value :  5.69500e-09
 Reference value :  5.70100e-09
 Reference value :  5.70700e-09
 Reference value :  5.71500e-09
 Reference value :  5.72100e-09
 Reference value :  5.72700e-09
 Reference value :  5.73500e-09
 Reference value :  5.74300e-09
 Reference value :  5.74900e-09
 Reference value :  5.75700e-09
 Reference value :  5.76500e-09
 Reference value :  5.77100e-09
 Reference value :  5.77700e-09
 Reference value :  5.78500e-09
 Reference value :  5.79100e-09
 Reference value :  5.79900e-09
 Reference value :  5.80700e-09
 Reference value :  5.81300e-09
 Reference value :  5.82100e-09
 Reference value :  5.83100e-09
 Reference value :  5.83900e-09
 Reference value :  5.84500e-09
 Reference value :  5.85300e-09
 Reference value :  5.86100e-09
 Reference value :  5.86900e-09
 Reference value :  5.87700e-09
 Reference value :  5.88500e-09
 Reference value :  5.89100e-09
 Reference value :  5.89900e-09
 Reference value :  5.90700e-09
 Reference value :  5.91300e-09
 Reference value :  5.91900e-09
 Reference value :  5.92500e-09
 Reference value :  5.93100e-09
 Reference value :  5.93700e-09
 Reference value :  5.94300e-09
 Reference value :  5.94900e-09
 Reference value :  5.95500e-09
 Reference value :  5.96100e-09
 Reference value :  5.96700e-09
 Reference value :  5.97300e-09
 Reference value :  5.97900e-09
 Reference value :  5.98700e-09
 Reference value :  5.99500e-09
 Reference value :  6.00300e-09
 Reference value :  6.01100e-09
 Reference value :  6.01900e-09
 Reference value :  6.02500e-09
 Reference value :  6.03300e-09
 Reference value :  6.03900e-09
 Reference value :  6.04700e-09
 Reference value :  6.05500e-09
 Reference value :  6.06100e-09
 Reference value :  6.06900e-09
 Reference value :  6.07700e-09
 Reference value :  6.08500e-09
 Reference value :  6.09100e-09
 Reference value :  6.09700e-09
 Reference value :  6.10300e-09
 Reference value :  6.11100e-09
 Reference value :  6.11900e-09
 Reference value :  6.12700e-09
 Reference value :  6.13300e-09
 Reference value :  6.13900e-09
 Reference value :  6.14500e-09
 Reference value :  6.15300e-09
 Reference value :  6.16100e-09
 Reference value :  6.16700e-09
 Reference value :  6.17300e-09
 Reference value :  6.17900e-09
 Reference value :  6.18700e-09
 Reference value :  6.19300e-09
 Reference value :  6.19900e-09
 Reference value :  6.20700e-09
 Reference value :  6.21300e-09
 Reference value :  6.21900e-09
 Reference value :  6.22500e-09
 Reference value :  6.23100e-09
 Reference value :  6.23900e-09
 Reference value :  6.24500e-09
 Reference value :  6.25100e-09
 Reference value :  6.25700e-09
 Reference value :  6.26300e-09
 Reference value :  6.27100e-09
 Reference value :  6.27700e-09
 Reference value :  6.28500e-09
 Reference value :  6.29300e-09
 Reference value :  6.29900e-09
 Reference value :  6.30700e-09
 Reference value :  6.31500e-09
 Reference value :  6.32500e-09
 Reference value :  6.33100e-09
 Reference value :  6.33900e-09
 Reference value :  6.34700e-09
 Reference value :  6.35300e-09
 Reference value :  6.35900e-09
 Reference value :  6.36500e-09
 Reference value :  6.37300e-09
 Reference value :  6.38300e-09
 Reference value :  6.38900e-09
 Reference value :  6.39500e-09
 Reference value :  6.40300e-09
 Reference value :  6.41100e-09
 Reference value :  6.41700e-09
 Reference value :  6.42500e-09
 Reference value :  6.43100e-09
 Reference value :  6.43700e-09
 Reference value :  6.44300e-09
 Reference value :  6.45100e-09
 Reference value :  6.45700e-09
 Reference value :  6.46300e-09
 Reference value :  6.46900e-09
 Reference value :  6.47700e-09
 Reference value :  6.48300e-09
 Reference value :  6.48900e-09
 Reference value :  6.49700e-09
 Reference value :  6.50500e-09
 Reference value :  6.51100e-09
 Reference value :  6.51900e-09
 Reference value :  6.52500e-09
 Reference value :  6.53100e-09
 Reference value :  6.53700e-09
 Reference value :  6.54300e-09
 Reference value :  6.54900e-09
 Reference value :  6.55700e-09
 Reference value :  6.56500e-09
 Reference value :  6.57300e-09
 Reference value :  6.57900e-09
 Reference value :  6.58700e-09
 Reference value :  6.59500e-09
 Reference value :  6.60100e-09
 Reference value :  6.60900e-09
 Reference value :  6.61500e-09
 Reference value :  6.62100e-09
 Reference value :  6.62700e-09
 Reference value :  6.63300e-09
 Reference value :  6.63900e-09
 Reference value :  6.64700e-09
 Reference value :  6.65300e-09
 Reference value :  6.66100e-09
 Reference value :  6.66900e-09
 Reference value :  6.67700e-09
 Reference value :  6.68500e-09
 Reference value :  6.69100e-09
 Reference value :  6.69900e-09
 Reference value :  6.70500e-09
 Reference value :  6.71100e-09
 Reference value :  6.71900e-09
 Reference value :  6.72500e-09
 Reference value :  6.73100e-09
 Reference value :  6.73900e-09
 Reference value :  6.74500e-09
 Reference value :  6.75100e-09
 Reference value :  6.75900e-09
 Reference value :  6.76500e-09
 Reference value :  6.77500e-09
 Reference value :  6.78700e-09
 Reference value :  6.79500e-09
 Reference value :  6.80300e-09
 Reference value :  6.81100e-09
 Reference value :  6.81900e-09
 Reference value :  6.82700e-09
 Reference value :  6.83500e-09
 Reference value :  6.84100e-09
 Reference value :  6.84900e-09
 Reference value :  6.85700e-09
 Reference value :  6.86500e-09
 Reference value :  6.87300e-09
 Reference value :  6.88100e-09
 Reference value :  6.88900e-09
 Reference value :  6.89900e-09
 Reference value :  6.90700e-09
 Reference value :  6.91500e-09
 Reference value :  6.92500e-09
 Reference value :  6.93300e-09
 Reference value :  6.94100e-09
 Reference value :  6.94900e-09
 Reference value :  6.95500e-09
 Reference value :  6.96100e-09
 Reference value :  6.96700e-09
 Reference value :  6.97300e-09
 Reference value :  6.97900e-09
 Reference value :  6.98500e-09
 Reference value :  6.99300e-09
 Reference value :  7.00100e-09
 Reference value :  7.01100e-09
 Reference value :  7.02100e-09
 Reference value :  7.02700e-09
 Reference value :  7.03300e-09
 Reference value :  7.03900e-09
 Reference value :  7.04700e-09
 Reference value :  7.05300e-09
 Reference value :  7.06100e-09
 Reference value :  7.06900e-09
 Reference value :  7.07500e-09
 Reference value :  7.08100e-09
 Reference value :  7.08900e-09
 Reference value :  7.09500e-09
 Reference value :  7.10100e-09
 Reference value :  7.10900e-09
 Reference value :  7.11700e-09
 Reference value :  7.12300e-09
 Reference value :  7.12900e-09
 Reference value :  7.13700e-09
 Reference value :  7.14500e-09
 Reference value :  7.15300e-09
 Reference value :  7.16100e-09
 Reference value :  7.16900e-09
 Reference value :  7.17700e-09
 Reference value :  7.18500e-09
 Reference value :  7.19100e-09
 Reference value :  7.19700e-09
 Reference value :  7.20300e-09
 Reference value :  7.20900e-09
 Reference value :  7.21500e-09
 Reference value :  7.22300e-09
 Reference value :  7.23100e-09
 Reference value :  7.23700e-09
 Reference value :  7.24500e-09
 Reference value :  7.25100e-09
 Reference value :  7.25700e-09
 Reference value :  7.26500e-09
 Reference value :  7.27100e-09
 Reference value :  7.27900e-09
 Reference value :  7.28700e-09
 Reference value :  7.29300e-09
 Reference value :  7.29900e-09
 Reference value :  7.30500e-09
 Reference value :  7.31300e-09
 Reference value :  7.31900e-09
 Reference value :  7.32700e-09
 Reference value :  7.33300e-09
 Reference value :  7.34100e-09
 Reference value :  7.34700e-09
 Reference value :  7.35300e-09
 Reference value :  7.35900e-09
 Reference value :  7.36700e-09
 Reference value :  7.37300e-09
 Reference value :  7.38100e-09
 Reference value :  7.38900e-09
 Reference value :  7.39900e-09
 Reference value :  7.40500e-09
 Reference value :  7.41300e-09
 Reference value :  7.41900e-09
 Reference value :  7.42500e-09
 Reference value :  7.43300e-09
 Reference value :  7.43900e-09
 Reference value :  7.44500e-09
 Reference value :  7.45300e-09
 Reference value :  7.46100e-09
 Reference value :  7.46700e-09
 Reference value :  7.47300e-09
 Reference value :  7.48100e-09
 Reference value :  7.48900e-09
 Reference value :  7.49700e-09
 Reference value :  7.50300e-09
 Reference value :  7.51100e-09
 Reference value :  7.52100e-09
 Reference value :  7.52900e-09
 Reference value :  7.53500e-09
 Reference value :  7.54100e-09
 Reference value :  7.54700e-09
 Reference value :  7.55300e-09
 Reference value :  7.56100e-09
 Reference value :  7.56900e-09
 Reference value :  7.57700e-09
 Reference value :  7.58300e-09
 Reference value :  7.59100e-09
 Reference value :  7.59700e-09
No. of Data Rows : 3814
Note: Simulation executed from .control section 
