
Note: Compatibility modes selected: hs a


Circuit: * comparator-decision offset pick-off -- vindiff=0.0mv corner=tt_mm temp=27.0c seed=7 (issue #9)

option SCALE: Scale is set to 1e-06 for instance and model parameters
option SCALE: Scale is set to 1e-06 for instance and model parameters
option SCALE: Scale is set to 1e-06 for instance and model parameters
option SCALE: Scale is set to 1e-06 for instance and model parameters
Doing analysis at TEMP = 27.000000 and TNOM = 27.000000

Using KLU as Direct Linear Solver
 Reference value :  0.00000e+00
 Reference value :  1.60000e-13
 Reference value :  2.56000e-12
 Reference value :  1.05600e-11
 Reference value :  1.85600e-11
 Reference value :  2.65600e-11
 Reference value :  3.45600e-11
 Reference value :  4.45600e-11
 Reference value :  5.05600e-11
 Reference value :  5.65600e-11
 Reference value :  6.45600e-11
 Reference value :  7.25600e-11
 Reference value :  7.85600e-11
 Reference value :  8.65600e-11
 Reference value :  9.25600e-11
 Reference value :  1.00560e-10
 Reference value :  1.06560e-10
 Reference value :  1.12560e-10
 Reference value :  1.20560e-10
 Reference value :  1.28560e-10
 Reference value :  1.36560e-10
 Reference value :  1.44560e-10
 Reference value :  1.52560e-10
 Reference value :  1.60560e-10
 Reference value :  1.68560e-10
 Reference value :  1.76560e-10
 Reference value :  1.84560e-10
 Reference value :  1.92560e-10
 Reference value :  2.00560e-10
 Reference value :  2.06560e-10
 Reference value :  2.14560e-10
 Reference value :  2.22560e-10
 Reference value :  2.30560e-10
 Reference value :  2.38560e-10
 Reference value :  2.46560e-10
 Reference value :  2.54560e-10
 Reference value :  2.62560e-10
 Reference value :  2.68560e-10
 Reference value :  2.76560e-10
 Reference value :  2.84560e-10
 Reference value :  2.92560e-10
 Reference value :  3.00560e-10
 Reference value :  3.10560e-10
 Reference value :  3.18560e-10
 Reference value :  3.24560e-10
 Reference value :  3.32560e-10
 Reference value :  3.42560e-10
 Reference value :  3.52560e-10
 Reference value :  3.60560e-10
 Reference value :  3.66560e-10
 Reference value :  3.76560e-10
 Reference value :  3.84560e-10
 Reference value :  3.92560e-10
 Reference value :  4.02560e-10
 Reference value :  4.12560e-10
 Reference value :  4.20560e-10
 Reference value :  4.28560e-10
 Reference value :  4.36560e-10
 Reference value :  4.44560e-10
 Reference value :  4.50560e-10
 Reference value :  4.60560e-10
 Reference value :  4.70560e-10
 Reference value :  4.78560e-10
 Reference value :  4.88560e-10
 Reference value :  4.94560e-10
 Reference value :  5.00560e-10
 Reference value :  5.06560e-10
 Reference value :  5.12560e-10
 Reference value :  5.20560e-10
 Reference value :  5.28560e-10
 Reference value :  5.36560e-10
 Reference value :  5.46560e-10
 Reference value :  5.54560e-10
 Reference value :  5.64560e-10
 Reference value :  5.72560e-10
 Reference value :  5.78560e-10
 Reference value :  5.86560e-10
 Reference value :  5.94560e-10
 Reference value :  6.02560e-10
 Reference value :  6.08560e-10
 Reference value :  6.16560e-10
 Reference value :  6.24560e-10
 Reference value :  6.30560e-10
 Reference value :  6.36560e-10
 Reference value :  6.42560e-10
 Reference value :  6.50560e-10
 Reference value :  6.58560e-10
 Reference value :  6.64560e-10
 Reference value :  6.72560e-10
 Reference value :  6.80560e-10
 Reference value :  6.88560e-10
 Reference value :  6.98560e-10
 Reference value :  7.06560e-10
 Reference value :  7.12560e-10
 Reference value :  7.20560e-10
 Reference value :  7.26560e-10
 Reference value :  7.32560e-10
 Reference value :  7.40560e-10
 Reference value :  7.46560e-10
 Reference value :  7.54560e-10
 Reference value :  7.64560e-10
 Reference value :  7.72560e-10
 Reference value :  7.80560e-10
 Reference value :  7.88560e-10
 Reference value :  7.94560e-10
 Reference value :  8.02560e-10
 Reference value :  8.10560e-10
 Reference value :  8.18560e-10
 Reference value :  8.24560e-10
 Reference value :  8.32560e-10
 Reference value :  8.38560e-10
 Reference value :  8.46560e-10
 Reference value :  8.56560e-10
 Reference value :  8.64560e-10
 Reference value :  8.72560e-10
 Reference value :  8.80560e-10
 Reference value :  8.88560e-10
 Reference value :  8.96560e-10
 Reference value :  9.06560e-10
 Reference value :  9.14560e-10
 Reference value :  9.22560e-10
 Reference value :  9.30560e-10
 Reference value :  9.38560e-10
 Reference value :  9.46560e-10
 Reference value :  9.54560e-10
 Reference value :  9.64560e-10
 Reference value :  9.72560e-10
 Reference value :  9.80560e-10
 Reference value :  9.86560e-10
 Reference value :  9.92560e-10
 Reference value :  9.98560e-10
 Reference value :  1.00656e-09
 Reference value :  1.01456e-09
 Reference value :  1.02256e-09
 Reference value :  1.03056e-09
 Reference value :  1.03656e-09
 Reference value :  1.04456e-09
 Reference value :  1.05056e-09
 Reference value :  1.05856e-09
 Reference value :  1.06456e-09
 Reference value :  1.07456e-09
 Reference value :  1.08456e-09
 Reference value :  1.09056e-09
 Reference value :  1.10056e-09
 Reference value :  1.10656e-09
 Reference value :  1.11256e-09
 Reference value :  1.12056e-09
 Reference value :  1.12656e-09
 Reference value :  1.13456e-09
 Reference value :  1.14056e-09
 Reference value :  1.14656e-09
 Reference value :  1.15656e-09
 Reference value :  1.16456e-09
 Reference value :  1.17456e-09
 Reference value :  1.18456e-09
 Reference value :  1.19256e-09
 Reference value :  1.19856e-09
 Reference value :  1.20456e-09
 Reference value :  1.21256e-09
 Reference value :  1.22256e-09
 Reference value :  1.23256e-09
 Reference value :  1.24056e-09
 Reference value :  1.24856e-09
 Reference value :  1.25456e-09
 Reference value :  1.26256e-09
 Reference value :  1.27056e-09
 Reference value :  1.28056e-09
 Reference value :  1.28856e-09
 Reference value :  1.29856e-09
 Reference value :  1.30456e-09
 Reference value :  1.31256e-09
 Reference value :  1.32056e-09
 Reference value :  1.32656e-09
 Reference value :  1.33456e-09
 Reference value :  1.34256e-09
 Reference value :  1.35256e-09
 Reference value :  1.35856e-09
 Reference value :  1.36656e-09
 Reference value :  1.37456e-09
 Reference value :  1.38056e-09
 Reference value :  1.39056e-09
 Reference value :  1.39856e-09
 Reference value :  1.40656e-09
 Reference value :  1.41456e-09
 Reference value :  1.42256e-09
 Reference value :  1.43056e-09
 Reference value :  1.43656e-09
 Reference value :  1.44456e-09
 Reference value :  1.45056e-09
 Reference value :  1.45856e-09
 Reference value :  1.46656e-09
 Reference value :  1.47656e-09
 Reference value :  1.48656e-09
 Reference value :  1.49456e-09
 Reference value :  1.50256e-09
 Reference value :  1.50856e-09
 Reference value :  1.51456e-09
 Reference value :  1.52056e-09
 Reference value :  1.53056e-09
 Reference value :  1.53856e-09
 Reference value :  1.54656e-09
 Reference value :  1.55656e-09
 Reference value :  1.56456e-09
 Reference value :  1.57456e-09
 Reference value :  1.58056e-09
 Reference value :  1.58656e-09
 Reference value :  1.59256e-09
 Reference value :  1.60056e-09
 Reference value :  1.60856e-09
 Reference value :  1.61856e-09
 Reference value :  1.62456e-09
 Reference value :  1.63456e-09
 Reference value :  1.64256e-09
 Reference value :  1.64856e-09
 Reference value :  1.65656e-09
 Reference value :  1.66456e-09
 Reference value :  1.67456e-09
 Reference value :  1.68256e-09
 Reference value :  1.69256e-09
 Reference value :  1.70056e-09
 Reference value :  1.70856e-09
 Reference value :  1.71656e-09
 Reference value :  1.72256e-09
 Reference value :  1.73056e-09
 Reference value :  1.73856e-09
 Reference value :  1.74656e-09
 Reference value :  1.75456e-09
 Reference value :  1.76256e-09
 Reference value :  1.77056e-09
 Reference value :  1.77856e-09
 Reference value :  1.78656e-09
 Reference value :  1.79456e-09
 Reference value :  1.80256e-09
 Reference value :  1.81056e-09
 Reference value :  1.81856e-09
 Reference value :  1.82856e-09
 Reference value :  1.83656e-09
 Reference value :  1.84456e-09
 Reference value :  1.85256e-09
 Reference value :  1.86056e-09
 Reference value :  1.87056e-09
 Reference value :  1.88056e-09
 Reference value :  1.88856e-09
 Reference value :  1.89856e-09
 Reference value :  1.90856e-09
 Reference value :  1.91656e-09
 Reference value :  1.92456e-09
 Reference value :  1.93256e-09
 Reference value :  1.94256e-09
 Reference value :  1.95056e-09
 Reference value :  1.95856e-09
 Reference value :  1.96456e-09
 Reference value :  1.97056e-09
 Reference value :  1.98056e-09
 Reference value :  1.98856e-09
 Reference value :  1.99456e-09
 Reference value :  2.00256e-09
 Reference value :  2.01056e-09
 Reference value :  2.01856e-09
 Reference value :  2.02656e-09
 Reference value :  2.03456e-09
 Reference value :  2.04256e-09
 Reference value :  2.05056e-09
 Reference value :  2.05856e-09
 Reference value :  2.06456e-09
 Reference value :  2.07456e-09
 Reference value :  2.08256e-09
 Reference value :  2.09056e-09
 Reference value :  2.10056e-09
 Reference value :  2.10856e-09
 Reference value :  2.11656e-09
 Reference value :  2.12456e-09
 Reference value :  2.13256e-09
 Reference value :  2.14056e-09
 Reference value :  2.14856e-09
 Reference value :  2.15656e-09
 Reference value :  2.16456e-09
 Reference value :  2.17256e-09
 Reference value :  2.18056e-09
 Reference value :  2.18856e-09
 Reference value :  2.19856e-09
 Reference value :  2.20656e-09
 Reference value :  2.21256e-09
 Reference value :  2.22056e-09
 Reference value :  2.22656e-09
 Reference value :  2.23456e-09
 Reference value :  2.24456e-09
 Reference value :  2.25056e-09
 Reference value :  2.25856e-09
 Reference value :  2.26656e-09
 Reference value :  2.27256e-09
 Reference value :  2.28256e-09
 Reference value :  2.29056e-09
 Reference value :  2.29856e-09
 Reference value :  2.30456e-09
 Reference value :  2.31256e-09
 Reference value :  2.32056e-09
 Reference value :  2.32856e-09
 Reference value :  2.34056e-09
 Reference value :  2.35256e-09
 Reference value :  2.36056e-09
 Reference value :  2.37056e-09
 Reference value :  2.37856e-09
 Reference value :  2.38656e-09
 Reference value :  2.39456e-09
 Reference value :  2.40256e-09
 Reference value :  2.40856e-09
 Reference value :  2.41656e-09
 Reference value :  2.42656e-09
 Reference value :  2.43456e-09
 Reference value :  2.44456e-09
 Reference value :  2.45456e-09
 Reference value :  2.46456e-09
 Reference value :  2.47456e-09
 Reference value :  2.48456e-09
 Reference value :  2.49256e-09
 Reference value :  2.50056e-09
 Reference value :  2.50856e-09
 Reference value :  2.51656e-09
 Reference value :  2.52456e-09
 Reference value :  2.53256e-09
 Reference value :  2.54056e-09
 Reference value :  2.55056e-09
 Reference value :  2.55656e-09
 Reference value :  2.56456e-09
 Reference value :  2.57256e-09
 Reference value :  2.58056e-09
 Reference value :  2.58856e-09
 Reference value :  2.59656e-09
 Reference value :  2.60256e-09
 Reference value :  2.60856e-09
 Reference value :  2.61656e-09
 Reference value :  2.62456e-09
 Reference value :  2.63056e-09
 Reference value :  2.63856e-09
 Reference value :  2.64656e-09
 Reference value :  2.65656e-09
 Reference value :  2.66456e-09
 Reference value :  2.67456e-09
 Reference value :  2.68256e-09
 Reference value :  2.69056e-09
 Reference value :  2.70056e-09
 Reference value :  2.71056e-09
 Reference value :  2.71856e-09
 Reference value :  2.72656e-09
 Reference value :  2.73456e-09
 Reference value :  2.74256e-09
 Reference value :  2.74856e-09
 Reference value :  2.75656e-09
 Reference value :  2.76456e-09
 Reference value :  2.77456e-09
 Reference value :  2.78256e-09
 Reference value :  2.79056e-09
 Reference value :  2.80056e-09
 Reference value :  2.80856e-09
 Reference value :  2.81856e-09
 Reference value :  2.82656e-09
 Reference value :  2.83256e-09
 Reference value :  2.84056e-09
 Reference value :  2.84856e-09
 Reference value :  2.85856e-09
 Reference value :  2.86656e-09
 Reference value :  2.87656e-09
 Reference value :  2.88456e-09
 Reference value :  2.89256e-09
 Reference value :  2.90056e-09
 Reference value :  2.90856e-09
 Reference value :  2.91656e-09
 Reference value :  2.92656e-09
 Reference value :  2.93256e-09
 Reference value :  2.94256e-09
 Reference value :  2.95056e-09
 Reference value :  2.95856e-09
 Reference value :  2.96656e-09
 Reference value :  2.97456e-09
 Reference value :  2.98256e-09
 Reference value :  2.99056e-09
 Reference value :  2.99856e-09
 Reference value :  3.00656e-09
 Reference value :  3.01456e-09
 Reference value :  3.02456e-09
 Reference value :  3.03256e-09
 Reference value :  3.03856e-09
 Reference value :  3.04856e-09
 Reference value :  3.05856e-09
 Reference value :  3.06856e-09
 Reference value :  3.07456e-09
 Reference value :  3.08256e-09
 Reference value :  3.09056e-09
 Reference value :  3.10056e-09
 Reference value :  3.10856e-09
 Reference value :  3.11656e-09
 Reference value :  3.12456e-09
 Reference value :  3.13256e-09
 Reference value :  3.14056e-09
 Reference value :  3.15056e-09
 Reference value :  3.15856e-09
 Reference value :  3.16856e-09
 Reference value :  3.17656e-09
 Reference value :  3.18256e-09
 Reference value :  3.18856e-09
 Reference value :  3.19456e-09
 Reference value :  3.20056e-09
 Reference value :  3.20656e-09
 Reference value :  3.21456e-09
 Reference value :  3.22256e-09
 Reference value :  3.23056e-09
 Reference value :  3.23856e-09
 Reference value :  3.24656e-09
 Reference value :  3.25456e-09
 Reference value :  3.26256e-09
 Reference value :  3.27056e-09
 Reference value :  3.28056e-09
 Reference value :  3.28856e-09
 Reference value :  3.29656e-09
 Reference value :  3.30256e-09
 Reference value :  3.31056e-09
 Reference value :  3.32056e-09
 Reference value :  3.32856e-09
 Reference value :  3.33656e-09
 Reference value :  3.34456e-09
 Reference value :  3.35256e-09
 Reference value :  3.36256e-09
 Reference value :  3.37256e-09
 Reference value :  3.38256e-09
 Reference value :  3.39256e-09
 Reference value :  3.40056e-09
 Reference value :  3.40856e-09
 Reference value :  3.41656e-09
 Reference value :  3.42456e-09
 Reference value :  3.43256e-09
 Reference value :  3.43856e-09
 Reference value :  3.44656e-09
 Reference value :  3.45456e-09
 Reference value :  3.46456e-09
 Reference value :  3.47456e-09
 Reference value :  3.48456e-09
 Reference value :  3.49256e-09
 Reference value :  3.50056e-09
 Reference value :  3.50856e-09
 Reference value :  3.51856e-09
 Reference value :  3.52656e-09
 Reference value :  3.53456e-09
 Reference value :  3.54456e-09
 Reference value :  3.55456e-09
 Reference value :  3.56456e-09
 Reference value :  3.57256e-09
 Reference value :  3.58056e-09
 Reference value :  3.58856e-09
 Reference value :  3.59656e-09
 Reference value :  3.60456e-09
 Reference value :  3.61256e-09
 Reference value :  3.62056e-09
 Reference value :  3.63056e-09
 Reference value :  3.64056e-09
 Reference value :  3.64856e-09
 Reference value :  3.65856e-09
 Reference value :  3.66656e-09
 Reference value :  3.67456e-09
 Reference value :  3.68456e-09
 Reference value :  3.69456e-09
 Reference value :  3.70456e-09
 Reference value :  3.71256e-09
 Reference value :  3.72056e-09
 Reference value :  3.72656e-09
 Reference value :  3.73456e-09
 Reference value :  3.74056e-09
 Reference value :  3.74856e-09
 Reference value :  3.75656e-09
 Reference value :  3.76656e-09
 Reference value :  3.77656e-09
 Reference value :  3.78656e-09
 Reference value :  3.79456e-09
 Reference value :  3.80256e-09
 Reference value :  3.80856e-09
 Reference value :  3.81656e-09
 Reference value :  3.82456e-09
 Reference value :  3.83256e-09
 Reference value :  3.84056e-09
 Reference value :  3.85056e-09
 Reference value :  3.85856e-09
 Reference value :  3.86856e-09
 Reference value :  3.87656e-09
 Reference value :  3.88256e-09
 Reference value :  3.89256e-09
 Reference value :  3.90256e-09
 Reference value :  3.91056e-09
 Reference value :  3.92056e-09
 Reference value :  3.93056e-09
 Reference value :  3.94056e-09
 Reference value :  3.94856e-09
 Reference value :  3.95856e-09
 Reference value :  3.96656e-09
 Reference value :  3.97256e-09
 Reference value :  3.98056e-09
 Reference value :  3.99056e-09
 Reference value :  4.00056e-09
 Reference value :  4.01056e-09
 Reference value :  4.02056e-09
 Reference value :  4.03056e-09
 Reference value :  4.03856e-09
 Reference value :  4.04656e-09
 Reference value :  4.05656e-09
 Reference value :  4.06456e-09
 Reference value :  4.07256e-09
 Reference value :  4.08056e-09
 Reference value :  4.08856e-09
 Reference value :  4.09656e-09
 Reference value :  4.10656e-09
 Reference value :  4.11656e-09
 Reference value :  4.12656e-09
 Reference value :  4.13256e-09
 Reference value :  4.13856e-09
 Reference value :  4.14456e-09
 Reference value :  4.15056e-09
 Reference value :  4.15656e-09
 Reference value :  4.16256e-09
 Reference value :  4.16856e-09
 Reference value :  4.17456e-09
 Reference value :  4.18256e-09
 Reference value :  4.18856e-09
 Reference value :  4.19656e-09
 Reference value :  4.20456e-09
 Reference value :  4.21256e-09
 Reference value :  4.21856e-09
 Reference value :  4.22656e-09
 Reference value :  4.23256e-09
 Reference value :  4.24056e-09
 Reference value :  4.24856e-09
 Reference value :  4.25656e-09
 Reference value :  4.26656e-09
 Reference value :  4.27456e-09
 Reference value :  4.28256e-09
 Reference value :  4.29056e-09
 Reference value :  4.29856e-09
 Reference value :  4.30656e-09
 Reference value :  4.31456e-09
 Reference value :  4.32256e-09
 Reference value :  4.33056e-09
 Reference value :  4.33856e-09
 Reference value :  4.34656e-09
 Reference value :  4.35656e-09
 Reference value :  4.36256e-09
 Reference value :  4.37056e-09
 Reference value :  4.37856e-09
 Reference value :  4.38656e-09
 Reference value :  4.39656e-09
 Reference value :  4.40456e-09
 Reference value :  4.41256e-09
 Reference value :  4.41856e-09
 Reference value :  4.42656e-09
 Reference value :  4.43856e-09
 Reference value :  4.44456e-09
 Reference value :  4.45256e-09
 Reference value :  4.46056e-09
 Reference value :  4.46856e-09
 Reference value :  4.47656e-09
 Reference value :  4.48656e-09
 Reference value :  4.49656e-09
 Reference value :  4.50656e-09
 Reference value :  4.51456e-09
 Reference value :  4.52456e-09
 Reference value :  4.53256e-09
 Reference value :  4.54056e-09
 Reference value :  4.54856e-09
 Reference value :  4.55656e-09
 Reference value :  4.56256e-09
 Reference value :  4.56856e-09
 Reference value :  4.57656e-09
 Reference value :  4.58256e-09
 Reference value :  4.59056e-09
 Reference value :  4.59856e-09
 Reference value :  4.60656e-09
 Reference value :  4.61456e-09
 Reference value :  4.62056e-09
 Reference value :  4.62856e-09
 Reference value :  4.63856e-09
 Reference value :  4.64856e-09
 Reference value :  4.65656e-09
 Reference value :  4.66656e-09
 Reference value :  4.67456e-09
 Reference value :  4.68256e-09
 Reference value :  4.69256e-09
 Reference value :  4.70056e-09
 Reference value :  4.70856e-09
 Reference value :  4.71656e-09
 Reference value :  4.72456e-09
 Reference value :  4.73256e-09
 Reference value :  4.74056e-09
 Reference value :  4.74856e-09
 Reference value :  4.75656e-09
 Reference value :  4.76456e-09
 Reference value :  4.77456e-09
 Reference value :  4.78456e-09
 Reference value :  4.79256e-09
 Reference value :  4.80256e-09
 Reference value :  4.81256e-09
 Reference value :  4.82056e-09
 Reference value :  4.82856e-09
 Reference value :  4.83856e-09
 Reference value :  4.84656e-09
 Reference value :  4.85256e-09
 Reference value :  4.86256e-09
 Reference value :  4.87056e-09
 Reference value :  4.87856e-09
 Reference value :  4.88656e-09
 Reference value :  4.89656e-09
 Reference value :  4.90856e-09
 Reference value :  4.91656e-09
 Reference value :  4.92456e-09
 Reference value :  4.93256e-09
 Reference value :  4.94056e-09
 Reference value :  4.94656e-09
 Reference value :  4.95656e-09
 Reference value :  4.96456e-09
 Reference value :  4.97256e-09
 Reference value :  4.98056e-09
 Reference value :  4.99056e-09
 Reference value :  4.99828e-09
 Reference value :  5.00140e-09
 Reference value :  5.00900e-09
 Reference value :  5.01700e-09
 Reference value :  5.02300e-09
 Reference value :  5.03300e-09
 Reference value :  5.04100e-09
 Reference value :  5.05100e-09
 Reference value :  5.05900e-09
 Reference value :  5.06700e-09
 Reference value :  5.07500e-09
 Reference value :  5.08300e-09
 Reference value :  5.09100e-09
 Reference value :  5.09850e-09
 Reference value :  5.10140e-09
 Reference value :  5.10900e-09
 Reference value :  5.11900e-09
 Reference value :  5.12900e-09
 Reference value :  5.13900e-09
 Reference value :  5.14900e-09
 Reference value :  5.15700e-09
 Reference value :  5.16700e-09
 Reference value :  5.17300e-09
 Reference value :  5.18100e-09
 Reference value :  5.18700e-09
 Reference value :  5.19700e-09
 Reference value :  5.20900e-09
 Reference value :  5.21700e-09
 Reference value :  5.22300e-09
 Reference value :  5.23100e-09
 Reference value :  5.23900e-09
 Reference value :  5.24900e-09
 Reference value :  5.25700e-09
 Reference value :  5.26500e-09
 Reference value :  5.27100e-09
 Reference value :  5.27900e-09
 Reference value :  5.28700e-09
 Reference value :  5.29500e-09
 Reference value :  5.30500e-09
 Reference value :  5.31300e-09
 Reference value :  5.32100e-09
 Reference value :  5.32900e-09
 Reference value :  5.33500e-09
 Reference value :  5.34100e-09
 Reference value :  5.34900e-09
 Reference value :  5.35500e-09
 Reference value :  5.36300e-09
 Reference value :  5.37100e-09
 Reference value :  5.37900e-09
 Reference value :  5.41100e-09
 Reference value :  5.41900e-09
 Reference value :  5.42900e-09
 Reference value :  5.43700e-09
 Reference value :  5.44500e-09
 Reference value :  5.45300e-09
 Reference value :  5.46300e-09
 Reference value :  5.47100e-09
 Reference value :  5.48100e-09
 Reference value :  5.48900e-09
 Reference value :  5.49700e-09
 Reference value :  5.50500e-09
 Reference value :  5.51300e-09
 Reference value :  5.52100e-09
 Reference value :  5.52900e-09
 Reference value :  5.53700e-09
 Reference value :  5.54500e-09
 Reference value :  5.55300e-09
 Reference value :  5.56300e-09
 Reference value :  5.57100e-09
 Reference value :  5.58100e-09
 Reference value :  5.59100e-09
 Reference value :  5.60100e-09
 Reference value :  5.60900e-09
 Reference value :  5.61700e-09
 Reference value :  5.62700e-09
 Reference value :  5.63500e-09
 Reference value :  5.64300e-09
 Reference value :  5.65100e-09
 Reference value :  5.65700e-09
 Reference value :  5.66500e-09
 Reference value :  5.67300e-09
 Reference value :  5.67900e-09
 Reference value :  5.68500e-09
 Reference value :  5.69300e-09
 Reference value :  5.70100e-09
 Reference value :  5.70900e-09
 Reference value :  5.71500e-09
 Reference value :  5.72300e-09
 Reference value :  5.72900e-09
 Reference value :  5.73500e-09
 Reference value :  5.74100e-09
 Reference value :  5.75100e-09
 Reference value :  5.75900e-09
 Reference value :  5.76500e-09
 Reference value :  5.77300e-09
 Reference value :  5.78100e-09
 Reference value :  5.78900e-09
 Reference value :  5.79900e-09
 Reference value :  5.80700e-09
 Reference value :  5.81700e-09
 Reference value :  5.82700e-09
 Reference value :  5.83500e-09
 Reference value :  5.84500e-09
 Reference value :  5.85100e-09
 Reference value :  5.85700e-09
 Reference value :  5.86300e-09
 Reference value :  5.86900e-09
 Reference value :  5.87700e-09
 Reference value :  5.88700e-09
 Reference value :  5.89700e-09
 Reference value :  5.90500e-09
 Reference value :  5.91300e-09
 Reference value :  5.92300e-09
 Reference value :  5.93300e-09
 Reference value :  5.94100e-09
 Reference value :  5.94900e-09
 Reference value :  5.95900e-09
 Reference value :  5.96700e-09
 Reference value :  5.97500e-09
 Reference value :  5.98100e-09
 Reference value :  5.98700e-09
 Reference value :  5.99500e-09
 Reference value :  6.00300e-09
 Reference value :  6.01100e-09
 Reference value :  6.01900e-09
 Reference value :  6.02700e-09
 Reference value :  6.03500e-09
 Reference value :  6.04300e-09
 Reference value :  6.05100e-09
 Reference value :  6.05700e-09
 Reference value :  6.06900e-09
 Reference value :  6.07700e-09
 Reference value :  6.08700e-09
 Reference value :  6.09500e-09
 Reference value :  6.10500e-09
 Reference value :  6.11300e-09
 Reference value :  6.12100e-09
 Reference value :  6.13100e-09
 Reference value :  6.13900e-09
 Reference value :  6.14900e-09
 Reference value :  6.15500e-09
 Reference value :  6.16500e-09
 Reference value :  6.17500e-09
 Reference value :  6.18500e-09
 Reference value :  6.19500e-09
 Reference value :  6.20300e-09
 Reference value :  6.20900e-09
 Reference value :  6.21700e-09
 Reference value :  6.22500e-09
 Reference value :  6.23300e-09
 Reference value :  6.24100e-09
 Reference value :  6.24900e-09
 Reference value :  6.25900e-09
 Reference value :  6.26700e-09
 Reference value :  6.27500e-09
 Reference value :  6.28500e-09
 Reference value :  6.29300e-09
 Reference value :  6.30100e-09
 Reference value :  6.30900e-09
 Reference value :  6.31700e-09
 Reference value :  6.32500e-09
 Reference value :  6.33500e-09
 Reference value :  6.34300e-09
 Reference value :  6.35100e-09
 Reference value :  6.36100e-09
 Reference value :  6.37100e-09
 Reference value :  6.37900e-09
 Reference value :  6.38700e-09
 Reference value :  6.39700e-09
 Reference value :  6.40700e-09
 Reference value :  6.41500e-09
 Reference value :  6.42300e-09
 Reference value :  6.43100e-09
 Reference value :  6.44100e-09
 Reference value :  6.44900e-09
 Reference value :  6.45900e-09
 Reference value :  6.46700e-09
 Reference value :  6.47500e-09
 Reference value :  6.48500e-09
 Reference value :  6.49300e-09
 Reference value :  6.50100e-09
 Reference value :  6.51100e-09
 Reference value :  6.51900e-09
 Reference value :  6.52500e-09
 Reference value :  6.53500e-09
 Reference value :  6.54500e-09
 Reference value :  6.55100e-09
 Reference value :  6.55700e-09
 Reference value :  6.56700e-09
 Reference value :  6.57700e-09
 Reference value :  6.58700e-09
 Reference value :  6.59500e-09
 Reference value :  6.60300e-09
 Reference value :  6.61100e-09
 Reference value :  6.62100e-09
 Reference value :  6.63100e-09
 Reference value :  6.63900e-09
 Reference value :  6.64500e-09
 Reference value :  6.65500e-09
 Reference value :  6.66300e-09
 Reference value :  6.66900e-09
 Reference value :  6.67700e-09
 Reference value :  6.68500e-09
 Reference value :  6.69300e-09
 Reference value :  6.70300e-09
 Reference value :  6.70900e-09
 Reference value :  6.71700e-09
 Reference value :  6.72500e-09
 Reference value :  6.73300e-09
 Reference value :  6.74100e-09
 Reference value :  6.74900e-09
 Reference value :  6.75700e-09
 Reference value :  6.76700e-09
 Reference value :  6.77700e-09
 Reference value :  6.78700e-09
 Reference value :  6.79500e-09
 Reference value :  6.80500e-09
 Reference value :  6.81300e-09
 Reference value :  6.81900e-09
 Reference value :  6.82900e-09
 Reference value :  6.83900e-09
 Reference value :  6.84700e-09
 Reference value :  6.85300e-09
 Reference value :  6.86300e-09
 Reference value :  6.87100e-09
 Reference value :  6.88100e-09
 Reference value :  6.88900e-09
 Reference value :  6.89700e-09
 Reference value :  6.90500e-09
 Reference value :  6.91300e-09
 Reference value :  6.92100e-09
 Reference value :  6.92900e-09
 Reference value :  6.93900e-09
 Reference value :  6.94700e-09
 Reference value :  6.95500e-09
 Reference value :  6.96300e-09
 Reference value :  6.97100e-09
 Reference value :  6.97900e-09
 Reference value :  6.98500e-09
 Reference value :  6.99300e-09
 Reference value :  7.00100e-09
 Reference value :  7.01100e-09
 Reference value :  7.01900e-09
 Reference value :  7.02700e-09
 Reference value :  7.03300e-09
 Reference value :  7.04100e-09
 Reference value :  7.04900e-09
 Reference value :  7.05700e-09
 Reference value :  7.06700e-09
 Reference value :  7.07300e-09
 Reference value :  7.08100e-09
 Reference value :  7.08900e-09
 Reference value :  7.09900e-09
 Reference value :  7.10700e-09
 Reference value :  7.11500e-09
 Reference value :  7.12300e-09
 Reference value :  7.13100e-09
 Reference value :  7.13900e-09
 Reference value :  7.14700e-09
 Reference value :  7.15500e-09
 Reference value :  7.16500e-09
 Reference value :  7.17300e-09
 Reference value :  7.18100e-09
 Reference value :  7.18900e-09
 Reference value :  7.19700e-09
 Reference value :  7.20500e-09
 Reference value :  7.21500e-09
 Reference value :  7.22300e-09
 Reference value :  7.23100e-09
 Reference value :  7.23900e-09
 Reference value :  7.24700e-09
 Reference value :  7.25300e-09
 Reference value :  7.26100e-09
 Reference value :  7.27100e-09
 Reference value :  7.28100e-09
 Reference value :  7.28900e-09
 Reference value :  7.29900e-09
 Reference value :  7.30500e-09
 Reference value :  7.31100e-09
 Reference value :  7.31900e-09
 Reference value :  7.32700e-09
 Reference value :  7.33300e-09
 Reference value :  7.34100e-09
 Reference value :  7.34900e-09
 Reference value :  7.35900e-09
 Reference value :  7.36700e-09
 Reference value :  7.37500e-09
 Reference value :  7.38500e-09
 Reference value :  7.39500e-09
 Reference value :  7.40300e-09
 Reference value :  7.40900e-09
 Reference value :  7.41700e-09
 Reference value :  7.42300e-09
 Reference value :  7.43100e-09
 Reference value :  7.44100e-09
 Reference value :  7.45100e-09
 Reference value :  7.45900e-09
 Reference value :  7.46900e-09
 Reference value :  7.47700e-09
 Reference value :  7.48700e-09
 Reference value :  7.49900e-09
 Reference value :  7.50700e-09
 Reference value :  7.51700e-09
 Reference value :  7.52500e-09
 Reference value :  7.53100e-09
 Reference value :  7.53700e-09
 Reference value :  7.54500e-09
 Reference value :  7.55300e-09
 Reference value :  7.56100e-09
 Reference value :  7.57100e-09
 Reference value :  7.57900e-09
 Reference value :  7.58700e-09
 Reference value :  7.59500e-09
No. of Data Rows : 3814
Note: Simulation executed from .control section 
