
Note: Compatibility modes selected: hs a


Circuit: * comparator-decision offset pick-off -- vindiff=0.0mv corner=tt_mm temp=27.0c seed=16 (issue #9)

option SCALE: Scale is set to 1e-06 for instance and model parameters
option SCALE: Scale is set to 1e-06 for instance and model parameters
option SCALE: Scale is set to 1e-06 for instance and model parameters
option SCALE: Scale is set to 1e-06 for instance and model parameters
Doing analysis at TEMP = 27.000000 and TNOM = 27.000000

Using KLU as Direct Linear Solver
 Reference value :  0.00000e+00
 Reference value :  8.00000e-14
 Reference value :  1.28000e-12
 Reference value :  8.56000e-12
 Reference value :  1.45600e-11
 Reference value :  2.25600e-11
 Reference value :  2.85600e-11
 Reference value :  3.45600e-11
 Reference value :  4.25600e-11
 Reference value :  4.85600e-11
 Reference value :  5.65600e-11
 Reference value :  6.25600e-11
 Reference value :  6.85600e-11
 Reference value :  7.65600e-11
 Reference value :  8.25600e-11
 Reference value :  8.85600e-11
 Reference value :  9.45600e-11
 Reference value :  1.00560e-10
 Reference value :  1.06560e-10
 Reference value :  1.12560e-10
 Reference value :  1.20560e-10
 Reference value :  1.26560e-10
 Reference value :  1.32560e-10
 Reference value :  1.38560e-10
 Reference value :  1.46560e-10
 Reference value :  1.52560e-10
 Reference value :  1.58560e-10
 Reference value :  1.64560e-10
 Reference value :  1.70560e-10
 Reference value :  1.76560e-10
 Reference value :  1.84560e-10
 Reference value :  1.90560e-10
 Reference value :  1.96560e-10
 Reference value :  2.04560e-10
 Reference value :  2.10560e-10
 Reference value :  2.16560e-10
 Reference value :  2.22560e-10
 Reference value :  2.28560e-10
 Reference value :  2.36560e-10
 Reference value :  2.42560e-10
 Reference value :  2.48560e-10
 Reference value :  2.54560e-10
 Reference value :  2.60560e-10
 Reference value :  2.66560e-10
 Reference value :  2.72560e-10
 Reference value :  2.80560e-10
 Reference value :  2.86560e-10
 Reference value :  2.92560e-10
 Reference value :  3.00560e-10
 Reference value :  3.08560e-10
 Reference value :  3.14560e-10
 Reference value :  3.20560e-10
 Reference value :  3.26560e-10
 Reference value :  3.32560e-10
 Reference value :  3.38560e-10
 Reference value :  3.44560e-10
 Reference value :  3.52560e-10
 Reference value :  3.58560e-10
 Reference value :  3.64560e-10
 Reference value :  3.70560e-10
 Reference value :  3.78560e-10
 Reference value :  3.84560e-10
 Reference value :  3.90560e-10
 Reference value :  3.96560e-10
 Reference value :  4.04560e-10
 Reference value :  4.10560e-10
 Reference value :  4.16560e-10
 Reference value :  4.22560e-10
 Reference value :  4.28560e-10
 Reference value :  4.34560e-10
 Reference value :  4.42560e-10
 Reference value :  4.50560e-10
 Reference value :  4.56560e-10
 Reference value :  4.62560e-10
 Reference value :  4.68560e-10
 Reference value :  4.76560e-10
 Reference value :  4.84560e-10
 Reference value :  4.90560e-10
 Reference value :  4.96560e-10
 Reference value :  5.02560e-10
 Reference value :  5.10560e-10
 Reference value :  5.16560e-10
 Reference value :  5.24560e-10
 Reference value :  5.30560e-10
 Reference value :  5.38560e-10
 Reference value :  5.44560e-10
 Reference value :  5.52560e-10
 Reference value :  5.58560e-10
 Reference value :  5.66560e-10
 Reference value :  5.76560e-10
 Reference value :  5.84560e-10
 Reference value :  5.92560e-10
 Reference value :  5.98560e-10
 Reference value :  6.04560e-10
 Reference value :  6.10560e-10
 Reference value :  6.16560e-10
 Reference value :  6.24560e-10
 Reference value :  6.32560e-10
 Reference value :  6.38560e-10
 Reference value :  6.44560e-10
 Reference value :  6.50560e-10
 Reference value :  6.56560e-10
 Reference value :  6.62560e-10
 Reference value :  6.70560e-10
 Reference value :  6.78560e-10
 Reference value :  6.84560e-10
 Reference value :  6.92560e-10
 Reference value :  7.00560e-10
 Reference value :  7.06560e-10
 Reference value :  7.12560e-10
 Reference value :  7.18560e-10
 Reference value :  7.24560e-10
 Reference value :  7.30560e-10
 Reference value :  7.38560e-10
 Reference value :  7.46560e-10
 Reference value :  7.52560e-10
 Reference value :  7.58560e-10
 Reference value :  7.64560e-10
 Reference value :  7.70560e-10
 Reference value :  7.76560e-10
 Reference value :  7.82560e-10
 Reference value :  7.90560e-10
 Reference value :  7.98560e-10
 Reference value :  8.06560e-10
 Reference value :  8.12560e-10
 Reference value :  8.18560e-10
 Reference value :  8.26560e-10
 Reference value :  8.34560e-10
 Reference value :  8.42560e-10
 Reference value :  8.48560e-10
 Reference value :  8.54560e-10
 Reference value :  8.62560e-10
 Reference value :  8.68560e-10
 Reference value :  8.76560e-10
 Reference value :  8.84560e-10
 Reference value :  8.92560e-10
 Reference value :  8.98560e-10
 Reference value :  9.06560e-10
 Reference value :  9.14560e-10
 Reference value :  9.22560e-10
 Reference value :  9.28560e-10
 Reference value :  9.34560e-10
 Reference value :  9.40560e-10
 Reference value :  9.46560e-10
 Reference value :  9.52560e-10
 Reference value :  9.60560e-10
 Reference value :  9.68560e-10
 Reference value :  9.76560e-10
 Reference value :  9.84560e-10
 Reference value :  9.90560e-10
 Reference value :  9.96560e-10
 Reference value :  1.00256e-09
 Reference value :  1.00856e-09
 Reference value :  1.01656e-09
 Reference value :  1.02456e-09
 Reference value :  1.03056e-09
 Reference value :  1.03856e-09
 Reference value :  1.04656e-09
 Reference value :  1.05256e-09
 Reference value :  1.05856e-09
 Reference value :  1.06656e-09
 Reference value :  1.07456e-09
 Reference value :  1.08256e-09
 Reference value :  1.09056e-09
 Reference value :  1.09856e-09
 Reference value :  1.10656e-09
 Reference value :  1.11256e-09
 Reference value :  1.11856e-09
 Reference value :  1.12656e-09
 Reference value :  1.13456e-09
 Reference value :  1.14056e-09
 Reference value :  1.15056e-09
 Reference value :  1.15856e-09
 Reference value :  1.16656e-09
 Reference value :  1.17456e-09
 Reference value :  1.18056e-09
 Reference value :  1.18856e-09
 Reference value :  1.19656e-09
 Reference value :  1.20456e-09
 Reference value :  1.21056e-09
 Reference value :  1.21656e-09
 Reference value :  1.22256e-09
 Reference value :  1.23056e-09
 Reference value :  1.23856e-09
 Reference value :  1.24456e-09
 Reference value :  1.25056e-09
 Reference value :  1.25856e-09
 Reference value :  1.26456e-09
 Reference value :  1.27256e-09
 Reference value :  1.27856e-09
 Reference value :  1.28456e-09
 Reference value :  1.29256e-09
 Reference value :  1.30056e-09
 Reference value :  1.30656e-09
 Reference value :  1.31456e-09
 Reference value :  1.32056e-09
 Reference value :  1.32656e-09
 Reference value :  1.33656e-09
 Reference value :  1.34456e-09
 Reference value :  1.35256e-09
 Reference value :  1.36056e-09
 Reference value :  1.36856e-09
 Reference value :  1.37456e-09
 Reference value :  1.38256e-09
 Reference value :  1.39056e-09
 Reference value :  1.39856e-09
 Reference value :  1.40656e-09
 Reference value :  1.41256e-09
 Reference value :  1.41856e-09
 Reference value :  1.42656e-09
 Reference value :  1.43456e-09
 Reference value :  1.44056e-09
 Reference value :  1.44656e-09
 Reference value :  1.45256e-09
 Reference value :  1.46056e-09
 Reference value :  1.46656e-09
 Reference value :  1.47256e-09
 Reference value :  1.47856e-09
 Reference value :  1.48656e-09
 Reference value :  1.49656e-09
 Reference value :  1.50456e-09
 Reference value :  1.51256e-09
 Reference value :  1.51856e-09
 Reference value :  1.52456e-09
 Reference value :  1.53056e-09
 Reference value :  1.53856e-09
 Reference value :  1.54656e-09
 Reference value :  1.55456e-09
 Reference value :  1.56456e-09
 Reference value :  1.57256e-09
 Reference value :  1.57856e-09
 Reference value :  1.58456e-09
 Reference value :  1.59056e-09
 Reference value :  1.59856e-09
 Reference value :  1.60456e-09
 Reference value :  1.61056e-09
 Reference value :  1.61656e-09
 Reference value :  1.62256e-09
 Reference value :  1.62856e-09
 Reference value :  1.63456e-09
 Reference value :  1.64056e-09
 Reference value :  1.64656e-09
 Reference value :  1.65256e-09
 Reference value :  1.66056e-09
 Reference value :  1.66656e-09
 Reference value :  1.67256e-09
 Reference value :  1.67856e-09
 Reference value :  1.68456e-09
 Reference value :  1.69056e-09
 Reference value :  1.69656e-09
 Reference value :  1.70256e-09
 Reference value :  1.70856e-09
 Reference value :  1.71456e-09
 Reference value :  1.72056e-09
 Reference value :  1.72856e-09
 Reference value :  1.73456e-09
 Reference value :  1.74056e-09
 Reference value :  1.74656e-09
 Reference value :  1.75256e-09
 Reference value :  1.75856e-09
 Reference value :  1.76456e-09
 Reference value :  1.77056e-09
 Reference value :  1.77656e-09
 Reference value :  1.78256e-09
 Reference value :  1.78856e-09
 Reference value :  1.79456e-09
 Reference value :  1.80056e-09
 Reference value :  1.80656e-09
 Reference value :  1.81256e-09
 Reference value :  1.81856e-09
 Reference value :  1.82456e-09
 Reference value :  1.83056e-09
 Reference value :  1.83656e-09
 Reference value :  1.84256e-09
 Reference value :  1.84856e-09
 Reference value :  1.85456e-09
 Reference value :  1.86056e-09
 Reference value :  1.86656e-09
 Reference value :  1.87256e-09
 Reference value :  1.87856e-09
 Reference value :  1.88456e-09
 Reference value :  1.89056e-09
 Reference value :  1.89656e-09
 Reference value :  1.90456e-09
 Reference value :  1.91056e-09
 Reference value :  1.91856e-09
 Reference value :  1.92456e-09
 Reference value :  1.93056e-09
 Reference value :  1.93656e-09
 Reference value :  1.94256e-09
 Reference value :  1.94856e-09
 Reference value :  1.95656e-09
 Reference value :  1.96256e-09
 Reference value :  1.96856e-09
 Reference value :  1.97456e-09
 Reference value :  1.98056e-09
 Reference value :  1.98656e-09
 Reference value :  1.99256e-09
 Reference value :  1.99856e-09
 Reference value :  2.00456e-09
 Reference value :  2.01056e-09
 Reference value :  2.01656e-09
 Reference value :  2.02256e-09
 Reference value :  2.02856e-09
 Reference value :  2.03456e-09
 Reference value :  2.04056e-09
 Reference value :  2.04656e-09
 Reference value :  2.05256e-09
 Reference value :  2.05856e-09
 Reference value :  2.06456e-09
 Reference value :  2.07056e-09
 Reference value :  2.07656e-09
 Reference value :  2.08456e-09
 Reference value :  2.09056e-09
 Reference value :  2.09656e-09
 Reference value :  2.10456e-09
 Reference value :  2.11056e-09
 Reference value :  2.11656e-09
 Reference value :  2.12456e-09
 Reference value :  2.13056e-09
 Reference value :  2.13656e-09
 Reference value :  2.14256e-09
 Reference value :  2.14856e-09
 Reference value :  2.15456e-09
 Reference value :  2.16056e-09
 Reference value :  2.16656e-09
 Reference value :  2.17256e-09
 Reference value :  2.17856e-09
 Reference value :  2.18456e-09
 Reference value :  2.19056e-09
 Reference value :  2.19656e-09
 Reference value :  2.20456e-09
 Reference value :  2.21056e-09
 Reference value :  2.21656e-09
 Reference value :  2.22256e-09
 Reference value :  2.22856e-09
 Reference value :  2.23456e-09
 Reference value :  2.24056e-09
 Reference value :  2.24656e-09
 Reference value :  2.25256e-09
 Reference value :  2.25856e-09
 Reference value :  2.26656e-09
 Reference value :  2.27256e-09
 Reference value :  2.27856e-09
 Reference value :  2.28456e-09
 Reference value :  2.29056e-09
 Reference value :  2.29656e-09
 Reference value :  2.30256e-09
 Reference value :  2.30856e-09
 Reference value :  2.31456e-09
 Reference value :  2.32056e-09
 Reference value :  2.32656e-09
 Reference value :  2.33256e-09
 Reference value :  2.33856e-09
 Reference value :  2.34456e-09
 Reference value :  2.35056e-09
 Reference value :  2.35856e-09
 Reference value :  2.36456e-09
 Reference value :  2.37056e-09
 Reference value :  2.37656e-09
 Reference value :  2.38256e-09
 Reference value :  2.38856e-09
 Reference value :  2.39656e-09
 Reference value :  2.40256e-09
 Reference value :  2.40856e-09
 Reference value :  2.41656e-09
 Reference value :  2.42256e-09
 Reference value :  2.43056e-09
 Reference value :  2.43856e-09
 Reference value :  2.44456e-09
 Reference value :  2.45056e-09
 Reference value :  2.45656e-09
 Reference value :  2.46256e-09
 Reference value :  2.46856e-09
 Reference value :  2.47456e-09
 Reference value :  2.48256e-09
 Reference value :  2.48856e-09
 Reference value :  2.49456e-09
 Reference value :  2.50056e-09
 Reference value :  2.50856e-09
 Reference value :  2.51456e-09
 Reference value :  2.52256e-09
 Reference value :  2.52856e-09
 Reference value :  2.53656e-09
 Reference value :  2.54456e-09
 Reference value :  2.55256e-09
 Reference value :  2.55856e-09
 Reference value :  2.56656e-09
 Reference value :  2.57256e-09
 Reference value :  2.57856e-09
 Reference value :  2.58656e-09
 Reference value :  2.59256e-09
 Reference value :  2.59856e-09
 Reference value :  2.60656e-09
 Reference value :  2.61256e-09
 Reference value :  2.61856e-09
 Reference value :  2.62456e-09
 Reference value :  2.63056e-09
 Reference value :  2.63856e-09
 Reference value :  2.64456e-09
 Reference value :  2.65256e-09
 Reference value :  2.65856e-09
 Reference value :  2.66456e-09
 Reference value :  2.67256e-09
 Reference value :  2.68056e-09
 Reference value :  2.68656e-09
 Reference value :  2.69456e-09
 Reference value :  2.70056e-09
 Reference value :  2.70656e-09
 Reference value :  2.71256e-09
 Reference value :  2.71856e-09
 Reference value :  2.72456e-09
 Reference value :  2.73256e-09
 Reference value :  2.74056e-09
 Reference value :  2.74656e-09
 Reference value :  2.75256e-09
 Reference value :  2.75856e-09
 Reference value :  2.76456e-09
 Reference value :  2.77056e-09
 Reference value :  2.77656e-09
 Reference value :  2.78256e-09
 Reference value :  2.78856e-09
 Reference value :  2.79456e-09
 Reference value :  2.80056e-09
 Reference value :  2.80656e-09
 Reference value :  2.81256e-09
 Reference value :  2.81856e-09
 Reference value :  2.82656e-09
 Reference value :  2.83256e-09
 Reference value :  2.84056e-09
 Reference value :  2.84856e-09
 Reference value :  2.85456e-09
 Reference value :  2.86256e-09
 Reference value :  2.86856e-09
 Reference value :  2.87456e-09
 Reference value :  2.88256e-09
 Reference value :  2.88856e-09
 Reference value :  2.89456e-09
 Reference value :  2.90056e-09
 Reference value :  2.90656e-09
 Reference value :  2.91256e-09
 Reference value :  2.91856e-09
 Reference value :  2.92456e-09
 Reference value :  2.93056e-09
 Reference value :  2.93656e-09
 Reference value :  2.94456e-09
 Reference value :  2.95056e-09
 Reference value :  2.95656e-09
 Reference value :  2.96256e-09
 Reference value :  2.97056e-09
 Reference value :  2.97656e-09
 Reference value :  2.98256e-09
 Reference value :  2.98856e-09
 Reference value :  2.99656e-09
 Reference value :  3.00256e-09
 Reference value :  3.00856e-09
 Reference value :  3.01456e-09
 Reference value :  3.02056e-09
 Reference value :  3.02656e-09
 Reference value :  3.03456e-09
 Reference value :  3.04256e-09
 Reference value :  3.04856e-09
 Reference value :  3.05456e-09
 Reference value :  3.06056e-09
 Reference value :  3.06856e-09
 Reference value :  3.07456e-09
 Reference value :  3.08056e-09
 Reference value :  3.08656e-09
 Reference value :  3.09456e-09
 Reference value :  3.10256e-09
 Reference value :  3.11056e-09
 Reference value :  3.11856e-09
 Reference value :  3.12456e-09
 Reference value :  3.13056e-09
 Reference value :  3.13656e-09
 Reference value :  3.14256e-09
 Reference value :  3.15056e-09
 Reference value :  3.15656e-09
 Reference value :  3.16256e-09
 Reference value :  3.17056e-09
 Reference value :  3.17656e-09
 Reference value :  3.18256e-09
 Reference value :  3.18856e-09
 Reference value :  3.19656e-09
 Reference value :  3.20256e-09
 Reference value :  3.21056e-09
 Reference value :  3.21656e-09
 Reference value :  3.22456e-09
 Reference value :  3.23056e-09
 Reference value :  3.23856e-09
 Reference value :  3.24456e-09
 Reference value :  3.25256e-09
 Reference value :  3.25856e-09
 Reference value :  3.26456e-09
 Reference value :  3.27056e-09
 Reference value :  3.27656e-09
 Reference value :  3.28256e-09
 Reference value :  3.28856e-09
 Reference value :  3.29456e-09
 Reference value :  3.30056e-09
 Reference value :  3.30656e-09
 Reference value :  3.31256e-09
 Reference value :  3.31856e-09
 Reference value :  3.32456e-09
 Reference value :  3.33056e-09
 Reference value :  3.33856e-09
 Reference value :  3.34456e-09
 Reference value :  3.35056e-09
 Reference value :  3.35856e-09
 Reference value :  3.36456e-09
 Reference value :  3.37256e-09
 Reference value :  3.37856e-09
 Reference value :  3.38456e-09
 Reference value :  3.39056e-09
 Reference value :  3.39656e-09
 Reference value :  3.40256e-09
 Reference value :  3.41056e-09
 Reference value :  3.41856e-09
 Reference value :  3.42456e-09
 Reference value :  3.43056e-09
 Reference value :  3.43656e-09
 Reference value :  3.44456e-09
 Reference value :  3.45056e-09
 Reference value :  3.45856e-09
 Reference value :  3.46456e-09
 Reference value :  3.47056e-09
 Reference value :  3.47656e-09
 Reference value :  3.48256e-09
 Reference value :  3.48856e-09
 Reference value :  3.49456e-09
 Reference value :  3.50056e-09
 Reference value :  3.50656e-09
 Reference value :  3.51256e-09
 Reference value :  3.51856e-09
 Reference value :  3.52456e-09
 Reference value :  3.53056e-09
 Reference value :  3.53856e-09
 Reference value :  3.54456e-09
 Reference value :  3.55056e-09
 Reference value :  3.55656e-09
 Reference value :  3.56256e-09
 Reference value :  3.57056e-09
 Reference value :  3.57656e-09
 Reference value :  3.58256e-09
 Reference value :  3.59056e-09
 Reference value :  3.59656e-09
 Reference value :  3.60256e-09
 Reference value :  3.60856e-09
 Reference value :  3.61456e-09
 Reference value :  3.62056e-09
 Reference value :  3.62656e-09
 Reference value :  3.63256e-09
 Reference value :  3.63856e-09
 Reference value :  3.64456e-09
 Reference value :  3.65256e-09
 Reference value :  3.65856e-09
 Reference value :  3.66456e-09
 Reference value :  3.67056e-09
 Reference value :  3.67656e-09
 Reference value :  3.68256e-09
 Reference value :  3.68856e-09
 Reference value :  3.69456e-09
 Reference value :  3.70056e-09
 Reference value :  3.70656e-09
 Reference value :  3.71456e-09
 Reference value :  3.72056e-09
 Reference value :  3.72656e-09
 Reference value :  3.73256e-09
 Reference value :  3.73856e-09
 Reference value :  3.74456e-09
 Reference value :  3.75056e-09
 Reference value :  3.75656e-09
 Reference value :  3.76256e-09
 Reference value :  3.76856e-09
 Reference value :  3.77456e-09
 Reference value :  3.78056e-09
 Reference value :  3.78656e-09
 Reference value :  3.79256e-09
 Reference value :  3.79856e-09
 Reference value :  3.80656e-09
 Reference value :  3.81456e-09
 Reference value :  3.82056e-09
 Reference value :  3.82656e-09
 Reference value :  3.83456e-09
 Reference value :  3.84056e-09
 Reference value :  3.84656e-09
 Reference value :  3.85256e-09
 Reference value :  3.85856e-09
 Reference value :  3.86456e-09
 Reference value :  3.87056e-09
 Reference value :  3.87656e-09
 Reference value :  3.88256e-09
 Reference value :  3.88856e-09
 Reference value :  3.89456e-09
 Reference value :  3.90256e-09
 Reference value :  3.91056e-09
 Reference value :  3.91656e-09
 Reference value :  3.92256e-09
 Reference value :  3.92856e-09
 Reference value :  3.93656e-09
 Reference value :  3.94256e-09
 Reference value :  3.95056e-09
 Reference value :  3.95656e-09
 Reference value :  3.96256e-09
 Reference value :  3.96856e-09
 Reference value :  3.97656e-09
 Reference value :  3.98256e-09
 Reference value :  3.98856e-09
 Reference value :  3.99656e-09
 Reference value :  4.00456e-09
 Reference value :  4.01056e-09
 Reference value :  4.01656e-09
 Reference value :  4.02256e-09
 Reference value :  4.02856e-09
 Reference value :  4.03456e-09
 Reference value :  4.04056e-09
 Reference value :  4.04656e-09
 Reference value :  4.05456e-09
 Reference value :  4.06056e-09
 Reference value :  4.06656e-09
 Reference value :  4.07656e-09
 Reference value :  4.08456e-09
 Reference value :  4.09056e-09
 Reference value :  4.09656e-09
 Reference value :  4.10256e-09
 Reference value :  4.10856e-09
 Reference value :  4.11456e-09
 Reference value :  4.12056e-09
 Reference value :  4.12856e-09
 Reference value :  4.13456e-09
 Reference value :  4.14056e-09
 Reference value :  4.14656e-09
 Reference value :  4.15256e-09
 Reference value :  4.15856e-09
 Reference value :  4.16456e-09
 Reference value :  4.17056e-09
 Reference value :  4.17656e-09
 Reference value :  4.18256e-09
 Reference value :  4.18856e-09
 Reference value :  4.19656e-09
 Reference value :  4.20456e-09
 Reference value :  4.21056e-09
 Reference value :  4.21856e-09
 Reference value :  4.22656e-09
 Reference value :  4.23256e-09
 Reference value :  4.23856e-09
 Reference value :  4.24456e-09
 Reference value :  4.25056e-09
 Reference value :  4.25656e-09
 Reference value :  4.26256e-09
 Reference value :  4.26856e-09
 Reference value :  4.27456e-09
 Reference value :  4.28256e-09
 Reference value :  4.28856e-09
 Reference value :  4.29456e-09
 Reference value :  4.30056e-09
 Reference value :  4.30656e-09
 Reference value :  4.31456e-09
 Reference value :  4.32056e-09
 Reference value :  4.32856e-09
 Reference value :  4.33656e-09
 Reference value :  4.34256e-09
 Reference value :  4.34856e-09
 Reference value :  4.35456e-09
 Reference value :  4.36056e-09
 Reference value :  4.36856e-09
 Reference value :  4.37456e-09
 Reference value :  4.38256e-09
 Reference value :  4.38856e-09
 Reference value :  4.39656e-09
 Reference value :  4.40256e-09
 Reference value :  4.40856e-09
 Reference value :  4.41456e-09
 Reference value :  4.42056e-09
 Reference value :  4.42856e-09
 Reference value :  4.43456e-09
 Reference value :  4.44056e-09
 Reference value :  4.44656e-09
 Reference value :  4.45256e-09
 Reference value :  4.45856e-09
 Reference value :  4.46456e-09
 Reference value :  4.47256e-09
 Reference value :  4.48056e-09
 Reference value :  4.48656e-09
 Reference value :  4.49256e-09
 Reference value :  4.49856e-09
 Reference value :  4.50456e-09
 Reference value :  4.51256e-09
 Reference value :  4.52056e-09
 Reference value :  4.52656e-09
 Reference value :  4.53456e-09
 Reference value :  4.54256e-09
 Reference value :  4.54856e-09
 Reference value :  4.55656e-09
 Reference value :  4.56256e-09
 Reference value :  4.57056e-09
 Reference value :  4.57656e-09
 Reference value :  4.58256e-09
 Reference value :  4.58856e-09
 Reference value :  4.59456e-09
 Reference value :  4.60056e-09
 Reference value :  4.60656e-09
 Reference value :  4.61256e-09
 Reference value :  4.61856e-09
 Reference value :  4.62456e-09
 Reference value :  4.63056e-09
 Reference value :  4.63656e-09
 Reference value :  4.64456e-09
 Reference value :  4.65256e-09
 Reference value :  4.65856e-09
 Reference value :  4.66456e-09
 Reference value :  4.67056e-09
 Reference value :  4.67656e-09
 Reference value :  4.68256e-09
 Reference value :  4.68856e-09
 Reference value :  4.69456e-09
 Reference value :  4.70256e-09
 Reference value :  4.70856e-09
 Reference value :  4.71456e-09
 Reference value :  4.72256e-09
 Reference value :  4.72856e-09
 Reference value :  4.73656e-09
 Reference value :  4.74256e-09
 Reference value :  4.74856e-09
 Reference value :  4.75456e-09
 Reference value :  4.76056e-09
 Reference value :  4.76656e-09
 Reference value :  4.77256e-09
 Reference value :  4.77856e-09
 Reference value :  4.78656e-09
 Reference value :  4.79456e-09
 Reference value :  4.80056e-09
 Reference value :  4.80656e-09
 Reference value :  4.81256e-09
 Reference value :  4.81856e-09
 Reference value :  4.82656e-09
 Reference value :  4.83256e-09
 Reference value :  4.83856e-09
 Reference value :  4.84656e-09
 Reference value :  4.85256e-09
 Reference value :  4.85856e-09
 Reference value :  4.86656e-09
 Reference value :  4.87256e-09
 Reference value :  4.87856e-09
 Reference value :  4.88456e-09
 Reference value :  4.89056e-09
 Reference value :  4.89856e-09
 Reference value :  4.90456e-09
 Reference value :  4.91256e-09
 Reference value :  4.91856e-09
 Reference value :  4.92456e-09
 Reference value :  4.93256e-09
 Reference value :  4.94056e-09
 Reference value :  4.94856e-09
 Reference value :  4.95656e-09
 Reference value :  4.96256e-09
 Reference value :  4.96856e-09
 Reference value :  4.97456e-09
 Reference value :  4.98056e-09
 Reference value :  4.98656e-09
 Reference value :  4.99256e-09
 Reference value :  4.99828e-09
 Reference value :  5.00060e-09
 Reference value :  5.00500e-09
 Reference value :  5.01100e-09
 Reference value :  5.01700e-09
 Reference value :  5.02300e-09
 Reference value :  5.03100e-09
 Reference value :  5.03700e-09
 Reference value :  5.04500e-09
 Reference value :  5.05300e-09
 Reference value :  5.05900e-09
 Reference value :  5.06500e-09
 Reference value :  5.07300e-09
 Reference value :  5.07900e-09
 Reference value :  5.08500e-09
 Reference value :  5.09300e-09
 Reference value :  5.09850e-09
 Reference value :  5.10060e-09
 Reference value :  5.10500e-09
 Reference value :  5.11100e-09
 Reference value :  5.11900e-09
 Reference value :  5.12700e-09
 Reference value :  5.13500e-09
 Reference value :  5.14100e-09
 Reference value :  5.14700e-09
 Reference value :  5.15300e-09
 Reference value :  5.16100e-09
 Reference value :  5.16700e-09
 Reference value :  5.17300e-09
 Reference value :  5.17900e-09
 Reference value :  5.18500e-09
 Reference value :  5.19300e-09
 Reference value :  5.19900e-09
 Reference value :  5.20700e-09
 Reference value :  5.21300e-09
 Reference value :  5.21900e-09
 Reference value :  5.22500e-09
 Reference value :  5.23100e-09
 Reference value :  5.23700e-09
 Reference value :  5.24300e-09
 Reference value :  5.24900e-09
 Reference value :  5.25500e-09
 Reference value :  5.26100e-09
 Reference value :  5.26700e-09
 Reference value :  5.27300e-09
 Reference value :  5.27900e-09
 Reference value :  5.28500e-09
 Reference value :  5.29100e-09
 Reference value :  5.29700e-09
 Reference value :  5.30300e-09
 Reference value :  5.30900e-09
 Reference value :  5.31700e-09
 Reference value :  5.32500e-09
 Reference value :  5.33100e-09
 Reference value :  5.33700e-09
 Reference value :  5.34300e-09
 Reference value :  5.35100e-09
 Reference value :  5.35700e-09
 Reference value :  5.36300e-09
 Reference value :  5.36900e-09
 Reference value :  5.37500e-09
 Reference value :  5.38300e-09
 Reference value :  5.38900e-09
 Reference value :  5.39500e-09
 Reference value :  5.40100e-09
 Reference value :  5.40700e-09
 Reference value :  5.41300e-09
 Reference value :  5.41900e-09
 Reference value :  5.42500e-09
 Reference value :  5.43100e-09
 Reference value :  5.43700e-09
 Reference value :  5.44300e-09
 Reference value :  5.44900e-09
 Reference value :  5.45700e-09
 Reference value :  5.46500e-09
 Reference value :  5.47100e-09
 Reference value :  5.47900e-09
 Reference value :  5.48700e-09
 Reference value :  5.49300e-09
 Reference value :  5.49900e-09
 Reference value :  5.50500e-09
 Reference value :  5.51100e-09
 Reference value :  5.51700e-09
 Reference value :  5.52300e-09
 Reference value :  5.52900e-09
 Reference value :  5.53500e-09
 Reference value :  5.54100e-09
 Reference value :  5.54700e-09
 Reference value :  5.55500e-09
 Reference value :  5.56300e-09
 Reference value :  5.56900e-09
 Reference value :  5.57500e-09
 Reference value :  5.58300e-09
 Reference value :  5.59100e-09
 Reference value :  5.59900e-09
 Reference value :  5.60500e-09
 Reference value :  5.61100e-09
 Reference value :  5.61700e-09
 Reference value :  5.62300e-09
 Reference value :  5.62900e-09
 Reference value :  5.63500e-09
 Reference value :  5.64100e-09
 Reference value :  5.64700e-09
 Reference value :  5.65500e-09
 Reference value :  5.66300e-09
 Reference value :  5.66900e-09
 Reference value :  5.67500e-09
 Reference value :  5.68300e-09
 Reference value :  5.69100e-09
 Reference value :  5.69700e-09
 Reference value :  5.70300e-09
 Reference value :  5.70900e-09
 Reference value :  5.71500e-09
 Reference value :  5.72100e-09
 Reference value :  5.72700e-09
 Reference value :  5.73300e-09
 Reference value :  5.73900e-09
 Reference value :  5.74500e-09
 Reference value :  5.75100e-09
 Reference value :  5.75700e-09
 Reference value :  5.76300e-09
 Reference value :  5.77100e-09
 Reference value :  5.77700e-09
 Reference value :  5.78300e-09
 Reference value :  5.79100e-09
 Reference value :  5.79700e-09
 Reference value :  5.80500e-09
 Reference value :  5.81100e-09
 Reference value :  5.81700e-09
 Reference value :  5.82500e-09
 Reference value :  5.83100e-09
 Reference value :  5.83900e-09
 Reference value :  5.84700e-09
 Reference value :  5.85300e-09
 Reference value :  5.85900e-09
 Reference value :  5.86500e-09
 Reference value :  5.87100e-09
 Reference value :  5.87900e-09
 Reference value :  5.88500e-09
 Reference value :  5.89100e-09
 Reference value :  5.89700e-09
 Reference value :  5.90300e-09
 Reference value :  5.90900e-09
 Reference value :  5.91500e-09
 Reference value :  5.92100e-09
 Reference value :  5.92700e-09
 Reference value :  5.93300e-09
 Reference value :  5.93900e-09
 Reference value :  5.94500e-09
 Reference value :  5.95100e-09
 Reference value :  5.95700e-09
 Reference value :  5.96500e-09
 Reference value :  5.97100e-09
 Reference value :  5.97700e-09
 Reference value :  5.98500e-09
 Reference value :  5.99300e-09
 Reference value :  6.00100e-09
 Reference value :  6.00700e-09
 Reference value :  6.01500e-09
 Reference value :  6.02100e-09
 Reference value :  6.02700e-09
 Reference value :  6.03300e-09
 Reference value :  6.04100e-09
 Reference value :  6.04900e-09
 Reference value :  6.05700e-09
 Reference value :  6.06300e-09
 Reference value :  6.07100e-09
 Reference value :  6.07900e-09
 Reference value :  6.08500e-09
 Reference value :  6.09100e-09
 Reference value :  6.09700e-09
 Reference value :  6.10500e-09
 Reference value :  6.11100e-09
 Reference value :  6.11900e-09
 Reference value :  6.12500e-09
 Reference value :  6.13100e-09
 Reference value :  6.13700e-09
 Reference value :  6.14300e-09
 Reference value :  6.14900e-09
 Reference value :  6.15500e-09
 Reference value :  6.16300e-09
 Reference value :  6.16900e-09
 Reference value :  6.17500e-09
 Reference value :  6.18100e-09
 Reference value :  6.18700e-09
 Reference value :  6.19500e-09
 Reference value :  6.20300e-09
 Reference value :  6.20900e-09
 Reference value :  6.21500e-09
 Reference value :  6.22100e-09
 Reference value :  6.22700e-09
 Reference value :  6.23300e-09
 Reference value :  6.23900e-09
 Reference value :  6.24500e-09
 Reference value :  6.25100e-09
 Reference value :  6.25700e-09
 Reference value :  6.26500e-09
 Reference value :  6.27100e-09
 Reference value :  6.27700e-09
 Reference value :  6.28300e-09
 Reference value :  6.28900e-09
 Reference value :  6.29500e-09
 Reference value :  6.30100e-09
 Reference value :  6.30900e-09
 Reference value :  6.31500e-09
 Reference value :  6.32100e-09
 Reference value :  6.32900e-09
 Reference value :  6.33500e-09
 Reference value :  6.34300e-09
 Reference value :  6.34900e-09
 Reference value :  6.35700e-09
 Reference value :  6.36300e-09
 Reference value :  6.36900e-09
 Reference value :  6.37700e-09
 Reference value :  6.38300e-09
 Reference value :  6.38900e-09
 Reference value :  6.39500e-09
 Reference value :  6.40100e-09
 Reference value :  6.40700e-09
 Reference value :  6.41300e-09
 Reference value :  6.42100e-09
 Reference value :  6.42700e-09
 Reference value :  6.43300e-09
 Reference value :  6.43900e-09
 Reference value :  6.44700e-09
 Reference value :  6.45500e-09
 Reference value :  6.46100e-09
 Reference value :  6.46700e-09
 Reference value :  6.47300e-09
 Reference value :  6.47900e-09
 Reference value :  6.48500e-09
 Reference value :  6.49300e-09
 Reference value :  6.49900e-09
 Reference value :  6.50500e-09
 Reference value :  6.51100e-09
 Reference value :  6.51900e-09
 Reference value :  6.52700e-09
 Reference value :  6.53300e-09
 Reference value :  6.53900e-09
 Reference value :  6.54500e-09
 Reference value :  6.55300e-09
 Reference value :  6.55900e-09
 Reference value :  6.56500e-09
 Reference value :  6.57100e-09
 Reference value :  6.57700e-09
 Reference value :  6.58300e-09
 Reference value :  6.58900e-09
 Reference value :  6.59500e-09
 Reference value :  6.60100e-09
 Reference value :  6.60700e-09
 Reference value :  6.61300e-09
 Reference value :  6.61900e-09
 Reference value :  6.62500e-09
 Reference value :  6.63100e-09
 Reference value :  6.63700e-09
 Reference value :  6.64300e-09
 Reference value :  6.64900e-09
 Reference value :  6.65500e-09
 Reference value :  6.66100e-09
 Reference value :  6.66700e-09
 Reference value :  6.67300e-09
 Reference value :  6.67900e-09
 Reference value :  6.68500e-09
 Reference value :  6.69100e-09
 Reference value :  6.69700e-09
 Reference value :  6.70300e-09
 Reference value :  6.70900e-09
 Reference value :  6.71500e-09
 Reference value :  6.72100e-09
 Reference value :  6.72700e-09
 Reference value :  6.73300e-09
 Reference value :  6.73900e-09
 Reference value :  6.74500e-09
 Reference value :  6.75100e-09
 Reference value :  6.75900e-09
 Reference value :  6.76500e-09
 Reference value :  6.77100e-09
 Reference value :  6.77700e-09
 Reference value :  6.78300e-09
 Reference value :  6.78900e-09
 Reference value :  6.79500e-09
 Reference value :  6.80100e-09
 Reference value :  6.80700e-09
 Reference value :  6.81300e-09
 Reference value :  6.82100e-09
 Reference value :  6.82900e-09
 Reference value :  6.83700e-09
 Reference value :  6.84300e-09
 Reference value :  6.85100e-09
 Reference value :  6.85700e-09
 Reference value :  6.86300e-09
 Reference value :  6.86900e-09
 Reference value :  6.87500e-09
 Reference value :  6.88100e-09
 Reference value :  6.88700e-09
 Reference value :  6.89300e-09
 Reference value :  6.89900e-09
 Reference value :  6.90500e-09
 Reference value :  6.91100e-09
 Reference value :  6.91700e-09
 Reference value :  6.92300e-09
 Reference value :  6.92900e-09
 Reference value :  6.93700e-09
 Reference value :  6.94300e-09
 Reference value :  6.95100e-09
 Reference value :  6.95700e-09
 Reference value :  6.96300e-09
 Reference value :  6.97100e-09
 Reference value :  6.97900e-09
 Reference value :  6.98500e-09
 Reference value :  6.99300e-09
 Reference value :  6.99900e-09
 Reference value :  7.00500e-09
 Reference value :  7.01100e-09
 Reference value :  7.01700e-09
 Reference value :  7.02300e-09
 Reference value :  7.02900e-09
 Reference value :  7.03500e-09
 Reference value :  7.04100e-09
 Reference value :  7.04700e-09
 Reference value :  7.05300e-09
 Reference value :  7.05900e-09
 Reference value :  7.06700e-09
 Reference value :  7.07300e-09
 Reference value :  7.07900e-09
 Reference value :  7.08700e-09
 Reference value :  7.09300e-09
 Reference value :  7.09900e-09
 Reference value :  7.10500e-09
 Reference value :  7.11100e-09
 Reference value :  7.11900e-09
 Reference value :  7.12700e-09
 Reference value :  7.13300e-09
 Reference value :  7.14100e-09
 Reference value :  7.14700e-09
 Reference value :  7.15500e-09
 Reference value :  7.16300e-09
 Reference value :  7.17100e-09
 Reference value :  7.17900e-09
 Reference value :  7.18700e-09
 Reference value :  7.19500e-09
 Reference value :  7.20300e-09
 Reference value :  7.21100e-09
 Reference value :  7.21900e-09
 Reference value :  7.22700e-09
 Reference value :  7.23500e-09
 Reference value :  7.24300e-09
 Reference value :  7.25100e-09
 Reference value :  7.25900e-09
 Reference value :  7.26700e-09
 Reference value :  7.27500e-09
 Reference value :  7.28300e-09
 Reference value :  7.29100e-09
 Reference value :  7.29700e-09
 Reference value :  7.30500e-09
 Reference value :  7.31300e-09
 Reference value :  7.32100e-09
 Reference value :  7.32900e-09
 Reference value :  7.33900e-09
 Reference value :  7.34700e-09
 Reference value :  7.35500e-09
 Reference value :  7.36500e-09
 Reference value :  7.37300e-09
 Reference value :  7.38100e-09
 Reference value :  7.38900e-09
 Reference value :  7.39700e-09
 Reference value :  7.40300e-09
 Reference value :  7.41100e-09
 Reference value :  7.41900e-09
 Reference value :  7.42500e-09
 Reference value :  7.43100e-09
 Reference value :  7.43900e-09
 Reference value :  7.44500e-09
 Reference value :  7.45300e-09
 Reference value :  7.46100e-09
 Reference value :  7.46900e-09
 Reference value :  7.47700e-09
 Reference value :  7.48700e-09
 Reference value :  7.49500e-09
 Reference value :  7.50300e-09
 Reference value :  7.51100e-09
 Reference value :  7.51700e-09
 Reference value :  7.52500e-09
 Reference value :  7.53300e-09
 Reference value :  7.53900e-09
 Reference value :  7.54500e-09
 Reference value :  7.55100e-09
 Reference value :  7.55900e-09
 Reference value :  7.56500e-09
 Reference value :  7.57300e-09
 Reference value :  7.57900e-09
 Reference value :  7.58500e-09
 Reference value :  7.59300e-09
 Reference value :  7.60000e-09
No. of Data Rows : 3814
Note: Simulation executed from .control section 
