
Note: Compatibility modes selected: hs a


Circuit: * comparator-decision offset pick-off -- vindiff=2mv corner=tt temp=27.0c seed=none (issue #9)

option SCALE: Scale is set to 1e-06 for instance and model parameters
option SCALE: Scale is set to 1e-06 for instance and model parameters
option SCALE: Scale is set to 1e-06 for instance and model parameters
option SCALE: Scale is set to 1e-06 for instance and model parameters
Doing analysis at TEMP = 27.000000 and TNOM = 27.000000

Using KLU as Direct Linear Solver
 Reference value :  0.00000e+00
 Reference value :  1.60000e-13
 Reference value :  2.56000e-12
 Reference value :  1.05600e-11
 Reference value :  1.85600e-11
 Reference value :  2.45600e-11
 Reference value :  3.25600e-11
 Reference value :  3.85600e-11
 Reference value :  4.45600e-11
 Reference value :  5.25600e-11
 Reference value :  6.05600e-11
 Reference value :  7.05600e-11
 Reference value :  8.05600e-11
 Reference value :  8.85600e-11
 Reference value :  9.45600e-11
 Reference value :  1.02560e-10
 Reference value :  1.10560e-10
 Reference value :  1.16560e-10
 Reference value :  1.22560e-10
 Reference value :  1.30560e-10
 Reference value :  1.38560e-10
 Reference value :  1.44560e-10
 Reference value :  1.52560e-10
 Reference value :  1.60560e-10
 Reference value :  1.68560e-10
 Reference value :  1.76560e-10
 Reference value :  1.82560e-10
 Reference value :  1.90560e-10
 Reference value :  1.96560e-10
 Reference value :  2.02560e-10
 Reference value :  2.12560e-10
 Reference value :  2.20560e-10
 Reference value :  2.28560e-10
 Reference value :  2.36560e-10
 Reference value :  2.44560e-10
 Reference value :  2.52560e-10
 Reference value :  2.60560e-10
 Reference value :  2.68560e-10
 Reference value :  2.78560e-10
 Reference value :  2.86560e-10
 Reference value :  2.94560e-10
 Reference value :  3.00560e-10
 Reference value :  3.08560e-10
 Reference value :  3.16560e-10
 Reference value :  3.22560e-10
 Reference value :  3.30560e-10
 Reference value :  3.38560e-10
 Reference value :  3.44560e-10
 Reference value :  3.50560e-10
 Reference value :  3.56560e-10
 Reference value :  3.62560e-10
 Reference value :  3.70560e-10
 Reference value :  3.78560e-10
 Reference value :  3.86560e-10
 Reference value :  3.94560e-10
 Reference value :  4.02560e-10
 Reference value :  4.10560e-10
 Reference value :  4.18560e-10
 Reference value :  4.26560e-10
 Reference value :  4.34560e-10
 Reference value :  4.42560e-10
 Reference value :  4.52560e-10
 Reference value :  4.60560e-10
 Reference value :  4.68560e-10
 Reference value :  4.76560e-10
 Reference value :  4.82560e-10
 Reference value :  4.88560e-10
 Reference value :  4.94560e-10
 Reference value :  5.02560e-10
 Reference value :  5.08560e-10
 Reference value :  5.18560e-10
 Reference value :  5.26560e-10
 Reference value :  5.32560e-10
 Reference value :  5.40560e-10
 Reference value :  5.48560e-10
 Reference value :  5.56560e-10
 Reference value :  5.64560e-10
 Reference value :  5.72560e-10
 Reference value :  5.78560e-10
 Reference value :  5.86560e-10
 Reference value :  5.94560e-10
 Reference value :  6.02560e-10
 Reference value :  6.10560e-10
 Reference value :  6.16560e-10
 Reference value :  6.22560e-10
 Reference value :  6.30560e-10
 Reference value :  6.40560e-10
 Reference value :  6.48560e-10
 Reference value :  6.54560e-10
 Reference value :  6.62560e-10
 Reference value :  6.70560e-10
 Reference value :  6.78560e-10
 Reference value :  6.86560e-10
 Reference value :  6.94560e-10
 Reference value :  7.02560e-10
 Reference value :  7.18560e-10
 Reference value :  7.26560e-10
 Reference value :  7.34560e-10
 Reference value :  7.42560e-10
 Reference value :  7.50560e-10
 Reference value :  7.58560e-10
 Reference value :  7.66560e-10
 Reference value :  7.78560e-10
 Reference value :  7.86560e-10
 Reference value :  7.94560e-10
 Reference value :  8.02560e-10
 Reference value :  8.10560e-10
 Reference value :  8.16560e-10
 Reference value :  8.22560e-10
 Reference value :  8.30560e-10
 Reference value :  8.38560e-10
 Reference value :  8.46560e-10
 Reference value :  8.52560e-10
 Reference value :  8.58560e-10
 Reference value :  8.66560e-10
 Reference value :  8.74560e-10
 Reference value :  8.82560e-10
 Reference value :  8.90560e-10
 Reference value :  8.96560e-10
 Reference value :  9.02560e-10
 Reference value :  9.08560e-10
 Reference value :  9.16560e-10
 Reference value :  9.24560e-10
 Reference value :  9.32560e-10
 Reference value :  9.38560e-10
 Reference value :  9.46560e-10
 Reference value :  9.54560e-10
 Reference value :  9.60560e-10
 Reference value :  9.70560e-10
 Reference value :  9.78560e-10
 Reference value :  9.86560e-10
 Reference value :  9.96560e-10
 Reference value :  1.00656e-09
 Reference value :  1.01456e-09
 Reference value :  1.02256e-09
 Reference value :  1.03056e-09
 Reference value :  1.03656e-09
 Reference value :  1.04256e-09
 Reference value :  1.05056e-09
 Reference value :  1.05856e-09
 Reference value :  1.06456e-09
 Reference value :  1.07256e-09
 Reference value :  1.08056e-09
 Reference value :  1.08856e-09
 Reference value :  1.09656e-09
 Reference value :  1.10456e-09
 Reference value :  1.11056e-09
 Reference value :  1.11856e-09
 Reference value :  1.12656e-09
 Reference value :  1.13456e-09
 Reference value :  1.14256e-09
 Reference value :  1.14856e-09
 Reference value :  1.15656e-09
 Reference value :  1.16456e-09
 Reference value :  1.17056e-09
 Reference value :  1.17856e-09
 Reference value :  1.18656e-09
 Reference value :  1.19256e-09
 Reference value :  1.19856e-09
 Reference value :  1.20656e-09
 Reference value :  1.21256e-09
 Reference value :  1.22256e-09
 Reference value :  1.23056e-09
 Reference value :  1.23856e-09
 Reference value :  1.24656e-09
 Reference value :  1.25456e-09
 Reference value :  1.26456e-09
 Reference value :  1.27256e-09
 Reference value :  1.27856e-09
 Reference value :  1.28656e-09
 Reference value :  1.29656e-09
 Reference value :  1.30256e-09
 Reference value :  1.31056e-09
 Reference value :  1.32056e-09
 Reference value :  1.32856e-09
 Reference value :  1.33656e-09
 Reference value :  1.34456e-09
 Reference value :  1.35256e-09
 Reference value :  1.36256e-09
 Reference value :  1.37256e-09
 Reference value :  1.38056e-09
 Reference value :  1.39056e-09
 Reference value :  1.39656e-09
 Reference value :  1.40256e-09
 Reference value :  1.40856e-09
 Reference value :  1.41656e-09
 Reference value :  1.42256e-09
 Reference value :  1.43056e-09
 Reference value :  1.43856e-09
 Reference value :  1.44656e-09
 Reference value :  1.45656e-09
 Reference value :  1.46656e-09
 Reference value :  1.47456e-09
 Reference value :  1.48056e-09
 Reference value :  1.48856e-09
 Reference value :  1.49656e-09
 Reference value :  1.50456e-09
 Reference value :  1.51056e-09
 Reference value :  1.51856e-09
 Reference value :  1.52656e-09
 Reference value :  1.53456e-09
 Reference value :  1.54456e-09
 Reference value :  1.55056e-09
 Reference value :  1.56056e-09
 Reference value :  1.56856e-09
 Reference value :  1.57656e-09
 Reference value :  1.58656e-09
 Reference value :  1.59456e-09
 Reference value :  1.60256e-09
 Reference value :  1.61256e-09
 Reference value :  1.62056e-09
 Reference value :  1.63056e-09
 Reference value :  1.63856e-09
 Reference value :  1.64656e-09
 Reference value :  1.65656e-09
 Reference value :  1.66456e-09
 Reference value :  1.67256e-09
 Reference value :  1.68056e-09
 Reference value :  1.68856e-09
 Reference value :  1.69456e-09
 Reference value :  1.70256e-09
 Reference value :  1.71056e-09
 Reference value :  1.71856e-09
 Reference value :  1.72656e-09
 Reference value :  1.73456e-09
 Reference value :  1.74256e-09
 Reference value :  1.75256e-09
 Reference value :  1.76056e-09
 Reference value :  1.77056e-09
 Reference value :  1.77856e-09
 Reference value :  1.78456e-09
 Reference value :  1.79256e-09
 Reference value :  1.80056e-09
 Reference value :  1.81056e-09
 Reference value :  1.81856e-09
 Reference value :  1.82656e-09
 Reference value :  1.83456e-09
 Reference value :  1.84256e-09
 Reference value :  1.85056e-09
 Reference value :  1.85656e-09
 Reference value :  1.86456e-09
 Reference value :  1.87256e-09
 Reference value :  1.88056e-09
 Reference value :  1.88656e-09
 Reference value :  1.89456e-09
 Reference value :  1.90456e-09
 Reference value :  1.91456e-09
 Reference value :  1.92256e-09
 Reference value :  1.93056e-09
 Reference value :  1.93656e-09
 Reference value :  1.94456e-09
 Reference value :  1.95456e-09
 Reference value :  1.96256e-09
 Reference value :  1.97256e-09
 Reference value :  1.98056e-09
 Reference value :  1.98856e-09
 Reference value :  1.99456e-09
 Reference value :  2.00256e-09
 Reference value :  2.00856e-09
 Reference value :  2.01656e-09
 Reference value :  2.02656e-09
 Reference value :  2.03456e-09
 Reference value :  2.04256e-09
 Reference value :  2.05256e-09
 Reference value :  2.06056e-09
 Reference value :  2.06656e-09
 Reference value :  2.07456e-09
 Reference value :  2.08256e-09
 Reference value :  2.09056e-09
 Reference value :  2.09656e-09
 Reference value :  2.10456e-09
 Reference value :  2.11256e-09
 Reference value :  2.12056e-09
 Reference value :  2.12856e-09
 Reference value :  2.13456e-09
 Reference value :  2.14056e-09
 Reference value :  2.14656e-09
 Reference value :  2.15256e-09
 Reference value :  2.15856e-09
 Reference value :  2.16456e-09
 Reference value :  2.17056e-09
 Reference value :  2.17656e-09
 Reference value :  2.18656e-09
 Reference value :  2.19456e-09
 Reference value :  2.20256e-09
 Reference value :  2.20856e-09
 Reference value :  2.21656e-09
 Reference value :  2.22256e-09
 Reference value :  2.22856e-09
 Reference value :  2.23456e-09
 Reference value :  2.24256e-09
 Reference value :  2.25056e-09
 Reference value :  2.25656e-09
 Reference value :  2.26256e-09
 Reference value :  2.27056e-09
 Reference value :  2.27856e-09
 Reference value :  2.28456e-09
 Reference value :  2.29056e-09
 Reference value :  2.29856e-09
 Reference value :  2.30656e-09
 Reference value :  2.31456e-09
 Reference value :  2.32256e-09
 Reference value :  2.33056e-09
 Reference value :  2.33856e-09
 Reference value :  2.34456e-09
 Reference value :  2.35256e-09
 Reference value :  2.36056e-09
 Reference value :  2.37056e-09
 Reference value :  2.37656e-09
 Reference value :  2.38456e-09
 Reference value :  2.39256e-09
 Reference value :  2.40256e-09
 Reference value :  2.40856e-09
 Reference value :  2.41656e-09
 Reference value :  2.42256e-09
 Reference value :  2.43056e-09
 Reference value :  2.43856e-09
 Reference value :  2.44656e-09
 Reference value :  2.45256e-09
 Reference value :  2.46056e-09
 Reference value :  2.46856e-09
 Reference value :  2.47656e-09
 Reference value :  2.48656e-09
 Reference value :  2.49656e-09
 Reference value :  2.50656e-09
 Reference value :  2.51456e-09
 Reference value :  2.52256e-09
 Reference value :  2.53056e-09
 Reference value :  2.53856e-09
 Reference value :  2.54856e-09
 Reference value :  2.55656e-09
 Reference value :  2.56456e-09
 Reference value :  2.57056e-09
 Reference value :  2.57856e-09
 Reference value :  2.58456e-09
 Reference value :  2.59056e-09
 Reference value :  2.61056e-09
 Reference value :  2.61656e-09
 Reference value :  2.62456e-09
 Reference value :  2.63256e-09
 Reference value :  2.64056e-09
 Reference value :  2.64656e-09
 Reference value :  2.65256e-09
 Reference value :  2.66056e-09
 Reference value :  2.66856e-09
 Reference value :  2.67656e-09
 Reference value :  2.68456e-09
 Reference value :  2.69056e-09
 Reference value :  2.69856e-09
 Reference value :  2.70656e-09
 Reference value :  2.71456e-09
 Reference value :  2.72256e-09
 Reference value :  2.73056e-09
 Reference value :  2.73856e-09
 Reference value :  2.74856e-09
 Reference value :  2.75656e-09
 Reference value :  2.76456e-09
 Reference value :  2.77256e-09
 Reference value :  2.77856e-09
 Reference value :  2.78656e-09
 Reference value :  2.79656e-09
 Reference value :  2.80456e-09
 Reference value :  2.81256e-09
 Reference value :  2.81856e-09
 Reference value :  2.82456e-09
 Reference value :  2.83256e-09
 Reference value :  2.83856e-09
 Reference value :  2.84456e-09
 Reference value :  2.85056e-09
 Reference value :  2.85656e-09
 Reference value :  2.86456e-09
 Reference value :  2.87056e-09
 Reference value :  2.87656e-09
 Reference value :  2.88456e-09
 Reference value :  2.89256e-09
 Reference value :  2.90056e-09
 Reference value :  2.90856e-09
 Reference value :  2.91656e-09
 Reference value :  2.92456e-09
 Reference value :  2.93056e-09
 Reference value :  2.93656e-09
 Reference value :  2.94456e-09
 Reference value :  2.95056e-09
 Reference value :  2.96056e-09
 Reference value :  2.96656e-09
 Reference value :  2.97256e-09
 Reference value :  2.98056e-09
 Reference value :  2.98856e-09
 Reference value :  2.99656e-09
 Reference value :  3.00456e-09
 Reference value :  3.01456e-09
 Reference value :  3.02256e-09
 Reference value :  3.03256e-09
 Reference value :  3.04056e-09
 Reference value :  3.04656e-09
 Reference value :  3.05456e-09
 Reference value :  3.06256e-09
 Reference value :  3.07056e-09
 Reference value :  3.07856e-09
 Reference value :  3.08456e-09
 Reference value :  3.09256e-09
 Reference value :  3.10056e-09
 Reference value :  3.10856e-09
 Reference value :  3.11656e-09
 Reference value :  3.12456e-09
 Reference value :  3.13456e-09
 Reference value :  3.14256e-09
 Reference value :  3.15256e-09
 Reference value :  3.16056e-09
 Reference value :  3.16856e-09
 Reference value :  3.17656e-09
 Reference value :  3.18456e-09
 Reference value :  3.19456e-09
 Reference value :  3.20456e-09
 Reference value :  3.21256e-09
 Reference value :  3.22056e-09
 Reference value :  3.23056e-09
 Reference value :  3.23856e-09
 Reference value :  3.24656e-09
 Reference value :  3.25256e-09
 Reference value :  3.25856e-09
 Reference value :  3.26856e-09
 Reference value :  3.27656e-09
 Reference value :  3.28456e-09
 Reference value :  3.29256e-09
 Reference value :  3.29856e-09
 Reference value :  3.30656e-09
 Reference value :  3.31656e-09
 Reference value :  3.32456e-09
 Reference value :  3.33256e-09
 Reference value :  3.34056e-09
 Reference value :  3.34856e-09
 Reference value :  3.35656e-09
 Reference value :  3.36456e-09
 Reference value :  3.37256e-09
 Reference value :  3.38056e-09
 Reference value :  3.38856e-09
 Reference value :  3.39656e-09
 Reference value :  3.40256e-09
 Reference value :  3.41256e-09
 Reference value :  3.42056e-09
 Reference value :  3.42856e-09
 Reference value :  3.43856e-09
 Reference value :  3.44856e-09
 Reference value :  3.45856e-09
 Reference value :  3.46656e-09
 Reference value :  3.47456e-09
 Reference value :  3.48456e-09
 Reference value :  3.49456e-09
 Reference value :  3.50256e-09
 Reference value :  3.51256e-09
 Reference value :  3.52256e-09
 Reference value :  3.53256e-09
 Reference value :  3.54256e-09
 Reference value :  3.55056e-09
 Reference value :  3.56056e-09
 Reference value :  3.57056e-09
 Reference value :  3.57856e-09
 Reference value :  3.58656e-09
 Reference value :  3.59656e-09
 Reference value :  3.60656e-09
 Reference value :  3.61456e-09
 Reference value :  3.62256e-09
 Reference value :  3.63056e-09
 Reference value :  3.63856e-09
 Reference value :  3.64656e-09
 Reference value :  3.65456e-09
 Reference value :  3.66056e-09
 Reference value :  3.66856e-09
 Reference value :  3.67856e-09
 Reference value :  3.68856e-09
 Reference value :  3.69656e-09
 Reference value :  3.70256e-09
 Reference value :  3.71056e-09
 Reference value :  3.72056e-09
 Reference value :  3.72856e-09
 Reference value :  3.73456e-09
 Reference value :  3.74256e-09
 Reference value :  3.74856e-09
 Reference value :  3.75456e-09
 Reference value :  3.76456e-09
 Reference value :  3.77456e-09
 Reference value :  3.78656e-09
 Reference value :  3.79456e-09
 Reference value :  3.80256e-09
 Reference value :  3.81256e-09
 Reference value :  3.82056e-09
 Reference value :  3.82856e-09
 Reference value :  3.83656e-09
 Reference value :  3.84456e-09
 Reference value :  3.85256e-09
 Reference value :  3.85856e-09
 Reference value :  3.86656e-09
 Reference value :  3.87456e-09
 Reference value :  3.88256e-09
 Reference value :  3.88856e-09
 Reference value :  3.89456e-09
 Reference value :  3.90256e-09
 Reference value :  3.91056e-09
 Reference value :  3.91656e-09
 Reference value :  3.92256e-09
 Reference value :  3.93056e-09
 Reference value :  3.93856e-09
 Reference value :  3.94656e-09
 Reference value :  3.95456e-09
 Reference value :  3.96256e-09
 Reference value :  3.96856e-09
 Reference value :  3.97656e-09
 Reference value :  3.98256e-09
 Reference value :  3.98856e-09
 Reference value :  3.99856e-09
 Reference value :  4.00656e-09
 Reference value :  4.01456e-09
 Reference value :  4.02256e-09
 Reference value :  4.02856e-09
 Reference value :  4.03856e-09
 Reference value :  4.04656e-09
 Reference value :  4.05656e-09
 Reference value :  4.06456e-09
 Reference value :  4.07056e-09
 Reference value :  4.07856e-09
 Reference value :  4.08656e-09
 Reference value :  4.09456e-09
 Reference value :  4.10256e-09
 Reference value :  4.11256e-09
 Reference value :  4.12056e-09
 Reference value :  4.12856e-09
 Reference value :  4.13656e-09
 Reference value :  4.14456e-09
 Reference value :  4.15256e-09
 Reference value :  4.16056e-09
 Reference value :  4.16856e-09
 Reference value :  4.17656e-09
 Reference value :  4.18656e-09
 Reference value :  4.19256e-09
 Reference value :  4.20056e-09
 Reference value :  4.21056e-09
 Reference value :  4.22056e-09
 Reference value :  4.23056e-09
 Reference value :  4.24056e-09
 Reference value :  4.26256e-09
 Reference value :  4.49856e-09
 Reference value :  4.50656e-09
 Reference value :  4.51456e-09
 Reference value :  4.52256e-09
 Reference value :  4.53256e-09
 Reference value :  4.54056e-09
 Reference value :  4.55056e-09
 Reference value :  4.55856e-09
 Reference value :  4.56656e-09
 Reference value :  4.57656e-09
 Reference value :  4.58456e-09
 Reference value :  4.59256e-09
 Reference value :  4.59856e-09
 Reference value :  4.60456e-09
 Reference value :  4.61056e-09
 Reference value :  4.61656e-09
 Reference value :  4.62656e-09
 Reference value :  4.63656e-09
 Reference value :  4.64256e-09
 Reference value :  4.65056e-09
 Reference value :  4.65856e-09
 Reference value :  4.66656e-09
 Reference value :  4.67456e-09
 Reference value :  4.68256e-09
 Reference value :  4.69056e-09
 Reference value :  4.70056e-09
 Reference value :  4.71056e-09
 Reference value :  4.71856e-09
 Reference value :  4.72656e-09
 Reference value :  4.73456e-09
 Reference value :  4.74256e-09
 Reference value :  4.74856e-09
 Reference value :  4.75656e-09
 Reference value :  4.76456e-09
 Reference value :  4.77256e-09
 Reference value :  4.78256e-09
 Reference value :  4.79056e-09
 Reference value :  4.79856e-09
 Reference value :  4.80856e-09
 Reference value :  4.81656e-09
 Reference value :  4.82656e-09
 Reference value :  4.83656e-09
 Reference value :  4.84656e-09
 Reference value :  4.85456e-09
 Reference value :  4.86456e-09
 Reference value :  4.87656e-09
 Reference value :  4.88656e-09
 Reference value :  4.89456e-09
 Reference value :  4.90256e-09
 Reference value :  4.91256e-09
 Reference value :  4.91856e-09
 Reference value :  4.92456e-09
 Reference value :  4.93256e-09
 Reference value :  4.94056e-09
 Reference value :  4.94856e-09
 Reference value :  4.95656e-09
 Reference value :  4.96456e-09
 Reference value :  4.97256e-09
 Reference value :  4.98256e-09
 Reference value :  4.99056e-09
 Reference value :  5.00000e-09
 Reference value :  5.00300e-09
 Reference value :  5.01100e-09
 Reference value :  5.01900e-09
 Reference value :  5.02900e-09
 Reference value :  5.03700e-09
 Reference value :  5.04300e-09
 Reference value :  5.05100e-09
 Reference value :  5.06100e-09
 Reference value :  5.07100e-09
 Reference value :  5.07900e-09
 Reference value :  5.08700e-09
 Reference value :  5.09300e-09
 Reference value :  5.10000e-09
 Reference value :  5.10500e-09
 Reference value :  5.11300e-09
 Reference value :  5.12300e-09
 Reference value :  5.13100e-09
 Reference value :  5.14100e-09
 Reference value :  5.14900e-09
 Reference value :  5.15700e-09
 Reference value :  5.16300e-09
 Reference value :  5.17100e-09
 Reference value :  5.18100e-09
 Reference value :  5.18900e-09
 Reference value :  5.19700e-09
 Reference value :  5.20700e-09
 Reference value :  5.21500e-09
 Reference value :  5.22300e-09
 Reference value :  5.23100e-09
 Reference value :  5.23900e-09
 Reference value :  5.24700e-09
 Reference value :  5.25500e-09
 Reference value :  5.26300e-09
 Reference value :  5.27100e-09
 Reference value :  5.27900e-09
 Reference value :  5.28900e-09
 Reference value :  5.29700e-09
 Reference value :  5.30500e-09
 Reference value :  5.31100e-09
 Reference value :  5.31900e-09
 Reference value :  5.32500e-09
 Reference value :  5.33100e-09
 Reference value :  5.34100e-09
 Reference value :  5.34900e-09
 Reference value :  5.35700e-09
 Reference value :  5.36500e-09
 Reference value :  5.37500e-09
 Reference value :  5.38300e-09
 Reference value :  5.39300e-09
 Reference value :  5.39900e-09
 Reference value :  5.40700e-09
 Reference value :  5.41500e-09
 Reference value :  5.42300e-09
 Reference value :  5.43300e-09
 Reference value :  5.44300e-09
 Reference value :  5.45300e-09
 Reference value :  5.46100e-09
 Reference value :  5.46900e-09
 Reference value :  5.47500e-09
 Reference value :  5.48100e-09
 Reference value :  5.48900e-09
 Reference value :  5.49700e-09
 Reference value :  5.50700e-09
 Reference value :  5.51700e-09
 Reference value :  5.52500e-09
 Reference value :  5.53500e-09
 Reference value :  5.54300e-09
 Reference value :  5.55100e-09
 Reference value :  5.55900e-09
 Reference value :  5.56900e-09
 Reference value :  5.57900e-09
 Reference value :  5.58500e-09
 Reference value :  5.59300e-09
 Reference value :  5.60100e-09
 Reference value :  5.60900e-09
 Reference value :  5.61700e-09
 Reference value :  5.62700e-09
 Reference value :  5.63500e-09
 Reference value :  5.64300e-09
 Reference value :  5.65100e-09
 Reference value :  5.65900e-09
 Reference value :  5.66700e-09
 Reference value :  5.67300e-09
 Reference value :  5.68100e-09
 Reference value :  5.69100e-09
 Reference value :  5.69900e-09
 Reference value :  5.70900e-09
 Reference value :  5.71700e-09
 Reference value :  5.72500e-09
 Reference value :  5.73300e-09
 Reference value :  5.74100e-09
 Reference value :  5.74900e-09
 Reference value :  5.75700e-09
 Reference value :  5.76700e-09
 Reference value :  5.77500e-09
 Reference value :  5.78300e-09
 Reference value :  5.78900e-09
 Reference value :  5.79700e-09
 Reference value :  5.80700e-09
 Reference value :  5.81500e-09
 Reference value :  5.82300e-09
 Reference value :  5.83100e-09
 Reference value :  5.83900e-09
 Reference value :  5.84700e-09
 Reference value :  5.85500e-09
 Reference value :  5.86300e-09
 Reference value :  5.87100e-09
 Reference value :  5.87900e-09
 Reference value :  5.88700e-09
 Reference value :  5.89700e-09
 Reference value :  5.90700e-09
 Reference value :  5.91700e-09
 Reference value :  5.92500e-09
 Reference value :  5.93500e-09
 Reference value :  5.94300e-09
 Reference value :  5.95100e-09
 Reference value :  5.95700e-09
 Reference value :  5.96500e-09
 Reference value :  5.97300e-09
 Reference value :  5.97900e-09
 Reference value :  5.98900e-09
 Reference value :  5.99700e-09
 Reference value :  6.00500e-09
 Reference value :  6.01500e-09
 Reference value :  6.02100e-09
 Reference value :  6.02900e-09
 Reference value :  6.03700e-09
 Reference value :  6.04500e-09
 Reference value :  6.05300e-09
 Reference value :  6.06100e-09
 Reference value :  6.06900e-09
 Reference value :  6.07700e-09
 Reference value :  6.08500e-09
 Reference value :  6.09300e-09
 Reference value :  6.10100e-09
 Reference value :  6.11100e-09
 Reference value :  6.11900e-09
 Reference value :  6.12700e-09
 Reference value :  6.13500e-09
 Reference value :  6.14300e-09
 Reference value :  6.15100e-09
 Reference value :  6.15900e-09
 Reference value :  6.16900e-09
 Reference value :  6.17700e-09
 Reference value :  6.18300e-09
 Reference value :  6.19100e-09
 Reference value :  6.19900e-09
 Reference value :  6.20700e-09
 Reference value :  6.21500e-09
 Reference value :  6.22300e-09
 Reference value :  6.23100e-09
 Reference value :  6.23900e-09
 Reference value :  6.24700e-09
 Reference value :  6.25500e-09
 Reference value :  6.26500e-09
 Reference value :  6.27300e-09
 Reference value :  6.28100e-09
 Reference value :  6.29100e-09
 Reference value :  6.29900e-09
 Reference value :  6.30900e-09
 Reference value :  6.31500e-09
 Reference value :  6.32300e-09
 Reference value :  6.33100e-09
 Reference value :  6.33900e-09
 Reference value :  6.34700e-09
 Reference value :  6.35500e-09
 Reference value :  6.36500e-09
 Reference value :  6.37300e-09
 Reference value :  6.38100e-09
 Reference value :  6.38900e-09
 Reference value :  6.39500e-09
 Reference value :  6.40300e-09
 Reference value :  6.41100e-09
 Reference value :  6.41900e-09
 Reference value :  6.42700e-09
 Reference value :  6.43700e-09
 Reference value :  6.44500e-09
 Reference value :  6.45300e-09
 Reference value :  6.45900e-09
 Reference value :  6.46500e-09
 Reference value :  6.47300e-09
 Reference value :  6.48300e-09
 Reference value :  6.49100e-09
 Reference value :  6.49700e-09
 Reference value :  6.50300e-09
 Reference value :  6.50900e-09
 Reference value :  6.51900e-09
 Reference value :  6.52900e-09
 Reference value :  6.53900e-09
 Reference value :  6.54700e-09
 Reference value :  6.55500e-09
 Reference value :  6.56500e-09
 Reference value :  6.57300e-09
 Reference value :  6.58100e-09
 Reference value :  6.58900e-09
 Reference value :  6.59700e-09
 Reference value :  6.60500e-09
 Reference value :  6.61100e-09
 Reference value :  6.62100e-09
 Reference value :  6.63100e-09
 Reference value :  6.63900e-09
 Reference value :  6.64700e-09
 Reference value :  6.65500e-09
 Reference value :  6.66300e-09
 Reference value :  6.67300e-09
 Reference value :  6.68100e-09
 Reference value :  6.68900e-09
 Reference value :  6.69700e-09
 Reference value :  6.70700e-09
 Reference value :  6.71700e-09
 Reference value :  6.72500e-09
 Reference value :  6.73500e-09
 Reference value :  6.74300e-09
 Reference value :  6.74900e-09
 Reference value :  6.75700e-09
 Reference value :  6.76500e-09
 Reference value :  6.77300e-09
 Reference value :  6.78300e-09
 Reference value :  6.79100e-09
 Reference value :  6.79900e-09
 Reference value :  6.80700e-09
 Reference value :  6.81700e-09
 Reference value :  6.82500e-09
 Reference value :  6.83300e-09
 Reference value :  6.83900e-09
 Reference value :  6.84700e-09
 Reference value :  6.90300e-09
 Reference value :  6.90900e-09
 Reference value :  6.91700e-09
 Reference value :  6.92500e-09
 Reference value :  6.93500e-09
 Reference value :  6.94300e-09
 Reference value :  6.95500e-09
 Reference value :  6.96300e-09
 Reference value :  6.97300e-09
 Reference value :  6.98100e-09
 Reference value :  6.98700e-09
 Reference value :  6.99300e-09
 Reference value :  6.99900e-09
 Reference value :  7.00700e-09
 Reference value :  7.01500e-09
 Reference value :  7.02300e-09
 Reference value :  7.03300e-09
 Reference value :  7.04100e-09
 Reference value :  7.04900e-09
 Reference value :  7.05700e-09
 Reference value :  7.06500e-09
 Reference value :  7.07500e-09
 Reference value :  7.08500e-09
 Reference value :  7.09300e-09
 Reference value :  7.10300e-09
 Reference value :  7.11100e-09
 Reference value :  7.11900e-09
 Reference value :  7.12700e-09
 Reference value :  7.13700e-09
 Reference value :  7.14500e-09
 Reference value :  7.15500e-09
 Reference value :  7.16300e-09
 Reference value :  7.17100e-09
 Reference value :  7.17700e-09
 Reference value :  7.18500e-09
 Reference value :  7.19500e-09
 Reference value :  7.20300e-09
 Reference value :  7.21100e-09
 Reference value :  7.21900e-09
 Reference value :  7.22500e-09
 Reference value :  7.23300e-09
 Reference value :  7.23900e-09
 Reference value :  7.24500e-09
 Reference value :  7.25100e-09
 Reference value :  7.25700e-09
 Reference value :  7.26500e-09
 Reference value :  7.27300e-09
 Reference value :  7.28300e-09
 Reference value :  7.29100e-09
 Reference value :  7.29900e-09
 Reference value :  7.30900e-09
 Reference value :  7.31700e-09
 Reference value :  7.32500e-09
 Reference value :  7.33100e-09
 Reference value :  7.33900e-09
 Reference value :  7.34500e-09
 Reference value :  7.35500e-09
 Reference value :  7.36300e-09
 Reference value :  7.37300e-09
 Reference value :  7.38100e-09
 Reference value :  7.38900e-09
 Reference value :  7.39700e-09
 Reference value :  7.40700e-09
 Reference value :  7.41500e-09
 Reference value :  7.42300e-09
 Reference value :  7.43100e-09
 Reference value :  7.43700e-09
 Reference value :  7.44500e-09
 Reference value :  7.45300e-09
 Reference value :  7.46100e-09
 Reference value :  7.46900e-09
 Reference value :  7.47700e-09
 Reference value :  7.48500e-09
 Reference value :  7.49300e-09
 Reference value :  7.49900e-09
 Reference value :  7.50500e-09
 Reference value :  7.51300e-09
 Reference value :  7.52100e-09
 Reference value :  7.52700e-09
 Reference value :  7.53500e-09
 Reference value :  7.54300e-09
 Reference value :  7.55100e-09
 Reference value :  7.55900e-09
 Reference value :  7.56700e-09
 Reference value :  7.57500e-09
 Reference value :  7.58300e-09
 Reference value :  7.59100e-09
 Reference value :  7.60000e-09
No. of Data Rows : 3814
Note: Simulation executed from .control section 
