
Note: Compatibility modes selected: hs a


Circuit: * comparator-decision offset pick-off -- vindiff=0.0mv corner=tt temp=27.0c seed=7 (issue #9)

option SCALE: Scale is set to 1e-06 for instance and model parameters
option SCALE: Scale is set to 1e-06 for instance and model parameters
option SCALE: Scale is set to 1e-06 for instance and model parameters
option SCALE: Scale is set to 1e-06 for instance and model parameters
Doing analysis at TEMP = 27.000000 and TNOM = 27.000000

Using KLU as Direct Linear Solver
 Reference value :  0.00000e+00
 Reference value :  1.60000e-13
 Reference value :  2.56000e-12
 Reference value :  1.05600e-11
 Reference value :  1.85600e-11
 Reference value :  2.65600e-11
 Reference value :  3.45600e-11
 Reference value :  4.25600e-11
 Reference value :  5.05600e-11
 Reference value :  5.85600e-11
 Reference value :  6.65600e-11
 Reference value :  7.45600e-11
 Reference value :  8.25600e-11
 Reference value :  9.05600e-11
 Reference value :  9.85600e-11
 Reference value :  1.06560e-10
 Reference value :  1.12560e-10
 Reference value :  1.20560e-10
 Reference value :  1.28560e-10
 Reference value :  1.34560e-10
 Reference value :  1.42560e-10
 Reference value :  1.50560e-10
 Reference value :  1.58560e-10
 Reference value :  1.66560e-10
 Reference value :  1.74560e-10
 Reference value :  1.82560e-10
 Reference value :  1.90560e-10
 Reference value :  1.98560e-10
 Reference value :  2.08560e-10
 Reference value :  2.18560e-10
 Reference value :  2.28560e-10
 Reference value :  2.36560e-10
 Reference value :  2.44560e-10
 Reference value :  2.52560e-10
 Reference value :  2.58560e-10
 Reference value :  2.64560e-10
 Reference value :  2.70560e-10
 Reference value :  2.78560e-10
 Reference value :  2.84560e-10
 Reference value :  2.92560e-10
 Reference value :  3.00560e-10
 Reference value :  3.08560e-10
 Reference value :  3.14560e-10
 Reference value :  3.22560e-10
 Reference value :  3.30560e-10
 Reference value :  3.38560e-10
 Reference value :  3.46560e-10
 Reference value :  3.52560e-10
 Reference value :  3.62560e-10
 Reference value :  3.68560e-10
 Reference value :  3.74560e-10
 Reference value :  3.80560e-10
 Reference value :  3.86560e-10
 Reference value :  3.92560e-10
 Reference value :  3.98560e-10
 Reference value :  4.04560e-10
 Reference value :  4.10560e-10
 Reference value :  4.18560e-10
 Reference value :  4.26560e-10
 Reference value :  4.34560e-10
 Reference value :  4.40560e-10
 Reference value :  4.46560e-10
 Reference value :  4.52560e-10
 Reference value :  4.60560e-10
 Reference value :  4.66560e-10
 Reference value :  4.72560e-10
 Reference value :  4.78560e-10
 Reference value :  4.86560e-10
 Reference value :  4.92560e-10
 Reference value :  5.00560e-10
 Reference value :  5.08560e-10
 Reference value :  5.16560e-10
 Reference value :  5.24560e-10
 Reference value :  5.32560e-10
 Reference value :  5.40560e-10
 Reference value :  5.46560e-10
 Reference value :  5.52560e-10
 Reference value :  5.58560e-10
 Reference value :  5.64560e-10
 Reference value :  5.70560e-10
 Reference value :  5.78560e-10
 Reference value :  5.86560e-10
 Reference value :  5.94560e-10
 Reference value :  6.00560e-10
 Reference value :  6.08560e-10
 Reference value :  6.14560e-10
 Reference value :  6.20560e-10
 Reference value :  6.26560e-10
 Reference value :  6.34560e-10
 Reference value :  6.42560e-10
 Reference value :  6.50560e-10
 Reference value :  6.60560e-10
 Reference value :  6.70560e-10
 Reference value :  6.78560e-10
 Reference value :  6.88560e-10
 Reference value :  6.96560e-10
 Reference value :  7.02560e-10
 Reference value :  7.10560e-10
 Reference value :  7.20560e-10
 Reference value :  7.26560e-10
 Reference value :  7.34560e-10
 Reference value :  7.42560e-10
 Reference value :  7.50560e-10
 Reference value :  7.56560e-10
 Reference value :  7.62560e-10
 Reference value :  7.68560e-10
 Reference value :  7.78560e-10
 Reference value :  7.88560e-10
 Reference value :  7.94560e-10
 Reference value :  8.00560e-10
 Reference value :  8.08560e-10
 Reference value :  8.14560e-10
 Reference value :  8.20560e-10
 Reference value :  8.28560e-10
 Reference value :  8.36560e-10
 Reference value :  8.44560e-10
 Reference value :  8.52560e-10
 Reference value :  8.60560e-10
 Reference value :  8.66560e-10
 Reference value :  8.72560e-10
 Reference value :  8.80560e-10
 Reference value :  8.86560e-10
 Reference value :  8.92560e-10
 Reference value :  9.02560e-10
 Reference value :  9.12560e-10
 Reference value :  9.20560e-10
 Reference value :  9.26560e-10
 Reference value :  9.34560e-10
 Reference value :  9.40560e-10
 Reference value :  9.50560e-10
 Reference value :  9.58560e-10
 Reference value :  9.66560e-10
 Reference value :  9.74560e-10
 Reference value :  9.82560e-10
 Reference value :  9.88560e-10
 Reference value :  9.96560e-10
 Reference value :  1.00456e-09
 Reference value :  1.01456e-09
 Reference value :  1.02056e-09
 Reference value :  1.02856e-09
 Reference value :  1.03456e-09
 Reference value :  1.04256e-09
 Reference value :  1.05256e-09
 Reference value :  1.06056e-09
 Reference value :  1.06856e-09
 Reference value :  1.07456e-09
 Reference value :  1.08056e-09
 Reference value :  1.08856e-09
 Reference value :  1.09656e-09
 Reference value :  1.10256e-09
 Reference value :  1.11256e-09
 Reference value :  1.12256e-09
 Reference value :  1.13056e-09
 Reference value :  1.13656e-09
 Reference value :  1.14456e-09
 Reference value :  1.15256e-09
 Reference value :  1.16256e-09
 Reference value :  1.17056e-09
 Reference value :  1.17856e-09
 Reference value :  1.18656e-09
 Reference value :  1.19456e-09
 Reference value :  1.20256e-09
 Reference value :  1.20856e-09
 Reference value :  1.21456e-09
 Reference value :  1.22056e-09
 Reference value :  1.22656e-09
 Reference value :  1.23456e-09
 Reference value :  1.24256e-09
 Reference value :  1.24856e-09
 Reference value :  1.25656e-09
 Reference value :  1.26256e-09
 Reference value :  1.27056e-09
 Reference value :  1.27856e-09
 Reference value :  1.28456e-09
 Reference value :  1.29056e-09
 Reference value :  1.29856e-09
 Reference value :  1.30656e-09
 Reference value :  1.31456e-09
 Reference value :  1.32056e-09
 Reference value :  1.32656e-09
 Reference value :  1.33456e-09
 Reference value :  1.34256e-09
 Reference value :  1.34856e-09
 Reference value :  1.35656e-09
 Reference value :  1.36256e-09
 Reference value :  1.37056e-09
 Reference value :  1.38056e-09
 Reference value :  1.38856e-09
 Reference value :  1.39656e-09
 Reference value :  1.40256e-09
 Reference value :  1.40856e-09
 Reference value :  1.41456e-09
 Reference value :  1.42256e-09
 Reference value :  1.42856e-09
 Reference value :  1.43456e-09
 Reference value :  1.44056e-09
 Reference value :  1.44656e-09
 Reference value :  1.45256e-09
 Reference value :  1.46056e-09
 Reference value :  1.46656e-09
 Reference value :  1.47256e-09
 Reference value :  1.48056e-09
 Reference value :  1.48856e-09
 Reference value :  1.49656e-09
 Reference value :  1.50456e-09
 Reference value :  1.51256e-09
 Reference value :  1.51856e-09
 Reference value :  1.52656e-09
 Reference value :  1.53256e-09
 Reference value :  1.53856e-09
 Reference value :  1.54456e-09
 Reference value :  1.55256e-09
 Reference value :  1.55856e-09
 Reference value :  1.56456e-09
 Reference value :  1.57056e-09
 Reference value :  1.57856e-09
 Reference value :  1.58456e-09
 Reference value :  1.59056e-09
 Reference value :  1.59656e-09
 Reference value :  1.60256e-09
 Reference value :  1.61056e-09
 Reference value :  1.61856e-09
 Reference value :  1.62456e-09
 Reference value :  1.63056e-09
 Reference value :  1.63856e-09
 Reference value :  1.64456e-09
 Reference value :  1.65056e-09
 Reference value :  1.65656e-09
 Reference value :  1.66456e-09
 Reference value :  1.67256e-09
 Reference value :  1.68056e-09
 Reference value :  1.68856e-09
 Reference value :  1.69456e-09
 Reference value :  1.70056e-09
 Reference value :  1.70656e-09
 Reference value :  1.71456e-09
 Reference value :  1.72056e-09
 Reference value :  1.72856e-09
 Reference value :  1.73656e-09
 Reference value :  1.74256e-09
 Reference value :  1.74856e-09
 Reference value :  1.75456e-09
 Reference value :  1.76056e-09
 Reference value :  1.76656e-09
 Reference value :  1.77256e-09
 Reference value :  1.78056e-09
 Reference value :  1.78656e-09
 Reference value :  1.79456e-09
 Reference value :  1.80256e-09
 Reference value :  1.81056e-09
 Reference value :  1.81656e-09
 Reference value :  1.82456e-09
 Reference value :  1.83456e-09
 Reference value :  1.84256e-09
 Reference value :  1.85056e-09
 Reference value :  1.85856e-09
 Reference value :  1.86656e-09
 Reference value :  1.87456e-09
 Reference value :  1.88256e-09
 Reference value :  1.89256e-09
 Reference value :  1.90256e-09
 Reference value :  1.91256e-09
 Reference value :  1.92256e-09
 Reference value :  1.93056e-09
 Reference value :  1.93856e-09
 Reference value :  1.94456e-09
 Reference value :  1.95056e-09
 Reference value :  1.95856e-09
 Reference value :  1.96656e-09
 Reference value :  1.97456e-09
 Reference value :  1.98256e-09
 Reference value :  1.99056e-09
 Reference value :  1.99656e-09
 Reference value :  2.00456e-09
 Reference value :  2.01056e-09
 Reference value :  2.01656e-09
 Reference value :  2.02256e-09
 Reference value :  2.03056e-09
 Reference value :  2.03856e-09
 Reference value :  2.04656e-09
 Reference value :  2.05256e-09
 Reference value :  2.05856e-09
 Reference value :  2.06656e-09
 Reference value :  2.07256e-09
 Reference value :  2.07856e-09
 Reference value :  2.08656e-09
 Reference value :  2.09256e-09
 Reference value :  2.09856e-09
 Reference value :  2.10856e-09
 Reference value :  2.11456e-09
 Reference value :  2.12256e-09
 Reference value :  2.12856e-09
 Reference value :  2.13656e-09
 Reference value :  2.14456e-09
 Reference value :  2.15456e-09
 Reference value :  2.16656e-09
 Reference value :  2.17656e-09
 Reference value :  2.18656e-09
 Reference value :  2.19456e-09
 Reference value :  2.20256e-09
 Reference value :  2.21056e-09
 Reference value :  2.21656e-09
 Reference value :  2.22256e-09
 Reference value :  2.22856e-09
 Reference value :  2.23656e-09
 Reference value :  2.24456e-09
 Reference value :  2.25256e-09
 Reference value :  2.25856e-09
 Reference value :  2.26656e-09
 Reference value :  2.27256e-09
 Reference value :  2.27856e-09
 Reference value :  2.28656e-09
 Reference value :  2.29256e-09
 Reference value :  2.30056e-09
 Reference value :  2.30856e-09
 Reference value :  2.31656e-09
 Reference value :  2.32256e-09
 Reference value :  2.33056e-09
 Reference value :  2.33656e-09
 Reference value :  2.34456e-09
 Reference value :  2.35056e-09
 Reference value :  2.35856e-09
 Reference value :  2.36456e-09
 Reference value :  2.37056e-09
 Reference value :  2.37856e-09
 Reference value :  2.38656e-09
 Reference value :  2.39456e-09
 Reference value :  2.40256e-09
 Reference value :  2.41056e-09
 Reference value :  2.41856e-09
 Reference value :  2.42656e-09
 Reference value :  2.43456e-09
 Reference value :  2.44256e-09
 Reference value :  2.45056e-09
 Reference value :  2.45856e-09
 Reference value :  2.46856e-09
 Reference value :  2.47656e-09
 Reference value :  2.48256e-09
 Reference value :  2.49056e-09
 Reference value :  2.49656e-09
 Reference value :  2.50256e-09
 Reference value :  2.50856e-09
 Reference value :  2.51656e-09
 Reference value :  2.52456e-09
 Reference value :  2.53456e-09
 Reference value :  2.54456e-09
 Reference value :  2.55456e-09
 Reference value :  2.56456e-09
 Reference value :  2.57256e-09
 Reference value :  2.57856e-09
 Reference value :  2.58456e-09
 Reference value :  2.59056e-09
 Reference value :  2.59856e-09
 Reference value :  2.60456e-09
 Reference value :  2.61456e-09
 Reference value :  2.62056e-09
 Reference value :  2.62856e-09
 Reference value :  2.63656e-09
 Reference value :  2.64256e-09
 Reference value :  2.64856e-09
 Reference value :  2.65456e-09
 Reference value :  2.66056e-09
 Reference value :  2.66856e-09
 Reference value :  2.67656e-09
 Reference value :  2.68256e-09
 Reference value :  2.68856e-09
 Reference value :  2.69456e-09
 Reference value :  2.70056e-09
 Reference value :  2.70656e-09
 Reference value :  2.71256e-09
 Reference value :  2.71856e-09
 Reference value :  2.72656e-09
 Reference value :  2.73256e-09
 Reference value :  2.74056e-09
 Reference value :  2.74656e-09
 Reference value :  2.75256e-09
 Reference value :  2.75856e-09
 Reference value :  2.76456e-09
 Reference value :  2.77256e-09
 Reference value :  2.78056e-09
 Reference value :  2.78656e-09
 Reference value :  2.79456e-09
 Reference value :  2.80056e-09
 Reference value :  2.80656e-09
 Reference value :  2.81256e-09
 Reference value :  2.81856e-09
 Reference value :  2.82456e-09
 Reference value :  2.83056e-09
 Reference value :  2.83656e-09
 Reference value :  2.84456e-09
 Reference value :  2.85056e-09
 Reference value :  2.85656e-09
 Reference value :  2.86456e-09
 Reference value :  2.87256e-09
 Reference value :  2.87856e-09
 Reference value :  2.88656e-09
 Reference value :  2.89256e-09
 Reference value :  2.90056e-09
 Reference value :  2.90656e-09
 Reference value :  2.91456e-09
 Reference value :  2.92256e-09
 Reference value :  2.92856e-09
 Reference value :  2.93456e-09
 Reference value :  2.94056e-09
 Reference value :  2.94656e-09
 Reference value :  2.95256e-09
 Reference value :  2.95856e-09
 Reference value :  2.96456e-09
 Reference value :  2.97056e-09
 Reference value :  2.97856e-09
 Reference value :  2.98456e-09
 Reference value :  2.99056e-09
 Reference value :  2.99656e-09
 Reference value :  3.00256e-09
 Reference value :  3.01056e-09
 Reference value :  3.01656e-09
 Reference value :  3.02456e-09
 Reference value :  3.03056e-09
 Reference value :  3.03656e-09
 Reference value :  3.04256e-09
 Reference value :  3.05056e-09
 Reference value :  3.05856e-09
 Reference value :  3.06456e-09
 Reference value :  3.07056e-09
 Reference value :  3.07656e-09
 Reference value :  3.08256e-09
 Reference value :  3.08856e-09
 Reference value :  3.09656e-09
 Reference value :  3.10256e-09
 Reference value :  3.11056e-09
 Reference value :  3.11656e-09
 Reference value :  3.12456e-09
 Reference value :  3.13056e-09
 Reference value :  3.13656e-09
 Reference value :  3.14256e-09
 Reference value :  3.14856e-09
 Reference value :  3.15456e-09
 Reference value :  3.16056e-09
 Reference value :  3.16856e-09
 Reference value :  3.17656e-09
 Reference value :  3.18456e-09
 Reference value :  3.19056e-09
 Reference value :  3.19656e-09
 Reference value :  3.20256e-09
 Reference value :  3.20856e-09
 Reference value :  3.21656e-09
 Reference value :  3.22256e-09
 Reference value :  3.22856e-09
 Reference value :  3.23456e-09
 Reference value :  3.24056e-09
 Reference value :  3.24656e-09
 Reference value :  3.25256e-09
 Reference value :  3.25856e-09
 Reference value :  3.26456e-09
 Reference value :  3.27056e-09
 Reference value :  3.27656e-09
 Reference value :  3.28456e-09
 Reference value :  3.29256e-09
 Reference value :  3.30256e-09
 Reference value :  3.31256e-09
 Reference value :  3.32056e-09
 Reference value :  3.32656e-09
 Reference value :  3.33256e-09
 Reference value :  3.34056e-09
 Reference value :  3.34656e-09
 Reference value :  3.35256e-09
 Reference value :  3.35856e-09
 Reference value :  3.36456e-09
 Reference value :  3.37056e-09
 Reference value :  3.37656e-09
 Reference value :  3.38256e-09
 Reference value :  3.38856e-09
 Reference value :  3.39456e-09
 Reference value :  3.40056e-09
 Reference value :  3.40656e-09
 Reference value :  3.41256e-09
 Reference value :  3.41856e-09
 Reference value :  3.42456e-09
 Reference value :  3.43256e-09
 Reference value :  3.43856e-09
 Reference value :  3.44456e-09
 Reference value :  3.45056e-09
 Reference value :  3.45656e-09
 Reference value :  3.46256e-09
 Reference value :  3.46856e-09
 Reference value :  3.47656e-09
 Reference value :  3.48456e-09
 Reference value :  3.49056e-09
 Reference value :  3.49856e-09
 Reference value :  3.50656e-09
 Reference value :  3.51456e-09
 Reference value :  3.52056e-09
 Reference value :  3.52656e-09
 Reference value :  3.53256e-09
 Reference value :  3.54056e-09
 Reference value :  3.54856e-09
 Reference value :  3.55456e-09
 Reference value :  3.56256e-09
 Reference value :  3.56856e-09
 Reference value :  3.57656e-09
 Reference value :  3.58256e-09
 Reference value :  3.58856e-09
 Reference value :  3.59456e-09
 Reference value :  3.60056e-09
 Reference value :  3.60656e-09
 Reference value :  3.61256e-09
 Reference value :  3.61856e-09
 Reference value :  3.62456e-09
 Reference value :  3.63056e-09
 Reference value :  3.63856e-09
 Reference value :  3.64456e-09
 Reference value :  3.65056e-09
 Reference value :  3.65656e-09
 Reference value :  3.66456e-09
 Reference value :  3.67256e-09
 Reference value :  3.67856e-09
 Reference value :  3.68656e-09
 Reference value :  3.69256e-09
 Reference value :  3.69856e-09
 Reference value :  3.70456e-09
 Reference value :  3.71056e-09
 Reference value :  3.71656e-09
 Reference value :  3.72256e-09
 Reference value :  3.73056e-09
 Reference value :  3.73656e-09
 Reference value :  3.74456e-09
 Reference value :  3.75056e-09
 Reference value :  3.75656e-09
 Reference value :  3.76256e-09
 Reference value :  3.76856e-09
 Reference value :  3.77456e-09
 Reference value :  3.78056e-09
 Reference value :  3.78656e-09
 Reference value :  3.79456e-09
 Reference value :  3.80056e-09
 Reference value :  3.80656e-09
 Reference value :  3.81256e-09
 Reference value :  3.82056e-09
 Reference value :  3.82856e-09
 Reference value :  3.83456e-09
 Reference value :  3.84056e-09
 Reference value :  3.84656e-09
 Reference value :  3.85256e-09
 Reference value :  3.86056e-09
 Reference value :  3.86856e-09
 Reference value :  3.87656e-09
 Reference value :  3.88456e-09
 Reference value :  3.89056e-09
 Reference value :  3.89656e-09
 Reference value :  3.90256e-09
 Reference value :  3.90856e-09
 Reference value :  3.91456e-09
 Reference value :  3.92056e-09
 Reference value :  3.92656e-09
 Reference value :  3.93256e-09
 Reference value :  3.93856e-09
 Reference value :  3.94456e-09
 Reference value :  3.95056e-09
 Reference value :  3.95856e-09
 Reference value :  3.96456e-09
 Reference value :  3.97056e-09
 Reference value :  3.97656e-09
 Reference value :  3.98256e-09
 Reference value :  3.98856e-09
 Reference value :  3.99456e-09
 Reference value :  4.00056e-09
 Reference value :  4.00856e-09
 Reference value :  4.01456e-09
 Reference value :  4.02056e-09
 Reference value :  4.02656e-09
 Reference value :  4.03256e-09
 Reference value :  4.03856e-09
 Reference value :  4.04656e-09
 Reference value :  4.05256e-09
 Reference value :  4.05856e-09
 Reference value :  4.06456e-09
 Reference value :  4.07056e-09
 Reference value :  4.07656e-09
 Reference value :  4.08256e-09
 Reference value :  4.08856e-09
 Reference value :  4.09656e-09
 Reference value :  4.10456e-09
 Reference value :  4.11056e-09
 Reference value :  4.11656e-09
 Reference value :  4.12456e-09
 Reference value :  4.13256e-09
 Reference value :  4.14056e-09
 Reference value :  4.14856e-09
 Reference value :  4.15456e-09
 Reference value :  4.16056e-09
 Reference value :  4.16656e-09
 Reference value :  4.17256e-09
 Reference value :  4.17856e-09
 Reference value :  4.18656e-09
 Reference value :  4.19256e-09
 Reference value :  4.19856e-09
 Reference value :  4.20656e-09
 Reference value :  4.21256e-09
 Reference value :  4.21856e-09
 Reference value :  4.22656e-09
 Reference value :  4.23456e-09
 Reference value :  4.24256e-09
 Reference value :  4.24856e-09
 Reference value :  4.25656e-09
 Reference value :  4.26256e-09
 Reference value :  4.27056e-09
 Reference value :  4.27856e-09
 Reference value :  4.28456e-09
 Reference value :  4.29056e-09
 Reference value :  4.29656e-09
 Reference value :  4.30256e-09
 Reference value :  4.30856e-09
 Reference value :  4.31456e-09
 Reference value :  4.32256e-09
 Reference value :  4.32856e-09
 Reference value :  4.33856e-09
 Reference value :  4.34656e-09
 Reference value :  4.35456e-09
 Reference value :  4.36056e-09
 Reference value :  4.36656e-09
 Reference value :  4.37456e-09
 Reference value :  4.38256e-09
 Reference value :  4.39056e-09
 Reference value :  4.39656e-09
 Reference value :  4.40456e-09
 Reference value :  4.41056e-09
 Reference value :  4.41856e-09
 Reference value :  4.42656e-09
 Reference value :  4.43256e-09
 Reference value :  4.44056e-09
 Reference value :  4.44656e-09
 Reference value :  4.45456e-09
 Reference value :  4.46056e-09
 Reference value :  4.46656e-09
 Reference value :  4.47256e-09
 Reference value :  4.47856e-09
 Reference value :  4.48656e-09
 Reference value :  4.49456e-09
 Reference value :  4.50056e-09
 Reference value :  4.50856e-09
 Reference value :  4.51656e-09
 Reference value :  4.52456e-09
 Reference value :  4.53056e-09
 Reference value :  4.53656e-09
 Reference value :  4.54256e-09
 Reference value :  4.54856e-09
 Reference value :  4.55456e-09
 Reference value :  4.56256e-09
 Reference value :  4.56856e-09
 Reference value :  4.57656e-09
 Reference value :  4.58256e-09
 Reference value :  4.58856e-09
 Reference value :  4.59456e-09
 Reference value :  4.60256e-09
 Reference value :  4.60856e-09
 Reference value :  4.61656e-09
 Reference value :  4.62256e-09
 Reference value :  4.62856e-09
 Reference value :  4.63656e-09
 Reference value :  4.64256e-09
 Reference value :  4.65056e-09
 Reference value :  4.65856e-09
 Reference value :  4.66456e-09
 Reference value :  4.67056e-09
 Reference value :  4.67656e-09
 Reference value :  4.68256e-09
 Reference value :  4.68856e-09
 Reference value :  4.69456e-09
 Reference value :  4.70256e-09
 Reference value :  4.71056e-09
 Reference value :  4.71656e-09
 Reference value :  4.72456e-09
 Reference value :  4.73056e-09
 Reference value :  4.73656e-09
 Reference value :  4.74456e-09
 Reference value :  4.75256e-09
 Reference value :  4.76056e-09
 Reference value :  4.76656e-09
 Reference value :  4.77456e-09
 Reference value :  4.78056e-09
 Reference value :  4.78856e-09
 Reference value :  4.79656e-09
 Reference value :  4.80456e-09
 Reference value :  4.81056e-09
 Reference value :  4.81656e-09
 Reference value :  4.82456e-09
 Reference value :  4.83056e-09
 Reference value :  4.83656e-09
 Reference value :  4.84456e-09
 Reference value :  4.85056e-09
 Reference value :  4.85856e-09
 Reference value :  4.86656e-09
 Reference value :  4.87256e-09
 Reference value :  4.88056e-09
 Reference value :  4.88856e-09
 Reference value :  4.89656e-09
 Reference value :  4.90456e-09
 Reference value :  4.91256e-09
 Reference value :  4.91856e-09
 Reference value :  4.92456e-09
 Reference value :  4.93256e-09
 Reference value :  4.94056e-09
 Reference value :  4.94856e-09
 Reference value :  4.95656e-09
 Reference value :  4.96256e-09
 Reference value :  4.96856e-09
 Reference value :  4.97656e-09
 Reference value :  4.98256e-09
 Reference value :  4.99056e-09
 Reference value :  4.99828e-09
 Reference value :  5.00060e-09
 Reference value :  5.00700e-09
 Reference value :  5.01500e-09
 Reference value :  5.02100e-09
 Reference value :  5.02700e-09
 Reference value :  5.03500e-09
 Reference value :  5.04300e-09
 Reference value :  5.04900e-09
 Reference value :  5.05500e-09
 Reference value :  5.06300e-09
 Reference value :  5.06900e-09
 Reference value :  5.07700e-09
 Reference value :  5.08500e-09
 Reference value :  5.09300e-09
 Reference value :  5.09850e-09
 Reference value :  5.10060e-09
 Reference value :  5.10500e-09
 Reference value :  5.11100e-09
 Reference value :  5.11700e-09
 Reference value :  5.12500e-09
 Reference value :  5.13300e-09
 Reference value :  5.13900e-09
 Reference value :  5.14700e-09
 Reference value :  5.15500e-09
 Reference value :  5.16300e-09
 Reference value :  5.17100e-09
 Reference value :  5.17900e-09
 Reference value :  5.18500e-09
 Reference value :  5.19300e-09
 Reference value :  5.19900e-09
 Reference value :  5.20700e-09
 Reference value :  5.21500e-09
 Reference value :  5.22100e-09
 Reference value :  5.22700e-09
 Reference value :  5.23300e-09
 Reference value :  5.23900e-09
 Reference value :  5.24500e-09
 Reference value :  5.25300e-09
 Reference value :  5.25900e-09
 Reference value :  5.26500e-09
 Reference value :  5.27300e-09
 Reference value :  5.28100e-09
 Reference value :  5.28700e-09
 Reference value :  5.29300e-09
 Reference value :  5.29900e-09
 Reference value :  5.30500e-09
 Reference value :  5.31100e-09
 Reference value :  5.31900e-09
 Reference value :  5.32500e-09
 Reference value :  5.33100e-09
 Reference value :  5.33700e-09
 Reference value :  5.34300e-09
 Reference value :  5.34900e-09
 Reference value :  5.35500e-09
 Reference value :  5.36300e-09
 Reference value :  5.36900e-09
 Reference value :  5.37500e-09
 Reference value :  5.38300e-09
 Reference value :  5.39100e-09
 Reference value :  5.39700e-09
 Reference value :  5.40300e-09
 Reference value :  5.41100e-09
 Reference value :  5.41900e-09
 Reference value :  5.42500e-09
 Reference value :  5.43300e-09
 Reference value :  5.44100e-09
 Reference value :  5.44700e-09
 Reference value :  5.45500e-09
 Reference value :  5.46300e-09
 Reference value :  5.46900e-09
 Reference value :  5.47700e-09
 Reference value :  5.48500e-09
 Reference value :  5.49100e-09
 Reference value :  5.49700e-09
 Reference value :  5.50500e-09
 Reference value :  5.51100e-09
 Reference value :  5.51700e-09
 Reference value :  5.52500e-09
 Reference value :  5.53100e-09
 Reference value :  5.53700e-09
 Reference value :  5.54300e-09
 Reference value :  5.55100e-09
 Reference value :  5.55700e-09
 Reference value :  5.56500e-09
 Reference value :  5.57100e-09
 Reference value :  5.57700e-09
 Reference value :  5.58500e-09
 Reference value :  5.59100e-09
 Reference value :  5.59900e-09
 Reference value :  5.60500e-09
 Reference value :  5.61100e-09
 Reference value :  5.61900e-09
 Reference value :  5.62700e-09
 Reference value :  5.63500e-09
 Reference value :  5.64100e-09
 Reference value :  5.64900e-09
 Reference value :  5.65500e-09
 Reference value :  5.66300e-09
 Reference value :  5.67100e-09
 Reference value :  5.67700e-09
 Reference value :  5.68300e-09
 Reference value :  5.69100e-09
 Reference value :  5.69900e-09
 Reference value :  5.70700e-09
 Reference value :  5.71300e-09
 Reference value :  5.72100e-09
 Reference value :  5.72700e-09
 Reference value :  5.73500e-09
 Reference value :  5.74100e-09
 Reference value :  5.74900e-09
 Reference value :  5.75700e-09
 Reference value :  5.76300e-09
 Reference value :  5.77100e-09
 Reference value :  5.77900e-09
 Reference value :  5.78700e-09
 Reference value :  5.79300e-09
 Reference value :  5.80100e-09
 Reference value :  5.80900e-09
 Reference value :  5.81500e-09
 Reference value :  5.82100e-09
 Reference value :  5.82900e-09
 Reference value :  5.83500e-09
 Reference value :  5.84300e-09
 Reference value :  5.84900e-09
 Reference value :  5.85500e-09
 Reference value :  5.86300e-09
 Reference value :  5.86900e-09
 Reference value :  5.87700e-09
 Reference value :  5.88300e-09
 Reference value :  5.89100e-09
 Reference value :  5.89700e-09
 Reference value :  5.90300e-09
 Reference value :  5.90900e-09
 Reference value :  5.91700e-09
 Reference value :  5.92300e-09
 Reference value :  5.92900e-09
 Reference value :  5.93500e-09
 Reference value :  5.94300e-09
 Reference value :  5.95100e-09
 Reference value :  5.95700e-09
 Reference value :  5.96300e-09
 Reference value :  5.97100e-09
 Reference value :  5.97700e-09
 Reference value :  5.98500e-09
 Reference value :  5.99100e-09
 Reference value :  5.99900e-09
 Reference value :  6.00500e-09
 Reference value :  6.01300e-09
 Reference value :  6.01900e-09
 Reference value :  6.02500e-09
 Reference value :  6.03100e-09
 Reference value :  6.03700e-09
 Reference value :  6.04300e-09
 Reference value :  6.04900e-09
 Reference value :  6.05500e-09
 Reference value :  6.06100e-09
 Reference value :  6.06700e-09
 Reference value :  6.07500e-09
 Reference value :  6.08100e-09
 Reference value :  6.08900e-09
 Reference value :  6.09700e-09
 Reference value :  6.10300e-09
 Reference value :  6.10900e-09
 Reference value :  6.11700e-09
 Reference value :  6.12300e-09
 Reference value :  6.12900e-09
 Reference value :  6.13500e-09
 Reference value :  6.14100e-09
 Reference value :  6.14700e-09
 Reference value :  6.15500e-09
 Reference value :  6.16100e-09
 Reference value :  6.16700e-09
 Reference value :  6.17500e-09
 Reference value :  6.18100e-09
 Reference value :  6.18900e-09
 Reference value :  6.19700e-09
 Reference value :  6.20300e-09
 Reference value :  6.21100e-09
 Reference value :  6.21700e-09
 Reference value :  6.22300e-09
 Reference value :  6.23100e-09
 Reference value :  6.23900e-09
 Reference value :  6.24700e-09
 Reference value :  6.25300e-09
 Reference value :  6.26100e-09
 Reference value :  6.26900e-09
 Reference value :  6.27500e-09
 Reference value :  6.28300e-09
 Reference value :  6.29100e-09
 Reference value :  6.29900e-09
 Reference value :  6.30500e-09
 Reference value :  6.31100e-09
 Reference value :  6.31900e-09
 Reference value :  6.32500e-09
 Reference value :  6.33100e-09
 Reference value :  6.33900e-09
 Reference value :  6.34700e-09
 Reference value :  6.35500e-09
 Reference value :  6.36100e-09
 Reference value :  6.36900e-09
 Reference value :  6.37700e-09
 Reference value :  6.38300e-09
 Reference value :  6.39100e-09
 Reference value :  6.39900e-09
 Reference value :  6.40500e-09
 Reference value :  6.41300e-09
 Reference value :  6.41900e-09
 Reference value :  6.42700e-09
 Reference value :  6.43300e-09
 Reference value :  6.43900e-09
 Reference value :  6.44700e-09
 Reference value :  6.45300e-09
 Reference value :  6.45900e-09
 Reference value :  6.46700e-09
 Reference value :  6.47500e-09
 Reference value :  6.48300e-09
 Reference value :  6.48900e-09
 Reference value :  6.49700e-09
 Reference value :  6.50300e-09
 Reference value :  6.50900e-09
 Reference value :  6.51700e-09
 Reference value :  6.52300e-09
 Reference value :  6.53100e-09
 Reference value :  6.53900e-09
 Reference value :  6.54700e-09
 Reference value :  6.55300e-09
 Reference value :  6.56100e-09
 Reference value :  6.56900e-09
 Reference value :  6.57500e-09
 Reference value :  6.58100e-09
 Reference value :  6.58700e-09
 Reference value :  6.59300e-09
 Reference value :  6.59900e-09
 Reference value :  6.60700e-09
 Reference value :  6.61300e-09
 Reference value :  6.61900e-09
 Reference value :  6.62500e-09
 Reference value :  6.63100e-09
 Reference value :  6.63700e-09
 Reference value :  6.64300e-09
 Reference value :  6.64900e-09
 Reference value :  6.65500e-09
 Reference value :  6.66300e-09
 Reference value :  6.66900e-09
 Reference value :  6.67500e-09
 Reference value :  6.68100e-09
 Reference value :  6.68700e-09
 Reference value :  6.69300e-09
 Reference value :  6.70100e-09
 Reference value :  6.70900e-09
 Reference value :  6.71500e-09
 Reference value :  6.72100e-09
 Reference value :  6.72700e-09
 Reference value :  6.73300e-09
 Reference value :  6.73900e-09
 Reference value :  6.74700e-09
 Reference value :  6.75300e-09
 Reference value :  6.75900e-09
 Reference value :  6.76700e-09
 Reference value :  6.77500e-09
 Reference value :  6.78100e-09
 Reference value :  6.78900e-09
 Reference value :  6.79500e-09
 Reference value :  6.80300e-09
 Reference value :  6.80900e-09
 Reference value :  6.81500e-09
 Reference value :  6.82100e-09
 Reference value :  6.82700e-09
 Reference value :  6.83300e-09
 Reference value :  6.83900e-09
 Reference value :  6.84700e-09
 Reference value :  6.85300e-09
 Reference value :  6.85900e-09
 Reference value :  6.86700e-09
 Reference value :  6.87500e-09
 Reference value :  6.88100e-09
 Reference value :  6.88900e-09
 Reference value :  6.89700e-09
 Reference value :  6.90300e-09
 Reference value :  6.90900e-09
 Reference value :  6.91500e-09
 Reference value :  6.92100e-09
 Reference value :  6.92900e-09
 Reference value :  6.93700e-09
 Reference value :  6.94300e-09
 Reference value :  6.95100e-09
 Reference value :  6.95700e-09
 Reference value :  6.96300e-09
 Reference value :  6.96900e-09
 Reference value :  6.97500e-09
 Reference value :  6.98100e-09
 Reference value :  6.98900e-09
 Reference value :  6.99700e-09
 Reference value :  7.00300e-09
 Reference value :  7.00900e-09
 Reference value :  7.01500e-09
 Reference value :  7.02300e-09
 Reference value :  7.02900e-09
 Reference value :  7.03700e-09
 Reference value :  7.04300e-09
 Reference value :  7.04900e-09
 Reference value :  7.05500e-09
 Reference value :  7.06300e-09
 Reference value :  7.06900e-09
 Reference value :  7.07500e-09
 Reference value :  7.08100e-09
 Reference value :  7.08700e-09
 Reference value :  7.09300e-09
 Reference value :  7.09900e-09
 Reference value :  7.10700e-09
 Reference value :  7.11300e-09
 Reference value :  7.12100e-09
 Reference value :  7.12900e-09
 Reference value :  7.13500e-09
 Reference value :  7.14300e-09
 Reference value :  7.14900e-09
 Reference value :  7.15700e-09
 Reference value :  7.16300e-09
 Reference value :  7.17100e-09
 Reference value :  7.17700e-09
 Reference value :  7.18300e-09
 Reference value :  7.18900e-09
 Reference value :  7.19700e-09
 Reference value :  7.20300e-09
 Reference value :  7.20900e-09
 Reference value :  7.21500e-09
 Reference value :  7.22300e-09
 Reference value :  7.22900e-09
 Reference value :  7.23500e-09
 Reference value :  7.24300e-09
 Reference value :  7.24900e-09
 Reference value :  7.25700e-09
 Reference value :  7.26300e-09
 Reference value :  7.26900e-09
 Reference value :  7.27500e-09
 Reference value :  7.28100e-09
 Reference value :  7.28700e-09
 Reference value :  7.29500e-09
 Reference value :  7.30100e-09
 Reference value :  7.30700e-09
 Reference value :  7.31500e-09
 Reference value :  7.32300e-09
 Reference value :  7.32900e-09
 Reference value :  7.33500e-09
 Reference value :  7.34300e-09
 Reference value :  7.34900e-09
 Reference value :  7.35700e-09
 Reference value :  7.36300e-09
 Reference value :  7.37100e-09
 Reference value :  7.37900e-09
 Reference value :  7.38700e-09
 Reference value :  7.39300e-09
 Reference value :  7.40100e-09
 Reference value :  7.40700e-09
 Reference value :  7.41500e-09
 Reference value :  7.42100e-09
 Reference value :  7.42900e-09
 Reference value :  7.43700e-09
 Reference value :  7.44500e-09
 Reference value :  7.45300e-09
 Reference value :  7.46100e-09
 Reference value :  7.46900e-09
 Reference value :  7.47700e-09
 Reference value :  7.48500e-09
 Reference value :  7.49300e-09
 Reference value :  7.50100e-09
 Reference value :  7.50900e-09
 Reference value :  7.51700e-09
 Reference value :  7.52500e-09
 Reference value :  7.53300e-09
 Reference value :  7.54100e-09
 Reference value :  7.54700e-09
 Reference value :  7.55500e-09
 Reference value :  7.56100e-09
 Reference value :  7.56900e-09
 Reference value :  7.57500e-09
 Reference value :  7.58300e-09
 Reference value :  7.58900e-09
 Reference value :  7.59700e-09
No. of Data Rows : 3814
Note: Simulation executed from .control section 
