
Note: Compatibility modes selected: hs a


Circuit: * comparator-decision offset pick-off -- vindiff=0.0mv corner=tt temp=27.0c seed=12 (issue #9)

option SCALE: Scale is set to 1e-06 for instance and model parameters
option SCALE: Scale is set to 1e-06 for instance and model parameters
option SCALE: Scale is set to 1e-06 for instance and model parameters
option SCALE: Scale is set to 1e-06 for instance and model parameters
Doing analysis at TEMP = 27.000000 and TNOM = 27.000000

Using KLU as Direct Linear Solver
 Reference value :  0.00000e+00
 Reference value :  1.60000e-13
 Reference value :  2.56000e-12
 Reference value :  1.05600e-11
 Reference value :  1.85600e-11
 Reference value :  2.65600e-11
 Reference value :  3.45600e-11
 Reference value :  4.25600e-11
 Reference value :  5.05600e-11
 Reference value :  5.85600e-11
 Reference value :  6.65600e-11
 Reference value :  7.45600e-11
 Reference value :  8.25600e-11
 Reference value :  9.05600e-11
 Reference value :  9.85600e-11
 Reference value :  1.08560e-10
 Reference value :  1.18560e-10
 Reference value :  1.24560e-10
 Reference value :  1.32560e-10
 Reference value :  1.42560e-10
 Reference value :  1.52560e-10
 Reference value :  1.58560e-10
 Reference value :  1.66560e-10
 Reference value :  1.72560e-10
 Reference value :  1.78560e-10
 Reference value :  1.86560e-10
 Reference value :  1.94560e-10
 Reference value :  2.02560e-10
 Reference value :  2.12560e-10
 Reference value :  2.20560e-10
 Reference value :  2.26560e-10
 Reference value :  2.32560e-10
 Reference value :  2.38560e-10
 Reference value :  2.44560e-10
 Reference value :  2.54560e-10
 Reference value :  2.62560e-10
 Reference value :  2.68560e-10
 Reference value :  2.76560e-10
 Reference value :  2.82560e-10
 Reference value :  2.88560e-10
 Reference value :  2.98560e-10
 Reference value :  3.08560e-10
 Reference value :  3.16560e-10
 Reference value :  3.24560e-10
 Reference value :  3.32560e-10
 Reference value :  3.40560e-10
 Reference value :  3.46560e-10
 Reference value :  3.52560e-10
 Reference value :  3.58560e-10
 Reference value :  3.66560e-10
 Reference value :  3.72560e-10
 Reference value :  3.78560e-10
 Reference value :  3.84560e-10
 Reference value :  3.92560e-10
 Reference value :  3.98560e-10
 Reference value :  4.06560e-10
 Reference value :  4.14560e-10
 Reference value :  4.22560e-10
 Reference value :  4.28560e-10
 Reference value :  4.36560e-10
 Reference value :  4.42560e-10
 Reference value :  4.50560e-10
 Reference value :  4.56560e-10
 Reference value :  4.64560e-10
 Reference value :  4.70560e-10
 Reference value :  4.76560e-10
 Reference value :  4.82560e-10
 Reference value :  4.88560e-10
 Reference value :  4.96560e-10
 Reference value :  5.02560e-10
 Reference value :  5.08560e-10
 Reference value :  5.14560e-10
 Reference value :  5.20560e-10
 Reference value :  5.26560e-10
 Reference value :  5.32560e-10
 Reference value :  5.40560e-10
 Reference value :  5.46560e-10
 Reference value :  5.52560e-10
 Reference value :  5.60560e-10
 Reference value :  5.66560e-10
 Reference value :  5.72560e-10
 Reference value :  5.80560e-10
 Reference value :  5.86560e-10
 Reference value :  5.94560e-10
 Reference value :  6.02560e-10
 Reference value :  6.08560e-10
 Reference value :  6.14560e-10
 Reference value :  6.22560e-10
 Reference value :  6.28560e-10
 Reference value :  6.34560e-10
 Reference value :  6.40560e-10
 Reference value :  6.48560e-10
 Reference value :  6.54560e-10
 Reference value :  6.60560e-10
 Reference value :  6.66560e-10
 Reference value :  6.74560e-10
 Reference value :  6.82560e-10
 Reference value :  6.90560e-10
 Reference value :  6.98560e-10
 Reference value :  7.06560e-10
 Reference value :  7.12560e-10
 Reference value :  7.20560e-10
 Reference value :  7.28560e-10
 Reference value :  7.38560e-10
 Reference value :  7.46560e-10
 Reference value :  7.54560e-10
 Reference value :  7.62560e-10
 Reference value :  7.68560e-10
 Reference value :  7.76560e-10
 Reference value :  7.86560e-10
 Reference value :  7.94560e-10
 Reference value :  8.00560e-10
 Reference value :  8.06560e-10
 Reference value :  8.12560e-10
 Reference value :  8.20560e-10
 Reference value :  8.28560e-10
 Reference value :  8.36560e-10
 Reference value :  8.42560e-10
 Reference value :  8.50560e-10
 Reference value :  8.58560e-10
 Reference value :  8.66560e-10
 Reference value :  8.72560e-10
 Reference value :  8.78560e-10
 Reference value :  8.86560e-10
 Reference value :  8.94560e-10
 Reference value :  9.02560e-10
 Reference value :  9.08560e-10
 Reference value :  9.16560e-10
 Reference value :  9.22560e-10
 Reference value :  9.28560e-10
 Reference value :  9.36560e-10
 Reference value :  9.44560e-10
 Reference value :  9.50560e-10
 Reference value :  9.58560e-10
 Reference value :  9.66560e-10
 Reference value :  9.74560e-10
 Reference value :  9.82560e-10
 Reference value :  9.90560e-10
 Reference value :  9.98560e-10
 Reference value :  1.00856e-09
 Reference value :  1.01456e-09
 Reference value :  1.02056e-09
 Reference value :  1.02656e-09
 Reference value :  1.03456e-09
 Reference value :  1.04256e-09
 Reference value :  1.04856e-09
 Reference value :  1.05656e-09
 Reference value :  1.06456e-09
 Reference value :  1.07056e-09
 Reference value :  1.07656e-09
 Reference value :  1.08256e-09
 Reference value :  1.09056e-09
 Reference value :  1.09856e-09
 Reference value :  1.10656e-09
 Reference value :  1.11456e-09
 Reference value :  1.12056e-09
 Reference value :  1.12856e-09
 Reference value :  1.13656e-09
 Reference value :  1.14456e-09
 Reference value :  1.15256e-09
 Reference value :  1.16056e-09
 Reference value :  1.16856e-09
 Reference value :  1.17456e-09
 Reference value :  1.18256e-09
 Reference value :  1.18856e-09
 Reference value :  1.19456e-09
 Reference value :  1.20056e-09
 Reference value :  1.20656e-09
 Reference value :  1.21256e-09
 Reference value :  1.21856e-09
 Reference value :  1.22456e-09
 Reference value :  1.23256e-09
 Reference value :  1.23856e-09
 Reference value :  1.24656e-09
 Reference value :  1.25256e-09
 Reference value :  1.25856e-09
 Reference value :  1.26656e-09
 Reference value :  1.27456e-09
 Reference value :  1.28056e-09
 Reference value :  1.28656e-09
 Reference value :  1.29256e-09
 Reference value :  1.30056e-09
 Reference value :  1.30656e-09
 Reference value :  1.31256e-09
 Reference value :  1.31856e-09
 Reference value :  1.32456e-09
 Reference value :  1.33256e-09
 Reference value :  1.34056e-09
 Reference value :  1.34656e-09
 Reference value :  1.35456e-09
 Reference value :  1.36256e-09
 Reference value :  1.36856e-09
 Reference value :  1.37456e-09
 Reference value :  1.38056e-09
 Reference value :  1.38856e-09
 Reference value :  1.39456e-09
 Reference value :  1.40256e-09
 Reference value :  1.41056e-09
 Reference value :  1.41856e-09
 Reference value :  1.42856e-09
 Reference value :  1.43856e-09
 Reference value :  1.44656e-09
 Reference value :  1.45456e-09
 Reference value :  1.46056e-09
 Reference value :  1.46856e-09
 Reference value :  1.47456e-09
 Reference value :  1.48056e-09
 Reference value :  1.48656e-09
 Reference value :  1.49456e-09
 Reference value :  1.50056e-09
 Reference value :  1.50856e-09
 Reference value :  1.51656e-09
 Reference value :  1.52456e-09
 Reference value :  1.53256e-09
 Reference value :  1.54056e-09
 Reference value :  1.54656e-09
 Reference value :  1.55256e-09
 Reference value :  1.56056e-09
 Reference value :  1.56656e-09
 Reference value :  1.57256e-09
 Reference value :  1.58056e-09
 Reference value :  1.58656e-09
 Reference value :  1.59256e-09
 Reference value :  1.60056e-09
 Reference value :  1.60856e-09
 Reference value :  1.61656e-09
 Reference value :  1.62456e-09
 Reference value :  1.63256e-09
 Reference value :  1.63856e-09
 Reference value :  1.64656e-09
 Reference value :  1.65256e-09
 Reference value :  1.66056e-09
 Reference value :  1.66856e-09
 Reference value :  1.67656e-09
 Reference value :  1.68456e-09
 Reference value :  1.69056e-09
 Reference value :  1.69656e-09
 Reference value :  1.70456e-09
 Reference value :  1.71256e-09
 Reference value :  1.72056e-09
 Reference value :  1.72656e-09
 Reference value :  1.73256e-09
 Reference value :  1.74056e-09
 Reference value :  1.74656e-09
 Reference value :  1.75256e-09
 Reference value :  1.76056e-09
 Reference value :  1.76656e-09
 Reference value :  1.77456e-09
 Reference value :  1.78056e-09
 Reference value :  1.78856e-09
 Reference value :  1.79456e-09
 Reference value :  1.80056e-09
 Reference value :  1.81056e-09
 Reference value :  1.81856e-09
 Reference value :  1.82456e-09
 Reference value :  1.83256e-09
 Reference value :  1.84056e-09
 Reference value :  1.84856e-09
 Reference value :  1.85456e-09
 Reference value :  1.86256e-09
 Reference value :  1.87056e-09
 Reference value :  1.87856e-09
 Reference value :  1.88456e-09
 Reference value :  1.89056e-09
 Reference value :  1.89856e-09
 Reference value :  1.90456e-09
 Reference value :  1.91256e-09
 Reference value :  1.91856e-09
 Reference value :  1.92456e-09
 Reference value :  1.93256e-09
 Reference value :  1.93856e-09
 Reference value :  1.94656e-09
 Reference value :  1.95456e-09
 Reference value :  1.96256e-09
 Reference value :  1.97056e-09
 Reference value :  1.97856e-09
 Reference value :  1.98656e-09
 Reference value :  1.99456e-09
 Reference value :  2.00056e-09
 Reference value :  2.00856e-09
 Reference value :  2.01656e-09
 Reference value :  2.02456e-09
 Reference value :  2.03056e-09
 Reference value :  2.03656e-09
 Reference value :  2.04256e-09
 Reference value :  2.05056e-09
 Reference value :  2.05856e-09
 Reference value :  2.06656e-09
 Reference value :  2.07456e-09
 Reference value :  2.08256e-09
 Reference value :  2.08856e-09
 Reference value :  2.09456e-09
 Reference value :  2.10256e-09
 Reference value :  2.11056e-09
 Reference value :  2.11656e-09
 Reference value :  2.12256e-09
 Reference value :  2.12856e-09
 Reference value :  2.13656e-09
 Reference value :  2.14256e-09
 Reference value :  2.15056e-09
 Reference value :  2.15656e-09
 Reference value :  2.16256e-09
 Reference value :  2.17056e-09
 Reference value :  2.17856e-09
 Reference value :  2.18456e-09
 Reference value :  2.19256e-09
 Reference value :  2.20056e-09
 Reference value :  2.20856e-09
 Reference value :  2.21456e-09
 Reference value :  2.22056e-09
 Reference value :  2.22856e-09
 Reference value :  2.23456e-09
 Reference value :  2.24056e-09
 Reference value :  2.24856e-09
 Reference value :  2.25456e-09
 Reference value :  2.26056e-09
 Reference value :  2.26656e-09
 Reference value :  2.27256e-09
 Reference value :  2.28056e-09
 Reference value :  2.28856e-09
 Reference value :  2.29456e-09
 Reference value :  2.30056e-09
 Reference value :  2.30856e-09
 Reference value :  2.31656e-09
 Reference value :  2.32456e-09
 Reference value :  2.33256e-09
 Reference value :  2.33856e-09
 Reference value :  2.34656e-09
 Reference value :  2.35456e-09
 Reference value :  2.36256e-09
 Reference value :  2.37056e-09
 Reference value :  2.37656e-09
 Reference value :  2.38256e-09
 Reference value :  2.39056e-09
 Reference value :  2.39656e-09
 Reference value :  2.40456e-09
 Reference value :  2.41256e-09
 Reference value :  2.42056e-09
 Reference value :  2.42856e-09
 Reference value :  2.43456e-09
 Reference value :  2.44056e-09
 Reference value :  2.44656e-09
 Reference value :  2.45256e-09
 Reference value :  2.46056e-09
 Reference value :  2.46656e-09
 Reference value :  2.47456e-09
 Reference value :  2.48256e-09
 Reference value :  2.48856e-09
 Reference value :  2.49656e-09
 Reference value :  2.50456e-09
 Reference value :  2.51256e-09
 Reference value :  2.52056e-09
 Reference value :  2.52656e-09
 Reference value :  2.53256e-09
 Reference value :  2.53856e-09
 Reference value :  2.54456e-09
 Reference value :  2.55256e-09
 Reference value :  2.56056e-09
 Reference value :  2.56856e-09
 Reference value :  2.57456e-09
 Reference value :  2.58256e-09
 Reference value :  2.58856e-09
 Reference value :  2.59456e-09
 Reference value :  2.60056e-09
 Reference value :  2.60856e-09
 Reference value :  2.61456e-09
 Reference value :  2.62056e-09
 Reference value :  2.62656e-09
 Reference value :  2.63256e-09
 Reference value :  2.63856e-09
 Reference value :  2.64656e-09
 Reference value :  2.65256e-09
 Reference value :  2.65856e-09
 Reference value :  2.66656e-09
 Reference value :  2.67256e-09
 Reference value :  2.67856e-09
 Reference value :  2.68656e-09
 Reference value :  2.69256e-09
 Reference value :  2.70056e-09
 Reference value :  2.70656e-09
 Reference value :  2.71456e-09
 Reference value :  2.72056e-09
 Reference value :  2.72656e-09
 Reference value :  2.73256e-09
 Reference value :  2.74056e-09
 Reference value :  2.74856e-09
 Reference value :  2.75456e-09
 Reference value :  2.76056e-09
 Reference value :  2.76856e-09
 Reference value :  2.77456e-09
 Reference value :  2.78056e-09
 Reference value :  2.78856e-09
 Reference value :  2.79656e-09
 Reference value :  2.80456e-09
 Reference value :  2.81056e-09
 Reference value :  2.81656e-09
 Reference value :  2.82256e-09
 Reference value :  2.82856e-09
 Reference value :  2.83656e-09
 Reference value :  2.84456e-09
 Reference value :  2.85256e-09
 Reference value :  2.86056e-09
 Reference value :  2.86856e-09
 Reference value :  2.87456e-09
 Reference value :  2.88056e-09
 Reference value :  2.88656e-09
 Reference value :  2.89256e-09
 Reference value :  2.90056e-09
 Reference value :  2.90656e-09
 Reference value :  2.91256e-09
 Reference value :  2.91856e-09
 Reference value :  2.92456e-09
 Reference value :  2.93256e-09
 Reference value :  2.94056e-09
 Reference value :  2.94656e-09
 Reference value :  2.95256e-09
 Reference value :  2.95856e-09
 Reference value :  2.96456e-09
 Reference value :  2.97256e-09
 Reference value :  2.97856e-09
 Reference value :  2.98656e-09
 Reference value :  2.99256e-09
 Reference value :  2.99856e-09
 Reference value :  3.00456e-09
 Reference value :  3.01256e-09
 Reference value :  3.01856e-09
 Reference value :  3.02456e-09
 Reference value :  3.03056e-09
 Reference value :  3.03656e-09
 Reference value :  3.04456e-09
 Reference value :  3.05256e-09
 Reference value :  3.06056e-09
 Reference value :  3.06856e-09
 Reference value :  3.07656e-09
 Reference value :  3.08456e-09
 Reference value :  3.09256e-09
 Reference value :  3.09856e-09
 Reference value :  3.10456e-09
 Reference value :  3.11256e-09
 Reference value :  3.11856e-09
 Reference value :  3.12456e-09
 Reference value :  3.13056e-09
 Reference value :  3.13856e-09
 Reference value :  3.14456e-09
 Reference value :  3.15256e-09
 Reference value :  3.15856e-09
 Reference value :  3.16456e-09
 Reference value :  3.17056e-09
 Reference value :  3.17656e-09
 Reference value :  3.18456e-09
 Reference value :  3.19256e-09
 Reference value :  3.20056e-09
 Reference value :  3.20656e-09
 Reference value :  3.21456e-09
 Reference value :  3.22056e-09
 Reference value :  3.22856e-09
 Reference value :  3.23456e-09
 Reference value :  3.24056e-09
 Reference value :  3.24656e-09
 Reference value :  3.25256e-09
 Reference value :  3.26056e-09
 Reference value :  3.26656e-09
 Reference value :  3.27456e-09
 Reference value :  3.28056e-09
 Reference value :  3.28656e-09
 Reference value :  3.29256e-09
 Reference value :  3.29856e-09
 Reference value :  3.30656e-09
 Reference value :  3.31256e-09
 Reference value :  3.31856e-09
 Reference value :  3.32856e-09
 Reference value :  3.33656e-09
 Reference value :  3.34256e-09
 Reference value :  3.34856e-09
 Reference value :  3.35456e-09
 Reference value :  3.36256e-09
 Reference value :  3.37056e-09
 Reference value :  3.37656e-09
 Reference value :  3.38456e-09
 Reference value :  3.39256e-09
 Reference value :  3.39856e-09
 Reference value :  3.40656e-09
 Reference value :  3.41256e-09
 Reference value :  3.41856e-09
 Reference value :  3.42456e-09
 Reference value :  3.43056e-09
 Reference value :  3.43856e-09
 Reference value :  3.44456e-09
 Reference value :  3.45056e-09
 Reference value :  3.45656e-09
 Reference value :  3.46456e-09
 Reference value :  3.47256e-09
 Reference value :  3.47856e-09
 Reference value :  3.48456e-09
 Reference value :  3.49256e-09
 Reference value :  3.49856e-09
 Reference value :  3.50456e-09
 Reference value :  3.51256e-09
 Reference value :  3.51856e-09
 Reference value :  3.52456e-09
 Reference value :  3.53256e-09
 Reference value :  3.53856e-09
 Reference value :  3.54456e-09
 Reference value :  3.55056e-09
 Reference value :  3.55856e-09
 Reference value :  3.56656e-09
 Reference value :  3.57256e-09
 Reference value :  3.58056e-09
 Reference value :  3.58856e-09
 Reference value :  3.59456e-09
 Reference value :  3.60056e-09
 Reference value :  3.60656e-09
 Reference value :  3.61256e-09
 Reference value :  3.61856e-09
 Reference value :  3.62456e-09
 Reference value :  3.63056e-09
 Reference value :  3.63856e-09
 Reference value :  3.64656e-09
 Reference value :  3.65456e-09
 Reference value :  3.66256e-09
 Reference value :  3.67256e-09
 Reference value :  3.68056e-09
 Reference value :  3.68856e-09
 Reference value :  3.69656e-09
 Reference value :  3.70456e-09
 Reference value :  3.71456e-09
 Reference value :  3.72256e-09
 Reference value :  3.73056e-09
 Reference value :  3.73656e-09
 Reference value :  3.74656e-09
 Reference value :  3.75256e-09
 Reference value :  3.75856e-09
 Reference value :  3.76456e-09
 Reference value :  3.77056e-09
 Reference value :  3.77856e-09
 Reference value :  3.78656e-09
 Reference value :  3.79256e-09
 Reference value :  3.80056e-09
 Reference value :  3.80656e-09
 Reference value :  3.81456e-09
 Reference value :  3.82056e-09
 Reference value :  3.82656e-09
 Reference value :  3.83456e-09
 Reference value :  3.84056e-09
 Reference value :  3.84656e-09
 Reference value :  3.85456e-09
 Reference value :  3.86256e-09
 Reference value :  3.86856e-09
 Reference value :  3.87656e-09
 Reference value :  3.88256e-09
 Reference value :  3.89056e-09
 Reference value :  3.89856e-09
 Reference value :  3.90656e-09
 Reference value :  3.91256e-09
 Reference value :  3.91856e-09
 Reference value :  3.92456e-09
 Reference value :  3.93056e-09
 Reference value :  3.93656e-09
 Reference value :  3.94256e-09
 Reference value :  3.95256e-09
 Reference value :  3.95856e-09
 Reference value :  3.96656e-09
 Reference value :  3.97256e-09
 Reference value :  3.97856e-09
 Reference value :  3.98456e-09
 Reference value :  3.99056e-09
 Reference value :  3.99656e-09
 Reference value :  4.00256e-09
 Reference value :  4.00856e-09
 Reference value :  4.01456e-09
 Reference value :  4.02056e-09
 Reference value :  4.02856e-09
 Reference value :  4.03456e-09
 Reference value :  4.04056e-09
 Reference value :  4.04656e-09
 Reference value :  4.05256e-09
 Reference value :  4.05856e-09
 Reference value :  4.06456e-09
 Reference value :  4.07056e-09
 Reference value :  4.07656e-09
 Reference value :  4.08256e-09
 Reference value :  4.08856e-09
 Reference value :  4.09656e-09
 Reference value :  4.10456e-09
 Reference value :  4.11256e-09
 Reference value :  4.11856e-09
 Reference value :  4.12456e-09
 Reference value :  4.13256e-09
 Reference value :  4.14056e-09
 Reference value :  4.14656e-09
 Reference value :  4.15456e-09
 Reference value :  4.16056e-09
 Reference value :  4.16656e-09
 Reference value :  4.17256e-09
 Reference value :  4.18056e-09
 Reference value :  4.18656e-09
 Reference value :  4.19256e-09
 Reference value :  4.19856e-09
 Reference value :  4.20456e-09
 Reference value :  4.21256e-09
 Reference value :  4.22056e-09
 Reference value :  4.22656e-09
 Reference value :  4.23256e-09
 Reference value :  4.24056e-09
 Reference value :  4.24656e-09
 Reference value :  4.25256e-09
 Reference value :  4.25856e-09
 Reference value :  4.26656e-09
 Reference value :  4.27456e-09
 Reference value :  4.28256e-09
 Reference value :  4.28856e-09
 Reference value :  4.29656e-09
 Reference value :  4.30256e-09
 Reference value :  4.31056e-09
 Reference value :  4.31656e-09
 Reference value :  4.32256e-09
 Reference value :  4.33056e-09
 Reference value :  4.33656e-09
 Reference value :  4.34256e-09
 Reference value :  4.35056e-09
 Reference value :  4.35856e-09
 Reference value :  4.36456e-09
 Reference value :  4.37056e-09
 Reference value :  4.37656e-09
 Reference value :  4.38456e-09
 Reference value :  4.39056e-09
 Reference value :  4.39856e-09
 Reference value :  4.40456e-09
 Reference value :  4.41056e-09
 Reference value :  4.41656e-09
 Reference value :  4.42256e-09
 Reference value :  4.42856e-09
 Reference value :  4.43456e-09
 Reference value :  4.44056e-09
 Reference value :  4.44856e-09
 Reference value :  4.45656e-09
 Reference value :  4.46256e-09
 Reference value :  4.46856e-09
 Reference value :  4.47456e-09
 Reference value :  4.48056e-09
 Reference value :  4.48656e-09
 Reference value :  4.49456e-09
 Reference value :  4.50056e-09
 Reference value :  4.50656e-09
 Reference value :  4.51256e-09
 Reference value :  4.51856e-09
 Reference value :  4.52456e-09
 Reference value :  4.53056e-09
 Reference value :  4.53656e-09
 Reference value :  4.54456e-09
 Reference value :  4.55056e-09
 Reference value :  4.55656e-09
 Reference value :  4.56256e-09
 Reference value :  4.56856e-09
 Reference value :  4.57656e-09
 Reference value :  4.58256e-09
 Reference value :  4.58856e-09
 Reference value :  4.59656e-09
 Reference value :  4.60256e-09
 Reference value :  4.61056e-09
 Reference value :  4.61656e-09
 Reference value :  4.62256e-09
 Reference value :  4.62856e-09
 Reference value :  4.63656e-09
 Reference value :  4.64256e-09
 Reference value :  4.64856e-09
 Reference value :  4.65656e-09
 Reference value :  4.66256e-09
 Reference value :  4.67056e-09
 Reference value :  4.67656e-09
 Reference value :  4.68256e-09
 Reference value :  4.68856e-09
 Reference value :  4.69456e-09
 Reference value :  4.70056e-09
 Reference value :  4.70856e-09
 Reference value :  4.71656e-09
 Reference value :  4.72456e-09
 Reference value :  4.73256e-09
 Reference value :  4.74056e-09
 Reference value :  4.74856e-09
 Reference value :  4.75456e-09
 Reference value :  4.76056e-09
 Reference value :  4.76856e-09
 Reference value :  4.77656e-09
 Reference value :  4.78456e-09
 Reference value :  4.79256e-09
 Reference value :  4.79856e-09
 Reference value :  4.80856e-09
 Reference value :  4.81656e-09
 Reference value :  4.82456e-09
 Reference value :  4.83056e-09
 Reference value :  4.83856e-09
 Reference value :  4.84656e-09
 Reference value :  4.85456e-09
 Reference value :  4.86256e-09
 Reference value :  4.87056e-09
 Reference value :  4.87856e-09
 Reference value :  4.88456e-09
 Reference value :  4.89256e-09
 Reference value :  4.89856e-09
 Reference value :  4.90456e-09
 Reference value :  4.91056e-09
 Reference value :  4.91656e-09
 Reference value :  4.92456e-09
 Reference value :  4.93056e-09
 Reference value :  4.93856e-09
 Reference value :  4.94456e-09
 Reference value :  4.95256e-09
 Reference value :  4.95856e-09
 Reference value :  4.96456e-09
 Reference value :  4.97256e-09
 Reference value :  4.98056e-09
 Reference value :  4.98856e-09
 Reference value :  4.99828e-09
 Reference value :  5.00060e-09
 Reference value :  5.00700e-09
 Reference value :  5.01500e-09
 Reference value :  5.02100e-09
 Reference value :  5.02900e-09
 Reference value :  5.03700e-09
 Reference value :  5.04300e-09
 Reference value :  5.04900e-09
 Reference value :  5.05700e-09
 Reference value :  5.06500e-09
 Reference value :  5.07300e-09
 Reference value :  5.08100e-09
 Reference value :  5.08900e-09
 Reference value :  5.09700e-09
 Reference value :  5.10300e-09
 Reference value :  5.11300e-09
 Reference value :  5.12100e-09
 Reference value :  5.12900e-09
 Reference value :  5.13700e-09
 Reference value :  5.14300e-09
 Reference value :  5.15300e-09
 Reference value :  5.15900e-09
 Reference value :  5.16500e-09
 Reference value :  5.17100e-09
 Reference value :  5.17900e-09
 Reference value :  5.18500e-09
 Reference value :  5.19300e-09
 Reference value :  5.19900e-09
 Reference value :  5.20500e-09
 Reference value :  5.21300e-09
 Reference value :  5.22100e-09
 Reference value :  5.22900e-09
 Reference value :  5.23500e-09
 Reference value :  5.24300e-09
 Reference value :  5.24900e-09
 Reference value :  5.25700e-09
 Reference value :  5.26500e-09
 Reference value :  5.27300e-09
 Reference value :  5.28100e-09
 Reference value :  5.28900e-09
 Reference value :  5.29700e-09
 Reference value :  5.30500e-09
 Reference value :  5.31100e-09
 Reference value :  5.31700e-09
 Reference value :  5.32500e-09
 Reference value :  5.33100e-09
 Reference value :  5.33700e-09
 Reference value :  5.34500e-09
 Reference value :  5.35100e-09
 Reference value :  5.35900e-09
 Reference value :  5.36700e-09
 Reference value :  5.37500e-09
 Reference value :  5.38100e-09
 Reference value :  5.38700e-09
 Reference value :  5.39300e-09
 Reference value :  5.39900e-09
 Reference value :  5.40700e-09
 Reference value :  5.41300e-09
 Reference value :  5.42100e-09
 Reference value :  5.42900e-09
 Reference value :  5.43500e-09
 Reference value :  5.44300e-09
 Reference value :  5.45100e-09
 Reference value :  5.45700e-09
 Reference value :  5.46300e-09
 Reference value :  5.46900e-09
 Reference value :  5.47500e-09
 Reference value :  5.48300e-09
 Reference value :  5.48900e-09
 Reference value :  5.49500e-09
 Reference value :  5.50100e-09
 Reference value :  5.50700e-09
 Reference value :  5.51300e-09
 Reference value :  5.52100e-09
 Reference value :  5.52700e-09
 Reference value :  5.53300e-09
 Reference value :  5.54100e-09
 Reference value :  5.54900e-09
 Reference value :  5.55500e-09
 Reference value :  5.56100e-09
 Reference value :  5.56900e-09
 Reference value :  5.57500e-09
 Reference value :  5.58100e-09
 Reference value :  5.58900e-09
 Reference value :  5.59500e-09
 Reference value :  5.60100e-09
 Reference value :  5.60900e-09
 Reference value :  5.61700e-09
 Reference value :  5.62300e-09
 Reference value :  5.62900e-09
 Reference value :  5.63700e-09
 Reference value :  5.64300e-09
 Reference value :  5.64900e-09
 Reference value :  5.65500e-09
 Reference value :  5.66100e-09
 Reference value :  5.66700e-09
 Reference value :  5.67500e-09
 Reference value :  5.68300e-09
 Reference value :  5.68900e-09
 Reference value :  5.69500e-09
 Reference value :  5.70100e-09
 Reference value :  5.70900e-09
 Reference value :  5.71500e-09
 Reference value :  5.72300e-09
 Reference value :  5.73100e-09
 Reference value :  5.73900e-09
 Reference value :  5.74700e-09
 Reference value :  5.75300e-09
 Reference value :  5.75900e-09
 Reference value :  5.76500e-09
 Reference value :  5.77300e-09
 Reference value :  5.78100e-09
 Reference value :  5.78900e-09
 Reference value :  5.79700e-09
 Reference value :  5.80300e-09
 Reference value :  5.81100e-09
 Reference value :  5.81700e-09
 Reference value :  5.82500e-09
 Reference value :  5.83100e-09
 Reference value :  5.83700e-09
 Reference value :  5.84500e-09
 Reference value :  5.85100e-09
 Reference value :  5.85900e-09
 Reference value :  5.86500e-09
 Reference value :  5.87300e-09
 Reference value :  5.87900e-09
 Reference value :  5.88500e-09
 Reference value :  5.89300e-09
 Reference value :  5.90100e-09
 Reference value :  5.90700e-09
 Reference value :  5.91500e-09
 Reference value :  5.92100e-09
 Reference value :  5.92700e-09
 Reference value :  5.93500e-09
 Reference value :  5.94100e-09
 Reference value :  5.94900e-09
 Reference value :  5.95700e-09
 Reference value :  5.96300e-09
 Reference value :  5.96900e-09
 Reference value :  5.97700e-09
 Reference value :  5.98300e-09
 Reference value :  5.99100e-09
 Reference value :  5.99700e-09
 Reference value :  6.00300e-09
 Reference value :  6.00900e-09
 Reference value :  6.01500e-09
 Reference value :  6.02300e-09
 Reference value :  6.02900e-09
 Reference value :  6.03500e-09
 Reference value :  6.04100e-09
 Reference value :  6.04900e-09
 Reference value :  6.05700e-09
 Reference value :  6.06300e-09
 Reference value :  6.06900e-09
 Reference value :  6.07500e-09
 Reference value :  6.08100e-09
 Reference value :  6.08900e-09
 Reference value :  6.09700e-09
 Reference value :  6.10300e-09
 Reference value :  6.10900e-09
 Reference value :  6.11500e-09
 Reference value :  6.12300e-09
 Reference value :  6.12900e-09
 Reference value :  6.13500e-09
 Reference value :  6.14100e-09
 Reference value :  6.14700e-09
 Reference value :  6.15300e-09
 Reference value :  6.15900e-09
 Reference value :  6.16500e-09
 Reference value :  6.17100e-09
 Reference value :  6.17700e-09
 Reference value :  6.18300e-09
 Reference value :  6.19100e-09
 Reference value :  6.19900e-09
 Reference value :  6.20700e-09
 Reference value :  6.21500e-09
 Reference value :  6.22300e-09
 Reference value :  6.22900e-09
 Reference value :  6.23500e-09
 Reference value :  6.24100e-09
 Reference value :  6.24700e-09
 Reference value :  6.25300e-09
 Reference value :  6.26100e-09
 Reference value :  6.26700e-09
 Reference value :  6.27500e-09
 Reference value :  6.28100e-09
 Reference value :  6.28700e-09
 Reference value :  6.29300e-09
 Reference value :  6.29900e-09
 Reference value :  6.30500e-09
 Reference value :  6.31300e-09
 Reference value :  6.32100e-09
 Reference value :  6.32700e-09
 Reference value :  6.33300e-09
 Reference value :  6.33900e-09
 Reference value :  6.34500e-09
 Reference value :  6.35300e-09
 Reference value :  6.35900e-09
 Reference value :  6.36500e-09
 Reference value :  6.37100e-09
 Reference value :  6.37900e-09
 Reference value :  6.38500e-09
 Reference value :  6.39100e-09
 Reference value :  6.39700e-09
 Reference value :  6.40300e-09
 Reference value :  6.41100e-09
 Reference value :  6.41900e-09
 Reference value :  6.42500e-09
 Reference value :  6.43300e-09
 Reference value :  6.43900e-09
 Reference value :  6.44500e-09
 Reference value :  6.45300e-09
 Reference value :  6.46100e-09
 Reference value :  6.46700e-09
 Reference value :  6.47300e-09
 Reference value :  6.47900e-09
 Reference value :  6.48500e-09
 Reference value :  6.49100e-09
 Reference value :  6.49700e-09
 Reference value :  6.50500e-09
 Reference value :  6.51300e-09
 Reference value :  6.52100e-09
 Reference value :  6.52900e-09
 Reference value :  6.53500e-09
 Reference value :  6.54100e-09
 Reference value :  6.54900e-09
 Reference value :  6.55700e-09
 Reference value :  6.56300e-09
 Reference value :  6.56900e-09
 Reference value :  6.57500e-09
 Reference value :  6.58300e-09
 Reference value :  6.59100e-09
 Reference value :  6.59700e-09
 Reference value :  6.60300e-09
 Reference value :  6.60900e-09
 Reference value :  6.61700e-09
 Reference value :  6.62300e-09
 Reference value :  6.62900e-09
 Reference value :  6.63500e-09
 Reference value :  6.64300e-09
 Reference value :  6.64900e-09
 Reference value :  6.65500e-09
 Reference value :  6.66100e-09
 Reference value :  6.66900e-09
 Reference value :  6.67700e-09
 Reference value :  6.68300e-09
 Reference value :  6.69100e-09
 Reference value :  6.69900e-09
 Reference value :  6.70700e-09
 Reference value :  6.71300e-09
 Reference value :  6.71900e-09
 Reference value :  6.72500e-09
 Reference value :  6.73100e-09
 Reference value :  6.73700e-09
 Reference value :  6.74500e-09
 Reference value :  6.75100e-09
 Reference value :  6.75700e-09
 Reference value :  6.76500e-09
 Reference value :  6.77300e-09
 Reference value :  6.77900e-09
 Reference value :  6.78500e-09
 Reference value :  6.79300e-09
 Reference value :  6.79900e-09
 Reference value :  6.80500e-09
 Reference value :  6.81300e-09
 Reference value :  6.81900e-09
 Reference value :  6.82500e-09
 Reference value :  6.83100e-09
 Reference value :  6.83700e-09
 Reference value :  6.84300e-09
 Reference value :  6.84900e-09
 Reference value :  6.85700e-09
 Reference value :  6.86500e-09
 Reference value :  6.87100e-09
 Reference value :  6.87900e-09
 Reference value :  6.88500e-09
 Reference value :  6.89100e-09
 Reference value :  6.89700e-09
 Reference value :  6.90500e-09
 Reference value :  6.91100e-09
 Reference value :  6.91900e-09
 Reference value :  6.92500e-09
 Reference value :  6.93300e-09
 Reference value :  6.93900e-09
 Reference value :  6.94500e-09
 Reference value :  6.95300e-09
 Reference value :  6.95900e-09
 Reference value :  6.96700e-09
 Reference value :  6.97300e-09
 Reference value :  6.97900e-09
 Reference value :  6.98500e-09
 Reference value :  6.99100e-09
 Reference value :  6.99700e-09
 Reference value :  7.00300e-09
 Reference value :  7.01100e-09
 Reference value :  7.01700e-09
 Reference value :  7.02500e-09
 Reference value :  7.03300e-09
 Reference value :  7.03900e-09
 Reference value :  7.04500e-09
 Reference value :  7.05300e-09
 Reference value :  7.06100e-09
 Reference value :  7.06900e-09
 Reference value :  7.07500e-09
 Reference value :  7.08100e-09
 Reference value :  7.08700e-09
 Reference value :  7.09300e-09
 Reference value :  7.09900e-09
 Reference value :  7.10500e-09
 Reference value :  7.11100e-09
 Reference value :  7.11700e-09
 Reference value :  7.12300e-09
 Reference value :  7.12900e-09
 Reference value :  7.13500e-09
 Reference value :  7.14300e-09
 Reference value :  7.15100e-09
 Reference value :  7.15700e-09
 Reference value :  7.16300e-09
 Reference value :  7.16900e-09
 Reference value :  7.17500e-09
 Reference value :  7.18300e-09
 Reference value :  7.19100e-09
 Reference value :  7.19900e-09
 Reference value :  7.20700e-09
 Reference value :  7.21500e-09
 Reference value :  7.22300e-09
 Reference value :  7.22900e-09
 Reference value :  7.23700e-09
 Reference value :  7.24300e-09
 Reference value :  7.25100e-09
 Reference value :  7.25900e-09
 Reference value :  7.26500e-09
 Reference value :  7.27100e-09
 Reference value :  7.27900e-09
 Reference value :  7.28700e-09
 Reference value :  7.29500e-09
 Reference value :  7.30100e-09
 Reference value :  7.30900e-09
 Reference value :  7.31700e-09
 Reference value :  7.32300e-09
 Reference value :  7.33100e-09
 Reference value :  7.33900e-09
 Reference value :  7.34500e-09
 Reference value :  7.35100e-09
 Reference value :  7.35900e-09
 Reference value :  7.36500e-09
 Reference value :  7.37300e-09
 Reference value :  7.37900e-09
 Reference value :  7.38500e-09
 Reference value :  7.39300e-09
 Reference value :  7.40100e-09
 Reference value :  7.40700e-09
 Reference value :  7.41500e-09
 Reference value :  7.42300e-09
 Reference value :  7.42900e-09
 Reference value :  7.43500e-09
 Reference value :  7.44100e-09
 Reference value :  7.44700e-09
 Reference value :  7.45500e-09
 Reference value :  7.46300e-09
 Reference value :  7.46900e-09
 Reference value :  7.47700e-09
 Reference value :  7.48500e-09
 Reference value :  7.49300e-09
 Reference value :  7.50100e-09
 Reference value :  7.50700e-09
 Reference value :  7.51500e-09
 Reference value :  7.52300e-09
 Reference value :  7.52900e-09
 Reference value :  7.53700e-09
 Reference value :  7.54300e-09
 Reference value :  7.54900e-09
 Reference value :  7.55500e-09
 Reference value :  7.56100e-09
 Reference value :  7.56900e-09
 Reference value :  7.57700e-09
 Reference value :  7.58500e-09
 Reference value :  7.59300e-09
 Reference value :  7.60000e-09
No. of Data Rows : 3814
Note: Simulation executed from .control section 
