
Note: Compatibility modes selected: hs a


Circuit: * comparator-decision offset pick-off -- vindiff=0.0mv corner=tt temp=27.0c seed=16 (issue #9)

option SCALE: Scale is set to 1e-06 for instance and model parameters
option SCALE: Scale is set to 1e-06 for instance and model parameters
option SCALE: Scale is set to 1e-06 for instance and model parameters
option SCALE: Scale is set to 1e-06 for instance and model parameters
Doing analysis at TEMP = 27.000000 and TNOM = 27.000000

Using KLU as Direct Linear Solver
 Reference value :  0.00000e+00
 Reference value :  1.60000e-13
 Reference value :  1.28000e-12
 Reference value :  8.56000e-12
 Reference value :  1.45600e-11
 Reference value :  2.25600e-11
 Reference value :  2.85600e-11
 Reference value :  3.65600e-11
 Reference value :  4.45600e-11
 Reference value :  5.25600e-11
 Reference value :  5.85600e-11
 Reference value :  6.45600e-11
 Reference value :  7.05600e-11
 Reference value :  7.85600e-11
 Reference value :  8.65600e-11
 Reference value :  9.45600e-11
 Reference value :  1.00560e-10
 Reference value :  1.08560e-10
 Reference value :  1.16560e-10
 Reference value :  1.22560e-10
 Reference value :  1.28560e-10
 Reference value :  1.36560e-10
 Reference value :  1.44560e-10
 Reference value :  1.52560e-10
 Reference value :  1.58560e-10
 Reference value :  1.64560e-10
 Reference value :  1.72560e-10
 Reference value :  1.80560e-10
 Reference value :  1.86560e-10
 Reference value :  1.94560e-10
 Reference value :  2.00560e-10
 Reference value :  2.06560e-10
 Reference value :  2.12560e-10
 Reference value :  2.18560e-10
 Reference value :  2.26560e-10
 Reference value :  2.32560e-10
 Reference value :  2.40560e-10
 Reference value :  2.46560e-10
 Reference value :  2.52560e-10
 Reference value :  2.60560e-10
 Reference value :  2.66560e-10
 Reference value :  2.72560e-10
 Reference value :  2.80560e-10
 Reference value :  2.86560e-10
 Reference value :  2.94560e-10
 Reference value :  3.02560e-10
 Reference value :  3.08560e-10
 Reference value :  3.16560e-10
 Reference value :  3.22560e-10
 Reference value :  3.30560e-10
 Reference value :  3.36560e-10
 Reference value :  3.42560e-10
 Reference value :  3.48560e-10
 Reference value :  3.54560e-10
 Reference value :  3.62560e-10
 Reference value :  3.68560e-10
 Reference value :  3.74560e-10
 Reference value :  3.80560e-10
 Reference value :  3.86560e-10
 Reference value :  3.92560e-10
 Reference value :  3.98560e-10
 Reference value :  4.04560e-10
 Reference value :  4.10560e-10
 Reference value :  4.16560e-10
 Reference value :  4.24560e-10
 Reference value :  4.32560e-10
 Reference value :  4.38560e-10
 Reference value :  4.44560e-10
 Reference value :  4.50560e-10
 Reference value :  4.56560e-10
 Reference value :  4.64560e-10
 Reference value :  4.70560e-10
 Reference value :  4.76560e-10
 Reference value :  4.84560e-10
 Reference value :  4.90560e-10
 Reference value :  4.96560e-10
 Reference value :  5.02560e-10
 Reference value :  5.08560e-10
 Reference value :  5.14560e-10
 Reference value :  5.22560e-10
 Reference value :  5.30560e-10
 Reference value :  5.38560e-10
 Reference value :  5.44560e-10
 Reference value :  5.50560e-10
 Reference value :  5.58560e-10
 Reference value :  5.66560e-10
 Reference value :  5.74560e-10
 Reference value :  5.80560e-10
 Reference value :  5.88560e-10
 Reference value :  5.96560e-10
 Reference value :  6.04560e-10
 Reference value :  6.10560e-10
 Reference value :  6.18560e-10
 Reference value :  6.24560e-10
 Reference value :  6.30560e-10
 Reference value :  6.38560e-10
 Reference value :  6.44560e-10
 Reference value :  6.50560e-10
 Reference value :  6.58560e-10
 Reference value :  6.64560e-10
 Reference value :  6.70560e-10
 Reference value :  6.76560e-10
 Reference value :  6.82560e-10
 Reference value :  6.90560e-10
 Reference value :  6.96560e-10
 Reference value :  7.04560e-10
 Reference value :  7.12560e-10
 Reference value :  7.18560e-10
 Reference value :  7.26560e-10
 Reference value :  7.34560e-10
 Reference value :  7.42560e-10
 Reference value :  7.48560e-10
 Reference value :  7.54560e-10
 Reference value :  7.60560e-10
 Reference value :  7.66560e-10
 Reference value :  7.72560e-10
 Reference value :  7.80560e-10
 Reference value :  7.86560e-10
 Reference value :  7.92560e-10
 Reference value :  7.98560e-10
 Reference value :  8.04560e-10
 Reference value :  8.10560e-10
 Reference value :  8.16560e-10
 Reference value :  8.24560e-10
 Reference value :  8.30560e-10
 Reference value :  8.38560e-10
 Reference value :  8.46560e-10
 Reference value :  8.52560e-10
 Reference value :  8.60560e-10
 Reference value :  8.68560e-10
 Reference value :  8.76560e-10
 Reference value :  8.82560e-10
 Reference value :  8.88560e-10
 Reference value :  8.94560e-10
 Reference value :  9.02560e-10
 Reference value :  9.08560e-10
 Reference value :  9.14560e-10
 Reference value :  9.22560e-10
 Reference value :  9.28560e-10
 Reference value :  9.36560e-10
 Reference value :  9.42560e-10
 Reference value :  9.48560e-10
 Reference value :  9.54560e-10
 Reference value :  9.62560e-10
 Reference value :  9.70560e-10
 Reference value :  9.76560e-10
 Reference value :  9.82560e-10
 Reference value :  9.90560e-10
 Reference value :  9.96560e-10
 Reference value :  1.00456e-09
 Reference value :  1.01256e-09
 Reference value :  1.02056e-09
 Reference value :  1.02656e-09
 Reference value :  1.03256e-09
 Reference value :  1.04056e-09
 Reference value :  1.04856e-09
 Reference value :  1.05456e-09
 Reference value :  1.06056e-09
 Reference value :  1.06656e-09
 Reference value :  1.07256e-09
 Reference value :  1.08056e-09
 Reference value :  1.08856e-09
 Reference value :  1.09656e-09
 Reference value :  1.10456e-09
 Reference value :  1.11056e-09
 Reference value :  1.11656e-09
 Reference value :  1.12456e-09
 Reference value :  1.13056e-09
 Reference value :  1.13656e-09
 Reference value :  1.14256e-09
 Reference value :  1.15056e-09
 Reference value :  1.15656e-09
 Reference value :  1.16256e-09
 Reference value :  1.16856e-09
 Reference value :  1.17656e-09
 Reference value :  1.18456e-09
 Reference value :  1.19056e-09
 Reference value :  1.19656e-09
 Reference value :  1.20456e-09
 Reference value :  1.21256e-09
 Reference value :  1.22056e-09
 Reference value :  1.22656e-09
 Reference value :  1.23256e-09
 Reference value :  1.24056e-09
 Reference value :  1.24656e-09
 Reference value :  1.25456e-09
 Reference value :  1.26056e-09
 Reference value :  1.26656e-09
 Reference value :  1.27256e-09
 Reference value :  1.28056e-09
 Reference value :  1.28856e-09
 Reference value :  1.29656e-09
 Reference value :  1.30256e-09
 Reference value :  1.30856e-09
 Reference value :  1.31856e-09
 Reference value :  1.32856e-09
 Reference value :  1.33856e-09
 Reference value :  1.34456e-09
 Reference value :  1.35056e-09
 Reference value :  1.35656e-09
 Reference value :  1.36256e-09
 Reference value :  1.36856e-09
 Reference value :  1.37656e-09
 Reference value :  1.38456e-09
 Reference value :  1.39256e-09
 Reference value :  1.40056e-09
 Reference value :  1.40856e-09
 Reference value :  1.41456e-09
 Reference value :  1.42256e-09
 Reference value :  1.42856e-09
 Reference value :  1.43656e-09
 Reference value :  1.44456e-09
 Reference value :  1.45056e-09
 Reference value :  1.45856e-09
 Reference value :  1.46656e-09
 Reference value :  1.47256e-09
 Reference value :  1.48056e-09
 Reference value :  1.48856e-09
 Reference value :  1.49656e-09
 Reference value :  1.50456e-09
 Reference value :  1.51056e-09
 Reference value :  1.51856e-09
 Reference value :  1.52456e-09
 Reference value :  1.53056e-09
 Reference value :  1.53856e-09
 Reference value :  1.54456e-09
 Reference value :  1.55256e-09
 Reference value :  1.55856e-09
 Reference value :  1.56456e-09
 Reference value :  1.57256e-09
 Reference value :  1.57856e-09
 Reference value :  1.58656e-09
 Reference value :  1.59256e-09
 Reference value :  1.59856e-09
 Reference value :  1.60456e-09
 Reference value :  1.61256e-09
 Reference value :  1.62056e-09
 Reference value :  1.62656e-09
 Reference value :  1.63656e-09
 Reference value :  1.64456e-09
 Reference value :  1.65256e-09
 Reference value :  1.66056e-09
 Reference value :  1.66856e-09
 Reference value :  1.67656e-09
 Reference value :  1.68256e-09
 Reference value :  1.69056e-09
 Reference value :  1.69656e-09
 Reference value :  1.70256e-09
 Reference value :  1.71056e-09
 Reference value :  1.71856e-09
 Reference value :  1.72456e-09
 Reference value :  1.73056e-09
 Reference value :  1.73656e-09
 Reference value :  1.74256e-09
 Reference value :  1.74856e-09
 Reference value :  1.75456e-09
 Reference value :  1.76256e-09
 Reference value :  1.77056e-09
 Reference value :  1.77656e-09
 Reference value :  1.78256e-09
 Reference value :  1.79056e-09
 Reference value :  1.79656e-09
 Reference value :  1.80456e-09
 Reference value :  1.81256e-09
 Reference value :  1.81856e-09
 Reference value :  1.82456e-09
 Reference value :  1.83056e-09
 Reference value :  1.83656e-09
 Reference value :  1.84456e-09
 Reference value :  1.85056e-09
 Reference value :  1.85656e-09
 Reference value :  1.86256e-09
 Reference value :  1.86856e-09
 Reference value :  1.87456e-09
 Reference value :  1.88056e-09
 Reference value :  1.88856e-09
 Reference value :  1.89456e-09
 Reference value :  1.90056e-09
 Reference value :  1.90856e-09
 Reference value :  1.91456e-09
 Reference value :  1.92056e-09
 Reference value :  1.92856e-09
 Reference value :  1.93656e-09
 Reference value :  1.94456e-09
 Reference value :  1.95056e-09
 Reference value :  1.95656e-09
 Reference value :  1.96256e-09
 Reference value :  1.96856e-09
 Reference value :  1.97656e-09
 Reference value :  1.98256e-09
 Reference value :  1.98856e-09
 Reference value :  1.99456e-09
 Reference value :  2.00056e-09
 Reference value :  2.00656e-09
 Reference value :  2.01256e-09
 Reference value :  2.01856e-09
 Reference value :  2.02456e-09
 Reference value :  2.03056e-09
 Reference value :  2.03856e-09
 Reference value :  2.04656e-09
 Reference value :  2.05456e-09
 Reference value :  2.06056e-09
 Reference value :  2.06656e-09
 Reference value :  2.07456e-09
 Reference value :  2.08056e-09
 Reference value :  2.08856e-09
 Reference value :  2.09456e-09
 Reference value :  2.10056e-09
 Reference value :  2.10656e-09
 Reference value :  2.11256e-09
 Reference value :  2.11856e-09
 Reference value :  2.12456e-09
 Reference value :  2.13256e-09
 Reference value :  2.14056e-09
 Reference value :  2.14856e-09
 Reference value :  2.15656e-09
 Reference value :  2.16456e-09
 Reference value :  2.17256e-09
 Reference value :  2.18056e-09
 Reference value :  2.18656e-09
 Reference value :  2.19456e-09
 Reference value :  2.20056e-09
 Reference value :  2.20856e-09
 Reference value :  2.21656e-09
 Reference value :  2.22256e-09
 Reference value :  2.22856e-09
 Reference value :  2.23456e-09
 Reference value :  2.24256e-09
 Reference value :  2.24856e-09
 Reference value :  2.25456e-09
 Reference value :  2.26056e-09
 Reference value :  2.26656e-09
 Reference value :  2.27256e-09
 Reference value :  2.28056e-09
 Reference value :  2.28856e-09
 Reference value :  2.29656e-09
 Reference value :  2.30456e-09
 Reference value :  2.31056e-09
 Reference value :  2.31856e-09
 Reference value :  2.32656e-09
 Reference value :  2.33456e-09
 Reference value :  2.34056e-09
 Reference value :  2.34856e-09
 Reference value :  2.35456e-09
 Reference value :  2.36256e-09
 Reference value :  2.37056e-09
 Reference value :  2.37656e-09
 Reference value :  2.38256e-09
 Reference value :  2.38856e-09
 Reference value :  2.39656e-09
 Reference value :  2.40456e-09
 Reference value :  2.41056e-09
 Reference value :  2.41856e-09
 Reference value :  2.42656e-09
 Reference value :  2.43456e-09
 Reference value :  2.44056e-09
 Reference value :  2.44656e-09
 Reference value :  2.45456e-09
 Reference value :  2.46056e-09
 Reference value :  2.46656e-09
 Reference value :  2.47256e-09
 Reference value :  2.48056e-09
 Reference value :  2.48856e-09
 Reference value :  2.49456e-09
 Reference value :  2.50056e-09
 Reference value :  2.50856e-09
 Reference value :  2.51656e-09
 Reference value :  2.52456e-09
 Reference value :  2.53256e-09
 Reference value :  2.54056e-09
 Reference value :  2.54856e-09
 Reference value :  2.55656e-09
 Reference value :  2.56456e-09
 Reference value :  2.57256e-09
 Reference value :  2.57856e-09
 Reference value :  2.58656e-09
 Reference value :  2.59456e-09
 Reference value :  2.60056e-09
 Reference value :  2.60656e-09
 Reference value :  2.61256e-09
 Reference value :  2.61856e-09
 Reference value :  2.62456e-09
 Reference value :  2.63256e-09
 Reference value :  2.64056e-09
 Reference value :  2.64656e-09
 Reference value :  2.65256e-09
 Reference value :  2.65856e-09
 Reference value :  2.66456e-09
 Reference value :  2.67056e-09
 Reference value :  2.67856e-09
 Reference value :  2.68456e-09
 Reference value :  2.69056e-09
 Reference value :  2.69656e-09
 Reference value :  2.70256e-09
 Reference value :  2.70856e-09
 Reference value :  2.71456e-09
 Reference value :  2.72256e-09
 Reference value :  2.73056e-09
 Reference value :  2.73656e-09
 Reference value :  2.74256e-09
 Reference value :  2.75056e-09
 Reference value :  2.75656e-09
 Reference value :  2.76456e-09
 Reference value :  2.77256e-09
 Reference value :  2.78056e-09
 Reference value :  2.78856e-09
 Reference value :  2.79456e-09
 Reference value :  2.80256e-09
 Reference value :  2.80856e-09
 Reference value :  2.81456e-09
 Reference value :  2.82256e-09
 Reference value :  2.82856e-09
 Reference value :  2.83456e-09
 Reference value :  2.84256e-09
 Reference value :  2.85056e-09
 Reference value :  2.85656e-09
 Reference value :  2.86456e-09
 Reference value :  2.87056e-09
 Reference value :  2.87656e-09
 Reference value :  2.88456e-09
 Reference value :  2.89056e-09
 Reference value :  2.89856e-09
 Reference value :  2.90656e-09
 Reference value :  2.91256e-09
 Reference value :  2.92056e-09
 Reference value :  2.92656e-09
 Reference value :  2.93456e-09
 Reference value :  2.94256e-09
 Reference value :  2.95056e-09
 Reference value :  2.95656e-09
 Reference value :  2.96456e-09
 Reference value :  2.97256e-09
 Reference value :  2.98056e-09
 Reference value :  2.98856e-09
 Reference value :  2.99656e-09
 Reference value :  3.00256e-09
 Reference value :  3.01056e-09
 Reference value :  3.01656e-09
 Reference value :  3.02456e-09
 Reference value :  3.03056e-09
 Reference value :  3.03656e-09
 Reference value :  3.04456e-09
 Reference value :  3.05256e-09
 Reference value :  3.05856e-09
 Reference value :  3.06456e-09
 Reference value :  3.07256e-09
 Reference value :  3.07856e-09
 Reference value :  3.08656e-09
 Reference value :  3.09256e-09
 Reference value :  3.09856e-09
 Reference value :  3.10456e-09
 Reference value :  3.11056e-09
 Reference value :  3.11856e-09
 Reference value :  3.12456e-09
 Reference value :  3.13256e-09
 Reference value :  3.13856e-09
 Reference value :  3.14656e-09
 Reference value :  3.15256e-09
 Reference value :  3.16056e-09
 Reference value :  3.16856e-09
 Reference value :  3.17656e-09
 Reference value :  3.18456e-09
 Reference value :  3.19256e-09
 Reference value :  3.20056e-09
 Reference value :  3.20856e-09
 Reference value :  3.21656e-09
 Reference value :  3.22456e-09
 Reference value :  3.23056e-09
 Reference value :  3.23856e-09
 Reference value :  3.24656e-09
 Reference value :  3.25256e-09
 Reference value :  3.26056e-09
 Reference value :  3.26856e-09
 Reference value :  3.27456e-09
 Reference value :  3.28056e-09
 Reference value :  3.28856e-09
 Reference value :  3.29656e-09
 Reference value :  3.30256e-09
 Reference value :  3.31056e-09
 Reference value :  3.31856e-09
 Reference value :  3.32456e-09
 Reference value :  3.33056e-09
 Reference value :  3.33656e-09
 Reference value :  3.34456e-09
 Reference value :  3.35256e-09
 Reference value :  3.36056e-09
 Reference value :  3.36856e-09
 Reference value :  3.37656e-09
 Reference value :  3.38256e-09
 Reference value :  3.39056e-09
 Reference value :  3.39856e-09
 Reference value :  3.40456e-09
 Reference value :  3.41256e-09
 Reference value :  3.42056e-09
 Reference value :  3.42656e-09
 Reference value :  3.43456e-09
 Reference value :  3.44256e-09
 Reference value :  3.44856e-09
 Reference value :  3.45456e-09
 Reference value :  3.46056e-09
 Reference value :  3.46656e-09
 Reference value :  3.47456e-09
 Reference value :  3.48056e-09
 Reference value :  3.48856e-09
 Reference value :  3.49456e-09
 Reference value :  3.50256e-09
 Reference value :  3.50856e-09
 Reference value :  3.51456e-09
 Reference value :  3.52256e-09
 Reference value :  3.52856e-09
 Reference value :  3.53456e-09
 Reference value :  3.54056e-09
 Reference value :  3.54856e-09
 Reference value :  3.55456e-09
 Reference value :  3.56056e-09
 Reference value :  3.56656e-09
 Reference value :  3.57256e-09
 Reference value :  3.57856e-09
 Reference value :  3.58456e-09
 Reference value :  3.59056e-09
 Reference value :  3.59856e-09
 Reference value :  3.60656e-09
 Reference value :  3.61256e-09
 Reference value :  3.61856e-09
 Reference value :  3.62656e-09
 Reference value :  3.63456e-09
 Reference value :  3.64256e-09
 Reference value :  3.65056e-09
 Reference value :  3.65856e-09
 Reference value :  3.66656e-09
 Reference value :  3.67456e-09
 Reference value :  3.68256e-09
 Reference value :  3.68856e-09
 Reference value :  3.69656e-09
 Reference value :  3.70456e-09
 Reference value :  3.71256e-09
 Reference value :  3.72056e-09
 Reference value :  3.72656e-09
 Reference value :  3.73456e-09
 Reference value :  3.74056e-09
 Reference value :  3.74656e-09
 Reference value :  3.75256e-09
 Reference value :  3.76056e-09
 Reference value :  3.76656e-09
 Reference value :  3.77256e-09
 Reference value :  3.77856e-09
 Reference value :  3.78656e-09
 Reference value :  3.79256e-09
 Reference value :  3.80056e-09
 Reference value :  3.80656e-09
 Reference value :  3.81256e-09
 Reference value :  3.81856e-09
 Reference value :  3.82456e-09
 Reference value :  3.83056e-09
 Reference value :  3.83656e-09
 Reference value :  3.84256e-09
 Reference value :  3.84856e-09
 Reference value :  3.85456e-09
 Reference value :  3.86256e-09
 Reference value :  3.86856e-09
 Reference value :  3.87656e-09
 Reference value :  3.88456e-09
 Reference value :  3.89056e-09
 Reference value :  3.89656e-09
 Reference value :  3.90256e-09
 Reference value :  3.91056e-09
 Reference value :  3.91856e-09
 Reference value :  3.92456e-09
 Reference value :  3.93056e-09
 Reference value :  3.93656e-09
 Reference value :  3.94256e-09
 Reference value :  3.94856e-09
 Reference value :  3.95456e-09
 Reference value :  3.96256e-09
 Reference value :  3.96856e-09
 Reference value :  3.97656e-09
 Reference value :  3.98456e-09
 Reference value :  3.99056e-09
 Reference value :  3.99856e-09
 Reference value :  4.00656e-09
 Reference value :  4.01256e-09
 Reference value :  4.01856e-09
 Reference value :  4.02456e-09
 Reference value :  4.03056e-09
 Reference value :  4.03656e-09
 Reference value :  4.04456e-09
 Reference value :  4.05056e-09
 Reference value :  4.05656e-09
 Reference value :  4.06256e-09
 Reference value :  4.06856e-09
 Reference value :  4.07456e-09
 Reference value :  4.08256e-09
 Reference value :  4.09056e-09
 Reference value :  4.09656e-09
 Reference value :  4.10456e-09
 Reference value :  4.11256e-09
 Reference value :  4.11856e-09
 Reference value :  4.12656e-09
 Reference value :  4.13256e-09
 Reference value :  4.13856e-09
 Reference value :  4.14656e-09
 Reference value :  4.15256e-09
 Reference value :  4.16056e-09
 Reference value :  4.16656e-09
 Reference value :  4.17256e-09
 Reference value :  4.18056e-09
 Reference value :  4.18856e-09
 Reference value :  4.19456e-09
 Reference value :  4.20056e-09
 Reference value :  4.20856e-09
 Reference value :  4.21456e-09
 Reference value :  4.22056e-09
 Reference value :  4.22856e-09
 Reference value :  4.23456e-09
 Reference value :  4.24056e-09
 Reference value :  4.24856e-09
 Reference value :  4.25656e-09
 Reference value :  4.26256e-09
 Reference value :  4.26856e-09
 Reference value :  4.27656e-09
 Reference value :  4.28456e-09
 Reference value :  4.29256e-09
 Reference value :  4.30056e-09
 Reference value :  4.30656e-09
 Reference value :  4.31256e-09
 Reference value :  4.31856e-09
 Reference value :  4.32456e-09
 Reference value :  4.33256e-09
 Reference value :  4.34056e-09
 Reference value :  4.34856e-09
 Reference value :  4.35456e-09
 Reference value :  4.36056e-09
 Reference value :  4.36656e-09
 Reference value :  4.37456e-09
 Reference value :  4.38256e-09
 Reference value :  4.38856e-09
 Reference value :  4.39656e-09
 Reference value :  4.40256e-09
 Reference value :  4.40856e-09
 Reference value :  4.41656e-09
 Reference value :  4.42256e-09
 Reference value :  4.43056e-09
 Reference value :  4.43856e-09
 Reference value :  4.44656e-09
 Reference value :  4.45456e-09
 Reference value :  4.46056e-09
 Reference value :  4.46656e-09
 Reference value :  4.47456e-09
 Reference value :  4.48056e-09
 Reference value :  4.48856e-09
 Reference value :  4.49656e-09
 Reference value :  4.50256e-09
 Reference value :  4.51056e-09
 Reference value :  4.51856e-09
 Reference value :  4.52656e-09
 Reference value :  4.53256e-09
 Reference value :  4.53856e-09
 Reference value :  4.54656e-09
 Reference value :  4.55256e-09
 Reference value :  4.56056e-09
 Reference value :  4.56656e-09
 Reference value :  4.57456e-09
 Reference value :  4.58256e-09
 Reference value :  4.59056e-09
 Reference value :  4.60056e-09
 Reference value :  4.60856e-09
 Reference value :  4.61656e-09
 Reference value :  4.62456e-09
 Reference value :  4.63256e-09
 Reference value :  4.63856e-09
 Reference value :  4.64656e-09
 Reference value :  4.65456e-09
 Reference value :  4.66256e-09
 Reference value :  4.66856e-09
 Reference value :  4.67456e-09
 Reference value :  4.68056e-09
 Reference value :  4.68656e-09
 Reference value :  4.69256e-09
 Reference value :  4.69856e-09
 Reference value :  4.70656e-09
 Reference value :  4.71456e-09
 Reference value :  4.72056e-09
 Reference value :  4.72856e-09
 Reference value :  4.73656e-09
 Reference value :  4.74256e-09
 Reference value :  4.75056e-09
 Reference value :  4.75856e-09
 Reference value :  4.76656e-09
 Reference value :  4.77456e-09
 Reference value :  4.78256e-09
 Reference value :  4.79056e-09
 Reference value :  4.79656e-09
 Reference value :  4.80456e-09
 Reference value :  4.81256e-09
 Reference value :  4.82056e-09
 Reference value :  4.82856e-09
 Reference value :  4.83656e-09
 Reference value :  4.84456e-09
 Reference value :  4.85256e-09
 Reference value :  4.86056e-09
 Reference value :  4.86656e-09
 Reference value :  4.87256e-09
 Reference value :  4.87856e-09
 Reference value :  4.88456e-09
 Reference value :  4.89056e-09
 Reference value :  4.89656e-09
 Reference value :  4.90256e-09
 Reference value :  4.91056e-09
 Reference value :  4.91856e-09
 Reference value :  4.92656e-09
 Reference value :  4.93456e-09
 Reference value :  4.94056e-09
 Reference value :  4.94656e-09
 Reference value :  4.95456e-09
 Reference value :  4.96056e-09
 Reference value :  4.96656e-09
 Reference value :  4.97256e-09
 Reference value :  4.98056e-09
 Reference value :  4.98656e-09
 Reference value :  4.99456e-09
 Reference value :  5.00020e-09
 Reference value :  5.00500e-09
 Reference value :  5.01100e-09
 Reference value :  5.01900e-09
 Reference value :  5.02700e-09
 Reference value :  5.03300e-09
 Reference value :  5.04100e-09
 Reference value :  5.04900e-09
 Reference value :  5.05500e-09
 Reference value :  5.06100e-09
 Reference value :  5.07100e-09
 Reference value :  5.07900e-09
 Reference value :  5.08500e-09
 Reference value :  5.09300e-09
 Reference value :  5.09850e-09
 Reference value :  5.10140e-09
 Reference value :  5.10900e-09
 Reference value :  5.11500e-09
 Reference value :  5.12100e-09
 Reference value :  5.12900e-09
 Reference value :  5.13700e-09
 Reference value :  5.14500e-09
 Reference value :  5.15100e-09
 Reference value :  5.15700e-09
 Reference value :  5.16300e-09
 Reference value :  5.17100e-09
 Reference value :  5.17900e-09
 Reference value :  5.18700e-09
 Reference value :  5.19500e-09
 Reference value :  5.20100e-09
 Reference value :  5.20900e-09
 Reference value :  5.21700e-09
 Reference value :  5.22300e-09
 Reference value :  5.22900e-09
 Reference value :  5.23700e-09
 Reference value :  5.24500e-09
 Reference value :  5.25300e-09
 Reference value :  5.26100e-09
 Reference value :  5.26900e-09
 Reference value :  5.27700e-09
 Reference value :  5.28500e-09
 Reference value :  5.29300e-09
 Reference value :  5.30100e-09
 Reference value :  5.30900e-09
 Reference value :  5.31700e-09
 Reference value :  5.32500e-09
 Reference value :  5.33300e-09
 Reference value :  5.34100e-09
 Reference value :  5.34900e-09
 Reference value :  5.35500e-09
 Reference value :  5.36100e-09
 Reference value :  5.36700e-09
 Reference value :  5.37300e-09
 Reference value :  5.37900e-09
 Reference value :  5.38500e-09
 Reference value :  5.39100e-09
 Reference value :  5.39700e-09
 Reference value :  5.40300e-09
 Reference value :  5.41100e-09
 Reference value :  5.41900e-09
 Reference value :  5.42500e-09
 Reference value :  5.43100e-09
 Reference value :  5.43700e-09
 Reference value :  5.44300e-09
 Reference value :  5.44900e-09
 Reference value :  5.45500e-09
 Reference value :  5.46100e-09
 Reference value :  5.46900e-09
 Reference value :  5.47500e-09
 Reference value :  5.48300e-09
 Reference value :  5.49100e-09
 Reference value :  5.49700e-09
 Reference value :  5.50300e-09
 Reference value :  5.50900e-09
 Reference value :  5.51700e-09
 Reference value :  5.52500e-09
 Reference value :  5.53500e-09
 Reference value :  5.54300e-09
 Reference value :  5.54900e-09
 Reference value :  5.55500e-09
 Reference value :  5.56100e-09
 Reference value :  5.56700e-09
 Reference value :  5.57300e-09
 Reference value :  5.58100e-09
 Reference value :  5.58900e-09
 Reference value :  5.59700e-09
 Reference value :  5.60300e-09
 Reference value :  5.61100e-09
 Reference value :  5.61900e-09
 Reference value :  5.62700e-09
 Reference value :  5.63300e-09
 Reference value :  5.63900e-09
 Reference value :  5.64500e-09
 Reference value :  5.65100e-09
 Reference value :  5.65900e-09
 Reference value :  5.66500e-09
 Reference value :  5.67100e-09
 Reference value :  5.67900e-09
 Reference value :  5.68700e-09
 Reference value :  5.69300e-09
 Reference value :  5.69900e-09
 Reference value :  5.70500e-09
 Reference value :  5.71100e-09
 Reference value :  5.71700e-09
 Reference value :  5.72500e-09
 Reference value :  5.73100e-09
 Reference value :  5.73700e-09
 Reference value :  5.74300e-09
 Reference value :  5.75100e-09
 Reference value :  5.75900e-09
 Reference value :  5.76700e-09
 Reference value :  5.77500e-09
 Reference value :  5.78300e-09
 Reference value :  5.79300e-09
 Reference value :  5.80100e-09
 Reference value :  5.80900e-09
 Reference value :  5.81700e-09
 Reference value :  5.82300e-09
 Reference value :  5.83100e-09
 Reference value :  5.83900e-09
 Reference value :  5.84500e-09
 Reference value :  5.85300e-09
 Reference value :  5.85900e-09
 Reference value :  5.86500e-09
 Reference value :  5.87300e-09
 Reference value :  5.87900e-09
 Reference value :  5.88900e-09
 Reference value :  5.89700e-09
 Reference value :  5.90300e-09
 Reference value :  5.91100e-09
 Reference value :  5.91700e-09
 Reference value :  5.92300e-09
 Reference value :  5.93100e-09
 Reference value :  5.93900e-09
 Reference value :  5.94700e-09
 Reference value :  5.95300e-09
 Reference value :  5.96100e-09
 Reference value :  5.96900e-09
 Reference value :  5.97500e-09
 Reference value :  5.98100e-09
 Reference value :  5.98900e-09
 Reference value :  5.99500e-09
 Reference value :  6.00100e-09
 Reference value :  6.00700e-09
 Reference value :  6.01500e-09
 Reference value :  6.02300e-09
 Reference value :  6.03100e-09
 Reference value :  6.03900e-09
 Reference value :  6.04700e-09
 Reference value :  6.05500e-09
 Reference value :  6.06300e-09
 Reference value :  6.06900e-09
 Reference value :  6.07500e-09
 Reference value :  6.08100e-09
 Reference value :  6.08700e-09
 Reference value :  6.09500e-09
 Reference value :  6.10300e-09
 Reference value :  6.11100e-09
 Reference value :  6.11900e-09
 Reference value :  6.12700e-09
 Reference value :  6.13500e-09
 Reference value :  6.14300e-09
 Reference value :  6.15100e-09
 Reference value :  6.15900e-09
 Reference value :  6.16500e-09
 Reference value :  6.17100e-09
 Reference value :  6.17700e-09
 Reference value :  6.18300e-09
 Reference value :  6.18900e-09
 Reference value :  6.19500e-09
 Reference value :  6.20100e-09
 Reference value :  6.20700e-09
 Reference value :  6.21300e-09
 Reference value :  6.22100e-09
 Reference value :  6.22900e-09
 Reference value :  6.23500e-09
 Reference value :  6.24100e-09
 Reference value :  6.24700e-09
 Reference value :  6.25300e-09
 Reference value :  6.26100e-09
 Reference value :  6.26900e-09
 Reference value :  6.27700e-09
 Reference value :  6.28300e-09
 Reference value :  6.28900e-09
 Reference value :  6.29700e-09
 Reference value :  6.30500e-09
 Reference value :  6.31100e-09
 Reference value :  6.31900e-09
 Reference value :  6.32500e-09
 Reference value :  6.33300e-09
 Reference value :  6.34100e-09
 Reference value :  6.34700e-09
 Reference value :  6.35300e-09
 Reference value :  6.36100e-09
 Reference value :  6.36900e-09
 Reference value :  6.37500e-09
 Reference value :  6.38300e-09
 Reference value :  6.39100e-09
 Reference value :  6.39700e-09
 Reference value :  6.40300e-09
 Reference value :  6.40900e-09
 Reference value :  6.41700e-09
 Reference value :  6.42300e-09
 Reference value :  6.43100e-09
 Reference value :  6.43900e-09
 Reference value :  6.44500e-09
 Reference value :  6.45300e-09
 Reference value :  6.46100e-09
 Reference value :  6.46700e-09
 Reference value :  6.47500e-09
 Reference value :  6.48100e-09
 Reference value :  6.48700e-09
 Reference value :  6.49300e-09
 Reference value :  6.50100e-09
 Reference value :  6.50900e-09
 Reference value :  6.51700e-09
 Reference value :  6.52300e-09
 Reference value :  6.53100e-09
 Reference value :  6.53700e-09
 Reference value :  6.54300e-09
 Reference value :  6.55100e-09
 Reference value :  6.55700e-09
 Reference value :  6.56300e-09
 Reference value :  6.57100e-09
 Reference value :  6.57700e-09
 Reference value :  6.58300e-09
 Reference value :  6.59100e-09
 Reference value :  6.59700e-09
 Reference value :  6.60300e-09
 Reference value :  6.61100e-09
 Reference value :  6.61900e-09
 Reference value :  6.62500e-09
 Reference value :  6.63300e-09
 Reference value :  6.64100e-09
 Reference value :  6.64700e-09
 Reference value :  6.65300e-09
 Reference value :  6.66100e-09
 Reference value :  6.66700e-09
 Reference value :  6.67300e-09
 Reference value :  6.67900e-09
 Reference value :  6.68700e-09
 Reference value :  6.69300e-09
 Reference value :  6.70100e-09
 Reference value :  6.70700e-09
 Reference value :  6.71300e-09
 Reference value :  6.72100e-09
 Reference value :  6.72700e-09
 Reference value :  6.73300e-09
 Reference value :  6.73900e-09
 Reference value :  6.74500e-09
 Reference value :  6.75100e-09
 Reference value :  6.75700e-09
 Reference value :  6.76300e-09
 Reference value :  6.77100e-09
 Reference value :  6.77900e-09
 Reference value :  6.78700e-09
 Reference value :  6.79300e-09
 Reference value :  6.79900e-09
 Reference value :  6.80500e-09
 Reference value :  6.81300e-09
 Reference value :  6.82100e-09
 Reference value :  6.82900e-09
 Reference value :  6.83700e-09
 Reference value :  6.84300e-09
 Reference value :  6.84900e-09
 Reference value :  6.85700e-09
 Reference value :  6.86300e-09
 Reference value :  6.87100e-09
 Reference value :  6.87900e-09
 Reference value :  6.88700e-09
 Reference value :  6.89300e-09
 Reference value :  6.90100e-09
 Reference value :  6.90700e-09
 Reference value :  6.91500e-09
 Reference value :  6.92100e-09
 Reference value :  6.92700e-09
 Reference value :  6.93300e-09
 Reference value :  6.93900e-09
 Reference value :  6.94700e-09
 Reference value :  6.95500e-09
 Reference value :  6.96300e-09
 Reference value :  6.97100e-09
 Reference value :  6.97700e-09
 Reference value :  6.98300e-09
 Reference value :  6.99100e-09
 Reference value :  6.99700e-09
 Reference value :  7.00300e-09
 Reference value :  7.01100e-09
 Reference value :  7.01900e-09
 Reference value :  7.02700e-09
 Reference value :  7.03300e-09
 Reference value :  7.04100e-09
 Reference value :  7.04700e-09
 Reference value :  7.05500e-09
 Reference value :  7.06100e-09
 Reference value :  7.06700e-09
 Reference value :  7.07300e-09
 Reference value :  7.07900e-09
 Reference value :  7.08500e-09
 Reference value :  7.09100e-09
 Reference value :  7.09900e-09
 Reference value :  7.10500e-09
 Reference value :  7.11300e-09
 Reference value :  7.11900e-09
 Reference value :  7.12500e-09
 Reference value :  7.13300e-09
 Reference value :  7.14100e-09
 Reference value :  7.14900e-09
 Reference value :  7.15700e-09
 Reference value :  7.16500e-09
 Reference value :  7.17300e-09
 Reference value :  7.18100e-09
 Reference value :  7.18900e-09
 Reference value :  7.19500e-09
 Reference value :  7.20300e-09
 Reference value :  7.21100e-09
 Reference value :  7.21900e-09
 Reference value :  7.22900e-09
 Reference value :  7.23500e-09
 Reference value :  7.24300e-09
 Reference value :  7.25100e-09
 Reference value :  7.25900e-09
 Reference value :  7.26700e-09
 Reference value :  7.27300e-09
 Reference value :  7.28100e-09
 Reference value :  7.28900e-09
 Reference value :  7.29700e-09
 Reference value :  7.30300e-09
 Reference value :  7.31100e-09
 Reference value :  7.31900e-09
 Reference value :  7.32700e-09
 Reference value :  7.33500e-09
 Reference value :  7.34300e-09
 Reference value :  7.35100e-09
 Reference value :  7.35700e-09
 Reference value :  7.36300e-09
 Reference value :  7.36900e-09
 Reference value :  7.37500e-09
 Reference value :  7.38300e-09
 Reference value :  7.39100e-09
 Reference value :  7.39900e-09
 Reference value :  7.40700e-09
 Reference value :  7.41500e-09
 Reference value :  7.42300e-09
 Reference value :  7.43100e-09
 Reference value :  7.43700e-09
 Reference value :  7.44500e-09
 Reference value :  7.45300e-09
 Reference value :  7.46100e-09
 Reference value :  7.46900e-09
 Reference value :  7.47700e-09
 Reference value :  7.48700e-09
 Reference value :  7.49500e-09
 Reference value :  7.50300e-09
 Reference value :  7.51100e-09
 Reference value :  7.51900e-09
 Reference value :  7.52900e-09
 Reference value :  7.53700e-09
 Reference value :  7.54300e-09
 Reference value :  7.55100e-09
 Reference value :  7.55900e-09
 Reference value :  7.56700e-09
 Reference value :  7.57300e-09
 Reference value :  7.58100e-09
 Reference value :  7.58900e-09
 Reference value :  7.59700e-09
No. of Data Rows : 3814
Note: Simulation executed from .control section 
