
Note: Compatibility modes selected: hs a


Circuit: * comparator-decision offset pick-off -- vindiff=0.0mv corner=tt temp=27.0c seed=8 (issue #9)

option SCALE: Scale is set to 1e-06 for instance and model parameters
option SCALE: Scale is set to 1e-06 for instance and model parameters
option SCALE: Scale is set to 1e-06 for instance and model parameters
option SCALE: Scale is set to 1e-06 for instance and model parameters
Doing analysis at TEMP = 27.000000 and TNOM = 27.000000

Using KLU as Direct Linear Solver
 Reference value :  0.00000e+00
 Reference value :  8.00000e-14
 Reference value :  2.56000e-12
 Reference value :  1.05600e-11
 Reference value :  1.85600e-11
 Reference value :  2.65600e-11
 Reference value :  3.45600e-11
 Reference value :  4.25600e-11
 Reference value :  4.85600e-11
 Reference value :  5.45600e-11
 Reference value :  6.05600e-11
 Reference value :  6.65600e-11
 Reference value :  7.45600e-11
 Reference value :  8.05600e-11
 Reference value :  8.65600e-11
 Reference value :  9.25600e-11
 Reference value :  1.00560e-10
 Reference value :  1.06560e-10
 Reference value :  1.14560e-10
 Reference value :  1.24560e-10
 Reference value :  1.34560e-10
 Reference value :  1.44560e-10
 Reference value :  1.50560e-10
 Reference value :  1.56560e-10
 Reference value :  1.62560e-10
 Reference value :  1.68560e-10
 Reference value :  1.78560e-10
 Reference value :  1.86560e-10
 Reference value :  1.94560e-10
 Reference value :  2.02560e-10
 Reference value :  2.12560e-10
 Reference value :  2.20560e-10
 Reference value :  2.28560e-10
 Reference value :  2.38560e-10
 Reference value :  2.46560e-10
 Reference value :  2.54560e-10
 Reference value :  2.64560e-10
 Reference value :  2.70560e-10
 Reference value :  2.76560e-10
 Reference value :  2.84560e-10
 Reference value :  2.94560e-10
 Reference value :  3.00560e-10
 Reference value :  3.06560e-10
 Reference value :  3.14560e-10
 Reference value :  3.22560e-10
 Reference value :  3.30560e-10
 Reference value :  3.38560e-10
 Reference value :  3.48560e-10
 Reference value :  3.56560e-10
 Reference value :  3.64560e-10
 Reference value :  3.72560e-10
 Reference value :  3.80560e-10
 Reference value :  3.88560e-10
 Reference value :  3.98560e-10
 Reference value :  4.06560e-10
 Reference value :  4.14560e-10
 Reference value :  4.20560e-10
 Reference value :  4.26560e-10
 Reference value :  4.34560e-10
 Reference value :  4.42560e-10
 Reference value :  4.48560e-10
 Reference value :  4.56560e-10
 Reference value :  4.64560e-10
 Reference value :  4.72560e-10
 Reference value :  4.80560e-10
 Reference value :  4.88560e-10
 Reference value :  4.94560e-10
 Reference value :  5.00560e-10
 Reference value :  5.06560e-10
 Reference value :  5.16560e-10
 Reference value :  5.22560e-10
 Reference value :  5.30560e-10
 Reference value :  5.36560e-10
 Reference value :  5.42560e-10
 Reference value :  5.48560e-10
 Reference value :  5.54560e-10
 Reference value :  5.62560e-10
 Reference value :  5.70560e-10
 Reference value :  5.78560e-10
 Reference value :  5.86560e-10
 Reference value :  5.92560e-10
 Reference value :  6.00560e-10
 Reference value :  6.06560e-10
 Reference value :  6.14560e-10
 Reference value :  6.22560e-10
 Reference value :  6.28560e-10
 Reference value :  6.36560e-10
 Reference value :  6.44560e-10
 Reference value :  6.52560e-10
 Reference value :  6.58560e-10
 Reference value :  6.64560e-10
 Reference value :  6.70560e-10
 Reference value :  6.76560e-10
 Reference value :  6.82560e-10
 Reference value :  6.88560e-10
 Reference value :  6.94560e-10
 Reference value :  7.02560e-10
 Reference value :  7.08560e-10
 Reference value :  7.16560e-10
 Reference value :  7.24560e-10
 Reference value :  7.30560e-10
 Reference value :  7.36560e-10
 Reference value :  7.42560e-10
 Reference value :  7.48560e-10
 Reference value :  7.56560e-10
 Reference value :  7.64560e-10
 Reference value :  7.70560e-10
 Reference value :  7.76560e-10
 Reference value :  7.82560e-10
 Reference value :  7.88560e-10
 Reference value :  7.94560e-10
 Reference value :  8.00560e-10
 Reference value :  8.08560e-10
 Reference value :  8.14560e-10
 Reference value :  8.20560e-10
 Reference value :  8.26560e-10
 Reference value :  8.34560e-10
 Reference value :  8.42560e-10
 Reference value :  8.50560e-10
 Reference value :  8.56560e-10
 Reference value :  8.62560e-10
 Reference value :  8.68560e-10
 Reference value :  8.74560e-10
 Reference value :  8.82560e-10
 Reference value :  8.90560e-10
 Reference value :  8.96560e-10
 Reference value :  9.02560e-10
 Reference value :  9.08560e-10
 Reference value :  9.16560e-10
 Reference value :  9.22560e-10
 Reference value :  9.30560e-10
 Reference value :  9.36560e-10
 Reference value :  9.46560e-10
 Reference value :  9.56560e-10
 Reference value :  9.64560e-10
 Reference value :  9.72560e-10
 Reference value :  9.78560e-10
 Reference value :  9.84560e-10
 Reference value :  9.92560e-10
 Reference value :  9.98560e-10
 Reference value :  1.00456e-09
 Reference value :  1.01256e-09
 Reference value :  1.01856e-09
 Reference value :  1.02456e-09
 Reference value :  1.03056e-09
 Reference value :  1.03656e-09
 Reference value :  1.04456e-09
 Reference value :  1.05256e-09
 Reference value :  1.05856e-09
 Reference value :  1.06456e-09
 Reference value :  1.07256e-09
 Reference value :  1.07856e-09
 Reference value :  1.08456e-09
 Reference value :  1.09056e-09
 Reference value :  1.09656e-09
 Reference value :  1.10456e-09
 Reference value :  1.11256e-09
 Reference value :  1.12256e-09
 Reference value :  1.13056e-09
 Reference value :  1.13856e-09
 Reference value :  1.14456e-09
 Reference value :  1.15056e-09
 Reference value :  1.15656e-09
 Reference value :  1.16656e-09
 Reference value :  1.17456e-09
 Reference value :  1.18056e-09
 Reference value :  1.18656e-09
 Reference value :  1.19456e-09
 Reference value :  1.20056e-09
 Reference value :  1.20656e-09
 Reference value :  1.21256e-09
 Reference value :  1.22056e-09
 Reference value :  1.22656e-09
 Reference value :  1.23456e-09
 Reference value :  1.24256e-09
 Reference value :  1.25056e-09
 Reference value :  1.25656e-09
 Reference value :  1.26256e-09
 Reference value :  1.26856e-09
 Reference value :  1.27656e-09
 Reference value :  1.28456e-09
 Reference value :  1.29256e-09
 Reference value :  1.29856e-09
 Reference value :  1.30456e-09
 Reference value :  1.31056e-09
 Reference value :  1.31856e-09
 Reference value :  1.32456e-09
 Reference value :  1.33256e-09
 Reference value :  1.33856e-09
 Reference value :  1.34456e-09
 Reference value :  1.35256e-09
 Reference value :  1.36056e-09
 Reference value :  1.36656e-09
 Reference value :  1.37456e-09
 Reference value :  1.38056e-09
 Reference value :  1.38856e-09
 Reference value :  1.39456e-09
 Reference value :  1.40056e-09
 Reference value :  1.40656e-09
 Reference value :  1.41256e-09
 Reference value :  1.41856e-09
 Reference value :  1.42656e-09
 Reference value :  1.43456e-09
 Reference value :  1.44256e-09
 Reference value :  1.44856e-09
 Reference value :  1.45656e-09
 Reference value :  1.46656e-09
 Reference value :  1.47456e-09
 Reference value :  1.48056e-09
 Reference value :  1.48656e-09
 Reference value :  1.49456e-09
 Reference value :  1.50056e-09
 Reference value :  1.50656e-09
 Reference value :  1.51456e-09
 Reference value :  1.52256e-09
 Reference value :  1.53056e-09
 Reference value :  1.53856e-09
 Reference value :  1.54656e-09
 Reference value :  1.55256e-09
 Reference value :  1.56056e-09
 Reference value :  1.56656e-09
 Reference value :  1.57456e-09
 Reference value :  1.58056e-09
 Reference value :  1.58656e-09
 Reference value :  1.59256e-09
 Reference value :  1.60056e-09
 Reference value :  1.60656e-09
 Reference value :  1.61456e-09
 Reference value :  1.62056e-09
 Reference value :  1.62656e-09
 Reference value :  1.63456e-09
 Reference value :  1.64456e-09
 Reference value :  1.65256e-09
 Reference value :  1.66056e-09
 Reference value :  1.66856e-09
 Reference value :  1.67456e-09
 Reference value :  1.68256e-09
 Reference value :  1.69056e-09
 Reference value :  1.69856e-09
 Reference value :  1.70656e-09
 Reference value :  1.71256e-09
 Reference value :  1.72056e-09
 Reference value :  1.72856e-09
 Reference value :  1.73656e-09
 Reference value :  1.74456e-09
 Reference value :  1.75056e-09
 Reference value :  1.75856e-09
 Reference value :  1.76456e-09
 Reference value :  1.77056e-09
 Reference value :  1.77856e-09
 Reference value :  1.78656e-09
 Reference value :  1.79456e-09
 Reference value :  1.80056e-09
 Reference value :  1.80856e-09
 Reference value :  1.81656e-09
 Reference value :  1.82456e-09
 Reference value :  1.83256e-09
 Reference value :  1.84056e-09
 Reference value :  1.84856e-09
 Reference value :  1.85656e-09
 Reference value :  1.86256e-09
 Reference value :  1.86856e-09
 Reference value :  1.87456e-09
 Reference value :  1.88256e-09
 Reference value :  1.89256e-09
 Reference value :  1.90056e-09
 Reference value :  1.90856e-09
 Reference value :  1.91656e-09
 Reference value :  1.92456e-09
 Reference value :  1.93256e-09
 Reference value :  1.93856e-09
 Reference value :  1.94456e-09
 Reference value :  1.95256e-09
 Reference value :  1.96056e-09
 Reference value :  1.96656e-09
 Reference value :  1.97456e-09
 Reference value :  1.98056e-09
 Reference value :  1.98856e-09
 Reference value :  1.99456e-09
 Reference value :  2.00056e-09
 Reference value :  2.00856e-09
 Reference value :  2.01456e-09
 Reference value :  2.02056e-09
 Reference value :  2.02856e-09
 Reference value :  2.03656e-09
 Reference value :  2.04456e-09
 Reference value :  2.05256e-09
 Reference value :  2.06056e-09
 Reference value :  2.06856e-09
 Reference value :  2.07656e-09
 Reference value :  2.08456e-09
 Reference value :  2.09256e-09
 Reference value :  2.10056e-09
 Reference value :  2.10656e-09
 Reference value :  2.11456e-09
 Reference value :  2.12056e-09
 Reference value :  2.12856e-09
 Reference value :  2.13656e-09
 Reference value :  2.14256e-09
 Reference value :  2.15056e-09
 Reference value :  2.15856e-09
 Reference value :  2.16456e-09
 Reference value :  2.17256e-09
 Reference value :  2.18056e-09
 Reference value :  2.18856e-09
 Reference value :  2.19456e-09
 Reference value :  2.20456e-09
 Reference value :  2.21456e-09
 Reference value :  2.22256e-09
 Reference value :  2.23056e-09
 Reference value :  2.23856e-09
 Reference value :  2.24656e-09
 Reference value :  2.25256e-09
 Reference value :  2.25856e-09
 Reference value :  2.26456e-09
 Reference value :  2.27056e-09
 Reference value :  2.27656e-09
 Reference value :  2.28256e-09
 Reference value :  2.28856e-09
 Reference value :  2.29456e-09
 Reference value :  2.30256e-09
 Reference value :  2.30856e-09
 Reference value :  2.31456e-09
 Reference value :  2.32056e-09
 Reference value :  2.32656e-09
 Reference value :  2.33256e-09
 Reference value :  2.33856e-09
 Reference value :  2.34656e-09
 Reference value :  2.35456e-09
 Reference value :  2.36256e-09
 Reference value :  2.36856e-09
 Reference value :  2.37456e-09
 Reference value :  2.38256e-09
 Reference value :  2.39256e-09
 Reference value :  2.40056e-09
 Reference value :  2.40856e-09
 Reference value :  2.41656e-09
 Reference value :  2.42456e-09
 Reference value :  2.43056e-09
 Reference value :  2.43656e-09
 Reference value :  2.44256e-09
 Reference value :  2.45056e-09
 Reference value :  2.45856e-09
 Reference value :  2.46456e-09
 Reference value :  2.47256e-09
 Reference value :  2.48056e-09
 Reference value :  2.48856e-09
 Reference value :  2.49656e-09
 Reference value :  2.50456e-09
 Reference value :  2.51256e-09
 Reference value :  2.52056e-09
 Reference value :  2.52856e-09
 Reference value :  2.53656e-09
 Reference value :  2.54256e-09
 Reference value :  2.54856e-09
 Reference value :  2.55456e-09
 Reference value :  2.56056e-09
 Reference value :  2.56656e-09
 Reference value :  2.57456e-09
 Reference value :  2.58256e-09
 Reference value :  2.58856e-09
 Reference value :  2.59456e-09
 Reference value :  2.60056e-09
 Reference value :  2.60656e-09
 Reference value :  2.61456e-09
 Reference value :  2.62056e-09
 Reference value :  2.62856e-09
 Reference value :  2.63456e-09
 Reference value :  2.64256e-09
 Reference value :  2.65056e-09
 Reference value :  2.65856e-09
 Reference value :  2.66456e-09
 Reference value :  2.67056e-09
 Reference value :  2.67656e-09
 Reference value :  2.68456e-09
 Reference value :  2.69256e-09
 Reference value :  2.69856e-09
 Reference value :  2.70656e-09
 Reference value :  2.71456e-09
 Reference value :  2.72056e-09
 Reference value :  2.72856e-09
 Reference value :  2.73456e-09
 Reference value :  2.74256e-09
 Reference value :  2.75056e-09
 Reference value :  2.75856e-09
 Reference value :  2.76656e-09
 Reference value :  2.77456e-09
 Reference value :  2.78056e-09
 Reference value :  2.78656e-09
 Reference value :  2.79256e-09
 Reference value :  2.80056e-09
 Reference value :  2.80656e-09
 Reference value :  2.81256e-09
 Reference value :  2.81856e-09
 Reference value :  2.82456e-09
 Reference value :  2.83056e-09
 Reference value :  2.83656e-09
 Reference value :  2.84456e-09
 Reference value :  2.85056e-09
 Reference value :  2.85656e-09
 Reference value :  2.86256e-09
 Reference value :  2.86856e-09
 Reference value :  2.87456e-09
 Reference value :  2.88256e-09
 Reference value :  2.89056e-09
 Reference value :  2.89656e-09
 Reference value :  2.90256e-09
 Reference value :  2.90856e-09
 Reference value :  2.91456e-09
 Reference value :  2.92056e-09
 Reference value :  2.92656e-09
 Reference value :  2.93456e-09
 Reference value :  2.94056e-09
 Reference value :  2.94656e-09
 Reference value :  2.95256e-09
 Reference value :  2.95856e-09
 Reference value :  2.96656e-09
 Reference value :  2.97256e-09
 Reference value :  2.97856e-09
 Reference value :  2.98656e-09
 Reference value :  2.99256e-09
 Reference value :  2.99856e-09
 Reference value :  3.00456e-09
 Reference value :  3.01056e-09
 Reference value :  3.01656e-09
 Reference value :  3.02256e-09
 Reference value :  3.02856e-09
 Reference value :  3.03456e-09
 Reference value :  3.04056e-09
 Reference value :  3.04656e-09
 Reference value :  3.05256e-09
 Reference value :  3.05856e-09
 Reference value :  3.06456e-09
 Reference value :  3.07056e-09
 Reference value :  3.07856e-09
 Reference value :  3.08456e-09
 Reference value :  3.09056e-09
 Reference value :  3.09656e-09
 Reference value :  3.10256e-09
 Reference value :  3.10856e-09
 Reference value :  3.11456e-09
 Reference value :  3.12256e-09
 Reference value :  3.12856e-09
 Reference value :  3.13456e-09
 Reference value :  3.14056e-09
 Reference value :  3.14856e-09
 Reference value :  3.15656e-09
 Reference value :  3.16456e-09
 Reference value :  3.17256e-09
 Reference value :  3.17856e-09
 Reference value :  3.18656e-09
 Reference value :  3.19256e-09
 Reference value :  3.19856e-09
 Reference value :  3.20456e-09
 Reference value :  3.21056e-09
 Reference value :  3.21656e-09
 Reference value :  3.22256e-09
 Reference value :  3.22856e-09
 Reference value :  3.23656e-09
 Reference value :  3.24256e-09
 Reference value :  3.25056e-09
 Reference value :  3.25656e-09
 Reference value :  3.26456e-09
 Reference value :  3.27056e-09
 Reference value :  3.27656e-09
 Reference value :  3.28256e-09
 Reference value :  3.29056e-09
 Reference value :  3.29656e-09
 Reference value :  3.30256e-09
 Reference value :  3.31056e-09
 Reference value :  3.31656e-09
 Reference value :  3.32456e-09
 Reference value :  3.33256e-09
 Reference value :  3.33856e-09
 Reference value :  3.34456e-09
 Reference value :  3.35256e-09
 Reference value :  3.35856e-09
 Reference value :  3.36456e-09
 Reference value :  3.37056e-09
 Reference value :  3.37656e-09
 Reference value :  3.38256e-09
 Reference value :  3.38856e-09
 Reference value :  3.39656e-09
 Reference value :  3.40256e-09
 Reference value :  3.40856e-09
 Reference value :  3.41656e-09
 Reference value :  3.42256e-09
 Reference value :  3.43056e-09
 Reference value :  3.43856e-09
 Reference value :  3.44456e-09
 Reference value :  3.45056e-09
 Reference value :  3.45656e-09
 Reference value :  3.46256e-09
 Reference value :  3.46856e-09
 Reference value :  3.47656e-09
 Reference value :  3.48256e-09
 Reference value :  3.48856e-09
 Reference value :  3.49656e-09
 Reference value :  3.50256e-09
 Reference value :  3.50856e-09
 Reference value :  3.51656e-09
 Reference value :  3.52256e-09
 Reference value :  3.53056e-09
 Reference value :  3.53656e-09
 Reference value :  3.54256e-09
 Reference value :  3.54856e-09
 Reference value :  3.55656e-09
 Reference value :  3.56456e-09
 Reference value :  3.57256e-09
 Reference value :  3.58056e-09
 Reference value :  3.58656e-09
 Reference value :  3.59256e-09
 Reference value :  3.60056e-09
 Reference value :  3.60656e-09
 Reference value :  3.61256e-09
 Reference value :  3.61856e-09
 Reference value :  3.62656e-09
 Reference value :  3.63256e-09
 Reference value :  3.63856e-09
 Reference value :  3.64656e-09
 Reference value :  3.65256e-09
 Reference value :  3.66056e-09
 Reference value :  3.67056e-09
 Reference value :  3.68256e-09
 Reference value :  3.69056e-09
 Reference value :  3.69856e-09
 Reference value :  3.70456e-09
 Reference value :  3.71256e-09
 Reference value :  3.71856e-09
 Reference value :  3.72456e-09
 Reference value :  3.73056e-09
 Reference value :  3.73656e-09
 Reference value :  3.74256e-09
 Reference value :  3.74856e-09
 Reference value :  3.75456e-09
 Reference value :  3.76056e-09
 Reference value :  3.76656e-09
 Reference value :  3.77256e-09
 Reference value :  3.77856e-09
 Reference value :  3.78656e-09
 Reference value :  3.79456e-09
 Reference value :  3.80056e-09
 Reference value :  3.80656e-09
 Reference value :  3.81456e-09
 Reference value :  3.82256e-09
 Reference value :  3.82856e-09
 Reference value :  3.83456e-09
 Reference value :  3.84056e-09
 Reference value :  3.84656e-09
 Reference value :  3.85256e-09
 Reference value :  3.86056e-09
 Reference value :  3.86856e-09
 Reference value :  3.87456e-09
 Reference value :  3.88056e-09
 Reference value :  3.88656e-09
 Reference value :  3.89256e-09
 Reference value :  3.90056e-09
 Reference value :  3.90656e-09
 Reference value :  3.91456e-09
 Reference value :  3.92256e-09
 Reference value :  3.92856e-09
 Reference value :  3.93456e-09
 Reference value :  3.94056e-09
 Reference value :  3.94656e-09
 Reference value :  3.95256e-09
 Reference value :  3.95856e-09
 Reference value :  3.96456e-09
 Reference value :  3.97256e-09
 Reference value :  3.97856e-09
 Reference value :  3.98656e-09
 Reference value :  3.99256e-09
 Reference value :  4.00056e-09
 Reference value :  4.00856e-09
 Reference value :  4.01656e-09
 Reference value :  4.02456e-09
 Reference value :  4.03056e-09
 Reference value :  4.03656e-09
 Reference value :  4.04256e-09
 Reference value :  4.05056e-09
 Reference value :  4.05656e-09
 Reference value :  4.06256e-09
 Reference value :  4.06856e-09
 Reference value :  4.07456e-09
 Reference value :  4.08056e-09
 Reference value :  4.08656e-09
 Reference value :  4.09256e-09
 Reference value :  4.09856e-09
 Reference value :  4.10656e-09
 Reference value :  4.11256e-09
 Reference value :  4.12056e-09
 Reference value :  4.12856e-09
 Reference value :  4.13456e-09
 Reference value :  4.14056e-09
 Reference value :  4.14856e-09
 Reference value :  4.15656e-09
 Reference value :  4.16456e-09
 Reference value :  4.17056e-09
 Reference value :  4.17656e-09
 Reference value :  4.18256e-09
 Reference value :  4.18856e-09
 Reference value :  4.19656e-09
 Reference value :  4.20456e-09
 Reference value :  4.21056e-09
 Reference value :  4.21856e-09
 Reference value :  4.22456e-09
 Reference value :  4.23256e-09
 Reference value :  4.24056e-09
 Reference value :  4.24856e-09
 Reference value :  4.25456e-09
 Reference value :  4.26256e-09
 Reference value :  4.27056e-09
 Reference value :  4.27656e-09
 Reference value :  4.28256e-09
 Reference value :  4.29056e-09
 Reference value :  4.29856e-09
 Reference value :  4.30656e-09
 Reference value :  4.31256e-09
 Reference value :  4.31856e-09
 Reference value :  4.32656e-09
 Reference value :  4.33256e-09
 Reference value :  4.33856e-09
 Reference value :  4.34456e-09
 Reference value :  4.35056e-09
 Reference value :  4.35856e-09
 Reference value :  4.36656e-09
 Reference value :  4.37456e-09
 Reference value :  4.38256e-09
 Reference value :  4.39056e-09
 Reference value :  4.39656e-09
 Reference value :  4.40456e-09
 Reference value :  4.41256e-09
 Reference value :  4.42056e-09
 Reference value :  4.42856e-09
 Reference value :  4.43656e-09
 Reference value :  4.44456e-09
 Reference value :  4.45056e-09
 Reference value :  4.45656e-09
 Reference value :  4.46456e-09
 Reference value :  4.47056e-09
 Reference value :  4.47656e-09
 Reference value :  4.48256e-09
 Reference value :  4.49056e-09
 Reference value :  4.49856e-09
 Reference value :  4.50456e-09
 Reference value :  4.51256e-09
 Reference value :  4.52056e-09
 Reference value :  4.52656e-09
 Reference value :  4.53256e-09
 Reference value :  4.54056e-09
 Reference value :  4.54656e-09
 Reference value :  4.55456e-09
 Reference value :  4.56256e-09
 Reference value :  4.56856e-09
 Reference value :  4.57656e-09
 Reference value :  4.58256e-09
 Reference value :  4.59056e-09
 Reference value :  4.59856e-09
 Reference value :  4.60656e-09
 Reference value :  4.61256e-09
 Reference value :  4.62056e-09
 Reference value :  4.62656e-09
 Reference value :  4.63256e-09
 Reference value :  4.63856e-09
 Reference value :  4.64656e-09
 Reference value :  4.65256e-09
 Reference value :  4.66056e-09
 Reference value :  4.66856e-09
 Reference value :  4.67456e-09
 Reference value :  4.68256e-09
 Reference value :  4.68856e-09
 Reference value :  4.69656e-09
 Reference value :  4.70256e-09
 Reference value :  4.70856e-09
 Reference value :  4.71656e-09
 Reference value :  4.72256e-09
 Reference value :  4.73056e-09
 Reference value :  4.73656e-09
 Reference value :  4.74256e-09
 Reference value :  4.75056e-09
 Reference value :  4.75656e-09
 Reference value :  4.76456e-09
 Reference value :  4.77056e-09
 Reference value :  4.77856e-09
 Reference value :  4.78656e-09
 Reference value :  4.79456e-09
 Reference value :  4.80256e-09
 Reference value :  4.81056e-09
 Reference value :  4.81856e-09
 Reference value :  4.82456e-09
 Reference value :  4.83256e-09
 Reference value :  4.84056e-09
 Reference value :  4.84656e-09
 Reference value :  4.85256e-09
 Reference value :  4.85856e-09
 Reference value :  4.86656e-09
 Reference value :  4.87256e-09
 Reference value :  4.87856e-09
 Reference value :  4.88456e-09
 Reference value :  4.89256e-09
 Reference value :  4.89856e-09
 Reference value :  4.90456e-09
 Reference value :  4.91056e-09
 Reference value :  4.91856e-09
 Reference value :  4.92656e-09
 Reference value :  4.93256e-09
 Reference value :  4.93856e-09
 Reference value :  4.94456e-09
 Reference value :  4.95056e-09
 Reference value :  4.95856e-09
 Reference value :  4.96456e-09
 Reference value :  4.97056e-09
 Reference value :  4.97656e-09
 Reference value :  4.98456e-09
 Reference value :  4.99056e-09
 Reference value :  4.99656e-09
 Reference value :  5.00020e-09
 Reference value :  5.00300e-09
 Reference value :  5.00900e-09
 Reference value :  5.01700e-09
 Reference value :  5.02300e-09
 Reference value :  5.02900e-09
 Reference value :  5.03700e-09
 Reference value :  5.04300e-09
 Reference value :  5.05100e-09
 Reference value :  5.05700e-09
 Reference value :  5.06500e-09
 Reference value :  5.07100e-09
 Reference value :  5.07700e-09
 Reference value :  5.08300e-09
 Reference value :  5.08900e-09
 Reference value :  5.09700e-09
 Reference value :  5.10020e-09
 Reference value :  5.10300e-09
 Reference value :  5.10900e-09
 Reference value :  5.11700e-09
 Reference value :  5.12500e-09
 Reference value :  5.13300e-09
 Reference value :  5.13900e-09
 Reference value :  5.14700e-09
 Reference value :  5.15500e-09
 Reference value :  5.16300e-09
 Reference value :  5.17100e-09
 Reference value :  5.17900e-09
 Reference value :  5.18700e-09
 Reference value :  5.19300e-09
 Reference value :  5.19900e-09
 Reference value :  5.20700e-09
 Reference value :  5.21300e-09
 Reference value :  5.22100e-09
 Reference value :  5.22900e-09
 Reference value :  5.23700e-09
 Reference value :  5.24500e-09
 Reference value :  5.25100e-09
 Reference value :  5.25700e-09
 Reference value :  5.26500e-09
 Reference value :  5.27100e-09
 Reference value :  5.27700e-09
 Reference value :  5.28300e-09
 Reference value :  5.29100e-09
 Reference value :  5.29700e-09
 Reference value :  5.30300e-09
 Reference value :  5.30900e-09
 Reference value :  5.31700e-09
 Reference value :  5.32300e-09
 Reference value :  5.32900e-09
 Reference value :  5.33500e-09
 Reference value :  5.34100e-09
 Reference value :  5.34700e-09
 Reference value :  5.35300e-09
 Reference value :  5.36100e-09
 Reference value :  5.36700e-09
 Reference value :  5.37300e-09
 Reference value :  5.37900e-09
 Reference value :  5.38500e-09
 Reference value :  5.39300e-09
 Reference value :  5.39900e-09
 Reference value :  5.40500e-09
 Reference value :  5.41300e-09
 Reference value :  5.42100e-09
 Reference value :  5.42700e-09
 Reference value :  5.43300e-09
 Reference value :  5.44100e-09
 Reference value :  5.44900e-09
 Reference value :  5.45700e-09
 Reference value :  5.46300e-09
 Reference value :  5.46900e-09
 Reference value :  5.47700e-09
 Reference value :  5.48500e-09
 Reference value :  5.49100e-09
 Reference value :  5.49700e-09
 Reference value :  5.50500e-09
 Reference value :  5.51100e-09
 Reference value :  5.51700e-09
 Reference value :  5.52300e-09
 Reference value :  5.52900e-09
 Reference value :  5.53700e-09
 Reference value :  5.54300e-09
 Reference value :  5.54900e-09
 Reference value :  5.55500e-09
 Reference value :  5.56100e-09
 Reference value :  5.56900e-09
 Reference value :  5.57700e-09
 Reference value :  5.58300e-09
 Reference value :  5.58900e-09
 Reference value :  5.59500e-09
 Reference value :  5.60100e-09
 Reference value :  5.60700e-09
 Reference value :  5.61500e-09
 Reference value :  5.62100e-09
 Reference value :  5.62700e-09
 Reference value :  5.63500e-09
 Reference value :  5.64100e-09
 Reference value :  5.64700e-09
 Reference value :  5.65300e-09
 Reference value :  5.66100e-09
 Reference value :  5.66700e-09
 Reference value :  5.67500e-09
 Reference value :  5.68100e-09
 Reference value :  5.68700e-09
 Reference value :  5.69300e-09
 Reference value :  5.70100e-09
 Reference value :  5.70700e-09
 Reference value :  5.71300e-09
 Reference value :  5.71900e-09
 Reference value :  5.72500e-09
 Reference value :  5.73100e-09
 Reference value :  5.73700e-09
 Reference value :  5.74300e-09
 Reference value :  5.74900e-09
 Reference value :  5.75500e-09
 Reference value :  5.76300e-09
 Reference value :  5.76900e-09
 Reference value :  5.77500e-09
 Reference value :  5.78100e-09
 Reference value :  5.78900e-09
 Reference value :  5.79700e-09
 Reference value :  5.80500e-09
 Reference value :  5.81100e-09
 Reference value :  5.81700e-09
 Reference value :  5.82300e-09
 Reference value :  5.82900e-09
 Reference value :  5.83700e-09
 Reference value :  5.84300e-09
 Reference value :  5.84900e-09
 Reference value :  5.85500e-09
 Reference value :  5.86100e-09
 Reference value :  5.86700e-09
 Reference value :  5.87500e-09
 Reference value :  5.88100e-09
 Reference value :  5.88900e-09
 Reference value :  5.89500e-09
 Reference value :  5.90300e-09
 Reference value :  5.91100e-09
 Reference value :  5.91900e-09
 Reference value :  5.92500e-09
 Reference value :  5.93100e-09
 Reference value :  5.93700e-09
 Reference value :  5.94300e-09
 Reference value :  5.94900e-09
 Reference value :  5.95700e-09
 Reference value :  5.96300e-09
 Reference value :  5.97100e-09
 Reference value :  5.97900e-09
 Reference value :  5.98700e-09
 Reference value :  5.99300e-09
 Reference value :  6.00100e-09
 Reference value :  6.00700e-09
 Reference value :  6.01300e-09
 Reference value :  6.01900e-09
 Reference value :  6.02500e-09
 Reference value :  6.03100e-09
 Reference value :  6.03900e-09
 Reference value :  6.04700e-09
 Reference value :  6.05300e-09
 Reference value :  6.05900e-09
 Reference value :  6.06700e-09
 Reference value :  6.07500e-09
 Reference value :  6.08100e-09
 Reference value :  6.08700e-09
 Reference value :  6.09700e-09
 Reference value :  6.10500e-09
 Reference value :  6.11100e-09
 Reference value :  6.11700e-09
 Reference value :  6.12500e-09
 Reference value :  6.13100e-09
 Reference value :  6.13700e-09
 Reference value :  6.14500e-09
 Reference value :  6.15100e-09
 Reference value :  6.15700e-09
 Reference value :  6.16300e-09
 Reference value :  6.16900e-09
 Reference value :  6.17500e-09
 Reference value :  6.18100e-09
 Reference value :  6.18900e-09
 Reference value :  6.19500e-09
 Reference value :  6.20100e-09
 Reference value :  6.20700e-09
 Reference value :  6.21300e-09
 Reference value :  6.22100e-09
 Reference value :  6.22700e-09
 Reference value :  6.23500e-09
 Reference value :  6.24300e-09
 Reference value :  6.24900e-09
 Reference value :  6.25500e-09
 Reference value :  6.26100e-09
 Reference value :  6.26900e-09
 Reference value :  6.27500e-09
 Reference value :  6.28300e-09
 Reference value :  6.28900e-09
 Reference value :  6.29700e-09
 Reference value :  6.30300e-09
 Reference value :  6.31100e-09
 Reference value :  6.31900e-09
 Reference value :  6.32700e-09
 Reference value :  6.33300e-09
 Reference value :  6.34100e-09
 Reference value :  6.34700e-09
 Reference value :  6.35300e-09
 Reference value :  6.35900e-09
 Reference value :  6.36700e-09
 Reference value :  6.37300e-09
 Reference value :  6.38100e-09
 Reference value :  6.38900e-09
 Reference value :  6.39500e-09
 Reference value :  6.40100e-09
 Reference value :  6.40700e-09
 Reference value :  6.41500e-09
 Reference value :  6.42100e-09
 Reference value :  6.42700e-09
 Reference value :  6.43300e-09
 Reference value :  6.44100e-09
 Reference value :  6.44700e-09
 Reference value :  6.45300e-09
 Reference value :  6.45900e-09
 Reference value :  6.46500e-09
 Reference value :  6.47100e-09
 Reference value :  6.47700e-09
 Reference value :  6.48300e-09
 Reference value :  6.49100e-09
 Reference value :  6.49700e-09
 Reference value :  6.50300e-09
 Reference value :  6.50900e-09
 Reference value :  6.51500e-09
 Reference value :  6.52100e-09
 Reference value :  6.52700e-09
 Reference value :  6.53300e-09
 Reference value :  6.53900e-09
 Reference value :  6.54500e-09
 Reference value :  6.55300e-09
 Reference value :  6.55900e-09
 Reference value :  6.56700e-09
 Reference value :  6.57300e-09
 Reference value :  6.57900e-09
 Reference value :  6.58500e-09
 Reference value :  6.59100e-09
 Reference value :  6.59900e-09
 Reference value :  6.60500e-09
 Reference value :  6.61100e-09
 Reference value :  6.61900e-09
 Reference value :  6.62700e-09
 Reference value :  6.63300e-09
 Reference value :  6.63900e-09
 Reference value :  6.64700e-09
 Reference value :  6.65500e-09
 Reference value :  6.66300e-09
 Reference value :  6.66900e-09
 Reference value :  6.67700e-09
 Reference value :  6.68300e-09
 Reference value :  6.68900e-09
 Reference value :  6.69500e-09
 Reference value :  6.70300e-09
 Reference value :  6.70900e-09
 Reference value :  6.71500e-09
 Reference value :  6.72100e-09
 Reference value :  6.72900e-09
 Reference value :  6.73500e-09
 Reference value :  6.74300e-09
 Reference value :  6.74900e-09
 Reference value :  6.75700e-09
 Reference value :  6.76300e-09
 Reference value :  6.76900e-09
 Reference value :  6.77500e-09
 Reference value :  6.78100e-09
 Reference value :  6.78700e-09
 Reference value :  6.79500e-09
 Reference value :  6.80100e-09
 Reference value :  6.80700e-09
 Reference value :  6.81300e-09
 Reference value :  6.81900e-09
 Reference value :  6.82500e-09
 Reference value :  6.83100e-09
 Reference value :  6.83700e-09
 Reference value :  6.84300e-09
 Reference value :  6.85100e-09
 Reference value :  6.85700e-09
 Reference value :  6.86500e-09
 Reference value :  6.87100e-09
 Reference value :  6.87900e-09
 Reference value :  6.88500e-09
 Reference value :  6.89100e-09
 Reference value :  6.89700e-09
 Reference value :  6.90300e-09
 Reference value :  6.90900e-09
 Reference value :  6.91700e-09
 Reference value :  6.92500e-09
 Reference value :  6.93100e-09
 Reference value :  6.93700e-09
 Reference value :  6.94300e-09
 Reference value :  6.94900e-09
 Reference value :  6.95500e-09
 Reference value :  6.96100e-09
 Reference value :  6.96700e-09
 Reference value :  6.97300e-09
 Reference value :  6.97900e-09
 Reference value :  6.98500e-09
 Reference value :  6.99100e-09
 Reference value :  6.99700e-09
 Reference value :  7.00300e-09
 Reference value :  7.00900e-09
 Reference value :  7.01500e-09
 Reference value :  7.02300e-09
 Reference value :  7.03100e-09
 Reference value :  7.03900e-09
 Reference value :  7.04700e-09
 Reference value :  7.05500e-09
 Reference value :  7.06300e-09
 Reference value :  7.07100e-09
 Reference value :  7.07900e-09
 Reference value :  7.08500e-09
 Reference value :  7.09300e-09
 Reference value :  7.10100e-09
 Reference value :  7.10900e-09
 Reference value :  7.11500e-09
 Reference value :  7.12300e-09
 Reference value :  7.13100e-09
 Reference value :  7.13900e-09
 Reference value :  7.14700e-09
 Reference value :  7.15500e-09
 Reference value :  7.16100e-09
 Reference value :  7.16900e-09
 Reference value :  7.17500e-09
 Reference value :  7.18100e-09
 Reference value :  7.18700e-09
 Reference value :  7.19300e-09
 Reference value :  7.19900e-09
 Reference value :  7.20700e-09
 Reference value :  7.21500e-09
 Reference value :  7.22300e-09
 Reference value :  7.23300e-09
 Reference value :  7.24100e-09
 Reference value :  7.24900e-09
 Reference value :  7.25900e-09
 Reference value :  7.26900e-09
 Reference value :  7.27700e-09
 Reference value :  7.28500e-09
 Reference value :  7.29300e-09
 Reference value :  7.30100e-09
 Reference value :  7.31100e-09
 Reference value :  7.31900e-09
 Reference value :  7.32700e-09
 Reference value :  7.33500e-09
 Reference value :  7.34300e-09
 Reference value :  7.35300e-09
 Reference value :  7.36100e-09
 Reference value :  7.36900e-09
 Reference value :  7.37700e-09
 Reference value :  7.38500e-09
 Reference value :  7.39300e-09
 Reference value :  7.40100e-09
 Reference value :  7.41100e-09
 Reference value :  7.42100e-09
 Reference value :  7.42900e-09
 Reference value :  7.43700e-09
 Reference value :  7.44500e-09
 Reference value :  7.45300e-09
 Reference value :  7.45900e-09
 Reference value :  7.46700e-09
 Reference value :  7.47300e-09
 Reference value :  7.48100e-09
 Reference value :  7.48700e-09
 Reference value :  7.49700e-09
 Reference value :  7.50500e-09
 Reference value :  7.51300e-09
 Reference value :  7.52100e-09
 Reference value :  7.52900e-09
 Reference value :  7.53500e-09
 Reference value :  7.54500e-09
 Reference value :  7.55300e-09
 Reference value :  7.55900e-09
 Reference value :  7.56700e-09
 Reference value :  7.57500e-09
 Reference value :  7.58500e-09
 Reference value :  7.59300e-09
 Reference value :  7.60000e-09
No. of Data Rows : 3814
Note: Simulation executed from .control section 
