
Note: Compatibility modes selected: hs a


Circuit: * comparator-decision offset pick-off -- vindiff=0.0mv corner=tt temp=27.0c seed=1 (issue #9)

option SCALE: Scale is set to 1e-06 for instance and model parameters
option SCALE: Scale is set to 1e-06 for instance and model parameters
option SCALE: Scale is set to 1e-06 for instance and model parameters
option SCALE: Scale is set to 1e-06 for instance and model parameters
Doing analysis at TEMP = 27.000000 and TNOM = 27.000000

Using KLU as Direct Linear Solver
 Reference value :  0.00000e+00
 Reference value :  8.00000e-14
 Reference value :  6.40000e-13
 Reference value :  6.56000e-12
 Reference value :  1.25600e-11
 Reference value :  1.85600e-11
 Reference value :  2.45600e-11
 Reference value :  3.05600e-11
 Reference value :  3.85600e-11
 Reference value :  4.45600e-11
 Reference value :  5.25600e-11
 Reference value :  6.05600e-11
 Reference value :  6.85600e-11
 Reference value :  7.65600e-11
 Reference value :  8.45600e-11
 Reference value :  9.05600e-11
 Reference value :  9.85600e-11
 Reference value :  1.04560e-10
 Reference value :  1.10560e-10
 Reference value :  1.18560e-10
 Reference value :  1.26560e-10
 Reference value :  1.32560e-10
 Reference value :  1.40560e-10
 Reference value :  1.48560e-10
 Reference value :  1.56560e-10
 Reference value :  1.62560e-10
 Reference value :  1.70560e-10
 Reference value :  1.78560e-10
 Reference value :  1.84560e-10
 Reference value :  1.92560e-10
 Reference value :  1.98560e-10
 Reference value :  2.04560e-10
 Reference value :  2.10560e-10
 Reference value :  2.16560e-10
 Reference value :  2.22560e-10
 Reference value :  2.28560e-10
 Reference value :  2.34560e-10
 Reference value :  2.40560e-10
 Reference value :  2.46560e-10
 Reference value :  2.54560e-10
 Reference value :  2.60560e-10
 Reference value :  2.68560e-10
 Reference value :  2.74560e-10
 Reference value :  2.82560e-10
 Reference value :  2.90560e-10
 Reference value :  2.98560e-10
 Reference value :  3.06560e-10
 Reference value :  3.12560e-10
 Reference value :  3.18560e-10
 Reference value :  3.24560e-10
 Reference value :  3.32560e-10
 Reference value :  3.40560e-10
 Reference value :  3.46560e-10
 Reference value :  3.54560e-10
 Reference value :  3.62560e-10
 Reference value :  3.68560e-10
 Reference value :  3.74560e-10
 Reference value :  3.80560e-10
 Reference value :  3.86560e-10
 Reference value :  3.92560e-10
 Reference value :  3.98560e-10
 Reference value :  4.04560e-10
 Reference value :  4.10560e-10
 Reference value :  4.16560e-10
 Reference value :  4.22560e-10
 Reference value :  4.30560e-10
 Reference value :  4.38560e-10
 Reference value :  4.44560e-10
 Reference value :  4.50560e-10
 Reference value :  4.58560e-10
 Reference value :  4.64560e-10
 Reference value :  4.70560e-10
 Reference value :  4.78560e-10
 Reference value :  4.84560e-10
 Reference value :  4.90560e-10
 Reference value :  4.96560e-10
 Reference value :  5.04560e-10
 Reference value :  5.10560e-10
 Reference value :  5.16560e-10
 Reference value :  5.22560e-10
 Reference value :  5.28560e-10
 Reference value :  5.34560e-10
 Reference value :  5.42560e-10
 Reference value :  5.48560e-10
 Reference value :  5.54560e-10
 Reference value :  5.60560e-10
 Reference value :  5.66560e-10
 Reference value :  5.72560e-10
 Reference value :  5.78560e-10
 Reference value :  5.84560e-10
 Reference value :  5.92560e-10
 Reference value :  6.00560e-10
 Reference value :  6.06560e-10
 Reference value :  6.12560e-10
 Reference value :  6.20560e-10
 Reference value :  6.26560e-10
 Reference value :  6.32560e-10
 Reference value :  6.38560e-10
 Reference value :  6.44560e-10
 Reference value :  6.52560e-10
 Reference value :  6.58560e-10
 Reference value :  6.66560e-10
 Reference value :  6.72560e-10
 Reference value :  6.78560e-10
 Reference value :  6.84560e-10
 Reference value :  6.90560e-10
 Reference value :  6.98560e-10
 Reference value :  7.04560e-10
 Reference value :  7.10560e-10
 Reference value :  7.16560e-10
 Reference value :  7.24560e-10
 Reference value :  7.30560e-10
 Reference value :  7.36560e-10
 Reference value :  7.42560e-10
 Reference value :  7.48560e-10
 Reference value :  7.56560e-10
 Reference value :  7.62560e-10
 Reference value :  7.68560e-10
 Reference value :  7.76560e-10
 Reference value :  7.82560e-10
 Reference value :  7.90560e-10
 Reference value :  7.98560e-10
 Reference value :  8.06560e-10
 Reference value :  8.12560e-10
 Reference value :  8.18560e-10
 Reference value :  8.24560e-10
 Reference value :  8.30560e-10
 Reference value :  8.38560e-10
 Reference value :  8.44560e-10
 Reference value :  8.50560e-10
 Reference value :  8.56560e-10
 Reference value :  8.62560e-10
 Reference value :  8.68560e-10
 Reference value :  8.74560e-10
 Reference value :  8.80560e-10
 Reference value :  8.88560e-10
 Reference value :  8.96560e-10
 Reference value :  9.02560e-10
 Reference value :  9.10560e-10
 Reference value :  9.18560e-10
 Reference value :  9.26560e-10
 Reference value :  9.32560e-10
 Reference value :  9.40560e-10
 Reference value :  9.46560e-10
 Reference value :  9.52560e-10
 Reference value :  9.60560e-10
 Reference value :  9.66560e-10
 Reference value :  9.74560e-10
 Reference value :  9.82560e-10
 Reference value :  9.88560e-10
 Reference value :  9.96560e-10
 Reference value :  1.00456e-09
 Reference value :  1.01256e-09
 Reference value :  1.01856e-09
 Reference value :  1.02656e-09
 Reference value :  1.03256e-09
 Reference value :  1.03856e-09
 Reference value :  1.04456e-09
 Reference value :  1.05456e-09
 Reference value :  1.06056e-09
 Reference value :  1.06656e-09
 Reference value :  1.07456e-09
 Reference value :  1.08056e-09
 Reference value :  1.08656e-09
 Reference value :  1.09456e-09
 Reference value :  1.10256e-09
 Reference value :  1.10856e-09
 Reference value :  1.11656e-09
 Reference value :  1.12456e-09
 Reference value :  1.13256e-09
 Reference value :  1.14056e-09
 Reference value :  1.14656e-09
 Reference value :  1.15256e-09
 Reference value :  1.16056e-09
 Reference value :  1.16856e-09
 Reference value :  1.17656e-09
 Reference value :  1.18456e-09
 Reference value :  1.19056e-09
 Reference value :  1.19656e-09
 Reference value :  1.20256e-09
 Reference value :  1.21056e-09
 Reference value :  1.21656e-09
 Reference value :  1.22456e-09
 Reference value :  1.23256e-09
 Reference value :  1.23856e-09
 Reference value :  1.24656e-09
 Reference value :  1.25456e-09
 Reference value :  1.26056e-09
 Reference value :  1.26656e-09
 Reference value :  1.27256e-09
 Reference value :  1.27856e-09
 Reference value :  1.28456e-09
 Reference value :  1.29256e-09
 Reference value :  1.30056e-09
 Reference value :  1.30656e-09
 Reference value :  1.31256e-09
 Reference value :  1.31856e-09
 Reference value :  1.32456e-09
 Reference value :  1.33056e-09
 Reference value :  1.33856e-09
 Reference value :  1.34656e-09
 Reference value :  1.35256e-09
 Reference value :  1.35856e-09
 Reference value :  1.36456e-09
 Reference value :  1.37056e-09
 Reference value :  1.37856e-09
 Reference value :  1.38456e-09
 Reference value :  1.39256e-09
 Reference value :  1.40056e-09
 Reference value :  1.40856e-09
 Reference value :  1.41456e-09
 Reference value :  1.42056e-09
 Reference value :  1.42656e-09
 Reference value :  1.43456e-09
 Reference value :  1.44056e-09
 Reference value :  1.44656e-09
 Reference value :  1.45456e-09
 Reference value :  1.46056e-09
 Reference value :  1.46856e-09
 Reference value :  1.47456e-09
 Reference value :  1.48256e-09
 Reference value :  1.49056e-09
 Reference value :  1.49656e-09
 Reference value :  1.50256e-09
 Reference value :  1.50856e-09
 Reference value :  1.51456e-09
 Reference value :  1.52056e-09
 Reference value :  1.52856e-09
 Reference value :  1.53456e-09
 Reference value :  1.54256e-09
 Reference value :  1.54856e-09
 Reference value :  1.55456e-09
 Reference value :  1.56056e-09
 Reference value :  1.56656e-09
 Reference value :  1.57256e-09
 Reference value :  1.57856e-09
 Reference value :  1.58456e-09
 Reference value :  1.59056e-09
 Reference value :  1.59656e-09
 Reference value :  1.60256e-09
 Reference value :  1.60856e-09
 Reference value :  1.61456e-09
 Reference value :  1.62056e-09
 Reference value :  1.62856e-09
 Reference value :  1.63456e-09
 Reference value :  1.64256e-09
 Reference value :  1.64856e-09
 Reference value :  1.65456e-09
 Reference value :  1.66256e-09
 Reference value :  1.66856e-09
 Reference value :  1.67656e-09
 Reference value :  1.68456e-09
 Reference value :  1.69056e-09
 Reference value :  1.69656e-09
 Reference value :  1.70256e-09
 Reference value :  1.71056e-09
 Reference value :  1.71656e-09
 Reference value :  1.72256e-09
 Reference value :  1.72856e-09
 Reference value :  1.73656e-09
 Reference value :  1.74456e-09
 Reference value :  1.75056e-09
 Reference value :  1.75656e-09
 Reference value :  1.76256e-09
 Reference value :  1.76856e-09
 Reference value :  1.77456e-09
 Reference value :  1.78056e-09
 Reference value :  1.78656e-09
 Reference value :  1.79456e-09
 Reference value :  1.80056e-09
 Reference value :  1.80656e-09
 Reference value :  1.81256e-09
 Reference value :  1.81856e-09
 Reference value :  1.82456e-09
 Reference value :  1.83056e-09
 Reference value :  1.83656e-09
 Reference value :  1.84256e-09
 Reference value :  1.85056e-09
 Reference value :  1.85656e-09
 Reference value :  1.86256e-09
 Reference value :  1.86856e-09
 Reference value :  1.87456e-09
 Reference value :  1.88056e-09
 Reference value :  1.88656e-09
 Reference value :  1.89256e-09
 Reference value :  1.89856e-09
 Reference value :  1.90456e-09
 Reference value :  1.91056e-09
 Reference value :  1.91656e-09
 Reference value :  1.92256e-09
 Reference value :  1.92856e-09
 Reference value :  1.93456e-09
 Reference value :  1.94256e-09
 Reference value :  1.94856e-09
 Reference value :  1.95456e-09
 Reference value :  1.96056e-09
 Reference value :  1.96656e-09
 Reference value :  1.97256e-09
 Reference value :  1.97856e-09
 Reference value :  1.98456e-09
 Reference value :  1.99056e-09
 Reference value :  1.99656e-09
 Reference value :  2.00256e-09
 Reference value :  2.00856e-09
 Reference value :  2.01456e-09
 Reference value :  2.02056e-09
 Reference value :  2.02656e-09
 Reference value :  2.03256e-09
 Reference value :  2.03856e-09
 Reference value :  2.04456e-09
 Reference value :  2.05056e-09
 Reference value :  2.05656e-09
 Reference value :  2.06256e-09
 Reference value :  2.06856e-09
 Reference value :  2.07456e-09
 Reference value :  2.08056e-09
 Reference value :  2.08656e-09
 Reference value :  2.09256e-09
 Reference value :  2.09856e-09
 Reference value :  2.10456e-09
 Reference value :  2.11056e-09
 Reference value :  2.11656e-09
 Reference value :  2.12256e-09
 Reference value :  2.12856e-09
 Reference value :  2.13456e-09
 Reference value :  2.14256e-09
 Reference value :  2.14856e-09
 Reference value :  2.15456e-09
 Reference value :  2.16056e-09
 Reference value :  2.16656e-09
 Reference value :  2.17256e-09
 Reference value :  2.18056e-09
 Reference value :  2.18856e-09
 Reference value :  2.19456e-09
 Reference value :  2.20256e-09
 Reference value :  2.20856e-09
 Reference value :  2.21456e-09
 Reference value :  2.22056e-09
 Reference value :  2.22656e-09
 Reference value :  2.23256e-09
 Reference value :  2.23856e-09
 Reference value :  2.24456e-09
 Reference value :  2.25056e-09
 Reference value :  2.25656e-09
 Reference value :  2.26256e-09
 Reference value :  2.26856e-09
 Reference value :  2.27456e-09
 Reference value :  2.28056e-09
 Reference value :  2.28656e-09
 Reference value :  2.29256e-09
 Reference value :  2.29856e-09
 Reference value :  2.30456e-09
 Reference value :  2.31256e-09
 Reference value :  2.31856e-09
 Reference value :  2.32656e-09
 Reference value :  2.33256e-09
 Reference value :  2.33856e-09
 Reference value :  2.34456e-09
 Reference value :  2.35056e-09
 Reference value :  2.35656e-09
 Reference value :  2.36256e-09
 Reference value :  2.36856e-09
 Reference value :  2.37456e-09
 Reference value :  2.38056e-09
 Reference value :  2.38656e-09
 Reference value :  2.39256e-09
 Reference value :  2.39856e-09
 Reference value :  2.40456e-09
 Reference value :  2.41056e-09
 Reference value :  2.41656e-09
 Reference value :  2.42456e-09
 Reference value :  2.43056e-09
 Reference value :  2.43856e-09
 Reference value :  2.44456e-09
 Reference value :  2.45056e-09
 Reference value :  2.45656e-09
 Reference value :  2.46256e-09
 Reference value :  2.46856e-09
 Reference value :  2.47456e-09
 Reference value :  2.48256e-09
 Reference value :  2.48856e-09
 Reference value :  2.49456e-09
 Reference value :  2.50056e-09
 Reference value :  2.50656e-09
 Reference value :  2.51256e-09
 Reference value :  2.51856e-09
 Reference value :  2.52456e-09
 Reference value :  2.53056e-09
 Reference value :  2.53656e-09
 Reference value :  2.54256e-09
 Reference value :  2.54856e-09
 Reference value :  2.55456e-09
 Reference value :  2.56256e-09
 Reference value :  2.57056e-09
 Reference value :  2.57656e-09
 Reference value :  2.58456e-09
 Reference value :  2.59056e-09
 Reference value :  2.59656e-09
 Reference value :  2.60256e-09
 Reference value :  2.60856e-09
 Reference value :  2.61456e-09
 Reference value :  2.62256e-09
 Reference value :  2.62856e-09
 Reference value :  2.63456e-09
 Reference value :  2.64056e-09
 Reference value :  2.64656e-09
 Reference value :  2.65456e-09
 Reference value :  2.66056e-09
 Reference value :  2.66856e-09
 Reference value :  2.67456e-09
 Reference value :  2.68056e-09
 Reference value :  2.68656e-09
 Reference value :  2.69256e-09
 Reference value :  2.69856e-09
 Reference value :  2.70456e-09
 Reference value :  2.71056e-09
 Reference value :  2.71656e-09
 Reference value :  2.72456e-09
 Reference value :  2.73056e-09
 Reference value :  2.73656e-09
 Reference value :  2.74456e-09
 Reference value :  2.75056e-09
 Reference value :  2.75656e-09
 Reference value :  2.76256e-09
 Reference value :  2.76856e-09
 Reference value :  2.77456e-09
 Reference value :  2.78056e-09
 Reference value :  2.78656e-09
 Reference value :  2.79256e-09
 Reference value :  2.79856e-09
 Reference value :  2.80456e-09
 Reference value :  2.81056e-09
 Reference value :  2.81656e-09
 Reference value :  2.82256e-09
 Reference value :  2.82856e-09
 Reference value :  2.83456e-09
 Reference value :  2.84056e-09
 Reference value :  2.84656e-09
 Reference value :  2.85256e-09
 Reference value :  2.86056e-09
 Reference value :  2.86656e-09
 Reference value :  2.87256e-09
 Reference value :  2.88056e-09
 Reference value :  2.88656e-09
 Reference value :  2.89256e-09
 Reference value :  2.90056e-09
 Reference value :  2.90656e-09
 Reference value :  2.91256e-09
 Reference value :  2.91856e-09
 Reference value :  2.92456e-09
 Reference value :  2.93056e-09
 Reference value :  2.93656e-09
 Reference value :  2.94256e-09
 Reference value :  2.94856e-09
 Reference value :  2.95656e-09
 Reference value :  2.96256e-09
 Reference value :  2.96856e-09
 Reference value :  2.97656e-09
 Reference value :  2.98256e-09
 Reference value :  2.98856e-09
 Reference value :  2.99656e-09
 Reference value :  3.00256e-09
 Reference value :  3.00856e-09
 Reference value :  3.01456e-09
 Reference value :  3.02256e-09
 Reference value :  3.03056e-09
 Reference value :  3.03856e-09
 Reference value :  3.04456e-09
 Reference value :  3.05056e-09
 Reference value :  3.05656e-09
 Reference value :  3.06256e-09
 Reference value :  3.06856e-09
 Reference value :  3.07656e-09
 Reference value :  3.08456e-09
 Reference value :  3.09256e-09
 Reference value :  3.10056e-09
 Reference value :  3.10856e-09
 Reference value :  3.11656e-09
 Reference value :  3.12256e-09
 Reference value :  3.13056e-09
 Reference value :  3.13856e-09
 Reference value :  3.14656e-09
 Reference value :  3.15456e-09
 Reference value :  3.16056e-09
 Reference value :  3.16656e-09
 Reference value :  3.17456e-09
 Reference value :  3.18056e-09
 Reference value :  3.18856e-09
 Reference value :  3.19456e-09
 Reference value :  3.20056e-09
 Reference value :  3.20856e-09
 Reference value :  3.21656e-09
 Reference value :  3.22456e-09
 Reference value :  3.23256e-09
 Reference value :  3.23856e-09
 Reference value :  3.24656e-09
 Reference value :  3.25456e-09
 Reference value :  3.26056e-09
 Reference value :  3.26656e-09
 Reference value :  3.27456e-09
 Reference value :  3.28056e-09
 Reference value :  3.28856e-09
 Reference value :  3.29656e-09
 Reference value :  3.30456e-09
 Reference value :  3.31256e-09
 Reference value :  3.31856e-09
 Reference value :  3.32656e-09
 Reference value :  3.33256e-09
 Reference value :  3.33856e-09
 Reference value :  3.34456e-09
 Reference value :  3.35256e-09
 Reference value :  3.35856e-09
 Reference value :  3.36456e-09
 Reference value :  3.37056e-09
 Reference value :  3.37856e-09
 Reference value :  3.38656e-09
 Reference value :  3.39256e-09
 Reference value :  3.39856e-09
 Reference value :  3.40656e-09
 Reference value :  3.41256e-09
 Reference value :  3.42056e-09
 Reference value :  3.42856e-09
 Reference value :  3.43656e-09
 Reference value :  3.44456e-09
 Reference value :  3.45256e-09
 Reference value :  3.46056e-09
 Reference value :  3.46656e-09
 Reference value :  3.47456e-09
 Reference value :  3.48056e-09
 Reference value :  3.48856e-09
 Reference value :  3.49456e-09
 Reference value :  3.50056e-09
 Reference value :  3.50656e-09
 Reference value :  3.51256e-09
 Reference value :  3.51856e-09
 Reference value :  3.52656e-09
 Reference value :  3.53256e-09
 Reference value :  3.53856e-09
 Reference value :  3.54456e-09
 Reference value :  3.55056e-09
 Reference value :  3.55656e-09
 Reference value :  3.56256e-09
 Reference value :  3.57056e-09
 Reference value :  3.57656e-09
 Reference value :  3.58456e-09
 Reference value :  3.59256e-09
 Reference value :  3.60056e-09
 Reference value :  3.60656e-09
 Reference value :  3.61456e-09
 Reference value :  3.62056e-09
 Reference value :  3.62856e-09
 Reference value :  3.63656e-09
 Reference value :  3.64256e-09
 Reference value :  3.64856e-09
 Reference value :  3.65456e-09
 Reference value :  3.66056e-09
 Reference value :  3.66656e-09
 Reference value :  3.67456e-09
 Reference value :  3.68056e-09
 Reference value :  3.68656e-09
 Reference value :  3.69256e-09
 Reference value :  3.69856e-09
 Reference value :  3.70456e-09
 Reference value :  3.71056e-09
 Reference value :  3.71656e-09
 Reference value :  3.72256e-09
 Reference value :  3.73056e-09
 Reference value :  3.73856e-09
 Reference value :  3.74456e-09
 Reference value :  3.75056e-09
 Reference value :  3.75656e-09
 Reference value :  3.76256e-09
 Reference value :  3.76856e-09
 Reference value :  3.77456e-09
 Reference value :  3.78056e-09
 Reference value :  3.78856e-09
 Reference value :  3.79456e-09
 Reference value :  3.80256e-09
 Reference value :  3.80856e-09
 Reference value :  3.81456e-09
 Reference value :  3.82056e-09
 Reference value :  3.82656e-09
 Reference value :  3.83256e-09
 Reference value :  3.83856e-09
 Reference value :  3.84456e-09
 Reference value :  3.85056e-09
 Reference value :  3.85656e-09
 Reference value :  3.86256e-09
 Reference value :  3.86856e-09
 Reference value :  3.87456e-09
 Reference value :  3.88256e-09
 Reference value :  3.88856e-09
 Reference value :  3.89456e-09
 Reference value :  3.90056e-09
 Reference value :  3.90656e-09
 Reference value :  3.91256e-09
 Reference value :  3.91856e-09
 Reference value :  3.92456e-09
 Reference value :  3.93056e-09
 Reference value :  3.93656e-09
 Reference value :  3.94256e-09
 Reference value :  3.95056e-09
 Reference value :  3.95856e-09
 Reference value :  3.96656e-09
 Reference value :  3.97256e-09
 Reference value :  3.97856e-09
 Reference value :  3.98656e-09
 Reference value :  3.99256e-09
 Reference value :  3.99856e-09
 Reference value :  4.00456e-09
 Reference value :  4.01256e-09
 Reference value :  4.01856e-09
 Reference value :  4.02456e-09
 Reference value :  4.03056e-09
 Reference value :  4.03856e-09
 Reference value :  4.04456e-09
 Reference value :  4.05256e-09
 Reference value :  4.05856e-09
 Reference value :  4.06456e-09
 Reference value :  4.07056e-09
 Reference value :  4.07656e-09
 Reference value :  4.08256e-09
 Reference value :  4.08856e-09
 Reference value :  4.09456e-09
 Reference value :  4.10056e-09
 Reference value :  4.10656e-09
 Reference value :  4.11256e-09
 Reference value :  4.12256e-09
 Reference value :  4.12856e-09
 Reference value :  4.13456e-09
 Reference value :  4.14256e-09
 Reference value :  4.14856e-09
 Reference value :  4.15456e-09
 Reference value :  4.16056e-09
 Reference value :  4.16656e-09
 Reference value :  4.17256e-09
 Reference value :  4.17856e-09
 Reference value :  4.18656e-09
 Reference value :  4.19256e-09
 Reference value :  4.20056e-09
 Reference value :  4.20656e-09
 Reference value :  4.21256e-09
 Reference value :  4.21856e-09
 Reference value :  4.22456e-09
 Reference value :  4.23056e-09
 Reference value :  4.23856e-09
 Reference value :  4.24456e-09
 Reference value :  4.25256e-09
 Reference value :  4.25856e-09
 Reference value :  4.26456e-09
 Reference value :  4.27056e-09
 Reference value :  4.27656e-09
 Reference value :  4.28256e-09
 Reference value :  4.28856e-09
 Reference value :  4.29456e-09
 Reference value :  4.30056e-09
 Reference value :  4.30656e-09
 Reference value :  4.31256e-09
 Reference value :  4.31856e-09
 Reference value :  4.32456e-09
 Reference value :  4.33056e-09
 Reference value :  4.33656e-09
 Reference value :  4.34456e-09
 Reference value :  4.35056e-09
 Reference value :  4.35656e-09
 Reference value :  4.36456e-09
 Reference value :  4.37256e-09
 Reference value :  4.37856e-09
 Reference value :  4.38456e-09
 Reference value :  4.39256e-09
 Reference value :  4.40056e-09
 Reference value :  4.40656e-09
 Reference value :  4.41256e-09
 Reference value :  4.41856e-09
 Reference value :  4.42656e-09
 Reference value :  4.43456e-09
 Reference value :  4.44056e-09
 Reference value :  4.44656e-09
 Reference value :  4.45256e-09
 Reference value :  4.45856e-09
 Reference value :  4.46456e-09
 Reference value :  4.47056e-09
 Reference value :  4.47856e-09
 Reference value :  4.48456e-09
 Reference value :  4.49056e-09
 Reference value :  4.49656e-09
 Reference value :  4.50256e-09
 Reference value :  4.50856e-09
 Reference value :  4.51456e-09
 Reference value :  4.52056e-09
 Reference value :  4.52856e-09
 Reference value :  4.53656e-09
 Reference value :  4.54256e-09
 Reference value :  4.54856e-09
 Reference value :  4.55456e-09
 Reference value :  4.56256e-09
 Reference value :  4.56856e-09
 Reference value :  4.57456e-09
 Reference value :  4.58056e-09
 Reference value :  4.58656e-09
 Reference value :  4.59256e-09
 Reference value :  4.59856e-09
 Reference value :  4.60456e-09
 Reference value :  4.61056e-09
 Reference value :  4.61656e-09
 Reference value :  4.62256e-09
 Reference value :  4.62856e-09
 Reference value :  4.63456e-09
 Reference value :  4.64256e-09
 Reference value :  4.64856e-09
 Reference value :  4.65456e-09
 Reference value :  4.66056e-09
 Reference value :  4.66656e-09
 Reference value :  4.67256e-09
 Reference value :  4.67856e-09
 Reference value :  4.68656e-09
 Reference value :  4.69256e-09
 Reference value :  4.69856e-09
 Reference value :  4.70656e-09
 Reference value :  4.71456e-09
 Reference value :  4.72056e-09
 Reference value :  4.72856e-09
 Reference value :  4.73656e-09
 Reference value :  4.74256e-09
 Reference value :  4.75056e-09
 Reference value :  4.75856e-09
 Reference value :  4.76456e-09
 Reference value :  4.77056e-09
 Reference value :  4.77656e-09
 Reference value :  4.78456e-09
 Reference value :  4.79056e-09
 Reference value :  4.79656e-09
 Reference value :  4.80256e-09
 Reference value :  4.81056e-09
 Reference value :  4.81856e-09
 Reference value :  4.82456e-09
 Reference value :  4.83056e-09
 Reference value :  4.83656e-09
 Reference value :  4.84256e-09
 Reference value :  4.84856e-09
 Reference value :  4.85656e-09
 Reference value :  4.86456e-09
 Reference value :  4.87056e-09
 Reference value :  4.87656e-09
 Reference value :  4.88256e-09
 Reference value :  4.88856e-09
 Reference value :  4.89456e-09
 Reference value :  4.90256e-09
 Reference value :  4.91056e-09
 Reference value :  4.91856e-09
 Reference value :  4.92456e-09
 Reference value :  4.93056e-09
 Reference value :  4.93656e-09
 Reference value :  4.94256e-09
 Reference value :  4.94856e-09
 Reference value :  4.95456e-09
 Reference value :  4.96056e-09
 Reference value :  4.96656e-09
 Reference value :  4.97456e-09
 Reference value :  4.98056e-09
 Reference value :  4.98656e-09
 Reference value :  4.99256e-09
 Reference value :  4.99828e-09
 Reference value :  5.00060e-09
 Reference value :  5.00500e-09
 Reference value :  5.01100e-09
 Reference value :  5.01700e-09
 Reference value :  5.02300e-09
 Reference value :  5.02900e-09
 Reference value :  5.03500e-09
 Reference value :  5.04100e-09
 Reference value :  5.04700e-09
 Reference value :  5.05500e-09
 Reference value :  5.06100e-09
 Reference value :  5.06900e-09
 Reference value :  5.07500e-09
 Reference value :  5.08300e-09
 Reference value :  5.08900e-09
 Reference value :  5.09500e-09
 Reference value :  5.10000e-09
 Reference value :  5.10140e-09
 Reference value :  5.10700e-09
 Reference value :  5.11300e-09
 Reference value :  5.11900e-09
 Reference value :  5.12500e-09
 Reference value :  5.13300e-09
 Reference value :  5.13900e-09
 Reference value :  5.14500e-09
 Reference value :  5.15100e-09
 Reference value :  5.15700e-09
 Reference value :  5.16500e-09
 Reference value :  5.17300e-09
 Reference value :  5.17900e-09
 Reference value :  5.18500e-09
 Reference value :  5.19100e-09
 Reference value :  5.19700e-09
 Reference value :  5.20300e-09
 Reference value :  5.20900e-09
 Reference value :  5.21500e-09
 Reference value :  5.22100e-09
 Reference value :  5.22700e-09
 Reference value :  5.23300e-09
 Reference value :  5.24100e-09
 Reference value :  5.24700e-09
 Reference value :  5.25300e-09
 Reference value :  5.25900e-09
 Reference value :  5.26500e-09
 Reference value :  5.27300e-09
 Reference value :  5.27900e-09
 Reference value :  5.28700e-09
 Reference value :  5.29500e-09
 Reference value :  5.30100e-09
 Reference value :  5.30700e-09
 Reference value :  5.31300e-09
 Reference value :  5.31900e-09
 Reference value :  5.32500e-09
 Reference value :  5.33300e-09
 Reference value :  5.33900e-09
 Reference value :  5.34500e-09
 Reference value :  5.35300e-09
 Reference value :  5.35900e-09
 Reference value :  5.36700e-09
 Reference value :  5.37300e-09
 Reference value :  5.38100e-09
 Reference value :  5.38700e-09
 Reference value :  5.39300e-09
 Reference value :  5.39900e-09
 Reference value :  5.40500e-09
 Reference value :  5.41100e-09
 Reference value :  5.41700e-09
 Reference value :  5.42300e-09
 Reference value :  5.42900e-09
 Reference value :  5.43500e-09
 Reference value :  5.44300e-09
 Reference value :  5.45100e-09
 Reference value :  5.45900e-09
 Reference value :  5.46700e-09
 Reference value :  5.47300e-09
 Reference value :  5.47900e-09
 Reference value :  5.48500e-09
 Reference value :  5.49100e-09
 Reference value :  5.49700e-09
 Reference value :  5.50300e-09
 Reference value :  5.50900e-09
 Reference value :  5.51700e-09
 Reference value :  5.52300e-09
 Reference value :  5.52900e-09
 Reference value :  5.53500e-09
 Reference value :  5.54100e-09
 Reference value :  5.54900e-09
 Reference value :  5.55700e-09
 Reference value :  5.56300e-09
 Reference value :  5.57100e-09
 Reference value :  5.57700e-09
 Reference value :  5.58300e-09
 Reference value :  5.58900e-09
 Reference value :  5.59500e-09
 Reference value :  5.60100e-09
 Reference value :  5.60700e-09
 Reference value :  5.61300e-09
 Reference value :  5.62100e-09
 Reference value :  5.62900e-09
 Reference value :  5.63500e-09
 Reference value :  5.64100e-09
 Reference value :  5.64700e-09
 Reference value :  5.65300e-09
 Reference value :  5.65900e-09
 Reference value :  5.66500e-09
 Reference value :  5.67100e-09
 Reference value :  5.67700e-09
 Reference value :  5.68300e-09
 Reference value :  5.68900e-09
 Reference value :  5.69700e-09
 Reference value :  5.70300e-09
 Reference value :  5.70900e-09
 Reference value :  5.71500e-09
 Reference value :  5.72300e-09
 Reference value :  5.72900e-09
 Reference value :  5.73500e-09
 Reference value :  5.74100e-09
 Reference value :  5.74700e-09
 Reference value :  5.75300e-09
 Reference value :  5.75900e-09
 Reference value :  5.76500e-09
 Reference value :  5.77100e-09
 Reference value :  5.77700e-09
 Reference value :  5.78300e-09
 Reference value :  5.78900e-09
 Reference value :  5.79500e-09
 Reference value :  5.80100e-09
 Reference value :  5.80700e-09
 Reference value :  5.81300e-09
 Reference value :  5.81900e-09
 Reference value :  5.82500e-09
 Reference value :  5.83100e-09
 Reference value :  5.83700e-09
 Reference value :  5.84300e-09
 Reference value :  5.85100e-09
 Reference value :  5.85700e-09
 Reference value :  5.86300e-09
 Reference value :  5.86900e-09
 Reference value :  5.87500e-09
 Reference value :  5.88100e-09
 Reference value :  5.88900e-09
 Reference value :  5.89500e-09
 Reference value :  5.90100e-09
 Reference value :  5.90700e-09
 Reference value :  5.91300e-09
 Reference value :  5.91900e-09
 Reference value :  5.92500e-09
 Reference value :  5.93300e-09
 Reference value :  5.93900e-09
 Reference value :  5.94700e-09
 Reference value :  5.95300e-09
 Reference value :  5.95900e-09
 Reference value :  5.96500e-09
 Reference value :  5.97100e-09
 Reference value :  5.97700e-09
 Reference value :  5.98300e-09
 Reference value :  5.98900e-09
 Reference value :  5.99500e-09
 Reference value :  6.00100e-09
 Reference value :  6.00900e-09
 Reference value :  6.01500e-09
 Reference value :  6.02100e-09
 Reference value :  6.02900e-09
 Reference value :  6.03700e-09
 Reference value :  6.04300e-09
 Reference value :  6.04900e-09
 Reference value :  6.05500e-09
 Reference value :  6.06300e-09
 Reference value :  6.06900e-09
 Reference value :  6.07500e-09
 Reference value :  6.08100e-09
 Reference value :  6.08700e-09
 Reference value :  6.09300e-09
 Reference value :  6.09900e-09
 Reference value :  6.10700e-09
 Reference value :  6.11300e-09
 Reference value :  6.11900e-09
 Reference value :  6.12500e-09
 Reference value :  6.13100e-09
 Reference value :  6.13700e-09
 Reference value :  6.14300e-09
 Reference value :  6.14900e-09
 Reference value :  6.15500e-09
 Reference value :  6.16100e-09
 Reference value :  6.16700e-09
 Reference value :  6.17300e-09
 Reference value :  6.17900e-09
 Reference value :  6.18500e-09
 Reference value :  6.19100e-09
 Reference value :  6.19900e-09
 Reference value :  6.20500e-09
 Reference value :  6.21100e-09
 Reference value :  6.21900e-09
 Reference value :  6.22500e-09
 Reference value :  6.23100e-09
 Reference value :  6.23700e-09
 Reference value :  6.24300e-09
 Reference value :  6.24900e-09
 Reference value :  6.25900e-09
 Reference value :  6.26500e-09
 Reference value :  6.27300e-09
 Reference value :  6.28100e-09
 Reference value :  6.28700e-09
 Reference value :  6.29300e-09
 Reference value :  6.29900e-09
 Reference value :  6.30700e-09
 Reference value :  6.31300e-09
 Reference value :  6.31900e-09
 Reference value :  6.32500e-09
 Reference value :  6.33100e-09
 Reference value :  6.33900e-09
 Reference value :  6.34500e-09
 Reference value :  6.35100e-09
 Reference value :  6.35900e-09
 Reference value :  6.36500e-09
 Reference value :  6.37100e-09
 Reference value :  6.37700e-09
 Reference value :  6.38300e-09
 Reference value :  6.39100e-09
 Reference value :  6.39700e-09
 Reference value :  6.40300e-09
 Reference value :  6.41100e-09
 Reference value :  6.41700e-09
 Reference value :  6.42300e-09
 Reference value :  6.42900e-09
 Reference value :  6.43500e-09
 Reference value :  6.44100e-09
 Reference value :  6.44700e-09
 Reference value :  6.45300e-09
 Reference value :  6.46100e-09
 Reference value :  6.46700e-09
 Reference value :  6.47300e-09
 Reference value :  6.47900e-09
 Reference value :  6.48500e-09
 Reference value :  6.49100e-09
 Reference value :  6.49700e-09
 Reference value :  6.50300e-09
 Reference value :  6.50900e-09
 Reference value :  6.51500e-09
 Reference value :  6.52100e-09
 Reference value :  6.52700e-09
 Reference value :  6.53300e-09
 Reference value :  6.53900e-09
 Reference value :  6.54500e-09
 Reference value :  6.55100e-09
 Reference value :  6.55700e-09
 Reference value :  6.56500e-09
 Reference value :  6.57100e-09
 Reference value :  6.57700e-09
 Reference value :  6.58300e-09
 Reference value :  6.59100e-09
 Reference value :  6.59700e-09
 Reference value :  6.60300e-09
 Reference value :  6.60900e-09
 Reference value :  6.61500e-09
 Reference value :  6.62300e-09
 Reference value :  6.62900e-09
 Reference value :  6.63500e-09
 Reference value :  6.64100e-09
 Reference value :  6.64700e-09
 Reference value :  6.65300e-09
 Reference value :  6.66100e-09
 Reference value :  6.66900e-09
 Reference value :  6.67500e-09
 Reference value :  6.68100e-09
 Reference value :  6.68700e-09
 Reference value :  6.69300e-09
 Reference value :  6.69900e-09
 Reference value :  6.70500e-09
 Reference value :  6.71100e-09
 Reference value :  6.71700e-09
 Reference value :  6.72300e-09
 Reference value :  6.72900e-09
 Reference value :  6.73500e-09
 Reference value :  6.74100e-09
 Reference value :  6.74700e-09
 Reference value :  6.75300e-09
 Reference value :  6.75900e-09
 Reference value :  6.76700e-09
 Reference value :  6.77300e-09
 Reference value :  6.78100e-09
 Reference value :  6.78700e-09
 Reference value :  6.79300e-09
 Reference value :  6.79900e-09
 Reference value :  6.80500e-09
 Reference value :  6.81100e-09
 Reference value :  6.81700e-09
 Reference value :  6.82300e-09
 Reference value :  6.82900e-09
 Reference value :  6.83700e-09
 Reference value :  6.84300e-09
 Reference value :  6.84900e-09
 Reference value :  6.85500e-09
 Reference value :  6.86100e-09
 Reference value :  6.86700e-09
 Reference value :  6.87500e-09
 Reference value :  6.88100e-09
 Reference value :  6.88700e-09
 Reference value :  6.89300e-09
 Reference value :  6.89900e-09
 Reference value :  6.90500e-09
 Reference value :  6.91300e-09
 Reference value :  6.91900e-09
 Reference value :  6.92500e-09
 Reference value :  6.93100e-09
 Reference value :  6.93700e-09
 Reference value :  6.94300e-09
 Reference value :  6.94900e-09
 Reference value :  6.95500e-09
 Reference value :  6.96100e-09
 Reference value :  6.96700e-09
 Reference value :  6.97300e-09
 Reference value :  6.97900e-09
 Reference value :  6.98700e-09
 Reference value :  6.99500e-09
 Reference value :  7.00100e-09
 Reference value :  7.00900e-09
 Reference value :  7.01700e-09
 Reference value :  7.02300e-09
 Reference value :  7.02900e-09
 Reference value :  7.03500e-09
 Reference value :  7.04100e-09
 Reference value :  7.04700e-09
 Reference value :  7.05300e-09
 Reference value :  7.06100e-09
 Reference value :  7.06900e-09
 Reference value :  7.07500e-09
 Reference value :  7.08100e-09
 Reference value :  7.08700e-09
 Reference value :  7.09300e-09
 Reference value :  7.09900e-09
 Reference value :  7.10500e-09
 Reference value :  7.11300e-09
 Reference value :  7.11900e-09
 Reference value :  7.12700e-09
 Reference value :  7.13300e-09
 Reference value :  7.13900e-09
 Reference value :  7.14500e-09
 Reference value :  7.15100e-09
 Reference value :  7.15700e-09
 Reference value :  7.16300e-09
 Reference value :  7.16900e-09
 Reference value :  7.17700e-09
 Reference value :  7.18300e-09
 Reference value :  7.18900e-09
 Reference value :  7.19500e-09
 Reference value :  7.20100e-09
 Reference value :  7.20700e-09
 Reference value :  7.21300e-09
 Reference value :  7.22100e-09
 Reference value :  7.22900e-09
 Reference value :  7.23500e-09
 Reference value :  7.24300e-09
 Reference value :  7.24900e-09
 Reference value :  7.25500e-09
 Reference value :  7.26100e-09
 Reference value :  7.26900e-09
 Reference value :  7.27500e-09
 Reference value :  7.28100e-09
 Reference value :  7.28700e-09
 Reference value :  7.29300e-09
 Reference value :  7.29900e-09
 Reference value :  7.30500e-09
 Reference value :  7.31100e-09
 Reference value :  7.31700e-09
 Reference value :  7.32300e-09
 Reference value :  7.32900e-09
 Reference value :  7.33500e-09
 Reference value :  7.34100e-09
 Reference value :  7.34900e-09
 Reference value :  7.35500e-09
 Reference value :  7.36300e-09
 Reference value :  7.36900e-09
 Reference value :  7.37500e-09
 Reference value :  7.38300e-09
 Reference value :  7.38900e-09
 Reference value :  7.39500e-09
 Reference value :  7.40100e-09
 Reference value :  7.40700e-09
 Reference value :  7.41300e-09
 Reference value :  7.41900e-09
 Reference value :  7.42500e-09
 Reference value :  7.43300e-09
 Reference value :  7.43900e-09
 Reference value :  7.44500e-09
 Reference value :  7.45100e-09
 Reference value :  7.45700e-09
 Reference value :  7.46300e-09
 Reference value :  7.46900e-09
 Reference value :  7.47500e-09
 Reference value :  7.48300e-09
 Reference value :  7.48900e-09
 Reference value :  7.49700e-09
 Reference value :  7.50300e-09
 Reference value :  7.50900e-09
 Reference value :  7.51500e-09
 Reference value :  7.52100e-09
 Reference value :  7.52900e-09
 Reference value :  7.53500e-09
 Reference value :  7.54100e-09
 Reference value :  7.54700e-09
 Reference value :  7.55300e-09
 Reference value :  7.55900e-09
 Reference value :  7.56700e-09
 Reference value :  7.57500e-09
 Reference value :  7.58300e-09
 Reference value :  7.58900e-09
 Reference value :  7.59500e-09
 Reference value :  7.60000e-09
No. of Data Rows : 3814
Note: Simulation executed from .control section 
