
Note: Compatibility modes selected: hs a


Circuit: * comparator-decision offset pick-off -- vindiff=0.0mv corner=tt temp=27.0c seed=15 (issue #9)

option SCALE: Scale is set to 1e-06 for instance and model parameters
option SCALE: Scale is set to 1e-06 for instance and model parameters
option SCALE: Scale is set to 1e-06 for instance and model parameters
option SCALE: Scale is set to 1e-06 for instance and model parameters
Doing analysis at TEMP = 27.000000 and TNOM = 27.000000

Using KLU as Direct Linear Solver
 Reference value :  0.00000e+00
 Reference value :  1.60000e-13
 Reference value :  1.28000e-12
 Reference value :  6.56000e-12
 Reference value :  1.45600e-11
 Reference value :  2.05600e-11
 Reference value :  2.65600e-11
 Reference value :  3.25600e-11
 Reference value :  4.25600e-11
 Reference value :  5.05600e-11
 Reference value :  5.65600e-11
 Reference value :  6.45600e-11
 Reference value :  7.05600e-11
 Reference value :  7.85600e-11
 Reference value :  8.65600e-11
 Reference value :  9.65600e-11
 Reference value :  1.04560e-10
 Reference value :  1.12560e-10
 Reference value :  1.18560e-10
 Reference value :  1.26560e-10
 Reference value :  1.32560e-10
 Reference value :  1.40560e-10
 Reference value :  1.48560e-10
 Reference value :  1.54560e-10
 Reference value :  1.62560e-10
 Reference value :  1.68560e-10
 Reference value :  1.76560e-10
 Reference value :  1.84560e-10
 Reference value :  1.92560e-10
 Reference value :  2.00560e-10
 Reference value :  2.08560e-10
 Reference value :  2.16560e-10
 Reference value :  2.24560e-10
 Reference value :  2.30560e-10
 Reference value :  2.38560e-10
 Reference value :  2.46560e-10
 Reference value :  2.52560e-10
 Reference value :  2.60560e-10
 Reference value :  2.66560e-10
 Reference value :  2.74560e-10
 Reference value :  2.82560e-10
 Reference value :  2.90560e-10
 Reference value :  2.98560e-10
 Reference value :  3.06560e-10
 Reference value :  3.14560e-10
 Reference value :  3.22560e-10
 Reference value :  3.30560e-10
 Reference value :  3.38560e-10
 Reference value :  3.46560e-10
 Reference value :  3.54560e-10
 Reference value :  3.62560e-10
 Reference value :  3.68560e-10
 Reference value :  3.74560e-10
 Reference value :  3.82560e-10
 Reference value :  3.88560e-10
 Reference value :  3.94560e-10
 Reference value :  4.00560e-10
 Reference value :  4.08560e-10
 Reference value :  4.16560e-10
 Reference value :  4.22560e-10
 Reference value :  4.32560e-10
 Reference value :  4.38560e-10
 Reference value :  4.44560e-10
 Reference value :  4.52560e-10
 Reference value :  4.60560e-10
 Reference value :  4.66560e-10
 Reference value :  4.74560e-10
 Reference value :  4.82560e-10
 Reference value :  4.90560e-10
 Reference value :  4.98560e-10
 Reference value :  5.04560e-10
 Reference value :  5.12560e-10
 Reference value :  5.18560e-10
 Reference value :  5.26560e-10
 Reference value :  5.32560e-10
 Reference value :  5.40560e-10
 Reference value :  5.46560e-10
 Reference value :  5.54560e-10
 Reference value :  5.62560e-10
 Reference value :  5.70560e-10
 Reference value :  5.76560e-10
 Reference value :  5.82560e-10
 Reference value :  5.90560e-10
 Reference value :  5.96560e-10
 Reference value :  6.04560e-10
 Reference value :  6.10560e-10
 Reference value :  6.16560e-10
 Reference value :  6.24560e-10
 Reference value :  6.30560e-10
 Reference value :  6.38560e-10
 Reference value :  6.44560e-10
 Reference value :  6.50560e-10
 Reference value :  6.56560e-10
 Reference value :  6.62560e-10
 Reference value :  6.70560e-10
 Reference value :  6.78560e-10
 Reference value :  6.84560e-10
 Reference value :  6.90560e-10
 Reference value :  6.98560e-10
 Reference value :  7.04560e-10
 Reference value :  7.10560e-10
 Reference value :  7.18560e-10
 Reference value :  7.26560e-10
 Reference value :  7.34560e-10
 Reference value :  7.40560e-10
 Reference value :  7.48560e-10
 Reference value :  7.54560e-10
 Reference value :  7.60560e-10
 Reference value :  7.66560e-10
 Reference value :  7.74560e-10
 Reference value :  7.82560e-10
 Reference value :  7.90560e-10
 Reference value :  7.96560e-10
 Reference value :  8.02560e-10
 Reference value :  8.08560e-10
 Reference value :  8.14560e-10
 Reference value :  8.20560e-10
 Reference value :  8.28560e-10
 Reference value :  8.34560e-10
 Reference value :  8.42560e-10
 Reference value :  8.48560e-10
 Reference value :  8.56560e-10
 Reference value :  8.62560e-10
 Reference value :  8.70560e-10
 Reference value :  8.76560e-10
 Reference value :  8.82560e-10
 Reference value :  8.90560e-10
 Reference value :  8.96560e-10
 Reference value :  9.04560e-10
 Reference value :  9.10560e-10
 Reference value :  9.16560e-10
 Reference value :  9.24560e-10
 Reference value :  9.30560e-10
 Reference value :  9.36560e-10
 Reference value :  9.44560e-10
 Reference value :  9.50560e-10
 Reference value :  9.58560e-10
 Reference value :  9.66560e-10
 Reference value :  9.72560e-10
 Reference value :  9.80560e-10
 Reference value :  9.88560e-10
 Reference value :  9.94560e-10
 Reference value :  1.00256e-09
 Reference value :  1.01056e-09
 Reference value :  1.01656e-09
 Reference value :  1.02256e-09
 Reference value :  1.03056e-09
 Reference value :  1.03856e-09
 Reference value :  1.04456e-09
 Reference value :  1.05256e-09
 Reference value :  1.06256e-09
 Reference value :  1.07056e-09
 Reference value :  1.07856e-09
 Reference value :  1.08656e-09
 Reference value :  1.09256e-09
 Reference value :  1.09856e-09
 Reference value :  1.10456e-09
 Reference value :  1.11056e-09
 Reference value :  1.11656e-09
 Reference value :  1.12456e-09
 Reference value :  1.13056e-09
 Reference value :  1.13856e-09
 Reference value :  1.14456e-09
 Reference value :  1.15256e-09
 Reference value :  1.16056e-09
 Reference value :  1.16656e-09
 Reference value :  1.17456e-09
 Reference value :  1.18056e-09
 Reference value :  1.18856e-09
 Reference value :  1.19656e-09
 Reference value :  1.20456e-09
 Reference value :  1.21056e-09
 Reference value :  1.21656e-09
 Reference value :  1.22256e-09
 Reference value :  1.22856e-09
 Reference value :  1.23656e-09
 Reference value :  1.24256e-09
 Reference value :  1.24856e-09
 Reference value :  1.25456e-09
 Reference value :  1.26056e-09
 Reference value :  1.26856e-09
 Reference value :  1.27456e-09
 Reference value :  1.28056e-09
 Reference value :  1.28856e-09
 Reference value :  1.29656e-09
 Reference value :  1.30256e-09
 Reference value :  1.30856e-09
 Reference value :  1.31456e-09
 Reference value :  1.32056e-09
 Reference value :  1.32656e-09
 Reference value :  1.33256e-09
 Reference value :  1.34056e-09
 Reference value :  1.34656e-09
 Reference value :  1.35456e-09
 Reference value :  1.36056e-09
 Reference value :  1.36656e-09
 Reference value :  1.37456e-09
 Reference value :  1.38256e-09
 Reference value :  1.38856e-09
 Reference value :  1.39456e-09
 Reference value :  1.40256e-09
 Reference value :  1.40856e-09
 Reference value :  1.41656e-09
 Reference value :  1.42256e-09
 Reference value :  1.42856e-09
 Reference value :  1.43656e-09
 Reference value :  1.44256e-09
 Reference value :  1.44856e-09
 Reference value :  1.45456e-09
 Reference value :  1.46256e-09
 Reference value :  1.46856e-09
 Reference value :  1.47656e-09
 Reference value :  1.48256e-09
 Reference value :  1.48856e-09
 Reference value :  1.49456e-09
 Reference value :  1.50056e-09
 Reference value :  1.50656e-09
 Reference value :  1.51256e-09
 Reference value :  1.52056e-09
 Reference value :  1.52856e-09
 Reference value :  1.53656e-09
 Reference value :  1.54256e-09
 Reference value :  1.54856e-09
 Reference value :  1.55656e-09
 Reference value :  1.56256e-09
 Reference value :  1.57056e-09
 Reference value :  1.57656e-09
 Reference value :  1.58256e-09
 Reference value :  1.59056e-09
 Reference value :  1.59656e-09
 Reference value :  1.60256e-09
 Reference value :  1.61056e-09
 Reference value :  1.61656e-09
 Reference value :  1.62256e-09
 Reference value :  1.62856e-09
 Reference value :  1.63456e-09
 Reference value :  1.64056e-09
 Reference value :  1.64856e-09
 Reference value :  1.65456e-09
 Reference value :  1.66056e-09
 Reference value :  1.66856e-09
 Reference value :  1.67456e-09
 Reference value :  1.68056e-09
 Reference value :  1.68856e-09
 Reference value :  1.69656e-09
 Reference value :  1.70256e-09
 Reference value :  1.70856e-09
 Reference value :  1.71456e-09
 Reference value :  1.72056e-09
 Reference value :  1.72656e-09
 Reference value :  1.73256e-09
 Reference value :  1.73856e-09
 Reference value :  1.74656e-09
 Reference value :  1.75256e-09
 Reference value :  1.75856e-09
 Reference value :  1.76456e-09
 Reference value :  1.77256e-09
 Reference value :  1.78056e-09
 Reference value :  1.78656e-09
 Reference value :  1.79256e-09
 Reference value :  1.79856e-09
 Reference value :  1.80456e-09
 Reference value :  1.81056e-09
 Reference value :  1.81656e-09
 Reference value :  1.82256e-09
 Reference value :  1.82856e-09
 Reference value :  1.83456e-09
 Reference value :  1.84056e-09
 Reference value :  1.84656e-09
 Reference value :  1.85256e-09
 Reference value :  1.85856e-09
 Reference value :  1.86456e-09
 Reference value :  1.87056e-09
 Reference value :  1.87656e-09
 Reference value :  1.88256e-09
 Reference value :  1.88856e-09
 Reference value :  1.89456e-09
 Reference value :  1.90056e-09
 Reference value :  1.90656e-09
 Reference value :  1.91256e-09
 Reference value :  1.91856e-09
 Reference value :  1.92456e-09
 Reference value :  1.93056e-09
 Reference value :  1.93856e-09
 Reference value :  1.94656e-09
 Reference value :  1.95456e-09
 Reference value :  1.96256e-09
 Reference value :  1.96856e-09
 Reference value :  1.97456e-09
 Reference value :  1.98256e-09
 Reference value :  1.98856e-09
 Reference value :  1.99656e-09
 Reference value :  2.00456e-09
 Reference value :  2.01256e-09
 Reference value :  2.01856e-09
 Reference value :  2.02456e-09
 Reference value :  2.03056e-09
 Reference value :  2.03656e-09
 Reference value :  2.04456e-09
 Reference value :  2.05256e-09
 Reference value :  2.05856e-09
 Reference value :  2.06656e-09
 Reference value :  2.07456e-09
 Reference value :  2.08056e-09
 Reference value :  2.08656e-09
 Reference value :  2.09256e-09
 Reference value :  2.09856e-09
 Reference value :  2.10456e-09
 Reference value :  2.11256e-09
 Reference value :  2.11856e-09
 Reference value :  2.12456e-09
 Reference value :  2.13056e-09
 Reference value :  2.13856e-09
 Reference value :  2.14456e-09
 Reference value :  2.15056e-09
 Reference value :  2.15856e-09
 Reference value :  2.16456e-09
 Reference value :  2.17256e-09
 Reference value :  2.18056e-09
 Reference value :  2.18856e-09
 Reference value :  2.19456e-09
 Reference value :  2.20256e-09
 Reference value :  2.21056e-09
 Reference value :  2.21656e-09
 Reference value :  2.22456e-09
 Reference value :  2.23056e-09
 Reference value :  2.23656e-09
 Reference value :  2.24256e-09
 Reference value :  2.24856e-09
 Reference value :  2.25456e-09
 Reference value :  2.26256e-09
 Reference value :  2.27056e-09
 Reference value :  2.27656e-09
 Reference value :  2.28256e-09
 Reference value :  2.28856e-09
 Reference value :  2.29456e-09
 Reference value :  2.30256e-09
 Reference value :  2.31056e-09
 Reference value :  2.31856e-09
 Reference value :  2.32456e-09
 Reference value :  2.33056e-09
 Reference value :  2.33856e-09
 Reference value :  2.34456e-09
 Reference value :  2.35056e-09
 Reference value :  2.35856e-09
 Reference value :  2.36456e-09
 Reference value :  2.37256e-09
 Reference value :  2.37856e-09
 Reference value :  2.38456e-09
 Reference value :  2.39056e-09
 Reference value :  2.39656e-09
 Reference value :  2.40456e-09
 Reference value :  2.41256e-09
 Reference value :  2.42056e-09
 Reference value :  2.42856e-09
 Reference value :  2.43456e-09
 Reference value :  2.44256e-09
 Reference value :  2.44856e-09
 Reference value :  2.45656e-09
 Reference value :  2.46456e-09
 Reference value :  2.47056e-09
 Reference value :  2.47856e-09
 Reference value :  2.48456e-09
 Reference value :  2.49056e-09
 Reference value :  2.49856e-09
 Reference value :  2.50656e-09
 Reference value :  2.51256e-09
 Reference value :  2.52056e-09
 Reference value :  2.52856e-09
 Reference value :  2.53456e-09
 Reference value :  2.54256e-09
 Reference value :  2.54856e-09
 Reference value :  2.55456e-09
 Reference value :  2.56056e-09
 Reference value :  2.57056e-09
 Reference value :  2.57856e-09
 Reference value :  2.58656e-09
 Reference value :  2.59256e-09
 Reference value :  2.60256e-09
 Reference value :  2.61056e-09
 Reference value :  2.61656e-09
 Reference value :  2.62256e-09
 Reference value :  2.63056e-09
 Reference value :  2.63856e-09
 Reference value :  2.64656e-09
 Reference value :  2.65256e-09
 Reference value :  2.65856e-09
 Reference value :  2.66456e-09
 Reference value :  2.67056e-09
 Reference value :  2.67656e-09
 Reference value :  2.68256e-09
 Reference value :  2.68856e-09
 Reference value :  2.69656e-09
 Reference value :  2.70456e-09
 Reference value :  2.71056e-09
 Reference value :  2.71856e-09
 Reference value :  2.72656e-09
 Reference value :  2.73256e-09
 Reference value :  2.73856e-09
 Reference value :  2.74456e-09
 Reference value :  2.75256e-09
 Reference value :  2.76056e-09
 Reference value :  2.76856e-09
 Reference value :  2.77456e-09
 Reference value :  2.78256e-09
 Reference value :  2.79056e-09
 Reference value :  2.79856e-09
 Reference value :  2.80456e-09
 Reference value :  2.81056e-09
 Reference value :  2.81656e-09
 Reference value :  2.82456e-09
 Reference value :  2.83256e-09
 Reference value :  2.83856e-09
 Reference value :  2.84656e-09
 Reference value :  2.85256e-09
 Reference value :  2.85856e-09
 Reference value :  2.86456e-09
 Reference value :  2.87056e-09
 Reference value :  2.87656e-09
 Reference value :  2.88456e-09
 Reference value :  2.89056e-09
 Reference value :  2.89656e-09
 Reference value :  2.90256e-09
 Reference value :  2.90856e-09
 Reference value :  2.91456e-09
 Reference value :  2.92056e-09
 Reference value :  2.92656e-09
 Reference value :  2.93256e-09
 Reference value :  2.93856e-09
 Reference value :  2.94656e-09
 Reference value :  2.95256e-09
 Reference value :  2.95856e-09
 Reference value :  2.96656e-09
 Reference value :  2.97256e-09
 Reference value :  2.98056e-09
 Reference value :  2.98856e-09
 Reference value :  2.99656e-09
 Reference value :  3.00256e-09
 Reference value :  3.01056e-09
 Reference value :  3.01656e-09
 Reference value :  3.02456e-09
 Reference value :  3.03056e-09
 Reference value :  3.03656e-09
 Reference value :  3.04456e-09
 Reference value :  3.05056e-09
 Reference value :  3.05856e-09
 Reference value :  3.06456e-09
 Reference value :  3.07056e-09
 Reference value :  3.07656e-09
 Reference value :  3.08256e-09
 Reference value :  3.09056e-09
 Reference value :  3.09856e-09
 Reference value :  3.10456e-09
 Reference value :  3.11056e-09
 Reference value :  3.11856e-09
 Reference value :  3.12456e-09
 Reference value :  3.13256e-09
 Reference value :  3.13856e-09
 Reference value :  3.14656e-09
 Reference value :  3.15256e-09
 Reference value :  3.16056e-09
 Reference value :  3.16856e-09
 Reference value :  3.17456e-09
 Reference value :  3.18056e-09
 Reference value :  3.18856e-09
 Reference value :  3.19456e-09
 Reference value :  3.20256e-09
 Reference value :  3.20856e-09
 Reference value :  3.21456e-09
 Reference value :  3.22056e-09
 Reference value :  3.22656e-09
 Reference value :  3.23256e-09
 Reference value :  3.23856e-09
 Reference value :  3.24656e-09
 Reference value :  3.25456e-09
 Reference value :  3.26256e-09
 Reference value :  3.26856e-09
 Reference value :  3.27456e-09
 Reference value :  3.28256e-09
 Reference value :  3.28856e-09
 Reference value :  3.29656e-09
 Reference value :  3.30456e-09
 Reference value :  3.31256e-09
 Reference value :  3.31856e-09
 Reference value :  3.32456e-09
 Reference value :  3.33256e-09
 Reference value :  3.33856e-09
 Reference value :  3.34456e-09
 Reference value :  3.35056e-09
 Reference value :  3.35856e-09
 Reference value :  3.36656e-09
 Reference value :  3.37456e-09
 Reference value :  3.38056e-09
 Reference value :  3.38856e-09
 Reference value :  3.39656e-09
 Reference value :  3.40456e-09
 Reference value :  3.41256e-09
 Reference value :  3.42056e-09
 Reference value :  3.42656e-09
 Reference value :  3.43256e-09
 Reference value :  3.43856e-09
 Reference value :  3.44456e-09
 Reference value :  3.45256e-09
 Reference value :  3.46056e-09
 Reference value :  3.46656e-09
 Reference value :  3.47256e-09
 Reference value :  3.47856e-09
 Reference value :  3.48656e-09
 Reference value :  3.49456e-09
 Reference value :  3.50256e-09
 Reference value :  3.51056e-09
 Reference value :  3.51656e-09
 Reference value :  3.52256e-09
 Reference value :  3.52856e-09
 Reference value :  3.53456e-09
 Reference value :  3.54256e-09
 Reference value :  3.55056e-09
 Reference value :  3.55856e-09
 Reference value :  3.56656e-09
 Reference value :  3.57256e-09
 Reference value :  3.58056e-09
 Reference value :  3.58856e-09
 Reference value :  3.59656e-09
 Reference value :  3.60456e-09
 Reference value :  3.61256e-09
 Reference value :  3.62056e-09
 Reference value :  3.62656e-09
 Reference value :  3.63456e-09
 Reference value :  3.64056e-09
 Reference value :  3.64656e-09
 Reference value :  3.65456e-09
 Reference value :  3.66056e-09
 Reference value :  3.66856e-09
 Reference value :  3.67456e-09
 Reference value :  3.68056e-09
 Reference value :  3.68856e-09
 Reference value :  3.69656e-09
 Reference value :  3.70456e-09
 Reference value :  3.71256e-09
 Reference value :  3.72056e-09
 Reference value :  3.73056e-09
 Reference value :  3.73656e-09
 Reference value :  3.74256e-09
 Reference value :  3.74856e-09
 Reference value :  3.75456e-09
 Reference value :  3.76256e-09
 Reference value :  3.77056e-09
 Reference value :  3.77856e-09
 Reference value :  3.78456e-09
 Reference value :  3.79256e-09
 Reference value :  3.79856e-09
 Reference value :  3.80456e-09
 Reference value :  3.81256e-09
 Reference value :  3.81856e-09
 Reference value :  3.82656e-09
 Reference value :  3.83256e-09
 Reference value :  3.83856e-09
 Reference value :  3.84656e-09
 Reference value :  3.85256e-09
 Reference value :  3.85856e-09
 Reference value :  3.86656e-09
 Reference value :  3.87256e-09
 Reference value :  3.88056e-09
 Reference value :  3.88856e-09
 Reference value :  3.89656e-09
 Reference value :  3.90256e-09
 Reference value :  3.90856e-09
 Reference value :  3.91456e-09
 Reference value :  3.92056e-09
 Reference value :  3.92656e-09
 Reference value :  3.93256e-09
 Reference value :  3.93856e-09
 Reference value :  3.94456e-09
 Reference value :  3.95456e-09
 Reference value :  3.96256e-09
 Reference value :  3.96856e-09
 Reference value :  3.97656e-09
 Reference value :  3.98456e-09
 Reference value :  3.99256e-09
 Reference value :  4.00056e-09
 Reference value :  4.00656e-09
 Reference value :  4.01256e-09
 Reference value :  4.01856e-09
 Reference value :  4.02456e-09
 Reference value :  4.03056e-09
 Reference value :  4.03856e-09
 Reference value :  4.04656e-09
 Reference value :  4.05456e-09
 Reference value :  4.06056e-09
 Reference value :  4.06856e-09
 Reference value :  4.07656e-09
 Reference value :  4.08656e-09
 Reference value :  4.09456e-09
 Reference value :  4.10256e-09
 Reference value :  4.11256e-09
 Reference value :  4.12256e-09
 Reference value :  4.13056e-09
 Reference value :  4.13656e-09
 Reference value :  4.14256e-09
 Reference value :  4.15056e-09
 Reference value :  4.15656e-09
 Reference value :  4.16456e-09
 Reference value :  4.17056e-09
 Reference value :  4.17856e-09
 Reference value :  4.18656e-09
 Reference value :  4.19456e-09
 Reference value :  4.20456e-09
 Reference value :  4.21256e-09
 Reference value :  4.22056e-09
 Reference value :  4.22856e-09
 Reference value :  4.23656e-09
 Reference value :  4.24456e-09
 Reference value :  4.25456e-09
 Reference value :  4.26456e-09
 Reference value :  4.27256e-09
 Reference value :  4.28256e-09
 Reference value :  4.29056e-09
 Reference value :  4.29656e-09
 Reference value :  4.30456e-09
 Reference value :  4.31256e-09
 Reference value :  4.32056e-09
 Reference value :  4.32856e-09
 Reference value :  4.33656e-09
 Reference value :  4.34256e-09
 Reference value :  4.34856e-09
 Reference value :  4.35656e-09
 Reference value :  4.36456e-09
 Reference value :  4.37256e-09
 Reference value :  4.38056e-09
 Reference value :  4.38656e-09
 Reference value :  4.39256e-09
 Reference value :  4.39856e-09
 Reference value :  4.40456e-09
 Reference value :  4.41256e-09
 Reference value :  4.42256e-09
 Reference value :  4.42856e-09
 Reference value :  4.43656e-09
 Reference value :  4.44456e-09
 Reference value :  4.45256e-09
 Reference value :  4.46056e-09
 Reference value :  4.46656e-09
 Reference value :  4.47256e-09
 Reference value :  4.48056e-09
 Reference value :  4.48656e-09
 Reference value :  4.49456e-09
 Reference value :  4.50056e-09
 Reference value :  4.50656e-09
 Reference value :  4.51256e-09
 Reference value :  4.52056e-09
 Reference value :  4.52656e-09
 Reference value :  4.53256e-09
 Reference value :  4.54056e-09
 Reference value :  4.54856e-09
 Reference value :  4.55456e-09
 Reference value :  4.56056e-09
 Reference value :  4.56656e-09
 Reference value :  4.57456e-09
 Reference value :  4.58056e-09
 Reference value :  4.58656e-09
 Reference value :  4.59256e-09
 Reference value :  4.60056e-09
 Reference value :  4.60656e-09
 Reference value :  4.61256e-09
 Reference value :  4.61856e-09
 Reference value :  4.62456e-09
 Reference value :  4.63256e-09
 Reference value :  4.64056e-09
 Reference value :  4.64856e-09
 Reference value :  4.65656e-09
 Reference value :  4.66456e-09
 Reference value :  4.67056e-09
 Reference value :  4.67656e-09
 Reference value :  4.68456e-09
 Reference value :  4.69256e-09
 Reference value :  4.69856e-09
 Reference value :  4.70656e-09
 Reference value :  4.71256e-09
 Reference value :  4.71856e-09
 Reference value :  4.72456e-09
 Reference value :  4.73256e-09
 Reference value :  4.73856e-09
 Reference value :  4.74456e-09
 Reference value :  4.75056e-09
 Reference value :  4.75856e-09
 Reference value :  4.76656e-09
 Reference value :  4.77456e-09
 Reference value :  4.78056e-09
 Reference value :  4.78856e-09
 Reference value :  4.79456e-09
 Reference value :  4.80256e-09
 Reference value :  4.81056e-09
 Reference value :  4.81656e-09
 Reference value :  4.82256e-09
 Reference value :  4.82856e-09
 Reference value :  4.83456e-09
 Reference value :  4.84056e-09
 Reference value :  4.84656e-09
 Reference value :  4.85256e-09
 Reference value :  4.86056e-09
 Reference value :  4.86656e-09
 Reference value :  4.87256e-09
 Reference value :  4.88056e-09
 Reference value :  4.88656e-09
 Reference value :  4.89256e-09
 Reference value :  4.89856e-09
 Reference value :  4.90656e-09
 Reference value :  4.91256e-09
 Reference value :  4.92056e-09
 Reference value :  4.92856e-09
 Reference value :  4.93456e-09
 Reference value :  4.94056e-09
 Reference value :  4.94856e-09
 Reference value :  4.95456e-09
 Reference value :  4.96056e-09
 Reference value :  4.96656e-09
 Reference value :  4.97256e-09
 Reference value :  4.97856e-09
 Reference value :  4.98456e-09
 Reference value :  4.99056e-09
 Reference value :  5.00000e-09
 Reference value :  5.00140e-09
 Reference value :  5.00700e-09
 Reference value :  5.01500e-09
 Reference value :  5.02300e-09
 Reference value :  5.03100e-09
 Reference value :  5.03700e-09
 Reference value :  5.04500e-09
 Reference value :  5.05300e-09
 Reference value :  5.06100e-09
 Reference value :  5.06900e-09
 Reference value :  5.07700e-09
 Reference value :  5.08700e-09
 Reference value :  5.09500e-09
 Reference value :  5.10020e-09
 Reference value :  5.10500e-09
 Reference value :  5.11100e-09
 Reference value :  5.11900e-09
 Reference value :  5.12500e-09
 Reference value :  5.13300e-09
 Reference value :  5.13900e-09
 Reference value :  5.14900e-09
 Reference value :  5.15500e-09
 Reference value :  5.16100e-09
 Reference value :  5.16700e-09
 Reference value :  5.17500e-09
 Reference value :  5.18300e-09
 Reference value :  5.18900e-09
 Reference value :  5.19500e-09
 Reference value :  5.20300e-09
 Reference value :  5.21100e-09
 Reference value :  5.21900e-09
 Reference value :  5.22500e-09
 Reference value :  5.23300e-09
 Reference value :  5.24100e-09
 Reference value :  5.24700e-09
 Reference value :  5.25300e-09
 Reference value :  5.25900e-09
 Reference value :  5.26700e-09
 Reference value :  5.27500e-09
 Reference value :  5.28300e-09
 Reference value :  5.29100e-09
 Reference value :  5.29900e-09
 Reference value :  5.30500e-09
 Reference value :  5.31100e-09
 Reference value :  5.31900e-09
 Reference value :  5.32500e-09
 Reference value :  5.33300e-09
 Reference value :  5.33900e-09
 Reference value :  5.34500e-09
 Reference value :  5.35100e-09
 Reference value :  5.35700e-09
 Reference value :  5.36500e-09
 Reference value :  5.37100e-09
 Reference value :  5.37700e-09
 Reference value :  5.38500e-09
 Reference value :  5.39300e-09
 Reference value :  5.40100e-09
 Reference value :  5.40900e-09
 Reference value :  5.41700e-09
 Reference value :  5.42300e-09
 Reference value :  5.42900e-09
 Reference value :  5.43700e-09
 Reference value :  5.44500e-09
 Reference value :  5.45100e-09
 Reference value :  5.45900e-09
 Reference value :  5.46500e-09
 Reference value :  5.47300e-09
 Reference value :  5.47900e-09
 Reference value :  5.48500e-09
 Reference value :  5.49100e-09
 Reference value :  5.49700e-09
 Reference value :  5.50500e-09
 Reference value :  5.51100e-09
 Reference value :  5.51900e-09
 Reference value :  5.52500e-09
 Reference value :  5.53300e-09
 Reference value :  5.53900e-09
 Reference value :  5.54700e-09
 Reference value :  5.55500e-09
 Reference value :  5.56100e-09
 Reference value :  5.56900e-09
 Reference value :  5.57500e-09
 Reference value :  5.58300e-09
 Reference value :  5.59100e-09
 Reference value :  5.59700e-09
 Reference value :  5.60500e-09
 Reference value :  5.61100e-09
 Reference value :  5.61900e-09
 Reference value :  5.62500e-09
 Reference value :  5.63100e-09
 Reference value :  5.63700e-09
 Reference value :  5.64500e-09
 Reference value :  5.65300e-09
 Reference value :  5.66100e-09
 Reference value :  5.66700e-09
 Reference value :  5.67500e-09
 Reference value :  5.68100e-09
 Reference value :  5.68700e-09
 Reference value :  5.69300e-09
 Reference value :  5.69900e-09
 Reference value :  5.70500e-09
 Reference value :  5.71300e-09
 Reference value :  5.72100e-09
 Reference value :  5.72900e-09
 Reference value :  5.73700e-09
 Reference value :  5.74300e-09
 Reference value :  5.74900e-09
 Reference value :  5.75500e-09
 Reference value :  5.76100e-09
 Reference value :  5.76700e-09
 Reference value :  5.77300e-09
 Reference value :  5.77900e-09
 Reference value :  5.78700e-09
 Reference value :  5.79300e-09
 Reference value :  5.80100e-09
 Reference value :  5.80900e-09
 Reference value :  5.81500e-09
 Reference value :  5.82300e-09
 Reference value :  5.82900e-09
 Reference value :  5.83700e-09
 Reference value :  5.84300e-09
 Reference value :  5.84900e-09
 Reference value :  5.85500e-09
 Reference value :  5.86300e-09
 Reference value :  5.87100e-09
 Reference value :  5.87900e-09
 Reference value :  5.88500e-09
 Reference value :  5.89300e-09
 Reference value :  5.89900e-09
 Reference value :  5.90500e-09
 Reference value :  5.91300e-09
 Reference value :  5.91900e-09
 Reference value :  5.92500e-09
 Reference value :  5.93100e-09
 Reference value :  5.93700e-09
 Reference value :  5.94500e-09
 Reference value :  5.95300e-09
 Reference value :  5.96100e-09
 Reference value :  5.96700e-09
 Reference value :  5.97300e-09
 Reference value :  5.98100e-09
 Reference value :  5.98700e-09
 Reference value :  5.99300e-09
 Reference value :  5.99900e-09
 Reference value :  6.00500e-09
 Reference value :  6.01100e-09
 Reference value :  6.01700e-09
 Reference value :  6.02300e-09
 Reference value :  6.02900e-09
 Reference value :  6.03500e-09
 Reference value :  6.04100e-09
 Reference value :  6.04700e-09
 Reference value :  6.05300e-09
 Reference value :  6.05900e-09
 Reference value :  6.06700e-09
 Reference value :  6.07300e-09
 Reference value :  6.07900e-09
 Reference value :  6.08500e-09
 Reference value :  6.09100e-09
 Reference value :  6.09700e-09
 Reference value :  6.10500e-09
 Reference value :  6.11300e-09
 Reference value :  6.11900e-09
 Reference value :  6.12700e-09
 Reference value :  6.13500e-09
 Reference value :  6.14100e-09
 Reference value :  6.14700e-09
 Reference value :  6.15300e-09
 Reference value :  6.15900e-09
 Reference value :  6.16700e-09
 Reference value :  6.17300e-09
 Reference value :  6.17900e-09
 Reference value :  6.18500e-09
 Reference value :  6.19100e-09
 Reference value :  6.19700e-09
 Reference value :  6.20300e-09
 Reference value :  6.21100e-09
 Reference value :  6.21900e-09
 Reference value :  6.22700e-09
 Reference value :  6.23500e-09
 Reference value :  6.24300e-09
 Reference value :  6.25100e-09
 Reference value :  6.25900e-09
 Reference value :  6.26900e-09
 Reference value :  6.27700e-09
 Reference value :  6.28500e-09
 Reference value :  6.29300e-09
 Reference value :  6.30100e-09
 Reference value :  6.30700e-09
 Reference value :  6.31500e-09
 Reference value :  6.32300e-09
 Reference value :  6.32900e-09
 Reference value :  6.33700e-09
 Reference value :  6.34500e-09
 Reference value :  6.35100e-09
 Reference value :  6.35700e-09
 Reference value :  6.36500e-09
 Reference value :  6.37300e-09
 Reference value :  6.38100e-09
 Reference value :  6.38900e-09
 Reference value :  6.39500e-09
 Reference value :  6.40100e-09
 Reference value :  6.40900e-09
 Reference value :  6.41500e-09
 Reference value :  6.42100e-09
 Reference value :  6.42700e-09
 Reference value :  6.43500e-09
 Reference value :  6.44100e-09
 Reference value :  6.44700e-09
 Reference value :  6.45500e-09
 Reference value :  6.46100e-09
 Reference value :  6.46900e-09
 Reference value :  6.47700e-09
 Reference value :  6.48500e-09
 Reference value :  6.49100e-09
 Reference value :  6.49700e-09
 Reference value :  6.50300e-09
 Reference value :  6.51100e-09
 Reference value :  6.51900e-09
 Reference value :  6.52700e-09
 Reference value :  6.53500e-09
 Reference value :  6.54100e-09
 Reference value :  6.54900e-09
 Reference value :  6.55700e-09
 Reference value :  6.56300e-09
 Reference value :  6.57100e-09
 Reference value :  6.57700e-09
 Reference value :  6.58500e-09
 Reference value :  6.59500e-09
 Reference value :  6.60300e-09
 Reference value :  6.61100e-09
 Reference value :  6.61700e-09
 Reference value :  6.62500e-09
 Reference value :  6.63100e-09
 Reference value :  6.63900e-09
 Reference value :  6.64500e-09
 Reference value :  6.65300e-09
 Reference value :  6.66300e-09
 Reference value :  6.67100e-09
 Reference value :  6.67700e-09
 Reference value :  6.68300e-09
 Reference value :  6.69100e-09
 Reference value :  6.69700e-09
 Reference value :  6.70500e-09
 Reference value :  6.71300e-09
 Reference value :  6.72100e-09
 Reference value :  6.72700e-09
 Reference value :  6.73300e-09
 Reference value :  6.74100e-09
 Reference value :  6.74700e-09
 Reference value :  6.75300e-09
 Reference value :  6.76100e-09
 Reference value :  6.76700e-09
 Reference value :  6.77300e-09
 Reference value :  6.77900e-09
 Reference value :  6.78500e-09
 Reference value :  6.79300e-09
 Reference value :  6.80100e-09
 Reference value :  6.80900e-09
 Reference value :  6.81500e-09
 Reference value :  6.82300e-09
 Reference value :  6.83100e-09
 Reference value :  6.83700e-09
 Reference value :  6.84300e-09
 Reference value :  6.84900e-09
 Reference value :  6.85500e-09
 Reference value :  6.86100e-09
 Reference value :  6.86900e-09
 Reference value :  6.87500e-09
 Reference value :  6.88300e-09
 Reference value :  6.88900e-09
 Reference value :  6.89500e-09
 Reference value :  6.90300e-09
 Reference value :  6.90900e-09
 Reference value :  6.91500e-09
 Reference value :  6.92100e-09
 Reference value :  6.92700e-09
 Reference value :  6.93500e-09
 Reference value :  6.94300e-09
 Reference value :  6.95100e-09
 Reference value :  6.95700e-09
 Reference value :  6.96500e-09
 Reference value :  6.97100e-09
 Reference value :  6.97900e-09
 Reference value :  6.98700e-09
 Reference value :  6.99300e-09
 Reference value :  7.00100e-09
 Reference value :  7.00900e-09
 Reference value :  7.01500e-09
 Reference value :  7.02100e-09
 Reference value :  7.02700e-09
 Reference value :  7.03300e-09
 Reference value :  7.03900e-09
 Reference value :  7.04700e-09
 Reference value :  7.05500e-09
 Reference value :  7.06100e-09
 Reference value :  7.06700e-09
 Reference value :  7.07500e-09
 Reference value :  7.08300e-09
 Reference value :  7.08900e-09
 Reference value :  7.09700e-09
 Reference value :  7.10300e-09
 Reference value :  7.11100e-09
 Reference value :  7.11700e-09
 Reference value :  7.12300e-09
 Reference value :  7.12900e-09
 Reference value :  7.13500e-09
 Reference value :  7.14100e-09
 Reference value :  7.14700e-09
 Reference value :  7.15500e-09
 Reference value :  7.16100e-09
 Reference value :  7.16700e-09
 Reference value :  7.17300e-09
 Reference value :  7.17900e-09
 Reference value :  7.18500e-09
 Reference value :  7.19300e-09
 Reference value :  7.19900e-09
 Reference value :  7.20500e-09
 Reference value :  7.21300e-09
 Reference value :  7.21900e-09
 Reference value :  7.22700e-09
 Reference value :  7.23300e-09
 Reference value :  7.23900e-09
 Reference value :  7.24500e-09
 Reference value :  7.25100e-09
 Reference value :  7.25700e-09
 Reference value :  7.26500e-09
 Reference value :  7.27300e-09
 Reference value :  7.28100e-09
 Reference value :  7.28700e-09
 Reference value :  7.29500e-09
 Reference value :  7.30100e-09
 Reference value :  7.30700e-09
 Reference value :  7.31300e-09
 Reference value :  7.31900e-09
 Reference value :  7.32500e-09
 Reference value :  7.33300e-09
 Reference value :  7.34100e-09
 Reference value :  7.34900e-09
 Reference value :  7.35500e-09
 Reference value :  7.36100e-09
 Reference value :  7.36700e-09
 Reference value :  7.37300e-09
 Reference value :  7.38100e-09
 Reference value :  7.38900e-09
 Reference value :  7.39500e-09
 Reference value :  7.40100e-09
 Reference value :  7.40900e-09
 Reference value :  7.41500e-09
 Reference value :  7.42100e-09
 Reference value :  7.42900e-09
 Reference value :  7.43500e-09
 Reference value :  7.44300e-09
 Reference value :  7.44900e-09
 Reference value :  7.45700e-09
 Reference value :  7.46500e-09
 Reference value :  7.47100e-09
 Reference value :  7.47700e-09
 Reference value :  7.48300e-09
 Reference value :  7.48900e-09
 Reference value :  7.49500e-09
 Reference value :  7.50300e-09
 Reference value :  7.51100e-09
 Reference value :  7.51900e-09
 Reference value :  7.52500e-09
 Reference value :  7.53100e-09
 Reference value :  7.53700e-09
 Reference value :  7.54500e-09
 Reference value :  7.55300e-09
 Reference value :  7.55900e-09
 Reference value :  7.56700e-09
 Reference value :  7.57500e-09
 Reference value :  7.58300e-09
 Reference value :  7.59100e-09
 Reference value :  7.59700e-09
No. of Data Rows : 3814
Note: Simulation executed from .control section 
