
Note: Compatibility modes selected: hs a


Circuit: * comparator-decision offset pick-off -- vindiff=0.0mv corner=tt temp=27.0c seed=9 (issue #9)

option SCALE: Scale is set to 1e-06 for instance and model parameters
option SCALE: Scale is set to 1e-06 for instance and model parameters
option SCALE: Scale is set to 1e-06 for instance and model parameters
option SCALE: Scale is set to 1e-06 for instance and model parameters
Doing analysis at TEMP = 27.000000 and TNOM = 27.000000

Using KLU as Direct Linear Solver
 Reference value :  0.00000e+00
 Reference value :  1.60000e-13
 Reference value :  4.56000e-12
 Reference value :  1.25600e-11
 Reference value :  2.05600e-11
 Reference value :  2.85600e-11
 Reference value :  3.65600e-11
 Reference value :  4.45600e-11
 Reference value :  5.25600e-11
 Reference value :  6.05600e-11
 Reference value :  7.05600e-11
 Reference value :  7.85600e-11
 Reference value :  8.65600e-11
 Reference value :  9.45600e-11
 Reference value :  1.02560e-10
 Reference value :  1.10560e-10
 Reference value :  1.18560e-10
 Reference value :  1.26560e-10
 Reference value :  1.36560e-10
 Reference value :  1.48560e-10
 Reference value :  1.56560e-10
 Reference value :  1.64560e-10
 Reference value :  1.74560e-10
 Reference value :  1.84560e-10
 Reference value :  1.92560e-10
 Reference value :  2.00560e-10
 Reference value :  2.08560e-10
 Reference value :  2.16560e-10
 Reference value :  2.24560e-10
 Reference value :  2.34560e-10
 Reference value :  2.46560e-10
 Reference value :  2.54560e-10
 Reference value :  2.62560e-10
 Reference value :  2.72560e-10
 Reference value :  2.80560e-10
 Reference value :  2.88560e-10
 Reference value :  2.96560e-10
 Reference value :  3.04560e-10
 Reference value :  3.12560e-10
 Reference value :  3.18560e-10
 Reference value :  3.24560e-10
 Reference value :  3.32560e-10
 Reference value :  3.38560e-10
 Reference value :  3.46560e-10
 Reference value :  3.54560e-10
 Reference value :  3.60560e-10
 Reference value :  3.66560e-10
 Reference value :  3.74560e-10
 Reference value :  3.86560e-10
 Reference value :  3.96560e-10
 Reference value :  4.04560e-10
 Reference value :  4.10560e-10
 Reference value :  4.18560e-10
 Reference value :  4.24560e-10
 Reference value :  4.30560e-10
 Reference value :  4.38560e-10
 Reference value :  4.46560e-10
 Reference value :  4.52560e-10
 Reference value :  4.60560e-10
 Reference value :  4.66560e-10
 Reference value :  4.72560e-10
 Reference value :  4.80560e-10
 Reference value :  4.86560e-10
 Reference value :  4.94560e-10
 Reference value :  5.00560e-10
 Reference value :  5.06560e-10
 Reference value :  5.14560e-10
 Reference value :  5.20560e-10
 Reference value :  5.28560e-10
 Reference value :  5.34560e-10
 Reference value :  5.40560e-10
 Reference value :  5.46560e-10
 Reference value :  5.52560e-10
 Reference value :  5.58560e-10
 Reference value :  5.66560e-10
 Reference value :  5.72560e-10
 Reference value :  5.80560e-10
 Reference value :  5.86560e-10
 Reference value :  5.92560e-10
 Reference value :  6.00560e-10
 Reference value :  6.08560e-10
 Reference value :  6.16560e-10
 Reference value :  6.22560e-10
 Reference value :  6.28560e-10
 Reference value :  6.36560e-10
 Reference value :  6.44560e-10
 Reference value :  6.52560e-10
 Reference value :  6.58560e-10
 Reference value :  6.66560e-10
 Reference value :  6.74560e-10
 Reference value :  6.80560e-10
 Reference value :  6.90560e-10
 Reference value :  6.96560e-10
 Reference value :  7.02560e-10
 Reference value :  7.08560e-10
 Reference value :  7.16560e-10
 Reference value :  7.22560e-10
 Reference value :  7.28560e-10
 Reference value :  7.34560e-10
 Reference value :  7.42560e-10
 Reference value :  7.50560e-10
 Reference value :  7.58560e-10
 Reference value :  7.66560e-10
 Reference value :  7.74560e-10
 Reference value :  7.82560e-10
 Reference value :  7.90560e-10
 Reference value :  7.98560e-10
 Reference value :  8.04560e-10
 Reference value :  8.12560e-10
 Reference value :  8.18560e-10
 Reference value :  8.28560e-10
 Reference value :  8.36560e-10
 Reference value :  8.44560e-10
 Reference value :  8.52560e-10
 Reference value :  8.60560e-10
 Reference value :  8.68560e-10
 Reference value :  8.76560e-10
 Reference value :  8.84560e-10
 Reference value :  8.92560e-10
 Reference value :  9.00560e-10
 Reference value :  9.08560e-10
 Reference value :  9.16560e-10
 Reference value :  9.26560e-10
 Reference value :  9.34560e-10
 Reference value :  9.44560e-10
 Reference value :  9.50560e-10
 Reference value :  9.58560e-10
 Reference value :  9.64560e-10
 Reference value :  9.70560e-10
 Reference value :  9.78560e-10
 Reference value :  9.86560e-10
 Reference value :  9.94560e-10
 Reference value :  1.00256e-09
 Reference value :  1.01056e-09
 Reference value :  1.01856e-09
 Reference value :  1.02656e-09
 Reference value :  1.03456e-09
 Reference value :  1.04256e-09
 Reference value :  1.04856e-09
 Reference value :  1.05656e-09
 Reference value :  1.06456e-09
 Reference value :  1.07256e-09
 Reference value :  1.08056e-09
 Reference value :  1.08856e-09
 Reference value :  1.09856e-09
 Reference value :  1.10656e-09
 Reference value :  1.11456e-09
 Reference value :  1.12256e-09
 Reference value :  1.13056e-09
 Reference value :  1.14056e-09
 Reference value :  1.14856e-09
 Reference value :  1.15656e-09
 Reference value :  1.16456e-09
 Reference value :  1.17056e-09
 Reference value :  1.17856e-09
 Reference value :  1.18856e-09
 Reference value :  1.19856e-09
 Reference value :  1.20656e-09
 Reference value :  1.21656e-09
 Reference value :  1.22456e-09
 Reference value :  1.23056e-09
 Reference value :  1.23656e-09
 Reference value :  1.24256e-09
 Reference value :  1.25056e-09
 Reference value :  1.25656e-09
 Reference value :  1.26256e-09
 Reference value :  1.27056e-09
 Reference value :  1.27656e-09
 Reference value :  1.28456e-09
 Reference value :  1.29056e-09
 Reference value :  1.30056e-09
 Reference value :  1.30856e-09
 Reference value :  1.31656e-09
 Reference value :  1.32456e-09
 Reference value :  1.33456e-09
 Reference value :  1.34256e-09
 Reference value :  1.35056e-09
 Reference value :  1.35856e-09
 Reference value :  1.36456e-09
 Reference value :  1.37256e-09
 Reference value :  1.37856e-09
 Reference value :  1.38456e-09
 Reference value :  1.39256e-09
 Reference value :  1.40056e-09
 Reference value :  1.40656e-09
 Reference value :  1.41456e-09
 Reference value :  1.42256e-09
 Reference value :  1.43056e-09
 Reference value :  1.43656e-09
 Reference value :  1.44456e-09
 Reference value :  1.45256e-09
 Reference value :  1.46056e-09
 Reference value :  1.46656e-09
 Reference value :  1.47456e-09
 Reference value :  1.48456e-09
 Reference value :  1.49256e-09
 Reference value :  1.50056e-09
 Reference value :  1.50856e-09
 Reference value :  1.51656e-09
 Reference value :  1.52656e-09
 Reference value :  1.53256e-09
 Reference value :  1.53856e-09
 Reference value :  1.54656e-09
 Reference value :  1.55256e-09
 Reference value :  1.56056e-09
 Reference value :  1.56856e-09
 Reference value :  1.57456e-09
 Reference value :  1.58056e-09
 Reference value :  1.58656e-09
 Reference value :  1.59456e-09
 Reference value :  1.60256e-09
 Reference value :  1.61056e-09
 Reference value :  1.61856e-09
 Reference value :  1.62656e-09
 Reference value :  1.63256e-09
 Reference value :  1.63856e-09
 Reference value :  1.64656e-09
 Reference value :  1.65656e-09
 Reference value :  1.66256e-09
 Reference value :  1.67056e-09
 Reference value :  1.67656e-09
 Reference value :  1.68256e-09
 Reference value :  1.68856e-09
 Reference value :  1.69456e-09
 Reference value :  1.70256e-09
 Reference value :  1.71056e-09
 Reference value :  1.71856e-09
 Reference value :  1.72456e-09
 Reference value :  1.73256e-09
 Reference value :  1.74056e-09
 Reference value :  1.74856e-09
 Reference value :  1.75856e-09
 Reference value :  1.76656e-09
 Reference value :  1.77456e-09
 Reference value :  1.78256e-09
 Reference value :  1.79056e-09
 Reference value :  1.79856e-09
 Reference value :  1.80656e-09
 Reference value :  1.81256e-09
 Reference value :  1.82256e-09
 Reference value :  1.83056e-09
 Reference value :  1.83856e-09
 Reference value :  1.84656e-09
 Reference value :  1.85456e-09
 Reference value :  1.86256e-09
 Reference value :  1.87056e-09
 Reference value :  1.87856e-09
 Reference value :  1.88656e-09
 Reference value :  1.89656e-09
 Reference value :  1.90256e-09
 Reference value :  1.91056e-09
 Reference value :  1.92056e-09
 Reference value :  1.92656e-09
 Reference value :  1.93456e-09
 Reference value :  1.94256e-09
 Reference value :  1.95056e-09
 Reference value :  1.95856e-09
 Reference value :  1.96456e-09
 Reference value :  1.97256e-09
 Reference value :  1.97856e-09
 Reference value :  1.98456e-09
 Reference value :  1.99256e-09
 Reference value :  2.00056e-09
 Reference value :  2.00856e-09
 Reference value :  2.01656e-09
 Reference value :  2.02456e-09
 Reference value :  2.03256e-09
 Reference value :  2.03856e-09
 Reference value :  2.04656e-09
 Reference value :  2.05256e-09
 Reference value :  2.06056e-09
 Reference value :  2.06856e-09
 Reference value :  2.07656e-09
 Reference value :  2.08456e-09
 Reference value :  2.09056e-09
 Reference value :  2.09656e-09
 Reference value :  2.10256e-09
 Reference value :  2.10856e-09
 Reference value :  2.11456e-09
 Reference value :  2.12256e-09
 Reference value :  2.13056e-09
 Reference value :  2.13856e-09
 Reference value :  2.14656e-09
 Reference value :  2.15256e-09
 Reference value :  2.16056e-09
 Reference value :  2.16856e-09
 Reference value :  2.17656e-09
 Reference value :  2.18456e-09
 Reference value :  2.19056e-09
 Reference value :  2.19656e-09
 Reference value :  2.20456e-09
 Reference value :  2.21256e-09
 Reference value :  2.21856e-09
 Reference value :  2.22656e-09
 Reference value :  2.23456e-09
 Reference value :  2.24256e-09
 Reference value :  2.25056e-09
 Reference value :  2.25856e-09
 Reference value :  2.26456e-09
 Reference value :  2.27056e-09
 Reference value :  2.27856e-09
 Reference value :  2.28456e-09
 Reference value :  2.29256e-09
 Reference value :  2.30256e-09
 Reference value :  2.31256e-09
 Reference value :  2.32056e-09
 Reference value :  2.32856e-09
 Reference value :  2.33656e-09
 Reference value :  2.34456e-09
 Reference value :  2.35256e-09
 Reference value :  2.36056e-09
 Reference value :  2.36856e-09
 Reference value :  2.37456e-09
 Reference value :  2.38256e-09
 Reference value :  2.39056e-09
 Reference value :  2.39656e-09
 Reference value :  2.40456e-09
 Reference value :  2.41456e-09
 Reference value :  2.42256e-09
 Reference value :  2.42856e-09
 Reference value :  2.43656e-09
 Reference value :  2.44456e-09
 Reference value :  2.45256e-09
 Reference value :  2.46256e-09
 Reference value :  2.47256e-09
 Reference value :  2.48256e-09
 Reference value :  2.49056e-09
 Reference value :  2.49856e-09
 Reference value :  2.50656e-09
 Reference value :  2.51456e-09
 Reference value :  2.52056e-09
 Reference value :  2.52856e-09
 Reference value :  2.53456e-09
 Reference value :  2.54256e-09
 Reference value :  2.55056e-09
 Reference value :  2.55856e-09
 Reference value :  2.56656e-09
 Reference value :  2.57456e-09
 Reference value :  2.58256e-09
 Reference value :  2.59056e-09
 Reference value :  2.59856e-09
 Reference value :  2.60656e-09
 Reference value :  2.61656e-09
 Reference value :  2.62456e-09
 Reference value :  2.63256e-09
 Reference value :  2.64256e-09
 Reference value :  2.65256e-09
 Reference value :  2.66056e-09
 Reference value :  2.67056e-09
 Reference value :  2.67856e-09
 Reference value :  2.68856e-09
 Reference value :  2.69656e-09
 Reference value :  2.70456e-09
 Reference value :  2.71256e-09
 Reference value :  2.72056e-09
 Reference value :  2.72856e-09
 Reference value :  2.73656e-09
 Reference value :  2.74456e-09
 Reference value :  2.75256e-09
 Reference value :  2.76056e-09
 Reference value :  2.76856e-09
 Reference value :  2.77656e-09
 Reference value :  2.78656e-09
 Reference value :  2.79456e-09
 Reference value :  2.80056e-09
 Reference value :  2.81056e-09
 Reference value :  2.81856e-09
 Reference value :  2.82656e-09
 Reference value :  2.83456e-09
 Reference value :  2.84456e-09
 Reference value :  2.85256e-09
 Reference value :  2.86056e-09
 Reference value :  2.86856e-09
 Reference value :  2.87856e-09
 Reference value :  2.88656e-09
 Reference value :  2.89456e-09
 Reference value :  2.90256e-09
 Reference value :  2.91056e-09
 Reference value :  2.91856e-09
 Reference value :  2.92856e-09
 Reference value :  2.93856e-09
 Reference value :  2.94656e-09
 Reference value :  2.95456e-09
 Reference value :  2.96256e-09
 Reference value :  2.96856e-09
 Reference value :  2.97656e-09
 Reference value :  2.98256e-09
 Reference value :  2.99056e-09
 Reference value :  2.99856e-09
 Reference value :  3.00656e-09
 Reference value :  3.01256e-09
 Reference value :  3.01856e-09
 Reference value :  3.02456e-09
 Reference value :  3.03256e-09
 Reference value :  3.04056e-09
 Reference value :  3.04856e-09
 Reference value :  3.05656e-09
 Reference value :  3.06456e-09
 Reference value :  3.07256e-09
 Reference value :  3.08056e-09
 Reference value :  3.08656e-09
 Reference value :  3.09456e-09
 Reference value :  3.10056e-09
 Reference value :  3.10656e-09
 Reference value :  3.11456e-09
 Reference value :  3.12056e-09
 Reference value :  3.12856e-09
 Reference value :  3.13456e-09
 Reference value :  3.14256e-09
 Reference value :  3.14856e-09
 Reference value :  3.15456e-09
 Reference value :  3.16256e-09
 Reference value :  3.16856e-09
 Reference value :  3.17456e-09
 Reference value :  3.18256e-09
 Reference value :  3.19056e-09
 Reference value :  3.19856e-09
 Reference value :  3.20656e-09
 Reference value :  3.21456e-09
 Reference value :  3.22056e-09
 Reference value :  3.22856e-09
 Reference value :  3.23656e-09
 Reference value :  3.24256e-09
 Reference value :  3.24856e-09
 Reference value :  3.25456e-09
 Reference value :  3.26256e-09
 Reference value :  3.27256e-09
 Reference value :  3.28056e-09
 Reference value :  3.28656e-09
 Reference value :  3.29456e-09
 Reference value :  3.30256e-09
 Reference value :  3.31056e-09
 Reference value :  3.31856e-09
 Reference value :  3.32456e-09
 Reference value :  3.33256e-09
 Reference value :  3.34056e-09
 Reference value :  3.34856e-09
 Reference value :  3.35656e-09
 Reference value :  3.36456e-09
 Reference value :  3.37056e-09
 Reference value :  3.38056e-09
 Reference value :  3.38856e-09
 Reference value :  3.39856e-09
 Reference value :  3.40656e-09
 Reference value :  3.41256e-09
 Reference value :  3.42056e-09
 Reference value :  3.42856e-09
 Reference value :  3.43656e-09
 Reference value :  3.44456e-09
 Reference value :  3.45256e-09
 Reference value :  3.46256e-09
 Reference value :  3.47056e-09
 Reference value :  3.47656e-09
 Reference value :  3.48456e-09
 Reference value :  3.49256e-09
 Reference value :  3.50056e-09
 Reference value :  3.50856e-09
 Reference value :  3.51456e-09
 Reference value :  3.52456e-09
 Reference value :  3.53256e-09
 Reference value :  3.54056e-09
 Reference value :  3.54656e-09
 Reference value :  3.55456e-09
 Reference value :  3.56256e-09
 Reference value :  3.57056e-09
 Reference value :  3.57656e-09
 Reference value :  3.58456e-09
 Reference value :  3.59256e-09
 Reference value :  3.60056e-09
 Reference value :  3.60856e-09
 Reference value :  3.61656e-09
 Reference value :  3.62256e-09
 Reference value :  3.62856e-09
 Reference value :  3.63656e-09
 Reference value :  3.64456e-09
 Reference value :  3.65256e-09
 Reference value :  3.66056e-09
 Reference value :  3.66856e-09
 Reference value :  3.67456e-09
 Reference value :  3.68256e-09
 Reference value :  3.69256e-09
 Reference value :  3.70056e-09
 Reference value :  3.70856e-09
 Reference value :  3.71656e-09
 Reference value :  3.72456e-09
 Reference value :  3.73256e-09
 Reference value :  3.74256e-09
 Reference value :  3.75456e-09
 Reference value :  3.76056e-09
 Reference value :  3.76656e-09
 Reference value :  3.77456e-09
 Reference value :  3.78456e-09
 Reference value :  3.79256e-09
 Reference value :  3.80056e-09
 Reference value :  3.80856e-09
 Reference value :  3.81656e-09
 Reference value :  3.82456e-09
 Reference value :  3.83256e-09
 Reference value :  3.83856e-09
 Reference value :  3.84656e-09
 Reference value :  3.85456e-09
 Reference value :  3.86056e-09
 Reference value :  3.86856e-09
 Reference value :  3.87656e-09
 Reference value :  3.88456e-09
 Reference value :  3.89056e-09
 Reference value :  3.89856e-09
 Reference value :  3.90456e-09
 Reference value :  3.91456e-09
 Reference value :  3.92056e-09
 Reference value :  3.92856e-09
 Reference value :  3.93856e-09
 Reference value :  3.94856e-09
 Reference value :  3.95656e-09
 Reference value :  3.96456e-09
 Reference value :  3.97256e-09
 Reference value :  3.98056e-09
 Reference value :  3.99056e-09
 Reference value :  3.99856e-09
 Reference value :  4.00656e-09
 Reference value :  4.01656e-09
 Reference value :  4.02456e-09
 Reference value :  4.03256e-09
 Reference value :  4.04056e-09
 Reference value :  4.04856e-09
 Reference value :  4.05456e-09
 Reference value :  4.06056e-09
 Reference value :  4.06856e-09
 Reference value :  4.07656e-09
 Reference value :  4.08456e-09
 Reference value :  4.09056e-09
 Reference value :  4.09856e-09
 Reference value :  4.10656e-09
 Reference value :  4.11456e-09
 Reference value :  4.12256e-09
 Reference value :  4.13056e-09
 Reference value :  4.13856e-09
 Reference value :  4.14656e-09
 Reference value :  4.15456e-09
 Reference value :  4.16456e-09
 Reference value :  4.17256e-09
 Reference value :  4.17856e-09
 Reference value :  4.18656e-09
 Reference value :  4.19456e-09
 Reference value :  4.20056e-09
 Reference value :  4.20656e-09
 Reference value :  4.21456e-09
 Reference value :  4.22056e-09
 Reference value :  4.22656e-09
 Reference value :  4.23456e-09
 Reference value :  4.24456e-09
 Reference value :  4.25256e-09
 Reference value :  4.26056e-09
 Reference value :  4.26856e-09
 Reference value :  4.27656e-09
 Reference value :  4.28456e-09
 Reference value :  4.29256e-09
 Reference value :  4.30056e-09
 Reference value :  4.30856e-09
 Reference value :  4.31656e-09
 Reference value :  4.32256e-09
 Reference value :  4.33056e-09
 Reference value :  4.33656e-09
 Reference value :  4.34256e-09
 Reference value :  4.35056e-09
 Reference value :  4.35656e-09
 Reference value :  4.36456e-09
 Reference value :  4.37256e-09
 Reference value :  4.37856e-09
 Reference value :  4.38656e-09
 Reference value :  4.39256e-09
 Reference value :  4.40056e-09
 Reference value :  4.40856e-09
 Reference value :  4.41656e-09
 Reference value :  4.42456e-09
 Reference value :  4.43256e-09
 Reference value :  4.44056e-09
 Reference value :  4.44656e-09
 Reference value :  4.45256e-09
 Reference value :  4.46056e-09
 Reference value :  4.46856e-09
 Reference value :  4.47456e-09
 Reference value :  4.48456e-09
 Reference value :  4.49056e-09
 Reference value :  4.50056e-09
 Reference value :  4.51056e-09
 Reference value :  4.51856e-09
 Reference value :  4.52656e-09
 Reference value :  4.53456e-09
 Reference value :  4.54256e-09
 Reference value :  4.55056e-09
 Reference value :  4.55656e-09
 Reference value :  4.56456e-09
 Reference value :  4.57256e-09
 Reference value :  4.58056e-09
 Reference value :  4.58856e-09
 Reference value :  4.59656e-09
 Reference value :  4.60656e-09
 Reference value :  4.61656e-09
 Reference value :  4.62456e-09
 Reference value :  4.63056e-09
 Reference value :  4.63856e-09
 Reference value :  4.64456e-09
 Reference value :  4.65056e-09
 Reference value :  4.65856e-09
 Reference value :  4.66656e-09
 Reference value :  4.67456e-09
 Reference value :  4.68456e-09
 Reference value :  4.69256e-09
 Reference value :  4.70056e-09
 Reference value :  4.70856e-09
 Reference value :  4.71456e-09
 Reference value :  4.72256e-09
 Reference value :  4.72856e-09
 Reference value :  4.73656e-09
 Reference value :  4.74456e-09
 Reference value :  4.75256e-09
 Reference value :  4.76056e-09
 Reference value :  4.76656e-09
 Reference value :  4.77456e-09
 Reference value :  4.78256e-09
 Reference value :  4.79256e-09
 Reference value :  4.79856e-09
 Reference value :  4.80456e-09
 Reference value :  4.81256e-09
 Reference value :  4.82256e-09
 Reference value :  4.82856e-09
 Reference value :  4.83656e-09
 Reference value :  4.84456e-09
 Reference value :  4.85056e-09
 Reference value :  4.85656e-09
 Reference value :  4.86456e-09
 Reference value :  4.87256e-09
 Reference value :  4.88056e-09
 Reference value :  4.88656e-09
 Reference value :  4.89456e-09
 Reference value :  4.90256e-09
 Reference value :  4.91056e-09
 Reference value :  4.91856e-09
 Reference value :  4.92656e-09
 Reference value :  4.93456e-09
 Reference value :  4.94056e-09
 Reference value :  4.94856e-09
 Reference value :  4.95656e-09
 Reference value :  4.96456e-09
 Reference value :  4.97256e-09
 Reference value :  4.98056e-09
 Reference value :  4.98856e-09
 Reference value :  4.99456e-09
 Reference value :  5.00020e-09
 Reference value :  5.00500e-09
 Reference value :  5.01500e-09
 Reference value :  5.02100e-09
 Reference value :  5.03100e-09
 Reference value :  5.03700e-09
 Reference value :  5.04500e-09
 Reference value :  5.05100e-09
 Reference value :  5.05700e-09
 Reference value :  5.06300e-09
 Reference value :  5.06900e-09
 Reference value :  5.07700e-09
 Reference value :  5.08300e-09
 Reference value :  5.09100e-09
 Reference value :  5.09850e-09
 Reference value :  5.10140e-09
 Reference value :  5.10700e-09
 Reference value :  5.11500e-09
 Reference value :  5.12300e-09
 Reference value :  5.13100e-09
 Reference value :  5.13700e-09
 Reference value :  5.14500e-09
 Reference value :  5.15300e-09
 Reference value :  5.16300e-09
 Reference value :  5.17100e-09
 Reference value :  5.17700e-09
 Reference value :  5.18500e-09
 Reference value :  5.19300e-09
 Reference value :  5.20100e-09
 Reference value :  5.20900e-09
 Reference value :  5.21700e-09
 Reference value :  5.22300e-09
 Reference value :  5.23100e-09
 Reference value :  5.23900e-09
 Reference value :  5.24700e-09
 Reference value :  5.25500e-09
 Reference value :  5.26300e-09
 Reference value :  5.26900e-09
 Reference value :  5.27700e-09
 Reference value :  5.28500e-09
 Reference value :  5.29300e-09
 Reference value :  5.30100e-09
 Reference value :  5.30900e-09
 Reference value :  5.31900e-09
 Reference value :  5.32700e-09
 Reference value :  5.33700e-09
 Reference value :  5.34300e-09
 Reference value :  5.35100e-09
 Reference value :  5.35900e-09
 Reference value :  5.36700e-09
 Reference value :  5.37700e-09
 Reference value :  5.38500e-09
 Reference value :  5.39300e-09
 Reference value :  5.40100e-09
 Reference value :  5.40900e-09
 Reference value :  5.41700e-09
 Reference value :  5.42500e-09
 Reference value :  5.43100e-09
 Reference value :  5.43700e-09
 Reference value :  5.44500e-09
 Reference value :  5.45300e-09
 Reference value :  5.46100e-09
 Reference value :  5.46900e-09
 Reference value :  5.47700e-09
 Reference value :  5.48500e-09
 Reference value :  5.49300e-09
 Reference value :  5.49900e-09
 Reference value :  5.50700e-09
 Reference value :  5.51500e-09
 Reference value :  5.52300e-09
 Reference value :  5.53100e-09
 Reference value :  5.53900e-09
 Reference value :  5.54500e-09
 Reference value :  5.55100e-09
 Reference value :  5.55700e-09
 Reference value :  5.56500e-09
 Reference value :  5.57300e-09
 Reference value :  5.58100e-09
 Reference value :  5.58900e-09
 Reference value :  5.59700e-09
 Reference value :  5.60500e-09
 Reference value :  5.61300e-09
 Reference value :  5.62100e-09
 Reference value :  5.62900e-09
 Reference value :  5.63900e-09
 Reference value :  5.64900e-09
 Reference value :  5.65900e-09
 Reference value :  5.66900e-09
 Reference value :  5.67700e-09
 Reference value :  5.68700e-09
 Reference value :  5.69700e-09
 Reference value :  5.70300e-09
 Reference value :  5.71100e-09
 Reference value :  5.71900e-09
 Reference value :  5.72700e-09
 Reference value :  5.73300e-09
 Reference value :  5.74100e-09
 Reference value :  5.74900e-09
 Reference value :  5.75500e-09
 Reference value :  5.76100e-09
 Reference value :  5.76900e-09
 Reference value :  5.77700e-09
 Reference value :  5.78300e-09
 Reference value :  5.78900e-09
 Reference value :  5.79700e-09
 Reference value :  5.80300e-09
 Reference value :  5.81100e-09
 Reference value :  5.81900e-09
 Reference value :  5.82700e-09
 Reference value :  5.83300e-09
 Reference value :  5.84100e-09
 Reference value :  5.84700e-09
 Reference value :  5.85300e-09
 Reference value :  5.86100e-09
 Reference value :  5.86900e-09
 Reference value :  5.87700e-09
 Reference value :  5.88300e-09
 Reference value :  5.89100e-09
 Reference value :  5.89700e-09
 Reference value :  5.90500e-09
 Reference value :  5.91300e-09
 Reference value :  5.92100e-09
 Reference value :  5.92900e-09
 Reference value :  5.93500e-09
 Reference value :  5.94300e-09
 Reference value :  5.94900e-09
 Reference value :  5.95700e-09
 Reference value :  5.96500e-09
 Reference value :  5.97300e-09
 Reference value :  5.97900e-09
 Reference value :  5.98700e-09
 Reference value :  5.99300e-09
 Reference value :  6.00100e-09
 Reference value :  6.00700e-09
 Reference value :  6.01300e-09
 Reference value :  6.01900e-09
 Reference value :  6.02500e-09
 Reference value :  6.03300e-09
 Reference value :  6.04100e-09
 Reference value :  6.04900e-09
 Reference value :  6.05700e-09
 Reference value :  6.06300e-09
 Reference value :  6.07100e-09
 Reference value :  6.07700e-09
 Reference value :  6.08300e-09
 Reference value :  6.08900e-09
 Reference value :  6.09500e-09
 Reference value :  6.10100e-09
 Reference value :  6.10700e-09
 Reference value :  6.11500e-09
 Reference value :  6.12300e-09
 Reference value :  6.12900e-09
 Reference value :  6.13500e-09
 Reference value :  6.14300e-09
 Reference value :  6.14900e-09
 Reference value :  6.15700e-09
 Reference value :  6.16500e-09
 Reference value :  6.17300e-09
 Reference value :  6.18100e-09
 Reference value :  6.19100e-09
 Reference value :  6.19900e-09
 Reference value :  6.20900e-09
 Reference value :  6.21700e-09
 Reference value :  6.22500e-09
 Reference value :  6.23300e-09
 Reference value :  6.23900e-09
 Reference value :  6.24500e-09
 Reference value :  6.25100e-09
 Reference value :  6.25900e-09
 Reference value :  6.26500e-09
 Reference value :  6.27500e-09
 Reference value :  6.28300e-09
 Reference value :  6.29100e-09
 Reference value :  6.29900e-09
 Reference value :  6.30700e-09
 Reference value :  6.31500e-09
 Reference value :  6.32100e-09
 Reference value :  6.33100e-09
 Reference value :  6.33900e-09
 Reference value :  6.34700e-09
 Reference value :  6.35500e-09
 Reference value :  6.36300e-09
 Reference value :  6.37100e-09
 Reference value :  6.37900e-09
 Reference value :  6.38500e-09
 Reference value :  6.39300e-09
 Reference value :  6.40100e-09
 Reference value :  6.41100e-09
 Reference value :  6.41900e-09
 Reference value :  6.42900e-09
 Reference value :  6.43700e-09
 Reference value :  6.44500e-09
 Reference value :  6.45300e-09
 Reference value :  6.46100e-09
 Reference value :  6.46900e-09
 Reference value :  6.47700e-09
 Reference value :  6.48300e-09
 Reference value :  6.49100e-09
 Reference value :  6.49900e-09
 Reference value :  6.50700e-09
 Reference value :  6.51300e-09
 Reference value :  6.51900e-09
 Reference value :  6.52700e-09
 Reference value :  6.53500e-09
 Reference value :  6.54300e-09
 Reference value :  6.55100e-09
 Reference value :  6.56100e-09
 Reference value :  6.56900e-09
 Reference value :  6.57700e-09
 Reference value :  6.58500e-09
 Reference value :  6.59100e-09
 Reference value :  6.59700e-09
 Reference value :  6.60500e-09
 Reference value :  6.61300e-09
 Reference value :  6.62100e-09
 Reference value :  6.62900e-09
 Reference value :  6.63700e-09
 Reference value :  6.64500e-09
 Reference value :  6.65100e-09
 Reference value :  6.65900e-09
 Reference value :  6.66500e-09
 Reference value :  6.67300e-09
 Reference value :  6.68100e-09
 Reference value :  6.68900e-09
 Reference value :  6.69500e-09
 Reference value :  6.70300e-09
 Reference value :  6.71100e-09
 Reference value :  6.71900e-09
 Reference value :  6.72700e-09
 Reference value :  6.73500e-09
 Reference value :  6.74300e-09
 Reference value :  6.75100e-09
 Reference value :  6.76100e-09
 Reference value :  6.76700e-09
 Reference value :  6.77500e-09
 Reference value :  6.78100e-09
 Reference value :  6.78900e-09
 Reference value :  6.79700e-09
 Reference value :  6.80500e-09
 Reference value :  6.81300e-09
 Reference value :  6.82100e-09
 Reference value :  6.83100e-09
 Reference value :  6.83900e-09
 Reference value :  6.84500e-09
 Reference value :  6.85300e-09
 Reference value :  6.86100e-09
 Reference value :  6.86700e-09
 Reference value :  6.87300e-09
 Reference value :  6.88300e-09
 Reference value :  6.89300e-09
 Reference value :  6.90100e-09
 Reference value :  6.91100e-09
 Reference value :  6.91900e-09
 Reference value :  6.92900e-09
 Reference value :  6.93900e-09
 Reference value :  6.94700e-09
 Reference value :  6.95700e-09
 Reference value :  6.96500e-09
 Reference value :  6.97500e-09
 Reference value :  6.98300e-09
 Reference value :  6.99300e-09
 Reference value :  7.00100e-09
 Reference value :  7.00900e-09
 Reference value :  7.01700e-09
 Reference value :  7.02500e-09
 Reference value :  7.03300e-09
 Reference value :  7.04100e-09
 Reference value :  7.04700e-09
 Reference value :  7.05300e-09
 Reference value :  7.05900e-09
 Reference value :  7.06500e-09
 Reference value :  7.07300e-09
 Reference value :  7.08100e-09
 Reference value :  7.09100e-09
 Reference value :  7.09900e-09
 Reference value :  7.10500e-09
 Reference value :  7.11300e-09
 Reference value :  7.11900e-09
 Reference value :  7.12700e-09
 Reference value :  7.13500e-09
 Reference value :  7.14100e-09
 Reference value :  7.14900e-09
 Reference value :  7.15900e-09
 Reference value :  7.16700e-09
 Reference value :  7.17500e-09
 Reference value :  7.18100e-09
 Reference value :  7.18900e-09
 Reference value :  7.19700e-09
 Reference value :  7.20500e-09
 Reference value :  7.21300e-09
 Reference value :  7.22100e-09
 Reference value :  7.22900e-09
 Reference value :  7.23500e-09
 Reference value :  7.24300e-09
 Reference value :  7.24900e-09
 Reference value :  7.25500e-09
 Reference value :  7.26100e-09
 Reference value :  7.26700e-09
 Reference value :  7.27500e-09
 Reference value :  7.28300e-09
 Reference value :  7.29100e-09
 Reference value :  7.29900e-09
 Reference value :  7.30500e-09
 Reference value :  7.31300e-09
 Reference value :  7.32100e-09
 Reference value :  7.32900e-09
 Reference value :  7.33500e-09
 Reference value :  7.34300e-09
 Reference value :  7.34900e-09
 Reference value :  7.35900e-09
 Reference value :  7.36500e-09
 Reference value :  7.37300e-09
 Reference value :  7.38100e-09
 Reference value :  7.38900e-09
 Reference value :  7.39700e-09
 Reference value :  7.40500e-09
 Reference value :  7.41300e-09
 Reference value :  7.42100e-09
 Reference value :  7.42900e-09
 Reference value :  7.43500e-09
 Reference value :  7.44100e-09
 Reference value :  7.44900e-09
 Reference value :  7.45500e-09
 Reference value :  7.46100e-09
 Reference value :  7.46700e-09
 Reference value :  7.47500e-09
 Reference value :  7.48500e-09
 Reference value :  7.49300e-09
 Reference value :  7.50100e-09
 Reference value :  7.50900e-09
 Reference value :  7.51700e-09
 Reference value :  7.52300e-09
 Reference value :  7.52900e-09
 Reference value :  7.53700e-09
 Reference value :  7.54300e-09
 Reference value :  7.54900e-09
 Reference value :  7.55700e-09
 Reference value :  7.56300e-09
 Reference value :  7.57100e-09
 Reference value :  7.58100e-09
 Reference value :  7.58900e-09
 Reference value :  7.59700e-09
No. of Data Rows : 3814
Note: Simulation executed from .control section 
