
Note: Compatibility modes selected: hs a


Circuit: * comparator-decision offset pick-off -- vindiff=0.0mv corner=tt temp=27.0c seed=3 (issue #9)

option SCALE: Scale is set to 1e-06 for instance and model parameters
option SCALE: Scale is set to 1e-06 for instance and model parameters
option SCALE: Scale is set to 1e-06 for instance and model parameters
option SCALE: Scale is set to 1e-06 for instance and model parameters
Doing analysis at TEMP = 27.000000 and TNOM = 27.000000

Using KLU as Direct Linear Solver
 Reference value :  0.00000e+00
 Reference value :  8.00000e-14
 Reference value :  6.40000e-13
 Reference value :  4.56000e-12
 Reference value :  1.05600e-11
 Reference value :  1.65600e-11
 Reference value :  2.25600e-11
 Reference value :  2.85600e-11
 Reference value :  3.45600e-11
 Reference value :  4.25600e-11
 Reference value :  4.85600e-11
 Reference value :  5.45600e-11
 Reference value :  6.05600e-11
 Reference value :  6.65600e-11
 Reference value :  7.25600e-11
 Reference value :  8.05600e-11
 Reference value :  8.65600e-11
 Reference value :  9.25600e-11
 Reference value :  9.85600e-11
 Reference value :  1.04560e-10
 Reference value :  1.10560e-10
 Reference value :  1.16560e-10
 Reference value :  1.22560e-10
 Reference value :  1.28560e-10
 Reference value :  1.34560e-10
 Reference value :  1.40560e-10
 Reference value :  1.46560e-10
 Reference value :  1.54560e-10
 Reference value :  1.60560e-10
 Reference value :  1.66560e-10
 Reference value :  1.72560e-10
 Reference value :  1.80560e-10
 Reference value :  1.86560e-10
 Reference value :  1.92560e-10
 Reference value :  1.98560e-10
 Reference value :  2.04560e-10
 Reference value :  2.10560e-10
 Reference value :  2.16560e-10
 Reference value :  2.22560e-10
 Reference value :  2.28560e-10
 Reference value :  2.34560e-10
 Reference value :  2.40560e-10
 Reference value :  2.48560e-10
 Reference value :  2.54560e-10
 Reference value :  2.60560e-10
 Reference value :  2.66560e-10
 Reference value :  2.72560e-10
 Reference value :  2.78560e-10
 Reference value :  2.86560e-10
 Reference value :  2.92560e-10
 Reference value :  3.00560e-10
 Reference value :  3.06560e-10
 Reference value :  3.12560e-10
 Reference value :  3.18560e-10
 Reference value :  3.26560e-10
 Reference value :  3.32560e-10
 Reference value :  3.38560e-10
 Reference value :  3.44560e-10
 Reference value :  3.50560e-10
 Reference value :  3.58560e-10
 Reference value :  3.64560e-10
 Reference value :  3.70560e-10
 Reference value :  3.76560e-10
 Reference value :  3.82560e-10
 Reference value :  3.90560e-10
 Reference value :  3.96560e-10
 Reference value :  4.02560e-10
 Reference value :  4.10560e-10
 Reference value :  4.16560e-10
 Reference value :  4.22560e-10
 Reference value :  4.28560e-10
 Reference value :  4.36560e-10
 Reference value :  4.42560e-10
 Reference value :  4.48560e-10
 Reference value :  4.54560e-10
 Reference value :  4.60560e-10
 Reference value :  4.68560e-10
 Reference value :  4.74560e-10
 Reference value :  4.80560e-10
 Reference value :  4.86560e-10
 Reference value :  4.92560e-10
 Reference value :  4.98560e-10
 Reference value :  5.04560e-10
 Reference value :  5.12560e-10
 Reference value :  5.18560e-10
 Reference value :  5.26560e-10
 Reference value :  5.32560e-10
 Reference value :  5.38560e-10
 Reference value :  5.44560e-10
 Reference value :  5.52560e-10
 Reference value :  5.58560e-10
 Reference value :  5.64560e-10
 Reference value :  5.70560e-10
 Reference value :  5.76560e-10
 Reference value :  5.84560e-10
 Reference value :  5.90560e-10
 Reference value :  5.96560e-10
 Reference value :  6.02560e-10
 Reference value :  6.08560e-10
 Reference value :  6.14560e-10
 Reference value :  6.20560e-10
 Reference value :  6.28560e-10
 Reference value :  6.34560e-10
 Reference value :  6.40560e-10
 Reference value :  6.46560e-10
 Reference value :  6.52560e-10
 Reference value :  6.58560e-10
 Reference value :  6.66560e-10
 Reference value :  6.72560e-10
 Reference value :  6.78560e-10
 Reference value :  6.84560e-10
 Reference value :  6.90560e-10
 Reference value :  6.98560e-10
 Reference value :  7.06560e-10
 Reference value :  7.12560e-10
 Reference value :  7.18560e-10
 Reference value :  7.26560e-10
 Reference value :  7.34560e-10
 Reference value :  7.40560e-10
 Reference value :  7.46560e-10
 Reference value :  7.54560e-10
 Reference value :  7.60560e-10
 Reference value :  7.68560e-10
 Reference value :  7.74560e-10
 Reference value :  7.80560e-10
 Reference value :  7.86560e-10
 Reference value :  7.94560e-10
 Reference value :  8.00560e-10
 Reference value :  8.06560e-10
 Reference value :  8.12560e-10
 Reference value :  8.20560e-10
 Reference value :  8.26560e-10
 Reference value :  8.32560e-10
 Reference value :  8.38560e-10
 Reference value :  8.44560e-10
 Reference value :  8.52560e-10
 Reference value :  8.58560e-10
 Reference value :  8.64560e-10
 Reference value :  8.72560e-10
 Reference value :  8.78560e-10
 Reference value :  8.86560e-10
 Reference value :  8.94560e-10
 Reference value :  9.00560e-10
 Reference value :  9.06560e-10
 Reference value :  9.12560e-10
 Reference value :  9.18560e-10
 Reference value :  9.24560e-10
 Reference value :  9.30560e-10
 Reference value :  9.38560e-10
 Reference value :  9.46560e-10
 Reference value :  9.52560e-10
 Reference value :  9.58560e-10
 Reference value :  9.64560e-10
 Reference value :  9.72560e-10
 Reference value :  9.80560e-10
 Reference value :  9.88560e-10
 Reference value :  9.94560e-10
 Reference value :  1.00056e-09
 Reference value :  1.00656e-09
 Reference value :  1.01456e-09
 Reference value :  1.02056e-09
 Reference value :  1.02856e-09
 Reference value :  1.03456e-09
 Reference value :  1.04256e-09
 Reference value :  1.04856e-09
 Reference value :  1.05456e-09
 Reference value :  1.06256e-09
 Reference value :  1.07056e-09
 Reference value :  1.07656e-09
 Reference value :  1.08256e-09
 Reference value :  1.08856e-09
 Reference value :  1.09456e-09
 Reference value :  1.10056e-09
 Reference value :  1.10856e-09
 Reference value :  1.11456e-09
 Reference value :  1.12256e-09
 Reference value :  1.12856e-09
 Reference value :  1.13456e-09
 Reference value :  1.14256e-09
 Reference value :  1.14856e-09
 Reference value :  1.15456e-09
 Reference value :  1.16256e-09
 Reference value :  1.16856e-09
 Reference value :  1.17456e-09
 Reference value :  1.18056e-09
 Reference value :  1.18656e-09
 Reference value :  1.19256e-09
 Reference value :  1.19856e-09
 Reference value :  1.20456e-09
 Reference value :  1.21056e-09
 Reference value :  1.21656e-09
 Reference value :  1.22456e-09
 Reference value :  1.23256e-09
 Reference value :  1.24056e-09
 Reference value :  1.24856e-09
 Reference value :  1.25456e-09
 Reference value :  1.26056e-09
 Reference value :  1.26656e-09
 Reference value :  1.27256e-09
 Reference value :  1.28056e-09
 Reference value :  1.28656e-09
 Reference value :  1.29256e-09
 Reference value :  1.29856e-09
 Reference value :  1.30456e-09
 Reference value :  1.31056e-09
 Reference value :  1.31656e-09
 Reference value :  1.32256e-09
 Reference value :  1.33056e-09
 Reference value :  1.33656e-09
 Reference value :  1.34456e-09
 Reference value :  1.35056e-09
 Reference value :  1.35656e-09
 Reference value :  1.36256e-09
 Reference value :  1.37056e-09
 Reference value :  1.37656e-09
 Reference value :  1.38456e-09
 Reference value :  1.39256e-09
 Reference value :  1.40056e-09
 Reference value :  1.40656e-09
 Reference value :  1.41456e-09
 Reference value :  1.42056e-09
 Reference value :  1.42656e-09
 Reference value :  1.43256e-09
 Reference value :  1.43856e-09
 Reference value :  1.44456e-09
 Reference value :  1.45056e-09
 Reference value :  1.45656e-09
 Reference value :  1.46256e-09
 Reference value :  1.46856e-09
 Reference value :  1.47656e-09
 Reference value :  1.48256e-09
 Reference value :  1.49056e-09
 Reference value :  1.49656e-09
 Reference value :  1.50456e-09
 Reference value :  1.51056e-09
 Reference value :  1.51656e-09
 Reference value :  1.52256e-09
 Reference value :  1.52856e-09
 Reference value :  1.53456e-09
 Reference value :  1.54056e-09
 Reference value :  1.54656e-09
 Reference value :  1.55456e-09
 Reference value :  1.56056e-09
 Reference value :  1.56856e-09
 Reference value :  1.57456e-09
 Reference value :  1.58056e-09
 Reference value :  1.58656e-09
 Reference value :  1.59256e-09
 Reference value :  1.59856e-09
 Reference value :  1.60456e-09
 Reference value :  1.61256e-09
 Reference value :  1.61856e-09
 Reference value :  1.62456e-09
 Reference value :  1.63056e-09
 Reference value :  1.63856e-09
 Reference value :  1.64456e-09
 Reference value :  1.65056e-09
 Reference value :  1.65656e-09
 Reference value :  1.66456e-09
 Reference value :  1.67256e-09
 Reference value :  1.67856e-09
 Reference value :  1.68456e-09
 Reference value :  1.69056e-09
 Reference value :  1.69656e-09
 Reference value :  1.70256e-09
 Reference value :  1.70856e-09
 Reference value :  1.71456e-09
 Reference value :  1.72056e-09
 Reference value :  1.72656e-09
 Reference value :  1.73256e-09
 Reference value :  1.73856e-09
 Reference value :  1.74656e-09
 Reference value :  1.75256e-09
 Reference value :  1.75856e-09
 Reference value :  1.76656e-09
 Reference value :  1.77256e-09
 Reference value :  1.77856e-09
 Reference value :  1.78456e-09
 Reference value :  1.79256e-09
 Reference value :  1.79856e-09
 Reference value :  1.80456e-09
 Reference value :  1.81056e-09
 Reference value :  1.81856e-09
 Reference value :  1.82656e-09
 Reference value :  1.83256e-09
 Reference value :  1.83856e-09
 Reference value :  1.84456e-09
 Reference value :  1.85056e-09
 Reference value :  1.85656e-09
 Reference value :  1.86256e-09
 Reference value :  1.86856e-09
 Reference value :  1.87656e-09
 Reference value :  1.88256e-09
 Reference value :  1.89056e-09
 Reference value :  1.89856e-09
 Reference value :  1.90456e-09
 Reference value :  1.91056e-09
 Reference value :  1.91656e-09
 Reference value :  1.92456e-09
 Reference value :  1.93056e-09
 Reference value :  1.93856e-09
 Reference value :  1.94656e-09
 Reference value :  1.95456e-09
 Reference value :  1.96056e-09
 Reference value :  1.96656e-09
 Reference value :  1.97256e-09
 Reference value :  1.97856e-09
 Reference value :  1.98456e-09
 Reference value :  1.99256e-09
 Reference value :  2.00056e-09
 Reference value :  2.00656e-09
 Reference value :  2.01256e-09
 Reference value :  2.01856e-09
 Reference value :  2.02456e-09
 Reference value :  2.03056e-09
 Reference value :  2.03656e-09
 Reference value :  2.04456e-09
 Reference value :  2.05056e-09
 Reference value :  2.05656e-09
 Reference value :  2.06256e-09
 Reference value :  2.06856e-09
 Reference value :  2.07656e-09
 Reference value :  2.08256e-09
 Reference value :  2.08856e-09
 Reference value :  2.09456e-09
 Reference value :  2.10056e-09
 Reference value :  2.10656e-09
 Reference value :  2.11256e-09
 Reference value :  2.11856e-09
 Reference value :  2.12456e-09
 Reference value :  2.13056e-09
 Reference value :  2.13656e-09
 Reference value :  2.14456e-09
 Reference value :  2.15056e-09
 Reference value :  2.15656e-09
 Reference value :  2.16256e-09
 Reference value :  2.16856e-09
 Reference value :  2.17456e-09
 Reference value :  2.18056e-09
 Reference value :  2.18856e-09
 Reference value :  2.19456e-09
 Reference value :  2.20056e-09
 Reference value :  2.20656e-09
 Reference value :  2.21456e-09
 Reference value :  2.22056e-09
 Reference value :  2.22656e-09
 Reference value :  2.23256e-09
 Reference value :  2.23856e-09
 Reference value :  2.24456e-09
 Reference value :  2.25256e-09
 Reference value :  2.26056e-09
 Reference value :  2.26656e-09
 Reference value :  2.27256e-09
 Reference value :  2.28056e-09
 Reference value :  2.28656e-09
 Reference value :  2.29256e-09
 Reference value :  2.29856e-09
 Reference value :  2.30456e-09
 Reference value :  2.31256e-09
 Reference value :  2.32056e-09
 Reference value :  2.32656e-09
 Reference value :  2.33456e-09
 Reference value :  2.34056e-09
 Reference value :  2.34656e-09
 Reference value :  2.35256e-09
 Reference value :  2.35856e-09
 Reference value :  2.36456e-09
 Reference value :  2.37056e-09
 Reference value :  2.37656e-09
 Reference value :  2.38256e-09
 Reference value :  2.38856e-09
 Reference value :  2.39456e-09
 Reference value :  2.40256e-09
 Reference value :  2.41056e-09
 Reference value :  2.41656e-09
 Reference value :  2.42456e-09
 Reference value :  2.43256e-09
 Reference value :  2.43856e-09
 Reference value :  2.44456e-09
 Reference value :  2.45056e-09
 Reference value :  2.45656e-09
 Reference value :  2.46456e-09
 Reference value :  2.47056e-09
 Reference value :  2.47656e-09
 Reference value :  2.48456e-09
 Reference value :  2.49056e-09
 Reference value :  2.49656e-09
 Reference value :  2.50256e-09
 Reference value :  2.50856e-09
 Reference value :  2.51656e-09
 Reference value :  2.52256e-09
 Reference value :  2.52856e-09
 Reference value :  2.53456e-09
 Reference value :  2.54256e-09
 Reference value :  2.54856e-09
 Reference value :  2.55456e-09
 Reference value :  2.56056e-09
 Reference value :  2.56656e-09
 Reference value :  2.57256e-09
 Reference value :  2.58056e-09
 Reference value :  2.58656e-09
 Reference value :  2.59256e-09
 Reference value :  2.59856e-09
 Reference value :  2.60456e-09
 Reference value :  2.61056e-09
 Reference value :  2.61656e-09
 Reference value :  2.62256e-09
 Reference value :  2.62856e-09
 Reference value :  2.63456e-09
 Reference value :  2.64056e-09
 Reference value :  2.64656e-09
 Reference value :  2.65256e-09
 Reference value :  2.65856e-09
 Reference value :  2.66456e-09
 Reference value :  2.67056e-09
 Reference value :  2.67656e-09
 Reference value :  2.68256e-09
 Reference value :  2.68856e-09
 Reference value :  2.69656e-09
 Reference value :  2.70256e-09
 Reference value :  2.70856e-09
 Reference value :  2.71456e-09
 Reference value :  2.72056e-09
 Reference value :  2.72656e-09
 Reference value :  2.73256e-09
 Reference value :  2.73856e-09
 Reference value :  2.74456e-09
 Reference value :  2.75056e-09
 Reference value :  2.75656e-09
 Reference value :  2.76256e-09
 Reference value :  2.76856e-09
 Reference value :  2.77656e-09
 Reference value :  2.78256e-09
 Reference value :  2.78856e-09
 Reference value :  2.79456e-09
 Reference value :  2.80056e-09
 Reference value :  2.80656e-09
 Reference value :  2.81256e-09
 Reference value :  2.82056e-09
 Reference value :  2.82656e-09
 Reference value :  2.83456e-09
 Reference value :  2.84056e-09
 Reference value :  2.84656e-09
 Reference value :  2.85256e-09
 Reference value :  2.86056e-09
 Reference value :  2.86856e-09
 Reference value :  2.87456e-09
 Reference value :  2.88056e-09
 Reference value :  2.88656e-09
 Reference value :  2.89256e-09
 Reference value :  2.90056e-09
 Reference value :  2.90656e-09
 Reference value :  2.91456e-09
 Reference value :  2.92056e-09
 Reference value :  2.92856e-09
 Reference value :  2.93456e-09
 Reference value :  2.94056e-09
 Reference value :  2.94656e-09
 Reference value :  2.95256e-09
 Reference value :  2.95856e-09
 Reference value :  2.96456e-09
 Reference value :  2.97056e-09
 Reference value :  2.97656e-09
 Reference value :  2.98456e-09
 Reference value :  2.99056e-09
 Reference value :  2.99656e-09
 Reference value :  3.00456e-09
 Reference value :  3.01056e-09
 Reference value :  3.01656e-09
 Reference value :  3.02456e-09
 Reference value :  3.03056e-09
 Reference value :  3.03856e-09
 Reference value :  3.04656e-09
 Reference value :  3.05456e-09
 Reference value :  3.06056e-09
 Reference value :  3.06656e-09
 Reference value :  3.07456e-09
 Reference value :  3.08256e-09
 Reference value :  3.08856e-09
 Reference value :  3.09456e-09
 Reference value :  3.10256e-09
 Reference value :  3.10856e-09
 Reference value :  3.11456e-09
 Reference value :  3.12056e-09
 Reference value :  3.12656e-09
 Reference value :  3.13256e-09
 Reference value :  3.13856e-09
 Reference value :  3.14656e-09
 Reference value :  3.15256e-09
 Reference value :  3.15856e-09
 Reference value :  3.16656e-09
 Reference value :  3.17456e-09
 Reference value :  3.18256e-09
 Reference value :  3.18856e-09
 Reference value :  3.19456e-09
 Reference value :  3.20056e-09
 Reference value :  3.20656e-09
 Reference value :  3.21256e-09
 Reference value :  3.21856e-09
 Reference value :  3.22456e-09
 Reference value :  3.23056e-09
 Reference value :  3.23856e-09
 Reference value :  3.24456e-09
 Reference value :  3.25256e-09
 Reference value :  3.25856e-09
 Reference value :  3.26456e-09
 Reference value :  3.27056e-09
 Reference value :  3.27656e-09
 Reference value :  3.28456e-09
 Reference value :  3.29056e-09
 Reference value :  3.29656e-09
 Reference value :  3.30256e-09
 Reference value :  3.30856e-09
 Reference value :  3.31456e-09
 Reference value :  3.32056e-09
 Reference value :  3.32656e-09
 Reference value :  3.33256e-09
 Reference value :  3.33856e-09
 Reference value :  3.34456e-09
 Reference value :  3.35056e-09
 Reference value :  3.35656e-09
 Reference value :  3.36256e-09
 Reference value :  3.37056e-09
 Reference value :  3.37656e-09
 Reference value :  3.38456e-09
 Reference value :  3.39056e-09
 Reference value :  3.39656e-09
 Reference value :  3.40256e-09
 Reference value :  3.40856e-09
 Reference value :  3.41456e-09
 Reference value :  3.42056e-09
 Reference value :  3.42656e-09
 Reference value :  3.43256e-09
 Reference value :  3.43856e-09
 Reference value :  3.44456e-09
 Reference value :  3.45056e-09
 Reference value :  3.45656e-09
 Reference value :  3.46256e-09
 Reference value :  3.46856e-09
 Reference value :  3.47456e-09
 Reference value :  3.48056e-09
 Reference value :  3.48656e-09
 Reference value :  3.49256e-09
 Reference value :  3.49856e-09
 Reference value :  3.50456e-09
 Reference value :  3.51056e-09
 Reference value :  3.51656e-09
 Reference value :  3.52256e-09
 Reference value :  3.52856e-09
 Reference value :  3.53456e-09
 Reference value :  3.54056e-09
 Reference value :  3.55256e-09
 Reference value :  3.55856e-09
 Reference value :  3.56456e-09
 Reference value :  3.57256e-09
 Reference value :  3.57856e-09
 Reference value :  3.58656e-09
 Reference value :  3.59256e-09
 Reference value :  3.59856e-09
 Reference value :  3.60456e-09
 Reference value :  3.61256e-09
 Reference value :  3.61856e-09
 Reference value :  3.62456e-09
 Reference value :  3.63056e-09
 Reference value :  3.63656e-09
 Reference value :  3.64256e-09
 Reference value :  3.64856e-09
 Reference value :  3.65456e-09
 Reference value :  3.66056e-09
 Reference value :  3.66656e-09
 Reference value :  3.67256e-09
 Reference value :  3.67856e-09
 Reference value :  3.68456e-09
 Reference value :  3.69056e-09
 Reference value :  3.69656e-09
 Reference value :  3.70256e-09
 Reference value :  3.70856e-09
 Reference value :  3.71456e-09
 Reference value :  3.72256e-09
 Reference value :  3.73056e-09
 Reference value :  3.73656e-09
 Reference value :  3.74256e-09
 Reference value :  3.75056e-09
 Reference value :  3.75656e-09
 Reference value :  3.76256e-09
 Reference value :  3.76856e-09
 Reference value :  3.77456e-09
 Reference value :  3.78056e-09
 Reference value :  3.78656e-09
 Reference value :  3.79256e-09
 Reference value :  3.79856e-09
 Reference value :  3.80456e-09
 Reference value :  3.81056e-09
 Reference value :  3.81656e-09
 Reference value :  3.82256e-09
 Reference value :  3.82856e-09
 Reference value :  3.83456e-09
 Reference value :  3.84056e-09
 Reference value :  3.84656e-09
 Reference value :  3.85256e-09
 Reference value :  3.85856e-09
 Reference value :  3.86456e-09
 Reference value :  3.87056e-09
 Reference value :  3.87856e-09
 Reference value :  3.88456e-09
 Reference value :  3.89256e-09
 Reference value :  3.89856e-09
 Reference value :  3.90456e-09
 Reference value :  3.91056e-09
 Reference value :  3.91656e-09
 Reference value :  3.92256e-09
 Reference value :  3.92856e-09
 Reference value :  3.93456e-09
 Reference value :  3.94056e-09
 Reference value :  3.94856e-09
 Reference value :  3.95456e-09
 Reference value :  3.96256e-09
 Reference value :  3.96856e-09
 Reference value :  3.97456e-09
 Reference value :  3.98056e-09
 Reference value :  3.98656e-09
 Reference value :  3.99456e-09
 Reference value :  4.00056e-09
 Reference value :  4.00656e-09
 Reference value :  4.01256e-09
 Reference value :  4.02056e-09
 Reference value :  4.02656e-09
 Reference value :  4.03256e-09
 Reference value :  4.03856e-09
 Reference value :  4.04456e-09
 Reference value :  4.05056e-09
 Reference value :  4.05656e-09
 Reference value :  4.06256e-09
 Reference value :  4.06856e-09
 Reference value :  4.07456e-09
 Reference value :  4.08256e-09
 Reference value :  4.08856e-09
 Reference value :  4.09456e-09
 Reference value :  4.10056e-09
 Reference value :  4.10656e-09
 Reference value :  4.11456e-09
 Reference value :  4.12256e-09
 Reference value :  4.12856e-09
 Reference value :  4.13456e-09
 Reference value :  4.14056e-09
 Reference value :  4.14656e-09
 Reference value :  4.15256e-09
 Reference value :  4.15856e-09
 Reference value :  4.16456e-09
 Reference value :  4.17056e-09
 Reference value :  4.17656e-09
 Reference value :  4.18256e-09
 Reference value :  4.18856e-09
 Reference value :  4.19456e-09
 Reference value :  4.20256e-09
 Reference value :  4.20856e-09
 Reference value :  4.21456e-09
 Reference value :  4.22056e-09
 Reference value :  4.22856e-09
 Reference value :  4.23456e-09
 Reference value :  4.24256e-09
 Reference value :  4.24856e-09
 Reference value :  4.25456e-09
 Reference value :  4.26256e-09
 Reference value :  4.26856e-09
 Reference value :  4.27656e-09
 Reference value :  4.28256e-09
 Reference value :  4.28856e-09
 Reference value :  4.29456e-09
 Reference value :  4.30256e-09
 Reference value :  4.30856e-09
 Reference value :  4.31456e-09
 Reference value :  4.32056e-09
 Reference value :  4.32656e-09
 Reference value :  4.33256e-09
 Reference value :  4.33856e-09
 Reference value :  4.34456e-09
 Reference value :  4.35056e-09
 Reference value :  4.35656e-09
 Reference value :  4.36256e-09
 Reference value :  4.36856e-09
 Reference value :  4.37456e-09
 Reference value :  4.38056e-09
 Reference value :  4.38656e-09
 Reference value :  4.39256e-09
 Reference value :  4.39856e-09
 Reference value :  4.40456e-09
 Reference value :  4.41056e-09
 Reference value :  4.41656e-09
 Reference value :  4.42256e-09
 Reference value :  4.42856e-09
 Reference value :  4.43456e-09
 Reference value :  4.44256e-09
 Reference value :  4.44856e-09
 Reference value :  4.45456e-09
 Reference value :  4.46056e-09
 Reference value :  4.46656e-09
 Reference value :  4.47256e-09
 Reference value :  4.47856e-09
 Reference value :  4.48656e-09
 Reference value :  4.49256e-09
 Reference value :  4.50056e-09
 Reference value :  4.50656e-09
 Reference value :  4.51256e-09
 Reference value :  4.51856e-09
 Reference value :  4.52456e-09
 Reference value :  4.53056e-09
 Reference value :  4.53656e-09
 Reference value :  4.54456e-09
 Reference value :  4.55056e-09
 Reference value :  4.55656e-09
 Reference value :  4.56256e-09
 Reference value :  4.56856e-09
 Reference value :  4.57456e-09
 Reference value :  4.58056e-09
 Reference value :  4.58656e-09
 Reference value :  4.59456e-09
 Reference value :  4.60056e-09
 Reference value :  4.60656e-09
 Reference value :  4.61256e-09
 Reference value :  4.61856e-09
 Reference value :  4.62456e-09
 Reference value :  4.63056e-09
 Reference value :  4.63656e-09
 Reference value :  4.64256e-09
 Reference value :  4.64856e-09
 Reference value :  4.65656e-09
 Reference value :  4.66256e-09
 Reference value :  4.66856e-09
 Reference value :  4.67456e-09
 Reference value :  4.68056e-09
 Reference value :  4.68656e-09
 Reference value :  4.69256e-09
 Reference value :  4.69856e-09
 Reference value :  4.70456e-09
 Reference value :  4.71256e-09
 Reference value :  4.71856e-09
 Reference value :  4.72456e-09
 Reference value :  4.73256e-09
 Reference value :  4.73856e-09
 Reference value :  4.74456e-09
 Reference value :  4.75056e-09
 Reference value :  4.75656e-09
 Reference value :  4.76256e-09
 Reference value :  4.77056e-09
 Reference value :  4.77656e-09
 Reference value :  4.78456e-09
 Reference value :  4.79056e-09
 Reference value :  4.79656e-09
 Reference value :  4.80456e-09
 Reference value :  4.81056e-09
 Reference value :  4.81656e-09
 Reference value :  4.82256e-09
 Reference value :  4.83056e-09
 Reference value :  4.83656e-09
 Reference value :  4.84256e-09
 Reference value :  4.84856e-09
 Reference value :  4.85656e-09
 Reference value :  4.86256e-09
 Reference value :  4.86856e-09
 Reference value :  4.87456e-09
 Reference value :  4.88056e-09
 Reference value :  4.88856e-09
 Reference value :  4.89456e-09
 Reference value :  4.90056e-09
 Reference value :  4.90656e-09
 Reference value :  4.91256e-09
 Reference value :  4.91856e-09
 Reference value :  4.92456e-09
 Reference value :  4.93056e-09
 Reference value :  4.93656e-09
 Reference value :  4.94256e-09
 Reference value :  4.94856e-09
 Reference value :  4.95456e-09
 Reference value :  4.96256e-09
 Reference value :  4.96856e-09
 Reference value :  4.97456e-09
 Reference value :  4.98056e-09
 Reference value :  4.98656e-09
 Reference value :  4.99456e-09
 Reference value :  5.00000e-09
 Reference value :  5.00140e-09
 Reference value :  5.00700e-09
 Reference value :  5.01300e-09
 Reference value :  5.01900e-09
 Reference value :  5.02500e-09
 Reference value :  5.03300e-09
 Reference value :  5.04100e-09
 Reference value :  5.04700e-09
 Reference value :  5.05300e-09
 Reference value :  5.05900e-09
 Reference value :  5.06700e-09
 Reference value :  5.07300e-09
 Reference value :  5.07900e-09
 Reference value :  5.08500e-09
 Reference value :  5.09100e-09
 Reference value :  5.09700e-09
 Reference value :  5.10020e-09
 Reference value :  5.10300e-09
 Reference value :  5.10900e-09
 Reference value :  5.11500e-09
 Reference value :  5.12300e-09
 Reference value :  5.13100e-09
 Reference value :  5.13700e-09
 Reference value :  5.14300e-09
 Reference value :  5.14900e-09
 Reference value :  5.15500e-09
 Reference value :  5.16100e-09
 Reference value :  5.16900e-09
 Reference value :  5.17500e-09
 Reference value :  5.18100e-09
 Reference value :  5.18700e-09
 Reference value :  5.19500e-09
 Reference value :  5.20100e-09
 Reference value :  5.20700e-09
 Reference value :  5.21300e-09
 Reference value :  5.21900e-09
 Reference value :  5.22500e-09
 Reference value :  5.23100e-09
 Reference value :  5.23900e-09
 Reference value :  5.24500e-09
 Reference value :  5.25100e-09
 Reference value :  5.25700e-09
 Reference value :  5.26300e-09
 Reference value :  5.26900e-09
 Reference value :  5.27700e-09
 Reference value :  5.28300e-09
 Reference value :  5.28900e-09
 Reference value :  5.29500e-09
 Reference value :  5.30100e-09
 Reference value :  5.30700e-09
 Reference value :  5.31500e-09
 Reference value :  5.32100e-09
 Reference value :  5.32700e-09
 Reference value :  5.33300e-09
 Reference value :  5.33900e-09
 Reference value :  5.34500e-09
 Reference value :  5.35100e-09
 Reference value :  5.35700e-09
 Reference value :  5.36500e-09
 Reference value :  5.37300e-09
 Reference value :  5.37900e-09
 Reference value :  5.38500e-09
 Reference value :  5.39100e-09
 Reference value :  5.39700e-09
 Reference value :  5.40300e-09
 Reference value :  5.40900e-09
 Reference value :  5.41500e-09
 Reference value :  5.42100e-09
 Reference value :  5.42700e-09
 Reference value :  5.43300e-09
 Reference value :  5.43900e-09
 Reference value :  5.44500e-09
 Reference value :  5.45100e-09
 Reference value :  5.45900e-09
 Reference value :  5.46700e-09
 Reference value :  5.47300e-09
 Reference value :  5.47900e-09
 Reference value :  5.48500e-09
 Reference value :  5.49100e-09
 Reference value :  5.49500e-09
 Reference value :  5.50100e-09
 Reference value :  5.50700e-09
 Reference value :  5.51300e-09
 Reference value :  5.51900e-09
 Reference value :  5.52700e-09
 Reference value :  5.53300e-09
 Reference value :  5.53900e-09
 Reference value :  5.54500e-09
 Reference value :  5.55100e-09
 Reference value :  5.55900e-09
 Reference value :  5.56500e-09
 Reference value :  5.57100e-09
 Reference value :  5.57700e-09
 Reference value :  5.58300e-09
 Reference value :  5.58900e-09
 Reference value :  5.59500e-09
 Reference value :  5.60100e-09
 Reference value :  5.60700e-09
 Reference value :  5.61500e-09
 Reference value :  5.62100e-09
 Reference value :  5.62700e-09
 Reference value :  5.63300e-09
 Reference value :  5.63900e-09
 Reference value :  5.64500e-09
 Reference value :  5.65100e-09
 Reference value :  5.65700e-09
 Reference value :  5.66500e-09
 Reference value :  5.67100e-09
 Reference value :  5.67900e-09
 Reference value :  5.68500e-09
 Reference value :  5.69100e-09
 Reference value :  5.69700e-09
 Reference value :  5.70500e-09
 Reference value :  5.71300e-09
 Reference value :  5.71900e-09
 Reference value :  5.72500e-09
 Reference value :  5.73100e-09
 Reference value :  5.73700e-09
 Reference value :  5.74300e-09
 Reference value :  5.75100e-09
 Reference value :  5.75900e-09
 Reference value :  5.76700e-09
 Reference value :  5.77500e-09
 Reference value :  5.78100e-09
 Reference value :  5.78900e-09
 Reference value :  5.79500e-09
 Reference value :  5.80100e-09
 Reference value :  5.80700e-09
 Reference value :  5.81300e-09
 Reference value :  5.81900e-09
 Reference value :  5.82500e-09
 Reference value :  5.83100e-09
 Reference value :  5.83900e-09
 Reference value :  5.84700e-09
 Reference value :  5.85500e-09
 Reference value :  5.86100e-09
 Reference value :  5.86700e-09
 Reference value :  5.87300e-09
 Reference value :  5.88100e-09
 Reference value :  5.88700e-09
 Reference value :  5.89300e-09
 Reference value :  5.89900e-09
 Reference value :  5.90500e-09
 Reference value :  5.91100e-09
 Reference value :  5.91700e-09
 Reference value :  5.92300e-09
 Reference value :  5.92900e-09
 Reference value :  5.93700e-09
 Reference value :  5.94300e-09
 Reference value :  5.94900e-09
 Reference value :  5.95700e-09
 Reference value :  5.96300e-09
 Reference value :  5.96900e-09
 Reference value :  5.97500e-09
 Reference value :  5.98300e-09
 Reference value :  5.98900e-09
 Reference value :  5.99700e-09
 Reference value :  6.00300e-09
 Reference value :  6.00900e-09
 Reference value :  6.01700e-09
 Reference value :  6.02300e-09
 Reference value :  6.02900e-09
 Reference value :  6.03500e-09
 Reference value :  6.04100e-09
 Reference value :  6.04700e-09
 Reference value :  6.05300e-09
 Reference value :  6.06100e-09
 Reference value :  6.06700e-09
 Reference value :  6.07300e-09
 Reference value :  6.07900e-09
 Reference value :  6.08500e-09
 Reference value :  6.09100e-09
 Reference value :  6.09700e-09
 Reference value :  6.10300e-09
 Reference value :  6.10900e-09
 Reference value :  6.11500e-09
 Reference value :  6.12300e-09
 Reference value :  6.12900e-09
 Reference value :  6.13500e-09
 Reference value :  6.14100e-09
 Reference value :  6.14700e-09
 Reference value :  6.15500e-09
 Reference value :  6.16100e-09
 Reference value :  6.16700e-09
 Reference value :  6.17500e-09
 Reference value :  6.18100e-09
 Reference value :  6.18700e-09
 Reference value :  6.19300e-09
 Reference value :  6.19900e-09
 Reference value :  6.20500e-09
 Reference value :  6.21100e-09
 Reference value :  6.21700e-09
 Reference value :  6.22300e-09
 Reference value :  6.22900e-09
 Reference value :  6.23500e-09
 Reference value :  6.24100e-09
 Reference value :  6.24700e-09
 Reference value :  6.25300e-09
 Reference value :  6.25900e-09
 Reference value :  6.26500e-09
 Reference value :  6.27100e-09
 Reference value :  6.27700e-09
 Reference value :  6.28300e-09
 Reference value :  6.28900e-09
 Reference value :  6.29700e-09
 Reference value :  6.30300e-09
 Reference value :  6.30900e-09
 Reference value :  6.31500e-09
 Reference value :  6.32100e-09
 Reference value :  6.32700e-09
 Reference value :  6.33300e-09
 Reference value :  6.34100e-09
 Reference value :  6.34700e-09
 Reference value :  6.35300e-09
 Reference value :  6.36100e-09
 Reference value :  6.36700e-09
 Reference value :  6.37300e-09
 Reference value :  6.37900e-09
 Reference value :  6.38500e-09
 Reference value :  6.39100e-09
 Reference value :  6.39700e-09
 Reference value :  6.40500e-09
 Reference value :  6.41100e-09
 Reference value :  6.41700e-09
 Reference value :  6.42500e-09
 Reference value :  6.43100e-09
 Reference value :  6.43700e-09
 Reference value :  6.44300e-09
 Reference value :  6.44900e-09
 Reference value :  6.45500e-09
 Reference value :  6.46100e-09
 Reference value :  6.46700e-09
 Reference value :  6.47500e-09
 Reference value :  6.48100e-09
 Reference value :  6.48700e-09
 Reference value :  6.49300e-09
 Reference value :  6.50100e-09
 Reference value :  6.50700e-09
 Reference value :  6.51300e-09
 Reference value :  6.51900e-09
 Reference value :  6.52500e-09
 Reference value :  6.53100e-09
 Reference value :  6.53700e-09
 Reference value :  6.54500e-09
 Reference value :  6.55100e-09
 Reference value :  6.55700e-09
 Reference value :  6.56300e-09
 Reference value :  6.56900e-09
 Reference value :  6.57500e-09
 Reference value :  6.58100e-09
 Reference value :  6.58700e-09
 Reference value :  6.59300e-09
 Reference value :  6.59900e-09
 Reference value :  6.60500e-09
 Reference value :  6.61300e-09
 Reference value :  6.61900e-09
 Reference value :  6.62500e-09
 Reference value :  6.63100e-09
 Reference value :  6.63700e-09
 Reference value :  6.64300e-09
 Reference value :  6.64900e-09
 Reference value :  6.65500e-09
 Reference value :  6.66100e-09
 Reference value :  6.66700e-09
 Reference value :  6.67300e-09
 Reference value :  6.67900e-09
 Reference value :  6.68500e-09
 Reference value :  6.69100e-09
 Reference value :  6.69700e-09
 Reference value :  6.70300e-09
 Reference value :  6.70900e-09
 Reference value :  6.71700e-09
 Reference value :  6.72300e-09
 Reference value :  6.72900e-09
 Reference value :  6.73500e-09
 Reference value :  6.74100e-09
 Reference value :  6.74700e-09
 Reference value :  6.75300e-09
 Reference value :  6.75900e-09
 Reference value :  6.76700e-09
 Reference value :  6.77300e-09
 Reference value :  6.78100e-09
 Reference value :  6.78700e-09
 Reference value :  6.79300e-09
 Reference value :  6.79900e-09
 Reference value :  6.80500e-09
 Reference value :  6.81100e-09
 Reference value :  6.81900e-09
 Reference value :  6.82700e-09
 Reference value :  6.83300e-09
 Reference value :  6.83900e-09
 Reference value :  6.84500e-09
 Reference value :  6.85100e-09
 Reference value :  6.85900e-09
 Reference value :  6.86700e-09
 Reference value :  6.87300e-09
 Reference value :  6.87900e-09
 Reference value :  6.88500e-09
 Reference value :  6.89300e-09
 Reference value :  6.89900e-09
 Reference value :  6.90500e-09
 Reference value :  6.91100e-09
 Reference value :  6.91700e-09
 Reference value :  6.92300e-09
 Reference value :  6.92900e-09
 Reference value :  6.93500e-09
 Reference value :  6.94100e-09
 Reference value :  6.94700e-09
 Reference value :  6.95500e-09
 Reference value :  6.96300e-09
 Reference value :  6.96900e-09
 Reference value :  6.97500e-09
 Reference value :  6.98100e-09
 Reference value :  6.98900e-09
 Reference value :  6.99500e-09
 Reference value :  7.00100e-09
 Reference value :  7.00700e-09
 Reference value :  7.01300e-09
 Reference value :  7.01900e-09
 Reference value :  7.02500e-09
 Reference value :  7.03100e-09
 Reference value :  7.03900e-09
 Reference value :  7.04500e-09
 Reference value :  7.05100e-09
 Reference value :  7.05700e-09
 Reference value :  7.06300e-09
 Reference value :  7.06900e-09
 Reference value :  7.07500e-09
 Reference value :  7.08100e-09
 Reference value :  7.08700e-09
 Reference value :  7.09300e-09
 Reference value :  7.09900e-09
 Reference value :  7.10500e-09
 Reference value :  7.11100e-09
 Reference value :  7.11700e-09
 Reference value :  7.12300e-09
 Reference value :  7.13100e-09
 Reference value :  7.13700e-09
 Reference value :  7.14300e-09
 Reference value :  7.14900e-09
 Reference value :  7.15500e-09
 Reference value :  7.16300e-09
 Reference value :  7.17100e-09
 Reference value :  7.17700e-09
 Reference value :  7.18500e-09
 Reference value :  7.19100e-09
 Reference value :  7.19700e-09
 Reference value :  7.20300e-09
 Reference value :  7.20900e-09
 Reference value :  7.21500e-09
 Reference value :  7.22100e-09
 Reference value :  7.22900e-09
 Reference value :  7.23500e-09
 Reference value :  7.24300e-09
 Reference value :  7.25100e-09
 Reference value :  7.25700e-09
 Reference value :  7.26300e-09
 Reference value :  7.27100e-09
 Reference value :  7.27700e-09
 Reference value :  7.28300e-09
 Reference value :  7.28900e-09
 Reference value :  7.29700e-09
 Reference value :  7.30500e-09
 Reference value :  7.31300e-09
 Reference value :  7.31900e-09
 Reference value :  7.32500e-09
 Reference value :  7.33100e-09
 Reference value :  7.33700e-09
 Reference value :  7.34300e-09
 Reference value :  7.34900e-09
 Reference value :  7.35500e-09
 Reference value :  7.36300e-09
 Reference value :  7.36900e-09
 Reference value :  7.37500e-09
 Reference value :  7.38100e-09
 Reference value :  7.38700e-09
 Reference value :  7.39300e-09
 Reference value :  7.39900e-09
 Reference value :  7.40500e-09
 Reference value :  7.41100e-09
 Reference value :  7.41700e-09
 Reference value :  7.42300e-09
 Reference value :  7.42900e-09
 Reference value :  7.43500e-09
 Reference value :  7.44100e-09
 Reference value :  7.44900e-09
 Reference value :  7.45700e-09
 Reference value :  7.46500e-09
 Reference value :  7.47300e-09
 Reference value :  7.48100e-09
 Reference value :  7.48700e-09
 Reference value :  7.49300e-09
 Reference value :  7.49900e-09
 Reference value :  7.50500e-09
 Reference value :  7.51300e-09
 Reference value :  7.51900e-09
 Reference value :  7.52500e-09
 Reference value :  7.53300e-09
 Reference value :  7.53900e-09
 Reference value :  7.54500e-09
 Reference value :  7.55300e-09
 Reference value :  7.56100e-09
 Reference value :  7.56900e-09
 Reference value :  7.57500e-09
 Reference value :  7.58100e-09
 Reference value :  7.58900e-09
 Reference value :  7.59700e-09
No. of Data Rows : 3814
Note: Simulation executed from .control section 
