
Note: Compatibility modes selected: hs a


Circuit: * comparator-decision offset pick-off -- vindiff=0.0mv corner=tt temp=27.0c seed=2 (issue #9)

option SCALE: Scale is set to 1e-06 for instance and model parameters
option SCALE: Scale is set to 1e-06 for instance and model parameters
option SCALE: Scale is set to 1e-06 for instance and model parameters
option SCALE: Scale is set to 1e-06 for instance and model parameters
Doing analysis at TEMP = 27.000000 and TNOM = 27.000000

Using KLU as Direct Linear Solver
 Reference value :  0.00000e+00
 Reference value :  8.00000e-14
 Reference value :  6.40000e-13
 Reference value :  4.56000e-12
 Reference value :  1.05600e-11
 Reference value :  1.65600e-11
 Reference value :  2.25600e-11
 Reference value :  3.05600e-11
 Reference value :  3.85600e-11
 Reference value :  4.45600e-11
 Reference value :  5.05600e-11
 Reference value :  5.65600e-11
 Reference value :  6.45600e-11
 Reference value :  7.05600e-11
 Reference value :  7.85600e-11
 Reference value :  8.45600e-11
 Reference value :  9.25600e-11
 Reference value :  9.85600e-11
 Reference value :  1.04560e-10
 Reference value :  1.12560e-10
 Reference value :  1.18560e-10
 Reference value :  1.24560e-10
 Reference value :  1.30560e-10
 Reference value :  1.36560e-10
 Reference value :  1.42560e-10
 Reference value :  1.50560e-10
 Reference value :  1.56560e-10
 Reference value :  1.62560e-10
 Reference value :  1.70560e-10
 Reference value :  1.78560e-10
 Reference value :  1.84560e-10
 Reference value :  1.90560e-10
 Reference value :  1.96560e-10
 Reference value :  2.02560e-10
 Reference value :  2.10560e-10
 Reference value :  2.18560e-10
 Reference value :  2.26560e-10
 Reference value :  2.32560e-10
 Reference value :  2.38560e-10
 Reference value :  2.46560e-10
 Reference value :  2.52560e-10
 Reference value :  2.60560e-10
 Reference value :  2.68560e-10
 Reference value :  2.74560e-10
 Reference value :  2.80560e-10
 Reference value :  2.86560e-10
 Reference value :  2.94560e-10
 Reference value :  3.02560e-10
 Reference value :  3.08560e-10
 Reference value :  3.14560e-10
 Reference value :  3.22560e-10
 Reference value :  3.28560e-10
 Reference value :  3.34560e-10
 Reference value :  3.40560e-10
 Reference value :  3.48560e-10
 Reference value :  3.56560e-10
 Reference value :  3.62560e-10
 Reference value :  3.70560e-10
 Reference value :  3.76560e-10
 Reference value :  3.82560e-10
 Reference value :  3.90560e-10
 Reference value :  3.96560e-10
 Reference value :  4.02560e-10
 Reference value :  4.08560e-10
 Reference value :  4.14560e-10
 Reference value :  4.20560e-10
 Reference value :  4.28560e-10
 Reference value :  4.36560e-10
 Reference value :  4.42560e-10
 Reference value :  4.48560e-10
 Reference value :  4.56560e-10
 Reference value :  4.62560e-10
 Reference value :  4.68560e-10
 Reference value :  4.74560e-10
 Reference value :  4.80560e-10
 Reference value :  4.86560e-10
 Reference value :  4.94560e-10
 Reference value :  5.00560e-10
 Reference value :  5.06560e-10
 Reference value :  5.12560e-10
 Reference value :  5.18560e-10
 Reference value :  5.26560e-10
 Reference value :  5.34560e-10
 Reference value :  5.40560e-10
 Reference value :  5.48560e-10
 Reference value :  5.54560e-10
 Reference value :  5.60560e-10
 Reference value :  5.68560e-10
 Reference value :  5.74560e-10
 Reference value :  5.82560e-10
 Reference value :  5.90560e-10
 Reference value :  5.96560e-10
 Reference value :  6.04560e-10
 Reference value :  6.10560e-10
 Reference value :  6.16560e-10
 Reference value :  6.22560e-10
 Reference value :  6.30560e-10
 Reference value :  6.36560e-10
 Reference value :  6.44560e-10
 Reference value :  6.50560e-10
 Reference value :  6.58560e-10
 Reference value :  6.64560e-10
 Reference value :  6.70560e-10
 Reference value :  6.76560e-10
 Reference value :  6.82560e-10
 Reference value :  6.88560e-10
 Reference value :  6.96560e-10
 Reference value :  7.04560e-10
 Reference value :  7.10560e-10
 Reference value :  7.16560e-10
 Reference value :  7.22560e-10
 Reference value :  7.30560e-10
 Reference value :  7.36560e-10
 Reference value :  7.44560e-10
 Reference value :  7.50560e-10
 Reference value :  7.58560e-10
 Reference value :  7.68560e-10
 Reference value :  7.74560e-10
 Reference value :  7.80560e-10
 Reference value :  7.86560e-10
 Reference value :  7.92560e-10
 Reference value :  7.98560e-10
 Reference value :  8.06560e-10
 Reference value :  8.14560e-10
 Reference value :  8.22560e-10
 Reference value :  8.30560e-10
 Reference value :  8.36560e-10
 Reference value :  8.42560e-10
 Reference value :  8.48560e-10
 Reference value :  8.54560e-10
 Reference value :  8.60560e-10
 Reference value :  8.66560e-10
 Reference value :  8.74560e-10
 Reference value :  8.82560e-10
 Reference value :  8.88560e-10
 Reference value :  8.96560e-10
 Reference value :  9.04560e-10
 Reference value :  9.12560e-10
 Reference value :  9.20560e-10
 Reference value :  9.26560e-10
 Reference value :  9.34560e-10
 Reference value :  9.42560e-10
 Reference value :  9.50560e-10
 Reference value :  9.56560e-10
 Reference value :  9.64560e-10
 Reference value :  9.70560e-10
 Reference value :  9.78560e-10
 Reference value :  9.84560e-10
 Reference value :  9.92560e-10
 Reference value :  1.00056e-09
 Reference value :  1.00856e-09
 Reference value :  1.01656e-09
 Reference value :  1.02456e-09
 Reference value :  1.03256e-09
 Reference value :  1.04056e-09
 Reference value :  1.04656e-09
 Reference value :  1.05256e-09
 Reference value :  1.06056e-09
 Reference value :  1.06856e-09
 Reference value :  1.07456e-09
 Reference value :  1.08056e-09
 Reference value :  1.09056e-09
 Reference value :  1.09856e-09
 Reference value :  1.10456e-09
 Reference value :  1.11256e-09
 Reference value :  1.11856e-09
 Reference value :  1.12456e-09
 Reference value :  1.13056e-09
 Reference value :  1.13856e-09
 Reference value :  1.14456e-09
 Reference value :  1.15256e-09
 Reference value :  1.16056e-09
 Reference value :  1.16656e-09
 Reference value :  1.17456e-09
 Reference value :  1.18056e-09
 Reference value :  1.18656e-09
 Reference value :  1.19256e-09
 Reference value :  1.20056e-09
 Reference value :  1.20856e-09
 Reference value :  1.21456e-09
 Reference value :  1.22056e-09
 Reference value :  1.22656e-09
 Reference value :  1.23256e-09
 Reference value :  1.24056e-09
 Reference value :  1.24656e-09
 Reference value :  1.25256e-09
 Reference value :  1.26056e-09
 Reference value :  1.26656e-09
 Reference value :  1.27456e-09
 Reference value :  1.28056e-09
 Reference value :  1.28656e-09
 Reference value :  1.29256e-09
 Reference value :  1.30056e-09
 Reference value :  1.30656e-09
 Reference value :  1.31256e-09
 Reference value :  1.31856e-09
 Reference value :  1.32656e-09
 Reference value :  1.33456e-09
 Reference value :  1.34256e-09
 Reference value :  1.34856e-09
 Reference value :  1.35456e-09
 Reference value :  1.36056e-09
 Reference value :  1.36656e-09
 Reference value :  1.37256e-09
 Reference value :  1.38056e-09
 Reference value :  1.38656e-09
 Reference value :  1.39256e-09
 Reference value :  1.39856e-09
 Reference value :  1.40656e-09
 Reference value :  1.41256e-09
 Reference value :  1.41856e-09
 Reference value :  1.42456e-09
 Reference value :  1.43056e-09
 Reference value :  1.43656e-09
 Reference value :  1.44656e-09
 Reference value :  1.45256e-09
 Reference value :  1.45856e-09
 Reference value :  1.46656e-09
 Reference value :  1.47256e-09
 Reference value :  1.48056e-09
 Reference value :  1.48656e-09
 Reference value :  1.49256e-09
 Reference value :  1.50056e-09
 Reference value :  1.50856e-09
 Reference value :  1.51656e-09
 Reference value :  1.52256e-09
 Reference value :  1.53056e-09
 Reference value :  1.53656e-09
 Reference value :  1.54456e-09
 Reference value :  1.55056e-09
 Reference value :  1.55856e-09
 Reference value :  1.56456e-09
 Reference value :  1.57256e-09
 Reference value :  1.57856e-09
 Reference value :  1.58656e-09
 Reference value :  1.59256e-09
 Reference value :  1.59856e-09
 Reference value :  1.60656e-09
 Reference value :  1.61456e-09
 Reference value :  1.62056e-09
 Reference value :  1.62656e-09
 Reference value :  1.63256e-09
 Reference value :  1.63856e-09
 Reference value :  1.64456e-09
 Reference value :  1.65056e-09
 Reference value :  1.65656e-09
 Reference value :  1.66256e-09
 Reference value :  1.67056e-09
 Reference value :  1.67656e-09
 Reference value :  1.68256e-09
 Reference value :  1.68856e-09
 Reference value :  1.69456e-09
 Reference value :  1.70056e-09
 Reference value :  1.70656e-09
 Reference value :  1.71256e-09
 Reference value :  1.71856e-09
 Reference value :  1.72456e-09
 Reference value :  1.73056e-09
 Reference value :  1.73856e-09
 Reference value :  1.74656e-09
 Reference value :  1.75256e-09
 Reference value :  1.76056e-09
 Reference value :  1.76656e-09
 Reference value :  1.77256e-09
 Reference value :  1.77856e-09
 Reference value :  1.78456e-09
 Reference value :  1.79056e-09
 Reference value :  1.79856e-09
 Reference value :  1.80456e-09
 Reference value :  1.81256e-09
 Reference value :  1.81856e-09
 Reference value :  1.82456e-09
 Reference value :  1.83056e-09
 Reference value :  1.83656e-09
 Reference value :  1.84256e-09
 Reference value :  1.84856e-09
 Reference value :  1.85456e-09
 Reference value :  1.86056e-09
 Reference value :  1.86656e-09
 Reference value :  1.87256e-09
 Reference value :  1.87856e-09
 Reference value :  1.88456e-09
 Reference value :  1.89056e-09
 Reference value :  1.89656e-09
 Reference value :  1.90256e-09
 Reference value :  1.90856e-09
 Reference value :  1.91656e-09
 Reference value :  1.92456e-09
 Reference value :  1.93056e-09
 Reference value :  1.93856e-09
 Reference value :  1.94456e-09
 Reference value :  1.95056e-09
 Reference value :  1.95856e-09
 Reference value :  1.96456e-09
 Reference value :  1.97056e-09
 Reference value :  1.97656e-09
 Reference value :  1.98256e-09
 Reference value :  1.98856e-09
 Reference value :  1.99456e-09
 Reference value :  2.00256e-09
 Reference value :  2.00856e-09
 Reference value :  2.01456e-09
 Reference value :  2.02056e-09
 Reference value :  2.02656e-09
 Reference value :  2.03256e-09
 Reference value :  2.03856e-09
 Reference value :  2.04456e-09
 Reference value :  2.05056e-09
 Reference value :  2.05656e-09
 Reference value :  2.06256e-09
 Reference value :  2.06856e-09
 Reference value :  2.07656e-09
 Reference value :  2.08456e-09
 Reference value :  2.09256e-09
 Reference value :  2.09856e-09
 Reference value :  2.10456e-09
 Reference value :  2.11056e-09
 Reference value :  2.11656e-09
 Reference value :  2.12256e-09
 Reference value :  2.12856e-09
 Reference value :  2.13656e-09
 Reference value :  2.14256e-09
 Reference value :  2.14856e-09
 Reference value :  2.15456e-09
 Reference value :  2.16256e-09
 Reference value :  2.16856e-09
 Reference value :  2.17656e-09
 Reference value :  2.18256e-09
 Reference value :  2.18856e-09
 Reference value :  2.19456e-09
 Reference value :  2.20056e-09
 Reference value :  2.20656e-09
 Reference value :  2.21456e-09
 Reference value :  2.22056e-09
 Reference value :  2.22856e-09
 Reference value :  2.23456e-09
 Reference value :  2.24256e-09
 Reference value :  2.24856e-09
 Reference value :  2.25456e-09
 Reference value :  2.26256e-09
 Reference value :  2.26856e-09
 Reference value :  2.27456e-09
 Reference value :  2.28056e-09
 Reference value :  2.28656e-09
 Reference value :  2.29256e-09
 Reference value :  2.29856e-09
 Reference value :  2.30456e-09
 Reference value :  2.31056e-09
 Reference value :  2.31656e-09
 Reference value :  2.32256e-09
 Reference value :  2.32856e-09
 Reference value :  2.33456e-09
 Reference value :  2.34056e-09
 Reference value :  2.34856e-09
 Reference value :  2.35456e-09
 Reference value :  2.36056e-09
 Reference value :  2.36656e-09
 Reference value :  2.37256e-09
 Reference value :  2.37856e-09
 Reference value :  2.38456e-09
 Reference value :  2.39056e-09
 Reference value :  2.39656e-09
 Reference value :  2.40256e-09
 Reference value :  2.40856e-09
 Reference value :  2.41456e-09
 Reference value :  2.42256e-09
 Reference value :  2.42856e-09
 Reference value :  2.43456e-09
 Reference value :  2.44256e-09
 Reference value :  2.44856e-09
 Reference value :  2.45456e-09
 Reference value :  2.46256e-09
 Reference value :  2.46856e-09
 Reference value :  2.47456e-09
 Reference value :  2.48056e-09
 Reference value :  2.48656e-09
 Reference value :  2.49256e-09
 Reference value :  2.49856e-09
 Reference value :  2.50456e-09
 Reference value :  2.51256e-09
 Reference value :  2.51856e-09
 Reference value :  2.52456e-09
 Reference value :  2.53056e-09
 Reference value :  2.53656e-09
 Reference value :  2.54456e-09
 Reference value :  2.55056e-09
 Reference value :  2.55856e-09
 Reference value :  2.56456e-09
 Reference value :  2.57056e-09
 Reference value :  2.57656e-09
 Reference value :  2.58456e-09
 Reference value :  2.59056e-09
 Reference value :  2.59656e-09
 Reference value :  2.60256e-09
 Reference value :  2.60856e-09
 Reference value :  2.61456e-09
 Reference value :  2.62056e-09
 Reference value :  2.62856e-09
 Reference value :  2.63656e-09
 Reference value :  2.64256e-09
 Reference value :  2.64856e-09
 Reference value :  2.65656e-09
 Reference value :  2.66256e-09
 Reference value :  2.66856e-09
 Reference value :  2.67456e-09
 Reference value :  2.68056e-09
 Reference value :  2.68656e-09
 Reference value :  2.69256e-09
 Reference value :  2.69856e-09
 Reference value :  2.70656e-09
 Reference value :  2.71256e-09
 Reference value :  2.71856e-09
 Reference value :  2.72656e-09
 Reference value :  2.73256e-09
 Reference value :  2.73856e-09
 Reference value :  2.74656e-09
 Reference value :  2.75256e-09
 Reference value :  2.75856e-09
 Reference value :  2.76456e-09
 Reference value :  2.77056e-09
 Reference value :  2.77656e-09
 Reference value :  2.78256e-09
 Reference value :  2.78856e-09
 Reference value :  2.79456e-09
 Reference value :  2.80256e-09
 Reference value :  2.80856e-09
 Reference value :  2.81656e-09
 Reference value :  2.82256e-09
 Reference value :  2.82856e-09
 Reference value :  2.83456e-09
 Reference value :  2.84256e-09
 Reference value :  2.84856e-09
 Reference value :  2.85456e-09
 Reference value :  2.86056e-09
 Reference value :  2.86656e-09
 Reference value :  2.87256e-09
 Reference value :  2.87856e-09
 Reference value :  2.88456e-09
 Reference value :  2.89056e-09
 Reference value :  2.89656e-09
 Reference value :  2.90256e-09
 Reference value :  2.90856e-09
 Reference value :  2.91456e-09
 Reference value :  2.92056e-09
 Reference value :  2.92656e-09
 Reference value :  2.93256e-09
 Reference value :  2.94056e-09
 Reference value :  2.94856e-09
 Reference value :  2.95456e-09
 Reference value :  2.96056e-09
 Reference value :  2.96656e-09
 Reference value :  2.97256e-09
 Reference value :  2.98056e-09
 Reference value :  2.98856e-09
 Reference value :  2.99456e-09
 Reference value :  3.00256e-09
 Reference value :  3.00856e-09
 Reference value :  3.01656e-09
 Reference value :  3.02256e-09
 Reference value :  3.02856e-09
 Reference value :  3.03656e-09
 Reference value :  3.04256e-09
 Reference value :  3.04856e-09
 Reference value :  3.05656e-09
 Reference value :  3.06456e-09
 Reference value :  3.07056e-09
 Reference value :  3.07656e-09
 Reference value :  3.08256e-09
 Reference value :  3.08856e-09
 Reference value :  3.09456e-09
 Reference value :  3.10256e-09
 Reference value :  3.10856e-09
 Reference value :  3.11656e-09
 Reference value :  3.12456e-09
 Reference value :  3.13056e-09
 Reference value :  3.13656e-09
 Reference value :  3.14256e-09
 Reference value :  3.14856e-09
 Reference value :  3.15456e-09
 Reference value :  3.16056e-09
 Reference value :  3.16656e-09
 Reference value :  3.17256e-09
 Reference value :  3.18056e-09
 Reference value :  3.18656e-09
 Reference value :  3.19456e-09
 Reference value :  3.20456e-09
 Reference value :  3.21056e-09
 Reference value :  3.21656e-09
 Reference value :  3.22256e-09
 Reference value :  3.22856e-09
 Reference value :  3.23456e-09
 Reference value :  3.24056e-09
 Reference value :  3.24856e-09
 Reference value :  3.25456e-09
 Reference value :  3.26056e-09
 Reference value :  3.26656e-09
 Reference value :  3.27256e-09
 Reference value :  3.27856e-09
 Reference value :  3.28456e-09
 Reference value :  3.29056e-09
 Reference value :  3.29656e-09
 Reference value :  3.30456e-09
 Reference value :  3.31056e-09
 Reference value :  3.31856e-09
 Reference value :  3.32656e-09
 Reference value :  3.33256e-09
 Reference value :  3.34056e-09
 Reference value :  3.34856e-09
 Reference value :  3.35456e-09
 Reference value :  3.36056e-09
 Reference value :  3.36656e-09
 Reference value :  3.37256e-09
 Reference value :  3.38056e-09
 Reference value :  3.38856e-09
 Reference value :  3.39656e-09
 Reference value :  3.40256e-09
 Reference value :  3.40856e-09
 Reference value :  3.41456e-09
 Reference value :  3.42256e-09
 Reference value :  3.42856e-09
 Reference value :  3.43456e-09
 Reference value :  3.44256e-09
 Reference value :  3.45056e-09
 Reference value :  3.45656e-09
 Reference value :  3.46256e-09
 Reference value :  3.47056e-09
 Reference value :  3.47856e-09
 Reference value :  3.48456e-09
 Reference value :  3.49056e-09
 Reference value :  3.49656e-09
 Reference value :  3.50456e-09
 Reference value :  3.51056e-09
 Reference value :  3.51656e-09
 Reference value :  3.52256e-09
 Reference value :  3.53056e-09
 Reference value :  3.53656e-09
 Reference value :  3.54256e-09
 Reference value :  3.54856e-09
 Reference value :  3.55656e-09
 Reference value :  3.56256e-09
 Reference value :  3.57056e-09
 Reference value :  3.57656e-09
 Reference value :  3.58256e-09
 Reference value :  3.58856e-09
 Reference value :  3.59456e-09
 Reference value :  3.60056e-09
 Reference value :  3.60656e-09
 Reference value :  3.61256e-09
 Reference value :  3.61856e-09
 Reference value :  3.62456e-09
 Reference value :  3.63056e-09
 Reference value :  3.63656e-09
 Reference value :  3.64256e-09
 Reference value :  3.64856e-09
 Reference value :  3.65656e-09
 Reference value :  3.66256e-09
 Reference value :  3.66856e-09
 Reference value :  3.67456e-09
 Reference value :  3.68256e-09
 Reference value :  3.68856e-09
 Reference value :  3.69456e-09
 Reference value :  3.70056e-09
 Reference value :  3.70656e-09
 Reference value :  3.71456e-09
 Reference value :  3.72056e-09
 Reference value :  3.72656e-09
 Reference value :  3.73256e-09
 Reference value :  3.73856e-09
 Reference value :  3.74456e-09
 Reference value :  3.75056e-09
 Reference value :  3.75656e-09
 Reference value :  3.76256e-09
 Reference value :  3.76856e-09
 Reference value :  3.77456e-09
 Reference value :  3.78256e-09
 Reference value :  3.78856e-09
 Reference value :  3.79456e-09
 Reference value :  3.80056e-09
 Reference value :  3.80656e-09
 Reference value :  3.81456e-09
 Reference value :  3.82056e-09
 Reference value :  3.82656e-09
 Reference value :  3.83456e-09
 Reference value :  3.84056e-09
 Reference value :  3.84656e-09
 Reference value :  3.85256e-09
 Reference value :  3.85856e-09
 Reference value :  3.86456e-09
 Reference value :  3.87056e-09
 Reference value :  3.87656e-09
 Reference value :  3.88456e-09
 Reference value :  3.89056e-09
 Reference value :  3.89656e-09
 Reference value :  3.90256e-09
 Reference value :  3.90856e-09
 Reference value :  3.91456e-09
 Reference value :  3.92056e-09
 Reference value :  3.92856e-09
 Reference value :  3.93456e-09
 Reference value :  3.94056e-09
 Reference value :  3.94656e-09
 Reference value :  3.95256e-09
 Reference value :  3.96056e-09
 Reference value :  3.96656e-09
 Reference value :  3.97256e-09
 Reference value :  3.98056e-09
 Reference value :  3.99056e-09
 Reference value :  3.99856e-09
 Reference value :  4.00656e-09
 Reference value :  4.01256e-09
 Reference value :  4.02056e-09
 Reference value :  4.02656e-09
 Reference value :  4.03256e-09
 Reference value :  4.03856e-09
 Reference value :  4.04456e-09
 Reference value :  4.05056e-09
 Reference value :  4.05856e-09
 Reference value :  4.06456e-09
 Reference value :  4.07256e-09
 Reference value :  4.07856e-09
 Reference value :  4.08456e-09
 Reference value :  4.09256e-09
 Reference value :  4.09856e-09
 Reference value :  4.10456e-09
 Reference value :  4.11256e-09
 Reference value :  4.12056e-09
 Reference value :  4.12856e-09
 Reference value :  4.13656e-09
 Reference value :  4.14456e-09
 Reference value :  4.15056e-09
 Reference value :  4.15656e-09
 Reference value :  4.16256e-09
 Reference value :  4.16856e-09
 Reference value :  4.17656e-09
 Reference value :  4.18256e-09
 Reference value :  4.19056e-09
 Reference value :  4.19656e-09
 Reference value :  4.20256e-09
 Reference value :  4.21056e-09
 Reference value :  4.21656e-09
 Reference value :  4.22456e-09
 Reference value :  4.23056e-09
 Reference value :  4.23656e-09
 Reference value :  4.24456e-09
 Reference value :  4.25056e-09
 Reference value :  4.25856e-09
 Reference value :  4.26456e-09
 Reference value :  4.27056e-09
 Reference value :  4.27656e-09
 Reference value :  4.28256e-09
 Reference value :  4.28856e-09
 Reference value :  4.29656e-09
 Reference value :  4.30256e-09
 Reference value :  4.31056e-09
 Reference value :  4.31656e-09
 Reference value :  4.32256e-09
 Reference value :  4.32856e-09
 Reference value :  4.33656e-09
 Reference value :  4.34256e-09
 Reference value :  4.34856e-09
 Reference value :  4.35456e-09
 Reference value :  4.36056e-09
 Reference value :  4.36656e-09
 Reference value :  4.37256e-09
 Reference value :  4.38056e-09
 Reference value :  4.38656e-09
 Reference value :  4.39256e-09
 Reference value :  4.39856e-09
 Reference value :  4.40456e-09
 Reference value :  4.41256e-09
 Reference value :  4.41856e-09
 Reference value :  4.42456e-09
 Reference value :  4.43056e-09
 Reference value :  4.43856e-09
 Reference value :  4.44656e-09
 Reference value :  4.45256e-09
 Reference value :  4.45856e-09
 Reference value :  4.46456e-09
 Reference value :  4.47056e-09
 Reference value :  4.47856e-09
 Reference value :  4.48456e-09
 Reference value :  4.49056e-09
 Reference value :  4.49856e-09
 Reference value :  4.50456e-09
 Reference value :  4.51256e-09
 Reference value :  4.51856e-09
 Reference value :  4.52656e-09
 Reference value :  4.53256e-09
 Reference value :  4.53856e-09
 Reference value :  4.54456e-09
 Reference value :  4.55056e-09
 Reference value :  4.55656e-09
 Reference value :  4.56256e-09
 Reference value :  4.56856e-09
 Reference value :  4.57656e-09
 Reference value :  4.58456e-09
 Reference value :  4.59056e-09
 Reference value :  4.59856e-09
 Reference value :  4.60656e-09
 Reference value :  4.61456e-09
 Reference value :  4.62056e-09
 Reference value :  4.62656e-09
 Reference value :  4.63256e-09
 Reference value :  4.63856e-09
 Reference value :  4.64456e-09
 Reference value :  4.65256e-09
 Reference value :  4.65856e-09
 Reference value :  4.66656e-09
 Reference value :  4.67256e-09
 Reference value :  4.68056e-09
 Reference value :  4.68656e-09
 Reference value :  4.69456e-09
 Reference value :  4.70256e-09
 Reference value :  4.70856e-09
 Reference value :  4.71456e-09
 Reference value :  4.72056e-09
 Reference value :  4.72656e-09
 Reference value :  4.73256e-09
 Reference value :  4.74056e-09
 Reference value :  4.74656e-09
 Reference value :  4.75256e-09
 Reference value :  4.75856e-09
 Reference value :  4.76656e-09
 Reference value :  4.77256e-09
 Reference value :  4.77856e-09
 Reference value :  4.78456e-09
 Reference value :  4.79056e-09
 Reference value :  4.79656e-09
 Reference value :  4.80256e-09
 Reference value :  4.80856e-09
 Reference value :  4.81456e-09
 Reference value :  4.82056e-09
 Reference value :  4.82656e-09
 Reference value :  4.83256e-09
 Reference value :  4.83856e-09
 Reference value :  4.84456e-09
 Reference value :  4.85056e-09
 Reference value :  4.85856e-09
 Reference value :  4.86456e-09
 Reference value :  4.87056e-09
 Reference value :  4.87856e-09
 Reference value :  4.88656e-09
 Reference value :  4.89256e-09
 Reference value :  4.89856e-09
 Reference value :  4.90456e-09
 Reference value :  4.91056e-09
 Reference value :  4.91656e-09
 Reference value :  4.92456e-09
 Reference value :  4.93056e-09
 Reference value :  4.93856e-09
 Reference value :  4.94656e-09
 Reference value :  4.95456e-09
 Reference value :  4.96056e-09
 Reference value :  4.96656e-09
 Reference value :  4.97456e-09
 Reference value :  4.98056e-09
 Reference value :  4.98856e-09
 Reference value :  4.99456e-09
 Reference value :  5.00000e-09
 Reference value :  5.00300e-09
 Reference value :  5.00900e-09
 Reference value :  5.01500e-09
 Reference value :  5.02100e-09
 Reference value :  5.02700e-09
 Reference value :  5.03300e-09
 Reference value :  5.04100e-09
 Reference value :  5.04900e-09
 Reference value :  5.05500e-09
 Reference value :  5.06100e-09
 Reference value :  5.06700e-09
 Reference value :  5.07300e-09
 Reference value :  5.08100e-09
 Reference value :  5.08700e-09
 Reference value :  5.09300e-09
 Reference value :  5.09850e-09
 Reference value :  5.10060e-09
 Reference value :  5.10500e-09
 Reference value :  5.11100e-09
 Reference value :  5.11700e-09
 Reference value :  5.12300e-09
 Reference value :  5.12900e-09
 Reference value :  5.13700e-09
 Reference value :  5.14300e-09
 Reference value :  5.14900e-09
 Reference value :  5.15500e-09
 Reference value :  5.16100e-09
 Reference value :  5.16700e-09
 Reference value :  5.17300e-09
 Reference value :  5.17900e-09
 Reference value :  5.18500e-09
 Reference value :  5.19100e-09
 Reference value :  5.19900e-09
 Reference value :  5.20700e-09
 Reference value :  5.21300e-09
 Reference value :  5.22100e-09
 Reference value :  5.22900e-09
 Reference value :  5.23700e-09
 Reference value :  5.24300e-09
 Reference value :  5.24900e-09
 Reference value :  5.25500e-09
 Reference value :  5.26100e-09
 Reference value :  5.26700e-09
 Reference value :  5.27500e-09
 Reference value :  5.28100e-09
 Reference value :  5.28900e-09
 Reference value :  5.29500e-09
 Reference value :  5.30100e-09
 Reference value :  5.30700e-09
 Reference value :  5.31300e-09
 Reference value :  5.32100e-09
 Reference value :  5.32700e-09
 Reference value :  5.33300e-09
 Reference value :  5.34100e-09
 Reference value :  5.34700e-09
 Reference value :  5.35300e-09
 Reference value :  5.35900e-09
 Reference value :  5.36500e-09
 Reference value :  5.37100e-09
 Reference value :  5.37900e-09
 Reference value :  5.38500e-09
 Reference value :  5.39100e-09
 Reference value :  5.39700e-09
 Reference value :  5.40300e-09
 Reference value :  5.40900e-09
 Reference value :  5.41700e-09
 Reference value :  5.42300e-09
 Reference value :  5.42900e-09
 Reference value :  5.43500e-09
 Reference value :  5.44300e-09
 Reference value :  5.44900e-09
 Reference value :  5.45700e-09
 Reference value :  5.46300e-09
 Reference value :  5.46900e-09
 Reference value :  5.47500e-09
 Reference value :  5.48100e-09
 Reference value :  5.48700e-09
 Reference value :  5.49500e-09
 Reference value :  5.50300e-09
 Reference value :  5.50900e-09
 Reference value :  5.51700e-09
 Reference value :  5.52300e-09
 Reference value :  5.52900e-09
 Reference value :  5.53500e-09
 Reference value :  5.54100e-09
 Reference value :  5.54700e-09
 Reference value :  5.55300e-09
 Reference value :  5.55900e-09
 Reference value :  5.56700e-09
 Reference value :  5.57300e-09
 Reference value :  5.58100e-09
 Reference value :  5.58700e-09
 Reference value :  5.59500e-09
 Reference value :  5.60300e-09
 Reference value :  5.60900e-09
 Reference value :  5.61500e-09
 Reference value :  5.62300e-09
 Reference value :  5.62900e-09
 Reference value :  5.63500e-09
 Reference value :  5.64100e-09
 Reference value :  5.64700e-09
 Reference value :  5.65300e-09
 Reference value :  5.65900e-09
 Reference value :  5.66500e-09
 Reference value :  5.67300e-09
 Reference value :  5.68100e-09
 Reference value :  5.68700e-09
 Reference value :  5.69300e-09
 Reference value :  5.69900e-09
 Reference value :  5.70500e-09
 Reference value :  5.71100e-09
 Reference value :  5.71700e-09
 Reference value :  5.72300e-09
 Reference value :  5.72900e-09
 Reference value :  5.73500e-09
 Reference value :  5.74100e-09
 Reference value :  5.74900e-09
 Reference value :  5.75500e-09
 Reference value :  5.76100e-09
 Reference value :  5.76700e-09
 Reference value :  5.77300e-09
 Reference value :  5.77900e-09
 Reference value :  5.78500e-09
 Reference value :  5.79100e-09
 Reference value :  5.79900e-09
 Reference value :  5.80500e-09
 Reference value :  5.81300e-09
 Reference value :  5.81900e-09
 Reference value :  5.82500e-09
 Reference value :  5.83100e-09
 Reference value :  5.83700e-09
 Reference value :  5.84300e-09
 Reference value :  5.84900e-09
 Reference value :  5.85500e-09
 Reference value :  5.86300e-09
 Reference value :  5.86900e-09
 Reference value :  5.87500e-09
 Reference value :  5.88100e-09
 Reference value :  5.88900e-09
 Reference value :  5.89700e-09
 Reference value :  5.90300e-09
 Reference value :  5.91300e-09
 Reference value :  5.91900e-09
 Reference value :  5.92500e-09
 Reference value :  5.93100e-09
 Reference value :  5.93700e-09
 Reference value :  5.94500e-09
 Reference value :  5.95100e-09
 Reference value :  5.95700e-09
 Reference value :  5.96300e-09
 Reference value :  5.97100e-09
 Reference value :  5.97900e-09
 Reference value :  5.98700e-09
 Reference value :  5.99300e-09
 Reference value :  5.99900e-09
 Reference value :  6.00500e-09
 Reference value :  6.01100e-09
 Reference value :  6.01900e-09
 Reference value :  6.02500e-09
 Reference value :  6.03100e-09
 Reference value :  6.03700e-09
 Reference value :  6.04300e-09
 Reference value :  6.04900e-09
 Reference value :  6.05500e-09
 Reference value :  6.06300e-09
 Reference value :  6.07100e-09
 Reference value :  6.07700e-09
 Reference value :  6.08300e-09
 Reference value :  6.08900e-09
 Reference value :  6.09700e-09
 Reference value :  6.10300e-09
 Reference value :  6.10900e-09
 Reference value :  6.11700e-09
 Reference value :  6.12500e-09
 Reference value :  6.13100e-09
 Reference value :  6.13700e-09
 Reference value :  6.14300e-09
 Reference value :  6.15100e-09
 Reference value :  6.15700e-09
 Reference value :  6.16300e-09
 Reference value :  6.16900e-09
 Reference value :  6.17500e-09
 Reference value :  6.18100e-09
 Reference value :  6.18700e-09
 Reference value :  6.19300e-09
 Reference value :  6.19900e-09
 Reference value :  6.20500e-09
 Reference value :  6.21100e-09
 Reference value :  6.21700e-09
 Reference value :  6.22300e-09
 Reference value :  6.22900e-09
 Reference value :  6.23500e-09
 Reference value :  6.24300e-09
 Reference value :  6.24900e-09
 Reference value :  6.25500e-09
 Reference value :  6.26100e-09
 Reference value :  6.26700e-09
 Reference value :  6.27300e-09
 Reference value :  6.27900e-09
 Reference value :  6.28700e-09
 Reference value :  6.29300e-09
 Reference value :  6.29900e-09
 Reference value :  6.30500e-09
 Reference value :  6.31100e-09
 Reference value :  6.31700e-09
 Reference value :  6.32300e-09
 Reference value :  6.32900e-09
 Reference value :  6.33500e-09
 Reference value :  6.34300e-09
 Reference value :  6.35100e-09
 Reference value :  6.35900e-09
 Reference value :  6.36500e-09
 Reference value :  6.37300e-09
 Reference value :  6.37900e-09
 Reference value :  6.38500e-09
 Reference value :  6.39100e-09
 Reference value :  6.39700e-09
 Reference value :  6.40300e-09
 Reference value :  6.40900e-09
 Reference value :  6.41500e-09
 Reference value :  6.42100e-09
 Reference value :  6.42700e-09
 Reference value :  6.43300e-09
 Reference value :  6.44100e-09
 Reference value :  6.44700e-09
 Reference value :  6.45500e-09
 Reference value :  6.46100e-09
 Reference value :  6.46700e-09
 Reference value :  6.47300e-09
 Reference value :  6.47900e-09
 Reference value :  6.48700e-09
 Reference value :  6.49500e-09
 Reference value :  6.50100e-09
 Reference value :  6.50700e-09
 Reference value :  6.51300e-09
 Reference value :  6.52100e-09
 Reference value :  6.52700e-09
 Reference value :  6.53300e-09
 Reference value :  6.53900e-09
 Reference value :  6.54500e-09
 Reference value :  6.55100e-09
 Reference value :  6.55700e-09
 Reference value :  6.56500e-09
 Reference value :  6.57100e-09
 Reference value :  6.57700e-09
 Reference value :  6.58300e-09
 Reference value :  6.58900e-09
 Reference value :  6.59500e-09
 Reference value :  6.60100e-09
 Reference value :  6.60700e-09
 Reference value :  6.61300e-09
 Reference value :  6.61900e-09
 Reference value :  6.62500e-09
 Reference value :  6.63100e-09
 Reference value :  6.63700e-09
 Reference value :  6.64300e-09
 Reference value :  6.64900e-09
 Reference value :  6.65500e-09
 Reference value :  6.66100e-09
 Reference value :  6.66700e-09
 Reference value :  6.67300e-09
 Reference value :  6.67900e-09
 Reference value :  6.68700e-09
 Reference value :  6.69300e-09
 Reference value :  6.69900e-09
 Reference value :  6.70500e-09
 Reference value :  6.71100e-09
 Reference value :  6.71700e-09
 Reference value :  6.72300e-09
 Reference value :  6.73100e-09
 Reference value :  6.73700e-09
 Reference value :  6.74300e-09
 Reference value :  6.74900e-09
 Reference value :  6.75700e-09
 Reference value :  6.76500e-09
 Reference value :  6.77100e-09
 Reference value :  6.77700e-09
 Reference value :  6.78500e-09
 Reference value :  6.79100e-09
 Reference value :  6.79700e-09
 Reference value :  6.80300e-09
 Reference value :  6.80900e-09
 Reference value :  6.81700e-09
 Reference value :  6.82500e-09
 Reference value :  6.83300e-09
 Reference value :  6.83900e-09
 Reference value :  6.84700e-09
 Reference value :  6.85300e-09
 Reference value :  6.85900e-09
 Reference value :  6.86500e-09
 Reference value :  6.87300e-09
 Reference value :  6.87900e-09
 Reference value :  6.88700e-09
 Reference value :  6.89300e-09
 Reference value :  6.90100e-09
 Reference value :  6.90700e-09
 Reference value :  6.91300e-09
 Reference value :  6.91900e-09
 Reference value :  6.92500e-09
 Reference value :  6.93100e-09
 Reference value :  6.93700e-09
 Reference value :  6.94300e-09
 Reference value :  6.94900e-09
 Reference value :  6.95500e-09
 Reference value :  6.96100e-09
 Reference value :  6.96900e-09
 Reference value :  6.97700e-09
 Reference value :  6.98300e-09
 Reference value :  6.98900e-09
 Reference value :  6.99500e-09
 Reference value :  7.00100e-09
 Reference value :  7.00700e-09
 Reference value :  7.01300e-09
 Reference value :  7.01900e-09
 Reference value :  7.02700e-09
 Reference value :  7.03500e-09
 Reference value :  7.04100e-09
 Reference value :  7.04700e-09
 Reference value :  7.05300e-09
 Reference value :  7.05900e-09
 Reference value :  7.06500e-09
 Reference value :  7.07100e-09
 Reference value :  7.07700e-09
 Reference value :  7.08500e-09
 Reference value :  7.09100e-09
 Reference value :  7.09700e-09
 Reference value :  7.10300e-09
 Reference value :  7.10900e-09
 Reference value :  7.11500e-09
 Reference value :  7.12100e-09
 Reference value :  7.12700e-09
 Reference value :  7.13300e-09
 Reference value :  7.13900e-09
 Reference value :  7.14500e-09
 Reference value :  7.15100e-09
 Reference value :  7.15700e-09
 Reference value :  7.16300e-09
 Reference value :  7.16900e-09
 Reference value :  7.17700e-09
 Reference value :  7.18300e-09
 Reference value :  7.18900e-09
 Reference value :  7.19700e-09
 Reference value :  7.20300e-09
 Reference value :  7.20900e-09
 Reference value :  7.21500e-09
 Reference value :  7.22100e-09
 Reference value :  7.22900e-09
 Reference value :  7.23700e-09
 Reference value :  7.24300e-09
 Reference value :  7.25100e-09
 Reference value :  7.25700e-09
 Reference value :  7.26300e-09
 Reference value :  7.26900e-09
 Reference value :  7.27500e-09
 Reference value :  7.28100e-09
 Reference value :  7.28700e-09
 Reference value :  7.29300e-09
 Reference value :  7.30100e-09
 Reference value :  7.30900e-09
 Reference value :  7.31700e-09
 Reference value :  7.32300e-09
 Reference value :  7.32900e-09
 Reference value :  7.33500e-09
 Reference value :  7.34100e-09
 Reference value :  7.34700e-09
 Reference value :  7.35300e-09
 Reference value :  7.36100e-09
 Reference value :  7.36700e-09
 Reference value :  7.37500e-09
 Reference value :  7.38300e-09
 Reference value :  7.39100e-09
 Reference value :  7.39700e-09
 Reference value :  7.40300e-09
 Reference value :  7.40900e-09
 Reference value :  7.41500e-09
 Reference value :  7.42100e-09
 Reference value :  7.42900e-09
 Reference value :  7.43500e-09
 Reference value :  7.44100e-09
 Reference value :  7.44900e-09
 Reference value :  7.45500e-09
 Reference value :  7.46300e-09
 Reference value :  7.46900e-09
 Reference value :  7.47500e-09
 Reference value :  7.48100e-09
 Reference value :  7.48900e-09
 Reference value :  7.49500e-09
 Reference value :  7.50100e-09
 Reference value :  7.50700e-09
 Reference value :  7.51500e-09
 Reference value :  7.52100e-09
 Reference value :  7.52700e-09
 Reference value :  7.53300e-09
 Reference value :  7.54100e-09
 Reference value :  7.54700e-09
 Reference value :  7.55300e-09
 Reference value :  7.55900e-09
 Reference value :  7.56500e-09
 Reference value :  7.57100e-09
 Reference value :  7.57900e-09
 Reference value :  7.58500e-09
 Reference value :  7.59100e-09
 Reference value :  7.59700e-09
No. of Data Rows : 3814
Note: Simulation executed from .control section 
