
Note: Compatibility modes selected: hs a


Circuit: * comparator-decision offset pick-off -- vindiff=0.0mv corner=tt temp=27.0c seed=11 (issue #9)

option SCALE: Scale is set to 1e-06 for instance and model parameters
option SCALE: Scale is set to 1e-06 for instance and model parameters
option SCALE: Scale is set to 1e-06 for instance and model parameters
option SCALE: Scale is set to 1e-06 for instance and model parameters
Doing analysis at TEMP = 27.000000 and TNOM = 27.000000

Using KLU as Direct Linear Solver
 Reference value :  0.00000e+00
 Reference value :  1.60000e-13
 Reference value :  1.05600e-11
 Reference value :  2.05600e-11
 Reference value :  3.65600e-11
 Reference value :  4.85600e-11
 Reference value :  5.65600e-11
 Reference value :  6.45600e-11
 Reference value :  7.25600e-11
 Reference value :  8.05600e-11
 Reference value :  8.85600e-11
 Reference value :  9.65600e-11
 Reference value :  1.06560e-10
 Reference value :  1.14560e-10
 Reference value :  1.22560e-10
 Reference value :  1.30560e-10
 Reference value :  1.40560e-10
 Reference value :  1.48560e-10
 Reference value :  1.56560e-10
 Reference value :  1.64560e-10
 Reference value :  1.74560e-10
 Reference value :  1.82560e-10
 Reference value :  1.88560e-10
 Reference value :  1.96560e-10
 Reference value :  2.04560e-10
 Reference value :  2.12560e-10
 Reference value :  2.20560e-10
 Reference value :  2.28560e-10
 Reference value :  2.38560e-10
 Reference value :  2.44560e-10
 Reference value :  2.52560e-10
 Reference value :  2.60560e-10
 Reference value :  2.68560e-10
 Reference value :  2.74560e-10
 Reference value :  2.82560e-10
 Reference value :  2.90560e-10
 Reference value :  2.98560e-10
 Reference value :  3.04560e-10
 Reference value :  3.10560e-10
 Reference value :  3.18560e-10
 Reference value :  3.24560e-10
 Reference value :  3.32560e-10
 Reference value :  3.40560e-10
 Reference value :  3.48560e-10
 Reference value :  3.56560e-10
 Reference value :  3.64560e-10
 Reference value :  3.70560e-10
 Reference value :  3.80560e-10
 Reference value :  3.88560e-10
 Reference value :  3.96560e-10
 Reference value :  4.04560e-10
 Reference value :  4.10560e-10
 Reference value :  4.18560e-10
 Reference value :  4.28560e-10
 Reference value :  4.36560e-10
 Reference value :  4.46560e-10
 Reference value :  4.54560e-10
 Reference value :  4.60560e-10
 Reference value :  4.68560e-10
 Reference value :  4.76560e-10
 Reference value :  4.84560e-10
 Reference value :  4.92560e-10
 Reference value :  4.98560e-10
 Reference value :  5.06560e-10
 Reference value :  5.14560e-10
 Reference value :  5.22560e-10
 Reference value :  5.30560e-10
 Reference value :  5.38560e-10
 Reference value :  5.44560e-10
 Reference value :  5.52560e-10
 Reference value :  5.58560e-10
 Reference value :  5.64560e-10
 Reference value :  5.70560e-10
 Reference value :  5.80560e-10
 Reference value :  5.86560e-10
 Reference value :  5.92560e-10
 Reference value :  5.98560e-10
 Reference value :  6.04560e-10
 Reference value :  6.12560e-10
 Reference value :  6.18560e-10
 Reference value :  6.26560e-10
 Reference value :  6.34560e-10
 Reference value :  6.42560e-10
 Reference value :  6.48560e-10
 Reference value :  6.56560e-10
 Reference value :  6.64560e-10
 Reference value :  6.72560e-10
 Reference value :  6.78560e-10
 Reference value :  6.86560e-10
 Reference value :  6.96560e-10
 Reference value :  7.04560e-10
 Reference value :  7.12560e-10
 Reference value :  7.20560e-10
 Reference value :  7.28560e-10
 Reference value :  7.36560e-10
 Reference value :  7.44560e-10
 Reference value :  7.50560e-10
 Reference value :  7.56560e-10
 Reference value :  7.64560e-10
 Reference value :  7.70560e-10
 Reference value :  7.76560e-10
 Reference value :  7.84560e-10
 Reference value :  7.92560e-10
 Reference value :  8.00560e-10
 Reference value :  8.08560e-10
 Reference value :  8.16560e-10
 Reference value :  8.24560e-10
 Reference value :  8.30560e-10
 Reference value :  8.38560e-10
 Reference value :  8.46560e-10
 Reference value :  8.54560e-10
 Reference value :  8.60560e-10
 Reference value :  8.66560e-10
 Reference value :  8.76560e-10
 Reference value :  8.84560e-10
 Reference value :  8.90560e-10
 Reference value :  8.98560e-10
 Reference value :  9.06560e-10
 Reference value :  9.16560e-10
 Reference value :  9.24560e-10
 Reference value :  9.30560e-10
 Reference value :  9.36560e-10
 Reference value :  9.44560e-10
 Reference value :  9.52560e-10
 Reference value :  9.60560e-10
 Reference value :  9.66560e-10
 Reference value :  9.74560e-10
 Reference value :  9.82560e-10
 Reference value :  9.90560e-10
 Reference value :  9.96560e-10
 Reference value :  1.00256e-09
 Reference value :  1.01056e-09
 Reference value :  1.01856e-09
 Reference value :  1.02456e-09
 Reference value :  1.03256e-09
 Reference value :  1.04056e-09
 Reference value :  1.04856e-09
 Reference value :  1.05856e-09
 Reference value :  1.06656e-09
 Reference value :  1.07456e-09
 Reference value :  1.08256e-09
 Reference value :  1.09256e-09
 Reference value :  1.10056e-09
 Reference value :  1.10856e-09
 Reference value :  1.11656e-09
 Reference value :  1.12256e-09
 Reference value :  1.13056e-09
 Reference value :  1.13656e-09
 Reference value :  1.14456e-09
 Reference value :  1.15256e-09
 Reference value :  1.15856e-09
 Reference value :  1.16456e-09
 Reference value :  1.17256e-09
 Reference value :  1.18256e-09
 Reference value :  1.19056e-09
 Reference value :  1.19856e-09
 Reference value :  1.20656e-09
 Reference value :  1.21456e-09
 Reference value :  1.22256e-09
 Reference value :  1.23056e-09
 Reference value :  1.23856e-09
 Reference value :  1.24456e-09
 Reference value :  1.25256e-09
 Reference value :  1.26056e-09
 Reference value :  1.26656e-09
 Reference value :  1.27256e-09
 Reference value :  1.28056e-09
 Reference value :  1.29056e-09
 Reference value :  1.29856e-09
 Reference value :  1.30656e-09
 Reference value :  1.31256e-09
 Reference value :  1.32056e-09
 Reference value :  1.32856e-09
 Reference value :  1.33456e-09
 Reference value :  1.34256e-09
 Reference value :  1.35056e-09
 Reference value :  1.35656e-09
 Reference value :  1.36456e-09
 Reference value :  1.37256e-09
 Reference value :  1.37856e-09
 Reference value :  1.38456e-09
 Reference value :  1.39256e-09
 Reference value :  1.40056e-09
 Reference value :  1.40856e-09
 Reference value :  1.41456e-09
 Reference value :  1.42056e-09
 Reference value :  1.42656e-09
 Reference value :  1.43256e-09
 Reference value :  1.44056e-09
 Reference value :  1.44856e-09
 Reference value :  1.45456e-09
 Reference value :  1.46256e-09
 Reference value :  1.47056e-09
 Reference value :  1.47656e-09
 Reference value :  1.48256e-09
 Reference value :  1.49056e-09
 Reference value :  1.49656e-09
 Reference value :  1.50456e-09
 Reference value :  1.51056e-09
 Reference value :  1.51656e-09
 Reference value :  1.52256e-09
 Reference value :  1.53056e-09
 Reference value :  1.53656e-09
 Reference value :  1.54456e-09
 Reference value :  1.55056e-09
 Reference value :  1.55856e-09
 Reference value :  1.56656e-09
 Reference value :  1.57456e-09
 Reference value :  1.58256e-09
 Reference value :  1.59056e-09
 Reference value :  1.59856e-09
 Reference value :  1.60656e-09
 Reference value :  1.61456e-09
 Reference value :  1.62056e-09
 Reference value :  1.62656e-09
 Reference value :  1.63456e-09
 Reference value :  1.64256e-09
 Reference value :  1.65056e-09
 Reference value :  1.65856e-09
 Reference value :  1.66656e-09
 Reference value :  1.67456e-09
 Reference value :  1.68056e-09
 Reference value :  1.68856e-09
 Reference value :  1.69856e-09
 Reference value :  1.70656e-09
 Reference value :  1.71456e-09
 Reference value :  1.72056e-09
 Reference value :  1.73056e-09
 Reference value :  1.73856e-09
 Reference value :  1.74456e-09
 Reference value :  1.75256e-09
 Reference value :  1.76056e-09
 Reference value :  1.76856e-09
 Reference value :  1.77456e-09
 Reference value :  1.78256e-09
 Reference value :  1.79056e-09
 Reference value :  1.79856e-09
 Reference value :  1.80656e-09
 Reference value :  1.81456e-09
 Reference value :  1.82256e-09
 Reference value :  1.83056e-09
 Reference value :  1.83856e-09
 Reference value :  1.84656e-09
 Reference value :  1.85456e-09
 Reference value :  1.86256e-09
 Reference value :  1.87056e-09
 Reference value :  1.87856e-09
 Reference value :  1.88656e-09
 Reference value :  1.89456e-09
 Reference value :  1.90256e-09
 Reference value :  1.90856e-09
 Reference value :  1.91856e-09
 Reference value :  1.92656e-09
 Reference value :  1.93456e-09
 Reference value :  1.94256e-09
 Reference value :  1.95056e-09
 Reference value :  1.95656e-09
 Reference value :  1.96256e-09
 Reference value :  1.97056e-09
 Reference value :  1.97656e-09
 Reference value :  1.98256e-09
 Reference value :  1.98856e-09
 Reference value :  1.99656e-09
 Reference value :  2.00456e-09
 Reference value :  2.01256e-09
 Reference value :  2.01856e-09
 Reference value :  2.02656e-09
 Reference value :  2.03256e-09
 Reference value :  2.03856e-09
 Reference value :  2.04656e-09
 Reference value :  2.05456e-09
 Reference value :  2.06056e-09
 Reference value :  2.06656e-09
 Reference value :  2.07256e-09
 Reference value :  2.07856e-09
 Reference value :  2.08656e-09
 Reference value :  2.09256e-09
 Reference value :  2.09856e-09
 Reference value :  2.10456e-09
 Reference value :  2.11056e-09
 Reference value :  2.11856e-09
 Reference value :  2.12456e-09
 Reference value :  2.13056e-09
 Reference value :  2.13856e-09
 Reference value :  2.14656e-09
 Reference value :  2.15456e-09
 Reference value :  2.16256e-09
 Reference value :  2.16856e-09
 Reference value :  2.17456e-09
 Reference value :  2.18056e-09
 Reference value :  2.18656e-09
 Reference value :  2.19456e-09
 Reference value :  2.20256e-09
 Reference value :  2.21056e-09
 Reference value :  2.21856e-09
 Reference value :  2.22456e-09
 Reference value :  2.23056e-09
 Reference value :  2.23656e-09
 Reference value :  2.24256e-09
 Reference value :  2.25056e-09
 Reference value :  2.25856e-09
 Reference value :  2.26456e-09
 Reference value :  2.27056e-09
 Reference value :  2.27656e-09
 Reference value :  2.28456e-09
 Reference value :  2.29056e-09
 Reference value :  2.29856e-09
 Reference value :  2.30456e-09
 Reference value :  2.31256e-09
 Reference value :  2.32056e-09
 Reference value :  2.32656e-09
 Reference value :  2.33256e-09
 Reference value :  2.33856e-09
 Reference value :  2.34656e-09
 Reference value :  2.35256e-09
 Reference value :  2.36056e-09
 Reference value :  2.36656e-09
 Reference value :  2.37456e-09
 Reference value :  2.38256e-09
 Reference value :  2.38856e-09
 Reference value :  2.39656e-09
 Reference value :  2.40456e-09
 Reference value :  2.41056e-09
 Reference value :  2.41856e-09
 Reference value :  2.42456e-09
 Reference value :  2.43056e-09
 Reference value :  2.43856e-09
 Reference value :  2.44656e-09
 Reference value :  2.45456e-09
 Reference value :  2.46256e-09
 Reference value :  2.46856e-09
 Reference value :  2.47456e-09
 Reference value :  2.48256e-09
 Reference value :  2.49056e-09
 Reference value :  2.49656e-09
 Reference value :  2.50256e-09
 Reference value :  2.50856e-09
 Reference value :  2.51456e-09
 Reference value :  2.52256e-09
 Reference value :  2.53056e-09
 Reference value :  2.53856e-09
 Reference value :  2.54656e-09
 Reference value :  2.55256e-09
 Reference value :  2.55856e-09
 Reference value :  2.56656e-09
 Reference value :  2.57456e-09
 Reference value :  2.58256e-09
 Reference value :  2.59056e-09
 Reference value :  2.59856e-09
 Reference value :  2.60656e-09
 Reference value :  2.61256e-09
 Reference value :  2.62056e-09
 Reference value :  2.62856e-09
 Reference value :  2.63456e-09
 Reference value :  2.64056e-09
 Reference value :  2.64856e-09
 Reference value :  2.65656e-09
 Reference value :  2.66456e-09
 Reference value :  2.67056e-09
 Reference value :  2.67656e-09
 Reference value :  2.68256e-09
 Reference value :  2.69056e-09
 Reference value :  2.69856e-09
 Reference value :  2.70456e-09
 Reference value :  2.71256e-09
 Reference value :  2.72056e-09
 Reference value :  2.72656e-09
 Reference value :  2.73456e-09
 Reference value :  2.74256e-09
 Reference value :  2.74856e-09
 Reference value :  2.75456e-09
 Reference value :  2.76256e-09
 Reference value :  2.76856e-09
 Reference value :  2.77456e-09
 Reference value :  2.78056e-09
 Reference value :  2.78656e-09
 Reference value :  2.79456e-09
 Reference value :  2.80256e-09
 Reference value :  2.80856e-09
 Reference value :  2.81656e-09
 Reference value :  2.82256e-09
 Reference value :  2.82856e-09
 Reference value :  2.83656e-09
 Reference value :  2.84256e-09
 Reference value :  2.84856e-09
 Reference value :  2.85656e-09
 Reference value :  2.86256e-09
 Reference value :  2.87056e-09
 Reference value :  2.87656e-09
 Reference value :  2.88256e-09
 Reference value :  2.89056e-09
 Reference value :  2.89656e-09
 Reference value :  2.90456e-09
 Reference value :  2.91056e-09
 Reference value :  2.91656e-09
 Reference value :  2.92256e-09
 Reference value :  2.92856e-09
 Reference value :  2.93456e-09
 Reference value :  2.94256e-09
 Reference value :  2.94856e-09
 Reference value :  2.95656e-09
 Reference value :  2.96256e-09
 Reference value :  2.97056e-09
 Reference value :  2.97856e-09
 Reference value :  2.98856e-09
 Reference value :  2.99456e-09
 Reference value :  3.00256e-09
 Reference value :  3.01056e-09
 Reference value :  3.01656e-09
 Reference value :  3.02456e-09
 Reference value :  3.03056e-09
 Reference value :  3.03656e-09
 Reference value :  3.04456e-09
 Reference value :  3.05256e-09
 Reference value :  3.06056e-09
 Reference value :  3.06856e-09
 Reference value :  3.07456e-09
 Reference value :  3.08256e-09
 Reference value :  3.09056e-09
 Reference value :  3.09856e-09
 Reference value :  3.10456e-09
 Reference value :  3.11256e-09
 Reference value :  3.11856e-09
 Reference value :  3.12456e-09
 Reference value :  3.13056e-09
 Reference value :  3.13856e-09
 Reference value :  3.14456e-09
 Reference value :  3.15256e-09
 Reference value :  3.15856e-09
 Reference value :  3.16456e-09
 Reference value :  3.17256e-09
 Reference value :  3.18056e-09
 Reference value :  3.18656e-09
 Reference value :  3.19256e-09
 Reference value :  3.20056e-09
 Reference value :  3.20856e-09
 Reference value :  3.21656e-09
 Reference value :  3.22456e-09
 Reference value :  3.23056e-09
 Reference value :  3.23656e-09
 Reference value :  3.24256e-09
 Reference value :  3.25056e-09
 Reference value :  3.25656e-09
 Reference value :  3.26656e-09
 Reference value :  3.27456e-09
 Reference value :  3.28256e-09
 Reference value :  3.28856e-09
 Reference value :  3.29656e-09
 Reference value :  3.30256e-09
 Reference value :  3.31056e-09
 Reference value :  3.31656e-09
 Reference value :  3.32256e-09
 Reference value :  3.32856e-09
 Reference value :  3.33456e-09
 Reference value :  3.34056e-09
 Reference value :  3.34856e-09
 Reference value :  3.35456e-09
 Reference value :  3.36056e-09
 Reference value :  3.36656e-09
 Reference value :  3.37256e-09
 Reference value :  3.38056e-09
 Reference value :  3.38656e-09
 Reference value :  3.39256e-09
 Reference value :  3.40056e-09
 Reference value :  3.40856e-09
 Reference value :  3.41456e-09
 Reference value :  3.42256e-09
 Reference value :  3.43056e-09
 Reference value :  3.43856e-09
 Reference value :  3.44656e-09
 Reference value :  3.45456e-09
 Reference value :  3.46256e-09
 Reference value :  3.47056e-09
 Reference value :  3.47856e-09
 Reference value :  3.48656e-09
 Reference value :  3.49456e-09
 Reference value :  3.50056e-09
 Reference value :  3.50856e-09
 Reference value :  3.51656e-09
 Reference value :  3.52456e-09
 Reference value :  3.53256e-09
 Reference value :  3.54056e-09
 Reference value :  3.54656e-09
 Reference value :  3.55456e-09
 Reference value :  3.56256e-09
 Reference value :  3.56856e-09
 Reference value :  3.57656e-09
 Reference value :  3.58456e-09
 Reference value :  3.59256e-09
 Reference value :  3.60056e-09
 Reference value :  3.60656e-09
 Reference value :  3.61456e-09
 Reference value :  3.62056e-09
 Reference value :  3.62656e-09
 Reference value :  3.63256e-09
 Reference value :  3.63856e-09
 Reference value :  3.64656e-09
 Reference value :  3.65256e-09
 Reference value :  3.65856e-09
 Reference value :  3.66456e-09
 Reference value :  3.67256e-09
 Reference value :  3.67856e-09
 Reference value :  3.68656e-09
 Reference value :  3.69456e-09
 Reference value :  3.70056e-09
 Reference value :  3.70856e-09
 Reference value :  3.71456e-09
 Reference value :  3.72256e-09
 Reference value :  3.72856e-09
 Reference value :  3.73656e-09
 Reference value :  3.74456e-09
 Reference value :  3.75056e-09
 Reference value :  3.75656e-09
 Reference value :  3.76456e-09
 Reference value :  3.77056e-09
 Reference value :  3.77856e-09
 Reference value :  3.78656e-09
 Reference value :  3.79456e-09
 Reference value :  3.80256e-09
 Reference value :  3.81056e-09
 Reference value :  3.81856e-09
 Reference value :  3.82456e-09
 Reference value :  3.83256e-09
 Reference value :  3.84056e-09
 Reference value :  3.84856e-09
 Reference value :  3.85656e-09
 Reference value :  3.86256e-09
 Reference value :  3.87056e-09
 Reference value :  3.87856e-09
 Reference value :  3.88656e-09
 Reference value :  3.89256e-09
 Reference value :  3.90056e-09
 Reference value :  3.90656e-09
 Reference value :  3.91256e-09
 Reference value :  3.91856e-09
 Reference value :  3.92656e-09
 Reference value :  3.93256e-09
 Reference value :  3.94056e-09
 Reference value :  3.94656e-09
 Reference value :  3.95456e-09
 Reference value :  3.96256e-09
 Reference value :  3.97056e-09
 Reference value :  3.97856e-09
 Reference value :  3.98456e-09
 Reference value :  3.99256e-09
 Reference value :  4.00056e-09
 Reference value :  4.02856e-09
 Reference value :  4.03456e-09
 Reference value :  4.04256e-09
 Reference value :  4.05056e-09
 Reference value :  4.05656e-09
 Reference value :  4.06456e-09
 Reference value :  4.07256e-09
 Reference value :  4.07856e-09
 Reference value :  4.08656e-09
 Reference value :  4.09456e-09
 Reference value :  4.10056e-09
 Reference value :  4.10856e-09
 Reference value :  4.11456e-09
 Reference value :  4.12056e-09
 Reference value :  4.12856e-09
 Reference value :  4.13656e-09
 Reference value :  4.14256e-09
 Reference value :  4.15056e-09
 Reference value :  4.15656e-09
 Reference value :  4.16456e-09
 Reference value :  4.17256e-09
 Reference value :  4.17856e-09
 Reference value :  4.18656e-09
 Reference value :  4.19456e-09
 Reference value :  4.20256e-09
 Reference value :  4.21056e-09
 Reference value :  4.21656e-09
 Reference value :  4.22456e-09
 Reference value :  4.23256e-09
 Reference value :  4.24056e-09
 Reference value :  4.24856e-09
 Reference value :  4.25456e-09
 Reference value :  4.26256e-09
 Reference value :  4.27056e-09
 Reference value :  4.27656e-09
 Reference value :  4.28456e-09
 Reference value :  4.29256e-09
 Reference value :  4.29856e-09
 Reference value :  4.30456e-09
 Reference value :  4.31256e-09
 Reference value :  4.32056e-09
 Reference value :  4.32656e-09
 Reference value :  4.33256e-09
 Reference value :  4.33856e-09
 Reference value :  4.34656e-09
 Reference value :  4.35456e-09
 Reference value :  4.36256e-09
 Reference value :  4.37056e-09
 Reference value :  4.37856e-09
 Reference value :  4.38656e-09
 Reference value :  4.39456e-09
 Reference value :  4.40256e-09
 Reference value :  4.40856e-09
 Reference value :  4.41456e-09
 Reference value :  4.42056e-09
 Reference value :  4.42656e-09
 Reference value :  4.43456e-09
 Reference value :  4.44056e-09
 Reference value :  4.44656e-09
 Reference value :  4.45256e-09
 Reference value :  4.45856e-09
 Reference value :  4.46656e-09
 Reference value :  4.47456e-09
 Reference value :  4.48456e-09
 Reference value :  4.49056e-09
 Reference value :  4.49656e-09
 Reference value :  4.50456e-09
 Reference value :  4.51256e-09
 Reference value :  4.51856e-09
 Reference value :  4.52656e-09
 Reference value :  4.53256e-09
 Reference value :  4.53856e-09
 Reference value :  4.54456e-09
 Reference value :  4.55056e-09
 Reference value :  4.55856e-09
 Reference value :  4.56856e-09
 Reference value :  4.57456e-09
 Reference value :  4.58056e-09
 Reference value :  4.58856e-09
 Reference value :  4.59456e-09
 Reference value :  4.60256e-09
 Reference value :  4.60856e-09
 Reference value :  4.61656e-09
 Reference value :  4.62256e-09
 Reference value :  4.62856e-09
 Reference value :  4.63656e-09
 Reference value :  4.64456e-09
 Reference value :  4.65056e-09
 Reference value :  4.65856e-09
 Reference value :  4.66456e-09
 Reference value :  4.67056e-09
 Reference value :  4.67856e-09
 Reference value :  4.68656e-09
 Reference value :  4.69456e-09
 Reference value :  4.70056e-09
 Reference value :  4.70856e-09
 Reference value :  4.71456e-09
 Reference value :  4.72056e-09
 Reference value :  4.72856e-09
 Reference value :  4.73456e-09
 Reference value :  4.74056e-09
 Reference value :  4.74856e-09
 Reference value :  4.75456e-09
 Reference value :  4.76056e-09
 Reference value :  4.76656e-09
 Reference value :  4.77256e-09
 Reference value :  4.78056e-09
 Reference value :  4.78656e-09
 Reference value :  4.79456e-09
 Reference value :  4.80056e-09
 Reference value :  4.80856e-09
 Reference value :  4.81456e-09
 Reference value :  4.82256e-09
 Reference value :  4.83056e-09
 Reference value :  4.83856e-09
 Reference value :  4.84456e-09
 Reference value :  4.85056e-09
 Reference value :  4.85656e-09
 Reference value :  4.86256e-09
 Reference value :  4.87056e-09
 Reference value :  4.87656e-09
 Reference value :  4.88256e-09
 Reference value :  4.88856e-09
 Reference value :  4.89656e-09
 Reference value :  4.90256e-09
 Reference value :  4.90856e-09
 Reference value :  4.91656e-09
 Reference value :  4.92256e-09
 Reference value :  4.92856e-09
 Reference value :  4.93456e-09
 Reference value :  4.94056e-09
 Reference value :  4.94856e-09
 Reference value :  4.95656e-09
 Reference value :  4.96256e-09
 Reference value :  4.96856e-09
 Reference value :  4.97656e-09
 Reference value :  4.98256e-09
 Reference value :  4.98856e-09
 Reference value :  4.99456e-09
 Reference value :  5.00000e-09
 Reference value :  5.00140e-09
 Reference value :  5.00700e-09
 Reference value :  5.01300e-09
 Reference value :  5.01900e-09
 Reference value :  5.02700e-09
 Reference value :  5.03300e-09
 Reference value :  5.04100e-09
 Reference value :  5.04700e-09
 Reference value :  5.05300e-09
 Reference value :  5.05900e-09
 Reference value :  5.06500e-09
 Reference value :  5.07100e-09
 Reference value :  5.07700e-09
 Reference value :  5.08500e-09
 Reference value :  5.09300e-09
 Reference value :  5.09850e-09
 Reference value :  5.10060e-09
 Reference value :  5.10500e-09
 Reference value :  5.11300e-09
 Reference value :  5.11900e-09
 Reference value :  5.12500e-09
 Reference value :  5.13300e-09
 Reference value :  5.14100e-09
 Reference value :  5.14700e-09
 Reference value :  5.15300e-09
 Reference value :  5.16100e-09
 Reference value :  5.16900e-09
 Reference value :  5.17700e-09
 Reference value :  5.18300e-09
 Reference value :  5.19100e-09
 Reference value :  5.19900e-09
 Reference value :  5.20500e-09
 Reference value :  5.21300e-09
 Reference value :  5.22100e-09
 Reference value :  5.22900e-09
 Reference value :  5.23700e-09
 Reference value :  5.24500e-09
 Reference value :  5.25300e-09
 Reference value :  5.26100e-09
 Reference value :  5.26700e-09
 Reference value :  5.27500e-09
 Reference value :  5.28100e-09
 Reference value :  5.28900e-09
 Reference value :  5.29900e-09
 Reference value :  5.30700e-09
 Reference value :  5.31500e-09
 Reference value :  5.32300e-09
 Reference value :  5.33100e-09
 Reference value :  5.33900e-09
 Reference value :  5.34500e-09
 Reference value :  5.35100e-09
 Reference value :  5.35900e-09
 Reference value :  5.36700e-09
 Reference value :  5.37500e-09
 Reference value :  5.38300e-09
 Reference value :  5.39100e-09
 Reference value :  5.39900e-09
 Reference value :  5.40500e-09
 Reference value :  5.41100e-09
 Reference value :  5.41700e-09
 Reference value :  5.42300e-09
 Reference value :  5.42900e-09
 Reference value :  5.43700e-09
 Reference value :  5.44300e-09
 Reference value :  5.45100e-09
 Reference value :  5.45700e-09
 Reference value :  5.46500e-09
 Reference value :  5.47300e-09
 Reference value :  5.47900e-09
 Reference value :  5.48900e-09
 Reference value :  5.49500e-09
 Reference value :  5.50300e-09
 Reference value :  5.50900e-09
 Reference value :  5.51700e-09
 Reference value :  5.52300e-09
 Reference value :  5.52900e-09
 Reference value :  5.53500e-09
 Reference value :  5.54100e-09
 Reference value :  5.54700e-09
 Reference value :  5.55300e-09
 Reference value :  5.56100e-09
 Reference value :  5.56700e-09
 Reference value :  5.57500e-09
 Reference value :  5.58300e-09
 Reference value :  5.59100e-09
 Reference value :  5.59900e-09
 Reference value :  5.60700e-09
 Reference value :  5.61500e-09
 Reference value :  5.62300e-09
 Reference value :  5.63100e-09
 Reference value :  5.63900e-09
 Reference value :  5.64500e-09
 Reference value :  5.65300e-09
 Reference value :  5.66100e-09
 Reference value :  5.66900e-09
 Reference value :  5.67700e-09
 Reference value :  5.68500e-09
 Reference value :  5.69300e-09
 Reference value :  5.69900e-09
 Reference value :  5.70700e-09
 Reference value :  5.71300e-09
 Reference value :  5.71900e-09
 Reference value :  5.72700e-09
 Reference value :  5.73500e-09
 Reference value :  5.74300e-09
 Reference value :  5.74900e-09
 Reference value :  5.75500e-09
 Reference value :  5.76300e-09
 Reference value :  5.76900e-09
 Reference value :  5.77700e-09
 Reference value :  5.78300e-09
 Reference value :  5.78900e-09
 Reference value :  5.79500e-09
 Reference value :  5.80300e-09
 Reference value :  5.80900e-09
 Reference value :  5.81500e-09
 Reference value :  5.82100e-09
 Reference value :  5.82700e-09
 Reference value :  5.83500e-09
 Reference value :  5.84300e-09
 Reference value :  5.84900e-09
 Reference value :  5.85500e-09
 Reference value :  5.86100e-09
 Reference value :  5.86900e-09
 Reference value :  5.87500e-09
 Reference value :  5.88300e-09
 Reference value :  5.89100e-09
 Reference value :  5.89900e-09
 Reference value :  5.90700e-09
 Reference value :  5.91500e-09
 Reference value :  5.92300e-09
 Reference value :  5.93100e-09
 Reference value :  5.93700e-09
 Reference value :  5.94300e-09
 Reference value :  5.95100e-09
 Reference value :  5.95700e-09
 Reference value :  5.96300e-09
 Reference value :  5.96900e-09
 Reference value :  5.97700e-09
 Reference value :  5.98500e-09
 Reference value :  5.99100e-09
 Reference value :  5.99700e-09
 Reference value :  6.00300e-09
 Reference value :  6.00900e-09
 Reference value :  6.01700e-09
 Reference value :  6.02300e-09
 Reference value :  6.03100e-09
 Reference value :  6.03900e-09
 Reference value :  6.04500e-09
 Reference value :  6.05300e-09
 Reference value :  6.05900e-09
 Reference value :  6.06500e-09
 Reference value :  6.07300e-09
 Reference value :  6.07900e-09
 Reference value :  6.08500e-09
 Reference value :  6.09300e-09
 Reference value :  6.09900e-09
 Reference value :  6.10700e-09
 Reference value :  6.11300e-09
 Reference value :  6.12100e-09
 Reference value :  6.12700e-09
 Reference value :  6.13500e-09
 Reference value :  6.14100e-09
 Reference value :  6.14700e-09
 Reference value :  6.15500e-09
 Reference value :  6.16100e-09
 Reference value :  6.16900e-09
 Reference value :  6.17500e-09
 Reference value :  6.18100e-09
 Reference value :  6.18700e-09
 Reference value :  6.19500e-09
 Reference value :  6.20300e-09
 Reference value :  6.21100e-09
 Reference value :  6.21900e-09
 Reference value :  6.22700e-09
 Reference value :  6.23500e-09
 Reference value :  6.24100e-09
 Reference value :  6.24900e-09
 Reference value :  6.25500e-09
 Reference value :  6.26300e-09
 Reference value :  6.26900e-09
 Reference value :  6.27500e-09
 Reference value :  6.28100e-09
 Reference value :  6.28700e-09
 Reference value :  6.29500e-09
 Reference value :  6.30100e-09
 Reference value :  6.30900e-09
 Reference value :  6.31500e-09
 Reference value :  6.32100e-09
 Reference value :  6.32700e-09
 Reference value :  6.33300e-09
 Reference value :  6.34100e-09
 Reference value :  6.34900e-09
 Reference value :  6.35500e-09
 Reference value :  6.36300e-09
 Reference value :  6.37100e-09
 Reference value :  6.37700e-09
 Reference value :  6.38500e-09
 Reference value :  6.39100e-09
 Reference value :  6.39900e-09
 Reference value :  6.40500e-09
 Reference value :  6.41100e-09
 Reference value :  6.41700e-09
 Reference value :  6.42300e-09
 Reference value :  6.42900e-09
 Reference value :  6.43700e-09
 Reference value :  6.44300e-09
 Reference value :  6.44900e-09
 Reference value :  6.45700e-09
 Reference value :  6.46300e-09
 Reference value :  6.47100e-09
 Reference value :  6.47900e-09
 Reference value :  6.48500e-09
 Reference value :  6.49100e-09
 Reference value :  6.49700e-09
 Reference value :  6.50500e-09
 Reference value :  6.51100e-09
 Reference value :  6.51700e-09
 Reference value :  6.52300e-09
 Reference value :  6.53100e-09
 Reference value :  6.53700e-09
 Reference value :  6.54500e-09
 Reference value :  6.55300e-09
 Reference value :  6.56100e-09
 Reference value :  6.56700e-09
 Reference value :  6.57500e-09
 Reference value :  6.58100e-09
 Reference value :  6.58700e-09
 Reference value :  6.59300e-09
 Reference value :  6.59900e-09
 Reference value :  6.60500e-09
 Reference value :  6.61100e-09
 Reference value :  6.61700e-09
 Reference value :  6.62500e-09
 Reference value :  6.63300e-09
 Reference value :  6.64100e-09
 Reference value :  6.64900e-09
 Reference value :  6.65700e-09
 Reference value :  6.66500e-09
 Reference value :  6.67100e-09
 Reference value :  6.67900e-09
 Reference value :  6.68500e-09
 Reference value :  6.69300e-09
 Reference value :  6.69900e-09
 Reference value :  6.70500e-09
 Reference value :  6.71100e-09
 Reference value :  6.71700e-09
 Reference value :  6.72300e-09
 Reference value :  6.72900e-09
 Reference value :  6.73500e-09
 Reference value :  6.74300e-09
 Reference value :  6.75100e-09
 Reference value :  6.75900e-09
 Reference value :  6.76500e-09
 Reference value :  6.77100e-09
 Reference value :  6.77900e-09
 Reference value :  6.78700e-09
 Reference value :  6.79300e-09
 Reference value :  6.79900e-09
 Reference value :  6.80500e-09
 Reference value :  6.81300e-09
 Reference value :  6.82100e-09
 Reference value :  6.82700e-09
 Reference value :  6.83300e-09
 Reference value :  6.84100e-09
 Reference value :  6.84900e-09
 Reference value :  6.85500e-09
 Reference value :  6.86100e-09
 Reference value :  6.86900e-09
 Reference value :  6.87500e-09
 Reference value :  6.88100e-09
 Reference value :  6.88700e-09
 Reference value :  6.89300e-09
 Reference value :  6.89900e-09
 Reference value :  6.90700e-09
 Reference value :  6.91500e-09
 Reference value :  6.92100e-09
 Reference value :  6.92700e-09
 Reference value :  6.93300e-09
 Reference value :  6.93900e-09
 Reference value :  6.94500e-09
 Reference value :  6.95100e-09
 Reference value :  6.95700e-09
 Reference value :  6.96300e-09
 Reference value :  6.96900e-09
 Reference value :  6.97500e-09
 Reference value :  6.98100e-09
 Reference value :  6.98700e-09
 Reference value :  6.99300e-09
 Reference value :  6.99900e-09
 Reference value :  7.00700e-09
 Reference value :  7.01300e-09
 Reference value :  7.01900e-09
 Reference value :  7.02700e-09
 Reference value :  7.03300e-09
 Reference value :  7.04100e-09
 Reference value :  7.04700e-09
 Reference value :  7.05500e-09
 Reference value :  7.06100e-09
 Reference value :  7.06900e-09
 Reference value :  7.07500e-09
 Reference value :  7.08300e-09
 Reference value :  7.09100e-09
 Reference value :  7.09900e-09
 Reference value :  7.10500e-09
 Reference value :  7.11300e-09
 Reference value :  7.12100e-09
 Reference value :  7.12900e-09
 Reference value :  7.13500e-09
 Reference value :  7.14100e-09
 Reference value :  7.14700e-09
 Reference value :  7.15300e-09
 Reference value :  7.15900e-09
 Reference value :  7.16700e-09
 Reference value :  7.17300e-09
 Reference value :  7.18100e-09
 Reference value :  7.18900e-09
 Reference value :  7.19500e-09
 Reference value :  7.20100e-09
 Reference value :  7.20900e-09
 Reference value :  7.21700e-09
 Reference value :  7.22300e-09
 Reference value :  7.22900e-09
 Reference value :  7.23700e-09
 Reference value :  7.24300e-09
 Reference value :  7.25100e-09
 Reference value :  7.25900e-09
 Reference value :  7.26500e-09
 Reference value :  7.27100e-09
 Reference value :  7.27700e-09
 Reference value :  7.28300e-09
 Reference value :  7.28900e-09
 Reference value :  7.29500e-09
 Reference value :  7.30300e-09
 Reference value :  7.31100e-09
 Reference value :  7.31700e-09
 Reference value :  7.32500e-09
 Reference value :  7.33300e-09
 Reference value :  7.33900e-09
 Reference value :  7.34500e-09
 Reference value :  7.35300e-09
 Reference value :  7.35900e-09
 Reference value :  7.36700e-09
 Reference value :  7.37500e-09
 Reference value :  7.38300e-09
 Reference value :  7.39100e-09
 Reference value :  7.39900e-09
 Reference value :  7.40500e-09
 Reference value :  7.41100e-09
 Reference value :  7.41900e-09
 Reference value :  7.42500e-09
 Reference value :  7.43100e-09
 Reference value :  7.43700e-09
 Reference value :  7.44300e-09
 Reference value :  7.45100e-09
 Reference value :  7.45900e-09
 Reference value :  7.46500e-09
 Reference value :  7.47100e-09
 Reference value :  7.47700e-09
 Reference value :  7.48500e-09
 Reference value :  7.49100e-09
 Reference value :  7.49700e-09
 Reference value :  7.50300e-09
 Reference value :  7.50900e-09
 Reference value :  7.51500e-09
 Reference value :  7.52300e-09
 Reference value :  7.53100e-09
 Reference value :  7.53700e-09
 Reference value :  7.54300e-09
 Reference value :  7.55100e-09
 Reference value :  7.55700e-09
 Reference value :  7.56300e-09
 Reference value :  7.56900e-09
 Reference value :  7.57500e-09
 Reference value :  7.58300e-09
 Reference value :  7.58900e-09
 Reference value :  7.59500e-09
No. of Data Rows : 3814
Note: Simulation executed from .control section 
