
Note: Compatibility modes selected: hs a


Circuit: * comparator-decision offset pick-off -- vindiff=0.0mv corner=tt temp=27.0c seed=10 (issue #9)

option SCALE: Scale is set to 1e-06 for instance and model parameters
option SCALE: Scale is set to 1e-06 for instance and model parameters
option SCALE: Scale is set to 1e-06 for instance and model parameters
option SCALE: Scale is set to 1e-06 for instance and model parameters
Doing analysis at TEMP = 27.000000 and TNOM = 27.000000

Using KLU as Direct Linear Solver
 Reference value :  0.00000e+00
 Reference value :  1.60000e-13
 Reference value :  2.56000e-12
 Reference value :  1.05600e-11
 Reference value :  1.85600e-11
 Reference value :  2.65600e-11
 Reference value :  3.45600e-11
 Reference value :  4.25600e-11
 Reference value :  5.25600e-11
 Reference value :  5.85600e-11
 Reference value :  6.65600e-11
 Reference value :  7.45600e-11
 Reference value :  8.25600e-11
 Reference value :  9.05600e-11
 Reference value :  9.65600e-11
 Reference value :  1.04560e-10
 Reference value :  1.10560e-10
 Reference value :  1.20560e-10
 Reference value :  1.26560e-10
 Reference value :  1.32560e-10
 Reference value :  1.42560e-10
 Reference value :  1.50560e-10
 Reference value :  1.58560e-10
 Reference value :  1.64560e-10
 Reference value :  1.70560e-10
 Reference value :  1.78560e-10
 Reference value :  1.86560e-10
 Reference value :  1.94560e-10
 Reference value :  2.02560e-10
 Reference value :  2.08560e-10
 Reference value :  2.14560e-10
 Reference value :  2.22560e-10
 Reference value :  2.28560e-10
 Reference value :  2.34560e-10
 Reference value :  2.42560e-10
 Reference value :  2.48560e-10
 Reference value :  2.56560e-10
 Reference value :  2.64560e-10
 Reference value :  2.72560e-10
 Reference value :  2.78560e-10
 Reference value :  2.84560e-10
 Reference value :  2.92560e-10
 Reference value :  3.00560e-10
 Reference value :  3.08560e-10
 Reference value :  3.16560e-10
 Reference value :  3.24560e-10
 Reference value :  3.32560e-10
 Reference value :  3.40560e-10
 Reference value :  3.46560e-10
 Reference value :  3.54560e-10
 Reference value :  3.62560e-10
 Reference value :  3.72560e-10
 Reference value :  3.80560e-10
 Reference value :  3.88560e-10
 Reference value :  3.96560e-10
 Reference value :  4.04560e-10
 Reference value :  4.14560e-10
 Reference value :  4.22560e-10
 Reference value :  4.30560e-10
 Reference value :  4.38560e-10
 Reference value :  4.48560e-10
 Reference value :  4.56560e-10
 Reference value :  4.66560e-10
 Reference value :  4.74560e-10
 Reference value :  4.84560e-10
 Reference value :  4.94560e-10
 Reference value :  5.04560e-10
 Reference value :  5.12560e-10
 Reference value :  5.20560e-10
 Reference value :  5.28560e-10
 Reference value :  5.34560e-10
 Reference value :  5.42560e-10
 Reference value :  5.50560e-10
 Reference value :  5.58560e-10
 Reference value :  5.66560e-10
 Reference value :  5.74560e-10
 Reference value :  5.84560e-10
 Reference value :  5.90560e-10
 Reference value :  5.98560e-10
 Reference value :  6.12560e-10
 Reference value :  6.20560e-10
 Reference value :  6.28560e-10
 Reference value :  6.36560e-10
 Reference value :  6.44560e-10
 Reference value :  6.50560e-10
 Reference value :  6.60560e-10
 Reference value :  6.68560e-10
 Reference value :  6.76560e-10
 Reference value :  6.84560e-10
 Reference value :  6.92560e-10
 Reference value :  6.98560e-10
 Reference value :  7.06560e-10
 Reference value :  7.12560e-10
 Reference value :  7.20560e-10
 Reference value :  7.30560e-10
 Reference value :  7.40560e-10
 Reference value :  7.46560e-10
 Reference value :  7.52560e-10
 Reference value :  7.60560e-10
 Reference value :  7.68560e-10
 Reference value :  7.76560e-10
 Reference value :  7.86560e-10
 Reference value :  7.94560e-10
 Reference value :  8.02560e-10
 Reference value :  8.10560e-10
 Reference value :  8.18560e-10
 Reference value :  8.26560e-10
 Reference value :  8.34560e-10
 Reference value :  8.42560e-10
 Reference value :  8.48560e-10
 Reference value :  8.56560e-10
 Reference value :  8.62560e-10
 Reference value :  8.68560e-10
 Reference value :  8.76560e-10
 Reference value :  8.82560e-10
 Reference value :  8.88560e-10
 Reference value :  8.94560e-10
 Reference value :  9.00560e-10
 Reference value :  9.06560e-10
 Reference value :  9.14560e-10
 Reference value :  9.24560e-10
 Reference value :  9.32560e-10
 Reference value :  9.40560e-10
 Reference value :  9.48560e-10
 Reference value :  9.56560e-10
 Reference value :  9.64560e-10
 Reference value :  9.72560e-10
 Reference value :  9.78560e-10
 Reference value :  9.88560e-10
 Reference value :  9.94560e-10
 Reference value :  1.00256e-09
 Reference value :  1.01056e-09
 Reference value :  1.01856e-09
 Reference value :  1.02856e-09
 Reference value :  1.03656e-09
 Reference value :  1.04456e-09
 Reference value :  1.05256e-09
 Reference value :  1.06256e-09
 Reference value :  1.06856e-09
 Reference value :  1.07456e-09
 Reference value :  1.08256e-09
 Reference value :  1.09056e-09
 Reference value :  1.09856e-09
 Reference value :  1.10656e-09
 Reference value :  1.11256e-09
 Reference value :  1.12056e-09
 Reference value :  1.12856e-09
 Reference value :  1.13456e-09
 Reference value :  1.14256e-09
 Reference value :  1.15056e-09
 Reference value :  1.15856e-09
 Reference value :  1.16656e-09
 Reference value :  1.17456e-09
 Reference value :  1.18056e-09
 Reference value :  1.18856e-09
 Reference value :  1.19456e-09
 Reference value :  1.20256e-09
 Reference value :  1.21056e-09
 Reference value :  1.21656e-09
 Reference value :  1.22456e-09
 Reference value :  1.23256e-09
 Reference value :  1.24056e-09
 Reference value :  1.24856e-09
 Reference value :  1.25656e-09
 Reference value :  1.26256e-09
 Reference value :  1.26856e-09
 Reference value :  1.27456e-09
 Reference value :  1.28256e-09
 Reference value :  1.29056e-09
 Reference value :  1.29856e-09
 Reference value :  1.30656e-09
 Reference value :  1.31456e-09
 Reference value :  1.32256e-09
 Reference value :  1.33056e-09
 Reference value :  1.33856e-09
 Reference value :  1.34456e-09
 Reference value :  1.35256e-09
 Reference value :  1.36056e-09
 Reference value :  1.36656e-09
 Reference value :  1.37456e-09
 Reference value :  1.38256e-09
 Reference value :  1.39056e-09
 Reference value :  1.39856e-09
 Reference value :  1.40656e-09
 Reference value :  1.41456e-09
 Reference value :  1.42256e-09
 Reference value :  1.42856e-09
 Reference value :  1.43656e-09
 Reference value :  1.44456e-09
 Reference value :  1.45456e-09
 Reference value :  1.46256e-09
 Reference value :  1.47056e-09
 Reference value :  1.47656e-09
 Reference value :  1.48456e-09
 Reference value :  1.49256e-09
 Reference value :  1.50256e-09
 Reference value :  1.51056e-09
 Reference value :  1.51856e-09
 Reference value :  1.52656e-09
 Reference value :  1.53256e-09
 Reference value :  1.53856e-09
 Reference value :  1.54456e-09
 Reference value :  1.55256e-09
 Reference value :  1.55856e-09
 Reference value :  1.56656e-09
 Reference value :  1.57256e-09
 Reference value :  1.58056e-09
 Reference value :  1.58856e-09
 Reference value :  1.59656e-09
 Reference value :  1.60456e-09
 Reference value :  1.61256e-09
 Reference value :  1.62056e-09
 Reference value :  1.62856e-09
 Reference value :  1.63456e-09
 Reference value :  1.64256e-09
 Reference value :  1.65056e-09
 Reference value :  1.65656e-09
 Reference value :  1.66256e-09
 Reference value :  1.67056e-09
 Reference value :  1.67856e-09
 Reference value :  1.68656e-09
 Reference value :  1.69256e-09
 Reference value :  1.70056e-09
 Reference value :  1.70856e-09
 Reference value :  1.71656e-09
 Reference value :  1.72456e-09
 Reference value :  1.73056e-09
 Reference value :  1.73856e-09
 Reference value :  1.74656e-09
 Reference value :  1.75456e-09
 Reference value :  1.76256e-09
 Reference value :  1.76856e-09
 Reference value :  1.77856e-09
 Reference value :  1.78656e-09
 Reference value :  1.79456e-09
 Reference value :  1.80256e-09
 Reference value :  1.81056e-09
 Reference value :  1.81656e-09
 Reference value :  1.82456e-09
 Reference value :  1.83256e-09
 Reference value :  1.84056e-09
 Reference value :  1.84656e-09
 Reference value :  1.85256e-09
 Reference value :  1.85856e-09
 Reference value :  1.86656e-09
 Reference value :  1.87456e-09
 Reference value :  1.88256e-09
 Reference value :  1.89056e-09
 Reference value :  1.89856e-09
 Reference value :  1.90456e-09
 Reference value :  1.91056e-09
 Reference value :  1.91656e-09
 Reference value :  1.92456e-09
 Reference value :  1.93256e-09
 Reference value :  1.93856e-09
 Reference value :  1.94656e-09
 Reference value :  1.95656e-09
 Reference value :  1.96456e-09
 Reference value :  1.97056e-09
 Reference value :  1.97856e-09
 Reference value :  1.98656e-09
 Reference value :  1.99656e-09
 Reference value :  2.00256e-09
 Reference value :  2.01056e-09
 Reference value :  2.02056e-09
 Reference value :  2.02856e-09
 Reference value :  2.03656e-09
 Reference value :  2.04456e-09
 Reference value :  2.05256e-09
 Reference value :  2.06056e-09
 Reference value :  2.06856e-09
 Reference value :  2.07656e-09
 Reference value :  2.08456e-09
 Reference value :  2.09456e-09
 Reference value :  2.10256e-09
 Reference value :  2.11056e-09
 Reference value :  2.11856e-09
 Reference value :  2.12656e-09
 Reference value :  2.13456e-09
 Reference value :  2.14056e-09
 Reference value :  2.14856e-09
 Reference value :  2.15656e-09
 Reference value :  2.16456e-09
 Reference value :  2.17256e-09
 Reference value :  2.18256e-09
 Reference value :  2.19056e-09
 Reference value :  2.19856e-09
 Reference value :  2.20456e-09
 Reference value :  2.21256e-09
 Reference value :  2.21856e-09
 Reference value :  2.22656e-09
 Reference value :  2.23456e-09
 Reference value :  2.24256e-09
 Reference value :  2.25056e-09
 Reference value :  2.25856e-09
 Reference value :  2.26656e-09
 Reference value :  2.27456e-09
 Reference value :  2.28256e-09
 Reference value :  2.29056e-09
 Reference value :  2.29856e-09
 Reference value :  2.30656e-09
 Reference value :  2.31456e-09
 Reference value :  2.32256e-09
 Reference value :  2.33056e-09
 Reference value :  2.34056e-09
 Reference value :  2.34856e-09
 Reference value :  2.35656e-09
 Reference value :  2.37256e-09
 Reference value :  2.38056e-09
 Reference value :  2.38856e-09
 Reference value :  2.39456e-09
 Reference value :  2.40256e-09
 Reference value :  2.41056e-09
 Reference value :  2.42056e-09
 Reference value :  2.42856e-09
 Reference value :  2.43456e-09
 Reference value :  2.44256e-09
 Reference value :  2.45056e-09
 Reference value :  2.46056e-09
 Reference value :  2.46856e-09
 Reference value :  2.47656e-09
 Reference value :  2.48456e-09
 Reference value :  2.49056e-09
 Reference value :  2.49856e-09
 Reference value :  2.50656e-09
 Reference value :  2.51656e-09
 Reference value :  2.52256e-09
 Reference value :  2.53056e-09
 Reference value :  2.53856e-09
 Reference value :  2.54656e-09
 Reference value :  2.55456e-09
 Reference value :  2.56056e-09
 Reference value :  2.56856e-09
 Reference value :  2.57656e-09
 Reference value :  2.58456e-09
 Reference value :  2.59056e-09
 Reference value :  2.59856e-09
 Reference value :  2.60656e-09
 Reference value :  2.61456e-09
 Reference value :  2.62056e-09
 Reference value :  2.62656e-09
 Reference value :  2.63456e-09
 Reference value :  2.64256e-09
 Reference value :  2.65056e-09
 Reference value :  2.65656e-09
 Reference value :  2.66456e-09
 Reference value :  2.67456e-09
 Reference value :  2.68256e-09
 Reference value :  2.69056e-09
 Reference value :  2.69856e-09
 Reference value :  2.70656e-09
 Reference value :  2.71456e-09
 Reference value :  2.72256e-09
 Reference value :  2.72856e-09
 Reference value :  2.73456e-09
 Reference value :  2.74256e-09
 Reference value :  2.74856e-09
 Reference value :  2.75656e-09
 Reference value :  2.76456e-09
 Reference value :  2.77256e-09
 Reference value :  2.77856e-09
 Reference value :  2.78656e-09
 Reference value :  2.79456e-09
 Reference value :  2.80256e-09
 Reference value :  2.81056e-09
 Reference value :  2.81856e-09
 Reference value :  2.83456e-09
 Reference value :  2.84256e-09
 Reference value :  2.85056e-09
 Reference value :  2.85856e-09
 Reference value :  2.86656e-09
 Reference value :  2.87456e-09
 Reference value :  2.88256e-09
 Reference value :  2.89056e-09
 Reference value :  2.89856e-09
 Reference value :  2.90456e-09
 Reference value :  2.91056e-09
 Reference value :  2.91656e-09
 Reference value :  2.92256e-09
 Reference value :  2.93056e-09
 Reference value :  2.93656e-09
 Reference value :  2.94456e-09
 Reference value :  2.95056e-09
 Reference value :  2.95856e-09
 Reference value :  2.96456e-09
 Reference value :  2.97256e-09
 Reference value :  2.97856e-09
 Reference value :  2.98656e-09
 Reference value :  2.99456e-09
 Reference value :  3.00256e-09
 Reference value :  3.01056e-09
 Reference value :  3.01656e-09
 Reference value :  3.02456e-09
 Reference value :  3.03456e-09
 Reference value :  3.04256e-09
 Reference value :  3.05056e-09
 Reference value :  3.05856e-09
 Reference value :  3.06656e-09
 Reference value :  3.07456e-09
 Reference value :  3.08456e-09
 Reference value :  3.09256e-09
 Reference value :  3.10056e-09
 Reference value :  3.11056e-09
 Reference value :  3.11856e-09
 Reference value :  3.12656e-09
 Reference value :  3.13456e-09
 Reference value :  3.14256e-09
 Reference value :  3.15256e-09
 Reference value :  3.15856e-09
 Reference value :  3.16656e-09
 Reference value :  3.17456e-09
 Reference value :  3.18056e-09
 Reference value :  3.19056e-09
 Reference value :  3.20056e-09
 Reference value :  3.20856e-09
 Reference value :  3.21856e-09
 Reference value :  3.22856e-09
 Reference value :  3.23656e-09
 Reference value :  3.24456e-09
 Reference value :  3.25256e-09
 Reference value :  3.26056e-09
 Reference value :  3.27056e-09
 Reference value :  3.27856e-09
 Reference value :  3.28656e-09
 Reference value :  3.29456e-09
 Reference value :  3.30256e-09
 Reference value :  3.31056e-09
 Reference value :  3.31856e-09
 Reference value :  3.32656e-09
 Reference value :  3.33456e-09
 Reference value :  3.34256e-09
 Reference value :  3.35056e-09
 Reference value :  3.36056e-09
 Reference value :  3.36856e-09
 Reference value :  3.37856e-09
 Reference value :  3.38456e-09
 Reference value :  3.39056e-09
 Reference value :  3.39856e-09
 Reference value :  3.40856e-09
 Reference value :  3.41656e-09
 Reference value :  3.42456e-09
 Reference value :  3.43256e-09
 Reference value :  3.44056e-09
 Reference value :  3.44856e-09
 Reference value :  3.45656e-09
 Reference value :  3.46456e-09
 Reference value :  3.47256e-09
 Reference value :  3.48056e-09
 Reference value :  3.48856e-09
 Reference value :  3.49656e-09
 Reference value :  3.50456e-09
 Reference value :  3.51256e-09
 Reference value :  3.52056e-09
 Reference value :  3.52656e-09
 Reference value :  3.53456e-09
 Reference value :  3.54256e-09
 Reference value :  3.55056e-09
 Reference value :  3.55656e-09
 Reference value :  3.56456e-09
 Reference value :  3.57256e-09
 Reference value :  3.58056e-09
 Reference value :  3.58856e-09
 Reference value :  3.59656e-09
 Reference value :  3.60456e-09
 Reference value :  3.61256e-09
 Reference value :  3.61856e-09
 Reference value :  3.62656e-09
 Reference value :  3.63456e-09
 Reference value :  3.64256e-09
 Reference value :  3.65056e-09
 Reference value :  3.65856e-09
 Reference value :  3.66656e-09
 Reference value :  3.67256e-09
 Reference value :  3.68056e-09
 Reference value :  3.69056e-09
 Reference value :  3.69856e-09
 Reference value :  3.70656e-09
 Reference value :  3.71656e-09
 Reference value :  3.72456e-09
 Reference value :  3.73256e-09
 Reference value :  3.74056e-09
 Reference value :  3.74856e-09
 Reference value :  3.75656e-09
 Reference value :  3.76456e-09
 Reference value :  3.77256e-09
 Reference value :  3.78056e-09
 Reference value :  3.78856e-09
 Reference value :  3.79856e-09
 Reference value :  3.80656e-09
 Reference value :  3.81456e-09
 Reference value :  3.82056e-09
 Reference value :  3.82856e-09
 Reference value :  3.83656e-09
 Reference value :  3.84456e-09
 Reference value :  3.85256e-09
 Reference value :  3.86056e-09
 Reference value :  3.87056e-09
 Reference value :  3.87656e-09
 Reference value :  3.88456e-09
 Reference value :  3.89056e-09
 Reference value :  3.89856e-09
 Reference value :  3.90656e-09
 Reference value :  3.91456e-09
 Reference value :  3.92256e-09
 Reference value :  3.93056e-09
 Reference value :  3.94056e-09
 Reference value :  3.94856e-09
 Reference value :  3.95856e-09
 Reference value :  3.96856e-09
 Reference value :  3.97656e-09
 Reference value :  3.98456e-09
 Reference value :  3.99056e-09
 Reference value :  3.99856e-09
 Reference value :  4.00856e-09
 Reference value :  4.01656e-09
 Reference value :  4.02456e-09
 Reference value :  4.03256e-09
 Reference value :  4.04056e-09
 Reference value :  4.04856e-09
 Reference value :  4.05656e-09
 Reference value :  4.06456e-09
 Reference value :  4.07056e-09
 Reference value :  4.07856e-09
 Reference value :  4.08656e-09
 Reference value :  4.09456e-09
 Reference value :  4.10256e-09
 Reference value :  4.11056e-09
 Reference value :  4.11656e-09
 Reference value :  4.12456e-09
 Reference value :  4.13056e-09
 Reference value :  4.13856e-09
 Reference value :  4.14656e-09
 Reference value :  4.15256e-09
 Reference value :  4.16056e-09
 Reference value :  4.16856e-09
 Reference value :  4.17656e-09
 Reference value :  4.18456e-09
 Reference value :  4.19256e-09
 Reference value :  4.19856e-09
 Reference value :  4.20656e-09
 Reference value :  4.21456e-09
 Reference value :  4.22256e-09
 Reference value :  4.23056e-09
 Reference value :  4.23856e-09
 Reference value :  4.24456e-09
 Reference value :  4.25256e-09
 Reference value :  4.26056e-09
 Reference value :  4.27056e-09
 Reference value :  4.27856e-09
 Reference value :  4.28656e-09
 Reference value :  4.29456e-09
 Reference value :  4.30256e-09
 Reference value :  4.31256e-09
 Reference value :  4.32056e-09
 Reference value :  4.32856e-09
 Reference value :  4.33656e-09
 Reference value :  4.34456e-09
 Reference value :  4.35256e-09
 Reference value :  4.36056e-09
 Reference value :  4.36856e-09
 Reference value :  4.37656e-09
 Reference value :  4.38456e-09
 Reference value :  4.39256e-09
 Reference value :  4.39856e-09
 Reference value :  4.40456e-09
 Reference value :  4.43856e-09
 Reference value :  4.44656e-09
 Reference value :  4.45456e-09
 Reference value :  4.46256e-09
 Reference value :  4.47056e-09
 Reference value :  4.47856e-09
 Reference value :  4.48656e-09
 Reference value :  4.49456e-09
 Reference value :  4.50256e-09
 Reference value :  4.51056e-09
 Reference value :  4.51656e-09
 Reference value :  4.52456e-09
 Reference value :  4.53256e-09
 Reference value :  4.54056e-09
 Reference value :  4.54856e-09
 Reference value :  4.55656e-09
 Reference value :  4.56256e-09
 Reference value :  4.56856e-09
 Reference value :  4.57656e-09
 Reference value :  4.58456e-09
 Reference value :  4.59056e-09
 Reference value :  4.59856e-09
 Reference value :  4.60656e-09
 Reference value :  4.61256e-09
 Reference value :  4.62056e-09
 Reference value :  4.62856e-09
 Reference value :  4.63656e-09
 Reference value :  4.64256e-09
 Reference value :  4.65056e-09
 Reference value :  4.65856e-09
 Reference value :  4.66656e-09
 Reference value :  4.67456e-09
 Reference value :  4.68056e-09
 Reference value :  4.68856e-09
 Reference value :  4.69656e-09
 Reference value :  4.70456e-09
 Reference value :  4.71256e-09
 Reference value :  4.72056e-09
 Reference value :  4.72856e-09
 Reference value :  4.73656e-09
 Reference value :  4.74256e-09
 Reference value :  4.75056e-09
 Reference value :  4.75856e-09
 Reference value :  4.76456e-09
 Reference value :  4.77256e-09
 Reference value :  4.78056e-09
 Reference value :  4.78856e-09
 Reference value :  4.79656e-09
 Reference value :  4.80256e-09
 Reference value :  4.81056e-09
 Reference value :  4.81856e-09
 Reference value :  4.82656e-09
 Reference value :  4.83456e-09
 Reference value :  4.84256e-09
 Reference value :  4.85056e-09
 Reference value :  4.85656e-09
 Reference value :  4.86256e-09
 Reference value :  4.87056e-09
 Reference value :  4.88056e-09
 Reference value :  4.88656e-09
 Reference value :  4.89456e-09
 Reference value :  4.90056e-09
 Reference value :  4.90856e-09
 Reference value :  4.91656e-09
 Reference value :  4.92456e-09
 Reference value :  4.93256e-09
 Reference value :  4.94056e-09
 Reference value :  4.94656e-09
 Reference value :  4.95456e-09
 Reference value :  4.96256e-09
 Reference value :  4.97056e-09
 Reference value :  4.97656e-09
 Reference value :  4.98456e-09
 Reference value :  4.99256e-09
 Reference value :  5.00000e-09
 Reference value :  5.00300e-09
 Reference value :  5.01100e-09
 Reference value :  5.01700e-09
 Reference value :  5.02500e-09
 Reference value :  5.03300e-09
 Reference value :  5.04100e-09
 Reference value :  5.04900e-09
 Reference value :  5.05700e-09
 Reference value :  5.06500e-09
 Reference value :  5.07100e-09
 Reference value :  5.07900e-09
 Reference value :  5.08700e-09
 Reference value :  5.09500e-09
 Reference value :  5.10020e-09
 Reference value :  5.10500e-09
 Reference value :  5.11300e-09
 Reference value :  5.12100e-09
 Reference value :  5.12700e-09
 Reference value :  5.13500e-09
 Reference value :  5.14100e-09
 Reference value :  5.14900e-09
 Reference value :  5.15500e-09
 Reference value :  5.16300e-09
 Reference value :  5.17100e-09
 Reference value :  5.17900e-09
 Reference value :  5.18500e-09
 Reference value :  5.19300e-09
 Reference value :  5.20100e-09
 Reference value :  5.21100e-09
 Reference value :  5.22100e-09
 Reference value :  5.23100e-09
 Reference value :  5.23900e-09
 Reference value :  5.24700e-09
 Reference value :  5.25500e-09
 Reference value :  5.26300e-09
 Reference value :  5.27100e-09
 Reference value :  5.27700e-09
 Reference value :  5.28700e-09
 Reference value :  5.29500e-09
 Reference value :  5.30100e-09
 Reference value :  5.30900e-09
 Reference value :  5.31500e-09
 Reference value :  5.32100e-09
 Reference value :  5.32900e-09
 Reference value :  5.33700e-09
 Reference value :  5.34500e-09
 Reference value :  5.35100e-09
 Reference value :  5.35900e-09
 Reference value :  5.36700e-09
 Reference value :  5.37500e-09
 Reference value :  5.38300e-09
 Reference value :  5.39100e-09
 Reference value :  5.39900e-09
 Reference value :  5.40700e-09
 Reference value :  5.41300e-09
 Reference value :  5.41900e-09
 Reference value :  5.42700e-09
 Reference value :  5.43500e-09
 Reference value :  5.44100e-09
 Reference value :  5.44900e-09
 Reference value :  5.45700e-09
 Reference value :  5.46300e-09
 Reference value :  5.46900e-09
 Reference value :  5.47500e-09
 Reference value :  5.48300e-09
 Reference value :  5.49100e-09
 Reference value :  5.49700e-09
 Reference value :  5.50300e-09
 Reference value :  5.50900e-09
 Reference value :  5.51500e-09
 Reference value :  5.52100e-09
 Reference value :  5.52900e-09
 Reference value :  5.53500e-09
 Reference value :  5.54300e-09
 Reference value :  5.55100e-09
 Reference value :  5.55700e-09
 Reference value :  5.56300e-09
 Reference value :  5.57100e-09
 Reference value :  5.57700e-09
 Reference value :  5.58300e-09
 Reference value :  5.59100e-09
 Reference value :  5.59700e-09
 Reference value :  5.60300e-09
 Reference value :  5.61100e-09
 Reference value :  5.61700e-09
 Reference value :  5.62500e-09
 Reference value :  5.63100e-09
 Reference value :  5.63900e-09
 Reference value :  5.64700e-09
 Reference value :  5.65300e-09
 Reference value :  5.65900e-09
 Reference value :  5.66500e-09
 Reference value :  5.67100e-09
 Reference value :  5.67900e-09
 Reference value :  5.68500e-09
 Reference value :  5.69300e-09
 Reference value :  5.70100e-09
 Reference value :  5.70900e-09
 Reference value :  5.71700e-09
 Reference value :  5.72500e-09
 Reference value :  5.73300e-09
 Reference value :  5.74100e-09
 Reference value :  5.74900e-09
 Reference value :  5.75700e-09
 Reference value :  5.76300e-09
 Reference value :  5.76900e-09
 Reference value :  5.77700e-09
 Reference value :  5.78300e-09
 Reference value :  5.79100e-09
 Reference value :  5.80100e-09
 Reference value :  5.80700e-09
 Reference value :  5.81300e-09
 Reference value :  5.81900e-09
 Reference value :  5.82700e-09
 Reference value :  5.83500e-09
 Reference value :  5.84300e-09
 Reference value :  5.85100e-09
 Reference value :  5.85900e-09
 Reference value :  5.86700e-09
 Reference value :  5.87300e-09
 Reference value :  5.88100e-09
 Reference value :  5.88700e-09
 Reference value :  5.89500e-09
 Reference value :  5.90300e-09
 Reference value :  5.91100e-09
 Reference value :  5.91900e-09
 Reference value :  5.92700e-09
 Reference value :  5.93500e-09
 Reference value :  5.94300e-09
 Reference value :  5.95100e-09
 Reference value :  5.96100e-09
 Reference value :  5.96900e-09
 Reference value :  5.97700e-09
 Reference value :  5.98300e-09
 Reference value :  5.99100e-09
 Reference value :  6.00100e-09
 Reference value :  6.00700e-09
 Reference value :  6.01500e-09
 Reference value :  6.02500e-09
 Reference value :  6.03300e-09
 Reference value :  6.04100e-09
 Reference value :  6.05100e-09
 Reference value :  6.05900e-09
 Reference value :  6.06700e-09
 Reference value :  6.07700e-09
 Reference value :  6.08300e-09
 Reference value :  6.09100e-09
 Reference value :  6.09900e-09
 Reference value :  6.10700e-09
 Reference value :  6.11500e-09
 Reference value :  6.12300e-09
 Reference value :  6.13500e-09
 Reference value :  6.14300e-09
 Reference value :  6.15100e-09
 Reference value :  6.15900e-09
 Reference value :  6.16700e-09
 Reference value :  6.17500e-09
 Reference value :  6.18300e-09
 Reference value :  6.19100e-09
 Reference value :  6.19700e-09
 Reference value :  6.20500e-09
 Reference value :  6.21300e-09
 Reference value :  6.22100e-09
 Reference value :  6.22900e-09
 Reference value :  6.23500e-09
 Reference value :  6.24300e-09
 Reference value :  6.25100e-09
 Reference value :  6.25900e-09
 Reference value :  6.26700e-09
 Reference value :  6.27500e-09
 Reference value :  6.28300e-09
 Reference value :  6.29100e-09
 Reference value :  6.29700e-09
 Reference value :  6.30300e-09
 Reference value :  6.31100e-09
 Reference value :  6.31900e-09
 Reference value :  6.32700e-09
 Reference value :  6.33700e-09
 Reference value :  6.34500e-09
 Reference value :  6.35300e-09
 Reference value :  6.36100e-09
 Reference value :  6.36700e-09
 Reference value :  6.37300e-09
 Reference value :  6.38100e-09
 Reference value :  6.38900e-09
 Reference value :  6.39900e-09
 Reference value :  6.40900e-09
 Reference value :  6.41700e-09
 Reference value :  6.42300e-09
 Reference value :  6.43100e-09
 Reference value :  6.43900e-09
 Reference value :  6.44700e-09
 Reference value :  6.45700e-09
 Reference value :  6.46500e-09
 Reference value :  6.47300e-09
 Reference value :  6.48300e-09
 Reference value :  6.49100e-09
 Reference value :  6.49900e-09
 Reference value :  6.50700e-09
 Reference value :  6.51300e-09
 Reference value :  6.52100e-09
 Reference value :  6.52900e-09
 Reference value :  6.53700e-09
 Reference value :  6.54500e-09
 Reference value :  6.55300e-09
 Reference value :  6.56100e-09
 Reference value :  6.57100e-09
 Reference value :  6.58100e-09
 Reference value :  6.58700e-09
 Reference value :  6.59300e-09
 Reference value :  6.60100e-09
 Reference value :  6.60900e-09
 Reference value :  6.61700e-09
 Reference value :  6.62700e-09
 Reference value :  6.63500e-09
 Reference value :  6.64500e-09
 Reference value :  6.65500e-09
 Reference value :  6.66300e-09
 Reference value :  6.67100e-09
 Reference value :  6.67900e-09
 Reference value :  6.68700e-09
 Reference value :  6.69500e-09
 Reference value :  6.70300e-09
 Reference value :  6.70900e-09
 Reference value :  6.71700e-09
 Reference value :  6.72500e-09
 Reference value :  6.73300e-09
 Reference value :  6.73900e-09
 Reference value :  6.74700e-09
 Reference value :  6.75300e-09
 Reference value :  6.75900e-09
 Reference value :  6.76500e-09
 Reference value :  6.77100e-09
 Reference value :  6.77900e-09
 Reference value :  6.78500e-09
 Reference value :  6.79300e-09
 Reference value :  6.80300e-09
 Reference value :  6.81100e-09
 Reference value :  6.81900e-09
 Reference value :  6.82700e-09
 Reference value :  6.83500e-09
 Reference value :  6.84300e-09
 Reference value :  6.85100e-09
 Reference value :  6.85900e-09
 Reference value :  6.86700e-09
 Reference value :  6.87500e-09
 Reference value :  6.88100e-09
 Reference value :  6.88900e-09
 Reference value :  6.89700e-09
 Reference value :  6.90500e-09
 Reference value :  6.91100e-09
 Reference value :  6.91900e-09
 Reference value :  6.92700e-09
 Reference value :  6.93500e-09
 Reference value :  6.94300e-09
 Reference value :  6.95100e-09
 Reference value :  6.95900e-09
 Reference value :  6.96900e-09
 Reference value :  6.97700e-09
 Reference value :  6.98500e-09
 Reference value :  6.99300e-09
 Reference value :  6.99900e-09
 Reference value :  7.00700e-09
 Reference value :  7.01500e-09
 Reference value :  7.02300e-09
 Reference value :  7.02900e-09
 Reference value :  7.03500e-09
 Reference value :  7.04300e-09
 Reference value :  7.05100e-09
 Reference value :  7.05900e-09
 Reference value :  7.06700e-09
 Reference value :  7.07300e-09
 Reference value :  7.07900e-09
 Reference value :  7.08700e-09
 Reference value :  7.09500e-09
 Reference value :  7.10300e-09
 Reference value :  7.10900e-09
 Reference value :  7.11700e-09
 Reference value :  7.12500e-09
 Reference value :  7.13300e-09
 Reference value :  7.13900e-09
 Reference value :  7.14700e-09
 Reference value :  7.15700e-09
 Reference value :  7.16700e-09
 Reference value :  7.17500e-09
 Reference value :  7.18300e-09
 Reference value :  7.19100e-09
 Reference value :  7.19900e-09
 Reference value :  7.20500e-09
 Reference value :  7.21500e-09
 Reference value :  7.22100e-09
 Reference value :  7.22900e-09
 Reference value :  7.23700e-09
 Reference value :  7.24500e-09
 Reference value :  7.25300e-09
 Reference value :  7.25900e-09
 Reference value :  7.26500e-09
 Reference value :  7.27500e-09
 Reference value :  7.28100e-09
 Reference value :  7.28700e-09
 Reference value :  7.29300e-09
 Reference value :  7.30100e-09
 Reference value :  7.30900e-09
 Reference value :  7.31500e-09
 Reference value :  7.32300e-09
 Reference value :  7.33300e-09
 Reference value :  7.34300e-09
 Reference value :  7.35300e-09
 Reference value :  7.36100e-09
 Reference value :  7.36900e-09
 Reference value :  7.37700e-09
 Reference value :  7.38500e-09
 Reference value :  7.39300e-09
 Reference value :  7.39900e-09
 Reference value :  7.40700e-09
 Reference value :  7.41500e-09
 Reference value :  7.42300e-09
 Reference value :  7.43300e-09
 Reference value :  7.43900e-09
 Reference value :  7.44900e-09
 Reference value :  7.45700e-09
 Reference value :  7.46700e-09
 Reference value :  7.47700e-09
 Reference value :  7.48300e-09
 Reference value :  7.49100e-09
 Reference value :  7.49900e-09
 Reference value :  7.50700e-09
 Reference value :  7.51500e-09
 Reference value :  7.52300e-09
 Reference value :  7.53100e-09
 Reference value :  7.53900e-09
 Reference value :  7.54700e-09
 Reference value :  7.55700e-09
 Reference value :  7.56500e-09
 Reference value :  7.57500e-09
 Reference value :  7.58500e-09
 Reference value :  7.59500e-09
No. of Data Rows : 3814
Note: Simulation executed from .control section 
