
Note: Compatibility modes selected: hs a


Circuit: * comparator-decision kickback disturbance -- variant=loaded rs=1000ohm vindiff=50.0mv corner=tt temp=27.0c (issue #26)

option SCALE: Scale is set to 1e-06 for instance and model parameters
option SCALE: Scale is set to 1e-06 for instance and model parameters
option SCALE: Scale is set to 1e-06 for instance and model parameters
option SCALE: Scale is set to 1e-06 for instance and model parameters
Doing analysis at TEMP = 27.000000 and TNOM = 27.000000

Using KLU as Direct Linear Solver
 Reference value :  0.00000e+00
 Reference value :  4.00000e-13
 Reference value :  6.40000e-12
 Reference value :  2.14000e-11
 Reference value :  3.64000e-11
 Reference value :  5.64000e-11
 Reference value :  7.64000e-11
 Reference value :  1.01400e-10
 Reference value :  1.26400e-10
 Reference value :  1.41400e-10
 Reference value :  1.66400e-10
 Reference value :  1.91400e-10
 Reference value :  2.16400e-10
 Reference value :  2.36400e-10
 Reference value :  2.56400e-10
 Reference value :  2.76400e-10
 Reference value :  2.96400e-10
 Reference value :  3.16400e-10
 Reference value :  3.36400e-10
 Reference value :  3.56400e-10
 Reference value :  6.71400e-10
 Reference value :  6.86400e-10
 Reference value :  7.11400e-10
 Reference value :  7.36400e-10
 Reference value :  7.61400e-10
 Reference value :  7.81400e-10
 Reference value :  8.01400e-10
 Reference value :  8.21400e-10
 Reference value :  8.36400e-10
 Reference value :  8.56400e-10
 Reference value :  8.81400e-10
 Reference value :  9.01400e-10
 Reference value :  9.26400e-10
 Reference value :  9.46400e-10
 Reference value :  9.71400e-10
 Reference value :  9.91400e-10
 Reference value :  1.01640e-09
 Reference value :  1.04140e-09
 Reference value :  1.06140e-09
 Reference value :  1.08640e-09
 Reference value :  1.11140e-09
 Reference value :  1.13140e-09
 Reference value :  1.15640e-09
 Reference value :  1.18140e-09
 Reference value :  1.20640e-09
 Reference value :  1.22640e-09
 Reference value :  1.24640e-09
 Reference value :  1.27140e-09
 Reference value :  1.29140e-09
 Reference value :  1.30640e-09
 Reference value :  1.32640e-09
 Reference value :  1.34640e-09
 Reference value :  1.36640e-09
 Reference value :  1.38140e-09
 Reference value :  1.39640e-09
 Reference value :  1.41140e-09
 Reference value :  1.43140e-09
 Reference value :  1.45140e-09
 Reference value :  1.47640e-09
 Reference value :  1.50140e-09
 Reference value :  1.52140e-09
 Reference value :  1.54140e-09
 Reference value :  1.56140e-09
 Reference value :  1.58640e-09
 Reference value :  1.60140e-09
 Reference value :  1.62140e-09
 Reference value :  1.64640e-09
 Reference value :  1.66640e-09
 Reference value :  1.69140e-09
 Reference value :  1.71640e-09
 Reference value :  1.74140e-09
 Reference value :  1.76140e-09
 Reference value :  1.78140e-09
 Reference value :  1.80140e-09
 Reference value :  1.82140e-09
 Reference value :  1.84140e-09
 Reference value :  1.86140e-09
 Reference value :  1.88140e-09
 Reference value :  1.90140e-09
 Reference value :  1.91640e-09
 Reference value :  1.93640e-09
 Reference value :  1.95640e-09
 Reference value :  1.97140e-09
 Reference value :  1.98640e-09
 Reference value :  2.00640e-09
 Reference value :  2.02640e-09
 Reference value :  2.04640e-09
 Reference value :  2.06640e-09
 Reference value :  2.09140e-09
 Reference value :  2.11140e-09
 Reference value :  2.12640e-09
 Reference value :  2.14140e-09
 Reference value :  2.15640e-09
 Reference value :  2.17140e-09
 Reference value :  2.18640e-09
 Reference value :  2.20640e-09
 Reference value :  2.23140e-09
 Reference value :  2.24640e-09
 Reference value :  2.26640e-09
 Reference value :  2.28640e-09
 Reference value :  2.30640e-09
 Reference value :  2.33140e-09
 Reference value :  2.35140e-09
 Reference value :  2.37140e-09
 Reference value :  2.39140e-09
 Reference value :  2.41140e-09
 Reference value :  2.43140e-09
 Reference value :  2.45140e-09
 Reference value :  2.46640e-09
 Reference value :  2.48640e-09
 Reference value :  2.50140e-09
 Reference value :  2.52140e-09
 Reference value :  2.55140e-09
 Reference value :  2.56640e-09
 Reference value :  2.58640e-09
 Reference value :  2.60140e-09
 Reference value :  2.61640e-09
 Reference value :  2.63140e-09
 Reference value :  2.65140e-09
 Reference value :  2.67140e-09
 Reference value :  2.68640e-09
 Reference value :  2.70640e-09
 Reference value :  2.72640e-09
 Reference value :  2.74640e-09
 Reference value :  2.76640e-09
 Reference value :  2.79140e-09
 Reference value :  2.81140e-09
 Reference value :  2.83140e-09
 Reference value :  2.85140e-09
 Reference value :  2.87140e-09
 Reference value :  2.89140e-09
 Reference value :  2.91140e-09
 Reference value :  2.92640e-09
 Reference value :  2.94640e-09
 Reference value :  2.96640e-09
 Reference value :  2.98140e-09
 Reference value :  3.00140e-09
 Reference value :  3.01640e-09
 Reference value :  3.03140e-09
 Reference value :  3.05140e-09
 Reference value :  3.07140e-09
 Reference value :  3.09140e-09
 Reference value :  3.11140e-09
 Reference value :  3.13140e-09
 Reference value :  3.15140e-09
 Reference value :  3.17640e-09
 Reference value :  3.19640e-09
 Reference value :  3.21140e-09
 Reference value :  3.22640e-09
 Reference value :  3.24640e-09
 Reference value :  3.26640e-09
 Reference value :  3.28140e-09
 Reference value :  3.30140e-09
 Reference value :  3.31640e-09
 Reference value :  3.33140e-09
 Reference value :  3.34640e-09
 Reference value :  3.36640e-09
 Reference value :  3.38640e-09
 Reference value :  3.40640e-09
 Reference value :  3.42140e-09
 Reference value :  3.44140e-09
 Reference value :  3.45640e-09
 Reference value :  3.47640e-09
 Reference value :  3.50140e-09
 Reference value :  3.52640e-09
 Reference value :  3.54640e-09
 Reference value :  3.56640e-09
 Reference value :  3.59140e-09
 Reference value :  3.61140e-09
 Reference value :  3.63640e-09
 Reference value :  3.65640e-09
 Reference value :  3.67640e-09
 Reference value :  3.70140e-09
 Reference value :  3.72640e-09
 Reference value :  3.75140e-09
 Reference value :  3.77140e-09
 Reference value :  3.79140e-09
 Reference value :  3.81140e-09
 Reference value :  3.83640e-09
 Reference value :  3.85640e-09
 Reference value :  3.87640e-09
 Reference value :  3.89140e-09
 Reference value :  3.91140e-09
 Reference value :  3.93140e-09
 Reference value :  3.95640e-09
 Reference value :  3.97640e-09
 Reference value :  3.99640e-09
 Reference value :  4.01640e-09
 Reference value :  4.03640e-09
 Reference value :  4.05640e-09
 Reference value :  4.07640e-09
 Reference value :  4.09140e-09
 Reference value :  4.11140e-09
 Reference value :  4.13140e-09
 Reference value :  4.14640e-09
 Reference value :  4.17140e-09
 Reference value :  4.19140e-09
 Reference value :  4.21140e-09
 Reference value :  4.22640e-09
 Reference value :  4.24640e-09
 Reference value :  4.27140e-09
 Reference value :  4.29640e-09
 Reference value :  4.31640e-09
 Reference value :  4.33640e-09
 Reference value :  4.35140e-09
 Reference value :  4.37140e-09
 Reference value :  4.39640e-09
 Reference value :  4.41640e-09
 Reference value :  4.43140e-09
 Reference value :  4.45140e-09
 Reference value :  4.47140e-09
 Reference value :  4.48640e-09
 Reference value :  4.50140e-09
 Reference value :  4.51640e-09
 Reference value :  4.53140e-09
 Reference value :  4.54640e-09
 Reference value :  4.57140e-09
 Reference value :  4.59140e-09
 Reference value :  4.61140e-09
 Reference value :  4.63640e-09
 Reference value :  4.65640e-09
 Reference value :  4.67640e-09
 Reference value :  4.70140e-09
 Reference value :  4.72140e-09
 Reference value :  4.73640e-09
 Reference value :  4.75640e-09
 Reference value :  4.77140e-09
 Reference value :  4.79140e-09
 Reference value :  4.80640e-09
 Reference value :  4.83140e-09
 Reference value :  4.85140e-09
 Reference value :  4.87140e-09
 Reference value :  4.88640e-09
 Reference value :  4.90640e-09
 Reference value :  4.92640e-09
 Reference value :  4.94640e-09
 Reference value :  4.96140e-09
 Reference value :  4.97640e-09
 Reference value :  4.99570e-09
 Reference value :  5.00350e-09
 Reference value :  5.02250e-09
 Reference value :  5.04250e-09
 Reference value :  5.06750e-09
 Reference value :  5.08250e-09
 Reference value :  5.10000e-09
 Reference value :  5.10750e-09
 Reference value :  5.13250e-09
 Reference value :  5.14750e-09
 Reference value :  5.16750e-09
 Reference value :  5.18750e-09
 Reference value :  5.21250e-09
 Reference value :  5.23750e-09
 Reference value :  5.25750e-09
 Reference value :  5.27250e-09
 Reference value :  5.29250e-09
 Reference value :  5.30750e-09
 Reference value :  5.32750e-09
 Reference value :  5.34750e-09
 Reference value :  5.36750e-09
 Reference value :  5.38750e-09
 Reference value :  5.40250e-09
 Reference value :  5.41750e-09
 Reference value :  5.43250e-09
 Reference value :  5.45250e-09
 Reference value :  5.47250e-09
 Reference value :  5.49250e-09
 Reference value :  5.51250e-09
 Reference value :  5.53750e-09
 Reference value :  5.55750e-09
 Reference value :  5.57250e-09
 Reference value :  5.59250e-09
 Reference value :  5.60750e-09
 Reference value :  5.62750e-09
 Reference value :  5.66250e-09
 Reference value :  5.68250e-09
 Reference value :  5.70250e-09
 Reference value :  5.71750e-09
 Reference value :  5.73750e-09
 Reference value :  5.76250e-09
 Reference value :  5.78250e-09
 Reference value :  5.80750e-09
 Reference value :  5.83250e-09
 Reference value :  5.85250e-09
 Reference value :  5.87250e-09
 Reference value :  5.89250e-09
 Reference value :  5.91250e-09
 Reference value :  5.92750e-09
 Reference value :  5.94750e-09
 Reference value :  5.96750e-09
 Reference value :  5.98750e-09
 Reference value :  6.00750e-09
 Reference value :  6.02250e-09
 Reference value :  6.03750e-09
 Reference value :  6.05750e-09
 Reference value :  6.07750e-09
 Reference value :  6.10250e-09
 Reference value :  6.12250e-09
 Reference value :  6.14250e-09
 Reference value :  6.15750e-09
 Reference value :  6.17750e-09
 Reference value :  6.19250e-09
 Reference value :  6.20750e-09
 Reference value :  6.23250e-09
 Reference value :  6.25750e-09
 Reference value :  6.28250e-09
 Reference value :  6.30250e-09
 Reference value :  6.32750e-09
 Reference value :  6.35250e-09
 Reference value :  6.37250e-09
 Reference value :  6.39750e-09
 Reference value :  6.41750e-09
 Reference value :  6.43750e-09
 Reference value :  6.45750e-09
 Reference value :  6.47750e-09
 Reference value :  6.49750e-09
 Reference value :  6.51750e-09
 Reference value :  6.54250e-09
 Reference value :  6.56250e-09
 Reference value :  6.58250e-09
 Reference value :  6.60250e-09
 Reference value :  6.62750e-09
 Reference value :  6.64750e-09
 Reference value :  6.66750e-09
 Reference value :  6.69250e-09
 Reference value :  6.71750e-09
 Reference value :  6.73750e-09
 Reference value :  6.76250e-09
 Reference value :  6.78750e-09
 Reference value :  6.81250e-09
 Reference value :  6.83250e-09
 Reference value :  6.85250e-09
 Reference value :  6.87250e-09
 Reference value :  6.89250e-09
 Reference value :  6.91250e-09
 Reference value :  6.93250e-09
 Reference value :  6.95250e-09
 Reference value :  6.97250e-09
 Reference value :  6.99250e-09
 Reference value :  7.01250e-09
 Reference value :  7.03250e-09
 Reference value :  7.05250e-09
 Reference value :  7.07250e-09
 Reference value :  7.09750e-09
 Reference value :  7.11250e-09
 Reference value :  7.13250e-09
 Reference value :  7.15250e-09
 Reference value :  7.17750e-09
 Reference value :  7.19750e-09
 Reference value :  7.21250e-09
 Reference value :  7.22750e-09
 Reference value :  7.25250e-09
 Reference value :  7.26750e-09
 Reference value :  7.28250e-09
 Reference value :  7.30250e-09
 Reference value :  7.32250e-09
 Reference value :  7.34250e-09
 Reference value :  7.36250e-09
 Reference value :  7.38250e-09
 Reference value :  7.40250e-09
 Reference value :  7.42250e-09
 Reference value :  7.44250e-09
 Reference value :  7.45750e-09
 Reference value :  7.47750e-09
 Reference value :  7.49750e-09
 Reference value :  7.51750e-09
 Reference value :  7.53750e-09
 Reference value :  7.56250e-09
 Reference value :  7.58750e-09
 Reference value :  7.60750e-09
 Reference value :  7.62250e-09
 Reference value :  7.64250e-09
 Reference value :  7.65750e-09
 Reference value :  7.67750e-09
 Reference value :  7.69750e-09
 Reference value :  7.71750e-09
 Reference value :  7.73750e-09
 Reference value :  7.75250e-09
 Reference value :  7.77250e-09
 Reference value :  7.79750e-09
 Reference value :  7.81750e-09
 Reference value :  7.84250e-09
 Reference value :  7.86250e-09
 Reference value :  7.88750e-09
 Reference value :  7.91250e-09
 Reference value :  7.93250e-09
 Reference value :  7.95750e-09
 Reference value :  7.97750e-09
 Reference value :  8.00250e-09
 Reference value :  8.02250e-09
 Reference value :  8.04750e-09
 Reference value :  8.06750e-09
 Reference value :  8.08750e-09
 Reference value :  8.10750e-09
 Reference value :  8.12750e-09
 Reference value :  8.14750e-09
 Reference value :  8.16750e-09
 Reference value :  8.18750e-09
 Reference value :  8.21250e-09
 Reference value :  8.23250e-09
 Reference value :  8.25750e-09
 Reference value :  8.28250e-09
 Reference value :  8.30750e-09
 Reference value :  8.32750e-09
 Reference value :  8.34750e-09
 Reference value :  8.36750e-09
 Reference value :  8.38750e-09
 Reference value :  8.40250e-09
 Reference value :  8.42250e-09
 Reference value :  8.44750e-09
 Reference value :  8.47250e-09
 Reference value :  8.50250e-09
 Reference value :  8.51750e-09
 Reference value :  8.53750e-09
 Reference value :  8.55750e-09
 Reference value :  8.58250e-09
 Reference value :  8.60750e-09
 Reference value :  8.62750e-09
 Reference value :  8.64750e-09
 Reference value :  8.66750e-09
 Reference value :  8.68750e-09
 Reference value :  8.70250e-09
 Reference value :  8.81250e-09
 Reference value :  8.83250e-09
 Reference value :  8.85750e-09
 Reference value :  8.88250e-09
 Reference value :  8.90250e-09
 Reference value :  8.92250e-09
 Reference value :  8.93750e-09
 Reference value :  8.95750e-09
 Reference value :  8.97750e-09
 Reference value :  8.99750e-09
 Reference value :  9.01750e-09
 Reference value :  9.04250e-09
 Reference value :  9.06250e-09
 Reference value :  9.08250e-09
 Reference value :  9.10250e-09
 Reference value :  9.11750e-09
 Reference value :  9.13250e-09
 Reference value :  9.15250e-09
 Reference value :  9.16750e-09
 Reference value :  9.18250e-09
 Reference value :  9.20250e-09
 Reference value :  9.22250e-09
 Reference value :  9.24750e-09
 Reference value :  9.27250e-09
 Reference value :  9.29250e-09
 Reference value :  9.31250e-09
 Reference value :  9.33250e-09
 Reference value :  9.35250e-09
 Reference value :  9.37250e-09
 Reference value :  9.39250e-09
 Reference value :  9.41250e-09
 Reference value :  9.43750e-09
 Reference value :  9.45250e-09
 Reference value :  9.46750e-09
 Reference value :  9.48750e-09
 Reference value :  9.50750e-09
 Reference value :  9.52750e-09
 Reference value :  9.54750e-09
 Reference value :  9.56750e-09
 Reference value :  9.59250e-09
 Reference value :  9.61250e-09
 Reference value :  9.63250e-09
 Reference value :  9.65750e-09
 Reference value :  9.67750e-09
 Reference value :  9.70250e-09
 Reference value :  9.71750e-09
 Reference value :  9.73250e-09
 Reference value :  9.75250e-09
 Reference value :  9.77750e-09
 Reference value :  9.79750e-09
 Reference value :  9.82250e-09
 Reference value :  9.84250e-09
 Reference value :  9.85750e-09
 Reference value :  9.87750e-09
 Reference value :  9.89250e-09
 Reference value :  9.90750e-09
 Reference value :  9.92250e-09
 Reference value :  9.93750e-09
 Reference value :  9.95250e-09
 Reference value :  9.97250e-09
 Reference value :  9.99250e-09
 Reference value :  1.00175e-08
 Reference value :  1.00425e-08
 Reference value :  1.00575e-08
 Reference value :  1.00775e-08
 Reference value :  1.00975e-08
 Reference value :  1.01175e-08
 Reference value :  1.01325e-08
 Reference value :  1.01475e-08
 Reference value :  1.01675e-08
 Reference value :  1.01875e-08
 Reference value :  1.02025e-08
 Reference value :  1.02225e-08
 Reference value :  1.02425e-08
 Reference value :  1.02625e-08
 Reference value :  1.02875e-08
 Reference value :  1.03025e-08
 Reference value :  1.03225e-08
 Reference value :  1.03375e-08
 Reference value :  1.03575e-08
 Reference value :  1.04975e-08
 Reference value :  1.05175e-08
 Reference value :  1.05425e-08
 Reference value :  1.05675e-08
 Reference value :  1.05875e-08
 Reference value :  1.06075e-08
 Reference value :  1.06275e-08
 Reference value :  1.06475e-08
 Reference value :  1.06675e-08
 Reference value :  1.06875e-08
 Reference value :  1.07125e-08
 Reference value :  1.07325e-08
 Reference value :  1.07525e-08
 Reference value :  1.07725e-08
 Reference value :  1.07975e-08
 Reference value :  1.08125e-08
 Reference value :  1.08275e-08
 Reference value :  1.08425e-08
 Reference value :  1.08575e-08
 Reference value :  1.08775e-08
 Reference value :  1.10175e-08
 Reference value :  1.10375e-08
 Reference value :  1.10625e-08
 Reference value :  1.10875e-08
 Reference value :  1.11025e-08
 Reference value :  1.11225e-08
 Reference value :  1.11375e-08
 Reference value :  1.11575e-08
 Reference value :  1.11725e-08
 Reference value :  1.11925e-08
 Reference value :  1.12125e-08
 Reference value :  1.12325e-08
 Reference value :  1.12525e-08
 Reference value :  1.12675e-08
 Reference value :  1.12875e-08
 Reference value :  1.13025e-08
 Reference value :  1.13225e-08
 Reference value :  1.13425e-08
 Reference value :  1.13625e-08
 Reference value :  1.13775e-08
 Reference value :  1.13975e-08
 Reference value :  1.14175e-08
 Reference value :  1.14375e-08
 Reference value :  1.14525e-08
 Reference value :  1.14675e-08
 Reference value :  1.14875e-08
 Reference value :  1.15075e-08
 Reference value :  1.15275e-08
 Reference value :  1.15475e-08
 Reference value :  1.15675e-08
 Reference value :  1.15875e-08
 Reference value :  1.16075e-08
 Reference value :  1.16325e-08
 Reference value :  1.16525e-08
 Reference value :  1.16675e-08
 Reference value :  1.16925e-08
 Reference value :  1.17175e-08
 Reference value :  1.17375e-08
 Reference value :  1.17575e-08
 Reference value :  1.17775e-08
 Reference value :  1.17975e-08
 Reference value :  1.18175e-08
 Reference value :  1.18375e-08
 Reference value :  1.18575e-08
 Reference value :  1.19625e-08
 Reference value :  1.19825e-08
 Reference value :  1.20025e-08
 Reference value :  1.20225e-08
 Reference value :  1.20425e-08
 Reference value :  1.20625e-08
 Reference value :  1.20825e-08
 Reference value :  1.21025e-08
 Reference value :  1.21225e-08
 Reference value :  1.21425e-08
 Reference value :  1.21625e-08
 Reference value :  1.21775e-08
 Reference value :  1.21975e-08
 Reference value :  1.22225e-08
 Reference value :  1.22475e-08
 Reference value :  1.22725e-08
 Reference value :  1.22975e-08
 Reference value :  1.23175e-08
 Reference value :  1.23375e-08
 Reference value :  1.23575e-08
 Reference value :  1.23775e-08
 Reference value :  1.23975e-08
 Reference value :  1.24175e-08
 Reference value :  1.24375e-08
 Reference value :  1.24575e-08
 Reference value :  1.24775e-08
 Reference value :  1.24975e-08
 Reference value :  1.25175e-08
 Reference value :  1.25375e-08
 Reference value :  1.25575e-08
 Reference value :  1.25775e-08
 Reference value :  1.26025e-08
 Reference value :  1.26825e-08
 Reference value :  1.27075e-08
 Reference value :  1.27275e-08
 Reference value :  1.27475e-08
 Reference value :  1.27625e-08
 Reference value :  1.27775e-08
 Reference value :  1.27925e-08
 Reference value :  1.28125e-08
 Reference value :  1.28375e-08
 Reference value :  1.28575e-08
 Reference value :  1.28725e-08
 Reference value :  1.28875e-08
 Reference value :  1.29025e-08
 Reference value :  1.29175e-08
 Reference value :  1.29375e-08
 Reference value :  1.29575e-08
 Reference value :  1.29725e-08
 Reference value :  1.29875e-08
 Reference value :  1.30075e-08
 Reference value :  1.30325e-08
 Reference value :  1.30575e-08
 Reference value :  1.30825e-08
 Reference value :  1.31025e-08
 Reference value :  1.31275e-08
 Reference value :  1.31475e-08
 Reference value :  1.31625e-08
 Reference value :  1.31825e-08
 Reference value :  1.32025e-08
 Reference value :  1.32175e-08
 Reference value :  1.32375e-08
 Reference value :  1.32575e-08
 Reference value :  1.32775e-08
 Reference value :  1.33025e-08
 Reference value :  1.33175e-08
 Reference value :  1.33375e-08
 Reference value :  1.33525e-08
 Reference value :  1.33675e-08
 Reference value :  1.33875e-08
 Reference value :  1.34125e-08
 Reference value :  1.34325e-08
 Reference value :  1.34575e-08
 Reference value :  1.34825e-08
 Reference value :  1.35075e-08
 Reference value :  1.35275e-08
 Reference value :  1.35475e-08
 Reference value :  1.35675e-08
 Reference value :  1.35925e-08
 Reference value :  1.36125e-08
 Reference value :  1.36325e-08
 Reference value :  1.36475e-08
 Reference value :  1.36625e-08
 Reference value :  1.36775e-08
 Reference value :  1.37025e-08
 Reference value :  1.37275e-08
 Reference value :  1.37525e-08
 Reference value :  1.37725e-08
 Reference value :  1.37925e-08
 Reference value :  1.38125e-08
 Reference value :  1.38325e-08
 Reference value :  1.38575e-08
 Reference value :  1.38775e-08
 Reference value :  1.38975e-08
 Reference value :  1.39175e-08
 Reference value :  1.39375e-08
 Reference value :  1.39625e-08
 Reference value :  1.39875e-08
 Reference value :  1.40075e-08
 Reference value :  1.40275e-08
 Reference value :  1.40475e-08
 Reference value :  1.40675e-08
 Reference value :  1.40875e-08
 Reference value :  1.41075e-08
 Reference value :  1.41275e-08
 Reference value :  1.41475e-08
 Reference value :  1.41625e-08
 Reference value :  1.41775e-08
 Reference value :  1.41975e-08
 Reference value :  1.42175e-08
 Reference value :  1.42375e-08
 Reference value :  1.42575e-08
 Reference value :  1.42825e-08
 Reference value :  1.42975e-08
 Reference value :  1.43225e-08
 Reference value :  1.43475e-08
 Reference value :  1.43675e-08
 Reference value :  1.43875e-08
 Reference value :  1.44075e-08
 Reference value :  1.44275e-08
 Reference value :  1.44525e-08
 Reference value :  1.44775e-08
 Reference value :  1.45025e-08
 Reference value :  1.45225e-08
 Reference value :  1.45425e-08
 Reference value :  1.45625e-08
 Reference value :  1.45825e-08
 Reference value :  1.46025e-08
 Reference value :  1.46175e-08
 Reference value :  1.46375e-08
 Reference value :  1.46625e-08
 Reference value :  1.46775e-08
 Reference value :  1.46975e-08
 Reference value :  1.47225e-08
 Reference value :  1.47375e-08
 Reference value :  1.47625e-08
 Reference value :  1.47825e-08
 Reference value :  1.48025e-08
 Reference value :  1.48225e-08
 Reference value :  1.48425e-08
 Reference value :  1.48625e-08
 Reference value :  1.48825e-08
 Reference value :  1.49025e-08
 Reference value :  1.49275e-08
 Reference value :  1.49475e-08
 Reference value :  1.49675e-08
 Reference value :  1.49825e-08
 Reference value :  1.49975e-08
 Reference value :  1.50175e-08
 Reference value :  1.50375e-08
 Reference value :  1.50575e-08
 Reference value :  1.50725e-08
 Reference value :  1.50875e-08
 Reference value :  1.51075e-08
 Reference value :  1.51325e-08
 Reference value :  1.51525e-08
 Reference value :  1.51775e-08
 Reference value :  1.51975e-08
 Reference value :  1.52225e-08
 Reference value :  1.52425e-08
 Reference value :  1.52675e-08
 Reference value :  1.52875e-08
 Reference value :  1.53075e-08
 Reference value :  1.53275e-08
 Reference value :  1.53475e-08
 Reference value :  1.53725e-08
 Reference value :  1.53875e-08
 Reference value :  1.54075e-08
 Reference value :  1.54275e-08
 Reference value :  1.54475e-08
 Reference value :  1.54625e-08
 Reference value :  1.54825e-08
 Reference value :  1.55025e-08
 Reference value :  1.55275e-08
 Reference value :  1.55525e-08
 Reference value :  1.55725e-08
 Reference value :  1.55975e-08
 Reference value :  1.56175e-08
 Reference value :  1.56425e-08
 Reference value :  1.56575e-08
 Reference value :  1.56775e-08
 Reference value :  1.57025e-08
 Reference value :  1.57225e-08
 Reference value :  1.57425e-08
 Reference value :  1.57675e-08
 Reference value :  1.57925e-08
 Reference value :  1.58175e-08
 Reference value :  1.58425e-08
 Reference value :  1.58625e-08
 Reference value :  1.58775e-08
 Reference value :  1.58975e-08
 Reference value :  1.59175e-08
 Reference value :  1.59375e-08
 Reference value :  1.59625e-08
 Reference value :  1.59875e-08
 Reference value :  1.60075e-08
 Reference value :  1.60275e-08
 Reference value :  1.60525e-08
 Reference value :  1.60775e-08
 Reference value :  1.60975e-08
 Reference value :  1.61175e-08
 Reference value :  1.61375e-08
 Reference value :  1.61575e-08
 Reference value :  1.61775e-08
 Reference value :  1.61925e-08
 Reference value :  1.62075e-08
 Reference value :  1.62325e-08
 Reference value :  1.62525e-08
 Reference value :  1.62725e-08
 Reference value :  1.62925e-08
 Reference value :  1.63125e-08
 Reference value :  1.63275e-08
 Reference value :  1.63475e-08
 Reference value :  1.63625e-08
 Reference value :  1.63825e-08
 Reference value :  1.64075e-08
 Reference value :  1.64325e-08
 Reference value :  1.64525e-08
 Reference value :  1.64725e-08
 Reference value :  1.64925e-08
 Reference value :  1.65125e-08
 Reference value :  1.65375e-08
 Reference value :  1.65575e-08
 Reference value :  1.65725e-08
 Reference value :  1.65975e-08
 Reference value :  1.66175e-08
 Reference value :  1.66425e-08
 Reference value :  1.66675e-08
 Reference value :  1.66925e-08
 Reference value :  1.67175e-08
 Reference value :  1.67425e-08
 Reference value :  1.67625e-08
 Reference value :  1.67825e-08
 Reference value :  1.68025e-08
 Reference value :  1.68225e-08
 Reference value :  1.68875e-08
 Reference value :  1.69075e-08
 Reference value :  1.69325e-08
 Reference value :  1.69575e-08
 Reference value :  1.69775e-08
 Reference value :  1.69925e-08
 Reference value :  1.70125e-08
 Reference value :  1.70325e-08
 Reference value :  1.70475e-08
 Reference value :  1.70675e-08
 Reference value :  1.70925e-08
 Reference value :  1.71125e-08
 Reference value :  1.71325e-08
 Reference value :  1.71525e-08
 Reference value :  1.71775e-08
 Reference value :  1.71975e-08
 Reference value :  1.72175e-08
 Reference value :  1.72375e-08
 Reference value :  1.72575e-08
 Reference value :  1.72775e-08
 Reference value :  1.72975e-08
 Reference value :  1.73175e-08
 Reference value :  1.73425e-08
 Reference value :  1.73625e-08
 Reference value :  1.73825e-08
 Reference value :  1.73975e-08
 Reference value :  1.74125e-08
 Reference value :  1.74275e-08
 Reference value :  1.74475e-08
 Reference value :  1.74675e-08
 Reference value :  1.74875e-08
 Reference value :  1.75075e-08
 Reference value :  1.75325e-08
 Reference value :  1.75575e-08
 Reference value :  1.75775e-08
 Reference value :  1.75975e-08
 Reference value :  1.76225e-08
 Reference value :  1.76425e-08
 Reference value :  1.76625e-08
 Reference value :  1.76825e-08
 Reference value :  1.77025e-08
 Reference value :  1.77225e-08
 Reference value :  1.77475e-08
 Reference value :  1.77675e-08
 Reference value :  1.77875e-08
 Reference value :  1.78125e-08
 Reference value :  1.78375e-08
 Reference value :  1.78575e-08
 Reference value :  1.78775e-08
 Reference value :  1.78975e-08
 Reference value :  1.79175e-08
 Reference value :  1.79375e-08
 Reference value :  1.79575e-08
 Reference value :  1.79775e-08
 Reference value :  1.80025e-08
 Reference value :  1.80325e-08
 Reference value :  1.80475e-08
 Reference value :  1.80625e-08
 Reference value :  1.80825e-08
 Reference value :  1.81025e-08
 Reference value :  1.81275e-08
 Reference value :  1.81525e-08
 Reference value :  1.81775e-08
 Reference value :  1.82025e-08
 Reference value :  1.82225e-08
 Reference value :  1.82425e-08
 Reference value :  1.82675e-08
 Reference value :  1.82875e-08
 Reference value :  1.83075e-08
 Reference value :  1.83275e-08
 Reference value :  1.83525e-08
 Reference value :  1.83725e-08
 Reference value :  1.83925e-08
 Reference value :  1.84075e-08
 Reference value :  1.84225e-08
 Reference value :  1.84375e-08
 Reference value :  1.84575e-08
 Reference value :  1.84725e-08
 Reference value :  1.84925e-08
 Reference value :  1.85125e-08
 Reference value :  1.85275e-08
 Reference value :  1.85475e-08
 Reference value :  1.85675e-08
 Reference value :  1.85875e-08
 Reference value :  1.86125e-08
 Reference value :  1.86375e-08
 Reference value :  1.86575e-08
 Reference value :  1.86825e-08
 Reference value :  1.87025e-08
 Reference value :  1.87225e-08
 Reference value :  1.87475e-08
 Reference value :  1.87725e-08
 Reference value :  1.87975e-08
 Reference value :  1.88175e-08
 Reference value :  1.88375e-08
 Reference value :  1.88625e-08
 Reference value :  1.88825e-08
 Reference value :  1.89075e-08
 Reference value :  1.89275e-08
 Reference value :  1.89425e-08
 Reference value :  1.89575e-08
 Reference value :  1.89775e-08
 Reference value :  1.89975e-08
 Reference value :  1.90175e-08
 Reference value :  1.90425e-08
 Reference value :  1.90675e-08
 Reference value :  1.90875e-08
 Reference value :  1.91075e-08
 Reference value :  1.91275e-08
 Reference value :  1.91475e-08
 Reference value :  1.91675e-08
 Reference value :  1.91875e-08
 Reference value :  1.92075e-08
 Reference value :  1.92275e-08
 Reference value :  1.92425e-08
 Reference value :  1.92625e-08
 Reference value :  1.92825e-08
 Reference value :  1.92975e-08
 Reference value :  1.93175e-08
 Reference value :  1.93325e-08
 Reference value :  1.93475e-08
 Reference value :  1.93625e-08
 Reference value :  1.93875e-08
 Reference value :  1.94075e-08
 Reference value :  1.94325e-08
 Reference value :  1.94525e-08
 Reference value :  1.94725e-08
 Reference value :  1.94925e-08
 Reference value :  1.95075e-08
 Reference value :  1.95225e-08
 Reference value :  1.95425e-08
 Reference value :  1.95625e-08
 Reference value :  1.95825e-08
 Reference value :  1.96025e-08
 Reference value :  1.96175e-08
 Reference value :  1.96425e-08
 Reference value :  1.96675e-08
 Reference value :  1.96875e-08
 Reference value :  1.97075e-08
 Reference value :  1.97325e-08
 Reference value :  1.97575e-08
 Reference value :  1.97825e-08
 Reference value :  1.98075e-08
 Reference value :  1.98275e-08
 Reference value :  1.98425e-08
 Reference value :  1.98675e-08
 Reference value :  1.98925e-08
 Reference value :  1.99175e-08
 Reference value :  1.99425e-08
 Reference value :  1.99625e-08
 Reference value :  1.99825e-08
 Reference value :  2.00025e-08
 Reference value :  2.00175e-08
 Reference value :  2.00375e-08
 Reference value :  2.00575e-08
 Reference value :  2.00725e-08
 Reference value :  2.00875e-08
 Reference value :  2.01075e-08
 Reference value :  2.01275e-08
 Reference value :  2.01475e-08
 Reference value :  2.01675e-08
 Reference value :  2.01825e-08
 Reference value :  2.01975e-08
 Reference value :  2.02175e-08
 Reference value :  2.02375e-08
 Reference value :  2.02575e-08
 Reference value :  2.02825e-08
 Reference value :  2.03025e-08
 Reference value :  2.03225e-08
 Reference value :  2.03425e-08
 Reference value :  2.03675e-08
 Reference value :  2.03875e-08
 Reference value :  2.04075e-08
 Reference value :  2.04325e-08
 Reference value :  2.04575e-08
 Reference value :  2.04775e-08
 Reference value :  2.04925e-08
 Reference value :  2.05075e-08
 Reference value :  2.05275e-08
 Reference value :  2.05475e-08
 Reference value :  2.05675e-08
 Reference value :  2.05875e-08
 Reference value :  2.06075e-08
 Reference value :  2.06275e-08
 Reference value :  2.06425e-08
 Reference value :  2.06625e-08
 Reference value :  2.06825e-08
 Reference value :  2.06975e-08
 Reference value :  2.07175e-08
 Reference value :  2.07375e-08
 Reference value :  2.07525e-08
 Reference value :  2.07675e-08
 Reference value :  2.07925e-08
 Reference value :  2.08125e-08
 Reference value :  2.08275e-08
 Reference value :  2.08425e-08
 Reference value :  2.08625e-08
 Reference value :  2.08825e-08
 Reference value :  2.08975e-08
 Reference value :  2.09175e-08
 Reference value :  2.09375e-08
 Reference value :  2.09625e-08
 Reference value :  2.09825e-08
 Reference value :  2.10025e-08
 Reference value :  2.10275e-08
 Reference value :  2.10475e-08
 Reference value :  2.10675e-08
 Reference value :  2.10925e-08
 Reference value :  2.11175e-08
 Reference value :  2.11325e-08
 Reference value :  2.11575e-08
 Reference value :  2.11825e-08
 Reference value :  2.12075e-08
 Reference value :  2.12275e-08
 Reference value :  2.12525e-08
 Reference value :  2.12725e-08
 Reference value :  2.12925e-08
 Reference value :  2.13125e-08
 Reference value :  2.13275e-08
 Reference value :  2.13475e-08
 Reference value :  2.13675e-08
 Reference value :  2.13875e-08
 Reference value :  2.14025e-08
 Reference value :  2.14225e-08
 Reference value :  2.14425e-08
 Reference value :  2.14625e-08
 Reference value :  2.14775e-08
 Reference value :  2.14925e-08
 Reference value :  2.15125e-08
 Reference value :  2.15325e-08
 Reference value :  2.15525e-08
 Reference value :  2.15725e-08
 Reference value :  2.15925e-08
 Reference value :  2.16075e-08
 Reference value :  2.16325e-08
 Reference value :  2.16525e-08
 Reference value :  2.16725e-08
 Reference value :  2.16975e-08
 Reference value :  2.17175e-08
 Reference value :  2.17375e-08
 Reference value :  2.17625e-08
 Reference value :  2.17875e-08
 Reference value :  2.18075e-08
 Reference value :  2.18325e-08
 Reference value :  2.18525e-08
 Reference value :  2.18725e-08
 Reference value :  2.18875e-08
 Reference value :  2.19075e-08
 Reference value :  2.19275e-08
 Reference value :  2.19425e-08
 Reference value :  2.19625e-08
 Reference value :  2.19825e-08
 Reference value :  2.20025e-08
 Reference value :  2.20225e-08
 Reference value :  2.20425e-08
 Reference value :  2.20625e-08
 Reference value :  2.20825e-08
 Reference value :  2.21025e-08
 Reference value :  2.21225e-08
 Reference value :  2.21425e-08
 Reference value :  2.21625e-08
 Reference value :  2.21875e-08
 Reference value :  2.22075e-08
 Reference value :  2.22275e-08
 Reference value :  2.22475e-08
 Reference value :  2.22875e-08
 Reference value :  2.23075e-08
 Reference value :  2.23275e-08
 Reference value :  2.23475e-08
 Reference value :  2.23725e-08
 Reference value :  2.23875e-08
 Reference value :  2.24025e-08
 Reference value :  2.24225e-08
 Reference value :  2.24375e-08
 Reference value :  2.24575e-08
 Reference value :  2.24725e-08
 Reference value :  2.24875e-08
 Reference value :  2.25075e-08
 Reference value :  2.25275e-08
 Reference value :  2.25475e-08
 Reference value :  2.25675e-08
 Reference value :  2.25875e-08
 Reference value :  2.26075e-08
 Reference value :  2.26225e-08
 Reference value :  2.26425e-08
 Reference value :  2.26625e-08
 Reference value :  2.26875e-08
 Reference value :  2.27125e-08
 Reference value :  2.27325e-08
 Reference value :  2.27575e-08
 Reference value :  2.27775e-08
 Reference value :  2.28025e-08
 Reference value :  2.28225e-08
 Reference value :  2.28425e-08
 Reference value :  2.28575e-08
 Reference value :  2.28825e-08
 Reference value :  2.29075e-08
 Reference value :  2.29325e-08
 Reference value :  2.29625e-08
 Reference value :  2.29825e-08
 Reference value :  2.30025e-08
 Reference value :  2.30275e-08
 Reference value :  2.30425e-08
 Reference value :  2.30575e-08
 Reference value :  2.30775e-08
 Reference value :  2.31025e-08
 Reference value :  2.31275e-08
 Reference value :  2.31475e-08
 Reference value :  2.31675e-08
 Reference value :  2.31875e-08
 Reference value :  2.32075e-08
 Reference value :  2.32225e-08
 Reference value :  2.32375e-08
 Reference value :  2.32525e-08
 Reference value :  2.32675e-08
 Reference value :  2.32825e-08
 Reference value :  2.33025e-08
 Reference value :  2.33225e-08
 Reference value :  2.33425e-08
 Reference value :  2.33625e-08
 Reference value :  2.33875e-08
 Reference value :  2.34125e-08
 Reference value :  2.34325e-08
 Reference value :  2.34525e-08
 Reference value :  2.34725e-08
 Reference value :  2.34925e-08
 Reference value :  2.35125e-08
 Reference value :  2.35325e-08
 Reference value :  2.35575e-08
 Reference value :  2.35725e-08
 Reference value :  2.35925e-08
 Reference value :  2.36125e-08
 Reference value :  2.36375e-08
 Reference value :  2.36625e-08
 Reference value :  2.36825e-08
 Reference value :  2.37075e-08
 Reference value :  2.37275e-08
 Reference value :  2.37475e-08
 Reference value :  2.37625e-08
 Reference value :  2.37825e-08
 Reference value :  2.38025e-08
 Reference value :  2.38225e-08
 Reference value :  2.38525e-08
 Reference value :  2.39025e-08
 Reference value :  2.39275e-08
 Reference value :  2.39475e-08
 Reference value :  2.39675e-08
 Reference value :  2.39875e-08
 Reference value :  2.40125e-08
 Reference value :  2.40525e-08
 Reference value :  2.40775e-08
 Reference value :  2.41025e-08
 Reference value :  2.41225e-08
 Reference value :  2.41375e-08
 Reference value :  2.41575e-08
 Reference value :  2.41775e-08
 Reference value :  2.41975e-08
 Reference value :  2.42175e-08
 Reference value :  2.42325e-08
 Reference value :  2.42525e-08
 Reference value :  2.42725e-08
 Reference value :  2.42925e-08
 Reference value :  2.43125e-08
 Reference value :  2.43325e-08
 Reference value :  2.43525e-08
 Reference value :  2.43725e-08
 Reference value :  2.43875e-08
 Reference value :  2.44075e-08
 Reference value :  2.44275e-08
 Reference value :  2.44475e-08
 Reference value :  2.44625e-08
 Reference value :  2.44825e-08
 Reference value :  2.45025e-08
 Reference value :  2.45175e-08
 Reference value :  2.45325e-08
 Reference value :  2.45475e-08
 Reference value :  2.45675e-08
 Reference value :  2.45875e-08
 Reference value :  2.46125e-08
 Reference value :  2.46375e-08
 Reference value :  2.46575e-08
 Reference value :  2.46775e-08
 Reference value :  2.46925e-08
 Reference value :  2.47125e-08
 Reference value :  2.47275e-08
 Reference value :  2.47425e-08
 Reference value :  2.47575e-08
 Reference value :  2.47825e-08
 Reference value :  2.48075e-08
 Reference value :  2.48275e-08
 Reference value :  2.48475e-08
 Reference value :  2.48675e-08
 Reference value :  2.48875e-08
 Reference value :  2.49075e-08
 Reference value :  2.49275e-08
 Reference value :  2.49425e-08
 Reference value :  2.49675e-08
 Reference value :  2.49925e-08
 Reference value :  2.50125e-08
 Reference value :  2.50275e-08
 Reference value :  2.50475e-08
 Reference value :  2.50675e-08
 Reference value :  2.50875e-08
 Reference value :  2.51125e-08
 Reference value :  2.51275e-08
 Reference value :  2.51525e-08
 Reference value :  2.51725e-08
 Reference value :  2.51925e-08
 Reference value :  2.52125e-08
 Reference value :  2.52375e-08
 Reference value :  2.52625e-08
 Reference value :  2.52825e-08
 Reference value :  2.52975e-08
 Reference value :  2.53225e-08
 Reference value :  2.53425e-08
 Reference value :  2.53675e-08
 Reference value :  2.53875e-08
 Reference value :  2.54025e-08
 Reference value :  2.54175e-08
 Reference value :  2.54375e-08
 Reference value :  2.54625e-08
 Reference value :  2.54875e-08
 Reference value :  2.55075e-08
 Reference value :  2.55275e-08
 Reference value :  2.55525e-08
 Reference value :  2.55725e-08
 Reference value :  2.55925e-08
 Reference value :  2.56075e-08
 Reference value :  2.56275e-08
 Reference value :  2.56475e-08
 Reference value :  2.56625e-08
 Reference value :  2.56825e-08
 Reference value :  2.57025e-08
 Reference value :  2.57275e-08
 Reference value :  2.57475e-08
 Reference value :  2.57625e-08
 Reference value :  2.57825e-08
 Reference value :  2.58025e-08
 Reference value :  2.58175e-08
 Reference value :  2.58375e-08
 Reference value :  2.58575e-08
 Reference value :  2.58775e-08
 Reference value :  2.59025e-08
 Reference value :  2.59275e-08
 Reference value :  2.59475e-08
 Reference value :  2.59675e-08
 Reference value :  2.59875e-08
 Reference value :  2.60125e-08
 Reference value :  2.60325e-08
 Reference value :  2.60525e-08
 Reference value :  2.60725e-08
 Reference value :  2.60975e-08
 Reference value :  2.61225e-08
 Reference value :  2.61375e-08
 Reference value :  2.61575e-08
 Reference value :  2.61775e-08
 Reference value :  2.61975e-08
 Reference value :  2.62175e-08
 Reference value :  2.62375e-08
 Reference value :  2.62525e-08
 Reference value :  2.62725e-08
 Reference value :  2.62975e-08
 Reference value :  2.63175e-08
 Reference value :  2.63375e-08
 Reference value :  2.63525e-08
 Reference value :  2.63775e-08
 Reference value :  2.64025e-08
 Reference value :  2.64275e-08
 Reference value :  2.64525e-08
 Reference value :  2.64725e-08
 Reference value :  2.64975e-08
 Reference value :  2.65225e-08
 Reference value :  2.65475e-08
 Reference value :  2.65675e-08
 Reference value :  2.65875e-08
 Reference value :  2.66125e-08
 Reference value :  2.66325e-08
 Reference value :  2.66525e-08
 Reference value :  2.66725e-08
 Reference value :  2.66975e-08
 Reference value :  2.67175e-08
 Reference value :  2.67325e-08
 Reference value :  2.67475e-08
 Reference value :  2.67625e-08
 Reference value :  2.67825e-08
 Reference value :  2.68025e-08
 Reference value :  2.68225e-08
 Reference value :  2.68425e-08
 Reference value :  2.68675e-08
 Reference value :  2.68875e-08
 Reference value :  2.69125e-08
 Reference value :  2.69375e-08
 Reference value :  2.69575e-08
 Reference value :  2.69725e-08
 Reference value :  2.69875e-08
 Reference value :  2.70075e-08
 Reference value :  2.70325e-08
 Reference value :  2.70525e-08
 Reference value :  2.70725e-08
 Reference value :  2.70925e-08
 Reference value :  2.71125e-08
 Reference value :  2.71275e-08
 Reference value :  2.71525e-08
 Reference value :  2.71725e-08
 Reference value :  2.71875e-08
 Reference value :  2.72025e-08
 Reference value :  2.72175e-08
 Reference value :  2.72325e-08
 Reference value :  2.72525e-08
 Reference value :  2.72725e-08
 Reference value :  2.72925e-08
 Reference value :  2.73125e-08
 Reference value :  2.73325e-08
 Reference value :  2.73525e-08
 Reference value :  2.73725e-08
 Reference value :  2.73875e-08
 Reference value :  2.74075e-08
 Reference value :  2.74275e-08
 Reference value :  2.74475e-08
 Reference value :  2.74675e-08
 Reference value :  2.74875e-08
 Reference value :  2.75025e-08
 Reference value :  2.75175e-08
 Reference value :  2.75375e-08
 Reference value :  2.75575e-08
 Reference value :  2.75775e-08
 Reference value :  2.76025e-08
 Reference value :  2.76225e-08
 Reference value :  2.76425e-08
 Reference value :  2.76625e-08
 Reference value :  2.76775e-08
 Reference value :  2.76975e-08
 Reference value :  2.77225e-08
 Reference value :  2.77425e-08
 Reference value :  2.77625e-08
 Reference value :  2.77825e-08
 Reference value :  2.78025e-08
 Reference value :  2.78225e-08
 Reference value :  2.78425e-08
 Reference value :  2.78675e-08
 Reference value :  2.78875e-08
 Reference value :  2.79075e-08
 Reference value :  2.79325e-08
 Reference value :  2.79525e-08
 Reference value :  2.79675e-08
 Reference value :  2.79825e-08
 Reference value :  2.79975e-08
 Reference value :  2.80175e-08
 Reference value :  2.80425e-08
 Reference value :  2.80675e-08
 Reference value :  2.80825e-08
 Reference value :  2.81025e-08
 Reference value :  2.81225e-08
 Reference value :  2.81425e-08
 Reference value :  2.81675e-08
 Reference value :  2.81925e-08
 Reference value :  2.82175e-08
 Reference value :  2.82425e-08
 Reference value :  2.82625e-08
 Reference value :  2.82875e-08
 Reference value :  2.83125e-08
 Reference value :  2.83325e-08
 Reference value :  2.83525e-08
 Reference value :  2.83725e-08
 Reference value :  2.83875e-08
 Reference value :  2.84075e-08
 Reference value :  2.84325e-08
 Reference value :  2.84525e-08
 Reference value :  2.84725e-08
 Reference value :  2.84975e-08
 Reference value :  2.85175e-08
 Reference value :  2.85425e-08
 Reference value :  2.85675e-08
 Reference value :  2.85825e-08
 Reference value :  2.86025e-08
 Reference value :  2.86275e-08
 Reference value :  2.86525e-08
 Reference value :  2.86725e-08
 Reference value :  2.86925e-08
 Reference value :  2.87125e-08
 Reference value :  2.87375e-08
 Reference value :  2.87575e-08
 Reference value :  2.87775e-08
 Reference value :  2.88025e-08
 Reference value :  2.88275e-08
 Reference value :  2.88475e-08
 Reference value :  2.88675e-08
 Reference value :  2.88875e-08
 Reference value :  2.89125e-08
 Reference value :  2.89325e-08
 Reference value :  2.89525e-08
 Reference value :  2.89725e-08
 Reference value :  2.89875e-08
 Reference value :  2.90025e-08
 Reference value :  2.90225e-08
 Reference value :  2.90425e-08
 Reference value :  2.90575e-08
 Reference value :  2.90725e-08
 Reference value :  2.90875e-08
 Reference value :  2.91075e-08
 Reference value :  2.91275e-08
 Reference value :  2.92375e-08
 Reference value :  2.92525e-08
 Reference value :  2.92725e-08
 Reference value :  2.92925e-08
 Reference value :  2.93075e-08
 Reference value :  2.93275e-08
 Reference value :  2.93475e-08
 Reference value :  2.93675e-08
 Reference value :  2.93875e-08
 Reference value :  2.94075e-08
 Reference value :  2.94325e-08
 Reference value :  2.94525e-08
 Reference value :  2.94675e-08
 Reference value :  2.94825e-08
 Reference value :  2.95025e-08
 Reference value :  2.95275e-08
 Reference value :  2.95525e-08
 Reference value :  2.95725e-08
 Reference value :  2.95975e-08
 Reference value :  2.96225e-08
 Reference value :  2.96475e-08
 Reference value :  2.96625e-08
 Reference value :  2.96825e-08
 Reference value :  2.97075e-08
 Reference value :  2.97275e-08
 Reference value :  2.97475e-08
 Reference value :  2.97675e-08
 Reference value :  2.97825e-08
 Reference value :  2.98025e-08
 Reference value :  2.98175e-08
 Reference value :  2.98375e-08
 Reference value :  2.98575e-08
 Reference value :  2.98725e-08
 Reference value :  2.98975e-08
 Reference value :  2.99225e-08
 Reference value :  2.99425e-08
 Reference value :  2.99575e-08
 Reference value :  2.99775e-08
 Reference value :  2.99925e-08
 Reference value :  3.00125e-08
 Reference value :  3.00275e-08
 Reference value :  3.00525e-08
 Reference value :  3.00775e-08
 Reference value :  3.00975e-08
 Reference value :  3.01125e-08
 Reference value :  3.01325e-08
 Reference value :  3.01525e-08
 Reference value :  3.01775e-08
 Reference value :  3.01975e-08
 Reference value :  3.02175e-08
 Reference value :  3.02375e-08
 Reference value :  3.02625e-08
 Reference value :  3.02875e-08
 Reference value :  3.03075e-08
 Reference value :  3.03325e-08
 Reference value :  3.03575e-08
 Reference value :  3.03825e-08
 Reference value :  3.03975e-08
 Reference value :  3.04175e-08
 Reference value :  3.04325e-08
 Reference value :  3.04525e-08
 Reference value :  3.04775e-08
 Reference value :  3.05025e-08
 Reference value :  3.05225e-08
 Reference value :  3.05425e-08
 Reference value :  3.05625e-08
 Reference value :  3.05775e-08
 Reference value :  3.05975e-08
 Reference value :  3.06175e-08
 Reference value :  3.06325e-08
 Reference value :  3.06575e-08
 Reference value :  3.06775e-08
 Reference value :  3.06975e-08
 Reference value :  3.07225e-08
 Reference value :  3.07425e-08
 Reference value :  3.07625e-08
 Reference value :  3.07825e-08
 Reference value :  3.07975e-08
 Reference value :  3.08175e-08
 Reference value :  3.08425e-08
 Reference value :  3.08625e-08
 Reference value :  3.08875e-08
 Reference value :  3.09075e-08
 Reference value :  3.09275e-08
 Reference value :  3.09425e-08
 Reference value :  3.09575e-08
 Reference value :  3.09775e-08
 Reference value :  3.09975e-08
 Reference value :  3.10175e-08
 Reference value :  3.10375e-08
 Reference value :  3.10525e-08
 Reference value :  3.10725e-08
 Reference value :  3.10875e-08
 Reference value :  3.11075e-08
 Reference value :  3.11275e-08
 Reference value :  3.11475e-08
 Reference value :  3.11675e-08
 Reference value :  3.11875e-08
 Reference value :  3.12075e-08
 Reference value :  3.12225e-08
 Reference value :  3.12425e-08
 Reference value :  3.12625e-08
 Reference value :  3.12825e-08
 Reference value :  3.12975e-08
 Reference value :  3.13125e-08
 Reference value :  3.13275e-08
 Reference value :  3.13425e-08
 Reference value :  3.13625e-08
 Reference value :  3.13825e-08
 Reference value :  3.14025e-08
 Reference value :  3.14225e-08
 Reference value :  3.14425e-08
 Reference value :  3.14625e-08
 Reference value :  3.14825e-08
 Reference value :  3.15075e-08
 Reference value :  3.15225e-08
 Reference value :  3.15425e-08
 Reference value :  3.15675e-08
 Reference value :  3.15925e-08
 Reference value :  3.16125e-08
 Reference value :  3.16275e-08
 Reference value :  3.16525e-08
 Reference value :  3.16775e-08
 Reference value :  3.16925e-08
 Reference value :  3.17175e-08
 Reference value :  3.17375e-08
 Reference value :  3.17575e-08
 Reference value :  3.17775e-08
 Reference value :  3.18025e-08
 Reference value :  3.18225e-08
 Reference value :  3.18475e-08
 Reference value :  3.18675e-08
 Reference value :  3.18875e-08
 Reference value :  3.19075e-08
 Reference value :  3.19225e-08
 Reference value :  3.19425e-08
 Reference value :  3.19625e-08
 Reference value :  3.19875e-08
 Reference value :  3.20075e-08
 Reference value :  3.20275e-08
 Reference value :  3.20475e-08
 Reference value :  3.20675e-08
 Reference value :  3.20875e-08
 Reference value :  3.21075e-08
 Reference value :  3.21275e-08
 Reference value :  3.21475e-08
 Reference value :  3.21675e-08
 Reference value :  3.21875e-08
 Reference value :  3.22075e-08
 Reference value :  3.22225e-08
 Reference value :  3.22375e-08
 Reference value :  3.22575e-08
 Reference value :  3.22725e-08
 Reference value :  3.22925e-08
 Reference value :  3.23125e-08
 Reference value :  3.23325e-08
 Reference value :  3.23525e-08
 Reference value :  3.23725e-08
 Reference value :  3.23975e-08
 Reference value :  3.24175e-08
 Reference value :  3.24375e-08
 Reference value :  3.24525e-08
 Reference value :  3.24675e-08
 Reference value :  3.24875e-08
 Reference value :  3.25075e-08
 Reference value :  3.25275e-08
 Reference value :  3.25475e-08
 Reference value :  3.25625e-08
 Reference value :  3.25875e-08
 Reference value :  3.26075e-08
 Reference value :  3.26275e-08
 Reference value :  3.26425e-08
 Reference value :  3.26625e-08
 Reference value :  3.26875e-08
 Reference value :  3.27125e-08
 Reference value :  3.27325e-08
 Reference value :  3.27525e-08
 Reference value :  3.27725e-08
 Reference value :  3.27925e-08
 Reference value :  3.28125e-08
 Reference value :  3.28325e-08
 Reference value :  3.28525e-08
 Reference value :  3.28725e-08
 Reference value :  3.28925e-08
 Reference value :  3.29125e-08
 Reference value :  3.29275e-08
 Reference value :  3.29475e-08
 Reference value :  3.29675e-08
 Reference value :  3.29875e-08
 Reference value :  3.30075e-08
 Reference value :  3.30225e-08
 Reference value :  3.30425e-08
 Reference value :  3.30575e-08
 Reference value :  3.30775e-08
 Reference value :  3.30975e-08
 Reference value :  3.31125e-08
 Reference value :  3.31325e-08
 Reference value :  3.31525e-08
 Reference value :  3.31725e-08
 Reference value :  3.31875e-08
 Reference value :  3.32075e-08
 Reference value :  3.32275e-08
 Reference value :  3.32475e-08
 Reference value :  3.32625e-08
 Reference value :  3.32775e-08
 Reference value :  3.32925e-08
 Reference value :  3.33125e-08
 Reference value :  3.33275e-08
 Reference value :  3.33475e-08
 Reference value :  3.33675e-08
 Reference value :  3.33875e-08
 Reference value :  3.34125e-08
 Reference value :  3.34325e-08
 Reference value :  3.34525e-08
 Reference value :  3.34725e-08
 Reference value :  3.34975e-08
 Reference value :  3.35175e-08
 Reference value :  3.35375e-08
 Reference value :  3.35575e-08
 Reference value :  3.35775e-08
 Reference value :  3.35925e-08
 Reference value :  3.36075e-08
 Reference value :  3.36225e-08
 Reference value :  3.36375e-08
 Reference value :  3.36775e-08
 Reference value :  3.36975e-08
 Reference value :  3.37125e-08
 Reference value :  3.37325e-08
 Reference value :  3.37525e-08
 Reference value :  3.37725e-08
 Reference value :  3.37925e-08
 Reference value :  3.38125e-08
 Reference value :  3.38325e-08
 Reference value :  3.38525e-08
 Reference value :  3.38675e-08
 Reference value :  3.38875e-08
 Reference value :  3.39075e-08
 Reference value :  3.39275e-08
 Reference value :  3.39475e-08
 Reference value :  3.39675e-08
 Reference value :  3.39925e-08
 Reference value :  3.40125e-08
 Reference value :  3.40325e-08
 Reference value :  3.40475e-08
 Reference value :  3.40625e-08
 Reference value :  3.40775e-08
 Reference value :  3.40975e-08
 Reference value :  3.41225e-08
 Reference value :  3.41425e-08
 Reference value :  3.41625e-08
 Reference value :  3.41825e-08
 Reference value :  3.41975e-08
 Reference value :  3.42175e-08
 Reference value :  3.42425e-08
 Reference value :  3.42625e-08
 Reference value :  3.42825e-08
 Reference value :  3.43075e-08
 Reference value :  3.43325e-08
 Reference value :  3.43525e-08
 Reference value :  3.43725e-08
 Reference value :  3.43975e-08
 Reference value :  3.44175e-08
 Reference value :  3.44425e-08
 Reference value :  3.44625e-08
 Reference value :  3.44825e-08
 Reference value :  3.45025e-08
 Reference value :  3.45225e-08
 Reference value :  3.45425e-08
 Reference value :  3.45625e-08
 Reference value :  3.45775e-08
 Reference value :  3.46025e-08
 Reference value :  3.46275e-08
 Reference value :  3.46475e-08
 Reference value :  3.46725e-08
 Reference value :  3.46975e-08
 Reference value :  3.47225e-08
 Reference value :  3.47425e-08
 Reference value :  3.47625e-08
 Reference value :  3.47875e-08
 Reference value :  3.48125e-08
 Reference value :  3.48275e-08
 Reference value :  3.48425e-08
 Reference value :  3.48625e-08
 Reference value :  3.48775e-08
 Reference value :  3.48975e-08
 Reference value :  3.49175e-08
 Reference value :  3.49375e-08
 Reference value :  3.49575e-08
 Reference value :  3.49775e-08
 Reference value :  3.49975e-08
 Reference value :  3.50175e-08
 Reference value :  3.50325e-08
 Reference value :  3.50525e-08
 Reference value :  3.50725e-08
 Reference value :  3.50925e-08
 Reference value :  3.51125e-08
 Reference value :  3.51325e-08
 Reference value :  3.51525e-08
 Reference value :  3.51675e-08
 Reference value :  3.51875e-08
 Reference value :  3.52025e-08
 Reference value :  3.52175e-08
 Reference value :  3.52375e-08
 Reference value :  3.52525e-08
 Reference value :  3.52725e-08
 Reference value :  3.52925e-08
 Reference value :  3.53125e-08
 Reference value :  3.53325e-08
 Reference value :  3.53525e-08
 Reference value :  3.53675e-08
 Reference value :  3.53875e-08
 Reference value :  3.54075e-08
 Reference value :  3.54275e-08
 Reference value :  3.54475e-08
 Reference value :  3.54625e-08
 Reference value :  3.54825e-08
 Reference value :  3.55025e-08
 Reference value :  3.55225e-08
 Reference value :  3.55375e-08
 Reference value :  3.55575e-08
 Reference value :  3.55725e-08
 Reference value :  3.55875e-08
 Reference value :  3.56075e-08
 Reference value :  3.56275e-08
 Reference value :  3.56475e-08
 Reference value :  3.56625e-08
 Reference value :  3.56825e-08
 Reference value :  3.57025e-08
 Reference value :  3.57175e-08
 Reference value :  3.57375e-08
 Reference value :  3.57525e-08
 Reference value :  3.57675e-08
 Reference value :  3.57825e-08
 Reference value :  3.57975e-08
 Reference value :  3.58175e-08
 Reference value :  3.58325e-08
 Reference value :  3.58525e-08
 Reference value :  3.58725e-08
 Reference value :  3.58875e-08
 Reference value :  3.59025e-08
 Reference value :  3.59225e-08
 Reference value :  3.59425e-08
 Reference value :  3.59625e-08
 Reference value :  3.59825e-08
 Reference value :  3.60025e-08
 Reference value :  3.60225e-08
 Reference value :  3.60425e-08
 Reference value :  3.60575e-08
 Reference value :  3.60825e-08
 Reference value :  3.60975e-08
 Reference value :  3.61125e-08
 Reference value :  3.61325e-08
 Reference value :  3.61525e-08
 Reference value :  3.61725e-08
 Reference value :  3.61925e-08
 Reference value :  3.62075e-08
 Reference value :  3.62275e-08
 Reference value :  3.62425e-08
 Reference value :  3.62625e-08
 Reference value :  3.62775e-08
 Reference value :  3.62975e-08
 Reference value :  3.63225e-08
 Reference value :  3.63425e-08
 Reference value :  3.63575e-08
 Reference value :  3.63775e-08
 Reference value :  3.63975e-08
 Reference value :  3.64125e-08
 Reference value :  3.64275e-08
 Reference value :  3.64425e-08
 Reference value :  3.64625e-08
 Reference value :  3.64825e-08
 Reference value :  3.65025e-08
 Reference value :  3.65175e-08
 Reference value :  3.65375e-08
 Reference value :  3.65575e-08
 Reference value :  3.65725e-08
 Reference value :  3.65875e-08
 Reference value :  3.66075e-08
 Reference value :  3.66225e-08
 Reference value :  3.66425e-08
 Reference value :  3.66575e-08
 Reference value :  3.66775e-08
 Reference value :  3.66975e-08
 Reference value :  3.67175e-08
 Reference value :  3.67325e-08
 Reference value :  3.67475e-08
 Reference value :  3.67625e-08
 Reference value :  3.67825e-08
 Reference value :  3.67975e-08
 Reference value :  3.68175e-08
 Reference value :  3.68375e-08
 Reference value :  3.68525e-08
 Reference value :  3.68775e-08
 Reference value :  3.68975e-08
 Reference value :  3.69175e-08
 Reference value :  3.69375e-08
 Reference value :  3.69525e-08
 Reference value :  3.69675e-08
 Reference value :  3.69825e-08
 Reference value :  3.69975e-08
 Reference value :  3.70125e-08
 Reference value :  3.70325e-08
 Reference value :  3.70525e-08
 Reference value :  3.70725e-08
 Reference value :  3.70875e-08
 Reference value :  3.71025e-08
 Reference value :  3.71175e-08
 Reference value :  3.71375e-08
 Reference value :  3.71575e-08
 Reference value :  3.71775e-08
 Reference value :  3.71975e-08
 Reference value :  3.72175e-08
 Reference value :  3.74225e-08
 Reference value :  3.74425e-08
 Reference value :  3.74625e-08
 Reference value :  3.74825e-08
 Reference value :  3.75075e-08
 Reference value :  3.75275e-08
 Reference value :  3.75475e-08
 Reference value :  3.75625e-08
 Reference value :  3.75775e-08
 Reference value :  3.75975e-08
 Reference value :  3.76175e-08
 Reference value :  3.76375e-08
 Reference value :  3.76575e-08
 Reference value :  3.76775e-08
 Reference value :  3.76925e-08
 Reference value :  3.77175e-08
 Reference value :  3.77425e-08
 Reference value :  3.77625e-08
 Reference value :  3.77825e-08
 Reference value :  3.78025e-08
 Reference value :  3.78225e-08
 Reference value :  3.78425e-08
 Reference value :  3.78675e-08
 Reference value :  3.78925e-08
 Reference value :  3.79125e-08
 Reference value :  3.79325e-08
 Reference value :  3.79475e-08
 Reference value :  3.79675e-08
 Reference value :  3.79975e-08
 Reference value :  3.80225e-08
 Reference value :  3.80475e-08
 Reference value :  3.80675e-08
 Reference value :  3.80875e-08
 Reference value :  3.82025e-08
 Reference value :  3.82225e-08
 Reference value :  3.82375e-08
 Reference value :  3.82525e-08
 Reference value :  3.82675e-08
 Reference value :  3.82925e-08
 Reference value :  3.83125e-08
 Reference value :  3.83325e-08
 Reference value :  3.83525e-08
 Reference value :  3.83775e-08
 Reference value :  3.83975e-08
 Reference value :  3.84175e-08
 Reference value :  3.84375e-08
 Reference value :  3.84575e-08
 Reference value :  3.84775e-08
 Reference value :  3.84975e-08
 Reference value :  3.85225e-08
 Reference value :  3.85425e-08
 Reference value :  3.85575e-08
 Reference value :  3.85775e-08
 Reference value :  3.85975e-08
 Reference value :  3.86125e-08
 Reference value :  3.86375e-08
 Reference value :  3.86525e-08
 Reference value :  3.86725e-08
 Reference value :  3.86925e-08
 Reference value :  3.87125e-08
 Reference value :  3.87325e-08
 Reference value :  3.87525e-08
 Reference value :  3.87775e-08
 Reference value :  3.87975e-08
 Reference value :  3.88175e-08
 Reference value :  3.88375e-08
 Reference value :  3.88575e-08
 Reference value :  3.88775e-08
 Reference value :  3.88975e-08
 Reference value :  3.89175e-08
 Reference value :  3.89375e-08
 Reference value :  3.89575e-08
 Reference value :  3.89775e-08
 Reference value :  3.90075e-08
 Reference value :  3.90275e-08
 Reference value :  3.90475e-08
 Reference value :  3.90725e-08
 Reference value :  3.90925e-08
 Reference value :  3.91175e-08
 Reference value :  3.91375e-08
 Reference value :  3.91625e-08
 Reference value :  3.91875e-08
 Reference value :  3.92075e-08
 Reference value :  3.92325e-08
 Reference value :  3.92475e-08
 Reference value :  3.92675e-08
 Reference value :  3.92875e-08
 Reference value :  3.93075e-08
 Reference value :  3.93225e-08
 Reference value :  3.93375e-08
 Reference value :  3.93525e-08
 Reference value :  3.93725e-08
 Reference value :  3.93975e-08
 Reference value :  3.94175e-08
 Reference value :  3.94375e-08
 Reference value :  3.94575e-08
 Reference value :  3.94775e-08
 Reference value :  3.95025e-08
 Reference value :  3.95225e-08
 Reference value :  3.95425e-08
 Reference value :  3.95625e-08
 Reference value :  3.95825e-08
 Reference value :  3.96025e-08
 Reference value :  3.96225e-08
 Reference value :  3.96425e-08
 Reference value :  3.96675e-08
 Reference value :  3.96925e-08
 Reference value :  3.97125e-08
 Reference value :  3.97325e-08
 Reference value :  3.97475e-08
 Reference value :  3.97675e-08
 Reference value :  3.97875e-08
 Reference value :  3.98075e-08
 Reference value :  3.98325e-08
 Reference value :  3.98575e-08
 Reference value :  3.98775e-08
 Reference value :  3.99025e-08
 Reference value :  3.99225e-08
 Reference value :  3.99375e-08
 Reference value :  3.99575e-08
 Reference value :  3.99725e-08
 Reference value :  3.99925e-08
 Reference value :  4.00175e-08
 Reference value :  4.00375e-08
 Reference value :  4.00625e-08
 Reference value :  4.00825e-08
 Reference value :  4.00975e-08
 Reference value :  4.01175e-08
 Reference value :  4.01375e-08
 Reference value :  4.01575e-08
 Reference value :  4.01825e-08
 Reference value :  4.02075e-08
 Reference value :  4.02275e-08
 Reference value :  4.02475e-08
 Reference value :  4.02675e-08
 Reference value :  4.02875e-08
 Reference value :  4.03075e-08
 Reference value :  4.03275e-08
 Reference value :  4.03425e-08
 Reference value :  4.03675e-08
 Reference value :  4.03875e-08
 Reference value :  4.04075e-08
 Reference value :  4.04225e-08
 Reference value :  4.04475e-08
 Reference value :  4.04675e-08
 Reference value :  4.04925e-08
 Reference value :  4.05125e-08
 Reference value :  4.05325e-08
 Reference value :  4.05525e-08
 Reference value :  4.05725e-08
 Reference value :  4.05925e-08
 Reference value :  4.06125e-08
 Reference value :  4.06375e-08
 Reference value :  4.06575e-08
 Reference value :  4.06775e-08
 Reference value :  4.06925e-08
 Reference value :  4.07125e-08
 Reference value :  4.07325e-08
 Reference value :  4.07575e-08
 Reference value :  4.07775e-08
 Reference value :  4.07975e-08
 Reference value :  4.08175e-08
 Reference value :  4.08375e-08
 Reference value :  4.08525e-08
 Reference value :  4.08675e-08
 Reference value :  4.08875e-08
 Reference value :  4.09075e-08
 Reference value :  4.09275e-08
 Reference value :  4.09425e-08
 Reference value :  4.09625e-08
 Reference value :  4.09875e-08
 Reference value :  4.10125e-08
 Reference value :  4.10375e-08
 Reference value :  4.10575e-08
 Reference value :  4.10775e-08
 Reference value :  4.10975e-08
 Reference value :  4.11175e-08
 Reference value :  4.11375e-08
 Reference value :  4.11625e-08
 Reference value :  4.11825e-08
 Reference value :  4.12075e-08
 Reference value :  4.12325e-08
 Reference value :  4.12525e-08
 Reference value :  4.12725e-08
 Reference value :  4.12925e-08
 Reference value :  4.13175e-08
 Reference value :  4.13375e-08
 Reference value :  4.13575e-08
 Reference value :  4.13825e-08
 Reference value :  4.14025e-08
 Reference value :  4.14225e-08
 Reference value :  4.14475e-08
 Reference value :  4.14675e-08
 Reference value :  4.14925e-08
 Reference value :  4.15125e-08
 Reference value :  4.15275e-08
 Reference value :  4.15475e-08
 Reference value :  4.15725e-08
 Reference value :  4.15925e-08
 Reference value :  4.16125e-08
 Reference value :  4.16325e-08
 Reference value :  4.16525e-08
 Reference value :  4.16725e-08
 Reference value :  4.16925e-08
 Reference value :  4.17075e-08
 Reference value :  4.17275e-08
 Reference value :  4.17475e-08
 Reference value :  4.17675e-08
 Reference value :  4.17875e-08
 Reference value :  4.18025e-08
 Reference value :  4.18225e-08
 Reference value :  4.18375e-08
 Reference value :  4.18575e-08
 Reference value :  4.18775e-08
 Reference value :  4.18975e-08
 Reference value :  4.19175e-08
 Reference value :  4.19375e-08
 Reference value :  4.19575e-08
 Reference value :  4.19775e-08
 Reference value :  4.19975e-08
 Reference value :  4.20225e-08
 Reference value :  4.20425e-08
 Reference value :  4.20625e-08
 Reference value :  4.20775e-08
 Reference value :  4.20925e-08
 Reference value :  4.21125e-08
 Reference value :  4.21325e-08
 Reference value :  4.21575e-08
 Reference value :  4.21775e-08
 Reference value :  4.21975e-08
 Reference value :  4.22175e-08
 Reference value :  4.22325e-08
 Reference value :  4.22525e-08
 Reference value :  4.22725e-08
 Reference value :  4.22925e-08
 Reference value :  4.23075e-08
 Reference value :  4.23225e-08
 Reference value :  4.23425e-08
 Reference value :  4.23675e-08
 Reference value :  4.23825e-08
 Reference value :  4.23975e-08
 Reference value :  4.24175e-08
 Reference value :  4.24375e-08
 Reference value :  4.24575e-08
 Reference value :  4.24775e-08
 Reference value :  4.24975e-08
 Reference value :  4.25125e-08
 Reference value :  4.25275e-08
 Reference value :  4.25475e-08
 Reference value :  4.25675e-08
 Reference value :  4.25825e-08
 Reference value :  4.25975e-08
 Reference value :  4.26125e-08
 Reference value :  4.26325e-08
 Reference value :  4.26475e-08
 Reference value :  4.26675e-08
 Reference value :  4.26825e-08
 Reference value :  4.27025e-08
 Reference value :  4.27175e-08
 Reference value :  4.27375e-08
 Reference value :  4.27575e-08
 Reference value :  4.27725e-08
 Reference value :  4.27925e-08
 Reference value :  4.28125e-08
 Reference value :  4.28325e-08
 Reference value :  4.28575e-08
 Reference value :  4.28775e-08
 Reference value :  4.28925e-08
 Reference value :  4.29075e-08
 Reference value :  4.29225e-08
 Reference value :  4.29425e-08
 Reference value :  4.29625e-08
 Reference value :  4.29875e-08
 Reference value :  4.30025e-08
 Reference value :  4.30175e-08
 Reference value :  4.30375e-08
 Reference value :  4.30575e-08
 Reference value :  4.30775e-08
 Reference value :  4.30975e-08
 Reference value :  4.31175e-08
 Reference value :  4.31375e-08
 Reference value :  4.31575e-08
 Reference value :  4.31775e-08
 Reference value :  4.31975e-08
 Reference value :  4.32125e-08
 Reference value :  4.32325e-08
 Reference value :  4.32525e-08
 Reference value :  4.32725e-08
 Reference value :  4.33275e-08
 Reference value :  4.33475e-08
 Reference value :  4.33675e-08
 Reference value :  4.33875e-08
 Reference value :  4.34075e-08
 Reference value :  4.34275e-08
 Reference value :  4.34475e-08
 Reference value :  4.34625e-08
 Reference value :  4.34825e-08
 Reference value :  4.35025e-08
 Reference value :  4.35175e-08
 Reference value :  4.35325e-08
 Reference value :  4.35475e-08
 Reference value :  4.35625e-08
 Reference value :  4.35775e-08
 Reference value :  4.35975e-08
 Reference value :  4.36175e-08
 Reference value :  4.36425e-08
 Reference value :  4.36575e-08
 Reference value :  4.36775e-08
 Reference value :  4.36975e-08
 Reference value :  4.37125e-08
 Reference value :  4.37325e-08
 Reference value :  4.37475e-08
 Reference value :  4.37675e-08
 Reference value :  4.37875e-08
 Reference value :  4.38075e-08
 Reference value :  4.38225e-08
 Reference value :  4.44075e-08
No. of Data Rows : 9034
Note: Simulation executed from .control section 
